layer at (0,0) size 785x1352
  RenderView at (0,0) size 785x600
layer at (8,8) size 769x1336
  RenderBlock {HTML} at (8,8) size 769x1336 [bgcolor=#008000] [border: (16px solid #00FF00)]
    RenderTable at (16,16) size 737x1304
      RenderTableSection (anonymous) at (0,0) size 737x1304
        RenderTableRow (anonymous) at (0,0) size 737x1304
          RenderTableCell {HEAD} at (0,0) size 187x598 [color=#FFFFFF] [bgcolor=#FF0000] [border: (5px solid #FFFFFF)] [r=0 c=0 rs=1 cs=1]
            RenderBlock {META} at (21,37) size 145x2 [border: (1px dotted #FFFFFF)]
            RenderBlock {META} at (21,55) size 145x2 [border: (1px dotted #FFFFFF)]
            RenderBlock {META} at (21,73) size 145x2 [border: (1px dotted #FFFFFF)]
            RenderBlock {META} at (21,91) size 145x2 [border: (1px dotted #FFFFFF)]
            RenderBlock {TITLE} at (21,109) size 145x56 [border: (1px dotted #FFFFFF)]
              RenderText {#text} at (1,1) size 141x53
                text run at (1,1) width 140: "Evil Tests: Rendering"
                text run at (1,19) width 139: "BODY and HEAD as"
                text run at (1,37) width 141: "children of HTML - 2"
            RenderBlock {STYLE} at (21,181) size 145x380 [border: (1px dotted #FFFFFF)]
              RenderText {#text} at (1,1) size 142x377
                text run at (1,1) width 83: "/* Layout */ "
                text run at (83,1) width 58: "HTML {"
                text run at (1,19) width 95: "display: block;"
                text run at (1,37) width 111: "border: 1em lime"
                text run at (1,55) width 134: "solid; margin: 8px; }"
                text run at (1,73) width 110: "HEAD, BODY {"
                text run at (1,91) width 119: "display: table-cell;"
                text run at (1,109) width 122: "border: solid thick;"
                text run at (1,127) width 92: "padding: 1em;"
                text run at (1,145) width 98: "margin: 1em; }"
                text run at (1,163) width 136: "HEAD > *, BODY >"
                text run at (1,181) width 119: "* { display: block;"
                text run at (1,199) width 124: "border: thin dotted;"
                text run at (1,217) width 114: "margin: 1em 0; } "
                text run at (114,217) width 13: "/*"
                text run at (1,235) width 92: "Formatting */ "
                text run at (92,235) width 46: "HTML"
                text run at (1,253) width 93: "{ color: black;"
                text run at (1,271) width 136: "background: green; }"
                text run at (1,289) width 142: "HEAD { color: white;"
                text run at (1,307) width 121: "background: red; }"
                text run at (1,325) width 99: "BODY { color:"
                text run at (1,343) width 132: "yellow; background:"
                text run at (1,361) width 40: "teal; }"
          RenderTableCell {BODY} at (187,41) size 550x1263 [color=#FFFF00] [bgcolor=#008080] [border: (5px solid #FFFF00)] [r=0 c=1 rs=1 cs=1]
            RenderBlock {H1} at (21,53) size 508x76 [border: (1px dotted #FFFF00)]
              RenderText {#text} at (1,1) size 152x36
                text run at (1,1) width 152: "Rendering "
              RenderInline {CODE} at (0,0) size 63x30
                RenderText {#text} at (153,8) size 63x30
                  text run at (153,8) width 63: "BODY"
              RenderText {#text} at (215,1) size 69x36
                text run at (215,1) width 69: " and "
              RenderInline {CODE} at (0,0) size 63x30
                RenderText {#text} at (283,8) size 63x30
                  text run at (283,8) width 63: "HEAD"
              RenderText {#text} at (345,1) size 503x73
                text run at (345,1) width 159: " as children"
                text run at (1,38) width 35: "of "
              RenderInline {CODE} at (0,0) size 64x30
                RenderText {#text} at (35,45) size 64x30
                  text run at (35,45) width 64: "HTML"
              RenderText {#text} at (98,38) size 43x36
                text run at (98,38) width 43: " - 2"
            RenderBlock {P} at (21,161) size 508x38 [border: (1px dotted #FFFF00)]
              RenderText {#text} at (1,1) size 393x17
                text run at (1,1) width 393: "If you have any comments to make regarding this test, e-mail"
              RenderInline {A} at (0,0) size 186x17 [color=#0000EE]
                RenderText {#text} at (1,19) size 186x17
                  text run at (1,19) width 186: "py8ieh=eviltests@bath.ac.uk"
              RenderText {#text} at (186,19) size 5x17
                text run at (186,19) width 5: "."
            RenderBlock {DL} at (21,215) size 508x74 [border: (1px dotted #FFFF00)]
              RenderBlock {DT} at (1,1) size 506x18
                RenderText {#text} at (0,0) size 83x17
                  text run at (0,0) width 83: "Prerequisites"
              RenderBlock {DD} at (41,19) size 466x54
                RenderText {#text} at (0,0) size 452x53
                  text run at (0,0) width 392: "Browsers that are subjected to this test should support the the"
                  text run at (0,18) width 452: "background, padding, margin, border and color properties of CSS, and"
                  text run at (0,36) width 97: "in addition the "
                RenderInline {CODE} at (0,0) size 63x15
                  RenderText {#text} at (96,39) size 63x15
                    text run at (96,39) width 63: "overflow"
                RenderText {#text} at (158,36) size 292x17
                  text run at (158,36) width 292: " property and fixed position stuff from CSS2."
            RenderBlock {H2} at (21,313) size 508x29 [border: (1px dotted #FFFF00)]
              RenderText {#text} at (1,1) size 497x26
                text run at (1,1) width 497: "1. Making the BODY and the HEAD into a table"
            RenderBlock {P} at (21,366) size 508x20 [border: (1px dotted #FFFF00)]
              RenderText {#text} at (1,1) size 264x17
                text run at (1,1) width 264: "This is really evil, but completely valid..."
            RenderBlock {P} at (21,402) size 508x92 [border: (1px dotted #FFFF00)]
              RenderText {#text} at (1,1) size 495x89
                text run at (1,1) width 487: "This document should have two cells, side by side: one on the left, the other"
                text run at (1,19) width 490: "on the right. The one on the left should be red with white writing and a thick"
                text run at (1,37) width 473: "white border. It should contain four dotted lines separated by a blank line,"
                text run at (1,55) width 495: "followed by a dotted bordered box containing the document title, and another"
                text run at (1,73) width 419: "dotted bordered box containing the stylesheet, also shown below:"
            RenderBlock {PRE} at (21,510) size 508x17 [border: (1px dotted #FFFF00)]
              RenderText {#text} at (1,1) size 40x15
                text run at (1,1) width 40: "  ..."
                text run at (40,1) width 1: " "
            RenderBlock {P} at (21,543) size 508x20 [border: (1px dotted #FFFF00)]
              RenderText {#text} at (1,1) size 463x17
                text run at (1,1) width 463: "The dotted borders and lines and the text in the left cell should be white."
            RenderBlock {P} at (21,579) size 508x38 [border: (1px dotted #FFFF00)]
              RenderText {#text} at (1,1) size 499x35
                text run at (1,1) width 499: "The right cell should be teal, with yellow text. This paragraph you are reading"
                text run at (1,19) width 203: "now should be in this right cell."
            RenderBlock {P} at (21,633) size 508x20 [border: (1px dotted #FFFF00)]
              RenderText {#text} at (1,1) size 454x17
                text run at (1,1) width 454: "The width of the two cells is left up to the user agent to decide, I think."
            RenderBlock {P} at (21,669) size 508x74 [border: (1px dotted #FFFF00)]
              RenderText {#text} at (1,1) size 488x71
                text run at (1,1) width 488: "The right cell should look similar to the left cell in formatting -- each box of"
                text run at (1,19) width 465: "text should have a yellow dotted border, and there should be a blank line"
                text run at (1,37) width 485: "between each such box. No box should be nested -- the dotted boxes should"
                text run at (1,55) width 224: "always be distinct from each other."
            RenderBlock {P} at (21,759) size 508x38 [border: (1px dotted #FFFF00)]
              RenderText {#text} at (1,1) size 498x35
                text run at (1,1) width 498: "The cells should be the same height, and they should have grown vertically to"
                text run at (1,19) width 148: "accommodate this text."
            RenderBlock {P} at (21,813) size 508x56 [border: (1px dotted #FFFF00)]
              RenderText {#text} at (1,1) size 502x53
                text run at (1,1) width 479: "Around the whole setup should be two borders, dark green and light green."
                text run at (1,19) width 502: "The cells should be separated from each other and from these outer borders by"
                text run at (1,37) width 121: "1em of dark green."
            RenderBlock {P} at (21,885) size 508x38 [border: (1px dotted #FFFF00)]
              RenderText {#text} at (1,1) size 496x35
                text run at (1,1) width 496: "There should also be some alternate stylesheets set up to allow you to display"
                text run at (1,19) width 339: "the <META> content. This may help with diagnosis."
            RenderBlock {H2} at (21,947) size 508x29 [border: (1px dotted #FFFF00)]
              RenderText {#text} at (1,1) size 156x26
                text run at (1,1) width 156: "Submit Results"
            RenderBlock {FORM} at (21,1000) size 508x100 [border: (1px dotted #FFFF00)]
              RenderBlock {P} at (1,17) size 506x66
                RenderText {#text} at (0,0) size 263x17
                  text run at (0,0) width 263: "How does your browser fare on this test?"
                RenderMenuList {SELECT} at (2,20) size 502x19 [color=#000000] [bgcolor=#FFFFFF] [border: (1px solid #A9A9A9)]
                  RenderBlock (anonymous) at (1,1) size 500x17
                    RenderText at (4,1) size 238x15
                      text run at (4,1) width 238: "Document renders exactly as described."
                RenderText {#text} at (0,0) size 0x0
                RenderInline {LABEL} at (0,0) size 220x17
                  RenderText {#text} at (0,44) size 72x17
                    text run at (0,44) width 72: "Comment: "
                  RenderTextControl {INPUT} at (73.55,43) size 144x21 [color=#000000] [bgcolor=#FFFFFF] [border: (2px inset #EEEEEE)]
                RenderText {#text} at (219,44) size 5x17
                  text run at (219,44) width 5: " "
                RenderButton {INPUT} at (225.55,43) size 57.50x21 [color=#000000] [bgcolor=#C0C0C0] [border: (2px outset #C0C0C0)]
                  RenderBlock (anonymous) at (8,3) size 41.50x15
                    RenderText {#text} at (0,0) size 42x15
                      text run at (0,0) width 42: "Submit"
                RenderText {#text} at (0,0) size 0x0
            RenderBlock {HR} at (21,1116) size 508x2 [border: (1px dotted #FFFF00)]
            RenderBlock {P} at (21,1134) size 508x20 [border: (1px dotted #FFFF00)]
              RenderInline {A} at (0,0) size 164x17 [color=#0000EE]
                RenderText {#text} at (1,1) size 164x17
                  text run at (1,1) width 164: "Up to the Evil Tests Page"
              RenderText {#text} at (164,1) size 5x17
                text run at (164,1) width 5: "."
            RenderBlock {P} at (21,1170) size 508x20 [border: (1px dotted #FFFF00)]
              RenderText {#text} at (1,1) size 177x17
                text run at (1,1) width 177: "This page is maintained by "
              RenderInline {A} at (0,0) size 79x17 [color=#0000EE]
                RenderText {#text} at (177,1) size 79x17
                  text run at (177,1) width 79: "Ian Hickson"
              RenderText {#text} at (255,1) size 10x17
                text run at (255,1) width 10: " ("
              RenderInline {A} at (0,0) size 125x17 [color=#0000EE]
                RenderText {#text} at (264,1) size 125x17
                  text run at (264,1) width 125: "py8ieh@bath.ac.uk"
              RenderText {#text} at (388,1) size 10x17
                text run at (388,1) width 10: ")."
            RenderBlock {P} at (21,1206) size 508x20 [border: (1px dotted #FFFF00)]
              RenderText {#text} at (1,1) size 172x17
                text run at (1,1) width 172: "Last updated in June 1999."
layer at (309,1128) size 140x15
  RenderBlock {DIV} at (2,3) size 140x15
