layer at (0,0) size 800x600
  RenderView at (0,0) size 800x600
layer at (0,0) size 800x600
  RenderBlock {HTML} at (0,0) size 800x600
    RenderBody {BODY} at (8,8) size 784x576
      RenderBlock {FORM} at (0,0) size 784x85
        RenderTable {TABLE} at (0,0) size 294x85 [border: (1px outset #808080)]
          RenderTableSection {TBODY} at (1,1) size 292x83
            RenderTableRow {TR} at (0,2) size 292x79
              RenderTableCell {TD} at (2,2) size 288x79 [border: (1px inset #808080)] [r=0 c=0 rs=1 cs=1]
                RenderTable {TABLE} at (2,2) size 284x75 [border: (2px outset #808080)]
                  RenderTableSection {TBODY} at (2,2) size 280x71
                    RenderTableRow {TR} at (0,2) size 280x40
                      RenderTableCell {TD} at (2,2) size 80x40 [border: (1px inset #808080)] [r=0 c=0 rs=1 cs=1]
                        RenderText {#text} at (2,2) size 57x35
                          text run at (2,2) width 55: "Member"
                          text run at (2,20) width 57: "Number:"
                      RenderTableCell {TD} at (84,9) size 188x25 [border: (1px inset #808080)] [r=0 c=1 rs=1 cs=1]
                        RenderTextControl {INPUT} at (2,2) size 144x21 [bgcolor=#FFFFFF] [border: (2px inset #EEEEEE)]
                        RenderText {#text} at (0,0) size 0x0
                    RenderTableRow {TR} at (0,44) size 280x25
                      RenderTableCell {TD} at (2,45) size 80x22 [border: (1px inset #808080)] [r=1 c=0 rs=1 cs=1]
                        RenderText {#text} at (2,2) size 31x17
                          text run at (2,2) width 31: "PIN:"
                      RenderTableCell {TD} at (84,44) size 188x25 [border: (1px inset #808080)] [r=1 c=1 rs=1 cs=1]
                        RenderTextControl {INPUT} at (2,2) size 144x21 [bgcolor=#FFFFFF] [border: (2px inset #EEEEEE)]
                        RenderText {#text} at (0,0) size 0x0
                      RenderTableCell {TD} at (274,54) size 4x4 [border: (1px inset #808080)] [r=1 c=2 rs=1 cs=1]
layer at (103,29) size 140x15
  RenderBlock {DIV} at (2,3) size 140x15
layer at (103,64) size 140x15
  RenderBlock {DIV} at (2,3) size 140x15
