layer at (0,0) size 800x600
  RenderView at (0,0) size 800x600
layer at (0,0) size 800x600
  RenderBlock {HTML} at (0,0) size 800x600
    RenderBody {BODY} at (8,8) size 784x576
      RenderBlock (anonymous) at (0,0) size 784x18
        RenderText {#text} at (0,0) size 612x17
          text run at (0,0) width 289: "Random tests of some bizarre combinations. "
          text run at (288,0) width 324: "H2 should allow a form inside it, but p should not."
        RenderText {#text} at (0,0) size 0x0
      RenderBlock {FORM} at (0,18) size 784x23
        RenderMenuList {SELECT} at (2,2) size 34x19 [bgcolor=#FFFFFF] [border: (1px solid #A9A9A9)]
          RenderBlock (anonymous) at (1,1) size 32x17
            RenderText at (4,1) size 9x15
              text run at (4,1) width 9: "A"
        RenderText {#text} at (0,0) size 0x0
      RenderBlock {P} at (0,57) size 784x0
layer at (470,46) size 42x51
  RenderBlock (positioned) {H2} at (470,45.91) size 42x51 [border: (2px solid #008000)]
    RenderBlock {FORM} at (2,2) size 38x23
      RenderMenuList {SELECT} at (2,2) size 34x19 [bgcolor=#FFFFFF] [border: (1px solid #A9A9A9)]
        RenderBlock (anonymous) at (1,1) size 32x17
          RenderText at (4,1) size 9x15
            text run at (4,1) width 9: "A"
      RenderText {#text} at (0,0) size 0x0
layer at (470,42) size 4x4
  RenderBlock (positioned) {P} at (470,42) size 4x4 [border: (2px solid #008000)]
