layer at (0,0) size 800x600
  RenderView at (0,0) size 800x600
layer at (0,0) size 800x167
  RenderBlock {html} at (0,0) size 800x166.88
    RenderBody {body} at (8,16) size 784x134.88
      RenderBlock {parsererror} at (16,0) size 752x134.88 [bgcolor=#FFDDDD] [border: (2px solid #CC7777)]
        RenderBlock {h3} at (18,20.72) size 716x21
          RenderText {#text} at (0,0) size 318x20
            text run at (0,0) width 318: "This page contains the following errors:"
        RenderBlock {div} at (18,60.44) size 716x14
          RenderText {#text} at (0,0) size 497x14
            text run at (0,0) width 497: "error on line 1 at column 1: Extra content at the end of the document"
            text run at (496,0) width 1: " "
        RenderBlock {h3} at (18,93.16) size 716x21
          RenderText {#text} at (0,0) size 421x20
            text run at (0,0) width 421: "Below is a rendering of the page up to the first error."
