layer at (0,0) size 800x600
  RenderView at (0,0) size 800x600
layer at (0,0) size 800x600
  RenderBlock {HTML} at (0,0) size 800x600
    RenderBody {BODY} at (8,8) size 784x573.28
      RenderBlock (anonymous) at (0,0) size 784x18
        RenderText {#text} at (0,0) size 574x17
          text run at (0,0) width 574: "In this sample, the H3s should be nested. This matches Firefox, IE, and the HTML5 spec."
      RenderBlock {H3} at (0,36.72) size 784x293.97 [border: (2px solid #FF0000)]
        RenderBlock (anonymous) at (4,4) size 776x21
          RenderInline {I} at (0,0) size 33x20
            RenderText {#text} at (0,0) size 33x20
              text run at (0,0) width 33: "One"
        RenderBlock (anonymous) at (4,46.89) size 776x221.19
          RenderBlock {H3} at (0,0) size 776x221.19 [border: (2px solid #FF0000)]
            RenderBlock (anonymous) at (4,4) size 768x25
              RenderInline {I} at (0,0) size 39x24
                RenderText {#text} at (0,0) size 39x24
                  text run at (0,0) width 39: "Two"
            RenderBlock (anonymous) at (4,54.63) size 768x136.94
              RenderBlock {H3} at (0,0) size 768x136.94 [border: (2px solid #FF0000)]
                RenderBlock (anonymous) at (4,4) size 760x28
                  RenderInline {I} at (0,0) size 63x27
                    RenderText {#text} at (0,0) size 63x27
                      text run at (0,0) width 63: "Three"
                RenderBlock (anonymous) at (4,61.97) size 760x41
                  RenderBlock {H3} at (0,0) size 760x41 [border: (2px solid #FF0000)]
                    RenderInline {I} at (0,0) size 64x32
                      RenderText {#text} at (4,4) size 64x32
                        text run at (4,4) width 64: "Four"
                RenderBlock (anonymous) at (4,132.94) size 760x0
                  RenderInline {I} at (0,0) size 0x0
            RenderBlock (anonymous) at (4,217.19) size 768x0
              RenderInline {I} at (0,0) size 0x0
        RenderBlock (anonymous) at (4,289.97) size 776x0
          RenderInline {I} at (0,0) size 0x0
