layer at (0,0) size 800x600
  RenderView at (0,0) size 800x600
layer at (0,0) size 800x294
  RenderBlock {HTML} at (0,0) size 800x294
    RenderBody {BODY} at (8,8) size 784x278
      RenderBlock (anonymous) at (0,0) size 784x72
        RenderText {#text} at (0,0) size 538x18
          text run at (0,0) width 538: "Tests for basic button rendering. Creates a table with seven columns and seven rows. "
        RenderBR {BR} at (538,0) size 0x18
        RenderText {#text} at (0,18) size 511x18
          text run at (0,18) width 511: "Creates two different types of buttons, one with an image (a red dot) and another "
        RenderBR {BR} at (511,18) size 0x18
        RenderText {#text} at (0,36) size 649x18
          text run at (0,36) width 649: "with text (\"foo\") and then uses six different paddings to make sure each of the buttons render properly. "
        RenderBR {BR} at (649,36) size 0x18
        RenderBR {BR} at (0,54) size 0x18
      RenderTable {TABLE} at (0,72) size 684x206
        RenderTableSection {TBODY} at (0,0) size 684x206
          RenderTableRow {TR} at (0,0) size 684x20
            RenderTableCell {TD} at (0,0) size 169x20 [r=0 c=0 rs=1 cs=1]
              RenderText {#text} at (1,1) size 42x18
                text run at (1,1) width 42: "styling"
            RenderTableCell {TD} at (169,0) size 60x20 [r=0 c=1 rs=1 cs=1]
              RenderText {#text} at (1,1) size 58x18
                text run at (1,1) width 58: "<button>"
            RenderTableCell {TD} at (229,0) size 157x20 [r=0 c=2 rs=1 cs=1]
              RenderText {#text} at (1,1) size 155x18
                text run at (1,1) width 155: "(offsetH,W) (clientH,W)"
            RenderTableCell {TD} at (386,0) size 132x20 [r=0 c=3 rs=1 cs=1]
              RenderText {#text} at (1,1) size 130x18
                text run at (1,1) width 130: "<input type=button>"
            RenderTableCell {TD} at (518,0) size 166x20 [r=0 c=4 rs=1 cs=1]
              RenderText {#text} at (1,1) size 164x18
                text run at (1,1) width 164: "(offsetH,W) (clientH, -W)"
          RenderTableRow {TR} at (0,20) size 684x21
            RenderTableCell {TD} at (0,20) size 169x20 [r=1 c=0 rs=1 cs=1]
              RenderText {#text} at (1,1) size 53x18
                text run at (1,1) width 53: "(default)"
            RenderTableCell {TD} at (169,20) size 60x21 [r=1 c=1 rs=1 cs=1]
              RenderButton {BUTTON} at (1,2) size 26x18 [bgcolor=#C0C0C0] [border: none (2px outset #C0C0C0) none (2px outset #C0C0C0)]
                RenderBlock (anonymous) at (8,2) size 10x13
                  RenderImage {IMG} at (0,1) size 10x10
            RenderTableCell {TD} at (229,20) size 157x20 [r=1 c=2 rs=1 cs=1]
              RenderText {#text} at (1,1) size 104x18
                text run at (1,1) width 104: "(18, 26) (18, 22)"
            RenderTableCell {TD} at (386,20) size 132x21 [r=1 c=3 rs=1 cs=1]
              RenderButton {INPUT} at (1,2) size 33.56x18 [bgcolor=#C0C0C0]
                RenderBlock (anonymous) at (8,2.50) size 17.56x13
                  RenderText {#text} at (0,0) size 18x13
                    text run at (0,0) width 18: "foo"
            RenderTableCell {TD} at (518,20) size 166x20 [r=1 c=4 rs=1 cs=1]
              RenderText {#text} at (1,1) size 104x18
                text run at (1,1) width 104: "(18, 34) (18, 34)"
          RenderTableRow {TR} at (0,41) size 684x21
            RenderTableCell {TD} at (0,41) size 169x20 [r=2 c=0 rs=1 cs=1]
              RenderText {#text} at (1,1) size 67x18
                text run at (1,1) width 67: "padding: 0"
            RenderTableCell {TD} at (169,41) size 60x20 [r=2 c=1 rs=1 cs=1]
              RenderButton {BUTTON} at (1,3) size 14x15 [bgcolor=#C0C0C0] [border: none (2px outset #C0C0C0) none (2px outset #C0C0C0)]
                RenderBlock (anonymous) at (2,1) size 10x13
                  RenderImage {IMG} at (0,1) size 10x10
            RenderTableCell {TD} at (229,41) size 157x20 [r=2 c=2 rs=1 cs=1]
              RenderText {#text} at (1,1) size 104x18
                text run at (1,1) width 104: "(15, 14) (15, 10)"
            RenderTableCell {TD} at (386,41) size 132x21 [r=2 c=3 rs=1 cs=1]
              RenderButton {INPUT} at (1,2) size 33.56x18 [bgcolor=#C0C0C0]
                RenderBlock (anonymous) at (8,2.50) size 17.56x13
                  RenderText {#text} at (0,0) size 18x13
                    text run at (0,0) width 18: "foo"
            RenderTableCell {TD} at (518,41) size 166x20 [r=2 c=4 rs=1 cs=1]
              RenderText {#text} at (1,1) size 104x18
                text run at (1,1) width 104: "(18, 34) (18, 34)"
          RenderTableRow {TR} at (0,62) size 684x26
            RenderTableCell {TD} at (0,65) size 169x20 [r=3 c=0 rs=1 cs=1]
              RenderText {#text} at (1,1) size 88x18
                text run at (1,1) width 88: "padding: 10%"
            RenderTableCell {TD} at (169,62) size 60x26 [r=3 c=1 rs=1 cs=1]
              RenderButton {BUTTON} at (1,1) size 25.59x24.59 [bgcolor=#C0C0C0] [border: none (2px outset #C0C0C0) none (2px outset #C0C0C0)]
                RenderBlock (anonymous) at (7.80,5.80) size 10x13
                  RenderImage {IMG} at (0,1) size 10x10
            RenderTableCell {TD} at (229,65) size 157x20 [r=3 c=2 rs=1 cs=1]
              RenderText {#text} at (1,1) size 104x18
                text run at (1,1) width 104: "(25, 26) (25, 22)"
            RenderTableCell {TD} at (386,64) size 132x21 [r=3 c=3 rs=1 cs=1]
              RenderButton {INPUT} at (1,2) size 33.56x18 [bgcolor=#C0C0C0]
                RenderBlock (anonymous) at (8,2.50) size 17.56x13
                  RenderText {#text} at (0,0) size 18x13
                    text run at (0,0) width 18: "foo"
            RenderTableCell {TD} at (518,65) size 166x20 [r=3 c=4 rs=1 cs=1]
              RenderText {#text} at (1,1) size 104x18
                text run at (1,1) width 104: "(18, 34) (18, 34)"
          RenderTableRow {TR} at (0,88) size 684x21
            RenderTableCell {TD} at (0,88) size 169x20 [r=4 c=0 rs=1 cs=1]
              RenderText {#text} at (1,1) size 83x18
                text run at (1,1) width 83: "padding: 2px"
            RenderTableCell {TD} at (169,88) size 60x20 [r=4 c=1 rs=1 cs=1]
              RenderButton {BUTTON} at (1,2) size 18x17 [bgcolor=#C0C0C0] [border: none (2px outset #C0C0C0) none (2px outset #C0C0C0)]
                RenderBlock (anonymous) at (4,2) size 10x13
                  RenderImage {IMG} at (0,1) size 10x10
            RenderTableCell {TD} at (229,88) size 157x20 [r=4 c=2 rs=1 cs=1]
              RenderText {#text} at (1,1) size 104x18
                text run at (1,1) width 104: "(17, 18) (17, 14)"
            RenderTableCell {TD} at (386,88) size 132x21 [r=4 c=3 rs=1 cs=1]
              RenderButton {INPUT} at (1,2) size 33.56x18 [bgcolor=#C0C0C0]
                RenderBlock (anonymous) at (8,2.50) size 17.56x13
                  RenderText {#text} at (0,0) size 18x13
                    text run at (0,0) width 18: "foo"
            RenderTableCell {TD} at (518,88) size 166x20 [r=4 c=4 rs=1 cs=1]
              RenderText {#text} at (1,1) size 104x18
                text run at (1,1) width 104: "(18, 34) (18, 34)"
          RenderTableRow {TR} at (0,109) size 684x21
            RenderTableCell {TD} at (0,109) size 169x20 [r=5 c=0 rs=1 cs=1]
              RenderText {#text} at (1,1) size 167x18
                text run at (1,1) width 167: "padding: 2px 6px 3px 6px"
            RenderTableCell {TD} at (169,109) size 60x21 [r=5 c=1 rs=1 cs=1]
              RenderButton {BUTTON} at (1,2) size 26x18 [bgcolor=#C0C0C0] [border: none (2px outset #C0C0C0) none (2px outset #C0C0C0)]
                RenderBlock (anonymous) at (8,2) size 10x13
                  RenderImage {IMG} at (0,1) size 10x10
            RenderTableCell {TD} at (229,109) size 157x20 [r=5 c=2 rs=1 cs=1]
              RenderText {#text} at (1,1) size 104x18
                text run at (1,1) width 104: "(18, 26) (18, 22)"
            RenderTableCell {TD} at (386,109) size 132x21 [r=5 c=3 rs=1 cs=1]
              RenderButton {INPUT} at (1,2) size 33.56x18 [bgcolor=#C0C0C0]
                RenderBlock (anonymous) at (8,2.50) size 17.56x13
                  RenderText {#text} at (0,0) size 18x13
                    text run at (0,0) width 18: "foo"
            RenderTableCell {TD} at (518,109) size 166x20 [r=5 c=4 rs=1 cs=1]
              RenderText {#text} at (1,1) size 104x18
                text run at (1,1) width 104: "(18, 34) (18, 34)"
          RenderTableRow {TR} at (0,130) size 684x21
            RenderTableCell {TD} at (0,130) size 169x20 [r=6 c=0 rs=1 cs=1]
              RenderText {#text} at (1,1) size 111x18
                text run at (1,1) width 111: "padding: 3px 7px"
            RenderTableCell {TD} at (169,130) size 60x21 [r=6 c=1 rs=1 cs=1]
              RenderButton {BUTTON} at (1,1) size 28x19 [bgcolor=#C0C0C0] [border: none (2px outset #C0C0C0) none (2px outset #C0C0C0)]
                RenderBlock (anonymous) at (9,3) size 10x13
                  RenderImage {IMG} at (0,1) size 10x10
            RenderTableCell {TD} at (229,130) size 157x20 [r=6 c=2 rs=1 cs=1]
              RenderText {#text} at (1,1) size 104x18
                text run at (1,1) width 104: "(19, 28) (19, 24)"
            RenderTableCell {TD} at (386,130) size 132x21 [r=6 c=3 rs=1 cs=1]
              RenderButton {INPUT} at (1,2) size 33.56x18 [bgcolor=#C0C0C0]
                RenderBlock (anonymous) at (8,2.50) size 17.56x13
                  RenderText {#text} at (0,0) size 18x13
                    text run at (0,0) width 18: "foo"
            RenderTableCell {TD} at (518,130) size 166x20 [r=6 c=4 rs=1 cs=1]
              RenderText {#text} at (1,1) size 104x18
                text run at (1,1) width 104: "(18, 34) (18, 34)"
          RenderTableRow {TR} at (0,151) size 684x55
            RenderTableCell {TD} at (0,168) size 169x20 [r=7 c=0 rs=1 cs=1]
              RenderText {#text} at (1,1) size 91x18
                text run at (1,1) width 91: "padding: 20px"
            RenderTableCell {TD} at (169,151) size 60x55 [r=7 c=1 rs=1 cs=1]
              RenderButton {BUTTON} at (1,1) size 54x53 [bgcolor=#C0C0C0] [border: none (2px outset #C0C0C0) none (2px outset #C0C0C0)]
                RenderBlock (anonymous) at (22,20) size 10x13
                  RenderImage {IMG} at (0,1) size 10x10
            RenderTableCell {TD} at (229,168) size 157x20 [r=7 c=2 rs=1 cs=1]
              RenderText {#text} at (1,1) size 104x18
                text run at (1,1) width 104: "(53, 54) (53, 50)"
            RenderTableCell {TD} at (386,168) size 132x21 [r=7 c=3 rs=1 cs=1]
              RenderButton {INPUT} at (1,2) size 33.56x18 [bgcolor=#C0C0C0]
                RenderBlock (anonymous) at (8,2.50) size 17.56x13
                  RenderText {#text} at (0,0) size 18x13
                    text run at (0,0) width 18: "foo"
            RenderTableCell {TD} at (518,168) size 166x20 [r=7 c=4 rs=1 cs=1]
              RenderText {#text} at (1,1) size 104x18
                text run at (1,1) width 104: "(18, 34) (18, 34)"
