layer at (0,0) size 800x600
  RenderView at (0,0) size 800x600
layer at (0,0) size 800x446
  RenderBlock {HTML} at (0,0) size 800x446
    RenderBody {BODY} at (8,8) size 784x430
      RenderBlock {DIV} at (0,0) size 784x430 [border: (1px solid #FF0000)]
        RenderText {#text} at (1,0) size 164x18
          text run at (1,0) width 164: "Whitespace in option text:"
        RenderMenuList {SELECT} at (165,1) size 56x18 [bgcolor=#F8F8F8]
          RenderBlock (anonymous) at (0,0) size 56x18
            RenderText at (8,2) size 25x13
              text run at (8,2) width 25: "f o o"
        RenderText {#text} at (221,0) size 7x18
          text run at (221,0) width 7: "a"
        RenderMenuList {SELECT} at (228,1) size 56x18 [bgcolor=#F8F8F8]
          RenderBlock (anonymous) at (0,0) size 56x18
            RenderText at (8,2) size 25x13
              text run at (8,2) width 25: "f o o"
        RenderText {#text} at (284,0) size 8x18
          text run at (284,0) width 8: "b"
        RenderBR {BR} at (292,0) size 0x18
        RenderBR {BR} at (1,18) size 0x18
        RenderText {#text} at (1,34) size 135x18
          text run at (1,34) width 135: "Simple select control:"
        RenderMenuList {SELECT} at (136,35) size 49x18 [bgcolor=#F8F8F8]
          RenderBlock (anonymous) at (0,0) size 49x18
            RenderText at (8,2) size 18x13
              text run at (8,2) width 18: "foo"
        RenderText {#text} at (185,34) size 7x18
          text run at (185,34) width 7: "a"
        RenderMenuList {SELECT} at (192,35) size 49x18 [color=#808080] [bgcolor=#F8F8F8]
          RenderBlock (anonymous) at (0,0) size 49x18
            RenderText at (8,2) size 18x13
              text run at (8,2) width 18: "foo"
        RenderText {#text} at (241,34) size 8x18
          text run at (241,34) width 8: "b"
        RenderBR {BR} at (249,34) size 0x18
        RenderBR {BR} at (1,52) size 0x18
        RenderText {#text} at (1,68) size 194x18
          text run at (1,68) width 194: "Line-height should be ignored:"
        RenderMenuList {SELECT} at (195,69) size 49x18 [bgcolor=#F8F8F8]
          RenderBlock (anonymous) at (0,0) size 49x18
            RenderText at (8,2) size 18x13
              text run at (8,2) width 18: "foo"
        RenderText {#text} at (244,68) size 7x18
          text run at (244,68) width 7: "a"
        RenderMenuList {SELECT} at (251,69) size 49x18 [color=#808080] [bgcolor=#F8F8F8]
          RenderBlock (anonymous) at (0,0) size 49x18
            RenderText at (8,2) size 18x13
              text run at (8,2) width 18: "bar"
        RenderText {#text} at (300,68) size 8x18
          text run at (300,68) width 8: "b"
        RenderBR {BR} at (308,68) size 0x18
        RenderBR {BR} at (1,86) size 0x18
        RenderText {#text} at (1,102) size 434x18
          text run at (1,102) width 434: "Padding should be respected, the arrow button shouldn't change size:"
        RenderMenuList {SELECT} at (435,103) size 49x18 [bgcolor=#F8F8F8]
          RenderBlock (anonymous) at (0,0) size 49x18
            RenderText at (8,2) size 18x13
              text run at (8,2) width 18: "foo"
        RenderText {#text} at (484,102) size 7x18
          text run at (484,102) width 7: "a"
        RenderMenuList {SELECT} at (491,103) size 49x18 [color=#808080] [bgcolor=#F8F8F8]
          RenderBlock (anonymous) at (0,0) size 49x18
            RenderText at (8,2) size 18x13
              text run at (8,2) width 18: "foo"
        RenderText {#text} at (540,102) size 8x18
          text run at (540,102) width 8: "b"
        RenderBR {BR} at (548,102) size 0x18
        RenderBR {BR} at (1,120) size 0x18
        RenderText {#text} at (1,143) size 176x18
          text run at (1,143) width 176: "Border should be respected:"
        RenderMenuList {SELECT} at (177,137) size 63x32 [bgcolor=#F8F8F8] [border: (8px solid #33CCFF)]
          RenderBlock (anonymous) at (8,8) size 47x16
            RenderText at (8,1) size 18x13
              text run at (8,1) width 18: "foo"
        RenderText {#text} at (240,143) size 7x18
          text run at (240,143) width 7: "a"
        RenderMenuList {SELECT} at (247,137) size 63x32 [color=#7F7F7F] [bgcolor=#F8F8F8] [border: (8px solid #33CCFF)]
          RenderBlock (anonymous) at (8,8) size 47x16
            RenderText at (8,1) size 18x13
              text run at (8,1) width 18: "foo"
        RenderText {#text} at (310,143) size 8x18
          text run at (310,143) width 8: "b"
        RenderBR {BR} at (318,143) size 0x18
        RenderBR {BR} at (1,168) size 0x18
        RenderText {#text} at (1,187) size 116x18
          text run at (1,187) width 116: "Border + padding:"
        RenderMenuList {SELECT} at (117,185) size 55x24 [bgcolor=#F8F8F8] [border: (4px solid #33CCFF)]
          RenderBlock (anonymous) at (4,4) size 47x16
            RenderText at (8,1) size 18x13
              text run at (8,1) width 18: "foo"
        RenderText {#text} at (172,187) size 7x18
          text run at (172,187) width 7: "a"
        RenderMenuList {SELECT} at (179,185) size 55x24 [color=#7F7F7F] [bgcolor=#F8F8F8] [border: (4px solid #33CCFF)]
          RenderBlock (anonymous) at (4,4) size 47x16
            RenderText at (8,1) size 18x13
              text run at (8,1) width 18: "foo"
        RenderText {#text} at (234,187) size 8x18
          text run at (234,187) width 8: "b"
        RenderBR {BR} at (242,187) size 0x18
        RenderBR {BR} at (1,208) size 0x18
        RenderText {#text} at (1,224) size 481x18
          text run at (1,224) width 481: "Height larger than font-size, button should grow, text baseline should center:"
        RenderMenuList {SELECT} at (482,225) size 49x18 [bgcolor=#F8F8F8]
          RenderBlock (anonymous) at (0,0) size 49x18
            RenderText at (8,2) size 18x13
              text run at (8,2) width 18: "foo"
        RenderText {#text} at (531,224) size 7x18
          text run at (531,224) width 7: "a"
        RenderMenuList {SELECT} at (538,225) size 49x18 [color=#808080] [bgcolor=#F8F8F8]
          RenderBlock (anonymous) at (0,0) size 49x18
            RenderText at (8,2) size 18x13
              text run at (8,2) width 18: "foo"
        RenderText {#text} at (587,224) size 8x18
          text run at (587,224) width 8: "b"
        RenderBR {BR} at (595,224) size 0x18
        RenderBR {BR} at (1,242) size 0x18
        RenderText {#text} at (1,258) size 486x18
          text run at (1,258) width 486: "Height smaller than font-size, whole select shrinks but baseline is unchanged:"
        RenderMenuList {SELECT} at (487,259) size 49x18 [bgcolor=#F8F8F8]
          RenderBlock (anonymous) at (0,0) size 49x18
            RenderText at (8,2) size 18x13
              text run at (8,2) width 18: "foo"
        RenderText {#text} at (536,258) size 7x18
          text run at (536,258) width 7: "a"
        RenderMenuList {SELECT} at (543,259) size 49x18 [bgcolor=#F8F8F8]
          RenderBlock (anonymous) at (0,0) size 49x18
            RenderText at (8,2) size 18x13
              text run at (8,2) width 18: "bar"
        RenderText {#text} at (592,258) size 8x18
          text run at (592,258) width 8: "b"
        RenderBR {BR} at (600,258) size 0x18
        RenderBR {BR} at (1,276) size 0x18
        RenderText {#text} at (1,292) size 168x18
          text run at (1,292) width 168: "select control with size=0: "
        RenderBR {BR} at (169,292) size 0x18
        RenderMenuList {SELECT} at (1,309) size 198x18 [bgcolor=#FFFFFF]
          RenderBlock (anonymous) at (0,0) size 198x18
            RenderText at (8,2) size 70x13
              text run at (8,2) width 70: "Future Series"
        RenderText {#text} at (199,308) size 4x18
          text run at (199,308) width 4: " "
        RenderBR {BR} at (0,0) size 0x0
        RenderText {#text} at (1,326) size 168x18
          text run at (1,326) width 168: "select control with size=1: "
        RenderBR {BR} at (169,326) size 0x18
        RenderMenuList {SELECT} at (1,343) size 198x18 [bgcolor=#FFFFFF]
          RenderBlock (anonymous) at (0,0) size 198x18
            RenderText at (8,2) size 70x13
              text run at (8,2) width 70: "Future Series"
        RenderText {#text} at (199,342) size 4x18
          text run at (199,342) width 4: " "
        RenderBR {BR} at (0,0) size 0x0
        RenderText {#text} at (1,360) size 165x18
          text run at (1,360) width 165: "Non-styled select control: "
        RenderBR {BR} at (166,360) size 0x18
        RenderMenuList {SELECT} at (1,377) size 198x18 [bgcolor=#F8F8F8] [border: (1px solid #A6A6A6)]
          RenderBlock (anonymous) at (1,1) size 196x16
            RenderText at (8,1) size 70x13
              text run at (8,1) width 70: "Future Series"
        RenderText {#text} at (199,376) size 4x18
          text run at (199,376) width 4: " "
        RenderBR {BR} at (0,0) size 0x0
        RenderText {#text} at (1,394) size 290x18
          text run at (1,394) width 290: "Styled select control with large border-radius: "
        RenderBR {BR} at (291,394) size 0x18
        RenderMenuList {SELECT} at (1,411) size 198x18 [bgcolor=#33CCFF] [border: (1px solid #A6A6A6)]
          RenderBlock (anonymous) at (1,1) size 196x16
            RenderText at (8,1) size 70x13
              text run at (8,1) width 70: "Future Series"
        RenderText {#text} at (199,410) size 4x18
          text run at (199,410) width 4: " "
        RenderBR {BR} at (0,0) size 0x0
