layer at (0,0) size 800x600
  RenderView at (0,0) size 800x600
layer at (0,0) size 800x600
  RenderBlock {HTML} at (0,0) size 800x600
    RenderBody {BODY} at (8,8) size 784x584
      RenderButton {BUTTON} at (2,4) size 77.27x18 [bgcolor=#C0C0C0] [border: none (2px outset #C0C0C0) none (2px outset #C0C0C0)]
        RenderBlock (anonymous) at (8,2) size 61.27x13
          RenderText {#text} at (0,0) size 62x13
            text run at (0,0) width 62: "Test Button"
      RenderText {#text} at (81,3) size 5x18
        text run at (81,3) width 5: " "
      RenderButton {BUTTON} at (87.27,4) size 77.27x18 [color=#FF0000] [bgcolor=#C0C0C0] [border: none (2px outset #C0C0C0) none (2px outset #C0C0C0)]
        RenderBlock (anonymous) at (8,2) size 61.27x13
          RenderText {#text} at (0,0) size 62x13
            text run at (0,0) width 62: "Test Button"
      RenderText {#text} at (166,3) size 5x18
        text run at (166,3) width 5: " "
      RenderButton {BUTTON} at (172.53,2) size 77.27x22 [bgcolor=#008000] [border: (2px outset #C0C0C0)]
        RenderBlock (anonymous) at (8,4) size 61.27x13
          RenderText {#text} at (0,0) size 62x13
            text run at (0,0) width 62: "Test Button"
      RenderText {#text} at (251,3) size 5x18
        text run at (251,3) width 5: " "
      RenderButton {BUTTON} at (257.80,2) size 77.27x22 [color=#FF0000] [bgcolor=#008000] [border: (2px outset #C0C0C0)]
        RenderBlock (anonymous) at (8,4) size 61.27x13
          RenderText {#text} at (0,0) size 62x13
            text run at (0,0) width 62: "Test Button"
      RenderText {#text} at (337,3) size 5x18
        text run at (337,3) width 5: " "
      RenderButton {INPUT} at (343.06,4) size 77.27x18 [bgcolor=#C0C0C0]
        RenderBlock (anonymous) at (8,2.50) size 61.27x13
          RenderText {#text} at (0,0) size 62x13
            text run at (0,0) width 62: "Test Button"
      RenderText {#text} at (422,3) size 5x18
        text run at (422,3) width 5: " "
      RenderButton {INPUT} at (428.33,4) size 77.27x18 [color=#FF0000] [bgcolor=#C0C0C0]
        RenderBlock (anonymous) at (8,2.50) size 61.27x13
          RenderText {#text} at (0,0) size 62x13
            text run at (0,0) width 62: "Test Button"
      RenderText {#text} at (507,3) size 5x18
        text run at (507,3) width 5: " "
      RenderButton {INPUT} at (513.59,2) size 77.27x22 [bgcolor=#008000] [border: (2px outset #C0C0C0)]
        RenderBlock (anonymous) at (8,4) size 61.27x13
          RenderText {#text} at (0,0) size 62x13
            text run at (0,0) width 62: "Test Button"
      RenderText {#text} at (592,3) size 5x18
        text run at (592,3) width 5: " "
      RenderButton {INPUT} at (598.86,2) size 77.27x22 [color=#FF0000] [bgcolor=#008000] [border: (2px outset #C0C0C0)]
        RenderBlock (anonymous) at (8,4) size 61.27x13
          RenderText {#text} at (0,0) size 62x13
            text run at (0,0) width 62: "Test Button"
      RenderText {#text} at (0,0) size 0x0
