layer at (0,0) size 785x652
  RenderView at (0,0) size 785x600
layer at (0,0) size 785x652
  RenderBlock {HTML} at (0,0) size 785x652.16
    RenderBody {BODY} at (8,8) size 769x636.16
      RenderBlock {H3} at (0,0) size 769x22
        RenderText {#text} at (0,0) size 186x22
          text run at (0,0) width 186: "<input type=\"submit\">"
      RenderBlock {P} at (0,40.72) size 769x18
        RenderText {#text} at (0,0) size 343x18
          text run at (0,0) width 343: "This button should have the default submit button title:"
      RenderBlock (anonymous) at (0,74.72) size 769x21
        RenderButton {INPUT} at (0,0) size 80x21 [bgcolor=#008000] [border: (2px outset #C0C0C0)]
          RenderBlock (anonymous) at (8,4) size 64x13
            RenderText {#text} at (13,0) size 38x13
              text run at (13,0) width 38: "Submit"
        RenderText {#text} at (0,0) size 0x0
      RenderBlock {P} at (0,111.72) size 769x18
        RenderText {#text} at (0,0) size 295x18
          text run at (0,0) width 295: "This button should should have the title \"Foo\":"
      RenderBlock (anonymous) at (0,145.72) size 769x21
        RenderButton {INPUT} at (0,0) size 80x21 [bgcolor=#008000] [border: (2px outset #C0C0C0)]
          RenderBlock (anonymous) at (8,4) size 64x13
            RenderText {#text} at (22,0) size 20x13
              text run at (22,0) width 20: "Foo"
        RenderText {#text} at (0,0) size 0x0
      RenderBlock {P} at (0,182.72) size 769x18
        RenderText {#text} at (0,0) size 308x18
          text run at (0,0) width 308: "This button should have a single space in its title:"
      RenderBlock (anonymous) at (0,216.72) size 769x21
        RenderButton {INPUT} at (0,0) size 80x21 [bgcolor=#008000] [border: (2px outset #C0C0C0)]
          RenderBlock (anonymous) at (8,4) size 64x13
            RenderText {#text} at (30,0) size 4x13
              text run at (30,0) width 4: " "
        RenderText {#text} at (0,0) size 0x0
      RenderBlock {P} at (0,253.72) size 769x18
        RenderText {#text} at (0,0) size 203x18
          text run at (0,0) width 203: "This button should have no title:"
      RenderBlock (anonymous) at (0,287.72) size 769x21
        RenderButton {INPUT} at (0,0) size 80x21 [bgcolor=#008000] [border: (2px outset #C0C0C0)]
        RenderText {#text} at (0,0) size 0x0
      RenderBlock {H3} at (0,327.44) size 769x22
        RenderText {#text} at (0,0) size 169x22
          text run at (0,0) width 169: "<input type=\"reset\">"
      RenderBlock {P} at (0,368.16) size 769x18
        RenderText {#text} at (0,0) size 330x18
          text run at (0,0) width 330: "This button should have the default reset button title:"
      RenderBlock (anonymous) at (0,402.16) size 769x21
        RenderButton {INPUT} at (0,0) size 80x21 [bgcolor=#008000] [border: (2px outset #C0C0C0)]
          RenderBlock (anonymous) at (8,4) size 64x13
            RenderText {#text} at (17,0) size 30x13
              text run at (17,0) width 30: "Reset"
        RenderText {#text} at (0,0) size 0x0
      RenderBlock {P} at (0,439.16) size 769x18
        RenderText {#text} at (0,0) size 295x18
          text run at (0,0) width 295: "This button should should have the title \"Foo\":"
      RenderBlock (anonymous) at (0,473.16) size 769x21
        RenderButton {INPUT} at (0,0) size 80x21 [bgcolor=#008000] [border: (2px outset #C0C0C0)]
          RenderBlock (anonymous) at (8,4) size 64x13
            RenderText {#text} at (22,0) size 20x13
              text run at (22,0) width 20: "Foo"
        RenderText {#text} at (0,0) size 0x0
      RenderBlock {P} at (0,510.16) size 769x18
        RenderText {#text} at (0,0) size 308x18
          text run at (0,0) width 308: "This button should have a single space in its title:"
      RenderBlock (anonymous) at (0,544.16) size 769x21
        RenderButton {INPUT} at (0,0) size 80x21 [bgcolor=#008000] [border: (2px outset #C0C0C0)]
          RenderBlock (anonymous) at (8,4) size 64x13
            RenderText {#text} at (30,0) size 4x13
              text run at (30,0) width 4: " "
        RenderText {#text} at (0,0) size 0x0
      RenderBlock {P} at (0,581.16) size 769x18
        RenderText {#text} at (0,0) size 203x18
          text run at (0,0) width 203: "This button should have no title:"
      RenderBlock (anonymous) at (0,615.16) size 769x21
        RenderButton {INPUT} at (0,0) size 80x21 [bgcolor=#008000] [border: (2px outset #C0C0C0)]
        RenderText {#text} at (0,0) size 0x0
