layer at (0,0) size 800x600
  RenderView at (0,0) size 800x600
layer at (0,0) size 800x600
  RenderBlock {HTML} at (0,0) size 800x600
    RenderBody {BODY} at (8,8) size 784x584
      RenderBlock {P} at (0,0) size 784x18
        RenderText {#text} at (0,0) size 598x18
          text run at (0,0) width 598: "The following button elements should all be rendered on the left, with their text center justified."
      RenderBlock (anonymous) at (0,34) size 784x75
        RenderButton {BUTTON} at (0,1) size 300x18 [bgcolor=#C0C0C0] [border: none (2px outset #C0C0C0) none (2px outset #C0C0C0)]
          RenderBlock (anonymous) at (8,2) size 284x13
            RenderText {#text} at (52,0) size 180x13
              text run at (52,0) width 180: "This is should be center justified."
        RenderText {#text} at (300,0) size 4x18
          text run at (300,0) width 4: " "
        RenderBR {BR} at (0,0) size 0x0
        RenderButton {BUTTON} at (0,20) size 300x18 [bgcolor=#C0C0C0] [border: none (2px outset #C0C0C0) none (2px outset #C0C0C0)]
          RenderBlock (anonymous) at (8,2) size 284x13
            RenderText {#text} at (52,0) size 180x13
              text run at (52,0) width 180: "This is should be center justified."
        RenderText {#text} at (300,19) size 4x18
          text run at (300,19) width 4: " "
        RenderBR {BR} at (0,0) size 0x0
        RenderButton {BUTTON} at (0,39) size 300x18 [bgcolor=#C0C0C0] [border: none (2px outset #C0C0C0) none (2px outset #C0C0C0)]
          RenderBlock (anonymous) at (8,2) size 284x13
            RenderText {#text} at (52,0) size 180x13
              text run at (52,0) width 180: "This is should be center justified."
        RenderText {#text} at (300,38) size 4x18
          text run at (300,38) width 4: " "
        RenderBR {BR} at (0,0) size 0x0
        RenderButton {BUTTON} at (0,57) size 300x18 [bgcolor=#C0C0C0] [border: none (2px outset #C0C0C0) none (2px outset #C0C0C0)]
          RenderBlock (anonymous) at (8,2) size 284x13
            RenderText {#text} at (52,0) size 180x13
              text run at (52,0) width 180: "This is should be center justified."
        RenderText {#text} at (0,0) size 0x0
        RenderText {#text} at (0,0) size 0x0
      RenderBlock {DIV} at (0,109) size 784x18
        RenderButton {BUTTON} at (0,0) size 300x18 [bgcolor=#C0C0C0] [border: none (2px outset #C0C0C0) none (2px outset #C0C0C0)]
          RenderBlock (anonymous) at (8,2) size 284x13
            RenderText {#text} at (52,0) size 180x13
              text run at (52,0) width 180: "This is should be center justified."
