layer at (0,0) size 800x600
  RenderView at (0,0) size 800x600
layer at (0,0) size 800x600
  RenderBlock {HTML} at (0,0) size 800x600
    RenderBody {BODY} at (8,8) size 784x584
      RenderButton {BUTTON} at (0,8) size 43.84x15 [bgcolor=#C0C0C0] [border: none (2px outset #C0C0C0) none (2px outset #C0C0C0)]
        RenderBlock (anonymous) at (8,4) size 27.84x6
          RenderText {#text} at (0,0) size 28x6
            text run at (0,0) width 28: "Test Button"
      RenderText {#text} at (43,3) size 5x18
        text run at (43,3) width 5: " "
      RenderButton {BUTTON} at (47.84,8) size 49.42x15 [bgcolor=#C0C0C0] [border: none (2px outset #C0C0C0) none (2px outset #C0C0C0)]
        RenderBlock (anonymous) at (8,3.50) size 33.42x7
          RenderText {#text} at (0,0) size 34x7
            text run at (0,0) width 34: "Test Button"
      RenderText {#text} at (97,3) size 5x18
        text run at (97,3) width 5: " "
      RenderButton {BUTTON} at (101.27,7) size 54.98x15 [bgcolor=#C0C0C0] [border: none (2px outset #C0C0C0) none (2px outset #C0C0C0)]
        RenderBlock (anonymous) at (8,3) size 38.98x8
          RenderText {#text} at (0,0) size 39x8
            text run at (0,0) width 39: "Test Button"
      RenderText {#text} at (156,3) size 5x18
        text run at (156,3) width 5: " "
      RenderButton {BUTTON} at (160.25,7) size 60.55x15 [bgcolor=#C0C0C0] [border: none (2px outset #C0C0C0) none (2px outset #C0C0C0)]
        RenderBlock (anonymous) at (8,2) size 44.55x10
          RenderText {#text} at (0,0) size 45x10
            text run at (0,0) width 45: "Test Button"
      RenderText {#text} at (220,3) size 5x18
        text run at (220,3) width 5: " "
      RenderButton {BUTTON} at (224.80,6) size 66.13x16 [bgcolor=#C0C0C0] [border: none (2px outset #C0C0C0) none (2px outset #C0C0C0)]
        RenderBlock (anonymous) at (8,2) size 50.13x11
          RenderText {#text} at (0,0) size 51x11
            text run at (0,0) width 51: "Test Button"
      RenderText {#text} at (290,3) size 5x18
        text run at (290,3) width 5: " "
      RenderButton {BUTTON} at (294.92,5) size 71.69x17 [bgcolor=#C0C0C0] [border: none (2px outset #C0C0C0) none (2px outset #C0C0C0)]
        RenderBlock (anonymous) at (8,2) size 55.69x12
          RenderText {#text} at (0,0) size 56x12
            text run at (0,0) width 56: "Test Button"
      RenderText {#text} at (366,3) size 5x18
        text run at (366,3) width 5: " "
      RenderButton {BUTTON} at (372.61,4) size 77.27x18 [bgcolor=#C0C0C0] [border: none (2px outset #C0C0C0) none (2px outset #C0C0C0)]
        RenderBlock (anonymous) at (8,2) size 61.27x13
          RenderText {#text} at (0,0) size 62x13
            text run at (0,0) width 62: "Test Button"
      RenderText {#text} at (451,3) size 5x18
        text run at (451,3) width 5: " "
      RenderButton {INPUT} at (457.88,4) size 77.27x18 [bgcolor=#C0C0C0]
        RenderBlock (anonymous) at (8,2.50) size 61.27x13
          RenderText {#text} at (0,0) size 62x13
            text run at (0,0) width 62: "Test Button"
      RenderText {#text} at (537,3) size 5x18
        text run at (537,3) width 5: " "
      RenderButton {BUTTON} at (543.14,3) size 82.83x20 [bgcolor=#C0C0C0] [border: none (2px outset #C0C0C0) none (2px outset #C0C0C0)]
        RenderBlock (anonymous) at (8,2) size 66.83x15
          RenderText {#text} at (0,0) size 67x15
            text run at (0,0) width 67: "Test Button"
      RenderText {#text} at (627,3) size 5x18
        text run at (627,3) width 5: " "
      RenderButton {BUTTON} at (633.97,2) size 88.39x21 [bgcolor=#C0C0C0] [border: none (2px outset #C0C0C0) none (2px outset #C0C0C0)]
        RenderBlock (anonymous) at (8,2) size 72.39x16
          RenderText {#text} at (0,0) size 73x16
            text run at (0,0) width 73: "Test Button"
      RenderText {#text} at (724,3) size 5x18
        text run at (724,3) width 5: " "
      RenderButton {BUTTON} at (2,31) size 93.97x22 [bgcolor=#C0C0C0] [border: none (2px outset #C0C0C0) none (2px outset #C0C0C0)]
        RenderBlock (anonymous) at (8,2) size 77.97x17
          RenderText {#text} at (0,0) size 78x17
            text run at (0,0) width 78: "Test Button"
      RenderText {#text} at (97,33) size 5x18
        text run at (97,33) width 5: " "
      RenderButton {BUTTON} at (103.97,30) size 99.53x23 [bgcolor=#C0C0C0] [border: none (2px outset #C0C0C0) none (2px outset #C0C0C0)]
        RenderBlock (anonymous) at (8,2) size 83.53x18
          RenderText {#text} at (0,0) size 84x18
            text run at (0,0) width 84: "Test Button"
      RenderText {#text} at (205,33) size 5x18
        text run at (205,33) width 5: " "
      RenderButton {BUTTON} at (211.50,30) size 105.09x23 [bgcolor=#C0C0C0] [border: none (2px outset #C0C0C0) none (2px outset #C0C0C0)]
        RenderBlock (anonymous) at (8,2) size 89.09x18
          RenderText {#text} at (0,0) size 90x18
            text run at (0,0) width 90: "Test Button"
      RenderText {#text} at (318,33) size 5x18
        text run at (318,33) width 5: " "
      RenderButton {BUTTON} at (324.59,29) size 110.67x25 [bgcolor=#C0C0C0] [border: none (2px outset #C0C0C0) none (2px outset #C0C0C0)]
        RenderBlock (anonymous) at (8,2) size 94.67x20
          RenderText {#text} at (0,0) size 95x20
            text run at (0,0) width 95: "Test Button"
      RenderText {#text} at (437,33) size 5x18
        text run at (437,33) width 5: " "
      RenderButton {BUTTON} at (443.27,28) size 116.23x26 [bgcolor=#C0C0C0] [border: none (2px outset #C0C0C0) none (2px outset #C0C0C0)]
        RenderBlock (anonymous) at (8,2) size 100.23x21
          RenderText {#text} at (0,0) size 101x21
            text run at (0,0) width 101: "Test Button"
      RenderText {#text} at (561,33) size 5x18
        text run at (561,33) width 5: " "
      RenderButton {BUTTON} at (567.50,27) size 121.81x27 [bgcolor=#C0C0C0] [border: none (2px outset #C0C0C0) none (2px outset #C0C0C0)]
        RenderBlock (anonymous) at (8,2) size 105.81x22
          RenderText {#text} at (0,0) size 106x22
            text run at (0,0) width 106: "Test Button"
      RenderText {#text} at (691,33) size 5x18
        text run at (691,33) width 5: " "
      RenderButton {BUTTON} at (2,59) size 127.38x28 [bgcolor=#C0C0C0] [border: none (2px outset #C0C0C0) none (2px outset #C0C0C0)]
        RenderBlock (anonymous) at (8,2) size 111.38x23
          RenderText {#text} at (0,0) size 112x23
            text run at (0,0) width 112: "Test Button"
      RenderText {#text} at (131,66) size 5x18
        text run at (131,66) width 5: " "
      RenderButton {BUTTON} at (137.38,58) size 132.94x29 [bgcolor=#C0C0C0] [border: none (2px outset #C0C0C0) none (2px outset #C0C0C0)]
        RenderBlock (anonymous) at (8,2) size 116.94x24
          RenderText {#text} at (0,0) size 117x24
            text run at (0,0) width 117: "Test Button"
      RenderText {#text} at (0,0) size 0x0
