layer at (0,0) size 800x600
  RenderView at (0,0) size 800x600
layer at (0,0) size 800x600
  RenderBlock {HTML} at (0,0) size 800x600
    RenderBody {BODY} at (8,8) size 784x584
      RenderText {#text} at (0,0) size 519x18
        text run at (0,0) width 519: "This tests that we don't honor line-height for controls that have restricted font size. "
      RenderBR {BR} at (0,0) size 0x0
      RenderMenuList {SELECT} at (0,19) size 309x18 [bgcolor=#F8F8F8]
        RenderBlock (anonymous) at (0,0) size 309x18
          RenderText at (8,2) size 278x13
            text run at (8,2) width 278: "This text should be centered vertically in the button"
      RenderText {#text} at (309,18) size 4x18
        text run at (309,18) width 4: " "
      RenderBR {BR} at (0,0) size 0x0
      RenderButton {INPUT} at (0,38) size 293.16x18 [bgcolor=#C0C0C0]
        RenderBlock (anonymous) at (8,2.50) size 277.16x13
          RenderText {#text} at (0,0) size 278x13
            text run at (0,0) width 278: "This text should be centered vertically in the button"
      RenderText {#text} at (293,37) size 5x18
        text run at (293,37) width 5: " "
      RenderBR {BR} at (0,0) size 0x0
      RenderTextControl {INPUT} at (0,56) size 125x19 [bgcolor=#FFFFFF] [border: (2px inset #EEEEEE)]
        RenderFlexibleBox {DIV} at (4,3) size 117x13
          RenderBlock {DIV} at (0,6.50) size 5x0
          RenderBlock {DIV} at (5,0) size 100x13
      RenderText {#text} at (0,0) size 0x0
layer at (17,67) size 100x13 scrollWidth 278
  RenderBlock {DIV} at (0,0) size 100x13
    RenderText {#text} at (0,0) size 278x13
      text run at (0,0) width 278: "This text should be centered vertically in the button"
layer at (118,68) size 11x11 transparent
  RenderBlock {DIV} at (106,1) size 11x11
