layer at (0,0) size 785x1323
  RenderView at (0,0) size 785x600
layer at (0,0) size 785x1323
  RenderBlock {HTML} at (0,0) size 785x1322.75
    RenderBody {BODY} at (8,8) size 769x1299.75
      RenderBlock {P} at (0,0) size 769x18
        RenderText {#text} at (0,0) size 108x18
          text run at (0,0) width 108: "Legend align test"
      RenderFieldSet {FIELDSET} at (2,34) size 765x54.59 [border: (2px groove #C0C0C0)]
        RenderBlock {LEGEND} at (14,0) size 102x18
          RenderText {#text} at (2,0) size 98x18
            text run at (2,0) width 98: "My Legend left"
        RenderBlock (anonymous) at (14,23.59) size 737x19
          RenderTextControl {INPUT} at (0,0) size 123x19 [bgcolor=#FFFFFF] [border: (2px inset #EEEEEE)]
          RenderText {#text} at (0,0) size 0x0
      RenderFieldSet {FIELDSET} at (2,88.59) size 765x54.59 [border: (2px groove #C0C0C0)]
        RenderBlock {LEGEND} at (322.50,0) size 120x18
          RenderText {#text} at (2,0) size 116x18
            text run at (2,0) width 116: "My Legend center"
        RenderBlock (anonymous) at (14,23.59) size 737x19
          RenderTextControl {INPUT} at (0,0) size 123x19 [bgcolor=#FFFFFF] [border: (2px inset #EEEEEE)]
          RenderText {#text} at (0,0) size 0x0
      RenderFieldSet {FIELDSET} at (2,143.19) size 765x54.59 [border: (2px groove #C0C0C0)]
        RenderBlock {LEGEND} at (640,0) size 111x18
          RenderText {#text} at (2,0) size 107x18
            text run at (2,0) width 107: "My Legend right"
        RenderBlock (anonymous) at (14,23.59) size 737x19
          RenderTextControl {INPUT} at (0,0) size 123x19 [bgcolor=#FFFFFF] [border: (2px inset #EEEEEE)]
          RenderText {#text} at (0,0) size 0x0
      RenderFieldSet {FIELDSET} at (2,197.78) size 765x54.59 [border: (2px groove #C0C0C0)]
        RenderBlock {LEGEND} at (14,0) size 125x18
          RenderText {#text} at (2,0) size 121x18
            text run at (2,0) width 121: "My Legend default"
        RenderBlock (anonymous) at (14,23.59) size 737x19
          RenderTextControl {INPUT} at (0,0) size 123x19 [bgcolor=#FFFFFF] [border: (2px inset #EEEEEE)]
          RenderText {#text} at (0,0) size 0x0
      RenderBlock {HR} at (0,260.38) size 769x2 [border: (1px inset #EEEEEE)]
      RenderBlock {P} at (0,278.38) size 769x18
        RenderText {#text} at (0,0) size 147x18
          text run at (0,0) width 147: "Legend align test, RTL"
      RenderBlock (anonymous) at (0,312.38) size 769x0
        RenderInline {SPAN} at (0,0) size 0x0
          RenderText {#text} at (0,0) size 0x0
      RenderBlock (anonymous) at (0,312.38) size 769x218.38
        RenderFieldSet {FIELDSET} at (2,0) size 765x54.59 [border: (2px groove #C0C0C0)]
          RenderBlock {LEGEND} at (14,0) size 102x18
            RenderText {#text} at (2,0) size 98x18
              text run at (2,0) width 98: "My Legend left"
          RenderBlock (anonymous) at (14,23.59) size 737x19
            RenderTextControl {INPUT} at (614,0) size 123x19 [bgcolor=#FFFFFF] [border: (2px inset #EEEEEE)]
            RenderText {#text} at (0,0) size 0x0
        RenderFieldSet {FIELDSET} at (2,54.59) size 765x54.59 [border: (2px groove #C0C0C0)]
          RenderBlock {LEGEND} at (322.50,0) size 120x18
            RenderText {#text} at (2,0) size 116x18
              text run at (2,0) width 116: "My Legend center"
          RenderBlock (anonymous) at (14,23.59) size 737x19
            RenderTextControl {INPUT} at (614,0) size 123x19 [bgcolor=#FFFFFF] [border: (2px inset #EEEEEE)]
            RenderText {#text} at (0,0) size 0x0
        RenderFieldSet {FIELDSET} at (2,109.19) size 765x54.59 [border: (2px groove #C0C0C0)]
          RenderBlock {LEGEND} at (640,0) size 111x18
            RenderText {#text} at (2,0) size 107x18
              text run at (2,0) width 107: "My Legend right"
          RenderBlock (anonymous) at (14,23.59) size 737x19
            RenderTextControl {INPUT} at (614,0) size 123x19 [bgcolor=#FFFFFF] [border: (2px inset #EEEEEE)]
            RenderText {#text} at (0,0) size 0x0
        RenderFieldSet {FIELDSET} at (2,163.78) size 765x54.59 [border: (2px groove #C0C0C0)]
          RenderBlock {LEGEND} at (626,0) size 125x18
            RenderText {#text} at (2,0) size 121x18
              text run at (2,0) width 121: "My Legend default"
          RenderBlock (anonymous) at (14,23.59) size 737x19
            RenderTextControl {INPUT} at (614,0) size 123x19 [bgcolor=#FFFFFF] [border: (2px inset #EEEEEE)]
            RenderText {#text} at (0,0) size 0x0
      RenderBlock (anonymous) at (0,530.75) size 769x0
        RenderInline {SPAN} at (0,0) size 0x0
        RenderText {#text} at (0,0) size 0x0
      RenderBlock {HR} at (0,538.75) size 769x2 [border: (1px inset #EEEEEE)]
      RenderBlock {P} at (0,556.75) size 769x18
        RenderText {#text} at (0,0) size 270x18
          text run at (0,0) width 270: "Legend align test with margin and padding"
      RenderFieldSet {FIELDSET} at (15,590.75) size 739x69 [border: (2px groove #C0C0C0)]
        RenderBlock {LEGEND} at (17,0) size 102x18
          RenderText {#text} at (2,0) size 98x18
            text run at (2,0) width 98: "My Legend left"
        RenderBlock (anonymous) at (17,33) size 705x19
          RenderTextControl {INPUT} at (0,0) size 123x19 [bgcolor=#FFFFFF] [border: (2px inset #EEEEEE)]
          RenderText {#text} at (0,0) size 0x0
      RenderFieldSet {FIELDSET} at (15,674.75) size 739x69 [border: (2px groove #C0C0C0)]
        RenderBlock {LEGEND} at (309.50,0) size 120x18
          RenderText {#text} at (2,0) size 116x18
            text run at (2,0) width 116: "My Legend center"
        RenderBlock (anonymous) at (17,33) size 705x19
          RenderTextControl {INPUT} at (0,0) size 123x19 [bgcolor=#FFFFFF] [border: (2px inset #EEEEEE)]
          RenderText {#text} at (0,0) size 0x0
      RenderFieldSet {FIELDSET} at (15,758.75) size 739x69 [border: (2px groove #C0C0C0)]
        RenderBlock {LEGEND} at (611,0) size 111x18
          RenderText {#text} at (2,0) size 107x18
            text run at (2,0) width 107: "My Legend right"
        RenderBlock (anonymous) at (17,33) size 705x19
          RenderTextControl {INPUT} at (0,0) size 123x19 [bgcolor=#FFFFFF] [border: (2px inset #EEEEEE)]
          RenderText {#text} at (0,0) size 0x0
      RenderFieldSet {FIELDSET} at (15,842.75) size 739x69 [border: (2px groove #C0C0C0)]
        RenderBlock {LEGEND} at (17,0) size 125x18
          RenderText {#text} at (2,0) size 121x18
            text run at (2,0) width 121: "My Legend default"
        RenderBlock (anonymous) at (17,33) size 705x19
          RenderTextControl {INPUT} at (0,0) size 123x19 [bgcolor=#FFFFFF] [border: (2px inset #EEEEEE)]
          RenderText {#text} at (0,0) size 0x0
      RenderBlock {HR} at (0,926.75) size 769x2 [border: (1px inset #EEEEEE)]
      RenderBlock {P} at (0,944.75) size 769x18
        RenderText {#text} at (0,0) size 309x18
          text run at (0,0) width 309: "Legend align test with margin and padding, RTL"
      RenderBlock (anonymous) at (0,978.75) size 769x0
        RenderInline {SPAN} at (0,0) size 0x0
          RenderText {#text} at (0,0) size 0x0
      RenderBlock (anonymous) at (0,978.75) size 769x321
        RenderFieldSet {FIELDSET} at (15,0) size 739x69 [border: (2px groove #C0C0C0)]
          RenderBlock {LEGEND} at (17,0) size 102x18
            RenderText {#text} at (2,0) size 98x18
              text run at (2,0) width 98: "My Legend left"
          RenderBlock (anonymous) at (17,33) size 705x19
            RenderTextControl {INPUT} at (582,0) size 123x19 [bgcolor=#FFFFFF] [border: (2px inset #EEEEEE)]
            RenderText {#text} at (0,0) size 0x0
        RenderFieldSet {FIELDSET} at (15,84) size 739x69 [border: (2px groove #C0C0C0)]
          RenderBlock {LEGEND} at (309.50,0) size 120x18
            RenderText {#text} at (2,0) size 116x18
              text run at (2,0) width 116: "My Legend center"
          RenderBlock (anonymous) at (17,33) size 705x19
            RenderTextControl {INPUT} at (582,0) size 123x19 [bgcolor=#FFFFFF] [border: (2px inset #EEEEEE)]
            RenderText {#text} at (0,0) size 0x0
        RenderFieldSet {FIELDSET} at (15,168) size 739x69 [border: (2px groove #C0C0C0)]
          RenderBlock {LEGEND} at (611,0) size 111x18
            RenderText {#text} at (2,0) size 107x18
              text run at (2,0) width 107: "My Legend right"
          RenderBlock (anonymous) at (17,33) size 705x19
            RenderTextControl {INPUT} at (582,0) size 123x19 [bgcolor=#FFFFFF] [border: (2px inset #EEEEEE)]
            RenderText {#text} at (0,0) size 0x0
        RenderFieldSet {FIELDSET} at (15,252) size 739x69 [border: (2px groove #C0C0C0)]
          RenderBlock {LEGEND} at (597,0) size 125x18
            RenderText {#text} at (2,0) size 121x18
              text run at (2,0) width 121: "My Legend default"
          RenderBlock (anonymous) at (17,33) size 705x19
            RenderTextControl {INPUT} at (582,0) size 123x19 [bgcolor=#FFFFFF] [border: (2px inset #EEEEEE)]
            RenderText {#text} at (0,0) size 0x0
      RenderBlock (anonymous) at (0,1314.75) size 769x0
        RenderInline {SPAN} at (0,0) size 0x0
        RenderText {#text} at (0,0) size 0x0
layer at (27,69) size 117x13
  RenderBlock {DIV} at (3,3) size 117x13
layer at (27,123) size 117x13
  RenderBlock {DIV} at (3,3) size 117x13
layer at (27,178) size 117x13
  RenderBlock {DIV} at (3,3) size 117x13
layer at (27,232) size 117x13
  RenderBlock {DIV} at (3,3) size 117x13
layer at (641,347) size 117x13
  RenderBlock {DIV} at (3,3) size 117x13
layer at (641,402) size 117x13
  RenderBlock {DIV} at (3,3) size 117x13
layer at (641,456) size 117x13
  RenderBlock {DIV} at (3,3) size 117x13
layer at (641,511) size 117x13
  RenderBlock {DIV} at (3,3) size 117x13
layer at (43,635) size 117x13
  RenderBlock {DIV} at (3,3) size 117x13
layer at (43,719) size 117x13
  RenderBlock {DIV} at (3,3) size 117x13
layer at (43,803) size 117x13
  RenderBlock {DIV} at (3,3) size 117x13
layer at (43,887) size 117x13
  RenderBlock {DIV} at (3,3) size 117x13
layer at (625,1023) size 117x13
  RenderBlock {DIV} at (3,3) size 117x13
layer at (625,1107) size 117x13
  RenderBlock {DIV} at (3,3) size 117x13
layer at (625,1191) size 117x13
  RenderBlock {DIV} at (3,3) size 117x13
layer at (625,1275) size 117x13
  RenderBlock {DIV} at (3,3) size 117x13
