layer at (0,0) size 800x615
  RenderView at (0,0) size 800x600
layer at (0,0) size 800x615
  RenderBlock {HTML} at (0,0) size 800x614.88
    RenderBody {BODY} at (8,8) size 784x598.88
      RenderBlock {H1} at (0,0) size 784x37
        RenderText {#text} at (0,0) size 422x37
          text run at (0,0) width 422: "Form Element Geometry Tests"
      RenderBlock {P} at (0,58.44) size 784x18
        RenderText {#text} at (0,0) size 540x18
          text run at (0,0) width 540: "These tests help us tune the widget classes in KWQ to have all the right fudge factors."
      RenderBlock {H2} at (0,96.34) size 784x28
        RenderText {#text} at (0,0) size 165x28
          text run at (0,0) width 165: "Bounding Boxes"
      RenderTable {TABLE} at (0,144.25) size 172x28
        RenderTableSection {TBODY} at (0,0) size 172x28
          RenderTableRow {TR} at (0,2) size 172x24
            RenderTableCell {TD} at (2,2) size 58x24 [r=0 c=0 rs=1 cs=1]
              RenderBlock {DIV} at (1,1) size 56x22 [border: (2px solid #0000FF)]
                RenderInline {FONT} at (0,0) size 52x28
                  RenderButton {INPUT} at (2,2) size 51.56x18 [bgcolor=#C0C0C0]
                    RenderBlock (anonymous) at (8,2.50) size 35.56x13
                      RenderText {#text} at (0,0) size 36x13
                        text run at (0,0) width 36: "button"
            RenderTableCell {TD} at (62,2) size 68x24 [r=0 c=1 rs=1 cs=1]
              RenderBlock {DIV} at (1,1) size 66x22 [border: (2px solid #0000FF)]
                RenderInline {FONT} at (0,0) size 62x28
                  RenderMenuList {SELECT} at (2,2) size 62x18 [bgcolor=#FFFFFF]
                    RenderBlock (anonymous) at (0,0) size 62x18
                      RenderText at (8,2) size 31x13
                        text run at (8,2) width 31: "menu"
            RenderTableCell {TD} at (132,4) size 18x19 [r=0 c=2 rs=1 cs=1]
              RenderBlock {DIV} at (1,1) size 16x17 [border: (2px solid #0000FF)]
                RenderInline {FONT} at (0,0) size 12x28
                  RenderBlock {INPUT} at (2,2) size 12x13
            RenderTableCell {TD} at (152,5) size 18x18 [r=0 c=3 rs=1 cs=1]
              RenderBlock {DIV} at (1,1) size 16x16 [border: (2px solid #0000FF)]
                RenderInline {FONT} at (0,0) size 12x28
                  RenderBlock {INPUT} at (2,2) size 12x12
      RenderTable {TABLE} at (0,172.25) size 172x28
        RenderTableSection {TBODY} at (0,0) size 172x28
          RenderTableRow {TR} at (0,2) size 172x24
            RenderTableCell {TD} at (2,2) size 58x24 [r=0 c=0 rs=1 cs=1]
              RenderBlock {DIV} at (1,1) size 56x22 [border: (2px solid #0000FF)]
                RenderButton {INPUT} at (2,2) size 51.56x18 [bgcolor=#C0C0C0]
                  RenderBlock (anonymous) at (8,2.50) size 35.56x13
                    RenderText {#text} at (0,0) size 36x13
                      text run at (0,0) width 36: "button"
            RenderTableCell {TD} at (62,2) size 68x24 [r=0 c=1 rs=1 cs=1]
              RenderBlock {DIV} at (1,1) size 66x22 [border: (2px solid #0000FF)]
                RenderMenuList {SELECT} at (2,2) size 62x18 [bgcolor=#FFFFFF]
                  RenderBlock (anonymous) at (0,0) size 62x18
                    RenderText at (8,2) size 31x13
                      text run at (8,2) width 31: "menu"
            RenderTableCell {TD} at (132,4) size 18x19 [r=0 c=2 rs=1 cs=1]
              RenderBlock {DIV} at (1,1) size 16x17 [border: (2px solid #0000FF)]
                RenderBlock {INPUT} at (2,2) size 12x13
            RenderTableCell {TD} at (152,5) size 18x18 [r=0 c=3 rs=1 cs=1]
              RenderBlock {DIV} at (1,1) size 16x16 [border: (2px solid #0000FF)]
                RenderBlock {INPUT} at (2,2) size 12x12
      RenderTable {TABLE} at (0,200.25) size 172x28
        RenderTableSection {TBODY} at (0,0) size 172x28
          RenderTableRow {TR} at (0,2) size 172x24
            RenderTableCell {TD} at (2,2) size 58x24 [r=0 c=0 rs=1 cs=1]
              RenderBlock {DIV} at (1,1) size 56x22 [border: (2px solid #0000FF)]
                RenderInline {FONT} at (0,0) size 52x13
                  RenderButton {INPUT} at (2,2) size 51.56x18 [bgcolor=#C0C0C0]
                    RenderBlock (anonymous) at (8,2.50) size 35.56x13
                      RenderText {#text} at (0,0) size 36x13
                        text run at (0,0) width 36: "button"
            RenderTableCell {TD} at (62,2) size 68x24 [r=0 c=1 rs=1 cs=1]
              RenderBlock {DIV} at (1,1) size 66x22 [border: (2px solid #0000FF)]
                RenderInline {FONT} at (0,0) size 62x13
                  RenderMenuList {SELECT} at (2,2) size 62x18 [bgcolor=#FFFFFF]
                    RenderBlock (anonymous) at (0,0) size 62x18
                      RenderText at (8,2) size 31x13
                        text run at (8,2) width 31: "menu"
            RenderTableCell {TD} at (132,4) size 18x19 [r=0 c=2 rs=1 cs=1]
              RenderBlock {DIV} at (1,1) size 16x17 [border: (2px solid #0000FF)]
                RenderInline {FONT} at (0,0) size 12x13
                  RenderBlock {INPUT} at (2,2) size 12x13
            RenderTableCell {TD} at (152,5) size 18x18 [r=0 c=3 rs=1 cs=1]
              RenderBlock {DIV} at (1,1) size 16x16 [border: (2px solid #0000FF)]
                RenderInline {FONT} at (0,0) size 12x13
                  RenderBlock {INPUT} at (2,2) size 12x12
      RenderTable {TABLE} at (0,228.25) size 539x67
        RenderTableSection {TBODY} at (0,0) size 539x67
          RenderTableRow {TR} at (0,2) size 539x63
            RenderTableCell {TD} at (2,2) size 79x25 [r=0 c=0 rs=1 cs=1]
              RenderBlock {DIV} at (1,1) size 77x23 [border: (2px solid #0000FF)]
                RenderTextControl {INPUT} at (2,2) size 73x19 [bgcolor=#FFFFFF] [border: (2px inset #EEEEEE)]
            RenderTableCell {TD} at (83,2) size 40x63 [r=0 c=1 rs=1 cs=1]
              RenderBlock {DIV} at (1,1) size 38x61 [border: (2px solid #0000FF)]
                RenderListBox {SELECT} at (2,2) size 34x57 [bgcolor=#FFFFFF] [border: (1px inset #808080)]
            RenderTableCell {TD} at (125,2) size 243x24 [r=0 c=2 rs=1 cs=1]
              RenderBlock {DIV} at (1,1) size 241x22 [border: (2px solid #0000FF)]
                RenderFileUploadControl {INPUT} at (2,2) size 237x18 "No file chosen"
                  RenderButton {INPUT} at (0,0) size 77.56x18 [bgcolor=#C0C0C0]
                    RenderBlock (anonymous) at (8,2.50) size 61.56x13
                      RenderText {#text} at (0,0) size 62x13
                        text run at (0,0) width 62: "Choose File"
            RenderTableCell {TD} at (370,2) size 167x38 [r=0 c=3 rs=1 cs=1]
              RenderBlock {DIV} at (1,1) size 165x36 [border: (2px solid #0000FF)]
      RenderBlock {H2} at (0,315.16) size 784x28
        RenderText {#text} at (0,0) size 200x28
          text run at (0,0) width 200: "Baseline Alignment"
      RenderBlock {DIV} at (0,363.06) size 784x28
        RenderInline {FONT} at (0,0) size 211x28
          RenderText {#text} at (0,0) size 43x28
            text run at (0,0) width 43: "text "
          RenderButton {INPUT} at (43,9) size 51.56x18 [bgcolor=#C0C0C0]
            RenderBlock (anonymous) at (8,2.50) size 35.56x13
              RenderText {#text} at (0,0) size 36x13
                text run at (0,0) width 36: "button"
          RenderText {#text} at (94,0) size 7x28
            text run at (94,0) width 7: " "
          RenderMenuList {SELECT} at (100.56,9) size 62x18 [bgcolor=#FFFFFF]
            RenderBlock (anonymous) at (0,0) size 62x18
              RenderText at (8,2) size 31x13
                text run at (8,2) width 31: "menu"
          RenderText {#text} at (162,0) size 7x28
            text run at (162,0) width 7: " "
          RenderBlock {INPUT} at (171.47,11) size 12x13
          RenderText {#text} at (186,0) size 7x28
            text run at (186,0) width 7: " "
          RenderBlock {INPUT} at (195.28,12) size 12x12
          RenderText {#text} at (0,0) size 0x0
      RenderBlock {DIV} at (0,391.06) size 784x19
        RenderText {#text} at (0,0) size 27x18
          text run at (0,0) width 27: "text "
        RenderButton {INPUT} at (27,1) size 51.56x18 [bgcolor=#C0C0C0]
          RenderBlock (anonymous) at (8,2.50) size 35.56x13
            RenderText {#text} at (0,0) size 36x13
              text run at (0,0) width 36: "button"
        RenderText {#text} at (78,0) size 5x18
          text run at (78,0) width 5: " "
        RenderMenuList {SELECT} at (82.56,1) size 62x18 [bgcolor=#FFFFFF]
          RenderBlock (anonymous) at (0,0) size 62x18
            RenderText at (8,2) size 31x13
              text run at (8,2) width 31: "menu"
        RenderText {#text} at (144,0) size 5x18
          text run at (144,0) width 5: " "
        RenderBlock {INPUT} at (151.47,3) size 12x13
        RenderText {#text} at (166,0) size 5x18
          text run at (166,0) width 5: " "
        RenderBlock {INPUT} at (173.28,4) size 12x12
        RenderText {#text} at (0,0) size 0x0
      RenderBlock {DIV} at (0,410.06) size 784x19
        RenderInline {FONT} at (0,0) size 177x13
          RenderText {#text} at (0,4) size 18x13
            text run at (0,4) width 18: "text "
          RenderButton {INPUT} at (18,1) size 51.56x18 [bgcolor=#C0C0C0]
            RenderBlock (anonymous) at (8,2.50) size 35.56x13
              RenderText {#text} at (0,0) size 36x13
                text run at (0,0) width 36: "button"
          RenderText {#text} at (69,4) size 4x13
            text run at (69,4) width 4: " "
          RenderMenuList {SELECT} at (72.56,1) size 62x18 [bgcolor=#FFFFFF]
            RenderBlock (anonymous) at (0,0) size 62x18
              RenderText at (8,2) size 31x13
                text run at (8,2) width 31: "menu"
          RenderText {#text} at (134,4) size 4x13
            text run at (134,4) width 4: " "
          RenderBlock {INPUT} at (140.47,3) size 12x13
          RenderText {#text} at (155,4) size 4x13
            text run at (155,4) width 4: " "
          RenderBlock {INPUT} at (161.28,4) size 12x12
          RenderText {#text} at (0,0) size 0x0
      RenderBlock {DIV} at (0,429.06) size 784x37
        RenderText {#text} at (0,18) size 27x18
          text run at (0,18) width 27: "text "
        RenderTextControl {INPUT} at (27,18) size 73x19 [bgcolor=#FFFFFF] [border: (2px inset #EEEEEE)]
        RenderText {#text} at (100,18) size 4x18
          text run at (100,18) width 4: " "
        RenderFileUploadControl {INPUT} at (104,19) size 237x18 "No file chosen"
          RenderButton {INPUT} at (0,0) size 77.56x18 [bgcolor=#C0C0C0]
            RenderBlock (anonymous) at (8,2.50) size 61.56x13
              RenderText {#text} at (0,0) size 62x13
                text run at (0,0) width 62: "Choose File"
        RenderText {#text} at (341,18) size 4x18
          text run at (341,18) width 4: " "
        RenderText {#text} at (0,0) size 0x0
      RenderBlock {H2} at (0,485.97) size 784x28
        RenderText {#text} at (0,0) size 197x28
          text run at (0,0) width 197: "Pop-up Menu Sizes"
      RenderBlock {DIV} at (0,533.88) size 784x28
        RenderInline {FONT} at (0,0) size 169x28
          RenderText {#text} at (0,0) size 0x0
          RenderMenuList {SELECT} at (0,9) size 36x18 [bgcolor=#FFFFFF]
            RenderBlock (anonymous) at (0,0) size 36x18
              RenderBR at (8,2) size 0x13 [bgcolor=#FFFFFF]
          RenderText {#text} at (36,0) size 6x28
            text run at (36,0) width 6: " "
          RenderMenuList {SELECT} at (42,9) size 36x18 [bgcolor=#FFFFFF]
            RenderBlock (anonymous) at (0,0) size 36x18
              RenderText at (8,2) size 5x13
                text run at (8,2) width 5: "|"
          RenderText {#text} at (78,0) size 6x28
            text run at (78,0) width 6: " "
          RenderMenuList {SELECT} at (84,9) size 85x18 [bgcolor=#FFFFFF]
            RenderBlock (anonymous) at (0,0) size 85x18
              RenderText at (8,2) size 54x13
                text run at (8,2) width 54: "xxxxxxxx"
          RenderText {#text} at (0,0) size 0x0
      RenderBlock {DIV} at (0,561.88) size 784x19
        RenderMenuList {SELECT} at (0,1) size 36x18 [bgcolor=#FFFFFF]
          RenderBlock (anonymous) at (0,0) size 36x18
            RenderBR at (8,2) size 0x13 [bgcolor=#FFFFFF]
        RenderText {#text} at (36,0) size 4x18
          text run at (36,0) width 4: " "
        RenderMenuList {SELECT} at (40,1) size 36x18 [bgcolor=#FFFFFF]
          RenderBlock (anonymous) at (0,0) size 36x18
            RenderText at (8,2) size 5x13
              text run at (8,2) width 5: "|"
        RenderText {#text} at (76,0) size 4x18
          text run at (76,0) width 4: " "
        RenderMenuList {SELECT} at (80,1) size 85x18 [bgcolor=#FFFFFF]
          RenderBlock (anonymous) at (0,0) size 85x18
            RenderText at (8,2) size 54x13
              text run at (8,2) width 54: "xxxxxxxx"
        RenderText {#text} at (0,0) size 0x0
      RenderBlock {DIV} at (0,580.88) size 784x18
        RenderInline {FONT} at (0,0) size 163x13
          RenderText {#text} at (0,0) size 0x0
          RenderMenuList {SELECT} at (0,0) size 36x18 [bgcolor=#FFFFFF]
            RenderBlock (anonymous) at (0,0) size 36x18
              RenderBR at (8,2) size 0x13 [bgcolor=#FFFFFF]
          RenderText {#text} at (36,3) size 3x13
            text run at (36,3) width 3: " "
          RenderMenuList {SELECT} at (39,0) size 36x18 [bgcolor=#FFFFFF]
            RenderBlock (anonymous) at (0,0) size 36x18
              RenderText at (8,2) size 5x13
                text run at (8,2) width 5: "|"
          RenderText {#text} at (75,3) size 3x13
            text run at (75,3) width 3: " "
          RenderMenuList {SELECT} at (78,0) size 85x18 [bgcolor=#FFFFFF]
            RenderBlock (anonymous) at (0,0) size 85x18
              RenderText at (8,2) size 54x13
                text run at (8,2) width 54: "xxxxxxxx"
          RenderText {#text} at (0,0) size 0x0
layer at (16,244) size 67x13
  RenderBlock {DIV} at (3,3) size 67x13
    RenderText {#text} at (0,0) size 49x13
      text run at (0,0) width 49: "text field"
layer at (381,241) size 161x32 clip at (382,242) size 159x30
  RenderTextControl {TEXTAREA} at (2,2) size 161x32 [bgcolor=#FFFFFF] [border: (1px solid #000000)]
    RenderBlock {DIV} at (3,3) size 155x13
      RenderText {#text} at (0,0) size 44x13
        text run at (0,0) width 44: "textarea"
layer at (38,458) size 67x13
  RenderBlock {DIV} at (3,3) size 67x13
    RenderText {#text} at (0,0) size 49x13
      text run at (0,0) width 49: "text field"
layer at (353,437) size 161x32 clip at (354,438) size 159x30
  RenderTextControl {TEXTAREA} at (345,0) size 161x32 [bgcolor=#FFFFFF] [border: (1px solid #000000)]
    RenderBlock {DIV} at (3,3) size 155x13
      RenderText {#text} at (0,0) size 44x13
        text run at (0,0) width 44: "textarea"
