layer at (0,0) size 800x600
  RenderView at (0,0) size 800x600
layer at (0,0) size 800x600
  RenderBlock {HTML} at (0,0) size 800x600
    RenderBody {BODY} at (8,8) size 784x584
      RenderText {#text} at (0,0) size 650x18
        text run at (0,0) width 650: "This tests that when a list box's options get updated, the list box will recalculate its width, and relayout. "
      RenderBR {BR} at (0,0) size 0x0
      RenderText {#text} at (0,0) size 0x0
layer at (8,26) size 196x58 clip at (9,27) size 183x56
  RenderListBox {SELECT} at (0,18) size 196.08x58 [bgcolor=#FFFFFF] [border: (1px solid #999999)]
    RenderBlock {OPTION} at (1,1) size 183.08x14
      RenderText {#text} at (2,0) size 180x13
        text run at (2,0) width 180: "This text should fit in the list box"
