layer at (0,0) size 800x600
  RenderView at (0,0) size 800x600
layer at (0,0) size 800x600
  RenderBlock {HTML} at (0,0) size 800x600
    RenderBody {BODY} at (8,8) size 784x584
      RenderBlock {P} at (0,0) size 784x36
        RenderText {#text} at (0,0) size 53x18
          text run at (0,0) width 53: "Test for "
        RenderInline {I} at (0,0) size 767x36
          RenderInline {A} at (0,0) size 301x18 [color=#0000EE]
            RenderText {#text} at (53,0) size 301x18
              text run at (53,0) width 301: "http://bugs.webkit.org/show_bug.cgi?id=13500"
          RenderText {#text} at (354,0) size 767x36
            text run at (354,0) width 4: " "
            text run at (358,0) width 409: "REGRESSION: Listbox scrollbar does not reflect actual scrolled"
            text run at (0,18) width 319: "position when selected option is added after layout"
        RenderText {#text} at (319,18) size 4x18
          text run at (319,18) width 4: "."
      RenderBlock {P} at (0,52) size 784x36
        RenderText {#text} at (0,0) size 780x36
          text run at (0,0) width 493: "The list box should be scrolled all the way down, showing the selected option "
          text run at (493,0) width 287: "\x{201C}Seven\x{201D}. The scroller should be at the bottom"
          text run at (0,18) width 102: "of the scroll bar "
          text run at (102,18) width 85: "to reflect this."
      RenderBlock (anonymous) at (0,104) size 784x57
        RenderText {#text} at (0,0) size 0x0
layer at (8,111) size 48x59 clip at (9,112) size 35x57 scrollY 42 scrollHeight 99
  RenderListBox {SELECT} at (0,-0.75) size 47.70x58.75 [bgcolor=#FFFFFF] [border: (1px solid #999999)]
    RenderBlock {OPTION} at (1,1) size 34.70x14.19
      RenderText {#text} at (2,0) size 22x13
        text run at (2,0) width 22: "One"
    RenderBlock {OPTION} at (1,15.19) size 34.70x14.19
      RenderText {#text} at (2,0) size 23x13
        text run at (2,0) width 23: "Two"
    RenderBlock {OPTION} at (1,29.38) size 34.70x14.19
      RenderText {#text} at (2,0) size 31x13
        text run at (2,0) width 31: "Three"
    RenderBlock {OPTION} at (1,43.56) size 34.70x14.19
      RenderText {#text} at (2,0) size 24x13
        text run at (2,0) width 24: "Four"
    RenderBlock {OPTION} at (1,57.75) size 34.70x14.19
      RenderText {#text} at (2,0) size 21x13
        text run at (2,0) width 21: "Five"
    RenderBlock {OPTION} at (1,71.94) size 34.70x14.19
      RenderText {#text} at (2,0) size 16x13
        text run at (2,0) width 16: "Six"
    RenderBlock {OPTION} at (1,86.13) size 34.70x14.19 [bgcolor=#D4D4D4]
      RenderText {#text} at (2,0) size 31x13
        text run at (2,0) width 31: "Seven"
