layer at (0,0) size 800x600
  RenderView at (0,0) size 800x600
layer at (0,0) size 800x600
  RenderBlock {HTML} at (0,0) size 800x600
    RenderBody {BODY} at (8,8) size 784x584
      RenderText {#text} at (0,0) size 0x0
layer at (8,8) size 100x86 clip at (9,9) size 87x84 scrollWidth 122 scrollHeight 105
  RenderListBox {SELECT} at (0,0) size 100x86 [bgcolor=#FFFFFF] [border: (1px solid #999999)]
    RenderBlock {OPTION} at (1,1) size 87x21
      RenderText {#text} at (2,0) size 120x20
        text run at (2,0) width 120: "aaaaaa"
    RenderBlock {OPTION} at (1,22) size 87x21
      RenderText {#text} at (2,0) size 120x20
        text run at (2,0) width 120: "aaaaaa"
    RenderBlock {OPTION} at (1,43) size 87x21
      RenderText {#text} at (2,0) size 120x20
        text run at (2,0) width 120: "aaaaaa"
    RenderBlock {OPTION} at (1,64) size 87x21
      RenderText {#text} at (2,0) size 120x20
        text run at (2,0) width 120: "aaaaaa"
    RenderBlock {OPTION} at (1,85) size 87x21
      RenderText {#text} at (2,0) size 120x20
        text run at (2,0) width 120: "aaaaaa"
