layer at (0,0) size 800x600
  RenderView at (0,0) size 800x600
layer at (0,0) size 800x600
  RenderBlock {HTML} at (0,0) size 800x600
    RenderBody {BODY} at (9.59,9.59) size 780.81x580.81
      RenderBlock (anonymous) at (0,0) size 780.81x162
        RenderListBox {SELECT} at (2,0) size 128x162 [bgcolor=#FFFFFF] [border: (12px solid #000000)]
        RenderText {#text} at (0,0) size 0x0
      RenderBlock {DIV} at (0,162) size 780.81x66
        RenderText {#text} at (0,0) size 61x22
          text run at (0,0) width 61: "Results:"
        RenderBR {BR} at (61,17) size 0x0
        RenderText {#text} at (0,22) size 106x22
          text run at (0,22) width 106: "Test 1 Passed"
        RenderBR {BR} at (106,39) size 0x0
        RenderText {#text} at (0,44) size 106x22
          text run at (0,44) width 106: "Test 2 Passed"
