layer at (0,0) size 800x600
  RenderView at (0,0) size 800x600
layer at (0,0) size 800x600
  RenderBlock {HTML} at (0,0) size 800x600
    RenderBody {BODY} at (8,8) size 784x584
      RenderBlock {P} at (0,0) size 784x36
        RenderText {#text} at (0,0) size 53x18
          text run at (0,0) width 53: "Test for "
        RenderInline {I} at (0,0) size 738x36
          RenderInline {A} at (0,0) size 301x18 [color=#0000EE]
            RenderText {#text} at (53,0) size 301x18
              text run at (53,0) width 301: "http://bugs.webkit.org/show_bug.cgi?id=12986"
          RenderText {#text} at (354,0) size 738x36
            text run at (354,0) width 4: " "
            text run at (358,0) width 380: "REGRESSION(NativeListBox): Listboxes not updated when"
            text run at (0,18) width 125: "resized dynamically"
        RenderText {#text} at (125,18) size 4x18
          text run at (125,18) width 4: "."
      RenderBlock {P} at (0,52) size 784x18
        RenderText {#text} at (0,0) size 316x18
          text run at (0,0) width 316: "This list box should be tall enough to fit 6 options."
      RenderBlock (anonymous) at (0,86) size 784x86
        RenderText {#text} at (0,0) size 0x0
        RenderText {#text} at (0,0) size 0x0
layer at (8,94) size 48x87 clip at (9,95) size 35x85
  RenderListBox {SELECT} at (0,-0.13) size 47.55x87.13 [bgcolor=#FFFFFF] [border: (1px solid #999999)]
    RenderBlock {OPTION} at (1,1) size 34.55x14.19
      RenderText {#text} at (2,0) size 22x13
        text run at (2,0) width 22: "One"
    RenderBlock {OPTION} at (1,15.19) size 34.55x14.19
      RenderText {#text} at (2,0) size 23x13
        text run at (2,0) width 23: "Two"
    RenderBlock {OPTION} at (1,29.38) size 34.55x14.19
      RenderText {#text} at (2,0) size 31x13
        text run at (2,0) width 31: "Three"
    RenderBlock {OPTION} at (1,43.56) size 34.55x14.19
      RenderText {#text} at (2,0) size 24x13
        text run at (2,0) width 24: "Four"
    RenderBlock {OPTION} at (1,57.75) size 34.55x14.19
      RenderText {#text} at (2,0) size 21x13
        text run at (2,0) width 21: "Five"
    RenderBlock {OPTION} at (1,71.94) size 34.55x14.19
      RenderText {#text} at (2,0) size 16x13
        text run at (2,0) width 16: "Six"
