layer at (0,0) size 800x600
  RenderView at (0,0) size 800x600
layer at (0,0) size 800x600
  RenderBlock {HTML} at (0,0) size 800x600
    RenderBody {BODY} at (8,8) size 784x584
layer at (8,8) size 784x129 clip at (8,8) size 769x114
  RenderBlock {DIV} at (0,0) size 784x129
    RenderText {#text} at (0,0) size 0x0
layer at (8,8) size 48x114 clip at (9,9) size 35x101 scrollHeight 140
  RenderListBox {SELECT} at (0,0) size 47.70x114 [bgcolor=#F8F8F8] [border: (1px inset #999999)]
    RenderBlock {OPTION} at (1,1) size 34.70x14
      RenderText {#text} at (2,0) size 22x13
        text run at (2,0) width 22: "One"
    RenderBlock {OPTION} at (1,15) size 34.70x14
      RenderText {#text} at (2,0) size 23x13
        text run at (2,0) width 23: "Two"
    RenderBlock {OPTION} at (1,29) size 34.70x14
      RenderText {#text} at (2,0) size 31x13
        text run at (2,0) width 31: "Three"
    RenderBlock {OPTION} at (1,43) size 34.70x14
      RenderText {#text} at (2,0) size 24x13
        text run at (2,0) width 24: "Four"
    RenderBlock {OPTION} at (1,57) size 34.70x14
      RenderText {#text} at (2,0) size 21x13
        text run at (2,0) width 21: "Five"
    RenderBlock {OPTION} at (1,71) size 34.70x14
      RenderText {#text} at (2,0) size 16x13
        text run at (2,0) width 16: "Six"
    RenderBlock {OPTION} at (1,85) size 34.70x14
      RenderText {#text} at (2,0) size 31x13
        text run at (2,0) width 31: "Seven"
    RenderBlock {OPTION} at (1,99) size 34.70x14
      RenderText {#text} at (2,0) size 27x13
        text run at (2,0) width 27: "Eight"
    RenderBlock {OPTION} at (1,113) size 34.70x14
      RenderText {#text} at (2,0) size 25x13
        text run at (2,0) width 25: "Nine"
    RenderBlock {OPTION} at (1,127) size 34.70x14
      RenderText {#text} at (2,0) size 20x13
        text run at (2,0) width 20: "Ten"
