layer at (0,0) size 800x600
  RenderView at (0,0) size 800x600
layer at (0,0) size 800x600
  RenderBlock {HTML} at (0,0) size 800x600
    RenderBody {BODY} at (8,8) size 784x584
      RenderText {#text} at (0,0) size 554x18
        text run at (0,0) width 250: "This tests that styled popups look right. "
        text run at (250,0) width 304: "(Aqua for now- later, we will honor the styling)."
      RenderBR {BR} at (554,14) size 0x0
      RenderMenuList {SELECT} at (0,19) size 51x18 [bgcolor=#FF0000] [border: (1px solid #A6A6A6)]
        RenderBlock (anonymous) at (1,1) size 49x16
          RenderText at (8,1) size 20x13
            text run at (8,1) width 20: "test"
      RenderText {#text} at (51,18) size 4x18
        text run at (51,18) width 4: " "
      RenderBR {BR} at (55,32) size 0x0
      RenderText {#text} at (0,37) size 528x18
        text run at (0,37) width 528: "This tests that background color is white by default regardless of the parent element."
      RenderBR {BR} at (528,51) size 0x0
      RenderInline {SPAN} at (0,0) size 65x28 [bgcolor=#FF0000]
        RenderText {#text} at (0,0) size 0x0
        RenderMenuList {SELECT} at (5,56) size 51x18 [bgcolor=#F8F8F8]
          RenderBlock (anonymous) at (0,0) size 51x18
            RenderText at (8,2) size 20x13
              text run at (8,2) width 20: "test"
        RenderText {#text} at (56,55) size 4x18
          text run at (56,55) width 4: " "
      RenderText {#text} at (0,0) size 0x0
      RenderBR {BR} at (0,0) size 0x0
      RenderText {#text} at (0,74) size 625x18
        text run at (0,74) width 625: "This tests that background color is inherited from the parent if background-color:inherit is specified."
      RenderBR {BR} at (625,88) size 0x0
      RenderInline {SPAN} at (0,0) size 65x28 [bgcolor=#FF0000]
        RenderText {#text} at (0,0) size 0x0
        RenderMenuList {SELECT} at (5,93) size 51x18 [border: (1px solid #A6A6A6)]
          RenderBlock (anonymous) at (1,1) size 49x16
            RenderText at (8,1) size 20x13
              text run at (8,1) width 20: "test"
        RenderText {#text} at (56,92) size 4x18
          text run at (56,92) width 4: " "
      RenderText {#text} at (0,0) size 0x0
      RenderBR {BR} at (0,0) size 0x0
      RenderText {#text} at (0,111) size 637x18
        text run at (0,111) width 637: "This tests that background color is the same as the parent if background-color:transparent is specified."
      RenderBR {BR} at (637,125) size 0x0
      RenderInline {SPAN} at (0,0) size 65x28 [bgcolor=#FF0000]
        RenderText {#text} at (0,0) size 0x0
        RenderMenuList {SELECT} at (5,130) size 51x18 [border: (1px solid #A6A6A6)]
          RenderBlock (anonymous) at (1,1) size 49x16
            RenderText at (8,1) size 20x13
              text run at (8,1) width 20: "test"
        RenderText {#text} at (56,129) size 4x18
          text run at (56,129) width 4: " "
      RenderText {#text} at (0,0) size 0x0
      RenderBR {BR} at (0,0) size 0x0
      RenderText {#text} at (0,148) size 498x18
        text run at (0,148) width 498: "This tests that background is white if only background-image:none is specified."
      RenderBR {BR} at (498,162) size 0x0
      RenderMenuList {SELECT} at (0,167) size 51x18 [bgcolor=#F8F8F8]
        RenderBlock (anonymous) at (0,0) size 51x18
          RenderText at (8,2) size 20x13
            text run at (8,2) width 20: "test"
      RenderText {#text} at (51,166) size 4x18
        text run at (51,166) width 4: " "
      RenderBR {BR} at (55,180) size 0x0
      RenderText {#text} at (0,185) size 418x18
        text run at (0,185) width 418: "This tests that the image specified for background-image is visible."
      RenderBR {BR} at (418,199) size 0x0
      RenderMenuList {SELECT} at (0,203) size 51x18 [bgcolor=#F8F8F8] [border: (1px solid #A6A6A6)]
        RenderBlock (anonymous) at (1,1) size 49x16
          RenderText at (8,1) size 20x13
            text run at (8,1) width 20: "test"
      RenderText {#text} at (0,0) size 0x0
