layer at (0,0) size 785x1199
  RenderView at (0,0) size 785x600
layer at (0,0) size 785x1199
  RenderBlock {HTML} at (0,0) size 785x1199.33
    RenderBody {BODY} at (8,8) size 769x1175.33
      RenderBlock (anonymous) at (0,0) size 769x18
        RenderText {#text} at (0,0) size 269x18
          text run at (0,0) width 269: "line-height settings not reflected in textarea"
        RenderBR {BR} at (269,0) size 0x18
      RenderBlock {P} at (0,34) size 769x264
        RenderText {#text} at (0,0) size 87x18
          text run at (0,0) width 87: "TEXTAREA"
        RenderBR {BR} at (87,0) size 0x18
        RenderText {#text} at (406,210) size 4x18
          text run at (406,210) width 4: " "
        RenderBR {BR} at (0,0) size 0x0
        RenderBR {BR} at (0,228) size 0x18
        RenderText {#text} at (0,246) size 152x18
          text run at (0,246) width 152: "PARAGRAPH - works"
      RenderBlock {P} at (0,314) size 402x202 [border: (1px dotted #C0C0C0)]
        RenderText {#text} at (1,19) size 382x69
          text run at (1,19) width 382: "Demo text here that wraps a bit and should demonstrate"
          text run at (1,72) width 182: "the goodness of line-height"
      RenderBlock (anonymous) at (0,529.33) size 769x36
        RenderBR {BR} at (0,0) size 0x18
        RenderText {#text} at (0,18) size 81x18
          text run at (0,18) width 81: "DIV - works"
        RenderBR {BR} at (81,18) size 0x18
      RenderBlock {DIV} at (0,565.33) size 402x202 [border: (1px dotted #C0C0C0)]
        RenderText {#text} at (1,19) size 382x69
          text run at (1,19) width 382: "Demo text here that wraps a bit and should demonstrate"
          text run at (1,72) width 182: "the goodness of line-height"
      RenderBlock (anonymous) at (0,767.33) size 769x408
        RenderBR {BR} at (0,0) size 0x18
        RenderBR {BR} at (0,18) size 0x18
        RenderText {#text} at (0,36) size 124x18
          text run at (0,36) width 124: "Un-Styled Textarea"
        RenderBR {BR} at (124,36) size 0x18
        RenderText {#text} at (161,72) size 4x18
          text run at (161,72) width 4: " "
        RenderBR {BR} at (0,0) size 0x0
        RenderBR {BR} at (0,90) size 0x18
        RenderText {#text} at (0,108) size 215x18
          text run at (0,108) width 215: "Totally Blank Un-Styled Textarea"
        RenderBR {BR} at (215,108) size 0x18
        RenderText {#text} at (161,144) size 4x18
          text run at (161,144) width 4: " "
        RenderBR {BR} at (0,0) size 0x0
        RenderBR {BR} at (0,162) size 0x18
        RenderText {#text} at (0,180) size 213x18
          text run at (0,180) width 213: "Totally Blank STYLED Textarea"
        RenderBR {BR} at (213,180) size 0x18
        RenderText {#text} at (0,0) size 0x0
      RenderBlock {P} at (0,1191.33) size 769x0
layer at (8,60) size 406x206 clip at (9,61) size 404x204
  RenderTextControl {TEXTAREA} at (0,18) size 406x206 [bgcolor=#FFFFFF] [border: (1px dotted #C0C0C0)]
    RenderBlock {DIV} at (3,3) size 400x106
      RenderText {#text} at (0,18) size 387x69
        text run at (0,18) width 382: "Demo text here that wraps a bit and should demonstrate"
        text run at (382,18) width 5: " "
        text run at (0,71) width 182: "the goodness of line-height"
layer at (8,829) size 161x32 clip at (9,830) size 144x30 scrollHeight 56
  RenderTextControl {TEXTAREA} at (0,54) size 161x32 [bgcolor=#FFFFFF] [border: (1px solid #000000)]
    RenderBlock {DIV} at (3,3) size 140x52
      RenderText {#text} at (0,0) size 129x52
        text run at (0,0) width 108: "Demo text here that"
        text run at (107,0) width 5: " "
        text run at (0,13) width 122: "wraps a bit and should"
        text run at (121,13) width 5: " "
        text run at (0,26) width 88: "demonstrate the"
        text run at (87,26) width 5: " "
        text run at (0,39) width 129: "goodness of line-height"
layer at (8,901) size 161x32 clip at (9,902) size 159x30
  RenderTextControl {TEXTAREA} at (0,126) size 161x32 [bgcolor=#FFFFFF] [border: (1px solid #000000)]
    RenderBlock {DIV} at (3,3) size 155x13
layer at (8,973) size 406x206 clip at (9,974) size 404x204
  RenderTextControl {TEXTAREA} at (0,198) size 406x206 [bgcolor=#FFFFFF] [border: (1px dotted #C0C0C0)]
    RenderBlock {DIV} at (3,3) size 400x53
