layer at (0,0) size 800x600
  RenderView at (0,0) size 800x600
layer at (0,0) size 800x600
  RenderBlock {HTML} at (0,0) size 800x600
    RenderBody {BODY} at (8,8) size 784x584
layer at (8,8) size 784x492
  RenderBlock {DIV} at (0,0) size 784x492 [border: (5px solid #000000)]
    RenderText {#text} at (15,5) size 241x1412
      text run at (15,5) width 182: "Lorem ipsum dolor sit amet,"
      text run at (15,21) width 218: "consectetuer adipiscing elit. Nulla"
      text run at (15,37) width 184: "varius enim ac mi. Curabitur"
      text run at (15,53) width 237: "sollicitudin felis quis lectus. Quisque"
      text run at (15,69) width 229: "adipiscing rhoncus sem. Proin nulla"
      text run at (15,85) width 195: "purus, vulputate vel, varius ut,"
      text run at (15,101) width 224: "euismod et, nisi. Sed vitae felis vel"
      text run at (15,117) width 229: "orci sagittis aliquam. Cras convallis"
      text run at (15,133) width 204: "adipiscing sem. Nam nonummy"
      text run at (15,149) width 209: "enim. Nullam bibendum lobortis"
      text run at (15,165) width 237: "neque. Vestibulum velit orci, tempus"
      text run at (15,181) width 209: "euismod, pretium quis, interdum"
      text run at (15,197) width 217: "vitae, nulla. Phasellus eget ante et"
      text run at (15,213) width 207: "tortor condimentum vestibulum."
      text run at (15,229) width 206: "Suspendisse hendrerit quam nec"
      text run at (15,245) width 217: "felis. Sed varius turpis vitae pede."
      text run at (15,261) width 182: "Lorem ipsum dolor sit amet,"
      text run at (15,277) width 217: "consectetuer adipiscing elit. Proin"
      text run at (15,293) width 240: "bibendum justo ac enim. Class aptent"
      text run at (15,309) width 231: "taciti sociosqu ad litora torquent per"
      text run at (15,325) width 180: "conubia nostra, per inceptos"
      text run at (15,341) width 239: "hymenaeos. Sed leo nulla, rutrum eu,"
      text run at (15,357) width 217: "dictum ut, posuere vel, arcu. Nam"
      text run at (15,373) width 187: "libero. Morbi orci. Maecenas"
      text run at (15,389) width 210: "pellentesque. Curabitur erat erat,"
      text run at (15,405) width 234: "ullamcorper at, gravida vitae, iaculis"
      text run at (15,421) width 217: "vitae, elit. Nullam quam. Quisque"
      text run at (15,437) width 240: "orci lectus, ullamcorper eu, imperdiet"
      text run at (15,453) width 227: "sed, accumsan et, ligula. Duis diam"
      text run at (15,469) width 201: "nisl, sagittis a, blandit volutpat,"
      text run at (15,487) width 203: "interdum sed, velit. Vestibulum"
      text run at (15,503) width 199: "quam. Nulla a purus. Phasellus"
      text run at (15,519) width 182: "semper semper lectus. Nulla"
      text run at (15,535) width 218: "porttitor, dolor dictum scelerisque"
      text run at (15,551) width 241: "luctus, velit ipsum lobortis mauris, ac"
      text run at (15,567) width 222: "pretium enim nunc vel risus. Proin"
      text run at (15,583) width 208: "gravida mi ut sem cursus mattis."
      text run at (15,599) width 189: "Fusce laoreet, nisi quis luctus"
      text run at (15,615) width 224: "volutpat, arcu pede tincidunt enim,"
      text run at (15,631) width 213: "nec malesuada urna nisl eu enim."
      text run at (15,647) width 205: "Vivamus varius augue ac purus."
      text run at (15,663) width 234: "Vestibulum vestibulum. Phasellus et"
      text run at (15,679) width 210: "est vitae ante accumsan rhoncus."
      text run at (15,695) width 215: "Morbi convallis, arcu at hendrerit"
      text run at (15,711) width 223: "gravida, sem diam dignissim risus,"
      text run at (15,727) width 198: "sed aliquet erat mi ut mi. Nunc"
      text run at (15,743) width 186: "cursus lacinia elit. Nunc nisi."
      text run at (15,759) width 228: "Quisque at erat. Vestibulum dictum"
      text run at (15,775) width 240: "quam vitae nibh. Nunc vitae ante non"
      text run at (15,791) width 232: "odio interdum blandit. Curabitur leo"
      text run at (15,807) width 212: "quam, fermentum sed, feugiat in,"
      text run at (15,823) width 235: "ullamcorper id, nibh. Suspendisse ac"
      text run at (15,839) width 208: "turpis. In iaculis sollicitudin dui."
      text run at (15,855) width 197: "Aenean vitae lectus vitae nulla"
      text run at (15,871) width 199: "pellentesque sollicitudin. Nunc"
      text run at (15,887) width 229: "gravida pharetra lectus. Etiam lacus"
      text run at (15,903) width 204: "ligula, placerat ut, dictum vitae,"
      text run at (15,919) width 204: "tempus vel, risus. Cras rhoncus."
      text run at (15,935) width 232: "Praesent varius ultricies orci. Donec"
      text run at (15,951) width 237: "mattis, neque ut ornare fringilla, ante"
      text run at (15,969) width 237: "urna placerat eros, vel commodo nisi"
      text run at (15,985) width 223: "tortor ut mauris. Morbi magna dui,"
      text run at (15,1001) width 184: "sagittis sit amet, tincidunt et,"
      text run at (15,1017) width 191: "elementum eget, quam. Fusce"
      text run at (15,1033) width 238: "molestie nisl vitae nisi. Vestibulum a"
      text run at (15,1049) width 240: "sapien. Phasellus ante lacus, vehicula"
      text run at (15,1065) width 209: "non, cursus a, tempor ut, magna."
      text run at (15,1081) width 224: "Suspendisse potenti. Fusce aliquet,"
      text run at (15,1097) width 230: "odio viverra vulputate dictum, enim"
      text run at (15,1113) width 206: "odio luctus purus, ut scelerisque"
      text run at (15,1129) width 202: "quam nulla non est. Donec eros"
      text run at (15,1145) width 208: "lacus, egestas vitae, lacinia quis,"
      text run at (15,1161) width 224: "tempor quis, pede. Morbi orci erat,"
      text run at (15,1177) width 224: "iaculis id, ornare ac, elementum at,"
      text run at (15,1193) width 240: "sem. Nunc ornare sodales nisi. Morbi"
      text run at (15,1209) width 229: "interdum commodo nisl. Fusce eget"
      text run at (15,1225) width 213: "eros non nisi ornare facilisis. Sed"
      text run at (15,1241) width 216: "placerat, est non posuere posuere,"
      text run at (15,1257) width 238: "purus sem dignissim libero, a viverra"
      text run at (15,1273) width 221: "tellus dolor vel lorem. Cras augue."
      text run at (15,1289) width 199: "Etiam ultricies consequat odio."
      text run at (15,1305) width 209: "Mauris ac libero. Etiam posuere,"
      text run at (15,1321) width 220: "libero vitae euismod gravida, urna"
      text run at (15,1337) width 230: "elit imperdiet magna, vel cursus elit"
      text run at (15,1353) width 214: "felis non mauris. Donec orci erat,"
      text run at (15,1369) width 194: "porta id, dignissim ut, posuere"
      text run at (15,1385) width 234: "dictum, leo. Suspendisse scelerisque"
      text run at (15,1401) width 87: "egestas nulla."
