layer at (0,0) size 785x724
  RenderView at (0,0) size 785x600
layer at (0,0) size 785x724
  RenderBlock {HTML} at (0,0) size 785x724
    RenderBody {BODY} at (8,8) size 769x708
layer at (8,8) size 769x346
  RenderBlock {DIV} at (0,0) size 769x346 [border: (5px solid #0000FF)]
    RenderBlock (anonymous) at (5,5) size 371.50x336
      RenderText {#text} at (0,0) size 113x16
        text run at (0,0) width 113: "This is some text."
      RenderBR {BR} at (112,12) size 1x0
      RenderText {#text} at (0,16) size 113x16
        text run at (0,16) width 113: "This is some text."
      RenderBR {BR} at (112,28) size 1x0
      RenderText {#text} at (0,32) size 113x16
        text run at (0,32) width 113: "This is some text."
      RenderBR {BR} at (112,44) size 1x0
      RenderText {#text} at (0,48) size 113x16
        text run at (0,48) width 113: "This is some text."
      RenderBR {BR} at (112,60) size 1x0
      RenderText {#text} at (0,64) size 113x16
        text run at (0,64) width 113: "This is some text."
      RenderBR {BR} at (112,76) size 1x0
      RenderText {#text} at (0,80) size 113x16
        text run at (0,80) width 113: "This is some text."
      RenderBR {BR} at (112,92) size 1x0
      RenderText {#text} at (0,96) size 113x16
        text run at (0,96) width 113: "This is some text."
      RenderBR {BR} at (112,108) size 1x0
      RenderText {#text} at (0,112) size 113x16
        text run at (0,112) width 113: "This is some text."
      RenderBR {BR} at (112,124) size 1x0
      RenderText {#text} at (0,128) size 113x16
        text run at (0,128) width 113: "This is some text."
      RenderBR {BR} at (112,140) size 1x0
      RenderText {#text} at (0,144) size 113x16
        text run at (0,144) width 113: "This is some text."
      RenderBR {BR} at (112,156) size 1x0
      RenderText {#text} at (0,160) size 113x16
        text run at (0,160) width 113: "This is some text."
      RenderBR {BR} at (112,172) size 1x0
      RenderText {#text} at (0,176) size 113x16
        text run at (0,176) width 113: "This is some text."
      RenderBR {BR} at (112,188) size 1x0
      RenderText {#text} at (0,192) size 113x16
        text run at (0,192) width 113: "This is some text."
      RenderBR {BR} at (112,204) size 1x0
      RenderText {#text} at (0,208) size 113x16
        text run at (0,208) width 113: "This is some text."
      RenderBR {BR} at (112,220) size 1x0
      RenderText {#text} at (0,224) size 113x16
        text run at (0,224) width 113: "This is some text."
      RenderBR {BR} at (112,236) size 1x0
      RenderText {#text} at (0,240) size 113x16
        text run at (0,240) width 113: "This is some text."
      RenderBR {BR} at (112,252) size 1x0
      RenderText {#text} at (0,256) size 113x16
        text run at (0,256) width 113: "This is some text."
      RenderBR {BR} at (112,268) size 1x0
      RenderText {#text} at (0,272) size 113x16
        text run at (0,272) width 113: "This is some text."
      RenderBR {BR} at (112,284) size 1x0
      RenderText {#text} at (0,288) size 113x16
        text run at (0,288) width 113: "This is some text."
      RenderBR {BR} at (112,300) size 1x0
      RenderText {#text} at (0,304) size 113x16
        text run at (0,304) width 113: "This is some text."
      RenderBR {BR} at (112,316) size 1x0
      RenderText {#text} at (0,320) size 113x16
        text run at (0,320) width 113: "This is some text."
      RenderBR {BR} at (112,332) size 1x0
    RenderBlock {DIV} at (5,341) size 371.50x64
      RenderText {#text} at (0,0) size 267x16
        text run at (0,0) width 267: "This text should be in the second column."
      RenderBR {BR} at (266,12) size 1x0
      RenderText {#text} at (0,16) size 267x16
        text run at (0,16) width 267: "This text should be in the second column."
      RenderBR {BR} at (266,28) size 1x0
      RenderText {#text} at (0,32) size 267x16
        text run at (0,32) width 267: "This text should be in the second column."
      RenderBR {BR} at (266,44) size 1x0
      RenderText {#text} at (0,48) size 267x16
        text run at (0,48) width 267: "This text should be in the second column."
      RenderBR {BR} at (266,60) size 1x0
layer at (8,370) size 769x346
  RenderBlock {DIV} at (0,362) size 769x346 [border: (5px solid #0000FF)]
    RenderBlock (anonymous) at (5,5) size 371.50x64
      RenderText {#text} at (0,0) size 248x16
        text run at (0,0) width 248: "This text should be in the first column."
      RenderBR {BR} at (247,12) size 1x0
      RenderText {#text} at (0,16) size 248x16
        text run at (0,16) width 248: "This text should be in the first column."
      RenderBR {BR} at (247,28) size 1x0
      RenderText {#text} at (0,32) size 248x16
        text run at (0,32) width 248: "This text should be in the first column."
      RenderBR {BR} at (247,44) size 1x0
      RenderText {#text} at (0,48) size 248x16
        text run at (0,48) width 248: "This text should be in the first column."
      RenderBR {BR} at (247,60) size 1x0
    RenderBlock {DIV} at (5,341) size 371.50x336
      RenderText {#text} at (0,0) size 113x16
        text run at (0,0) width 113: "This is some text."
      RenderBR {BR} at (112,12) size 1x0
      RenderText {#text} at (0,16) size 113x16
        text run at (0,16) width 113: "This is some text."
      RenderBR {BR} at (112,28) size 1x0
      RenderText {#text} at (0,32) size 113x16
        text run at (0,32) width 113: "This is some text."
      RenderBR {BR} at (112,44) size 1x0
      RenderText {#text} at (0,48) size 113x16
        text run at (0,48) width 113: "This is some text."
      RenderBR {BR} at (112,60) size 1x0
      RenderText {#text} at (0,64) size 113x16
        text run at (0,64) width 113: "This is some text."
      RenderBR {BR} at (112,76) size 1x0
      RenderText {#text} at (0,80) size 113x16
        text run at (0,80) width 113: "This is some text."
      RenderBR {BR} at (112,92) size 1x0
      RenderText {#text} at (0,96) size 113x16
        text run at (0,96) width 113: "This is some text."
      RenderBR {BR} at (112,108) size 1x0
      RenderText {#text} at (0,112) size 113x16
        text run at (0,112) width 113: "This is some text."
      RenderBR {BR} at (112,124) size 1x0
      RenderText {#text} at (0,128) size 113x16
        text run at (0,128) width 113: "This is some text."
      RenderBR {BR} at (112,140) size 1x0
      RenderText {#text} at (0,144) size 113x16
        text run at (0,144) width 113: "This is some text."
      RenderBR {BR} at (112,156) size 1x0
      RenderText {#text} at (0,160) size 113x16
        text run at (0,160) width 113: "This is some text."
      RenderBR {BR} at (112,172) size 1x0
      RenderText {#text} at (0,176) size 113x16
        text run at (0,176) width 113: "This is some text."
      RenderBR {BR} at (112,188) size 1x0
      RenderText {#text} at (0,192) size 113x16
        text run at (0,192) width 113: "This is some text."
      RenderBR {BR} at (112,204) size 1x0
      RenderText {#text} at (0,208) size 113x16
        text run at (0,208) width 113: "This is some text."
      RenderBR {BR} at (112,220) size 1x0
      RenderText {#text} at (0,224) size 113x16
        text run at (0,224) width 113: "This is some text."
      RenderBR {BR} at (112,236) size 1x0
      RenderText {#text} at (0,240) size 113x16
        text run at (0,240) width 113: "This is some text."
      RenderBR {BR} at (112,252) size 1x0
      RenderText {#text} at (0,256) size 113x16
        text run at (0,256) width 113: "This is some text."
      RenderBR {BR} at (112,268) size 1x0
      RenderText {#text} at (0,272) size 113x16
        text run at (0,272) width 113: "This is some text."
      RenderBR {BR} at (112,284) size 1x0
      RenderText {#text} at (0,288) size 113x16
        text run at (0,288) width 113: "This is some text."
      RenderBR {BR} at (112,300) size 1x0
      RenderText {#text} at (0,304) size 113x16
        text run at (0,304) width 113: "This is some text."
      RenderBR {BR} at (112,316) size 1x0
      RenderText {#text} at (0,320) size 113x16
        text run at (0,320) width 113: "This is some text."
      RenderBR {BR} at (112,332) size 1x0
