layer at (0,0) size 800x624
  RenderView at (0,0) size 800x600
layer at (0,0) size 800x624
  RenderBlock {HTML} at (0,0) size 800x624
    RenderBody {BODY} at (8,8) size 784x608
layer at (8,8) size 784x608
  RenderBlock {DIV} at (0,0) size 784x608
    RenderText {#text} at (0,0) size 380x1200
      text run at (0,0) width 380: "This content should be split into two columns. This content"
      text run at (0,16) width 362: "should be split into two columns. This content should be"
      text run at (0,32) width 357: "split into two columns. This content should be split into"
      text run at (0,48) width 324: "two columns. This content should be split into two"
      text run at (0,64) width 359: "columns. This content should be split into two columns."
      text run at (0,80) width 380: "This content should be split into two columns. This content"
      text run at (0,96) width 362: "should be split into two columns. This content should be"
      text run at (0,112) width 357: "split into two columns. This content should be split into"
      text run at (0,128) width 324: "two columns. This content should be split into two"
      text run at (0,144) width 359: "columns. This content should be split into two columns."
      text run at (0,160) width 380: "This content should be split into two columns. This content"
      text run at (0,176) width 362: "should be split into two columns. This content should be"
      text run at (0,192) width 357: "split into two columns. This content should be split into"
      text run at (0,208) width 324: "two columns. This content should be split into two"
      text run at (0,224) width 359: "columns. This content should be split into two columns."
      text run at (0,240) width 380: "This content should be split into two columns. This content"
      text run at (0,256) width 362: "should be split into two columns. This content should be"
      text run at (0,272) width 357: "split into two columns. This content should be split into"
      text run at (0,288) width 324: "two columns. This content should be split into two"
      text run at (0,304) width 359: "columns. This content should be split into two columns."
      text run at (0,320) width 380: "This content should be split into two columns. This content"
      text run at (0,336) width 362: "should be split into two columns. This content should be"
      text run at (0,352) width 357: "split into two columns. This content should be split into"
      text run at (0,368) width 324: "two columns. This content should be split into two"
      text run at (0,384) width 359: "columns. This content should be split into two columns."
      text run at (0,400) width 380: "This content should be split into two columns. This content"
      text run at (0,416) width 362: "should be split into two columns. This content should be"
      text run at (0,432) width 357: "split into two columns. This content should be split into"
      text run at (0,448) width 324: "two columns. This content should be split into two"
      text run at (0,464) width 359: "columns. This content should be split into two columns."
      text run at (0,480) width 380: "This content should be split into two columns. This content"
      text run at (0,496) width 362: "should be split into two columns. This content should be"
      text run at (0,512) width 357: "split into two columns. This content should be split into"
      text run at (0,528) width 324: "two columns. This content should be split into two"
      text run at (0,544) width 359: "columns. This content should be split into two columns."
      text run at (0,560) width 380: "This content should be split into two columns. This content"
      text run at (0,576) width 362: "should be split into two columns. This content should be"
      text run at (0,592) width 357: "split into two columns. This content should be split into"
      text run at (0,608) width 324: "two columns. This content should be split into two"
      text run at (0,624) width 359: "columns. This content should be split into two columns."
      text run at (0,640) width 380: "This content should be split into two columns. This content"
      text run at (0,656) width 362: "should be split into two columns. This content should be"
      text run at (0,672) width 357: "split into two columns. This content should be split into"
      text run at (0,688) width 324: "two columns. This content should be split into two"
      text run at (0,704) width 359: "columns. This content should be split into two columns."
      text run at (0,720) width 380: "This content should be split into two columns. This content"
      text run at (0,736) width 362: "should be split into two columns. This content should be"
      text run at (0,752) width 357: "split into two columns. This content should be split into"
      text run at (0,768) width 324: "two columns. This content should be split into two"
      text run at (0,784) width 359: "columns. This content should be split into two columns."
      text run at (0,800) width 380: "This content should be split into two columns. This content"
      text run at (0,816) width 362: "should be split into two columns. This content should be"
      text run at (0,832) width 357: "split into two columns. This content should be split into"
      text run at (0,848) width 324: "two columns. This content should be split into two"
      text run at (0,864) width 359: "columns. This content should be split into two columns."
      text run at (0,880) width 380: "This content should be split into two columns. This content"
      text run at (0,896) width 362: "should be split into two columns. This content should be"
      text run at (0,912) width 357: "split into two columns. This content should be split into"
      text run at (0,928) width 324: "two columns. This content should be split into two"
      text run at (0,944) width 359: "columns. This content should be split into two columns."
      text run at (0,960) width 380: "This content should be split into two columns. This content"
      text run at (0,976) width 362: "should be split into two columns. This content should be"
      text run at (0,992) width 357: "split into two columns. This content should be split into"
      text run at (0,1008) width 324: "two columns. This content should be split into two"
      text run at (0,1024) width 359: "columns. This content should be split into two columns."
      text run at (0,1040) width 380: "This content should be split into two columns. This content"
      text run at (0,1056) width 362: "should be split into two columns. This content should be"
      text run at (0,1072) width 357: "split into two columns. This content should be split into"
      text run at (0,1088) width 324: "two columns. This content should be split into two"
      text run at (0,1104) width 359: "columns. This content should be split into two columns."
      text run at (0,1120) width 380: "This content should be split into two columns. This content"
      text run at (0,1136) width 362: "should be split into two columns. This content should be"
      text run at (0,1152) width 357: "split into two columns. This content should be split into"
      text run at (0,1168) width 324: "two columns. This content should be split into two"
      text run at (0,1184) width 359: "columns. This content should be split into two columns."
