layer at (0,0) size 785x614
  RenderView at (0,0) size 785x600
layer at (0,0) size 785x614
  RenderBlock {HTML} at (0,0) size 785x613.81
layer at (8,8) size 769x598
  RenderBody {BODY} at (8,8) size 769x597.81
    RenderBlock {DIV} at (0,19.91) size 769x28 [bgcolor=#00FFFF]
      RenderBlock (floating) {DIV} at (4.80,4.80) size 384.50x108 [bgcolor=#FFFF00]
        RenderImage {IMG} at (0,0) size 133x70
        RenderText {#text} at (0,0) size 384x72
          text run at (0,0) width 365: "You've already downloaded a build. All you have to do is"
          text run at (0,18) width 384: "use it as your everyday browser and mail/news reader. If you"
          text run at (0,36) width 379: "downloaded a build with Talkback, please turn it on when it"
          text run at (0,54) width 35: "asks. "
        RenderBlock (floating) {DIV} at (302.50,54) size 82x390 [bgcolor=#FF0000]
          RenderBlock {P} at (0,16) size 82x18
            RenderText {#text} at (0,0) size 74x18
              text run at (0,0) width 74: "Hola hola 1"
          RenderBlock {P} at (0,50) size 82x18
            RenderText {#text} at (0,0) size 74x18
              text run at (0,0) width 74: "Hola hola 2"
          RenderBlock {P} at (0,84) size 82x18
            RenderText {#text} at (0,0) size 74x18
              text run at (0,0) width 74: "Hola hola 3"
          RenderBlock {P} at (0,118) size 82x18
            RenderText {#text} at (0,0) size 74x18
              text run at (0,0) width 74: "Hola hola 4"
          RenderBlock {P} at (0,152) size 82x18
            RenderText {#text} at (0,0) size 74x18
              text run at (0,0) width 74: "Hola hola 5"
          RenderBlock {P} at (0,186) size 82x18
            RenderText {#text} at (0,0) size 74x18
              text run at (0,0) width 74: "Hola hola 6"
          RenderBlock {P} at (0,220) size 82x18
            RenderText {#text} at (0,0) size 74x18
              text run at (0,0) width 74: "Hola hola 7"
          RenderBlock {P} at (0,254) size 82x18
            RenderText {#text} at (0,0) size 74x18
              text run at (0,0) width 74: "Hola hola 8"
          RenderBlock {P} at (0,288) size 82x18
            RenderText {#text} at (0,0) size 74x18
              text run at (0,0) width 74: "Hola hola 9"
          RenderBlock {P} at (0,322) size 82x18
            RenderText {#text} at (0,0) size 82x18
              text run at (0,0) width 82: "Hola hola 10"
          RenderBlock {P} at (0,356) size 82x18
            RenderText {#text} at (0,0) size 82x18
              text run at (0,0) width 82: "Hola hola 11"
        RenderText {#text} at (35,54) size 379x54
          text run at (35,54) width 344: "Talkback reports give us really valuable data on which"
          text run at (0,72) width 342: "crashes are the most serious, and how often people are"
          text run at (0,90) width 121: "encountering them."
      RenderBlock (floating) {DIV} at (686,0) size 83x322 [bgcolor=#FF00FF]
        RenderBlock {P} at (0,16) size 83x18
          RenderText {#text} at (0,0) size 83x18
            text run at (0,0) width 83: "Hello Kitty 1"
        RenderBlock {P} at (0,50) size 83x18
          RenderText {#text} at (0,0) size 83x18
            text run at (0,0) width 83: "Hello Kitty 2"
        RenderBlock {P} at (0,84) size 83x18
          RenderText {#text} at (0,0) size 83x18
            text run at (0,0) width 83: "Hello Kitty 3"
        RenderBlock {P} at (0,118) size 83x18
          RenderText {#text} at (0,0) size 83x18
            text run at (0,0) width 83: "Hello Kitty 4"
        RenderBlock {P} at (0,152) size 83x18
          RenderText {#text} at (0,0) size 83x18
            text run at (0,0) width 83: "Hello Kitty 5"
        RenderBlock {P} at (0,186) size 83x18
          RenderText {#text} at (0,0) size 83x18
            text run at (0,0) width 83: "Hello Kitty 6"
        RenderBlock {P} at (0,220) size 83x18
          RenderText {#text} at (0,0) size 83x18
            text run at (0,0) width 83: "Hello Kitty 7"
        RenderBlock {P} at (0,254) size 83x18
          RenderText {#text} at (0,0) size 83x18
            text run at (0,0) width 83: "Hello Kitty 8"
        RenderBlock {P} at (0,288) size 83x18
          RenderText {#text} at (0,0) size 83x18
            text run at (0,0) width 83: "Hello Kitty 9"
      RenderBlock {H2} at (0,0) size 769x28
        RenderText {#text} at (0,0) size 262x28
          text run at (0,0) width 262: "What Needs To Be Done?"
    RenderBlock (floating) {DIV} at (0,67.81) size 82x390 [bgcolor=#808080]
      RenderBlock {P} at (0,16) size 82x18
        RenderText {#text} at (0,0) size 74x18
          text run at (0,0) width 74: "Hola hola 1"
      RenderBlock {P} at (0,50) size 82x18
        RenderText {#text} at (0,0) size 74x18
          text run at (0,0) width 74: "Hola hola 2"
      RenderBlock {P} at (0,84) size 82x18
        RenderText {#text} at (0,0) size 74x18
          text run at (0,0) width 74: "Hola hola 3"
      RenderBlock {P} at (0,118) size 82x18
        RenderText {#text} at (0,0) size 74x18
          text run at (0,0) width 74: "Hola hola 4"
      RenderBlock {P} at (0,152) size 82x18
        RenderText {#text} at (0,0) size 74x18
          text run at (0,0) width 74: "Hola hola 5"
      RenderBlock {P} at (0,186) size 82x18
        RenderText {#text} at (0,0) size 74x18
          text run at (0,0) width 74: "Hola hola 6"
      RenderBlock {P} at (0,220) size 82x18
        RenderText {#text} at (0,0) size 74x18
          text run at (0,0) width 74: "Hola hola 7"
      RenderBlock {P} at (0,254) size 82x18
        RenderText {#text} at (0,0) size 74x18
          text run at (0,0) width 74: "Hola hola 8"
      RenderBlock {P} at (0,288) size 82x18
        RenderText {#text} at (0,0) size 74x18
          text run at (0,0) width 74: "Hola hola 9"
      RenderBlock {P} at (0,322) size 82x18
        RenderText {#text} at (0,0) size 82x18
          text run at (0,0) width 82: "Hola hola 10"
      RenderBlock {P} at (0,356) size 82x18
        RenderText {#text} at (0,0) size 82x18
          text run at (0,0) width 82: "Hola hola 11"
    RenderBlock {DL} at (0,67.81) size 769x246
      RenderBlock {DT} at (0,0) size 769x18
        RenderText {#text} at (0,0) size 80x18
          text run at (0,0) width 80: "Report Bugs"
      RenderBlock {DD} at (40,34) size 729x90
        RenderBlock {P} at (0,0) size 729x90
          RenderText {#text} at (0,0) size 725x36
            text run at (0,0) width 406: "You've already downloaded a build. All you have to do is use it "
            text run at (406,0) width 17: "as "
            text run at (423,0) width 302: "your everyday browser and mail/news reader. If"
            text run at (0,18) width 189: "you downloaded a build with "
            text run at (189,18) width 67: "Talkback, "
          RenderInline {EM} at (0,0) size 102x18
            RenderText {#text} at (256,18) size 102x18
              text run at (256,18) width 44: "please "
              text run at (300,18) width 58: "turn it on"
          RenderText {#text} at (358,18) size 729x54
            text run at (358,18) width 231: " when it asks. Talkback reports give "
            text run at (589,18) width 140: "us really valuable data"
            text run at (0,36) width 304: "on which crashes are the most serious, and how "
            text run at (304,36) width 191: "often people are encountering "
            text run at (495,36) width 232: "them. And all you have to do is click"
            text run at (0,54) width 46: "\"OK\". "
            text run at (46,54) width 450: "If you find something you think is a bug, check to see if it's not already "
          RenderInline {A} at (0,0) size 83x18 [color=#0000EE]
            RenderText {#text} at (496,54) size 83x18
              text run at (496,54) width 83: "known about"
          RenderText {#text} at (579,54) size 729x36
            text run at (579,54) width 109: ", and then please "
            text run at (688,54) width 41: "follow"
            text run at (0,72) width 23: "the "
          RenderInline {A} at (0,0) size 165x18 [color=#0000EE]
            RenderText {#text} at (23,72) size 165x18
              text run at (23,72) width 165: "bug submission procedure"
          RenderText {#text} at (188,72) size 4x18
            text run at (188,72) width 4: "."
      RenderBlock (floating) {DIV} at (0,140) size 82x390 [bgcolor=#008000]
        RenderBlock {P} at (0,16) size 82x18
          RenderText {#text} at (0,0) size 74x18
            text run at (0,0) width 74: "Hola hola 1"
        RenderBlock {P} at (0,50) size 82x18
          RenderText {#text} at (0,0) size 74x18
            text run at (0,0) width 74: "Hola hola 2"
        RenderBlock {P} at (0,84) size 82x18
          RenderText {#text} at (0,0) size 74x18
            text run at (0,0) width 74: "Hola hola 3"
        RenderBlock {P} at (0,118) size 82x18
          RenderText {#text} at (0,0) size 74x18
            text run at (0,0) width 74: "Hola hola 4"
        RenderBlock {P} at (0,152) size 82x18
          RenderText {#text} at (0,0) size 74x18
            text run at (0,0) width 74: "Hola hola 5"
        RenderBlock {P} at (0,186) size 82x18
          RenderText {#text} at (0,0) size 74x18
            text run at (0,0) width 74: "Hola hola 6"
        RenderBlock {P} at (0,220) size 82x18
          RenderText {#text} at (0,0) size 74x18
            text run at (0,0) width 74: "Hola hola 7"
        RenderBlock {P} at (0,254) size 82x18
          RenderText {#text} at (0,0) size 74x18
            text run at (0,0) width 74: "Hola hola 8"
        RenderBlock {P} at (0,288) size 82x18
          RenderText {#text} at (0,0) size 74x18
            text run at (0,0) width 74: "Hola hola 9"
        RenderBlock {P} at (0,322) size 82x18
          RenderText {#text} at (0,0) size 82x18
            text run at (0,0) width 82: "Hola hola 10"
        RenderBlock {P} at (0,356) size 82x18
          RenderText {#text} at (0,0) size 82x18
            text run at (0,0) width 82: "Hola hola 11"
      RenderBlock {DT} at (0,140) size 769x18
        RenderText {#text} at (0,0) size 117x18
          text run at (0,0) width 117: "Quality Assurance"
      RenderBlock {DD} at (40,174) size 729x72
        RenderBlock {P} at (0,0) size 729x72
          RenderInline {A} at (0,0) size 76x18 [color=#0000EE]
            RenderText {#text} at (0,0) size 76x18
              text run at (0,0) width 76: "Mozilla QA"
          RenderText {#text} at (76,0) size 40x18
            text run at (76,0) width 4: " "
            text run at (80,0) width 36: "has a "
          RenderInline {A} at (0,0) size 30x18 [color=#0000EE]
            RenderText {#text} at (116,0) size 30x18
              text run at (116,0) width 30: "page"
          RenderText {#text} at (146,0) size 725x54
            text run at (146,0) width 4: " "
            text run at (150,0) width 433: "dedicated to ways to get involved with helping. This doesn't involve "
            text run at (583,0) width 142: "knowing how to code,"
            text run at (0,18) width 350: "although a little knowledge of HTML is helpful. Being "
            text run at (350,18) width 133: "involved with QA is "
            text run at (483,18) width 230: "good for people wanting to get more"
            text run at (0,36) width 84: "familiar with "
            text run at (84,36) width 516: "Mozilla, and there's a strong community. A particularly good way to get involved "
            text run at (600,36) width 77: "is to join the"
          RenderInline {A} at (0,0) size 73x18 [color=#0000EE]
            RenderText {#text} at (0,54) size 73x18
              text run at (0,54) width 73: "BugAThon"
          RenderText {#text} at (73,54) size 4x18
            text run at (73,54) width 4: "."
