layer at (0,0) size 1188x585
  RenderView at (0,0) size 800x585
layer at (0,0) size 800x585
  RenderBlock {HTML} at (0,0) size 800x585
    RenderBody {BODY} at (8,8) size 784x569
layer at (8,8) size 784x404
  RenderBlock {DIV} at (0,0) size 784x404 [border: (2px solid #000000)]
    RenderText {#text} at (2,2) size 110x18
      text run at (2,2) width 110: "This is some text."
    RenderBR {BR} at (112,16) size 0x0
    RenderText {#text} at (2,20) size 110x18
      text run at (2,20) width 110: "This is some text."
    RenderBR {BR} at (112,34) size 0x0
    RenderText {#text} at (2,38) size 110x18
      text run at (2,38) width 110: "This is some text."
    RenderBR {BR} at (112,52) size 0x0
    RenderText {#text} at (2,56) size 110x18
      text run at (2,56) width 110: "This is some text."
    RenderBR {BR} at (112,70) size 0x0
    RenderText {#text} at (2,74) size 110x18
      text run at (2,74) width 110: "This is some text."
    RenderBR {BR} at (112,88) size 0x0
    RenderText {#text} at (2,92) size 110x18
      text run at (2,92) width 110: "This is some text."
    RenderBR {BR} at (112,106) size 0x0
    RenderText {#text} at (2,110) size 110x18
      text run at (2,110) width 110: "This is some text."
    RenderBR {BR} at (112,124) size 0x0
    RenderText {#text} at (2,128) size 110x18
      text run at (2,128) width 110: "This is some text."
    RenderBR {BR} at (112,142) size 0x0
    RenderText {#text} at (2,146) size 110x18
      text run at (2,146) width 110: "This is some text."
    RenderBR {BR} at (112,160) size 0x0
    RenderText {#text} at (2,164) size 110x18
      text run at (2,164) width 110: "This is some text."
    RenderBR {BR} at (112,178) size 0x0
    RenderImage {IMG} at (2,402) size 250x300 [bgcolor=#008000]
    RenderText {#text} at (2,402) size 110x18
      text run at (2,402) width 110: "This is some text."
    RenderBR {BR} at (112,416) size 0x0
    RenderText {#text} at (2,420) size 110x18
      text run at (2,420) width 110: "This is some text."
    RenderBR {BR} at (112,434) size 0x0
    RenderText {#text} at (2,438) size 110x18
      text run at (2,438) width 110: "This is some text."
    RenderBR {BR} at (112,452) size 0x0
    RenderText {#text} at (2,456) size 110x18
      text run at (2,456) width 110: "This is some text."
    RenderBR {BR} at (112,470) size 0x0
    RenderText {#text} at (2,474) size 110x18
      text run at (2,474) width 110: "This is some text."
    RenderBR {BR} at (112,488) size 0x0
    RenderText {#text} at (2,492) size 110x18
      text run at (2,492) width 110: "This is some text."
    RenderBR {BR} at (112,506) size 0x0
    RenderText {#text} at (2,510) size 110x18
      text run at (2,510) width 110: "This is some text."
    RenderBR {BR} at (112,524) size 0x0
    RenderText {#text} at (2,528) size 110x18
      text run at (2,528) width 110: "This is some text."
    RenderBR {BR} at (112,542) size 0x0
    RenderText {#text} at (2,546) size 110x18
      text run at (2,546) width 110: "This is some text."
    RenderBR {BR} at (112,560) size 0x0
    RenderText {#text} at (2,564) size 110x18
      text run at (2,564) width 110: "This is some text."
    RenderBR {BR} at (112,578) size 0x0
    RenderText {#text} at (2,582) size 110x18
      text run at (2,582) width 110: "This is some text."
    RenderBR {BR} at (112,596) size 0x0
    RenderText {#text} at (2,600) size 110x18
      text run at (2,600) width 110: "This is some text."
    RenderBR {BR} at (112,614) size 0x0
    RenderText {#text} at (2,618) size 110x18
      text run at (2,618) width 110: "This is some text."
    RenderBR {BR} at (112,632) size 0x0
    RenderText {#text} at (2,636) size 110x18
      text run at (2,636) width 110: "This is some text."
    RenderBR {BR} at (112,650) size 0x0
    RenderText {#text} at (2,654) size 110x18
      text run at (2,654) width 110: "This is some text."
    RenderBR {BR} at (112,668) size 0x0
    RenderText {#text} at (2,672) size 110x18
      text run at (2,672) width 110: "This is some text."
    RenderBR {BR} at (112,686) size 0x0
    RenderText {#text} at (2,690) size 110x18
      text run at (2,690) width 110: "This is some text."
    RenderBR {BR} at (112,704) size 0x0
    RenderText {#text} at (2,708) size 110x18
      text run at (2,708) width 110: "This is some text."
    RenderBR {BR} at (112,722) size 0x0
    RenderText {#text} at (2,726) size 110x18
      text run at (2,726) width 110: "This is some text."
    RenderBR {BR} at (112,740) size 0x0
    RenderText {#text} at (2,744) size 110x18
      text run at (2,744) width 110: "This is some text."
    RenderBR {BR} at (112,758) size 0x0
    RenderText {#text} at (2,762) size 110x18
      text run at (2,762) width 110: "This is some text."
    RenderBR {BR} at (112,776) size 0x0
    RenderText {#text} at (2,780) size 110x18
      text run at (2,780) width 110: "This is some text."
    RenderBR {BR} at (112,794) size 0x0
    RenderText {#text} at (2,802) size 110x18
      text run at (2,802) width 110: "This is some text."
    RenderBR {BR} at (112,816) size 0x0
    RenderText {#text} at (2,820) size 110x18
      text run at (2,820) width 110: "This is some text."
    RenderBR {BR} at (112,834) size 0x0
    RenderText {#text} at (2,838) size 110x18
      text run at (2,838) width 110: "This is some text."
    RenderBR {BR} at (112,852) size 0x0
    RenderText {#text} at (2,856) size 110x18
      text run at (2,856) width 110: "This is some text."
    RenderBR {BR} at (112,870) size 0x0
    RenderText {#text} at (2,874) size 110x18
      text run at (2,874) width 110: "This is some text."
    RenderBR {BR} at (112,888) size 0x0
    RenderText {#text} at (2,892) size 110x18
      text run at (2,892) width 110: "This is some text."
    RenderBR {BR} at (112,906) size 0x0
    RenderText {#text} at (2,910) size 110x18
      text run at (2,910) width 110: "This is some text."
    RenderBR {BR} at (112,924) size 0x0
    RenderText {#text} at (2,928) size 110x18
      text run at (2,928) width 110: "This is some text."
    RenderBR {BR} at (112,942) size 0x0
