layer at (0,0) size 1166x1680
  RenderView at (0,0) size 785x585
layer at (0,0) size 785x1680
  RenderBlock {HTML} at (0,0) size 785x1680
    RenderBody {BODY} at (8,8) size 769x1664
layer at (8,8) size 769x404
  RenderBlock {DIV} at (0,0) size 769x404 [border: (2px solid #000000)]
    RenderBlock (anonymous) at (2,2) size 374.50x252
      RenderText {#text} at (0,0) size 110x18
        text run at (0,0) width 110: "This is some text."
      RenderBR {BR} at (110,14) size 0x0
      RenderText {#text} at (0,18) size 110x18
        text run at (0,18) width 110: "This is some text."
      RenderBR {BR} at (110,32) size 0x0
      RenderText {#text} at (0,36) size 110x18
        text run at (0,36) width 110: "This is some text."
      RenderBR {BR} at (110,50) size 0x0
      RenderText {#text} at (0,54) size 110x18
        text run at (0,54) width 110: "This is some text."
      RenderBR {BR} at (110,68) size 0x0
      RenderText {#text} at (0,72) size 110x18
        text run at (0,72) width 110: "This is some text."
      RenderBR {BR} at (110,86) size 0x0
      RenderText {#text} at (0,90) size 110x18
        text run at (0,90) width 110: "This is some text."
      RenderBR {BR} at (110,104) size 0x0
      RenderText {#text} at (0,108) size 110x18
        text run at (0,108) width 110: "This is some text."
      RenderBR {BR} at (110,122) size 0x0
      RenderText {#text} at (0,126) size 110x18
        text run at (0,126) width 110: "This is some text."
      RenderBR {BR} at (110,140) size 0x0
      RenderText {#text} at (0,144) size 110x18
        text run at (0,144) width 110: "This is some text."
      RenderBR {BR} at (110,158) size 0x0
      RenderText {#text} at (0,162) size 110x18
        text run at (0,162) width 110: "This is some text."
      RenderBR {BR} at (110,176) size 0x0
      RenderText {#text} at (0,180) size 110x18
        text run at (0,180) width 110: "This is some text."
      RenderBR {BR} at (110,194) size 0x0
      RenderText {#text} at (0,198) size 110x18
        text run at (0,198) width 110: "This is some text."
      RenderBR {BR} at (110,212) size 0x0
      RenderText {#text} at (0,216) size 110x18
        text run at (0,216) width 110: "This is some text."
      RenderBR {BR} at (110,230) size 0x0
      RenderText {#text} at (0,234) size 110x18
        text run at (0,234) width 110: "This is some text."
      RenderBR {BR} at (110,248) size 0x0
    RenderBlock {P} at (2,270) size 374.50x604
      RenderBlock (floating) {SPAN} at (0,132) size 78x147
        RenderText {#text} at (0,0) size 78x147
          text run at (0,0) width 78: "T"
      RenderText {#text} at (0,132) size 100x18
        text run at (0,132) width 100: "his is some text."
      RenderBR {BR} at (100,146) size 0x0
      RenderText {#text} at (0,150) size 110x18
        text run at (0,150) width 110: "This is some text."
      RenderBR {BR} at (110,164) size 0x0
      RenderText {#text} at (0,168) size 110x18
        text run at (0,168) width 110: "This is some text."
      RenderBR {BR} at (110,182) size 0x0
      RenderText {#text} at (0,186) size 110x18
        text run at (0,186) width 110: "This is some text."
      RenderBR {BR} at (110,200) size 0x0
      RenderText {#text} at (0,204) size 110x18
        text run at (0,204) width 110: "This is some text."
      RenderBR {BR} at (110,218) size 0x0
      RenderText {#text} at (0,222) size 110x18
        text run at (0,222) width 110: "This is some text."
      RenderBR {BR} at (110,236) size 0x0
      RenderText {#text} at (0,240) size 110x18
        text run at (0,240) width 110: "This is some text."
      RenderBR {BR} at (110,254) size 0x0
      RenderText {#text} at (0,258) size 110x18
        text run at (0,258) width 110: "This is some text."
      RenderBR {BR} at (110,272) size 0x0
      RenderText {#text} at (0,276) size 110x18
        text run at (0,276) width 110: "This is some text."
      RenderBR {BR} at (110,290) size 0x0
      RenderText {#text} at (0,294) size 110x18
        text run at (0,294) width 110: "This is some text."
      RenderBR {BR} at (110,308) size 0x0
      RenderText {#text} at (0,312) size 110x18
        text run at (0,312) width 110: "This is some text."
      RenderBR {BR} at (110,326) size 0x0
      RenderText {#text} at (0,330) size 110x18
        text run at (0,330) width 110: "This is some text."
      RenderBR {BR} at (110,344) size 0x0
      RenderText {#text} at (0,348) size 110x18
        text run at (0,348) width 110: "This is some text."
      RenderBR {BR} at (110,362) size 0x0
      RenderText {#text} at (0,366) size 110x18
        text run at (0,366) width 110: "This is some text."
      RenderBR {BR} at (110,380) size 0x0
      RenderText {#text} at (0,384) size 110x18
        text run at (0,384) width 110: "This is some text."
      RenderBR {BR} at (110,398) size 0x0
      RenderText {#text} at (0,402) size 110x18
        text run at (0,402) width 110: "This is some text."
      RenderBR {BR} at (110,416) size 0x0
      RenderText {#text} at (0,420) size 110x18
        text run at (0,420) width 110: "This is some text."
      RenderBR {BR} at (110,434) size 0x0
      RenderText {#text} at (0,438) size 110x18
        text run at (0,438) width 110: "This is some text."
      RenderBR {BR} at (110,452) size 0x0
      RenderText {#text} at (0,456) size 110x18
        text run at (0,456) width 110: "This is some text."
      RenderBR {BR} at (110,470) size 0x0
      RenderText {#text} at (0,474) size 110x18
        text run at (0,474) width 110: "This is some text."
      RenderBR {BR} at (110,488) size 0x0
      RenderText {#text} at (0,492) size 110x18
        text run at (0,492) width 110: "This is some text."
      RenderBR {BR} at (110,506) size 0x0
      RenderText {#text} at (0,510) size 110x18
        text run at (0,510) width 110: "This is some text."
      RenderBR {BR} at (110,524) size 0x0
      RenderText {#text} at (0,532) size 110x18
        text run at (0,532) width 110: "This is some text."
      RenderBR {BR} at (110,546) size 0x0
      RenderText {#text} at (0,550) size 110x18
        text run at (0,550) width 110: "This is some text."
      RenderBR {BR} at (110,564) size 0x0
      RenderText {#text} at (0,568) size 110x18
        text run at (0,568) width 110: "This is some text."
      RenderBR {BR} at (110,582) size 0x0
      RenderText {#text} at (0,586) size 110x18
        text run at (0,586) width 110: "This is some text."
      RenderBR {BR} at (110,600) size 0x0
layer at (8,428) size 769x404
  RenderBlock {DIV} at (0,420) size 769x404 [border: (2px solid #000000)]
    RenderBlock (anonymous) at (2,2) size 374.50x252
      RenderText {#text} at (0,0) size 110x18
        text run at (0,0) width 110: "This is some text."
      RenderBR {BR} at (110,14) size 0x0
      RenderText {#text} at (0,18) size 110x18
        text run at (0,18) width 110: "This is some text."
      RenderBR {BR} at (110,32) size 0x0
      RenderText {#text} at (0,36) size 110x18
        text run at (0,36) width 110: "This is some text."
      RenderBR {BR} at (110,50) size 0x0
      RenderText {#text} at (0,54) size 110x18
        text run at (0,54) width 110: "This is some text."
      RenderBR {BR} at (110,68) size 0x0
      RenderText {#text} at (0,72) size 110x18
        text run at (0,72) width 110: "This is some text."
      RenderBR {BR} at (110,86) size 0x0
      RenderText {#text} at (0,90) size 110x18
        text run at (0,90) width 110: "This is some text."
      RenderBR {BR} at (110,104) size 0x0
      RenderText {#text} at (0,108) size 110x18
        text run at (0,108) width 110: "This is some text."
      RenderBR {BR} at (110,122) size 0x0
      RenderText {#text} at (0,126) size 110x18
        text run at (0,126) width 110: "This is some text."
      RenderBR {BR} at (110,140) size 0x0
      RenderText {#text} at (0,144) size 110x18
        text run at (0,144) width 110: "This is some text."
      RenderBR {BR} at (110,158) size 0x0
      RenderText {#text} at (0,162) size 110x18
        text run at (0,162) width 110: "This is some text."
      RenderBR {BR} at (110,176) size 0x0
      RenderText {#text} at (0,180) size 110x18
        text run at (0,180) width 110: "This is some text."
      RenderBR {BR} at (110,194) size 0x0
      RenderText {#text} at (0,198) size 110x18
        text run at (0,198) width 110: "This is some text."
      RenderBR {BR} at (110,212) size 0x0
      RenderText {#text} at (0,216) size 110x18
        text run at (0,216) width 110: "This is some text."
      RenderBR {BR} at (110,230) size 0x0
      RenderText {#text} at (0,234) size 110x18
        text run at (0,234) width 110: "This is some text."
      RenderBR {BR} at (110,248) size 0x0
    RenderBlock {P} at (2,270) size 374.50x604
      RenderImage {IMG} at (0,132) size 100x100 [bgcolor=#008000]
      RenderImage {IMG} at (274.50,132) size 100x200 [bgcolor=#008000]
      RenderText {#text} at (0,132) size 106x18
        text run at (0,132) width 106: "This is some text"
      RenderBR {BR} at (106,146) size 0x0
      RenderText {#text} at (0,150) size 110x18
        text run at (0,150) width 110: "This is some text."
      RenderBR {BR} at (110,164) size 0x0
      RenderText {#text} at (0,168) size 110x18
        text run at (0,168) width 110: "This is some text."
      RenderBR {BR} at (110,182) size 0x0
      RenderText {#text} at (0,186) size 110x18
        text run at (0,186) width 110: "This is some text."
      RenderBR {BR} at (110,200) size 0x0
      RenderText {#text} at (0,204) size 110x18
        text run at (0,204) width 110: "This is some text."
      RenderBR {BR} at (110,218) size 0x0
      RenderText {#text} at (0,222) size 110x18
        text run at (0,222) width 110: "This is some text."
      RenderBR {BR} at (110,236) size 0x0
      RenderText {#text} at (0,240) size 110x18
        text run at (0,240) width 110: "This is some text."
      RenderBR {BR} at (110,254) size 0x0
      RenderText {#text} at (0,258) size 110x18
        text run at (0,258) width 110: "This is some text."
      RenderBR {BR} at (110,272) size 0x0
      RenderText {#text} at (0,276) size 110x18
        text run at (0,276) width 110: "This is some text."
      RenderBR {BR} at (110,290) size 0x0
      RenderText {#text} at (0,294) size 110x18
        text run at (0,294) width 110: "This is some text."
      RenderBR {BR} at (110,308) size 0x0
      RenderText {#text} at (0,312) size 110x18
        text run at (0,312) width 110: "This is some text."
      RenderBR {BR} at (110,326) size 0x0
      RenderText {#text} at (0,330) size 110x18
        text run at (0,330) width 110: "This is some text."
      RenderBR {BR} at (110,344) size 0x0
      RenderText {#text} at (0,348) size 110x18
        text run at (0,348) width 110: "This is some text."
      RenderBR {BR} at (110,362) size 0x0
      RenderText {#text} at (0,366) size 110x18
        text run at (0,366) width 110: "This is some text."
      RenderBR {BR} at (110,380) size 0x0
      RenderText {#text} at (0,384) size 110x18
        text run at (0,384) width 110: "This is some text."
      RenderBR {BR} at (110,398) size 0x0
      RenderText {#text} at (0,402) size 110x18
        text run at (0,402) width 110: "This is some text."
      RenderBR {BR} at (110,416) size 0x0
      RenderText {#text} at (0,420) size 110x18
        text run at (0,420) width 110: "This is some text."
      RenderBR {BR} at (110,434) size 0x0
      RenderText {#text} at (0,438) size 110x18
        text run at (0,438) width 110: "This is some text."
      RenderBR {BR} at (110,452) size 0x0
      RenderText {#text} at (0,456) size 110x18
        text run at (0,456) width 110: "This is some text."
      RenderBR {BR} at (110,470) size 0x0
      RenderText {#text} at (0,474) size 110x18
        text run at (0,474) width 110: "This is some text."
      RenderBR {BR} at (110,488) size 0x0
      RenderText {#text} at (0,492) size 110x18
        text run at (0,492) width 110: "This is some text."
      RenderBR {BR} at (110,506) size 0x0
      RenderText {#text} at (0,510) size 110x18
        text run at (0,510) width 110: "This is some text."
      RenderBR {BR} at (110,524) size 0x0
      RenderText {#text} at (0,532) size 110x18
        text run at (0,532) width 110: "This is some text."
      RenderBR {BR} at (110,546) size 0x0
      RenderText {#text} at (0,550) size 110x18
        text run at (0,550) width 110: "This is some text."
      RenderBR {BR} at (110,564) size 0x0
      RenderText {#text} at (0,568) size 110x18
        text run at (0,568) width 110: "This is some text."
      RenderBR {BR} at (110,582) size 0x0
      RenderText {#text} at (0,586) size 110x18
        text run at (0,586) width 110: "This is some text."
      RenderBR {BR} at (110,600) size 0x0
layer at (8,848) size 769x404
  RenderBlock {DIV} at (0,840) size 769x404 [border: (2px solid #000000)]
    RenderImage {IMG} at (2,2) size 300x390 [bgcolor=#008000]
    RenderText {#text} at (2,2) size 360x90
      text run at (2,2) width 360: "Longer text designed to test float and wrapping behavior."
      text run at (2,20) width 360: "Longer text designed to test float and wrapping behavior."
      text run at (2,38) width 360: "Longer text designed to test float and wrapping behavior."
      text run at (2,56) width 360: "Longer text designed to test float and wrapping behavior."
      text run at (2,74) width 360: "Longer text designed to test float and wrapping behavior."
layer at (8,1268) size 769x404
  RenderBlock {DIV} at (0,1260) size 769x404 [border: (2px solid #000000)]
    RenderImage {IMG} at (2,2) size 374.50x380 [bgcolor=#0000FF]
    RenderInline {SPAN} at (0,0) size 367x252
      RenderImage {IMG} at (2,2) size 100x20 [bgcolor=#008000]
      RenderText {#text} at (2,2) size 211x28
        text run at (2,2) width 211: "Longer text designed "
      RenderImage {IMG} at (276.50,2) size 100x20 [bgcolor=#008000]
      RenderText {#text} at (213,2) size 367x252
        text run at (213,2) width 151: "to test float and"
        text run at (2,30) width 307: "wrapping behavior. Longer text"
        text run at (2,58) width 340: "designed to test float and wrapping"
        text run at (2,86) width 367: "behavior. Longer text designed to test"
        text run at (2,114) width 356: "float and wrapping behavior. Longer"
        text run at (2,142) width 286: "text designed to test float and"
        text run at (2,170) width 307: "wrapping behavior. Longer text"
        text run at (2,198) width 340: "designed to test float and wrapping"
        text run at (2,226) width 91: "behavior."
    RenderText {#text} at (0,0) size 0x0
