layer at (0,0) size 800x600
  RenderView at (0,0) size 800x600
layer at (0,0) size 800x308
  RenderBlock {HTML} at (0,0) size 800x308
    RenderBody {BODY} at (8,16) size 784x284
      RenderBlock {P} at (0,0) size 784x16
        RenderText {#text} at (0,0) size 391x16
          text run at (0,0) width 391: "Test layers which are fully contained within a single column."
      RenderBlock (anonymous) at (0,32) size 784x16
        RenderText {#text} at (0,0) size 35x16
          text run at (0,0) width 35: "LTR:"
      RenderBlock (anonymous) at (0,158) size 784x16
        RenderText {#text} at (0,0) size 35x16
          text run at (0,0) width 35: "RTL:"
layer at (8,64) size 310x110
  RenderBlock {DIV} at (0,48) size 310x110 [border: (5px solid #800000)]
    RenderText {#text} at (5,7) size 32x16
      text run at (5,7) width 32: "line1"
    RenderBR {BR} at (36,7) size 1x16
    RenderText {#text} at (5,27) size 32x16
      text run at (5,27) width 32: "line2"
    RenderBR {BR} at (36,27) size 1x16
    RenderText {#text} at (5,47) size 32x16
      text run at (5,47) width 32: "line3"
    RenderBR {BR} at (36,47) size 1x16
    RenderText {#text} at (5,67) size 32x16
      text run at (5,67) width 32: "line4"
    RenderBR {BR} at (36,67) size 1x16
    RenderText {#text} at (5,87) size 32x16
      text run at (5,87) width 32: "line5"
    RenderBR {BR} at (36,87) size 1x16
    RenderText {#text} at (5,107) size 32x16
      text run at (5,107) width 32: "line6"
    RenderBR {BR} at (36,107) size 1x16
    RenderBlock {DIV} at (5,129) size 16x10 [bgcolor=#008000]
    RenderText {#text} at (21,127) size 36x16
      text run at (21,127) width 36: " line7"
    RenderBR {BR} at (56,127) size 1x16
    RenderText {#text} at (5,147) size 32x16
      text run at (5,147) width 32: "line8"
    RenderBR {BR} at (36,147) size 1x16
    RenderBR {BR} at (60,167) size 1x16
    RenderText {#text} at (5,187) size 40x16
      text run at (5,187) width 40: "line10"
    RenderBR {BR} at (44,187) size 1x16
    RenderText {#text} at (5,207) size 40x16
      text run at (5,207) width 40: "line11"
    RenderBR {BR} at (44,207) size 1x16
    RenderText {#text} at (5,227) size 40x16
      text run at (5,227) width 40: "line12"
    RenderBR {BR} at (44,227) size 1x16
    RenderBR {BR} at (68,247) size 1x16
    RenderText {#text} at (5,267) size 40x16
      text run at (5,267) width 40: "line14"
layer at (8,190) size 310x110
  RenderBlock {DIV} at (0,174) size 310x110 [border: (5px solid #800000)]
    RenderText {#text} at (73,7) size 32x16
      text run at (73,7) width 32: "line1"
    RenderBR {BR} at (73,7) size 1x16
    RenderText {#text} at (73,27) size 32x16
      text run at (73,27) width 32: "line2"
    RenderBR {BR} at (73,27) size 1x16
    RenderText {#text} at (73,47) size 32x16
      text run at (73,47) width 32: "line3"
    RenderBR {BR} at (73,47) size 1x16
    RenderText {#text} at (73,67) size 32x16
      text run at (73,67) width 32: "line4"
    RenderBR {BR} at (73,67) size 1x16
    RenderText {#text} at (73,87) size 32x16
      text run at (73,87) width 32: "line5"
    RenderBR {BR} at (73,87) size 1x16
    RenderText {#text} at (73,107) size 32x16
      text run at (73,107) width 32: "line6"
    RenderBR {BR} at (73,107) size 1x16
    RenderBlock {DIV} at (89,129) size 16x10 [bgcolor=#008000]
    RenderText {#text} at (53,127) size 36x16
      text run at (53,127) width 32: "line7"
      text run at (85,127) width 4 RTL: " "
    RenderBR {BR} at (53,127) size 1x16
    RenderText {#text} at (73,147) size 32x16
      text run at (73,147) width 32: "line8"
    RenderBR {BR} at (73,147) size 1x16
    RenderBR {BR} at (49,167) size 1x16
    RenderText {#text} at (65,187) size 40x16
      text run at (65,187) width 40: "line10"
    RenderBR {BR} at (65,187) size 1x16
    RenderText {#text} at (65,207) size 40x16
      text run at (65,207) width 40: "line11"
    RenderBR {BR} at (65,207) size 1x16
    RenderText {#text} at (65,227) size 40x16
      text run at (65,227) width 40: "line12"
    RenderBR {BR} at (65,227) size 1x16
    RenderBR {BR} at (41,247) size 1x16
    RenderText {#text} at (65,267) size 40x16
      text run at (65,267) width 40: "line14"
layer at (8,60) size 56x16
  RenderInline (relative positioned) {SPAN} at (0,0) size 56x16 [color=#008000]
    RenderText {#text} at (5,167) size 56x16
      text run at (5,167) width 56: "relative9"
layer at (8,64) size 64x16 transparent
  RenderInline {SPAN} at (0,0) size 64x16 [color=#008000]
    RenderText {#text} at (5,247) size 64x16
      text run at (5,247) width 64: "opacity13"
layer at (8,186) size 56x16
  RenderInline (relative positioned) {SPAN} at (0,0) size 56x16 [color=#008000]
    RenderText {#text} at (49,167) size 56x16
      text run at (49,167) width 56: "relative9"
layer at (8,190) size 64x16 transparent
  RenderInline {SPAN} at (0,0) size 64x16 [color=#008000]
    RenderText {#text} at (41,247) size 64x16
      text run at (41,247) width 64: "opacity13"
