layer at (0,0) size 800x669
  RenderView at (0,0) size 800x600
layer at (0,0) size 800x641
  RenderBlock {HTML} at (0,0) size 800x641
    RenderBody {BODY} at (8,8) size 784x625
      RenderBlock {DIV} at (0,0) size 220x326
        RenderBlock (anonymous) at (0,0) size 220x16
          RenderText {#text} at (0,0) size 66x16
            text run at (0,0) width 66: "Overflow:"
      RenderText {#text} at (220,609) size 4x16
        text run at (220,609) width 4: " "
      RenderBlock {DIV} at (224,0) size 220x326
        RenderBlock (anonymous) at (0,0) size 220x16
          RenderText {#text} at (0,0) size 79x16
            text run at (0,0) width 79: "Transforms:"
      RenderText {#text} at (444,609) size 4x16
        text run at (444,609) width 4: " "
      RenderBlock {DIV} at (448,0) size 220x326
        RenderBlock (anonymous) at (0,0) size 220x16
          RenderText {#text} at (0,0) size 135x16
            text run at (0,0) width 135: "Relative Positioning:"
      RenderText {#text} at (0,0) size 0x0
      RenderText {#text} at (0,0) size 0x0
layer at (8,24) size 220x310
  RenderBlock {DIV} at (0,16) size 220x310 [border: (5px solid #000000)]
    RenderBlock (anonymous) at (5,5) size 100x100
      RenderBlock {DIV} at (0,0) size 100x100 [bgcolor=#000000]
      RenderText {#text} at (0,0) size 0x0
    RenderBlock (anonymous) at (5,505) size 100x100
      RenderBlock {DIV} at (0,0) size 100x100 [bgcolor=#000000]
      RenderText {#text} at (0,0) size 0x0
layer at (13,129) size 100x400
  RenderBlock {DIV} at (5,105) size 100x400
    RenderBlock {DIV} at (0,0) size 100x100 [bgcolor=#0000F0]
    RenderBlock {DIV} at (0,100) size 100x100 [bgcolor=#0000D0]
    RenderBlock {DIV} at (0,200) size 100x100 [bgcolor=#0000B0]
    RenderBlock {DIV} at (0,300) size 100x100 [bgcolor=#000090]
layer at (232,24) size 220x310
  RenderBlock {DIV} at (0,16) size 220x310 [border: (5px solid #000000)]
    RenderBlock (anonymous) at (5,5) size 100x100
      RenderBlock {DIV} at (0,0) size 100x100 [bgcolor=#000000]
      RenderText {#text} at (0,0) size 0x0
    RenderBlock (anonymous) at (5,505) size 100x100
      RenderBlock {DIV} at (0,0) size 100x100 [bgcolor=#000000]
      RenderText {#text} at (0,0) size 0x0
layer at (456,24) size 220x310
  RenderBlock {DIV} at (0,16) size 220x310 [border: (5px solid #000000)]
    RenderBlock (anonymous) at (5,5) size 100x100
      RenderBlock {DIV} at (0,0) size 100x100 [bgcolor=#000000]
      RenderText {#text} at (0,0) size 0x0
    RenderBlock (anonymous) at (5,505) size 100x100
      RenderBlock {DIV} at (0,0) size 100x100 [bgcolor=#000000]
      RenderText {#text} at (0,0) size 0x0
layer at (137,129) size 100x400
  RenderBlock {DIV} at (-95,105) size 100x400
    RenderBlock {DIV} at (0,0) size 100x100 [bgcolor=#0000F0]
    RenderBlock {DIV} at (0,100) size 100x100 [bgcolor=#0000D0]
    RenderBlock {DIV} at (0,200) size 100x100 [bgcolor=#0000B0]
    RenderBlock {DIV} at (0,300) size 100x100 [bgcolor=#000090]
layer at (461,129) size 100x400
  RenderBlock (relative positioned) {DIV} at (-95,105) size 100x400
    RenderBlock {DIV} at (0,0) size 100x100 [bgcolor=#0000F0]
    RenderBlock {DIV} at (0,100) size 100x100 [bgcolor=#0000D0]
    RenderBlock {DIV} at (0,200) size 100x100 [bgcolor=#0000B0]
    RenderBlock {DIV} at (0,300) size 100x100 [bgcolor=#000090]
layer at (8,343) size 220x326
  RenderBlock (positioned) {DIV} at (8,343) size 220x326
    RenderBlock (anonymous) at (0,0) size 220x16
      RenderText {#text} at (0,0) size 56x16
        text run at (0,0) width 56: "Opacity:"
layer at (8,359) size 220x310
  RenderBlock {DIV} at (0,16) size 220x310 [border: (5px solid #000000)]
    RenderBlock (anonymous) at (5,5) size 100x100
      RenderBlock {DIV} at (0,0) size 100x100 [bgcolor=#000000]
      RenderText {#text} at (0,0) size 0x0
    RenderBlock (anonymous) at (5,505) size 100x100
      RenderBlock {DIV} at (0,0) size 100x100 [bgcolor=#000000]
      RenderText {#text} at (0,0) size 0x0
layer at (13,464) size 100x400 backgroundClip at (0,0) size 800x669 clip at (0,0) size 800x669 outlineClip at (0,0) size 800x669 transparent
  RenderBlock {DIV} at (5,105) size 100x400
    RenderBlock {DIV} at (0,0) size 100x100 [bgcolor=#0000F0]
    RenderBlock {DIV} at (0,100) size 100x100 [bgcolor=#0000D0]
    RenderBlock {DIV} at (0,200) size 100x100 [bgcolor=#0000B0]
    RenderBlock {DIV} at (0,300) size 100x100 [bgcolor=#000090]
