layer at (0,0) size 800x600
  RenderView at (0,0) size 800x600
layer at (0,0) size 800x50
  RenderBlock {HTML} at (0,0) size 800x50
    RenderBody {BODY} at (8,16) size 784x18
      RenderBlock {P} at (0,0) size 784x18
        RenderText {#text} at (0,0) size 310x17
          text run at (0,0) width 310: "Test passes if there is no red visible on the page."
layer at (8,50) size 784x0
  RenderBlock (relative positioned) {DIV} at (0,34) size 784x0
layer at (8,50) size 306x6
  RenderPartObject {IFRAME} at (0,0) size 306x6 [border: (3px solid #FF0000)]
    layer at (0,0) size 300x0 scrollHeight 8
      RenderView at (0,0) size 300x0
    layer at (0,0) size 285x8 backgroundClip at (0,0) size 0x0 clip at (0,0) size 0x0 outlineClip at (0,0) size 0x0
      RenderBlock {HTML} at (0,0) size 285x8
        RenderBody {BODY} at (8,8) size 269x0
layer at (8,50) size 306x6
  RenderBlock (positioned) {DIV} at (0,0) size 306x6 [border: (3px solid #008000)]
