layer at (0,0) size 800x600
  RenderView at (0,0) size 800x600
layer at (0,0) size 800x284
  RenderBlock {HTML} at (0,0) size 800x284
    RenderBody {BODY} at (8,8) size 784x268
      RenderBlock (anonymous) at (0,0) size 784x56
        RenderTextControl {INPUT} at (4,4) size 125x19 [bgcolor=#FFFFFF] [border: (2px inset #000000)]
          RenderFlexibleBox {DIV} at (4,3) size 117x13
            RenderBlock {DIV} at (0,1) size 7x11
            RenderBlock {DIV} at (7,0) size 98x13
            RenderBlock {DIV} at (106,1) size 11x11
        RenderText {#text} at (133,4) size 4x18
          text run at (133,4) width 4: " "
        RenderBR {BR} at (137,4) size 0x18
        RenderTextControl {INPUT} at (4,31) size 125x21 [bgcolor=#FFFFFF] [border: (3px solid #00FF00)]
          RenderFlexibleBox {DIV} at (4,4) size 117x13
            RenderBlock {DIV} at (0,1) size 7x11
            RenderBlock {DIV} at (7,0) size 98x13
            RenderBlock {DIV} at (106,1) size 11x11
        RenderText {#text} at (133,32) size 4x18
          text run at (133,32) width 4: " "
        RenderTextControl {INPUT} at (141,32) size 123x19 [bgcolor=#FFFFFF] [border: (2px inset #000000)]
          RenderFlexibleBox {DIV} at (3,3) size 117x13
            RenderBlock {DIV} at (0,1) size 7x11
            RenderBlock {DIV} at (7,0) size 98x13
            RenderBlock {DIV} at (106,1) size 11x11
        RenderText {#text} at (268,32) size 4x18
          text run at (268,32) width 4: " "
        RenderBR {BR} at (272,32) size 0x18
      RenderBlock {DIV} at (0,56) size 163x45 [bgcolor=#888888]
        RenderTextControl {INPUT} at (11,9) size 133x19 [bgcolor=#00FF00] [border: (2px inset #000000)]
          RenderFlexibleBox {DIV} at (3,3) size 127x13
            RenderBlock {DIV} at (0,1) size 7x11
            RenderBlock {DIV} at (7,0) size 108x13
            RenderBlock {DIV} at (116,1) size 11x11
        RenderText {#text} at (0,0) size 0x0
      RenderBlock (anonymous) at (0,101) size 784x167
        RenderTextControl {INPUT} at (4,4) size 123x19 [border: (2px inset #000000)]
          RenderFlexibleBox {DIV} at (3,3) size 117x13
            RenderBlock {DIV} at (0,1) size 7x11
            RenderBlock {DIV} at (7,0) size 98x13
            RenderBlock {DIV} at (106,1) size 11x11
        RenderText {#text} at (131,4) size 4x18
          text run at (131,4) width 4: " "
        RenderBR {BR} at (135,4) size 0x18
        RenderTextControl {INPUT} at (4,31) size 123x19 [bgcolor=#FFFFFF] [border: (2px inset #000000)]
          RenderFlexibleBox {DIV} at (3,3) size 117x13
            RenderBlock {DIV} at (0,1) size 7x11
            RenderBlock {DIV} at (7,0) size 98x13
            RenderBlock {DIV} at (106,1) size 11x11
        RenderText {#text} at (131,31) size 4x18
          text run at (131,31) width 4: " "
        RenderBR {BR} at (135,31) size 0x18
        RenderTextControl {INPUT} at (4,58) size 150x22 [bgcolor=#FFFFFF] [border: (2px inset #000000)]
          RenderFlexibleBox {DIV} at (5,3) size 140x16
            RenderBlock {DIV} at (0,1) size 7x14
            RenderBlock {DIV} at (7,0) size 118x16
            RenderBlock {DIV} at (126,1) size 14x14
        RenderText {#text} at (158,60) size 4x18
          text run at (158,60) width 4: " "
        RenderTextControl {INPUT} at (166,58) size 150x22 [bgcolor=#FFFFFF] [border: (2px inset #000000)]
          RenderFlexibleBox {DIV} at (5,3) size 140x16
            RenderBlock {DIV} at (0,1) size 7x14
            RenderBlock {DIV} at (7,0) size 118x16
            RenderBlock {DIV} at (126,1) size 14x14
        RenderText {#text} at (320,60) size 4x18
          text run at (320,60) width 4: " "
        RenderTextControl {INPUT} at (328,58) size 150x22 [bgcolor=#FFFFFF] [border: (2px inset #000000)]
          RenderFlexibleBox {DIV} at (5,3) size 140x16
            RenderBlock {DIV} at (0,1) size 7x14
            RenderBlock {DIV} at (7,0) size 118x16
            RenderBlock {DIV} at (126,1) size 14x14
        RenderText {#text} at (482,60) size 4x18
          text run at (482,60) width 4: " "
        RenderBR {BR} at (486,60) size 0x18
        RenderTextControl {INPUT} at (6,99) size 174x29 [bgcolor=#FFFFFF] [border: (3px inset #000000)]
          RenderFlexibleBox {DIV} at (4,4) size 166x21
            RenderBlock {DIV} at (0,2) size 15x16
            RenderBlock {DIV} at (15,0) size 133x20
            RenderBlock {DIV} at (149,2) size 16x16
        RenderText {#text} at (186,105) size 4x18
          text run at (186,105) width 4: " "
        RenderTextControl {INPUT} at (198,92) size 245x38 [bgcolor=#FFFFFF] [border: (4px inset #000000)]
          RenderFlexibleBox {DIV} at (6,6) size 233x26
            RenderBlock {DIV} at (0,2) size 23x22
            RenderBlock {DIV} at (23,0) size 186x26
            RenderBlock {DIV} at (211,2) size 22x22
        RenderText {#text} at (451,105) size 4x18
          text run at (451,105) width 4: " "
        RenderBR {BR} at (455,105) size 0x18
        RenderTextControl {INPUT} at (4,142) size 185x21 [bgcolor=#FFFFFF] [border: (1px solid #BDC7D8)]
          RenderFlexibleBox {DIV} at (18,4) size 163x13
            RenderBlock {DIV} at (0,1) size 16x11
            RenderBlock {DIV} at (16,0) size 135x13
            RenderBlock {DIV} at (152,1) size 11x11
        RenderText {#text} at (0,0) size 0x0
layer at (23,15) size 98x13
  RenderBlock {DIV} at (0,0) size 98x13
    RenderText {#text} at (0,0) size 18x13
      text run at (0,0) width 18: "foo"
layer at (23,43) size 98x13
  RenderBlock {DIV} at (0,0) size 98x13
    RenderText {#text} at (0,0) size 18x13
      text run at (0,0) width 18: "foo"
layer at (159,43) size 98x13
  RenderBlock {DIV} at (0,0) size 98x13
    RenderText {#text} at (0,0) size 18x13
      text run at (0,0) width 18: "foo"
layer at (29,76) size 108x13
  RenderBlock {DIV} at (0,0) size 108x13
    RenderText {#text} at (0,0) size 62x13
      text run at (0,0) width 62: "default text"
layer at (22,116) size 98x13
  RenderBlock {DIV} at (0,0) size 98x13
    RenderText {#text} at (0,0) size 18x13
      text run at (0,0) width 18: "foo"
layer at (22,143) size 98x13
  RenderBlock {DIV} at (0,0) size 98x13
    RenderText {#text} at (0,0) size 18x13
      text run at (0,0) width 18: "foo"
layer at (24,170) size 118x16
  RenderBlock {DIV} at (0,0) size 118x16
    RenderText {#text} at (0,0) size 21x16
      text run at (0,0) width 21: "foo"
layer at (186,170) size 118x16
  RenderBlock {DIV} at (0,0) size 118x16
    RenderText {#text} at (0,0) size 21x16
      text run at (0,0) width 21: "foo"
layer at (348,170) size 118x16
  RenderBlock {DIV} at (0,0) size 118x16
    RenderText {#text} at (0,0) size 21x16
      text run at (0,0) width 21: "foo"
layer at (34,213) size 133x20 backgroundClip at (34,213) size 132x20 clip at (34,213) size 132x20
  RenderBlock {DIV} at (0,0) size 133x20
    RenderText {#text} at (0,0) size 28x20
      text run at (0,0) width 28: "foo"
layer at (235,207) size 186x26
  RenderBlock {DIV} at (0,0) size 186x26
    RenderText {#text} at (0,0) size 36x26
      text run at (0,0) width 36: "foo"
layer at (46,255) size 135x13
  RenderBlock {DIV} at (34,4) size 135x13 [color=#A9A9A9]
    RenderText {#text} at (0,0) size 92x13
      text run at (0,0) width 92: "Search for Events"
layer at (46,255) size 135x13
  RenderBlock {DIV} at (0,0) size 135x13
