layer at (0,0) size 785x623
  RenderView at (0,0) size 785x600
layer at (0,0) size 785x623
  RenderBlock {HTML} at (0,0) size 785x623
    RenderBody {BODY} at (8,8) size 769x607
      RenderText {#text} at (47,61) size 5x17
        text run at (47,61) width 5: " "
      RenderText {#text} at (99,61) size 5x17
        text run at (99,61) width 5: " "
      RenderText {#text} at (0,0) size 0x0
      RenderText {#text} at (152,61) size 5x17
        text run at (152,61) width 5: " "
      RenderText {#text} at (221,61) size 5x17
        text run at (221,61) width 5: " "
      RenderBR {BR} at (225,61) size 1x17
      RenderText {#text} at (51,144) size 5x17
        text run at (51,144) width 5: " "
      RenderText {#text} at (103,144) size 5x17
        text run at (103,144) width 5: " "
      RenderBR {BR} at (107,144) size 1x17
      RenderText {#text} at (47,223) size 5x17
        text run at (47,223) width 5: " "
      RenderBR {BR} at (51,223) size 1x17
      RenderText {#text} at (47,302) size 5x17
        text run at (47,302) width 5: " "
      RenderBR {BR} at (51,302) size 1x17
      RenderText {#text} at (51,432) size 5x17
        text run at (51,432) width 5: " "
      RenderText {#text} at (112,432) size 5x17
        text run at (112,432) width 5: " "
      RenderText {#text} at (178,432) size 5x17
        text run at (178,432) width 5: " "
      RenderBR {BR} at (182,432) size 1x17
      RenderText {#text} at (62,589) size 5x17
        text run at (62,589) width 5: " "
      RenderText {#text} at (146,589) size 5x17
        text run at (146,589) width 5: " "
      RenderBR {BR} at (150,589) size 1x17
layer at (12,12) size 40x70 clip at (13,13) size 23x68
  RenderListBox {SELECT} at (4,4) size 39.53x70 [bgcolor=#FFFFFF] [border: (1px solid #A9A9A9)]
    RenderBlock {OPTION} at (1,1) size 22.53x17
      RenderText {#text} at (2,0) size 19x15
        text run at (2,0) width 19: "foo"
layer at (64,12) size 40x70 clip at (65,13) size 23x68
  RenderListBox {SELECT} at (55.53,4) size 40.28x70 [bgcolor=#FFFFFF] [border: (1px solid #A9A9A9)]
    RenderBlock {OPTION} at (1,1) size 23.28x17 [color=#FFFFCC] [bgcolor=#0000FF]
      RenderText {#text} at (2,0) size 19x15
        text run at (2,0) width 19: "foo"
    RenderBlock {OPTION} at (1,18) size 23.28x17
      RenderText {#text} at (2,0) size 20x15
        text run at (2,0) width 20: "bar"
layer at (116,12) size 40x70 clip at (117,13) size 23x68
  RenderListBox {SELECT} at (107.81,4) size 40.28x70 [bgcolor=#FFFFFF] [border: (1px solid #A9A9A9)]
    RenderBlock {OPTION} at (1,1) size 23.28x17 [color=#FFFFFF] [bgcolor=#999999]
      RenderText {#text} at (2,0) size 19x15
        text run at (2,0) width 19: "foo"
    RenderBlock {OPTION} at (1,18) size 23.28x17 [color=#808080] [bgcolor=#999999]
      RenderText {#text} at (2,0) size 20x15
        text run at (2,0) width 20: "bar"
layer at (168,12) size 57x70 clip at (169,13) size 40x68
  RenderListBox {SELECT} at (160.09,4) size 57.31x70 [color=#808080] [bgcolor=#FFFFFF] [border: (1px solid #A9A9A9)]
    RenderBlock {OPTION} at (1,1) size 40.31x17 [bgcolor=#999999]
      RenderText {#text} at (2,0) size 19x15
        text run at (2,0) width 19: "foo"
    RenderBlock {OPTION} at (1,18) size 40.31x17
      RenderText {#text} at (2,0) size 20x15
        text run at (2,0) width 20: "bar"
    RenderBlock {OPTGROUP} at (1,35) size 40.31x34
      RenderBlock {DIV} at (0,0) size 40.31x17
      RenderBlock {OPTION} at (0,17) size 40.31x17 [bgcolor=#999999]
        RenderText {#text} at (2,0) size 37x15
          text run at (2,0) width 37: "    baz"
layer at (12,91) size 44x74 clip at (15,94) size 23x68
  RenderListBox {SELECT} at (4,83) size 43.53x74 [bgcolor=#FFFFFF] [border: (3px solid #00FF00)]
    RenderBlock {OPTION} at (3,3) size 22.53x17
      RenderText {#text} at (2,0) size 19x15
        text run at (2,0) width 19: "foo"
layer at (68,95) size 39x70 clip at (69,96) size 22x68
  RenderListBox {SELECT} at (59.53,87) size 39.53x70 [bgcolor=#FFFFFF] [border: (1px solid #A9A9A9)]
    RenderBlock {OPTION} at (1,1) size 22.53x17
      RenderText {#text} at (2,0) size 19x15
        text run at (2,0) width 19: "foo"
layer at (12,174) size 40x70 clip at (13,175) size 23x68
  RenderListBox {SELECT} at (4,166) size 39.53x70 [border: (1px solid #A9A9A9)]
    RenderBlock {OPTION} at (1,1) size 22.53x17
      RenderText {#text} at (2,0) size 19x15
        text run at (2,0) width 19: "foo"
layer at (12,253) size 40x70 clip at (13,254) size 23x68
  RenderListBox {SELECT} at (4,245) size 39.53x70 [bgcolor=#FFFFFF] [border: (1px solid #A9A9A9)]
    RenderBlock {OPTION} at (1,1) size 22.53x17
      RenderText {#text} at (2,0) size 19x15
        text run at (2,0) width 19: "foo"
layer at (12,370) size 43x83 clip at (13,371) size 26x81 scrollHeight 80
  RenderListBox {SELECT} at (4,362.25) size 43.25x82.75 [bgcolor=#FFFFFF] [border: (1px solid #A9A9A9)]
    RenderBlock {OPTION} at (1,1) size 26.25x20.19
      RenderText {#text} at (2,0) size 23x17
        text run at (2,0) width 23: "foo"
layer at (67,351) size 49x102 clip at (68,352) size 32x100
  RenderListBox {SELECT} at (59.25,343) size 48.81x102 [bgcolor=#FFFFFF] [border: (1px solid #A9A9A9)]
    RenderBlock {OPTION} at (1,1) size 31.81x25
      RenderText {#text} at (2,0) size 28x22
        text run at (2,0) width 28: "foo"
layer at (128,332) size 54x121 clip at (129,333) size 37x119
  RenderListBox {SELECT} at (120.06,323.81) size 54.38x121.19 [bgcolor=#FFFFFF] [border: (1px solid #A9A9A9)]
    RenderBlock {OPTION} at (1,1) size 37.38x29.80
      RenderText {#text} at (2,0) size 34x27
        text run at (2,0) width 34: "foo"
layer at (14,504) size 51x104 clip at (15,505) size 34x102
  RenderListBox {SELECT} at (6,496) size 50.81x104 [bgcolor=#FFFFFF] [border: (1px solid #A9A9A9)]
    RenderBlock {OPTION} at (1,1) size 33.81x25.50
      RenderText {#text} at (3,0) size 28x22
        text run at (3,0) width 28: "foo"
layer at (83,466) size 64x140 clip at (85,468) size 45x136
  RenderListBox {SELECT} at (74.81,458) size 64.06x140 [bgcolor=#FFFFFF] [border: (2px solid #A9A9A9)]
    RenderBlock {OPTION} at (2,2) size 45.06x34
      RenderText {#text} at (4,0) size 38x30
        text run at (4,0) width 38: "foo"
