layer at (0,0) size 800x600
  RenderView at (0,0) size 800x600
layer at (0,0) size 800x443
  RenderBlock {HTML} at (0,0) size 800x443
    RenderBody {BODY} at (8,8) size 784x427
      RenderMenuList {SELECT} at (4,4) size 44x19 [bgcolor=#FFFFFF] [border: (1px solid #A9A9A9)]
        RenderBlock (anonymous) at (1,1) size 42x17
          RenderText at (4,1) size 19x15
            text run at (4,1) width 19: "foo"
      RenderText {#text} at (52,4) size 4x17
        text run at (52,4) width 4: " "
      RenderBR {BR} at (56,4) size 0x17
      RenderMenuList {SELECT} at (4,31) size 44x27 [bgcolor=#FFFFFF] [border: (1px solid #A9A9A9)]
        RenderBlock (anonymous) at (1,9) size 42x17
          RenderText at (4,1) size 19x15
            text run at (4,1) width 19: "foo"
      RenderText {#text} at (52,39) size 4x17
        text run at (52,39) width 4: " "
      RenderMenuList {SELECT} at (60,39) size 50x19 [bgcolor=#FFFFFF] [border: (1px solid #A9A9A9)]
        RenderBlock (anonymous) at (1,1) size 42x17
          RenderText at (4,1) size 19x15
            text run at (4,1) width 19: "foo"
      RenderText {#text} at (114,39) size 4x17
        text run at (114,39) width 4: " "
      RenderMenuList {SELECT} at (122,39) size 44x27 [bgcolor=#FFFFFF] [border: (1px solid #A9A9A9)]
        RenderBlock (anonymous) at (1,1) size 42x17
          RenderText at (4,1) size 19x15
            text run at (4,1) width 19: "foo"
      RenderText {#text} at (170,39) size 4x17
        text run at (170,39) width 4: " "
      RenderMenuList {SELECT} at (178,39) size 50x19 [bgcolor=#FFFFFF] [border: (1px solid #A9A9A9)]
        RenderBlock (anonymous) at (7,1) size 42x17
          RenderText at (4,1) size 19x15
            text run at (4,1) width 19: "foo"
      RenderText {#text} at (232,39) size 4x17
        text run at (232,39) width 4: " "
      RenderBR {BR} at (236,39) size 0x17
      RenderMenuList {SELECT} at (4,74) size 48x23 [bgcolor=#FFFFFF] [border: (3px solid #00FF00)]
        RenderBlock (anonymous) at (3,3) size 42x17
          RenderText at (4,1) size 19x15
            text run at (4,1) width 19: "foo"
      RenderText {#text} at (56,76) size 4x17
        text run at (56,76) width 4: " "
      RenderMenuList {SELECT} at (64,76) size 44x19 [bgcolor=#FFFFFF] [border: (1px solid #A9A9A9)]
        RenderBlock (anonymous) at (1,1) size 42x17
          RenderText at (4,1) size 19x15
            text run at (4,1) width 19: "foo"
      RenderText {#text} at (112,76) size 4x17
        text run at (112,76) width 4: " "
      RenderBR {BR} at (116,76) size 0x17
      RenderMenuList {SELECT} at (4,112) size 44x19 [border: (1px solid #A9A9A9)]
        RenderBlock (anonymous) at (1,1) size 42x17
          RenderText at (4,1) size 19x15
            text run at (4,1) width 19: "foo"
      RenderText {#text} at (52,112) size 4x17
        text run at (52,112) width 4: " "
      RenderBlock {DIV} at (56,101) size 67x41 [bgcolor=#DBB102]
        RenderMenuList {SELECT} at (12,12) size 43x17
          RenderBlock (anonymous) at (0,0) size 43x17
            RenderText at (4,1) size 20x15
              text run at (4,1) width 20: "bar"
      RenderText {#text} at (123,112) size 4x17
        text run at (123,112) width 4: " "
      RenderBR {BR} at (127,112) size 0x17
      RenderMenuList {SELECT} at (4,146) size 44x19 [bgcolor=#FFFFFF] [border: (1px solid #A9A9A9)]
        RenderBlock (anonymous) at (1,1) size 42x17
          RenderText at (4,1) size 19x15
            text run at (4,1) width 19: "foo"
      RenderText {#text} at (52,146) size 4x17
        text run at (52,146) width 4: " "
      RenderBR {BR} at (56,146) size 0x17
      RenderMenuList {SELECT} at (4,181) size 48x22 [bgcolor=#FFFFFF] [border: (1px solid #A9A9A9)]
        RenderBlock (anonymous) at (1,1) size 46x20
          RenderText at (4,1) size 23x17
            text run at (4,1) width 23: "foo"
      RenderText {#text} at (56,183) size 4x17
        text run at (56,183) width 4: " "
      RenderMenuList {SELECT} at (64,177) size 53x27 [bgcolor=#FFFFFF] [border: (1px solid #A9A9A9)]
        RenderBlock (anonymous) at (1,1) size 51x25
          RenderText at (4,1) size 28x22
            text run at (4,1) width 28: "foo"
      RenderText {#text} at (121,183) size 4x17
        text run at (121,183) width 4: " "
      RenderMenuList {SELECT} at (129,173) size 59x32 [bgcolor=#FFFFFF] [border: (1px solid #A9A9A9)]
        RenderBlock (anonymous) at (1,1) size 57x30
          RenderText at (4,1) size 34x27
            text run at (4,1) width 34: "foo"
      RenderText {#text} at (192,183) size 4x17
        text run at (192,183) width 4: " "
      RenderBR {BR} at (196,183) size 0x17
      RenderMenuList {SELECT} at (6,224) size 53x27 [bgcolor=#FFFFFF] [border: (1px solid #A9A9A9)]
        RenderBlock (anonymous) at (1,1) size 51x25
          RenderText at (4,1) size 28x22
            text run at (4,1) width 28: "foo"
      RenderText {#text} at (65,230) size 4x17
        text run at (65,230) width 4: " "
      RenderMenuList {SELECT} at (77,217) size 65x37 [bgcolor=#FFFFFF] [border: (2px solid #A9A9A9)]
        RenderBlock (anonymous) at (2,2) size 61x33
          RenderText at (4,1) size 38x30
            text run at (4,1) width 38: "foo"
      RenderText {#text} at (150,230) size 4x17
        text run at (150,230) width 4: " "
      RenderBR {BR} at (154,230) size 0x17
      RenderListBox {SELECT} at (4,266) size 200x25 [bgcolor=#FFFFFF] [border: (1px solid #A9A9A9)]
      RenderText {#text} at (208,274) size 4x17
        text run at (208,274) width 4: " "
      RenderBR {BR} at (212,274) size 0x17
      RenderListBox {SELECT} at (4,299) size 200x25 [bgcolor=#FFFFFF] [border: (1px solid #A9A9A9)]
      RenderText {#text} at (208,307) size 4x17
        text run at (208,307) width 4: " "
      RenderBR {BR} at (212,307) size 0x17
      RenderListBox {SELECT} at (4,332) size 200x25 [bgcolor=#FFFFFF] [border: (1px solid #A9A9A9)]
      RenderText {#text} at (208,340) size 4x17
        text run at (208,340) width 4: " "
      RenderBR {BR} at (212,340) size 0x17
      RenderListBox {SELECT} at (4,365) size 200x25 [bgcolor=#FFFFFF] [border: (1px solid #A9A9A9)]
      RenderText {#text} at (208,373) size 4x17
        text run at (208,373) width 4: " "
      RenderBR {BR} at (212,373) size 0x17
      RenderListBox {SELECT} at (4,398) size 200x25 [bgcolor=#FFFFFF] [border: (1px solid #A9A9A9)]
      RenderText {#text} at (0,0) size 0x0
