layer at (0,0) size 800x600
  RenderView at (0,0) size 800x600
layer at (0,0) size 800x378
  RenderBlock {HTML} at (0,0) size 800x378
    RenderBody {BODY} at (8,8) size 784x362
      RenderBlock {FORM} at (0,0) size 784x362
        RenderText {#text} at (80,325) size 5x17
          text run at (80,325) width 5: " "
        RenderBR {BR} at (84,325) size 1x17
        RenderMenuList {SELECT} at (0,343) size 75x19 [bgcolor=#FFFFFF] [border: (1px solid #A9A9A9)]
          RenderBlock (anonymous) at (1,1) size 73x17
            RenderText at (4,1) size 35x15
              text run at (4,1) width 35: "Three"
        RenderText {#text} at (0,0) size 0x0
layer at (8,8) size 80x342 clip at (9,9) size 63x340
  RenderListBox {SELECT} at (0,0) size 80.27x342 [bgcolor=#FFFFFF] [border: (1px solid #A9A9A9)]
    RenderBlock {OPTGROUP} at (1,1) size 63.27x85 [color=#008000]
      RenderBlock {DIV} at (0,0) size 63.27x17
        RenderText {#text} at (2,0) size 52x15
          text run at (2,0) width 52: "Enabled"
      RenderBlock {OPTION} at (0,17) size 63.27x17 [color=#0000FF]
        RenderText {#text} at (2,0) size 41x15
          text run at (2,0) width 41: "    One"
      RenderBlock {OPTION} at (0,34) size 63.27x17 [color=#0000FF]
        RenderText {#text} at (2,0) size 40x15
          text run at (2,0) width 40: "    Two"
      RenderBlock {OPTION} at (0,51) size 63.27x17 [color=#0000FF]
        RenderText {#text} at (2,0) size 50x15
          text run at (2,0) width 50: "    Three"
      RenderBlock {OPTION} at (0,68) size 63.27x17 [color=#0000FF]
        RenderText {#text} at (2,0) size 43x15
          text run at (2,0) width 43: "    Four"
    RenderBlock {OPTGROUP} at (1,86) size 63.27x85 [color=#FFC0CB]
      RenderBlock {DIV} at (0,0) size 63.27x17
        RenderText {#text} at (2,0) size 56x15
          text run at (2,0) width 56: "Disabled"
      RenderBlock {OPTION} at (0,17) size 63.27x17 [color=#FF0000]
        RenderText {#text} at (2,0) size 41x15
          text run at (2,0) width 41: "    One"
      RenderBlock {OPTION} at (0,34) size 63.27x17 [color=#FF0000]
        RenderText {#text} at (2,0) size 40x15
          text run at (2,0) width 40: "    Two"
      RenderBlock {OPTION} at (0,51) size 63.27x17 [color=#FF0000]
        RenderText {#text} at (2,0) size 50x15
          text run at (2,0) width 50: "    Three"
      RenderBlock {OPTION} at (0,68) size 63.27x17 [color=#FF0000]
        RenderText {#text} at (2,0) size 43x15
          text run at (2,0) width 43: "    Four"
    RenderBlock {OPTGROUP} at (1,171) size 63.27x85 [color=#008000]
      RenderBlock {DIV} at (0,0) size 63.27x17
        RenderText {#text} at (2,0) size 60x15
          text run at (2,0) width 60: "Enabled2"
      RenderBlock {OPTION} at (0,17) size 63.27x17 [color=#0000FF]
        RenderText {#text} at (2,0) size 41x15
          text run at (2,0) width 41: "    One"
      RenderBlock {OPTION} at (0,34) size 63.27x17 [color=#FF0000]
        RenderText {#text} at (2,0) size 40x15
          text run at (2,0) width 40: "    Two"
      RenderBlock {OPTION} at (0,51) size 63.27x17 [color=#0000FF] [bgcolor=#999999]
        RenderText {#text} at (2,0) size 50x15
          text run at (2,0) width 50: "    Three"
      RenderBlock {OPTION} at (0,68) size 63.27x17 [color=#0000FF]
        RenderText {#text} at (2,0) size 43x15
          text run at (2,0) width 43: "    Four"
