layer at (0,0) size 785x781
  RenderView at (0,0) size 785x600
layer at (0,0) size 785x781
  RenderBlock {HTML} at (0,0) size 785x781
    RenderBody {BODY} at (8,8) size 769x760
      RenderBlock {P} at (0,0) size 769x36
        RenderText {#text} at (0,0) size 55x17
          text run at (0,0) width 55: "Test for "
        RenderInline {I} at (0,0) size 748x35
          RenderInline {A} at (0,0) size 354x17 [color=#0000EE]
            RenderText {#text} at (54,0) size 354x17
              text run at (54,0) width 354: "http://bugzilla.opendarwin.org/show_bug.cgi?id=7216"
          RenderText {#text} at (407,0) size 748x35
            text run at (407,0) width 5: " "
            text run at (411,0) width 337: "white-space: pre-wrap collapses leading whitespace"
            text run at (0,18) width 127: "following a newline"
        RenderText {#text} at (126,18) size 5x17
          text run at (126,18) width 5: "."
      RenderBlock {HR} at (0,52) size 769x2 [border: (1px inset #EEEEEE)]
      RenderBlock {P} at (0,70) size 769x18
        RenderText {#text} at (0,0) size 36x17
          text run at (0,0) width 36: "Here "
        RenderInline {CODE} at (0,0) size 24x15
          RenderText {#text} at (35,3) size 24x15
            text run at (35,3) width 24: "bar"
        RenderText {#text} at (58,0) size 145x17
          text run at (58,0) width 145: " should be right under "
        RenderInline {CODE} at (0,0) size 25x15
          RenderText {#text} at (202,3) size 25x15
            text run at (202,3) width 25: "foo"
        RenderText {#text} at (226,0) size 5x17
          text run at (226,0) width 5: ":"
      RenderBlock {PRE} at (0,104) size 38.47x30 [bgcolor=#C0C0C0]
        RenderText {#text} at (0,0) size 39x30
          text run at (0,0) width 24: "foo"
          text run at (23,0) width 16: "      "
          text run at (0,15) width 24: "bar"
      RenderBlock {P} at (0,150) size 769x18
        RenderText {#text} at (0,0) size 36x17
          text run at (0,0) width 36: "Here "
        RenderInline {CODE} at (0,0) size 24x15
          RenderText {#text} at (35,3) size 24x15
            text run at (35,3) width 24: "bar"
        RenderText {#text} at (58,0) size 331x17
          text run at (58,0) width 331: " should be on the right hand side of the second line:"
      RenderBlock {PRE} at (0,184) size 38.47x45 [bgcolor=#C0C0C0]
        RenderText {#text} at (0,0) size 24x15
          text run at (0,0) width 24: "foo"
        RenderBR {BR} at (23,11) size 1x0
        RenderText {#text} at (0,15) size 24x30
          text run at (0,15) width 24: "   "
          text run at (0,30) width 24: "bar"
      RenderBlock {PRE} at (0,242) size 38.47x45 [bgcolor=#C0C0C0]
        RenderText {#text} at (0,0) size 55x15
          text run at (0,0) width 32: "foo "
          text run at (31,0) width 24: "   "
        RenderBR {BR} at (54,11) size 1x0
        RenderText {#text} at (0,15) size 24x30
          text run at (0,15) width 24: "   "
          text run at (0,30) width 24: "bar"
      RenderBlock {PRE} at (0,300) size 38.47x45 [bgcolor=#C0C0C0]
        RenderText {#text} at (0,0) size 24x45
          text run at (0,0) width 24: "foo"
          text run at (23,0) width 1: " "
          text run at (0,15) width 24: "   "
          text run at (0,30) width 24: "bar"
      RenderBlock {PRE} at (0,358) size 38.47x45 [bgcolor=#C0C0C0]
        RenderText {#text} at (0,0) size 32x45
          text run at (0,0) width 32: "foo "
          text run at (31,0) width 1: " "
          text run at (0,15) width 24: "   "
          text run at (0,30) width 24: "bar"
      RenderBlock {PRE} at (0,416) size 38.47x45 [bgcolor=#C0C0C0]
        RenderText {#text} at (0,0) size 47x45
          text run at (0,0) width 32: "foo "
          text run at (31,0) width 16: "  "
          text run at (0,15) width 24: "   "
          text run at (0,30) width 24: "bar"
      RenderBlock {PRE} at (0,474) size 38.47x45 [bgcolor=#C0C0C0]
        RenderText {#text} at (0,0) size 55x45
          text run at (0,0) width 32: "foo "
          text run at (31,0) width 24: "   "
          text run at (0,15) width 24: "   "
          text run at (0,30) width 24: "bar"
      RenderBlock {PRE} at (0,532) size 38.47x45 [bgcolor=#C0C0C0]
        RenderText {#text} at (0,0) size 63x45
          text run at (0,0) width 32: "foo "
          text run at (31,0) width 32: "    "
          text run at (0,15) width 24: "   "
          text run at (0,30) width 24: "bar"
      RenderBlock {P} at (0,593) size 769x18
        RenderText {#text} at (0,0) size 36x17
          text run at (0,0) width 36: "Here "
        RenderInline {CODE} at (0,0) size 24x15
          RenderText {#text} at (35,3) size 24x15
            text run at (35,3) width 24: "bar"
        RenderText {#text} at (58,0) size 317x17
          text run at (58,0) width 317: " should be on the right hand side of the third line:"
      RenderBlock {PRE} at (0,627) size 38.47x60 [bgcolor=#C0C0C0]
        RenderText {#text} at (0,0) size 24x15
          text run at (0,0) width 24: "foo"
        RenderBR {BR} at (23,11) size 1x0
        RenderText {#text} at (0,15) size 24x45
          text run at (0,15) width 0: " "
          text run at (0,30) width 24: "   "
          text run at (0,45) width 24: "bar"
      RenderBlock {PRE} at (0,700) size 38.47x60 [bgcolor=#C0C0C0]
        RenderText {#text} at (0,0) size 32x60
          text run at (0,0) width 24: "foo"
          text run at (23,0) width 9: " "
          text run at (0,15) width 24: "baz"
          text run at (23,15) width 1: " "
          text run at (0,30) width 24: "   "
          text run at (0,45) width 24: "bar"
