layer at (0,0) size 800x600
  RenderView at (0,0) size 800x600
layer at (0,0) size 800x600
  RenderBlock {HTML} at (0,0) size 800x600
    RenderBody {BODY} at (8,8) size 784x584
      RenderBlock {H1} at (0,0) size 784x37
        RenderInline (generated) at (0,0) size 207x37
          RenderText at (0,0) size 207x37
            text run at (0,0) width 207: "First Chapter: "
        RenderText {#text} at (207,0) size 105x37
          text run at (207,0) width 105: "TEST 1"
      RenderBlock (anonymous) at (0,58.44) size 784x18
        RenderText {#text} at (0,0) size 239x18
          text run at (0,0) width 239: "Should read: \"First Chapter: TEST 1\""
      RenderBlock {H2} at (0,96.34) size 784x28
        RenderInline (generated) at (0,0) size 99x28
          RenderText at (0,0) size 99x28
            text run at (0,0) width 99: "Chapter: "
        RenderText {#text} at (99,0) size 79x28
          text run at (99,0) width 79: "TEST 2"
      RenderBlock (anonymous) at (0,144.25) size 784x18
        RenderText {#text} at (0,0) size 207x18
          text run at (0,0) width 207: "Should read: \"Chapter: TEST 2\""
      RenderBlock {H3} at (0,180.97) size 784x22
        RenderInline (generated) at (0,0) size 114x22
          RenderText at (0,0) size 114x22
            text run at (0,0) width 114: "Chapter One: "
        RenderText {#text} at (114,0) size 60x22
          text run at (114,0) width 60: "TEST 3"
      RenderBlock (anonymous) at (0,221.69) size 784x18
        RenderText {#text} at (0,0) size 238x18
          text run at (0,0) width 238: "Should read: \"Chapter One: TEST 3\""
      RenderBlock {H4} at (0,260.95) size 784x18
        RenderInline (generated) at (0,0) size 66x18
          RenderText at (0,0) size 66x18
            text run at (0,0) width 66: "Chapter: "
        RenderText {#text} at (66,0) size 54x18
          text run at (66,0) width 54: "TEST 4"
      RenderBlock (anonymous) at (0,300.22) size 784x18
        RenderText {#text} at (0,0) size 207x18
          text run at (0,0) width 207: "Should read: \"Chapter: TEST 4\""
