layer at (0,0) size 4397x600
  RenderView at (0,0) size 800x600
layer at (-3597,0) size 4397x600 backgroundClip at (0,0) size 4397x600 clip at (0,0) size 4397x600 outlineClip at (0,0) size 4397x600
  RenderBlock {HTML} at (0,0) size 4397.34x600
    RenderBody {BODY} at (60,48) size 4277.34x504
      RenderBlock {H1} at (0,0) size 48x504
        RenderText {#text} at (5,0) size 37x65
          text run at (5,0) width 65: "\x{8349}\x{6795}"
      RenderBlock {H2} at (69.44,0) size 36x504
        RenderText {#text} at (4,0) size 28x97
          text run at (4,0) width 97: "\x{590F}\x{76EE}\x{6F31}\x{77F3}"
      RenderBlock {DIV} at (125.34,0) size 4152x504
        RenderBlock (anonymous) at (0,0) size 2315x504
          RenderBR {BR} at (0,0) size 18x0
          RenderBR {BR} at (18,0) size 18x0
          RenderBR {BR} at (36,0) size 18x0
          RenderText {#text} at (57,0) size 18x146
            text run at (57,0) width 146: "\x{3000}\x{3000}\x{3000}\x{3000}\x{3000}\x{3000}\x{3000}\x{3000}\x{4E00}"
          RenderBR {BR} at (57,145) size 18x1
          RenderBR {BR} at (78,0) size 18x0
          RenderText {#text} at (106,0) size 18x17
            text run at (106,0) width 17: "\x{3000}"
          RenderRuby (inline) {RUBY} at (0,0) size 18x35
            RenderRubyRun (anonymous) at (103,15.11) size 24x36.27
              RenderRubyText {RT} at (-9,0) size 14x36.27
                RenderText {#text} at (2,0) size 10x37
                  text run at (2,0) width 37: "\x{3084}\x{307E}\x{307F}\x{3061}"
              RenderRubyBase (anonymous) at (0,0) size 24x36.27
                RenderInline {RB} at (0,0) size 18x34
                  RenderText {#text} at (3,1) size 18x34
                    text run at (3,1) width 34: "\x{5C71}\x{8DEF}"
          RenderText {#text} at (106,50) size 18x210
            text run at (106,50) width 210: "\x{3092}\x{767B}\x{308A}\x{306A}\x{304C}\x{3089}\x{3001}\x{3053}\x{3046}\x{8003}\x{3048}\x{305F}\x{3002}"
          RenderBR {BR} at (106,259) size 18x1
          RenderText {#text} at (134,0) size 18x17
            text run at (134,0) width 17: "\x{3000}"
          RenderRuby (inline) {RUBY} at (0,0) size 18x17
            RenderRubyRun (anonymous) at (131,16.11) size 24x16.13
              RenderRubyText {RT} at (-9,0) size 14x16.13
                RenderText {#text} at (2,3) size 10x10
                  text run at (2,3) width 10: "\x{3061}"
              RenderRubyBase (anonymous) at (0,0) size 24x16.13
                RenderInline {RB} at (0,0) size 18x17
                  RenderText {#text} at (3,0) size 18x17
                    text run at (3,0) width 17: "\x{667A}"
          RenderText {#text} at (134,32) size 18x65
            text run at (134,32) width 65: "\x{306B}\x{50CD}\x{3051}\x{3070}"
          RenderRuby (inline) {RUBY} at (0,0) size 18x18
            RenderRubyRun (anonymous) at (131,95.67) size 24x18.14
              RenderRubyText {RT} at (-9,0) size 14x18.14
                RenderText {#text} at (2,0) size 10x19
                  text run at (2,0) width 19: "\x{304B}\x{3069}"
              RenderRubyBase (anonymous) at (0,0) size 24x18.14
                RenderInline {RB} at (0,0) size 18x17
                  RenderText {#text} at (3,1) size 18x17
                    text run at (3,1) width 17: "\x{89D2}"
          RenderText {#text} at (134,113) size 18x66
            text run at (134,113) width 65: "\x{304C}\x{7ACB}\x{3064}\x{3002}"
          RenderRuby (inline) {RUBY} at (0,0) size 18x20
            RenderRubyRun (anonymous) at (131,174.27) size 24x27.20
              RenderRubyText {RT} at (-9,0) size 14x27.20
                RenderText {#text} at (2,0) size 10x28
                  text run at (2,0) width 28: "\x{3058}\x{3087}\x{3046}"
              RenderRubyBase (anonymous) at (0,0) size 24x27.20
                RenderInline {RB} at (0,0) size 18x17
                  RenderText {#text} at (3,5) size 18x17
                    text run at (3,5) width 17: "\x{60C5}"
          RenderText {#text} at (134,197) size 18x17
            text run at (134,197) width 17: "\x{306B}"
          RenderRuby (inline) {RUBY} at (0,0) size 18x18
            RenderRubyRun (anonymous) at (131,212.58) size 24x18.14
              RenderRubyText {RT} at (-9,0) size 14x18.14
                RenderText {#text} at (2,0) size 10x19
                  text run at (2,0) width 19: "\x{3055}\x{304A}"
              RenderRubyBase (anonymous) at (0,0) size 24x18.14
                RenderInline {RB} at (0,0) size 18x17
                  RenderText {#text} at (3,1) size 18x17
                    text run at (3,1) width 17: "\x{68F9}"
          RenderText {#text} at (134,230) size 18x178
            text run at (134,230) width 178: "\x{3055}\x{305B}\x{3070}\x{6D41}\x{3055}\x{308C}\x{308B}\x{3002}\x{610F}\x{5730}\x{3092}"
          RenderRuby (inline) {RUBY} at (0,0) size 18x19
            RenderRubyRun (anonymous) at (131,406.95) size 24x18.14
              RenderRubyText {RT} at (-9,0) size 14x18.14
                RenderText {#text} at (2,0) size 10x19
                  text run at (2,0) width 19: "\x{3068}\x{304A}"
              RenderRubyBase (anonymous) at (0,0) size 24x18.14
                RenderInline {RB} at (0,0) size 18x17
                  RenderText {#text} at (3,1) size 18x17
                    text run at (3,1) width 17: "\x{901A}"
          RenderText {#text} at (134,425) size 18x33
            text run at (134,425) width 33: "\x{305B}\x{3070}"
          RenderRuby (inline) {RUBY} at (0,0) size 18x43
            RenderRubyRun (anonymous) at (131,454.31) size 24x45.33
              RenderRubyText {RT} at (-9,0) size 14x45.33
                RenderText {#text} at (2,0) size 10x46
                  text run at (2,0) width 46: "\x{304D}\x{3085}\x{3046}\x{304F}\x{3064}"
              RenderRubyBase (anonymous) at (0,0) size 24x45.33
                RenderInline {RB} at (0,0) size 18x39
                  RenderText {#text} at (3,3) size 18x39
                    text run at (3,3) width 39: "\x{7AAE}\x{5C48}"
          RenderText {#text} at (158,0) size 18x258
            text run at (158,0) width 258: "\x{3060}\x{3002}\x{3068}\x{304B}\x{304F}\x{306B}\x{4EBA}\x{306E}\x{4E16}\x{306F}\x{4F4F}\x{307F}\x{306B}\x{304F}\x{3044}\x{3002}"
          RenderBR {BR} at (158,257) size 18x1
          RenderText {#text} at (186,0) size 18x113
            text run at (186,0) width 113: "\x{3000}\x{4F4F}\x{307F}\x{306B}\x{304F}\x{3055}\x{304C}"
          RenderRuby (inline) {RUBY} at (0,0) size 18x18
            RenderRubyRun (anonymous) at (183,111.78) size 24x18.14
              RenderRubyText {RT} at (-9,0) size 14x18.14
                RenderText {#text} at (2,0) size 10x19
                  text run at (2,0) width 19: "\x{3053}\x{3046}"
              RenderRubyBase (anonymous) at (0,0) size 24x18.14
                RenderInline {RB} at (0,0) size 18x17
                  RenderText {#text} at (3,1) size 18x17
                    text run at (3,1) width 17: "\x{9AD8}"
          RenderText {#text} at (186,129) size 46x501
            text run at (186,129) width 371: "\x{3058}\x{308B}\x{3068}\x{3001}\x{5B89}\x{3044}\x{6240}\x{3078}\x{5F15}\x{304D}\x{8D8A}\x{3057}\x{305F}\x{304F}\x{306A}\x{308B}\x{3002}\x{3069}\x{3053}\x{3078}\x{8D8A}\x{3057}\x{3066}"
            text run at (214,0) width 113: "\x{3082}\x{4F4F}\x{307F}\x{306B}\x{304F}\x{3044}\x{3068}"
          RenderRuby (inline) {RUBY} at (0,0) size 18x18
            RenderRubyRun (anonymous) at (211,111.78) size 24x18.14
              RenderRubyText {RT} at (-9,0) size 14x18.14
                RenderText {#text} at (2,0) size 10x19
                  text run at (2,0) width 19: "\x{3055}\x{3068}"
              RenderRubyBase (anonymous) at (0,0) size 24x18.14
                RenderInline {RB} at (0,0) size 18x17
                  RenderText {#text} at (3,1) size 18x17
                    text run at (3,1) width 17: "\x{609F}"
          RenderText {#text} at (214,129) size 18x163
            text run at (214,129) width 162: "\x{3063}\x{305F}\x{6642}\x{3001}\x{8A69}\x{304C}\x{751F}\x{308C}\x{3066}\x{3001}"
          RenderRuby (inline) {RUBY} at (0,0) size 18x17
            RenderRubyRun (anonymous) at (211,291.03) size 24x16.13
              RenderRubyText {RT} at (-9,0) size 14x16.13
                RenderText {#text} at (2,3) size 10x10
                  text run at (2,3) width 10: "\x{3048}"
              RenderRubyBase (anonymous) at (0,0) size 24x16.13
                RenderInline {RB} at (0,0) size 18x17
                  RenderText {#text} at (3,0) size 18x17
                    text run at (3,0) width 17: "\x{753B}"
          RenderText {#text} at (214,307) size 18x81
            text run at (214,307) width 81: "\x{304C}\x{51FA}\x{6765}\x{308B}\x{3002}"
          RenderBR {BR} at (214,387) size 18x1
          RenderText {#text} at (238,0) size 18x17
            text run at (238,0) width 17: "\x{3000}"
          RenderInline {STRONG} at (0,0) size 18x49
            RenderText {#text} at (238,16) size 18x49
              text run at (238,16) width 49: "\x{4EBA}\x{306E}\x{4E16}"
          RenderText {#text} at (238,64) size 18x436
            text run at (238,64) width 436: "\x{3092}\x{4F5C}\x{3063}\x{305F}\x{3082}\x{306E}\x{306F}\x{795E}\x{3067}\x{3082}\x{306A}\x{3051}\x{308C}\x{3070}\x{9B3C}\x{3067}\x{3082}\x{306A}\x{3044}\x{3002}\x{3084}\x{306F}\x{308A}\x{5411}\x{3046}\x{4E09}\x{8ED2}"
          RenderRuby (inline) {RUBY} at (0,0) size 18x43
            RenderRubyRun (anonymous) at (263,0) size 24x45.33
              RenderRubyText {RT} at (-9,0) size 14x45.33
                RenderText {#text} at (2,0) size 10x46
                  text run at (2,0) width 46: "\x{308A}\x{3087}\x{3046}\x{3069}\x{306A}"
              RenderRubyBase (anonymous) at (0,0) size 24x45.33
                RenderInline {RB} at (0,0) size 18x39
                  RenderText {#text} at (3,3) size 18x39
                    text run at (3,3) width 39: "\x{4E21}\x{96A3}"
          RenderText {#text} at (266,42) size 18x388
            text run at (266,42) width 387: "\x{308A}\x{306B}\x{3061}\x{3089}\x{3061}\x{3089}\x{3059}\x{308B}\x{305F}\x{3060}\x{306E}\x{4EBA}\x{3067}\x{3042}\x{308B}\x{3002}\x{305F}\x{3060}\x{306E}\x{4EBA}\x{304C}\x{4F5C}\x{3063}\x{305F}"
          RenderInline {STRONG} at (0,0) size 18x49
            RenderText {#text} at (266,429) size 18x49
              text run at (266,429) width 49: "\x{4EBA}\x{306E}\x{4E16}"
          RenderText {#text} at (266,477) size 42x494
            text run at (266,477) width 17: "\x{304C}"
            text run at (290,0) width 355: "\x{4F4F}\x{307F}\x{306B}\x{304F}\x{3044}\x{304B}\x{3089}\x{3068}\x{3066}\x{3001}\x{8D8A}\x{3059}\x{56FD}\x{306F}\x{3042}\x{308B}\x{307E}\x{3044}\x{3002}\x{3042}\x{308C}\x{3070}"
          RenderInline {STRONG} at (0,0) size 18x65
            RenderText {#text} at (290,354) size 18x65
              text run at (290,354) width 65: "\x{4EBA}\x{3067}\x{306A}\x{3057}"
          RenderText {#text} at (290,418) size 42x500
            text run at (290,418) width 81: "\x{306E}\x{56FD}\x{3078}\x{884C}\x{304F}"
            text run at (314,0) width 81: "\x{3070}\x{304B}\x{308A}\x{3060}\x{3002}"
          RenderInline {STRONG} at (0,0) size 18x66
            RenderText {#text} at (314,80) size 18x66
              text run at (314,80) width 65: "\x{4EBA}\x{3067}\x{306A}\x{3057}"
          RenderText {#text} at (314,145) size 18x49
            text run at (314,145) width 49: "\x{306E}\x{56FD}\x{306F}"
          RenderInline {STRONG} at (0,0) size 18x49
            RenderText {#text} at (314,193) size 18x49
              text run at (314,193) width 49: "\x{4EBA}\x{306E}\x{4E16}"
          RenderText {#text} at (314,241) size 18x211
            text run at (314,241) width 210: "\x{3088}\x{308A}\x{3082}\x{306A}\x{304A}\x{4F4F}\x{307F}\x{306B}\x{304F}\x{304B}\x{308D}\x{3046}\x{3002}"
          RenderBR {BR} at (314,451) size 18x1
          RenderText {#text} at (338,0) size 18x500
            text run at (338,0) width 500: "\x{3000}\x{8D8A}\x{3059}\x{4E8B}\x{306E}\x{306A}\x{3089}\x{306C}\x{4E16}\x{304C}\x{4F4F}\x{307F}\x{306B}\x{304F}\x{3051}\x{308C}\x{3070}\x{3001}\x{4F4F}\x{307F}\x{306B}\x{304F}\x{3044}\x{6240}\x{3092}\x{3069}\x{308C}\x{307B}\x{3069}\x{304B}\x{3001}"
          RenderRuby (inline) {RUBY} at (0,0) size 18x36
            RenderRubyRun (anonymous) at (363,0) size 24x36.27
              RenderRubyText {RT} at (-9,0) size 14x36.27
                RenderText {#text} at (2,0) size 10x37
                  text run at (2,0) width 37: "\x{304F}\x{3064}\x{308D}\x{3052}"
              RenderRubyBase (anonymous) at (0,0) size 24x36.27
                RenderInline {RB} at (0,0) size 18x34
                  RenderText {#text} at (3,1) size 18x34
                    text run at (3,1) width 34: "\x{5BDB}\x{5BB9}"
          RenderText {#text} at (366,35) size 18x33
            text run at (366,35) width 33: "\x{3066}\x{3001}"
          RenderRuby (inline) {RUBY} at (0,0) size 18x18
            RenderRubyRun (anonymous) at (363,66.48) size 24x18.14
              RenderRubyText {RT} at (-9,0) size 14x18.14
                RenderText {#text} at (2,0) size 10x19
                  text run at (2,0) width 19: "\x{3064}\x{304B}"
              RenderRubyBase (anonymous) at (0,0) size 24x18.14
                RenderInline {RB} at (0,0) size 18x17
                  RenderText {#text} at (3,1) size 18x17
                    text run at (3,1) width 17: "\x{675F}"
          RenderText {#text} at (366,84) size 18x17
            text run at (366,84) width 17: "\x{306E}"
          RenderRuby (inline) {RUBY} at (0,0) size 18x17
            RenderRubyRun (anonymous) at (363,100.73) size 24x16.13
              RenderRubyText {RT} at (-9,0) size 14x16.13
                RenderText {#text} at (2,3) size 10x10
                  text run at (2,3) width 10: "\x{307E}"
              RenderRubyBase (anonymous) at (0,0) size 24x16.13
                RenderInline {RB} at (0,0) size 18x17
                  RenderText {#text} at (3,0) size 18x17
                    text run at (3,0) width 17: "\x{9593}"
          RenderText {#text} at (366,116) size 46x504
            text run at (366,116) width 387: "\x{306E}\x{547D}\x{3092}\x{3001}\x{675F}\x{306E}\x{9593}\x{3067}\x{3082}\x{4F4F}\x{307F}\x{3088}\x{304F}\x{305B}\x{306D}\x{3070}\x{306A}\x{3089}\x{306C}\x{3002}\x{3053}\x{3053}\x{306B}\x{8A69}"
            text run at (394,0) width 355: "\x{4EBA}\x{3068}\x{3044}\x{3046}\x{5929}\x{8077}\x{304C}\x{51FA}\x{6765}\x{3066}\x{3001}\x{3053}\x{3053}\x{306B}\x{753B}\x{5BB6}\x{3068}\x{3044}\x{3046}\x{4F7F}\x{547D}\x{304C}"
          RenderRuby (inline) {RUBY} at (0,0) size 18x18
            RenderRubyRun (anonymous) at (391,353.45) size 24x18.14
              RenderRubyText {RT} at (-9,0) size 14x18.14
                RenderText {#text} at (2,0) size 10x19
                  text run at (2,0) width 19: "\x{304F}\x{3060}"
              RenderRubyBase (anonymous) at (0,0) size 24x18.14
                RenderInline {RB} at (0,0) size 18x17
                  RenderText {#text} at (3,1) size 18x17
                    text run at (3,1) width 17: "\x{964D}"
          RenderText {#text} at (394,371) size 46x501
            text run at (394,371) width 129: "\x{308B}\x{3002}\x{3042}\x{3089}\x{3086}\x{308B}\x{82B8}\x{8853}"
            text run at (422,0) width 113: "\x{306E}\x{58EB}\x{306F}\x{4EBA}\x{306E}\x{4E16}\x{3092}"
          RenderRuby (inline) {RUBY} at (0,0) size 18x34
            RenderRubyRun (anonymous) at (419,112.78) size 24x32.23
              RenderRubyText {RT} at (-9,0) size 14x32.23
                RenderText {#text} at (2,0) size 10x32
                  text run at (2,0) width 31: "\x{306E}\x{3069}\x{304B}"
              RenderRubyBase (anonymous) at (0,0) size 24x32.23
                RenderInline {RB} at (0,0) size 18x33
                  RenderText {#text} at (3,0) size 18x33
                    text run at (3,0) width 33: "\x{9577}\x{9591}"
          RenderText {#text} at (422,145) size 18x210
            text run at (422,145) width 210: "\x{306B}\x{3057}\x{3001}\x{4EBA}\x{306E}\x{5FC3}\x{3092}\x{8C4A}\x{304B}\x{306B}\x{3059}\x{308B}\x{304C}"
          RenderRuby (inline) {RUBY} at (0,0) size 18x18
            RenderRubyRun (anonymous) at (419,353.47) size 24x18.14
              RenderRubyText {RT} at (-9,0) size 14x18.14
                RenderText {#text} at (2,0) size 10x19
                  text run at (2,0) width 19: "\x{3086}\x{3048}"
              RenderRubyBase (anonymous) at (0,0) size 24x18.14
                RenderInline {RB} at (0,0) size 18x17
                  RenderText {#text} at (3,1) size 18x17
                    text run at (3,1) width 17: "\x{6545}"
          RenderText {#text} at (422,371) size 18x17
            text run at (422,371) width 17: "\x{306B}"
          RenderRuby (inline) {RUBY} at (0,0) size 18x18
            RenderRubyRun (anonymous) at (419,386.72) size 24x18.14
              RenderRubyText {RT} at (-9,0) size 14x18.14
                RenderText {#text} at (2,0) size 10x19
                  text run at (2,0) width 19: "\x{305F}\x{3063}"
              RenderRubyBase (anonymous) at (0,0) size 24x18.14
                RenderInline {RB} at (0,0) size 18x17
                  RenderText {#text} at (3,1) size 18x17
                    text run at (3,1) width 17: "\x{5C0A}"
          RenderText {#text} at (422,404) size 18x50
            text run at (422,404) width 49: "\x{3068}\x{3044}\x{3002}"
          RenderBR {BR} at (422,453) size 18x1
          RenderText {#text} at (450,0) size 18x242
            text run at (450,0) width 242: "\x{3000}\x{4F4F}\x{307F}\x{306B}\x{304F}\x{304D}\x{4E16}\x{304B}\x{3089}\x{3001}\x{4F4F}\x{307F}\x{306B}\x{304F}\x{304D}"
          RenderRuby (inline) {RUBY} at (0,0) size 18x20
            RenderRubyRun (anonymous) at (447,237.67) size 24x27.20
              RenderRubyText {RT} at (-9,0) size 14x27.20
                RenderText {#text} at (2,0) size 10x28
                  text run at (2,0) width 28: "\x{308F}\x{305A}\x{3089}"
              RenderRubyBase (anonymous) at (0,0) size 24x27.20
                RenderInline {RB} at (0,0) size 18x17
                  RenderText {#text} at (3,5) size 18x17
                    text run at (3,5) width 17: "\x{7169}"
          RenderText {#text} at (450,260) size 46x503
            text run at (450,260) width 242: "\x{3044}\x{3092}\x{5F15}\x{304D}\x{629C}\x{3044}\x{3066}\x{3001}\x{3042}\x{308A}\x{304C}\x{305F}\x{3044}\x{4E16}\x{754C}"
            text run at (478,0) width 258: "\x{3092}\x{307E}\x{306E}\x{3042}\x{305F}\x{308A}\x{306B}\x{5199}\x{3059}\x{306E}\x{304C}\x{8A69}\x{3067}\x{3042}\x{308B}\x{3001}"
          RenderRuby (inline) {RUBY} at (0,0) size 18x17
            RenderRubyRun (anonymous) at (475,257.78) size 24x16.13
              RenderRubyText {RT} at (-9,0) size 14x16.13
                RenderText {#text} at (2,3) size 10x10
                  text run at (2,3) width 10: "\x{3048}"
              RenderRubyBase (anonymous) at (0,0) size 24x16.13
                RenderInline {RB} at (0,0) size 18x17
                  RenderText {#text} at (3,0) size 18x17
                    text run at (3,0) width 17: "\x{753B}"
          RenderText {#text} at (478,273) size 46x500
            text run at (478,273) width 226: "\x{3067}\x{3042}\x{308B}\x{3002}\x{3042}\x{308B}\x{306F}\x{97F3}\x{697D}\x{3068}\x{5F6B}\x{523B}\x{3067}\x{3042}"
            text run at (506,0) width 97: "\x{308B}\x{3002}\x{3053}\x{307E}\x{304B}\x{306B}"
          RenderRuby (inline) {RUBY} at (0,0) size 18x17
            RenderRubyRun (anonymous) at (503,96.67) size 24x16.13
              RenderRubyText {RT} at (-9,0) size 14x16.13
                RenderText {#text} at (2,3) size 10x10
                  text run at (2,3) width 10: "\x{3044}"
              RenderRubyBase (anonymous) at (0,0) size 24x16.13
                RenderInline {RB} at (0,0) size 18x17
                  RenderText {#text} at (3,0) size 18x17
                    text run at (3,0) width 17: "\x{4E91}"
          RenderText {#text} at (506,112) size 46x500
            text run at (506,112) width 387: "\x{3048}\x{3070}\x{5199}\x{3055}\x{306A}\x{3044}\x{3067}\x{3082}\x{3088}\x{3044}\x{3002}\x{305F}\x{3060}\x{307E}\x{306E}\x{3042}\x{305F}\x{308A}\x{306B}\x{898B}\x{308C}\x{3070}\x{3001}\x{305D}"
            text run at (534,0) width 146: "\x{3053}\x{306B}\x{8A69}\x{3082}\x{751F}\x{304D}\x{3001}\x{6B4C}\x{3082}"
          RenderRuby (inline) {RUBY} at (0,0) size 18x17
            RenderRubyRun (anonymous) at (531,145) size 24x16.13
              RenderRubyText {RT} at (-9,0) size 14x16.13
                RenderText {#text} at (2,3) size 10x10
                  text run at (2,3) width 10: "\x{308F}"
              RenderRubyBase (anonymous) at (0,0) size 24x16.13
                RenderInline {RB} at (0,0) size 18x17
                  RenderText {#text} at (3,0) size 18x17
                    text run at (3,0) width 17: "\x{6E67}"
          RenderText {#text} at (534,161) size 18x194
            text run at (534,161) width 194: "\x{304F}\x{3002}\x{7740}\x{60F3}\x{3092}\x{7D19}\x{306B}\x{843D}\x{3055}\x{306C}\x{3068}\x{3082}"
          RenderRuby (inline) {RUBY} at (0,0) size 18x40
            RenderRubyRun (anonymous) at (531,351.47) size 24x45.33
              RenderRubyText {RT} at (-9,0) size 14x45.33
                RenderText {#text} at (2,0) size 10x46
                  text run at (2,0) width 46: "\x{304D}\x{3085}\x{3046}\x{305D}\x{3046}"
              RenderRubyBase (anonymous) at (0,0) size 24x45.33
                RenderInline {RB} at (0,0) size 18x39
                  RenderText {#text} at (3,3) size 18x23
                    text run at (3,3) width 23: "\x{7486}"
                  RenderText {#text} at (3,25) size 18x17
                    text run at (3,25) width 17: "\x{93D8}"
          RenderText {#text} at (534,393) size 18x17
            text run at (534,393) width 17: "\x{306E}"
          RenderRuby (inline) {RUBY} at (0,0) size 18x19
            RenderRubyRun (anonymous) at (531,408.91) size 24x18.14
              RenderRubyText {RT} at (-9,0) size 14x18.14
                RenderText {#text} at (2,0) size 10x19
                  text run at (2,0) width 19: "\x{304A}\x{3093}"
              RenderRubyBase (anonymous) at (0,0) size 24x18.14
                RenderInline {RB} at (0,0) size 18x17
                  RenderText {#text} at (3,1) size 18x17
                    text run at (3,1) width 17: "\x{97F3}"
          RenderText {#text} at (534,427) size 18x17
            text run at (534,427) width 17: "\x{306F}"
          RenderRuby (inline) {RUBY} at (0,0) size 18x35
            RenderRubyRun (anonymous) at (531,442.16) size 24x36.27
              RenderRubyText {RT} at (-9,0) size 14x36.27
                RenderText {#text} at (2,0) size 10x37
                  text run at (2,0) width 37: "\x{304D}\x{3087}\x{3046}\x{308A}"
              RenderRubyBase (anonymous) at (0,0) size 24x36.27
                RenderInline {RB} at (0,0) size 18x34
                  RenderText {#text} at (3,1) size 18x34
                    text run at (3,1) width 34: "\x{80F8}\x{88CF}"
          RenderText {#text} at (534,477) size 18x17
            text run at (534,477) width 17: "\x{306B}"
          RenderRuby (inline) {RUBY} at (0,0) size 18x19
            RenderRubyRun (anonymous) at (559,0) size 24x18.14
              RenderRubyText {RT} at (-9,0) size 14x18.14
                RenderText {#text} at (2,0) size 10x19
                  text run at (2,0) width 19: "\x{304A}\x{3053}"
              RenderRubyBase (anonymous) at (0,0) size 24x18.14
                RenderInline {RB} at (0,0) size 18x17
                  RenderText {#text} at (3,1) size 18x17
                    text run at (3,1) width 17: "\x{8D77}"
          RenderText {#text} at (562,18) size 18x33
            text run at (562,18) width 33: "\x{308B}\x{3002}"
          RenderRuby (inline) {RUBY} at (0,0) size 18x35
            RenderRubyRun (anonymous) at (559,49.36) size 24x36.27
              RenderRubyText {RT} at (-9,0) size 14x36.27
                RenderText {#text} at (2,0) size 10x37
                  text run at (2,0) width 37: "\x{305F}\x{3093}\x{305B}\x{3044}"
              RenderRubyBase (anonymous) at (0,0) size 24x36.27
                RenderInline {RB} at (0,0) size 18x34
                  RenderText {#text} at (3,1) size 18x34
                    text run at (3,1) width 34: "\x{4E39}\x{9752}"
          RenderText {#text} at (562,84) size 18x17
            text run at (562,84) width 17: "\x{306F}"
          RenderRuby (inline) {RUBY} at (0,0) size 18x33
            RenderRubyRun (anonymous) at (559,100.73) size 24x32.23
              RenderRubyText {RT} at (-9,0) size 14x32.23
                RenderText {#text} at (2,3) size 10x25
                  text run at (2,3) width 25: "\x{304C}\x{304B}"
              RenderRubyBase (anonymous) at (0,0) size 24x32.23
                RenderInline {RB} at (0,0) size 18x33
                  RenderText {#text} at (3,0) size 18x33
                    text run at (3,0) width 33: "\x{753B}\x{67B6}"
          RenderText {#text} at (562,132) size 18x66
            text run at (562,132) width 65: "\x{306B}\x{5411}\x{3063}\x{3066}"
          RenderRuby (inline) {RUBY} at (0,0) size 18x33
            RenderRubyRun (anonymous) at (559,197.42) size 24x32.23
              RenderRubyText {RT} at (-9,0) size 14x32.23
                RenderText {#text} at (2,0) size 10x32
                  text run at (2,0) width 31: "\x{3068}\x{307E}\x{3064}"
              RenderRubyBase (anonymous) at (0,0) size 24x32.23
                RenderInline {RB} at (0,0) size 18x33
                  RenderText {#text} at (3,0) size 18x33
                    text run at (3,0) width 33: "\x{5857}\x{62B9}"
          RenderText {#text} at (562,229) size 18x66
            text run at (562,229) width 65: "\x{305B}\x{3093}\x{3067}\x{3082}"
          RenderRuby (inline) {RUBY} at (0,0) size 18x33
            RenderRubyRun (anonymous) at (559,294.09) size 24x32.23
              RenderRubyText {RT} at (-9,0) size 14x32.23
                RenderText {#text} at (2,0) size 10x32
                  text run at (2,0) width 31: "\x{3054}\x{3055}\x{3044}"
              RenderRubyBase (anonymous) at (0,0) size 24x32.23
                RenderInline {RB} at (0,0) size 18x33
                  RenderText {#text} at (3,0) size 18x33
                    text run at (3,0) width 33: "\x{4E94}\x{5F69}"
          RenderText {#text} at (562,326) size 18x17
            text run at (562,326) width 17: "\x{306E}"
          RenderRuby (inline) {RUBY} at (0,0) size 18x35
            RenderRubyRun (anonymous) at (559,341.45) size 24x36.27
              RenderRubyText {RT} at (-9,0) size 14x36.27
                RenderText {#text} at (2,0) size 10x37
                  text run at (2,0) width 37: "\x{3051}\x{3093}\x{3089}\x{3093}"
              RenderRubyBase (anonymous) at (0,0) size 24x36.27
                RenderInline {RB} at (0,0) size 18x34
                  RenderText {#text} at (3,1) size 18x34
                    text run at (3,1) width 34: "\x{7D62}\x{721B}"
          RenderText {#text} at (562,376) size 18x17
            text run at (562,376) width 17: "\x{306F}"
          RenderRuby (inline) {RUBY} at (0,0) size 18x21
            RenderRubyRun (anonymous) at (559,388.83) size 24x27.20
              RenderRubyText {RT} at (-9,0) size 14x27.20
                RenderText {#text} at (2,0) size 10x28
                  text run at (2,0) width 28: "\x{304A}\x{306E}\x{305A}"
              RenderRubyBase (anonymous) at (0,0) size 24x27.20
                RenderInline {RB} at (0,0) size 18x17
                  RenderText {#text} at (3,5) size 18x17
                    text run at (3,5) width 17: "\x{81EA}"
          RenderText {#text} at (562,412) size 18x33
            text run at (562,412) width 33: "\x{304B}\x{3089}"
          RenderRuby (inline) {RUBY} at (0,0) size 18x35
            RenderRubyRun (anonymous) at (559,443.25) size 24x36.27
              RenderRubyText {RT} at (-9,0) size 14x36.27
                RenderText {#text} at (2,0) size 10x37
                  text run at (2,0) width 37: "\x{3057}\x{3093}\x{304C}\x{3093}"
              RenderRubyBase (anonymous) at (0,0) size 24x36.27
                RenderInline {RB} at (0,0) size 18x34
                  RenderText {#text} at (3,1) size 18x34
                    text run at (3,1) width 34: "\x{5FC3}\x{773C}"
          RenderText {#text} at (562,478) size 46x495
            text run at (562,478) width 17: "\x{306B}"
            text run at (590,0) width 242: "\x{6620}\x{308B}\x{3002}\x{305F}\x{3060}\x{304A}\x{306E}\x{304C}\x{4F4F}\x{3080}\x{4E16}\x{3092}\x{3001}\x{304B}\x{304F}"
          RenderRuby (inline) {RUBY} at (0,0) size 18x18
            RenderRubyRun (anonymous) at (587,240.67) size 24x18.14
              RenderRubyText {RT} at (-9,0) size 14x18.14
                RenderText {#text} at (2,0) size 10x19
                  text run at (2,0) width 19: "\x{304B}\x{3093}"
              RenderRubyBase (anonymous) at (0,0) size 24x18.14
                RenderInline {RB} at (0,0) size 18x17
                  RenderText {#text} at (3,1) size 18x17
                    text run at (3,1) width 17: "\x{89B3}"
          RenderText {#text} at (590,258) size 18x66
            text run at (590,258) width 65: "\x{3058}\x{5F97}\x{3066}\x{3001}"
          RenderRuby (inline) {RUBY} at (0,0) size 18x71
            RenderRubyRun (anonymous) at (587,322.27) size 24x72.52
              RenderRubyText {RT} at (-9,0) size 14x72.52
                RenderText {#text} at (2,0) size 10x73
                  text run at (2,0) width 73: "\x{308C}\x{3044}\x{3060}\x{3044}\x{307B}\x{3046}\x{3059}\x{3093}"
              RenderRubyBase (anonymous) at (0,0) size 24x72.52
                RenderInline {RB} at (0,0) size 18x70
                  RenderText {#text} at (3,1) size 18x70
                    text run at (3,1) width 70: "\x{970A}\x{53F0}\x{65B9}\x{5BF8}"
          RenderText {#text} at (590,393) size 18x82
            text run at (590,393) width 81: "\x{306E}\x{30AB}\x{30E1}\x{30E9}\x{306B}"
          RenderRuby (inline) {RUBY} at (0,0) size 18x72
            RenderRubyRun (anonymous) at (615,0) size 24x72.52
              RenderRubyText {RT} at (-9,0) size 14x72.52
                RenderText {#text} at (2,0) size 10x73
                  text run at (2,0) width 73: "\x{304E}\x{3087}\x{3046}\x{304D}\x{3053}\x{3093}\x{3060}\x{304F}"
              RenderRubyBase (anonymous) at (0,0) size 24x72.52
                RenderInline {RB} at (0,0) size 18x70
                  RenderText {#text} at (3,1) size 18x70
                    text run at (3,1) width 70: "\x{6F86}\x{5B63}\x{6EB7}\x{6FC1}"
          RenderText {#text} at (618,71) size 18x210
            text run at (618,71) width 210: "\x{306E}\x{4FD7}\x{754C}\x{3092}\x{6E05}\x{304F}\x{3046}\x{3089}\x{3089}\x{304B}\x{306B}\x{53CE}\x{3081}"
          RenderRuby (inline) {RUBY} at (0,0) size 18x18
            RenderRubyRun (anonymous) at (615,280.97) size 24x16.13
              RenderRubyText {RT} at (-9,0) size 14x16.13
                RenderText {#text} at (2,3) size 10x10
                  text run at (2,3) width 10: "\x{3046}"
              RenderRubyBase (anonymous) at (0,0) size 24x16.13
                RenderInline {RB} at (0,0) size 18x17
                  RenderText {#text} at (3,0) size 18x17
                    text run at (3,0) width 17: "\x{5F97}"
          RenderText {#text} at (618,297) size 18x33
            text run at (618,297) width 33: "\x{308C}\x{3070}"
          RenderRuby (inline) {RUBY} at (0,0) size 18x17
            RenderRubyRun (anonymous) at (615,329.31) size 24x16.13
              RenderRubyText {RT} at (-9,0) size 14x16.13
                RenderText {#text} at (2,3) size 10x10
                  text run at (2,3) width 10: "\x{305F}"
              RenderRubyBase (anonymous) at (0,0) size 24x16.13
                RenderInline {RB} at (0,0) size 18x17
                  RenderText {#text} at (3,0) size 18x17
                    text run at (3,0) width 17: "\x{8DB3}"
          RenderText {#text} at (618,345) size 18x98
            text run at (618,345) width 97: "\x{308B}\x{3002}\x{3053}\x{306E}\x{6545}\x{306B}"
          RenderRuby (inline) {RUBY} at (0,0) size 18x33
            RenderRubyRun (anonymous) at (615,442.11) size 24x32.23
              RenderRubyText {RT} at (-9,0) size 14x32.23
                RenderText {#text} at (2,0) size 10x32
                  text run at (2,0) width 31: "\x{3080}\x{305B}\x{3044}"
              RenderRubyBase (anonymous) at (0,0) size 24x32.23
                RenderInline {RB} at (0,0) size 18x33
                  RenderText {#text} at (3,0) size 18x33
                    text run at (3,0) width 33: "\x{7121}\x{58F0}"
          RenderText {#text} at (618,474) size 46x491
            text run at (618,474) width 17: "\x{306E}"
            text run at (646,0) width 146: "\x{8A69}\x{4EBA}\x{306B}\x{306F}\x{4E00}\x{53E5}\x{306A}\x{304F}\x{3001}"
          RenderRuby (inline) {RUBY} at (0,0) size 18x35
            RenderRubyRun (anonymous) at (643,144) size 24x36.27
              RenderRubyText {RT} at (-9,0) size 14x36.27
                RenderText {#text} at (2,0) size 10x37
                  text run at (2,0) width 37: "\x{3080}\x{3057}\x{3087}\x{304F}"
              RenderRubyBase (anonymous) at (0,0) size 24x36.27
                RenderInline {RB} at (0,0) size 18x34
                  RenderText {#text} at (3,1) size 18x34
                    text run at (3,1) width 34: "\x{7121}\x{8272}"
          RenderText {#text} at (646,179) size 18x81
            text run at (646,179) width 81: "\x{306E}\x{753B}\x{5BB6}\x{306B}\x{306F}"
          RenderRuby (inline) {RUBY} at (0,0) size 18x36
            RenderRubyRun (anonymous) at (643,258.83) size 24x36.27
              RenderRubyText {RT} at (-9,0) size 14x36.27
                RenderText {#text} at (2,0) size 10x37
                  text run at (2,0) width 37: "\x{305B}\x{3063}\x{3051}\x{3093}"
              RenderRubyBase (anonymous) at (0,0) size 24x36.27
                RenderInline {RB} at (0,0) size 18x34
                  RenderText {#text} at (3,1) size 18x34
                    text run at (3,1) width 34: "\x{5C3A}\x{7E11}"
          RenderText {#text} at (646,294) size 18x97
            text run at (646,294) width 97: "\x{306A}\x{304D}\x{3082}\x{3001}\x{304B}\x{304F}"
          RenderRuby (inline) {RUBY} at (0,0) size 18x36
            RenderRubyRun (anonymous) at (643,389.77) size 24x36.27
              RenderRubyText {RT} at (-9,0) size 14x36.27
                RenderText {#text} at (2,0) size 10x37
                  text run at (2,0) width 37: "\x{3058}\x{3093}\x{305B}\x{3044}"
              RenderRubyBase (anonymous) at (0,0) size 24x36.27
                RenderInline {RB} at (0,0) size 18x34
                  RenderText {#text} at (3,1) size 18x34
                    text run at (3,1) width 34: "\x{4EBA}\x{4E16}"
          RenderText {#text} at (646,425) size 46x490
            text run at (646,425) width 65: "\x{3092}\x{89B3}\x{3058}\x{5F97}"
            text run at (674,0) width 162: "\x{308B}\x{306E}\x{70B9}\x{306B}\x{304A}\x{3044}\x{3066}\x{3001}\x{304B}\x{304F}"
          RenderRuby (inline) {RUBY} at (0,0) size 18x35
            RenderRubyRun (anonymous) at (671,160.11) size 24x36.27
              RenderRubyText {RT} at (-9,0) size 14x36.27
                RenderText {#text} at (2,0) size 10x37
                  text run at (2,0) width 37: "\x{307C}\x{3093}\x{306E}\x{3046}"
              RenderRubyBase (anonymous) at (0,0) size 24x36.27
                RenderInline {RB} at (0,0) size 18x34
                  RenderText {#text} at (3,1) size 18x34
                    text run at (3,1) width 34: "\x{7169}\x{60A9}"
          RenderText {#text} at (674,195) size 18x17
            text run at (674,195) width 17: "\x{3092}"
          RenderRuby (inline) {RUBY} at (0,0) size 18x33
            RenderRubyRun (anonymous) at (671,211.48) size 24x32.23
              RenderRubyText {RT} at (-9,0) size 14x32.23
                RenderText {#text} at (2,0) size 10x32
                  text run at (2,0) width 31: "\x{3052}\x{3060}\x{3064}"
              RenderRubyBase (anonymous) at (0,0) size 24x32.23
                RenderInline {RB} at (0,0) size 18x33
                  RenderText {#text} at (3,0) size 18x33
                    text run at (3,0) width 33: "\x{89E3}\x{8131}"
          RenderText {#text} at (674,243) size 18x178
            text run at (674,243) width 178: "\x{3059}\x{308B}\x{306E}\x{70B9}\x{306B}\x{304A}\x{3044}\x{3066}\x{3001}\x{304B}\x{304F}"
          RenderRuby (inline) {RUBY} at (0,0) size 18x67
            RenderRubyRun (anonymous) at (671,416.95) size 24x72.52
              RenderRubyText {RT} at (-9,0) size 14x72.52
                RenderText {#text} at (2,0) size 10x73
                  text run at (2,0) width 73: "\x{3057}\x{3087}\x{3046}\x{3058}\x{3087}\x{3046}\x{304B}\x{3044}"
              RenderRubyBase (anonymous) at (0,0) size 24x72.52
                RenderInline {RB} at (0,0) size 18x65
                  RenderText {#text} at (3,4) size 18x65
                    text run at (3,4) width 65: "\x{6E05}\x{6D44}\x{754C}"
          RenderText {#text} at (674,486) size 18x17
            text run at (674,486) width 17: "\x{306B}"
          RenderRuby (inline) {RUBY} at (0,0) size 18x51
            RenderRubyRun (anonymous) at (699,0) size 24x54.39
              RenderRubyText {RT} at (-9,0) size 14x54.39
                RenderText {#text} at (2,0) size 10x55
                  text run at (2,0) width 55: "\x{3057}\x{3085}\x{3064}\x{306B}\x{3085}\x{3046}"
              RenderRubyBase (anonymous) at (0,0) size 24x54.39
                RenderInline {RB} at (0,0) size 18x43
                  RenderText {#text} at (3,5) size 18x43
                    text run at (3,5) width 43: "\x{51FA}\x{5165}"
          RenderText {#text} at (702,50) size 18x226
            text run at (702,50) width 226: "\x{3057}\x{5F97}\x{308B}\x{306E}\x{70B9}\x{306B}\x{304A}\x{3044}\x{3066}\x{3001}\x{307E}\x{305F}\x{3053}\x{306E}"
          RenderRuby (inline) {RUBY} at (0,0) size 18x66
            RenderRubyRun (anonymous) at (699,275.95) size 24x64.45
              RenderRubyText {RT} at (-9,0) size 14x64.45
                RenderText {#text} at (2,1) size 10x62
                  text run at (2,1) width 61: "\x{3075}\x{3069}\x{3046}\x{3075}\x{3058}"
              RenderRubyBase (anonymous) at (0,0) size 24x64.45
                RenderInline {RB} at (0,0) size 18x65
                  RenderText {#text} at (3,0) size 18x65
                    text run at (3,0) width 65: "\x{4E0D}\x{540C}\x{4E0D}\x{4E8C}"
          RenderText {#text} at (702,340) size 18x17
            text run at (702,340) width 17: "\x{306E}"
          RenderRuby (inline) {RUBY} at (0,0) size 18x35
            RenderRubyRun (anonymous) at (699,355.52) size 24x36.27
              RenderRubyText {RT} at (-9,0) size 14x36.27
                RenderText {#text} at (2,0) size 10x37
                  text run at (2,0) width 37: "\x{3051}\x{3093}\x{3053}\x{3093}"
              RenderRubyBase (anonymous) at (0,0) size 24x36.27
                RenderInline {RB} at (0,0) size 18x34
                  RenderText {#text} at (3,1) size 18x34
                    text run at (3,1) width 34: "\x{4E7E}\x{5764}"
          RenderText {#text} at (702,390) size 18x17
            text run at (702,390) width 17: "\x{3092}"
          RenderRuby (inline) {RUBY} at (0,0) size 18x41
            RenderRubyRun (anonymous) at (699,403.89) size 24x45.33
              RenderRubyText {RT} at (-9,0) size 14x45.33
                RenderText {#text} at (2,0) size 10x46
                  text run at (2,0) width 46: "\x{3053}\x{3093}\x{308A}\x{3085}\x{3046}"
              RenderRubyBase (anonymous) at (0,0) size 24x45.33
                RenderInline {RB} at (0,0) size 18x39
                  RenderText {#text} at (3,3) size 18x39
                    text run at (3,3) width 39: "\x{5EFA}\x{7ACB}"
          RenderText {#text} at (702,446) size 46x495
            text run at (702,446) width 49: "\x{3057}\x{5F97}\x{308B}"
            text run at (730,0) width 113: "\x{306E}\x{70B9}\x{306B}\x{304A}\x{3044}\x{3066}\x{3001}"
          RenderRuby (inline) {RUBY} at (0,0) size 18x66
            RenderRubyRun (anonymous) at (727,112.78) size 24x64.45
              RenderRubyText {RT} at (-9,0) size 14x64.45
                RenderText {#text} at (2,1) size 10x62
                  text run at (2,1) width 61: "\x{304C}\x{308A}\x{3057}\x{3088}\x{304F}"
              RenderRubyBase (anonymous) at (0,0) size 24x64.45
                RenderInline {RB} at (0,0) size 18x65
                  RenderText {#text} at (3,0) size 18x65
                    text run at (3,0) width 65: "\x{6211}\x{5229}\x{79C1}\x{617E}"
          RenderText {#text} at (730,177) size 18x17
            text run at (730,177) width 17: "\x{306E}"
          RenderRuby (inline) {RUBY} at (0,0) size 18x33
            RenderRubyRun (anonymous) at (727,193.34) size 24x32.23
              RenderRubyText {RT} at (-9,0) size 14x32.23
                RenderText {#text} at (2,0) size 10x32
                  text run at (2,0) width 31: "\x{304D}\x{306F}\x{3093}"
              RenderRubyBase (anonymous) at (0,0) size 24x32.23
                RenderInline {RB} at (0,0) size 18x33
                  RenderText {#text} at (3,0) size 18x33
                    text run at (3,0) width 33: "\x{898A}\x{7D46}"
          RenderText {#text} at (730,225) size 18x17
            text run at (730,225) width 17: "\x{3092}"
          RenderRuby (inline) {RUBY} at (0,0) size 18x35
            RenderRubyRun (anonymous) at (727,240.69) size 24x36.27
              RenderRubyText {RT} at (-9,0) size 14x36.27
                RenderText {#text} at (2,0) size 10x37
                  text run at (2,0) width 37: "\x{305D}\x{3046}\x{3068}\x{3046}"
              RenderRubyBase (anonymous) at (0,0) size 24x36.27
                RenderInline {RB} at (0,0) size 18x34
                  RenderText {#text} at (3,1) size 18x34
                    text run at (3,1) width 34: "\x{6383}\x{8569}"
          RenderText {#text} at (730,275) size 18x178
            text run at (730,275) width 178: "\x{3059}\x{308B}\x{306E}\x{70B9}\x{306B}\x{304A}\x{3044}\x{3066}\x{3001}\x{2015}\x{2015}"
          RenderRuby (inline) {RUBY} at (0,0) size 18x36
            RenderRubyRun (anonymous) at (727,451.97) size 24x36.27
              RenderRubyText {RT} at (-9,0) size 14x36.27
                RenderText {#text} at (2,0) size 10x37
                  text run at (2,0) width 37: "\x{305B}\x{3093}\x{304D}\x{3093}"
              RenderRubyBase (anonymous) at (0,0) size 24x36.27
                RenderInline {RB} at (0,0) size 18x34
                  RenderText {#text} at (3,1) size 18x34
                    text run at (3,1) width 34: "\x{5343}\x{91D1}"
          RenderText {#text} at (730,487) size 46x504
            text run at (730,487) width 17: "\x{306E}"
            text run at (758,0) width 81: "\x{5B50}\x{3088}\x{308A}\x{3082}\x{3001}"
          RenderRuby (inline) {RUBY} at (0,0) size 18x40
            RenderRubyRun (anonymous) at (755,77.55) size 24x45.33
              RenderRubyText {RT} at (-9,0) size 14x45.33
                RenderText {#text} at (2,0) size 10x46
                  text run at (2,0) width 46: "\x{3070}\x{3093}\x{3058}\x{3087}\x{3046}"
              RenderRubyBase (anonymous) at (0,0) size 24x45.33
                RenderInline {RB} at (0,0) size 18x39
                  RenderText {#text} at (3,3) size 18x39
                    text run at (3,3) width 39: "\x{4E07}\x{4E57}"
          RenderText {#text} at (758,119) size 18x211
            text run at (758,119) width 210: "\x{306E}\x{541B}\x{3088}\x{308A}\x{3082}\x{3001}\x{3042}\x{3089}\x{3086}\x{308B}\x{4FD7}\x{754C}\x{306E}"
          RenderRuby (inline) {RUBY} at (0,0) size 18x35
            RenderRubyRun (anonymous) at (755,328.34) size 24x36.27
              RenderRubyText {RT} at (-9,0) size 14x36.27
                RenderText {#text} at (2,0) size 10x37
                  text run at (2,0) width 37: "\x{3061}\x{3087}\x{3046}\x{3058}"
              RenderRubyBase (anonymous) at (0,0) size 24x36.27
                RenderInline {RB} at (0,0) size 18x34
                  RenderText {#text} at (3,1) size 18x34
                    text run at (3,1) width 34: "\x{5BF5}\x{5150}"
          RenderText {#text} at (758,363) size 42x477
            text run at (758,363) width 113: "\x{3088}\x{308A}\x{3082}\x{5E78}\x{798F}\x{3067}\x{3042}"
            text run at (782,0) width 33: "\x{308B}\x{3002}"
          RenderBR {BR} at (782,32) size 18x1
          RenderText {#text} at (810,0) size 18x274
            text run at (810,0) width 274: "\x{3000}\x{4E16}\x{306B}\x{4F4F}\x{3080}\x{3053}\x{3068}\x{4E8C}\x{5341}\x{5E74}\x{306B}\x{3057}\x{3066}\x{3001}\x{4F4F}\x{3080}\x{306B}"
          RenderRuby (inline) {RUBY} at (0,0) size 18x34
            RenderRubyRun (anonymous) at (807,273.89) size 24x32.23
              RenderRubyText {RT} at (-9,0) size 14x32.23
                RenderText {#text} at (2,3) size 10x25
                  text run at (2,3) width 25: "\x{304B}\x{3044}"
              RenderRubyBase (anonymous) at (0,0) size 24x32.23
                RenderInline {RB} at (0,0) size 18x33
                  RenderText {#text} at (3,0) size 18x33
                    text run at (3,0) width 33: "\x{7532}\x{6590}"
          RenderText {#text} at (810,306) size 46x500
            text run at (810,306) width 194: "\x{3042}\x{308B}\x{4E16}\x{3068}\x{77E5}\x{3063}\x{305F}\x{3002}\x{4E8C}\x{5341}\x{4E94}\x{5E74}"
            text run at (838,0) width 97: "\x{306B}\x{3057}\x{3066}\x{660E}\x{6697}\x{306F}"
          RenderRuby (inline) {RUBY} at (0,0) size 18x35
            RenderRubyRun (anonymous) at (835,95.67) size 24x36.27
              RenderRubyText {RT} at (-9,0) size 14x36.27
                RenderText {#text} at (2,0) size 10x37
                  text run at (2,0) width 37: "\x{3072}\x{3087}\x{3046}\x{308A}"
              RenderRubyBase (anonymous) at (0,0) size 24x36.27
                RenderInline {RB} at (0,0) size 18x34
                  RenderText {#text} at (3,1) size 18x34
                    text run at (3,1) width 34: "\x{8868}\x{88CF}"
          RenderText {#text} at (838,130) size 46x502
            text run at (838,130) width 371: "\x{306E}\x{3054}\x{3068}\x{304F}\x{3001}\x{65E5}\x{306E}\x{3042}\x{305F}\x{308B}\x{6240}\x{306B}\x{306F}\x{304D}\x{3063}\x{3068}\x{5F71}\x{304C}\x{3055}\x{3059}\x{3068}\x{609F}\x{3063}"
            text run at (866,0) width 81: "\x{305F}\x{3002}\x{4E09}\x{5341}\x{306E}"
          RenderRuby (inline) {RUBY} at (0,0) size 18x35
            RenderRubyRun (anonymous) at (863,79.55) size 24x36.27
              RenderRubyText {RT} at (-9,0) size 14x36.27
                RenderText {#text} at (2,0) size 10x37
                  text run at (2,0) width 37: "\x{3053}\x{3093}\x{306B}\x{3061}"
              RenderRubyBase (anonymous) at (0,0) size 24x36.27
                RenderInline {RB} at (0,0) size 18x34
                  RenderText {#text} at (3,1) size 18x34
                    text run at (3,1) width 34: "\x{4ECA}\x{65E5}"
          RenderText {#text} at (866,114) size 18x291
            text run at (866,114) width 290: "\x{306F}\x{3053}\x{3046}\x{601D}\x{3046}\x{3066}\x{3044}\x{308B}\x{3002}\x{2015}\x{2015}\x{559C}\x{3073}\x{306E}\x{6DF1}\x{304D}\x{3068}\x{304D}"
          RenderRuby (inline) {RUBY} at (0,0) size 18x20
            RenderRubyRun (anonymous) at (863,400.61) size 24x27.20
              RenderRubyText {RT} at (-9,0) size 14x27.20
                RenderText {#text} at (2,0) size 10x28
                  text run at (2,0) width 28: "\x{3046}\x{308C}\x{3044}"
              RenderRubyBase (anonymous) at (0,0) size 24x27.20
                RenderInline {RB} at (0,0) size 18x17
                  RenderText {#text} at (3,5) size 18x17
                    text run at (3,5) width 17: "\x{6182}"
          RenderText {#text} at (866,423) size 46x489
            text run at (866,423) width 65: "\x{3044}\x{3088}\x{3044}\x{3088}"
            text run at (894,0) width 49: "\x{6DF1}\x{304F}\x{3001}"
          RenderRuby (inline) {RUBY} at (0,0) size 18x20
            RenderRubyRun (anonymous) at (891,44.33) size 24x27.20
              RenderRubyText {RT} at (-9,0) size 14x27.20
                RenderText {#text} at (2,0) size 10x28
                  text run at (2,0) width 28: "\x{305F}\x{306E}\x{3057}"
              RenderRubyBase (anonymous) at (0,0) size 24x27.20
                RenderInline {RB} at (0,0) size 18x17
                  RenderText {#text} at (3,5) size 18x17
                    text run at (3,5) width 17: "\x{697D}"
          RenderText {#text} at (894,67) size 46x503
            text run at (894,67) width 436: "\x{307F}\x{306E}\x{5927}\x{3044}\x{306A}\x{308B}\x{307B}\x{3069}\x{82E6}\x{3057}\x{307F}\x{3082}\x{5927}\x{304D}\x{3044}\x{3002}\x{3053}\x{308C}\x{3092}\x{5207}\x{308A}\x{653E}\x{305D}\x{3046}\x{3068}\x{3059}\x{308B}"
            text run at (922,0) width 113: "\x{3068}\x{8EAB}\x{304C}\x{6301}\x{3066}\x{306C}\x{3002}"
          RenderRuby (inline) {RUBY} at (0,0) size 18x18
            RenderRubyRun (anonymous) at (919,111.78) size 24x18.14
              RenderRubyText {RT} at (-9,0) size 14x18.14
                RenderText {#text} at (2,0) size 10x19
                  text run at (2,0) width 19: "\x{304B}\x{305F}"
              RenderRubyBase (anonymous) at (0,0) size 24x18.14
                RenderInline {RB} at (0,0) size 18x17
                  RenderText {#text} at (3,1) size 18x17
                    text run at (3,1) width 17: "\x{7247}"
          RenderText {#text} at (922,129) size 46x501
            text run at (922,129) width 371: "\x{3065}\x{3051}\x{3088}\x{3046}\x{3068}\x{3059}\x{308C}\x{3070}\x{4E16}\x{304C}\x{7ACB}\x{305F}\x{306C}\x{3002}\x{91D1}\x{306F}\x{5927}\x{4E8B}\x{3060}\x{3001}\x{5927}\x{4E8B}\x{306A}"
            text run at (950,0) width 49: "\x{3082}\x{306E}\x{304C}"
          RenderRuby (inline) {RUBY} at (0,0) size 18x17
            RenderRubyRun (anonymous) at (947,48.33) size 24x16.13
              RenderRubyText {RT} at (-9,0) size 14x16.13
                RenderText {#text} at (2,3) size 10x10
                  text run at (2,3) width 10: "\x{3075}"
              RenderRubyBase (anonymous) at (0,0) size 24x16.13
                RenderInline {RB} at (0,0) size 18x17
                  RenderText {#text} at (3,0) size 18x17
                    text run at (3,0) width 17: "\x{6B96}"
          RenderText {#text} at (950,64) size 18x49
            text run at (950,64) width 49: "\x{3048}\x{308C}\x{3070}"
          RenderRuby (inline) {RUBY} at (0,0) size 18x17
            RenderRubyRun (anonymous) at (947,112.80) size 24x16.13
              RenderRubyText {RT} at (-9,0) size 14x16.13
                RenderText {#text} at (2,3) size 10x10
                  text run at (2,3) width 10: "\x{306D}"
              RenderRubyBase (anonymous) at (0,0) size 24x16.13
                RenderInline {RB} at (0,0) size 18x17
                  RenderText {#text} at (3,0) size 18x17
                    text run at (3,0) width 17: "\x{5BDD}"
          RenderText {#text} at (950,128) size 18x18
            text run at (950,128) width 17: "\x{308B}"
          RenderRuby (inline) {RUBY} at (0,0) size 18x17
            RenderRubyRun (anonymous) at (947,145.03) size 24x16.13
              RenderRubyText {RT} at (-9,0) size 14x16.13
                RenderText {#text} at (2,3) size 10x10
                  text run at (2,3) width 10: "\x{307E}"
              RenderRubyBase (anonymous) at (0,0) size 24x16.13
                RenderInline {RB} at (0,0) size 18x17
                  RenderText {#text} at (3,0) size 18x17
                    text run at (3,0) width 17: "\x{9593}"
          RenderText {#text} at (950,161) size 46x500
            text run at (950,161) width 339: "\x{3082}\x{5FC3}\x{914D}\x{3060}\x{308D}\x{3046}\x{3002}\x{604B}\x{306F}\x{3046}\x{308C}\x{3057}\x{3044}\x{3001}\x{5B09}\x{3057}\x{3044}\x{604B}\x{304C}\x{7A4D}\x{3082}"
            text run at (978,0) width 484: "\x{308C}\x{3070}\x{3001}\x{604B}\x{3092}\x{305B}\x{306C}\x{6614}\x{304C}\x{304B}\x{3048}\x{3063}\x{3066}\x{604B}\x{3057}\x{304B}\x{308D}\x{3002}\x{95A3}\x{50DA}\x{306E}\x{80A9}\x{306F}\x{6570}\x{767E}\x{4E07}\x{4EBA}\x{306E}\x{8DB3}\x{3092}"
          RenderRuby (inline) {RUBY} at (0,0) size 18x18
            RenderRubyRun (anonymous) at (975,482.36) size 24x18.14
              RenderRubyText {RT} at (-9,0) size 14x18.14
                RenderText {#text} at (2,0) size 10x19
                  text run at (2,0) width 19: "\x{3055}\x{3055}"
              RenderRubyBase (anonymous) at (0,0) size 24x18.14
                RenderInline {RB} at (0,0) size 18x17
                  RenderText {#text} at (3,1) size 18x17
                    text run at (3,1) width 17: "\x{652F}"
          RenderText {#text} at (1006,0) size 18x81
            text run at (1006,0) width 81: "\x{3048}\x{3066}\x{3044}\x{308B}\x{3002}"
          RenderRuby (inline) {RUBY} at (0,0) size 18x33
            RenderRubyRun (anonymous) at (1003,80.55) size 24x32.23
              RenderRubyText {RT} at (-9,0) size 14x32.23
                RenderText {#text} at (2,0) size 10x32
                  text run at (2,0) width 31: "\x{305B}\x{306A}\x{304B}"
              RenderRubyBase (anonymous) at (0,0) size 24x32.23
                RenderInline {RB} at (0,0) size 18x33
                  RenderText {#text} at (3,0) size 18x33
                    text run at (3,0) width 33: "\x{80CC}\x{4E2D}"
          RenderText {#text} at (1006,112) size 46x500
            text run at (1006,112) width 387: "\x{306B}\x{306F}\x{91CD}\x{3044}\x{5929}\x{4E0B}\x{304C}\x{304A}\x{3076}\x{3055}\x{3063}\x{3066}\x{3044}\x{308B}\x{3002}\x{3046}\x{307E}\x{3044}\x{7269}\x{3082}\x{98DF}\x{308F}\x{306D}\x{3070}"
            text run at (1034,0) width 146: "\x{60DC}\x{3057}\x{3044}\x{3002}\x{5C11}\x{3057}\x{98DF}\x{3048}\x{3070}"
          RenderRuby (inline) {RUBY} at (0,0) size 18x17
            RenderRubyRun (anonymous) at (1031,145) size 24x16.13
              RenderRubyText {RT} at (-9,0) size 14x16.13
                RenderText {#text} at (2,3) size 10x10
                  text run at (2,3) width 10: "\x{3042}"
              RenderRubyBase (anonymous) at (0,0) size 24x16.13
                RenderInline {RB} at (0,0) size 18x17
                  RenderText {#text} at (3,0) size 18x17
                    text run at (3,0) width 17: "\x{98FD}"
          RenderText {#text} at (1034,161) size 18x17
            text run at (1034,161) width 17: "\x{304D}"
          RenderRuby (inline) {RUBY} at (0,0) size 18x17
            RenderRubyRun (anonymous) at (1031,177.23) size 24x16.13
              RenderRubyText {RT} at (-9,0) size 14x16.13
                RenderText {#text} at (2,3) size 10x10
                  text run at (2,3) width 10: "\x{305F}"
              RenderRubyBase (anonymous) at (0,0) size 24x16.13
                RenderInline {RB} at (0,0) size 18x17
                  RenderText {#text} at (3,0) size 18x17
                    text run at (3,0) width 17: "\x{8DB3}"
          RenderText {#text} at (1034,193) size 18x291
            text run at (1034,193) width 290: "\x{3089}\x{306C}\x{3002}\x{5B58}\x{5206}\x{98DF}\x{3048}\x{3070}\x{3042}\x{3068}\x{304C}\x{4E0D}\x{6109}\x{5FEB}\x{3060}\x{3002}\x{2026}\x{2026}"
          RenderBR {BR} at (1034,483) size 18x1
          RenderText {#text} at (1062,0) size 18x17
            text run at (1062,0) width 17: "\x{3000}"
          RenderRuby (inline) {RUBY} at (0,0) size 18x17
            RenderRubyRun (anonymous) at (1059,16.11) size 24x16.13
              RenderRubyText {RT} at (-9,0) size 14x16.13
                RenderText {#text} at (2,3) size 10x10
                  text run at (2,3) width 10: "\x{3088}"
              RenderRubyBase (anonymous) at (0,0) size 24x16.13
                RenderInline {RB} at (0,0) size 18x17
                  RenderText {#text} at (3,0) size 18x17
                    text run at (3,0) width 17: "\x{4F59}"
          RenderText {#text} at (1062,32) size 18x17
            text run at (1062,32) width 17: "\x{306E}"
          RenderRuby (inline) {RUBY} at (0,0) size 18x29
            RenderRubyRun (anonymous) at (1059,44.34) size 24x36.27
              RenderRubyText {RT} at (-9,0) size 14x36.27
                RenderText {#text} at (2,0) size 10x37
                  text run at (2,0) width 37: "\x{304B}\x{3093}\x{304C}\x{3048}"
              RenderRubyBase (anonymous) at (0,0) size 24x36.27
                RenderInline {RB} at (0,0) size 18x17
                  RenderText {#text} at (3,10) size 18x17
                    text run at (3,10) width 17: "\x{8003}"
          RenderText {#text} at (1062,76) size 18x259
            text run at (1062,76) width 258: "\x{304C}\x{3053}\x{3053}\x{307E}\x{3067}\x{6F02}\x{6D41}\x{3057}\x{3066}\x{6765}\x{305F}\x{6642}\x{306B}\x{3001}\x{4F59}\x{306E}"
          RenderRuby (inline) {RUBY} at (0,0) size 18x33
            RenderRubyRun (anonymous) at (1059,334.41) size 24x32.23
              RenderRubyText {RT} at (-9,0) size 14x32.23
                RenderText {#text} at (2,0) size 10x32
                  text run at (2,0) width 31: "\x{3046}\x{305D}\x{304F}"
              RenderRubyBase (anonymous) at (0,0) size 24x32.23
                RenderInline {RB} at (0,0) size 18x33
                  RenderText {#text} at (3,0) size 18x33
                    text run at (3,0) width 33: "\x{53F3}\x{8DB3}"
          RenderText {#text} at (1062,366) size 18x49
            text run at (1062,366) width 49: "\x{306F}\x{7A81}\x{7136}"
          RenderRuby (inline) {RUBY} at (0,0) size 18x19
            RenderRubyRun (anonymous) at (1059,413.97) size 24x18.14
              RenderRubyText {RT} at (-9,0) size 14x18.14
                RenderText {#text} at (2,0) size 10x19
                  text run at (2,0) width 19: "\x{3059}\x{308F}"
              RenderRubyBase (anonymous) at (0,0) size 24x18.14
                RenderInline {RB} at (0,0) size 18x17
                  RenderText {#text} at (3,1) size 18x17
                    text run at (3,1) width 17: "\x{5750}"
          RenderText {#text} at (1062,432) size 46x497
            text run at (1062,432) width 65: "\x{308A}\x{306E}\x{308F}\x{308B}"
            text run at (1090,0) width 17: "\x{3044}"
          RenderRuby (inline) {RUBY} at (0,0) size 18x35
            RenderRubyRun (anonymous) at (1087,15.11) size 24x36.27
              RenderRubyText {RT} at (-9,0) size 14x36.27
                RenderText {#text} at (2,0) size 10x37
                  text run at (2,0) width 37: "\x{304B}\x{304F}\x{3044}\x{3057}"
              RenderRubyBase (anonymous) at (0,0) size 24x36.27
                RenderInline {RB} at (0,0) size 18x34
                  RenderText {#text} at (3,1) size 18x34
                    text run at (3,1) width 34: "\x{89D2}\x{77F3}"
          RenderText {#text} at (1090,50) size 18x17
            text run at (1090,50) width 17: "\x{306E}"
          RenderRuby (inline) {RUBY} at (0,0) size 18x18
            RenderRubyRun (anonymous) at (1087,65.48) size 24x18.14
              RenderRubyText {RT} at (-9,0) size 14x18.14
                RenderText {#text} at (2,0) size 10x19
                  text run at (2,0) width 19: "\x{306F}\x{3057}"
              RenderRubyBase (anonymous) at (0,0) size 24x18.14
                RenderInline {RB} at (0,0) size 18x17
                  RenderText {#text} at (3,1) size 18x17
                    text run at (3,1) width 17: "\x{7AEF}"
          RenderText {#text} at (1090,83) size 18x49
            text run at (1090,83) width 49: "\x{3092}\x{8E0F}\x{307F}"
          RenderRuby (inline) {RUBY} at (0,0) size 18x18
            RenderRubyRun (anonymous) at (1087,131.95) size 24x16.13
              RenderRubyText {RT} at (-9,0) size 14x16.13
                RenderText {#text} at (2,3) size 10x10
                  text run at (2,3) width 10: "\x{305D}"
              RenderRubyBase (anonymous) at (0,0) size 24x16.13
                RenderInline {RB} at (0,0) size 18x17
                  RenderText {#text} at (3,0) size 18x17
                    text run at (3,0) width 17: "\x{640D}"
          RenderText {#text} at (1090,148) size 18x81
            text run at (1090,148) width 81: "\x{304F}\x{306A}\x{3063}\x{305F}\x{3002}"
          RenderRuby (inline) {RUBY} at (0,0) size 18x35
            RenderRubyRun (anonymous) at (1087,227.64) size 24x36.27
              RenderRubyText {RT} at (-9,0) size 14x36.27
                RenderText {#text} at (2,0) size 10x37
                  text run at (2,0) width 37: "\x{3078}\x{3044}\x{3053}\x{3046}"
              RenderRubyBase (anonymous) at (0,0) size 24x36.27
                RenderInline {RB} at (0,0) size 18x34
                  RenderText {#text} at (3,1) size 18x34
                    text run at (3,1) width 34: "\x{5E73}\x{8861}"
          RenderText {#text} at (1090,262) size 46x489
            text run at (1090,262) width 226: "\x{3092}\x{4FDD}\x{3064}\x{305F}\x{3081}\x{306B}\x{3001}\x{3059}\x{308F}\x{3084}\x{3068}\x{524D}\x{306B}\x{98DB}"
            text run at (1118,0) width 65: "\x{3073}\x{51FA}\x{3057}\x{305F}"
          RenderRuby (inline) {RUBY} at (0,0) size 18x33
            RenderRubyRun (anonymous) at (1115,64.44) size 24x32.23
              RenderRubyText {RT} at (-9,0) size 14x32.23
                RenderText {#text} at (2,0) size 10x32
                  text run at (2,0) width 31: "\x{3055}\x{305D}\x{304F}"
              RenderRubyBase (anonymous) at (0,0) size 24x32.23
                RenderInline {RB} at (0,0) size 18x33
                  RenderText {#text} at (3,0) size 18x33
                    text run at (3,0) width 33: "\x{5DE6}\x{8DB3}"
          RenderText {#text} at (1118,96) size 18x33
            text run at (1118,96) width 33: "\x{304C}\x{3001}"
          RenderRuby (inline) {RUBY} at (0,0) size 18x34
            RenderRubyRun (anonymous) at (1115,128.91) size 24x32.23
              RenderRubyText {RT} at (-9,0) size 14x32.23
                RenderText {#text} at (2,0) size 10x32
                  text run at (2,0) width 31: "\x{3057}\x{305D}\x{3093}"
              RenderRubyBase (anonymous) at (0,0) size 24x32.23
                RenderInline {RB} at (0,0) size 18x33
                  RenderText {#text} at (3,0) size 18x33
                    text run at (3,0) width 33: "\x{4ED5}\x{640D}"
          RenderText {#text} at (1118,161) size 18x33
            text run at (1118,161) width 33: "\x{3058}\x{306E}"
          RenderRuby (inline) {RUBY} at (0,0) size 18x17
            RenderRubyRun (anonymous) at (1115,193.36) size 24x16.13
              RenderRubyText {RT} at (-9,0) size 14x16.13
                RenderText {#text} at (2,3) size 10x10
                  text run at (2,3) width 10: "\x{3046}"
              RenderRubyBase (anonymous) at (0,0) size 24x16.13
                RenderInline {RB} at (0,0) size 18x17
                  RenderText {#text} at (3,0) size 18x17
                    text run at (3,0) width 17: "\x{57CB}"
          RenderText {#text} at (1118,209) size 18x17
            text run at (1118,209) width 17: "\x{3081}"
          RenderRuby (inline) {RUBY} at (0,0) size 18x18
            RenderRubyRun (anonymous) at (1115,224.59) size 24x18.14
              RenderRubyText {RT} at (-9,0) size 14x18.14
                RenderText {#text} at (2,0) size 10x19
                  text run at (2,0) width 19: "\x{3042}\x{308F}"
              RenderRubyBase (anonymous) at (0,0) size 24x18.14
                RenderInline {RB} at (0,0) size 18x17
                  RenderText {#text} at (3,1) size 18x17
                    text run at (3,1) width 17: "\x{5408}"
          RenderText {#text} at (1118,242) size 18x259
            text run at (1118,242) width 258: "\x{305B}\x{3092}\x{3059}\x{308B}\x{3068}\x{5171}\x{306B}\x{3001}\x{4F59}\x{306E}\x{8170}\x{306F}\x{5177}\x{5408}\x{3088}\x{304F}"
          RenderRuby (inline) {RUBY} at (0,0) size 18x19
            RenderRubyRun (anonymous) at (1143,0) size 24x18.14
              RenderRubyText {RT} at (-9,0) size 14x18.14
                RenderText {#text} at (2,0) size 10x19
                  text run at (2,0) width 19: "\x{307B}\x{3046}"
              RenderRubyBase (anonymous) at (0,0) size 24x18.14
                RenderInline {RB} at (0,0) size 18x17
                  RenderText {#text} at (3,1) size 18x17
                    text run at (3,1) width 17: "\x{65B9}"
          RenderText {#text} at (1146,18) size 18x146
            text run at (1146,18) width 146: "\x{4E09}\x{5C3A}\x{307B}\x{3069}\x{306A}\x{5CA9}\x{306E}\x{4E0A}\x{306B}"
          RenderRuby (inline) {RUBY} at (0,0) size 18x17
            RenderRubyRun (anonymous) at (1143,163.14) size 24x16.13
              RenderRubyText {RT} at (-9,0) size 14x16.13
                RenderText {#text} at (2,3) size 10x10
                  text run at (2,3) width 10: "\x{304A}"
              RenderRubyBase (anonymous) at (0,0) size 24x16.13
                RenderInline {RB} at (0,0) size 18x17
                  RenderText {#text} at (3,0) size 18x17
                    text run at (3,0) width 17: "\x{5378}"
          RenderText {#text} at (1146,179) size 18x210
            text run at (1146,179) width 210: "\x{308A}\x{305F}\x{3002}\x{80A9}\x{306B}\x{304B}\x{3051}\x{305F}\x{7D75}\x{306E}\x{5177}\x{7BB1}\x{304C}"
          RenderRuby (inline) {RUBY} at (0,0) size 18x18
            RenderRubyRun (anonymous) at (1143,387.72) size 24x18.14
              RenderRubyText {RT} at (-9,0) size 14x18.14
                RenderText {#text} at (2,0) size 10x19
                  text run at (2,0) width 19: "\x{308F}\x{304D}"
              RenderRubyBase (anonymous) at (0,0) size 24x18.14
                RenderInline {RB} at (0,0) size 18x17
                  RenderText {#text} at (3,1) size 18x17
                    text run at (3,1) width 17: "\x{814B}"
          RenderText {#text} at (1146,405) size 18x66
            text run at (1146,405) width 65: "\x{306E}\x{4E0B}\x{304B}\x{3089}"
          RenderRuby (inline) {RUBY} at (0,0) size 18x18
            RenderRubyRun (anonymous) at (1143,469.31) size 24x18.14
              RenderRubyText {RT} at (-9,0) size 14x18.14
                RenderText {#text} at (2,0) size 10x19
                  text run at (2,0) width 19: "\x{304A}\x{3069}"
              RenderRubyBase (anonymous) at (0,0) size 24x18.14
                RenderInline {RB} at (0,0) size 18x17
                  RenderText {#text} at (3,1) size 18x17
                    text run at (3,1) width 17: "\x{8E8D}"
          RenderText {#text} at (1146,487) size 46x504
            text run at (1146,487) width 17: "\x{308A}"
            text run at (1174,0) width 162: "\x{51FA}\x{3057}\x{305F}\x{3060}\x{3051}\x{3067}\x{3001}\x{5E78}\x{3044}\x{3068}"
          RenderRuby (inline) {RUBY} at (0,0) size 18x18
            RenderRubyRun (anonymous) at (1171,160.11) size 24x18.14
              RenderRubyText {RT} at (-9,0) size 14x18.14
                RenderText {#text} at (2,0) size 10x19
                  text run at (2,0) width 19: "\x{306A}\x{3093}"
              RenderRubyBase (anonymous) at (0,0) size 24x18.14
                RenderInline {RB} at (0,0) size 18x17
                  RenderText {#text} at (3,1) size 18x17
                    text run at (3,1) width 17: "\x{4F55}"
          RenderText {#text} at (1174,178) size 18x130
            text run at (1174,178) width 129: "\x{306E}\x{4E8B}\x{3082}\x{306A}\x{304B}\x{3063}\x{305F}\x{3002}"
          RenderBR {BR} at (1174,307) size 18x1
          RenderText {#text} at (1202,0) size 18x242
            text run at (1202,0) width 242: "\x{3000}\x{7ACB}\x{3061}\x{4E0A}\x{304C}\x{308B}\x{6642}\x{306B}\x{5411}\x{3046}\x{3092}\x{898B}\x{308B}\x{3068}\x{3001}"
          RenderRuby (inline) {RUBY} at (0,0) size 18x18
            RenderRubyRun (anonymous) at (1199,240.67) size 24x18.14
              RenderRubyText {RT} at (-9,0) size 14x18.14
                RenderText {#text} at (2,0) size 10x19
                  text run at (2,0) width 19: "\x{307F}\x{3061}"
              RenderRubyBase (anonymous) at (0,0) size 24x18.14
                RenderInline {RB} at (0,0) size 18x17
                  RenderText {#text} at (3,1) size 18x17
                    text run at (3,1) width 17: "\x{8DEF}"
          RenderText {#text} at (1202,258) size 46x501
            text run at (1202,258) width 242: "\x{304B}\x{3089}\x{5DE6}\x{306E}\x{65B9}\x{306B}\x{30D0}\x{30B1}\x{30C4}\x{3092}\x{4F0F}\x{305B}\x{305F}\x{3088}\x{3046}"
            text run at (1230,0) width 49: "\x{306A}\x{5CF0}\x{304C}"
          RenderRuby (inline) {RUBY} at (0,0) size 18x18
            RenderRubyRun (anonymous) at (1227,47.33) size 24x18.14
              RenderRubyText {RT} at (-9,0) size 14x18.14
                RenderText {#text} at (2,0) size 10x19
                  text run at (2,0) width 19: "\x{305D}\x{3073}"
              RenderRubyBase (anonymous) at (0,0) size 24x18.14
                RenderInline {RB} at (0,0) size 18x17
                  RenderText {#text} at (3,1) size 18x17
                    text run at (3,1) width 17: "\x{8073}"
          RenderText {#text} at (1230,65) size 18x114
            text run at (1230,65) width 113: "\x{3048}\x{3066}\x{3044}\x{308B}\x{3002}\x{6749}\x{304B}"
          RenderRuby (inline) {RUBY} at (0,0) size 18x20
            RenderRubyRun (anonymous) at (1227,174.25) size 24x27.20
              RenderRubyText {RT} at (-9,0) size 14x27.20
                RenderText {#text} at (2,0) size 10x28
                  text run at (2,0) width 28: "\x{3072}\x{306E}\x{304D}"
              RenderRubyBase (anonymous) at (0,0) size 24x27.20
                RenderInline {RB} at (0,0) size 18x17
                  RenderText {#text} at (3,5) size 18x17
                    text run at (3,5) width 17: "\x{6A9C}"
          RenderText {#text} at (1230,197) size 18x114
            text run at (1230,197) width 113: "\x{304B}\x{5206}\x{304B}\x{3089}\x{306A}\x{3044}\x{304C}"
          RenderRuby (inline) {RUBY} at (0,0) size 18x33
            RenderRubyRun (anonymous) at (1227,310.23) size 24x32.23
              RenderRubyText {RT} at (-9,0) size 14x32.23
                RenderText {#text} at (2,0) size 10x32
                  text run at (2,0) width 31: "\x{306D}\x{3082}\x{3068}"
              RenderRubyBase (anonymous) at (0,0) size 24x32.23
                RenderInline {RB} at (0,0) size 18x33
                  RenderText {#text} at (3,0) size 18x33
                    text run at (3,0) width 33: "\x{6839}\x{5143}"
          RenderText {#text} at (1230,342) size 18x33
            text run at (1230,342) width 33: "\x{304B}\x{3089}"
          RenderRuby (inline) {RUBY} at (0,0) size 18x20
            RenderRubyRun (anonymous) at (1227,370.70) size 24x27.20
              RenderRubyText {RT} at (-9,0) size 14x27.20
                RenderText {#text} at (2,0) size 10x28
                  text run at (2,0) width 28: "\x{3044}\x{305F}\x{3060}"
              RenderRubyBase (anonymous) at (0,0) size 24x27.20
                RenderInline {RB} at (0,0) size 18x17
                  RenderText {#text} at (3,5) size 18x17
                    text run at (3,5) width 17: "\x{9802}"
          RenderText {#text} at (1230,393) size 46x491
            text run at (1230,393) width 97: "\x{304D}\x{307E}\x{3067}\x{3053}\x{3068}\x{3054}"
            text run at (1258,0) width 33: "\x{3068}\x{304F}"
          RenderRuby (inline) {RUBY} at (0,0) size 18x35
            RenderRubyRun (anonymous) at (1255,31.22) size 24x36.27
              RenderRubyText {RT} at (-9,0) size 14x36.27
                RenderText {#text} at (2,0) size 10x37
                  text run at (2,0) width 37: "\x{3042}\x{304A}\x{3050}\x{308D}"
              RenderRubyBase (anonymous) at (0,0) size 24x36.27
                RenderInline {RB} at (0,0) size 18x34
                  RenderText {#text} at (3,1) size 18x34
                    text run at (3,1) width 34: "\x{84BC}\x{9ED2}"
          RenderText {#text} at (1258,66) size 18x243
            text run at (1258,66) width 242: "\x{3044}\x{4E2D}\x{306B}\x{3001}\x{5C71}\x{685C}\x{304C}\x{8584}\x{8D64}\x{304F}\x{3060}\x{3093}\x{3060}\x{3089}\x{306B}"
          RenderRuby (inline) {RUBY} at (0,0) size 18x33
            RenderRubyRun (anonymous) at (1255,308.16) size 24x32.23
              RenderRubyText {RT} at (-9,0) size 14x32.23
                RenderText {#text} at (2,0) size 10x32
                  text run at (2,0) width 31: "\x{305F}\x{306A}\x{3073}"
              RenderRubyBase (anonymous) at (0,0) size 24x32.23
                RenderInline {RB} at (0,0) size 18x33
                  RenderText {#text} at (3,0) size 18x33
                    text run at (3,0) width 33: "\x{68DA}\x{5F15}"
          RenderText {#text} at (1258,340) size 18x49
            text run at (1258,340) width 49: "\x{3044}\x{3066}\x{3001}"
          RenderRuby (inline) {RUBY} at (0,0) size 18x17
            RenderRubyRun (anonymous) at (1255,388.73) size 24x16.13
              RenderRubyText {RT} at (-9,0) size 14x16.13
                RenderText {#text} at (2,3) size 10x10
                  text run at (2,3) width 10: "\x{3064}"
              RenderRubyBase (anonymous) at (0,0) size 24x16.13
                RenderInline {RB} at (0,0) size 18x17
                  RenderText {#text} at (3,0) size 18x17
                    text run at (3,0) width 17: "\x{7D9A}"
          RenderText {#text} at (1258,404) size 18x17
            text run at (1258,404) width 17: "\x{304E}"
          RenderRuby (inline) {RUBY} at (0,0) size 18x18
            RenderRubyRun (anonymous) at (1255,420.97) size 24x16.13
              RenderRubyText {RT} at (-9,0) size 14x16.13
                RenderText {#text} at (2,3) size 10x10
                  text run at (2,3) width 10: "\x{3081}"
              RenderRubyBase (anonymous) at (0,0) size 24x16.13
                RenderInline {RB} at (0,0) size 18x17
                  RenderText {#text} at (3,0) size 18x17
                    text run at (3,0) width 17: "\x{76EE}"
          RenderText {#text} at (1258,437) size 18x17
            text run at (1258,437) width 17: "\x{304C}"
          RenderRuby (inline) {RUBY} at (0,0) size 18x18
            RenderRubyRun (anonymous) at (1255,452.20) size 24x18.14
              RenderRubyText {RT} at (-9,0) size 14x18.14
                RenderText {#text} at (2,0) size 10x19
                  text run at (2,0) width 19: "\x{3057}\x{304B}"
              RenderRubyBase (anonymous) at (0,0) size 24x18.14
                RenderInline {RB} at (0,0) size 18x17
                  RenderText {#text} at (3,1) size 18x17
                    text run at (3,1) width 17: "\x{78BA}"
          RenderText {#text} at (1258,470) size 46x503
            text run at (1258,470) width 33: "\x{3068}\x{898B}"
            text run at (1286,0) width 81: "\x{3048}\x{306C}\x{304F}\x{3089}\x{3044}"
          RenderRuby (inline) {RUBY} at (0,0) size 18x18
            RenderRubyRun (anonymous) at (1283,79.55) size 24x18.14
              RenderRubyText {RT} at (-9,0) size 14x18.14
                RenderText {#text} at (2,0) size 10x19
                  text run at (2,0) width 19: "\x{3082}\x{3084}"
              RenderRubyBase (anonymous) at (0,0) size 24x18.14
                RenderInline {RB} at (0,0) size 18x17
                  RenderText {#text} at (3,1) size 18x17
                    text run at (3,1) width 17: "\x{9744}"
          RenderText {#text} at (1286,97) size 18x146
            text run at (1286,97) width 146: "\x{304C}\x{6FC3}\x{3044}\x{3002}\x{5C11}\x{3057}\x{624B}\x{524D}\x{306B}"
          RenderRuby (inline) {RUBY} at (0,0) size 18x35
            RenderRubyRun (anonymous) at (1283,241.70) size 24x36.27
              RenderRubyText {RT} at (-9,0) size 14x36.27
                RenderText {#text} at (2,0) size 10x37
                  text run at (2,0) width 37: "\x{306F}\x{3052}\x{3084}\x{307E}"
              RenderRubyBase (anonymous) at (0,0) size 24x36.27
                RenderInline {RB} at (0,0) size 18x34
                  RenderText {#text} at (3,1) size 18x34
                    text run at (3,1) width 34: "\x{79BF}\x{5C71}"
          RenderText {#text} at (1286,276) size 18x66
            text run at (1286,276) width 65: "\x{304C}\x{4E00}\x{3064}\x{3001}"
          RenderRuby (inline) {RUBY} at (0,0) size 18x18
            RenderRubyRun (anonymous) at (1283,340.42) size 24x18.14
              RenderRubyText {RT} at (-9,0) size 14x18.14
                RenderText {#text} at (2,0) size 10x19
                  text run at (2,0) width 19: "\x{3050}\x{3093}"
              RenderRubyBase (anonymous) at (0,0) size 24x18.14
                RenderInline {RB} at (0,0) size 18x17
                  RenderText {#text} at (3,1) size 18x17
                    text run at (3,1) width 17: "\x{7FA4}"
          RenderText {#text} at (1286,358) size 18x98
            text run at (1286,358) width 97: "\x{3092}\x{306C}\x{304D}\x{3093}\x{3067}\x{3066}"
          RenderRuby (inline) {RUBY} at (0,0) size 18x18
            RenderRubyRun (anonymous) at (1283,454.23) size 24x18.14
              RenderRubyText {RT} at (-9,0) size 14x18.14
                RenderText {#text} at (2,0) size 10x19
                  text run at (2,0) width 19: "\x{307E}\x{3086}"
              RenderRubyBase (anonymous) at (0,0) size 24x18.14
                RenderInline {RB} at (0,0) size 18x17
                  RenderText {#text} at (3,1) size 18x17
                    text run at (3,1) width 17: "\x{7709}"
          RenderText {#text} at (1286,472) size 18x17
            text run at (1286,472) width 17: "\x{306B}"
          RenderRuby (inline) {RUBY} at (0,0) size 18x19
            RenderRubyRun (anonymous) at (1311,0) size 24x18.14
              RenderRubyText {RT} at (-9,0) size 14x18.14
                RenderText {#text} at (2,0) size 10x19
                  text run at (2,0) width 19: "\x{305B}\x{307E}"
              RenderRubyBase (anonymous) at (0,0) size 24x18.14
                RenderInline {RB} at (0,0) size 18x17
                  RenderText {#text} at (3,1) size 18x17
                    text run at (3,1) width 17: "\x{903C}"
          RenderText {#text} at (1314,18) size 18x33
            text run at (1314,18) width 33: "\x{308B}\x{3002}"
          RenderRuby (inline) {RUBY} at (0,0) size 18x17
            RenderRubyRun (anonymous) at (1311,50.36) size 24x16.13
              RenderRubyText {RT} at (-9,0) size 14x16.13
                RenderText {#text} at (2,3) size 10x10
                  text run at (2,3) width 10: "\x{306F}"
              RenderRubyBase (anonymous) at (0,0) size 24x16.13
                RenderInline {RB} at (0,0) size 18x17
                  RenderText {#text} at (3,0) size 18x17
                    text run at (3,0) width 17: "\x{79BF}"
          RenderText {#text} at (1314,66) size 18x130
            text run at (1314,66) width 129: "\x{3052}\x{305F}\x{5074}\x{9762}\x{306F}\x{5DE8}\x{4EBA}\x{306E}"
          RenderRuby (inline) {RUBY} at (0,0) size 18x18
            RenderRubyRun (anonymous) at (1311,194.38) size 24x18.14
              RenderRubyText {RT} at (-9,0) size 14x18.14
                RenderText {#text} at (2,0) size 10x19
                  text run at (2,0) width 19: "\x{304A}\x{306E}"
              RenderRubyBase (anonymous) at (0,0) size 24x18.14
                RenderInline {RB} at (0,0) size 18x17
                  RenderText {#text} at (3,1) size 18x17
                    text run at (3,1) width 17: "\x{65A7}"
          RenderText {#text} at (1314,212) size 18x17
            text run at (1314,212) width 17: "\x{3067}"
          RenderRuby (inline) {RUBY} at (0,0) size 18x18
            RenderRubyRun (anonymous) at (1311,227.63) size 24x18.14
              RenderRubyText {RT} at (-9,0) size 14x18.14
                RenderText {#text} at (2,0) size 10x19
                  text run at (2,0) width 19: "\x{3051}\x{305A}"
              RenderRubyBase (anonymous) at (0,0) size 24x18.14
                RenderInline {RB} at (0,0) size 18x17
                  RenderText {#text} at (3,1) size 18x17
                    text run at (3,1) width 17: "\x{524A}"
          RenderText {#text} at (1314,245) size 46x504
            text run at (1314,245) width 258: "\x{308A}\x{53BB}\x{3063}\x{305F}\x{304B}\x{3001}\x{92ED}\x{3069}\x{304D}\x{5E73}\x{9762}\x{3092}\x{3084}\x{3051}\x{306B}\x{8C37}"
            text run at (1342,0) width 49: "\x{306E}\x{5E95}\x{306B}"
          RenderRuby (inline) {RUBY} at (0,0) size 18x18
            RenderRubyRun (anonymous) at (1339,47.33) size 24x18.14
              RenderRubyText {RT} at (-9,0) size 14x18.14
                RenderText {#text} at (2,0) size 10x19
                  text run at (2,0) width 19: "\x{3046}\x{305A}"
              RenderRubyBase (anonymous) at (0,0) size 24x18.14
                RenderInline {RB} at (0,0) size 18x17
                  RenderText {#text} at (3,1) size 18x17
                    text run at (3,1) width 17: "\x{57CB}"
          RenderText {#text} at (1342,65) size 18x82
            text run at (1342,65) width 81: "\x{3081}\x{3066}\x{3044}\x{308B}\x{3002}"
          RenderRuby (inline) {RUBY} at (0,0) size 18x35
            RenderRubyRun (anonymous) at (1339,145.03) size 24x36.27
              RenderRubyText {RT} at (-9,0) size 14x36.27
                RenderText {#text} at (2,0) size 10x37
                  text run at (2,0) width 37: "\x{3066}\x{3063}\x{307A}\x{3093}"
              RenderRubyBase (anonymous) at (0,0) size 24x36.27
                RenderInline {RB} at (0,0) size 18x34
                  RenderText {#text} at (3,1) size 18x34
                    text run at (3,1) width 34: "\x{5929}\x{8FBA}"
          RenderText {#text} at (1342,180) size 46x503
            text run at (1342,180) width 323: "\x{306B}\x{4E00}\x{672C}\x{898B}\x{3048}\x{308B}\x{306E}\x{306F}\x{8D64}\x{677E}\x{3060}\x{308D}\x{3046}\x{3002}\x{679D}\x{306E}\x{9593}\x{306E}\x{7A7A}\x{3055}"
            text run at (1370,0) width 17: "\x{3048}"
          RenderRuby (inline) {RUBY} at (0,0) size 18x35
            RenderRubyRun (anonymous) at (1367,15.11) size 24x36.27
              RenderRubyText {RT} at (-9,0) size 14x36.27
                RenderText {#text} at (2,0) size 10x37
                  text run at (2,0) width 37: "\x{306F}\x{3063}\x{304D}\x{308A}"
              RenderRubyBase (anonymous) at (0,0) size 24x36.27
                RenderInline {RB} at (0,0) size 18x34
                  RenderText {#text} at (3,1) size 18x34
                    text run at (3,1) width 34: "\x{5224}\x{7136}"
          RenderText {#text} at (1370,50) size 18x452
            text run at (1370,50) width 452: "\x{3057}\x{3066}\x{3044}\x{308B}\x{3002}\x{884C}\x{304F}\x{624B}\x{306F}\x{4E8C}\x{4E01}\x{307B}\x{3069}\x{3067}\x{5207}\x{308C}\x{3066}\x{3044}\x{308B}\x{304C}\x{3001}\x{9AD8}\x{3044}\x{6240}\x{304B}\x{3089}\x{8D64}\x{3044}"
          RenderRuby (inline) {RUBY} at (0,0) size 18x33
            RenderRubyRun (anonymous) at (1395,0) size 24x32.23
              RenderRubyText {RT} at (-9,0) size 14x32.23
                RenderText {#text} at (2,0) size 10x32
                  text run at (2,0) width 31: "\x{3051}\x{3063}\x{3068}"
              RenderRubyBase (anonymous) at (0,0) size 24x32.23
                RenderInline {RB} at (0,0) size 18x33
                  RenderText {#text} at (3,0) size 18x33
                    text run at (3,0) width 33: "\x{6BDB}\x{5E03}"
          RenderText {#text} at (1398,32) size 46x500
            text run at (1398,32) width 468: "\x{304C}\x{52D5}\x{3044}\x{3066}\x{6765}\x{308B}\x{306E}\x{3092}\x{898B}\x{308B}\x{3068}\x{3001}\x{767B}\x{308C}\x{3070}\x{3042}\x{3059}\x{3053}\x{3078}\x{51FA}\x{308B}\x{306E}\x{3060}\x{308D}\x{3046}\x{3002}\x{8DEF}\x{306F}\x{3059}"
            text run at (1426,0) width 49: "\x{3053}\x{3076}\x{308B}"
          RenderRuby (inline) {RUBY} at (0,0) size 18x33
            RenderRubyRun (anonymous) at (1423,48.33) size 24x32.23
              RenderRubyText {RT} at (-9,0) size 14x32.23
                RenderText {#text} at (2,0) size 10x32
                  text run at (2,0) width 31: "\x{306A}\x{3093}\x{304E}"
              RenderRubyBase (anonymous) at (0,0) size 24x32.23
                RenderInline {RB} at (0,0) size 18x33
                  RenderText {#text} at (3,0) size 18x33
                    text run at (3,0) width 33: "\x{96E3}\x{7FA9}"
          RenderText {#text} at (1426,80) size 18x33
            text run at (1426,80) width 33: "\x{3060}\x{3002}"
          RenderBR {BR} at (1426,112) size 18x1
          RenderText {#text} at (1454,0) size 18x210
            text run at (1454,0) width 210: "\x{3000}\x{571F}\x{3092}\x{306A}\x{3089}\x{3059}\x{3060}\x{3051}\x{306A}\x{3089}\x{3055}\x{307B}\x{3069}"
          RenderRuby (inline) {RUBY} at (0,0) size 18x33
            RenderRubyRun (anonymous) at (1451,209.45) size 24x32.23
              RenderRubyText {RT} at (-9,0) size 14x32.23
                RenderText {#text} at (2,3) size 10x25
                  text run at (2,3) width 25: "\x{3066}\x{307E}"
              RenderRubyBase (anonymous) at (0,0) size 24x32.23
                RenderInline {RB} at (0,0) size 18x33
                  RenderText {#text} at (3,0) size 18x33
                    text run at (3,0) width 33: "\x{624B}\x{9593}"
          RenderText {#text} at (1454,241) size 18x17
            text run at (1454,241) width 17: "\x{3082}"
          RenderRuby (inline) {RUBY} at (0,0) size 18x17
            RenderRubyRun (anonymous) at (1451,257.80) size 24x16.13
              RenderRubyText {RT} at (-9,0) size 14x16.13
                RenderText {#text} at (2,3) size 10x10
                  text run at (2,3) width 10: "\x{3044}"
              RenderRubyBase (anonymous) at (0,0) size 24x16.13
                RenderInline {RB} at (0,0) size 18x17
                  RenderText {#text} at (3,0) size 18x17
                    text run at (3,0) width 17: "\x{5165}"
          RenderText {#text} at (1454,273) size 46x500
            text run at (1454,273) width 226: "\x{308B}\x{307E}\x{3044}\x{304C}\x{3001}\x{571F}\x{306E}\x{4E2D}\x{306B}\x{306F}\x{5927}\x{304D}\x{306A}\x{77F3}"
            text run at (1482,0) width 97: "\x{304C}\x{3042}\x{308B}\x{3002}\x{571F}\x{306F}"
          RenderRuby (inline) {RUBY} at (0,0) size 18x18
            RenderRubyRun (anonymous) at (1479,95.67) size 24x18.14
              RenderRubyText {RT} at (-9,0) size 14x18.14
                RenderText {#text} at (2,0) size 10x19
                  text run at (2,0) width 19: "\x{305F}\x{3044}"
              RenderRubyBase (anonymous) at (0,0) size 24x18.14
                RenderInline {RB} at (0,0) size 18x17
                  RenderText {#text} at (3,1) size 18x17
                    text run at (3,1) width 17: "\x{5E73}"
          RenderText {#text} at (1482,113) size 46x501
            text run at (1482,113) width 387: "\x{3089}\x{306B}\x{3057}\x{3066}\x{3082}\x{77F3}\x{306F}\x{5E73}\x{3089}\x{306B}\x{306A}\x{3089}\x{306C}\x{3002}\x{77F3}\x{306F}\x{5207}\x{308A}\x{7815}\x{3044}\x{3066}\x{3082}\x{3001}\x{5CA9}"
            text run at (1510,0) width 129: "\x{306F}\x{59CB}\x{672B}\x{304C}\x{3064}\x{304B}\x{306C}\x{3002}"
          RenderRuby (inline) {RUBY} at (0,0) size 18x36
            RenderRubyRun (anonymous) at (1507,127.89) size 24x36.27
              RenderRubyText {RT} at (-9,0) size 14x36.27
                RenderText {#text} at (2,0) size 10x37
                  text run at (2,0) width 37: "\x{307B}\x{308A}\x{304F}\x{305A}"
              RenderRubyBase (anonymous) at (0,0) size 24x36.27
                RenderInline {RB} at (0,0) size 18x34
                  RenderText {#text} at (3,1) size 18x34
                    text run at (3,1) width 34: "\x{6398}\x{5D29}"
          RenderText {#text} at (1510,163) size 18x97
            text run at (1510,163) width 97: "\x{3057}\x{305F}\x{571F}\x{306E}\x{4E0A}\x{306B}"
          RenderRuby (inline) {RUBY} at (0,0) size 18x36
            RenderRubyRun (anonymous) at (1507,258.83) size 24x36.27
              RenderRubyText {RT} at (-9,0) size 14x36.27
                RenderText {#text} at (2,0) size 10x37
                  text run at (2,0) width 37: "\x{3086}\x{3046}\x{305C}\x{3093}"
              RenderRubyBase (anonymous) at (0,0) size 24x36.27
                RenderInline {RB} at (0,0) size 18x34
                  RenderText {#text} at (3,1) size 18x34
                    text run at (3,1) width 34: "\x{60A0}\x{7136}"
          RenderText {#text} at (1510,294) size 18x17
            text run at (1510,294) width 17: "\x{3068}"
          RenderRuby (inline) {RUBY} at (0,0) size 18x20
            RenderRubyRun (anonymous) at (1507,306.20) size 24x27.20
              RenderRubyText {RT} at (-9,0) size 14x27.20
                RenderText {#text} at (2,0) size 10x28
                  text run at (2,0) width 28: "\x{305D}\x{3070}\x{3060}"
              RenderRubyBase (anonymous) at (0,0) size 24x27.20
                RenderInline {RB} at (0,0) size 18x17
                  RenderText {#text} at (3,5) size 18x17
                    text run at (3,5) width 17: "\x{5CD9}"
          RenderText {#text} at (1510,329) size 46x491
            text run at (1510,329) width 162: "\x{3063}\x{3066}\x{3001}\x{543E}\x{3089}\x{306E}\x{305F}\x{3081}\x{306B}\x{9053}"
            text run at (1538,0) width 49: "\x{3092}\x{8B72}\x{308B}"
          RenderRuby (inline) {RUBY} at (0,0) size 18x33
            RenderRubyRun (anonymous) at (1535,48.33) size 24x32.23
              RenderRubyText {RT} at (-9,0) size 14x32.23
                RenderText {#text} at (2,0) size 10x32
                  text run at (2,0) width 31: "\x{3051}\x{3057}\x{304D}"
              RenderRubyBase (anonymous) at (0,0) size 24x32.23
                RenderInline {RB} at (0,0) size 18x33
                  RenderText {#text} at (3,0) size 18x33
                    text run at (3,0) width 33: "\x{666F}\x{8272}"
          RenderText {#text} at (1538,80) size 46x500
            text run at (1538,80) width 419: "\x{306F}\x{306A}\x{3044}\x{3002}\x{5411}\x{3046}\x{3067}\x{805E}\x{304B}\x{306C}\x{4E0A}\x{306F}\x{4E57}\x{308A}\x{8D8A}\x{3059}\x{304B}\x{3001}\x{5EFB}\x{3089}\x{306A}\x{3051}\x{308C}\x{3070}\x{306A}\x{3089}"
            text run at (1566,0) width 33: "\x{3093}\x{3002}"
          RenderRuby (inline) {RUBY} at (0,0) size 18x18
            RenderRubyRun (anonymous) at (1563,31.22) size 24x18.14
              RenderRubyText {RT} at (-9,0) size 14x18.14
                RenderText {#text} at (2,0) size 10x19
                  text run at (2,0) width 19: "\x{3044}\x{308F}"
              RenderRubyBase (anonymous) at (0,0) size 24x18.14
                RenderInline {RB} at (0,0) size 18x17
                  RenderText {#text} at (3,1) size 18x17
                    text run at (3,1) width 17: "\x{5DCC}"
          RenderText {#text} at (1566,49) size 18x114
            text run at (1566,49) width 113: "\x{306E}\x{306A}\x{3044}\x{6240}\x{3067}\x{3055}\x{3048}"
          RenderRuby (inline) {RUBY} at (0,0) size 18x17
            RenderRubyRun (anonymous) at (1563,162.14) size 24x16.13
              RenderRubyText {RT} at (-9,0) size 14x16.13
                RenderText {#text} at (2,3) size 10x10
                  text run at (2,3) width 10: "\x{3042}"
              RenderRubyBase (anonymous) at (0,0) size 24x16.13
                RenderInline {RB} at (0,0) size 18x17
                  RenderText {#text} at (3,0) size 18x17
                    text run at (3,0) width 17: "\x{6B69}"
          RenderText {#text} at (1566,178) size 18x307
            text run at (1566,178) width 307: "\x{308B}\x{304D}\x{3088}\x{304F}\x{306F}\x{306A}\x{3044}\x{3002}\x{5DE6}\x{53F3}\x{304C}\x{9AD8}\x{304F}\x{3063}\x{3066}\x{3001}\x{4E2D}\x{5FC3}\x{304C}"
          RenderRuby (inline) {RUBY} at (0,0) size 18x18
            RenderRubyRun (anonymous) at (1563,483.39) size 24x18.14
              RenderRubyText {RT} at (-9,0) size 14x18.14
                RenderText {#text} at (2,0) size 10x19
                  text run at (2,0) width 19: "\x{304F}\x{307C}"
              RenderRubyBase (anonymous) at (0,0) size 24x18.14
                RenderInline {RB} at (0,0) size 18x17
                  RenderText {#text} at (3,1) size 18x17
                    text run at (3,1) width 17: "\x{7AAA}"
          RenderText {#text} at (1594,0) size 18x129
            text run at (1594,0) width 129: "\x{3093}\x{3067}\x{3001}\x{307E}\x{308B}\x{3067}\x{4E00}\x{9593}"
          RenderRuby (inline) {RUBY} at (0,0) size 18x19
            RenderRubyRun (anonymous) at (1591,127.89) size 24x18.14
              RenderRubyText {RT} at (-9,0) size 14x18.14
                RenderText {#text} at (2,0) size 10x19
                  text run at (2,0) width 19: "\x{306F}\x{3070}"
              RenderRubyBase (anonymous) at (0,0) size 24x18.14
                RenderInline {RB} at (0,0) size 18x17
                  RenderText {#text} at (3,1) size 18x17
                    text run at (3,1) width 17: "\x{5E45}"
          RenderText {#text} at (1594,146) size 18x65
            text run at (1594,146) width 65: "\x{3092}\x{4E09}\x{89D2}\x{306B}"
          RenderRuby (inline) {RUBY} at (0,0) size 18x17
            RenderRubyRun (anonymous) at (1591,210.48) size 24x16.13
              RenderRubyText {RT} at (-9,0) size 14x16.13
                RenderText {#text} at (2,3) size 10x10
                  text run at (2,3) width 10: "\x{304F}"
              RenderRubyBase (anonymous) at (0,0) size 24x16.13
                RenderInline {RB} at (0,0) size 18x17
                  RenderText {#text} at (3,0) size 18x17
                    text run at (3,0) width 17: "\x{7A7F}"
          RenderText {#text} at (1594,226) size 18x130
            text run at (1594,226) width 129: "\x{3063}\x{3066}\x{3001}\x{305D}\x{306E}\x{9802}\x{70B9}\x{304C}"
          RenderRuby (inline) {RUBY} at (0,0) size 18x35
            RenderRubyRun (anonymous) at (1591,354.50) size 24x36.27
              RenderRubyText {RT} at (-9,0) size 14x36.27
                RenderText {#text} at (2,0) size 10x37
                  text run at (2,0) width 37: "\x{307E}\x{3093}\x{306A}\x{304B}"
              RenderRubyBase (anonymous) at (0,0) size 24x36.27
                RenderInline {RB} at (0,0) size 18x34
                  RenderText {#text} at (3,1) size 18x34
                    text run at (3,1) width 34: "\x{771F}\x{4E2D}"
          RenderText {#text} at (1594,389) size 18x17
            text run at (1594,389) width 17: "\x{3092}"
          RenderRuby (inline) {RUBY} at (0,0) size 18x21
            RenderRubyRun (anonymous) at (1591,401.88) size 24x27.20
              RenderRubyText {RT} at (-9,0) size 14x27.20
                RenderText {#text} at (2,0) size 10x28
                  text run at (2,0) width 28: "\x{3064}\x{3089}\x{306C}"
              RenderRubyBase (anonymous) at (0,0) size 24x27.20
                RenderInline {RB} at (0,0) size 18x17
                  RenderText {#text} at (3,5) size 18x17
                    text run at (3,5) width 17: "\x{8CAB}"
          RenderText {#text} at (1594,425) size 46x490
            text run at (1594,425) width 65: "\x{3044}\x{3066}\x{3044}\x{308B}"
            text run at (1622,0) width 339: "\x{3068}\x{8A55}\x{3057}\x{3066}\x{3082}\x{3088}\x{3044}\x{3002}\x{8DEF}\x{3092}\x{884C}\x{304F}\x{3068}\x{4E91}\x{308F}\x{3093}\x{3088}\x{308A}\x{5DDD}\x{5E95}\x{3092}"
          RenderRuby (inline) {RUBY} at (0,0) size 18x18
            RenderRubyRun (anonymous) at (1619,337.34) size 24x18.14
              RenderRubyText {RT} at (-9,0) size 14x18.14
                RenderText {#text} at (2,0) size 10x19
                  text run at (2,0) width 19: "\x{308F}\x{305F}"
              RenderRubyBase (anonymous) at (0,0) size 24x18.14
                RenderInline {RB} at (0,0) size 18x17
                  RenderText {#text} at (3,1) size 18x17
                    text run at (3,1) width 17: "\x{6E09}"
          RenderText {#text} at (1622,355) size 46x485
            text run at (1622,355) width 129: "\x{308B}\x{3068}\x{4E91}\x{3046}\x{65B9}\x{304C}\x{9069}\x{5F53}"
            text run at (1650,0) width 33: "\x{3060}\x{3002}"
          RenderRuby (inline) {RUBY} at (0,0) size 18x18
            RenderRubyRun (anonymous) at (1647,31.22) size 24x18.14
              RenderRubyText {RT} at (-9,0) size 14x18.14
                RenderText {#text} at (2,0) size 10x19
                  text run at (2,0) width 19: "\x{3082}\x{3068}"
              RenderRubyBase (anonymous) at (0,0) size 24x18.14
                RenderInline {RB} at (0,0) size 18x17
                  RenderText {#text} at (3,1) size 18x17
                    text run at (3,1) width 17: "\x{56FA}"
          RenderText {#text} at (1650,49) size 18x259
            text run at (1650,49) width 258: "\x{3088}\x{308A}\x{6025}\x{3050}\x{65C5}\x{3067}\x{306A}\x{3044}\x{304B}\x{3089}\x{3001}\x{3076}\x{3089}\x{3076}\x{3089}\x{3068}"
          RenderRuby (inline) {RUBY} at (0,0) size 18x35
            RenderRubyRun (anonymous) at (1647,306.16) size 24x36.27
              RenderRubyText {RT} at (-9,0) size 14x36.27
                RenderText {#text} at (2,0) size 10x37
                  text run at (2,0) width 37: "\x{306A}\x{306A}\x{307E}\x{304C}"
              RenderRubyBase (anonymous) at (0,0) size 24x36.27
                RenderInline {RB} at (0,0) size 18x34
                  RenderText {#text} at (3,1) size 18x34
                    text run at (3,1) width 34: "\x{4E03}\x{66F2}"
          RenderText {#text} at (1650,341) size 18x98
            text run at (1650,341) width 97: "\x{308A}\x{3078}\x{304B}\x{304B}\x{308B}\x{3002}"
          RenderBR {BR} at (1650,438) size 18x1
          RenderText {#text} at (1678,0) size 18x146
            text run at (1678,0) width 146: "\x{3000}\x{305F}\x{3061}\x{307E}\x{3061}\x{8DB3}\x{306E}\x{4E0B}\x{3067}"
          RenderRuby (inline) {RUBY} at (0,0) size 18x33
            RenderRubyRun (anonymous) at (1675,145) size 24x32.23
              RenderRubyText {RT} at (-9,0) size 14x32.23
                RenderText {#text} at (2,0) size 10x32
                  text run at (2,0) width 31: "\x{3072}\x{3070}\x{308A}"
              RenderRubyBase (anonymous) at (0,0) size 24x32.23
                RenderInline {RB} at (0,0) size 18x33
                  RenderText {#text} at (3,0) size 18x33
                    text run at (3,0) width 33: "\x{96F2}\x{96C0}"
          RenderText {#text} at (1678,177) size 18x162
            text run at (1678,177) width 162: "\x{306E}\x{58F0}\x{304C}\x{3057}\x{51FA}\x{3057}\x{305F}\x{3002}\x{8C37}\x{3092}"
          RenderRuby (inline) {RUBY} at (0,0) size 18x33
            RenderRubyRun (anonymous) at (1675,338.36) size 24x32.23
              RenderRubyText {RT} at (-9,0) size 14x32.23
                RenderText {#text} at (2,0) size 10x32
                  text run at (2,0) width 31: "\x{307F}\x{304A}\x{308D}"
              RenderRubyBase (anonymous) at (0,0) size 24x32.23
                RenderInline {RB} at (0,0) size 18x33
                  RenderText {#text} at (3,0) size 18x33
                    text run at (3,0) width 33: "\x{898B}\x{4E0B}"
          RenderText {#text} at (1678,370) size 46x500
            text run at (1678,370) width 129: "\x{3057}\x{305F}\x{304C}\x{3001}\x{3069}\x{3053}\x{3067}\x{9CF4}"
            text run at (1706,0) width 484: "\x{3044}\x{3066}\x{308B}\x{304B}\x{5F71}\x{3082}\x{5F62}\x{3082}\x{898B}\x{3048}\x{306C}\x{3002}\x{305F}\x{3060}\x{58F0}\x{3060}\x{3051}\x{304C}\x{660E}\x{3089}\x{304B}\x{306B}\x{805E}\x{3048}\x{308B}\x{3002}\x{305B}\x{3063}\x{305B}\x{3068}"
          RenderRuby (inline) {RUBY} at (0,0) size 18x18
            RenderRubyRun (anonymous) at (1703,482.36) size 24x18.14
              RenderRubyText {RT} at (-9,0) size 14x18.14
                RenderText {#text} at (2,0) size 10x19
                  text run at (2,0) width 19: "\x{305B}\x{308F}"
              RenderRubyBase (anonymous) at (0,0) size 24x18.14
                RenderInline {RB} at (0,0) size 18x17
                  RenderText {#text} at (3,1) size 18x17
                    text run at (3,1) width 17: "\x{5FD9}"
          RenderText {#text} at (1734,0) size 18x49
            text run at (1734,0) width 49: "\x{3057}\x{304F}\x{3001}"
          RenderRuby (inline) {RUBY} at (0,0) size 18x33
            RenderRubyRun (anonymous) at (1731,48.33) size 24x32.23
              RenderRubyText {RT} at (-9,0) size 14x32.23
                RenderText {#text} at (2,0) size 10x32
                  text run at (2,0) width 31: "\x{305F}\x{3048}\x{307E}"
              RenderRubyBase (anonymous) at (0,0) size 24x32.23
                RenderInline {RB} at (0,0) size 18x33
                  RenderText {#text} at (3,0) size 18x33
                    text run at (3,0) width 33: "\x{7D76}\x{9593}"
          RenderText {#text} at (1734,80) size 18x130
            text run at (1734,80) width 129: "\x{306A}\x{304F}\x{9CF4}\x{3044}\x{3066}\x{3044}\x{308B}\x{3002}"
          RenderRuby (inline) {RUBY} at (0,0) size 18x49
            RenderRubyRun (anonymous) at (1731,209.45) size 24x48.34
              RenderRubyText {RT} at (-9,0) size 14x48.34
                RenderText {#text} at (2,0) size 10x48
                  text run at (2,0) width 48: "\x{307B}\x{3046}\x{3044}\x{304F}\x{308A}"
              RenderRubyBase (anonymous) at (0,0) size 24x48.34
                RenderInline {RB} at (0,0) size 18x49
                  RenderText {#text} at (3,0) size 18x49
                    text run at (3,0) width 49: "\x{65B9}\x{5E7E}\x{91CC}"
          RenderText {#text} at (1734,257) size 18x114
            text run at (1734,257) width 113: "\x{306E}\x{7A7A}\x{6C17}\x{304C}\x{4E00}\x{9762}\x{306B}"
          RenderRuby (inline) {RUBY} at (0,0) size 18x18
            RenderRubyRun (anonymous) at (1731,369.59) size 24x18.14
              RenderRubyText {RT} at (-9,0) size 14x18.14
                RenderText {#text} at (2,0) size 10x19
                  text run at (2,0) width 19: "\x{306E}\x{307F}"
              RenderRubyBase (anonymous) at (0,0) size 24x18.14
                RenderInline {RB} at (0,0) size 18x17
                  RenderText {#text} at (3,1) size 18x17
                    text run at (3,1) width 17: "\x{86A4}"
          RenderText {#text} at (1734,387) size 46x501
            text run at (1734,387) width 113: "\x{306B}\x{523A}\x{3055}\x{308C}\x{3066}\x{3044}\x{305F}"
            text run at (1762,0) width 307: "\x{305F}\x{307E}\x{308C}\x{306A}\x{3044}\x{3088}\x{3046}\x{306A}\x{6C17}\x{304C}\x{3059}\x{308B}\x{3002}\x{3042}\x{306E}\x{9CE5}\x{306E}\x{9CF4}\x{304F}"
          RenderRuby (inline) {RUBY} at (0,0) size 18x17
            RenderRubyRun (anonymous) at (1759,306.13) size 24x16.13
              RenderRubyText {RT} at (-9,0) size 14x16.13
                RenderText {#text} at (2,3) size 10x10
                  text run at (2,3) width 10: "\x{306D}"
              RenderRubyBase (anonymous) at (0,0) size 24x16.13
                RenderInline {RB} at (0,0) size 18x17
                  RenderText {#text} at (3,0) size 18x17
                    text run at (3,0) width 17: "\x{97F3}"
          RenderText {#text} at (1762,322) size 94x500
            text run at (1762,322) width 178: "\x{306B}\x{306F}\x{77AC}\x{6642}\x{306E}\x{4F59}\x{88D5}\x{3082}\x{306A}\x{3044}\x{3002}"
            text run at (1786,0) width 500: "\x{306E}\x{3069}\x{304B}\x{306A}\x{6625}\x{306E}\x{65E5}\x{3092}\x{9CF4}\x{304D}\x{5C3D}\x{304F}\x{3057}\x{3001}\x{9CF4}\x{304D}\x{3042}\x{304B}\x{3057}\x{3001}\x{307E}\x{305F}\x{9CF4}\x{304D}\x{66AE}\x{3089}\x{3055}\x{306A}\x{3051}\x{308C}\x{3070}"
            text run at (1810,0) width 500: "\x{6C17}\x{304C}\x{6E08}\x{307E}\x{3093}\x{3068}\x{898B}\x{3048}\x{308B}\x{3002}\x{305D}\x{306E}\x{4E0A}\x{3069}\x{3053}\x{307E}\x{3067}\x{3082}\x{767B}\x{3063}\x{3066}\x{884C}\x{304F}\x{3001}\x{3044}\x{3064}\x{307E}\x{3067}\x{3082}\x{767B}\x{3063}"
            text run at (1838,0) width 436: "\x{3066}\x{884C}\x{304F}\x{3002}\x{96F2}\x{96C0}\x{306F}\x{304D}\x{3063}\x{3068}\x{96F2}\x{306E}\x{4E2D}\x{3067}\x{6B7B}\x{306C}\x{306B}\x{76F8}\x{9055}\x{306A}\x{3044}\x{3002}\x{767B}\x{308A}\x{8A70}\x{3081}\x{305F}"
          RenderRuby (inline) {RUBY} at (0,0) size 18x33
            RenderRubyRun (anonymous) at (1835,435.02) size 24x32.23
              RenderRubyText {RT} at (-9,0) size 14x32.23
                RenderText {#text} at (2,0) size 10x32
                  text run at (2,0) width 31: "\x{3042}\x{3052}\x{304F}"
              RenderRubyBase (anonymous) at (0,0) size 24x32.23
                RenderInline {RB} at (0,0) size 18x33
                  RenderText {#text} at (3,0) size 18x33
                    text run at (3,0) width 33: "\x{63DA}\x{53E5}"
          RenderText {#text} at (1838,467) size 46x500
            text run at (1838,467) width 33: "\x{306F}\x{3001}"
            text run at (1866,0) width 81: "\x{6D41}\x{308C}\x{3066}\x{96F2}\x{306B}"
          RenderRuby (inline) {RUBY} at (0,0) size 18x17
            RenderRubyRun (anonymous) at (1863,80.55) size 24x16.13
              RenderRubyText {RT} at (-9,0) size 14x16.13
                RenderText {#text} at (2,3) size 10x10
                  text run at (2,3) width 10: "\x{3044}"
              RenderRubyBase (anonymous) at (0,0) size 24x16.13
                RenderInline {RB} at (0,0) size 18x17
                  RenderText {#text} at (3,0) size 18x17
                    text run at (3,0) width 17: "\x{5165}"
          RenderText {#text} at (1866,96) size 18x50
            text run at (1866,96) width 49: "\x{3063}\x{3066}\x{3001}"
          RenderRuby (inline) {RUBY} at (0,0) size 18x20
            RenderRubyRun (anonymous) at (1863,141.02) size 24x27.20
              RenderRubyText {RT} at (-9,0) size 14x27.20
                RenderText {#text} at (2,0) size 10x28
                  text run at (2,0) width 28: "\x{305F}\x{3060}\x{3088}"
              RenderRubyBase (anonymous) at (0,0) size 24x27.20
                RenderInline {RB} at (0,0) size 18x17
                  RenderText {#text} at (3,5) size 18x17
                    text run at (3,5) width 17: "\x{6F02}"
          RenderText {#text} at (1866,164) size 46x503
            text run at (1866,164) width 339: "\x{3046}\x{3066}\x{3044}\x{308B}\x{3046}\x{3061}\x{306B}\x{5F62}\x{306F}\x{6D88}\x{3048}\x{3066}\x{306A}\x{304F}\x{306A}\x{3063}\x{3066}\x{3001}\x{305F}\x{3060}\x{58F0}"
            text run at (1894,0) width 81: "\x{3060}\x{3051}\x{304C}\x{7A7A}\x{306E}"
          RenderRuby (inline) {RUBY} at (0,0) size 18x18
            RenderRubyRun (anonymous) at (1891,79.55) size 24x18.14
              RenderRubyText {RT} at (-9,0) size 14x18.14
                RenderText {#text} at (2,0) size 10x19
                  text run at (2,0) width 19: "\x{3046}\x{3061}"
              RenderRubyBase (anonymous) at (0,0) size 24x18.14
                RenderInline {RB} at (0,0) size 18x17
                  RenderText {#text} at (3,1) size 18x17
                    text run at (3,1) width 17: "\x{88E1}"
          RenderText {#text} at (1894,97) size 18x178
            text run at (1894,97) width 178: "\x{306B}\x{6B8B}\x{308B}\x{306E}\x{304B}\x{3082}\x{77E5}\x{308C}\x{306A}\x{3044}\x{3002}"
          RenderBR {BR} at (1894,274) size 18x1
          RenderText {#text} at (1922,0) size 18x17
            text run at (1922,0) width 17: "\x{3000}"
          RenderRuby (inline) {RUBY} at (0,0) size 18x35
            RenderRubyRun (anonymous) at (1919,15.11) size 24x36.27
              RenderRubyText {RT} at (-9,0) size 14x36.27
                RenderText {#text} at (2,0) size 10x37
                  text run at (2,0) width 37: "\x{3044}\x{308F}\x{304B}\x{3069}"
              RenderRubyBase (anonymous) at (0,0) size 24x36.27
                RenderInline {RB} at (0,0) size 18x34
                  RenderText {#text} at (3,1) size 18x34
                    text run at (3,1) width 34: "\x{5DCC}\x{89D2}"
          RenderText {#text} at (1922,50) size 18x130
            text run at (1922,50) width 129: "\x{3092}\x{92ED}\x{3069}\x{304F}\x{5EFB}\x{3063}\x{3066}\x{3001}"
          RenderRuby (inline) {RUBY} at (0,0) size 18x33
            RenderRubyRun (anonymous) at (1919,179.27) size 24x32.23
              RenderRubyText {RT} at (-9,0) size 14x32.23
                RenderText {#text} at (2,0) size 10x32
                  text run at (2,0) width 31: "\x{3042}\x{3093}\x{307E}"
              RenderRubyBase (anonymous) at (0,0) size 24x32.23
                RenderInline {RB} at (0,0) size 18x33
                  RenderText {#text} at (3,0) size 18x33
                    text run at (3,0) width 33: "\x{6309}\x{6469}"
          RenderText {#text} at (1922,211) size 18x33
            text run at (1922,211) width 33: "\x{306A}\x{3089}"
          RenderRuby (inline) {RUBY} at (0,0) size 18x54
            RenderRubyRun (anonymous) at (1919,242.72) size 24x54.39
              RenderRubyText {RT} at (-9,0) size 14x54.39
                RenderText {#text} at (2,0) size 10x55
                  text run at (2,0) width 55: "\x{307E}\x{3063}\x{3055}\x{304B}\x{3055}\x{307E}"
              RenderRubyBase (anonymous) at (0,0) size 24x54.39
                RenderInline {RB} at (0,0) size 18x52
                  RenderText {#text} at (3,1) size 18x52
                    text run at (3,1) width 52: "\x{771F}\x{9006}\x{69D8}"
          RenderText {#text} at (1922,296) size 18x146
            text run at (1922,296) width 146: "\x{306B}\x{843D}\x{3064}\x{308B}\x{3068}\x{3053}\x{308D}\x{3092}\x{3001}"
          RenderRuby (inline) {RUBY} at (0,0) size 18x18
            RenderRubyRun (anonymous) at (1919,440.13) size 24x18.14
              RenderRubyText {RT} at (-9,0) size 14x18.14
                RenderText {#text} at (2,0) size 10x19
                  text run at (2,0) width 19: "\x{304D}\x{308F}"
              RenderRubyBase (anonymous) at (0,0) size 24x18.14
                RenderInline {RB} at (0,0) size 18x17
                  RenderText {#text} at (3,1) size 18x17
                    text run at (3,1) width 17: "\x{969B}"
          RenderText {#text} at (1922,458) size 46x491
            text run at (1922,458) width 33: "\x{3069}\x{304F}"
            text run at (1950,0) width 129: "\x{53F3}\x{3078}\x{5207}\x{308C}\x{3066}\x{3001}\x{6A2A}\x{306B}"
          RenderRuby (inline) {RUBY} at (0,0) size 18x34
            RenderRubyRun (anonymous) at (1947,128.89) size 24x32.23
              RenderRubyText {RT} at (-9,0) size 14x32.23
                RenderText {#text} at (2,0) size 10x32
                  text run at (2,0) width 31: "\x{307F}\x{304A}\x{308D}"
              RenderRubyBase (anonymous) at (0,0) size 24x32.23
                RenderInline {RB} at (0,0) size 18x33
                  RenderText {#text} at (3,0) size 18x33
                    text run at (3,0) width 33: "\x{898B}\x{4E0B}"
          RenderText {#text} at (1950,161) size 18x49
            text run at (1950,161) width 49: "\x{3059}\x{3068}\x{3001}"
          RenderRuby (inline) {RUBY} at (0,0) size 18x17
            RenderRubyRun (anonymous) at (1947,209.45) size 24x16.13
              RenderRubyText {RT} at (-9,0) size 14x16.13
                RenderText {#text} at (2,3) size 10x10
                  text run at (2,3) width 10: "\x{306A}"
              RenderRubyBase (anonymous) at (0,0) size 24x16.13
                RenderInline {RB} at (0,0) size 18x17
                  RenderText {#text} at (3,0) size 18x17
                    text run at (3,0) width 17: "\x{83DC}"
          RenderText {#text} at (1950,225) size 46x500
            text run at (1950,225) width 274: "\x{306E}\x{82B1}\x{304C}\x{4E00}\x{9762}\x{306B}\x{898B}\x{3048}\x{308B}\x{3002}\x{96F2}\x{96C0}\x{306F}\x{3042}\x{3059}\x{3053}\x{3078}"
            text run at (1978,0) width 258: "\x{843D}\x{3061}\x{308B}\x{306E}\x{304B}\x{3068}\x{601D}\x{3063}\x{305F}\x{3002}\x{3044}\x{3044}\x{3084}\x{3001}\x{3042}\x{306E}"
          RenderRuby (inline) {RUBY} at (0,0) size 18x34
            RenderRubyRun (anonymous) at (1975,257.78) size 24x32.23
              RenderRubyText {RT} at (-9,0) size 14x32.23
                RenderText {#text} at (2,0) size 10x32
                  text run at (2,0) width 31: "\x{3053}\x{304C}\x{306D}"
              RenderRubyBase (anonymous) at (0,0) size 24x32.23
                RenderInline {RB} at (0,0) size 18x33
                  RenderText {#text} at (3,0) size 18x33
                    text run at (3,0) width 33: "\x{9EC4}\x{91D1}"
          RenderText {#text} at (1978,290) size 46x500
            text run at (1978,290) width 210: "\x{306E}\x{539F}\x{304B}\x{3089}\x{98DB}\x{3073}\x{4E0A}\x{304C}\x{3063}\x{3066}\x{304F}\x{308B}\x{306E}"
            text run at (2006,0) width 258: "\x{304B}\x{3068}\x{601D}\x{3063}\x{305F}\x{3002}\x{6B21}\x{306B}\x{306F}\x{843D}\x{3061}\x{308B}\x{96F2}\x{96C0}\x{3068}\x{3001}"
          RenderRuby (inline) {RUBY} at (0,0) size 18x18
            RenderRubyRun (anonymous) at (2003,256.78) size 24x18.14
              RenderRubyText {RT} at (-9,0) size 14x18.14
                RenderText {#text} at (2,0) size 10x19
                  text run at (2,0) width 19: "\x{3042}\x{304C}"
              RenderRubyBase (anonymous) at (0,0) size 24x18.14
                RenderInline {RB} at (0,0) size 18x17
                  RenderText {#text} at (3,1) size 18x17
                    text run at (3,1) width 17: "\x{4E0A}"
          RenderText {#text} at (2006,274) size 18x18
            text run at (2006,274) width 17: "\x{308B}"
          RenderRuby (inline) {RUBY} at (0,0) size 18x33
            RenderRubyRun (anonymous) at (2003,291.03) size 24x32.23
              RenderRubyText {RT} at (-9,0) size 14x32.23
                RenderText {#text} at (2,0) size 10x32
                  text run at (2,0) width 31: "\x{3072}\x{3070}\x{308A}"
              RenderRubyBase (anonymous) at (0,0) size 24x32.23
                RenderInline {RB} at (0,0) size 18x33
                  RenderText {#text} at (3,0) size 18x33
                    text run at (3,0) width 33: "\x{96F2}\x{96C0}"
          RenderText {#text} at (2006,323) size 46x501
            text run at (2006,323) width 178: "\x{304C}\x{5341}\x{6587}\x{5B57}\x{306B}\x{3059}\x{308C}\x{9055}\x{3046}\x{306E}\x{304B}"
            text run at (2034,0) width 419: "\x{3068}\x{601D}\x{3063}\x{305F}\x{3002}\x{6700}\x{5F8C}\x{306B}\x{3001}\x{843D}\x{3061}\x{308B}\x{6642}\x{3082}\x{3001}\x{4E0A}\x{308B}\x{6642}\x{3082}\x{3001}\x{307E}\x{305F}\x{5341}\x{6587}\x{5B57}\x{306B}"
          RenderRuby (inline) {RUBY} at (0,0) size 18x18
            RenderRubyRun (anonymous) at (2031,418.91) size 24x16.13
              RenderRubyText {RT} at (-9,0) size 14x16.13
                RenderText {#text} at (2,3) size 10x10
                  text run at (2,3) width 10: "\x{3059}"
              RenderRubyBase (anonymous) at (0,0) size 24x16.13
                RenderInline {RB} at (0,0) size 18x17
                  RenderText {#text} at (3,0) size 18x17
                    text run at (3,0) width 17: "\x{64E6}"
          RenderText {#text} at (2034,435) size 42x500
            text run at (2034,435) width 65: "\x{308C}\x{9055}\x{3046}\x{3068}"
            text run at (2058,0) width 339: "\x{304D}\x{306B}\x{3082}\x{5143}\x{6C17}\x{3088}\x{304F}\x{9CF4}\x{304D}\x{3064}\x{3065}\x{3051}\x{308B}\x{3060}\x{308D}\x{3046}\x{3068}\x{601D}\x{3063}\x{305F}\x{3002}"
          RenderBR {BR} at (2058,338) size 18x1
          RenderText {#text} at (2086,0) size 18x194
            text run at (2086,0) width 194: "\x{3000}\x{6625}\x{306F}\x{7720}\x{304F}\x{306A}\x{308B}\x{3002}\x{732B}\x{306F}\x{9F20}\x{3092}"
          RenderRuby (inline) {RUBY} at (0,0) size 18x17
            RenderRubyRun (anonymous) at (2083,193.34) size 24x16.13
              RenderRubyText {RT} at (-9,0) size 14x16.13
                RenderText {#text} at (2,3) size 10x10
                  text run at (2,3) width 10: "\x{3068}"
              RenderRubyBase (anonymous) at (0,0) size 24x16.13
                RenderInline {RB} at (0,0) size 18x17
                  RenderText {#text} at (3,0) size 18x17
                    text run at (3,0) width 17: "\x{6355}"
          RenderText {#text} at (2086,209) size 46x500
            text run at (2086,209) width 291: "\x{308B}\x{4E8B}\x{3092}\x{5FD8}\x{308C}\x{3001}\x{4EBA}\x{9593}\x{306F}\x{501F}\x{91D1}\x{306E}\x{3042}\x{308B}\x{4E8B}\x{3092}\x{5FD8}\x{308C}"
            text run at (2114,0) width 129: "\x{308B}\x{3002}\x{6642}\x{306B}\x{306F}\x{81EA}\x{5206}\x{306E}"
          RenderRuby (inline) {RUBY} at (0,0) size 18x30
            RenderRubyRun (anonymous) at (2111,124.89) size 24x36.27
              RenderRubyText {RT} at (-9,0) size 14x36.27
                RenderText {#text} at (2,0) size 10x37
                  text run at (2,0) width 37: "\x{305F}\x{307E}\x{3057}\x{3044}"
              RenderRubyBase (anonymous) at (0,0) size 24x36.27
                RenderInline {RB} at (0,0) size 18x17
                  RenderText {#text} at (3,10) size 18x17
                    text run at (3,10) width 17: "\x{9B42}"
          RenderText {#text} at (2114,157) size 18x17
            text run at (2114,157) width 17: "\x{306E}"
          RenderRuby (inline) {RUBY} at (0,0) size 18x35
            RenderRubyRun (anonymous) at (2111,172.27) size 24x36.27
              RenderRubyText {RT} at (-9,0) size 14x36.27
                RenderText {#text} at (2,0) size 10x37
                  text run at (2,0) width 37: "\x{3044}\x{3069}\x{3053}\x{308D}"
              RenderRubyBase (anonymous) at (0,0) size 24x36.27
                RenderInline {RB} at (0,0) size 18x34
                  RenderText {#text} at (3,1) size 18x34
                    text run at (3,1) width 34: "\x{5C45}\x{6240}"
          RenderText {#text} at (2114,207) size 46x498
            text run at (2114,207) width 291: "\x{3055}\x{3048}\x{5FD8}\x{308C}\x{3066}\x{6B63}\x{4F53}\x{306A}\x{304F}\x{306A}\x{308B}\x{3002}\x{305F}\x{3060}\x{83DC}\x{306E}\x{82B1}\x{3092}"
            text run at (2142,0) width 162: "\x{9060}\x{304F}\x{671B}\x{3093}\x{3060}\x{3068}\x{304D}\x{306B}\x{773C}\x{304C}"
          RenderRuby (inline) {RUBY} at (0,0) size 18x17
            RenderRubyRun (anonymous) at (2139,161.11) size 24x16.13
              RenderRubyText {RT} at (-9,0) size 14x16.13
                RenderText {#text} at (2,3) size 10x10
                  text run at (2,3) width 10: "\x{3055}"
              RenderRubyBase (anonymous) at (0,0) size 24x16.13
                RenderInline {RB} at (0,0) size 18x17
                  RenderText {#text} at (3,0) size 18x17
                    text run at (3,0) width 17: "\x{9192}"
          RenderText {#text} at (2142,177) size 18x323
            text run at (2142,177) width 323: "\x{3081}\x{308B}\x{3002}\x{96F2}\x{96C0}\x{306E}\x{58F0}\x{3092}\x{805E}\x{3044}\x{305F}\x{3068}\x{304D}\x{306B}\x{9B42}\x{306E}\x{3042}\x{308A}\x{304B}\x{304C}"
          RenderRuby (inline) {RUBY} at (0,0) size 18x36
            RenderRubyRun (anonymous) at (2167,0) size 24x36.27
              RenderRubyText {RT} at (-9,0) size 14x36.27
                RenderText {#text} at (2,0) size 10x37
                  text run at (2,0) width 37: "\x{306F}\x{3093}\x{305C}\x{3093}"
              RenderRubyBase (anonymous) at (0,0) size 24x36.27
                RenderInline {RB} at (0,0) size 18x34
                  RenderText {#text} at (3,1) size 18x34
                    text run at (3,1) width 34: "\x{5224}\x{7136}"
          RenderText {#text} at (2170,35) size 66x503
            text run at (2170,35) width 468: "\x{3059}\x{308B}\x{3002}\x{96F2}\x{96C0}\x{306E}\x{9CF4}\x{304F}\x{306E}\x{306F}\x{53E3}\x{3067}\x{9CF4}\x{304F}\x{306E}\x{3067}\x{306F}\x{306A}\x{3044}\x{3001}\x{9B42}\x{5168}\x{4F53}\x{304C}\x{9CF4}\x{304F}\x{306E}\x{3060}\x{3002}"
            text run at (2194,0) width 500: "\x{9B42}\x{306E}\x{6D3B}\x{52D5}\x{304C}\x{58F0}\x{306B}\x{3042}\x{3089}\x{308F}\x{308C}\x{305F}\x{3082}\x{306E}\x{306E}\x{3046}\x{3061}\x{3067}\x{3001}\x{3042}\x{308C}\x{307B}\x{3069}\x{5143}\x{6C17}\x{306E}\x{3042}\x{308B}\x{3082}\x{306E}\x{306F}"
            text run at (2218,0) width 468: "\x{306A}\x{3044}\x{3002}\x{3042}\x{3042}\x{6109}\x{5FEB}\x{3060}\x{3002}\x{3053}\x{3046}\x{601D}\x{3063}\x{3066}\x{3001}\x{3053}\x{3046}\x{6109}\x{5FEB}\x{306B}\x{306A}\x{308B}\x{306E}\x{304C}\x{8A69}\x{3067}\x{3042}\x{308B}\x{3002}"
          RenderBR {BR} at (2218,467) size 18x1
          RenderText {#text} at (2242,0) size 46x500
            text run at (2242,0) width 500: "\x{3000}\x{305F}\x{3061}\x{307E}\x{3061}\x{30B7}\x{30A7}\x{30EC}\x{30FC}\x{306E}\x{96F2}\x{96C0}\x{306E}\x{8A69}\x{3092}\x{601D}\x{3044}\x{51FA}\x{3057}\x{3066}\x{3001}\x{53E3}\x{306E}\x{3046}\x{3061}\x{3067}\x{899A}\x{3048}\x{305F}\x{3068}\x{3053}"
            text run at (2270,0) width 49: "\x{308D}\x{3060}\x{3051}"
          RenderRuby (inline) {RUBY} at (0,0) size 18x40
            RenderRubyRun (anonymous) at (2267,45.33) size 24x45.33
              RenderRubyText {RT} at (-9,0) size 14x45.33
                RenderText {#text} at (2,0) size 10x46
                  text run at (2,0) width 46: "\x{3042}\x{3093}\x{3057}\x{3087}\x{3046}"
              RenderRubyBase (anonymous) at (0,0) size 24x45.33
                RenderInline {RB} at (0,0) size 18x39
                  RenderText {#text} at (3,3) size 18x39
                    text run at (3,3) width 39: "\x{6697}\x{8AA6}"
          RenderText {#text} at (2270,87) size 42x491
            text run at (2270,87) width 403: "\x{3057}\x{3066}\x{898B}\x{305F}\x{304C}\x{3001}\x{899A}\x{3048}\x{3066}\x{3044}\x{308B}\x{3068}\x{3053}\x{308D}\x{306F}\x{4E8C}\x{4E09}\x{53E5}\x{3057}\x{304B}\x{306A}\x{304B}\x{3063}\x{305F}\x{3002}"
            text run at (2294,0) width 274: "\x{305D}\x{306E}\x{4E8C}\x{4E09}\x{53E5}\x{306E}\x{306A}\x{304B}\x{306B}\x{3053}\x{3093}\x{306A}\x{306E}\x{304C}\x{3042}\x{308B}\x{3002}"
          RenderBR {BR} at (2294,273) size 18x1
        RenderBlock {DIV} at (2315,32) size 114x472
          RenderText {#text} at (3,0) size 18x190
            text run at (3,0) width 190: "\x{3000}\x{3000}We look before and after"
          RenderBR {BR} at (3,189) size 18x1
          RenderText {#text} at (27,0) size 18x223
            text run at (27,0) width 223: "\x{3000}\x{3000}\x{3000}\x{3000}And pine for what is not:"
          RenderBR {BR} at (27,222) size 18x1
          RenderText {#text} at (51,0) size 18x171
            text run at (51,0) width 171: "\x{3000}\x{3000}Our sincerest laughter"
          RenderBR {BR} at (51,170) size 18x1
          RenderText {#text} at (75,0) size 18x231
            text run at (75,0) width 231: "\x{3000}\x{3000}\x{3000}\x{3000}With some pain is fraught;"
          RenderBR {BR} at (75,230) size 18x1
          RenderText {#text} at (96,0) size 18x355
            text run at (96,0) width 355: "Our sweetest songs are those that tell of saddest thought."
          RenderBR {BR} at (96,355) size 18x0
        RenderBlock (anonymous) at (2429,0) size 1723x504
          RenderText {#text} at (10,0) size 18x113
            text run at (10,0) width 113: "\x{300C}\x{524D}\x{3092}\x{307F}\x{3066}\x{306F}\x{3001}"
          RenderRuby (inline) {RUBY} at (0,0) size 18x18
            RenderRubyRun (anonymous) at (7,111.78) size 24x18.14
              RenderRubyText {RT} at (-9,0) size 14x18.14
                RenderText {#text} at (2,0) size 10x19
                  text run at (2,0) width 19: "\x{3057}\x{308A}"
              RenderRubyBase (anonymous) at (0,0) size 24x18.14
                RenderInline {RB} at (0,0) size 18x17
                  RenderText {#text} at (3,1) size 18x17
                    text run at (3,1) width 17: "\x{5F8C}"
          RenderText {#text} at (10,129) size 18x98
            text run at (10,129) width 97: "\x{3048}\x{3092}\x{898B}\x{3066}\x{306F}\x{3001}"
          RenderRuby (inline) {RUBY} at (0,0) size 18x33
            RenderRubyRun (anonymous) at (7,226.59) size 24x32.23
              RenderRubyText {RT} at (-9,0) size 14x32.23
                RenderText {#text} at (2,0) size 10x32
                  text run at (2,0) width 31: "\x{3082}\x{306E}\x{307B}"
              RenderRubyBase (anonymous) at (0,0) size 24x32.23
                RenderInline {RB} at (0,0) size 18x33
                  RenderText {#text} at (3,0) size 18x33
                    text run at (3,0) width 33: "\x{7269}\x{6B32}"
          RenderText {#text} at (10,258) size 46x501
            text run at (10,258) width 242: "\x{3057}\x{3068}\x{3001}\x{3042}\x{3053}\x{304C}\x{308B}\x{308B}\x{304B}\x{306A}\x{308F}\x{308C}\x{3002}\x{8179}\x{304B}"
            text run at (38,0) width 452: "\x{3089}\x{306E}\x{3001}\x{7B11}\x{3068}\x{3044}\x{3048}\x{3069}\x{3001}\x{82E6}\x{3057}\x{307F}\x{306E}\x{3001}\x{305D}\x{3053}\x{306B}\x{3042}\x{308B}\x{3079}\x{3057}\x{3002}\x{3046}\x{3064}\x{304F}\x{3057}\x{304D}\x{3001}"
          RenderRuby (inline) {RUBY} at (0,0) size 18x18
            RenderRubyRun (anonymous) at (35,450.13) size 24x18.14
              RenderRubyText {RT} at (-9,0) size 14x18.14
                RenderText {#text} at (2,0) size 10x19
                  text run at (2,0) width 19: "\x{304D}\x{308F}"
              RenderRubyBase (anonymous) at (0,0) size 24x18.14
                RenderInline {RB} at (0,0) size 18x17
                  RenderText {#text} at (3,1) size 18x17
                    text run at (3,1) width 17: "\x{6975}"
          RenderText {#text} at (38,468) size 46x501
            text run at (38,468) width 33: "\x{307F}\x{306E}"
            text run at (66,0) width 178: "\x{6B4C}\x{306B}\x{3001}\x{60B2}\x{3057}\x{3055}\x{306E}\x{3001}\x{6975}\x{307F}\x{306E}"
          RenderRuby (inline) {RUBY} at (0,0) size 18x20
            RenderRubyRun (anonymous) at (63,173.22) size 24x27.20
              RenderRubyText {RT} at (-9,0) size 14x27.20
                RenderText {#text} at (2,0) size 10x28
                  text run at (2,0) width 28: "\x{304A}\x{3082}\x{3044}"
              RenderRubyBase (anonymous) at (0,0) size 24x27.20
                RenderInline {RB} at (0,0) size 18x17
                  RenderText {#text} at (3,5) size 18x17
                    text run at (3,5) width 17: "\x{60F3}"
          RenderText {#text} at (66,196) size 18x17
            text run at (66,196) width 17: "\x{3001}"
          RenderRuby (inline) {RUBY} at (0,0) size 18x18
            RenderRubyRun (anonymous) at (63,211.55) size 24x18.14
              RenderRubyText {RT} at (-9,0) size 14x18.14
                RenderText {#text} at (2,0) size 10x19
                  text run at (2,0) width 19: "\x{3053}\x{3082}"
              RenderRubyBase (anonymous) at (0,0) size 24x18.14
                RenderInline {RB} at (0,0) size 18x17
                  RenderText {#text} at (3,1) size 18x17
                    text run at (3,1) width 17: "\x{7C60}"
          RenderText {#text} at (66,229) size 18x98
            text run at (66,229) width 97: "\x{308B}\x{3068}\x{305E}\x{77E5}\x{308C}\x{300D}"
          RenderBR {BR} at (66,326) size 18x1
          RenderText {#text} at (90,0) size 46x500
            text run at (90,0) width 500: "\x{3000}\x{306A}\x{308B}\x{307B}\x{3069}\x{3044}\x{304F}\x{3089}\x{8A69}\x{4EBA}\x{304C}\x{5E78}\x{798F}\x{3067}\x{3082}\x{3001}\x{3042}\x{306E}\x{96F2}\x{96C0}\x{306E}\x{3088}\x{3046}\x{306B}\x{601D}\x{3044}\x{5207}\x{3063}\x{3066}\x{3001}\x{4E00}"
            text run at (118,0) width 323: "\x{5FC3}\x{4E0D}\x{4E71}\x{306B}\x{3001}\x{524D}\x{5F8C}\x{3092}\x{5FD8}\x{5374}\x{3057}\x{3066}\x{3001}\x{308F}\x{304C}\x{559C}\x{3073}\x{3092}\x{6B4C}\x{3046}"
          RenderRuby (inline) {RUBY} at (0,0) size 18x18
            RenderRubyRun (anonymous) at (115,321.23) size 24x18.14
              RenderRubyText {RT} at (-9,0) size 14x18.14
                RenderText {#text} at (2,0) size 10x19
                  text run at (2,0) width 19: "\x{308F}\x{3051}"
              RenderRubyBase (anonymous) at (0,0) size 24x18.14
                RenderInline {RB} at (0,0) size 18x17
                  RenderText {#text} at (3,1) size 18x17
                    text run at (3,1) width 17: "\x{8A33}"
          RenderText {#text} at (118,339) size 46x501
            text run at (118,339) width 162: "\x{306B}\x{306F}\x{884C}\x{304F}\x{307E}\x{3044}\x{3002}\x{897F}\x{6D0B}\x{306E}"
            text run at (146,0) width 258: "\x{8A69}\x{306F}\x{7121}\x{8AD6}\x{306E}\x{4E8B}\x{3001}\x{652F}\x{90A3}\x{306E}\x{8A69}\x{306B}\x{3082}\x{3001}\x{3088}\x{304F}"
          RenderRuby (inline) {RUBY} at (0,0) size 18x36
            RenderRubyRun (anonymous) at (143,256.78) size 24x36.27
              RenderRubyText {RT} at (-9,0) size 14x36.27
                RenderText {#text} at (2,0) size 10x37
                  text run at (2,0) width 37: "\x{3070}\x{3093}\x{3053}\x{304F}"
              RenderRubyBase (anonymous) at (0,0) size 24x36.27
                RenderInline {RB} at (0,0) size 18x34
                  RenderText {#text} at (3,1) size 18x34
                    text run at (3,1) width 34: "\x{4E07}\x{659B}"
          RenderText {#text} at (146,292) size 18x17
            text run at (146,292) width 17: "\x{306E}"
          RenderRuby (inline) {RUBY} at (0,0) size 18x20
            RenderRubyRun (anonymous) at (143,304.16) size 24x27.20
              RenderRubyText {RT} at (-9,0) size 14x27.20
                RenderText {#text} at (2,0) size 10x28
                  text run at (2,0) width 28: "\x{3046}\x{308C}\x{3044}"
              RenderRubyBase (anonymous) at (0,0) size 24x27.20
                RenderInline {RB} at (0,0) size 18x17
                  RenderText {#text} at (3,5) size 18x17
                    text run at (3,5) width 17: "\x{6101}"
          RenderText {#text} at (146,327) size 46x489
            text run at (146,327) width 162: "\x{306A}\x{3069}\x{3068}\x{4E91}\x{3046}\x{5B57}\x{304C}\x{3042}\x{308B}\x{3002}"
            text run at (174,0) width 129: "\x{8A69}\x{4EBA}\x{3060}\x{304B}\x{3089}\x{4E07}\x{659B}\x{3067}"
          RenderRuby (inline) {RUBY} at (0,0) size 18x36
            RenderRubyRun (anonymous) at (171,127.89) size 24x36.27
              RenderRubyText {RT} at (-9,0) size 14x36.27
                RenderText {#text} at (2,0) size 10x37
                  text run at (2,0) width 37: "\x{3057}\x{308D}\x{3046}\x{3068}"
              RenderRubyBase (anonymous) at (0,0) size 24x36.27
                RenderInline {RB} at (0,0) size 18x34
                  RenderText {#text} at (3,1) size 18x34
                    text run at (3,1) width 34: "\x{7D20}\x{4EBA}"
          RenderText {#text} at (174,163) size 18x49
            text run at (174,163) width 49: "\x{306A}\x{3089}\x{4E00}"
          RenderRuby (inline) {RUBY} at (0,0) size 18x18
            RenderRubyRun (anonymous) at (171,210.48) size 24x18.14
              RenderRubyText {RT} at (-9,0) size 14x18.14
                RenderText {#text} at (2,0) size 10x19
                  text run at (2,0) width 19: "\x{3054}\x{3046}"
              RenderRubyBase (anonymous) at (0,0) size 24x18.14
                RenderInline {RB} at (0,0) size 18x17
                  RenderText {#text} at (3,1) size 18x17
                    text run at (3,1) width 17: "\x{5408}"
          RenderText {#text} at (174,228) size 46x503
            text run at (174,228) width 274: "\x{3067}\x{6E08}\x{3080}\x{304B}\x{3082}\x{77E5}\x{308C}\x{306C}\x{3002}\x{3057}\x{3066}\x{898B}\x{308B}\x{3068}\x{8A69}\x{4EBA}\x{306F}"
            text run at (202,0) width 178: "\x{5E38}\x{306E}\x{4EBA}\x{3088}\x{308A}\x{3082}\x{82E6}\x{52B4}\x{6027}\x{3067}\x{3001}"
          RenderRuby (inline) {RUBY} at (0,0) size 18x35
            RenderRubyRun (anonymous) at (199,176.22) size 24x36.27
              RenderRubyText {RT} at (-9,0) size 14x36.27
                RenderText {#text} at (2,0) size 10x37
                  text run at (2,0) width 37: "\x{307C}\x{3093}\x{3053}\x{3064}"
              RenderRubyBase (anonymous) at (0,0) size 24x36.27
                RenderInline {RB} at (0,0) size 18x34
                  RenderText {#text} at (3,1) size 18x34
                    text run at (3,1) width 34: "\x{51E1}\x{9AA8}"
          RenderText {#text} at (202,211) size 46x502
            text run at (202,211) width 291: "\x{306E}\x{500D}\x{4EE5}\x{4E0A}\x{306B}\x{795E}\x{7D4C}\x{304C}\x{92ED}\x{654F}\x{306A}\x{306E}\x{304B}\x{3082}\x{77E5}\x{308C}\x{3093}\x{3002}"
            text run at (230,0) width 226: "\x{8D85}\x{4FD7}\x{306E}\x{559C}\x{3073}\x{3082}\x{3042}\x{308D}\x{3046}\x{304C}\x{3001}\x{7121}\x{91CF}\x{306E}"
          RenderRuby (inline) {RUBY} at (0,0) size 18x29
            RenderRubyRun (anonymous) at (227,221.56) size 24x36.27
              RenderRubyText {RT} at (-9,0) size 14x36.27
                RenderText {#text} at (2,0) size 10x37
                  text run at (2,0) width 37: "\x{304B}\x{306A}\x{3057}\x{307F}"
              RenderRubyBase (anonymous) at (0,0) size 24x36.27
                RenderInline {RB} at (0,0) size 18x17
                  RenderText {#text} at (3,10) size 18x17
                    text run at (3,10) width 17: "\x{60B2}"
          RenderText {#text} at (230,253) size 42x496
            text run at (230,253) width 242: "\x{3082}\x{591A}\x{304B}\x{308D}\x{3046}\x{3002}\x{305D}\x{3093}\x{306A}\x{3089}\x{3070}\x{8A69}\x{4EBA}\x{306B}\x{306A}"
            text run at (254,0) width 129: "\x{308B}\x{306E}\x{3082}\x{8003}\x{3048}\x{7269}\x{3060}\x{3002}"
          RenderBR {BR} at (254,128) size 18x1
          RenderText {#text} at (282,0) size 18x129
            text run at (282,0) width 129: "\x{3000}\x{3057}\x{3070}\x{3089}\x{304F}\x{306F}\x{8DEF}\x{304C}"
          RenderRuby (inline) {RUBY} at (0,0) size 18x21
            RenderRubyRun (anonymous) at (279,124.89) size 24x27.20
              RenderRubyText {RT} at (-9,0) size 14x27.20
                RenderText {#text} at (2,0) size 10x28
                  text run at (2,0) width 28: "\x{305F}\x{3044}\x{3089}"
              RenderRubyBase (anonymous) at (0,0) size 24x27.20
                RenderInline {RB} at (0,0) size 18x17
                  RenderText {#text} at (3,5) size 18x17
                    text run at (3,5) width 17: "\x{5E73}"
          RenderText {#text} at (282,148) size 18x65
            text run at (282,148) width 65: "\x{3067}\x{3001}\x{53F3}\x{306F}"
          RenderRuby (inline) {RUBY} at (0,0) size 18x49
            RenderRubyRun (anonymous) at (279,212.55) size 24x48.34
              RenderRubyText {RT} at (-9,0) size 14x48.34
                RenderText {#text} at (2,0) size 10x48
                  text run at (2,0) width 48: "\x{305E}\x{3046}\x{304D}\x{3084}\x{307E}"
              RenderRubyBase (anonymous) at (0,0) size 24x48.34
                RenderInline {RB} at (0,0) size 18x49
                  RenderText {#text} at (3,0) size 18x49
                    text run at (3,0) width 49: "\x{96D1}\x{6728}\x{5C71}"
          RenderText {#text} at (282,260) size 46x503
            text run at (282,260) width 242: "\x{3001}\x{5DE6}\x{306F}\x{83DC}\x{306E}\x{82B1}\x{306E}\x{898B}\x{3064}\x{3065}\x{3051}\x{3067}\x{3042}\x{308B}\x{3002}"
            text run at (310,0) width 97: "\x{8DB3}\x{306E}\x{4E0B}\x{306B}\x{6642}\x{3005}"
          RenderRuby (inline) {RUBY} at (0,0) size 18x50
            RenderRubyRun (anonymous) at (307,96.67) size 24x48.34
              RenderRubyText {RT} at (-9,0) size 14x48.34
                RenderText {#text} at (2,1) size 10x46
                  text run at (2,1) width 46: "\x{305F}\x{3093}\x{307D}\x{307D}"
              RenderRubyBase (anonymous) at (0,0) size 24x48.34
                RenderInline {RB} at (0,0) size 18x49
                  RenderText {#text} at (3,0) size 18x49
                    text run at (3,0) width 49: "\x{84B2}\x{516C}\x{82F1}"
          RenderText {#text} at (310,145) size 18x113
            text run at (310,145) width 113: "\x{3092}\x{8E0F}\x{307F}\x{3064}\x{3051}\x{308B}\x{3002}"
          RenderRuby (inline) {RUBY} at (0,0) size 18x30
            RenderRubyRun (anonymous) at (307,253.80) size 24x36.27
              RenderRubyText {RT} at (-9,0) size 14x36.27
                RenderText {#text} at (2,0) size 10x37
                  text run at (2,0) width 37: "\x{306E}\x{3053}\x{304E}\x{308A}"
              RenderRubyBase (anonymous) at (0,0) size 24x36.27
                RenderInline {RB} at (0,0) size 18x17
                  RenderText {#text} at (3,10) size 18x17
                    text run at (3,10) width 17: "\x{92F8}"
          RenderText {#text} at (310,286) size 46x496
            text run at (310,286) width 210: "\x{306E}\x{3088}\x{3046}\x{306A}\x{8449}\x{304C}\x{9060}\x{616E}\x{306A}\x{304F}\x{56DB}\x{65B9}\x{3078}"
            text run at (338,0) width 146: "\x{306E}\x{3057}\x{3066}\x{771F}\x{4E2D}\x{306B}\x{9EC4}\x{8272}\x{306A}"
          RenderRuby (inline) {RUBY} at (0,0) size 18x18
            RenderRubyRun (anonymous) at (335,144) size 24x18.14
              RenderRubyText {RT} at (-9,0) size 14x18.14
                RenderText {#text} at (2,0) size 10x19
                  text run at (2,0) width 19: "\x{305F}\x{307E}"
              RenderRubyBase (anonymous) at (0,0) size 24x18.14
                RenderInline {RB} at (0,0) size 18x17
                  RenderText {#text} at (3,1) size 18x17
                    text run at (3,1) width 17: "\x{73E0}"
          RenderText {#text} at (338,162) size 70x501
            text run at (338,162) width 339: "\x{3092}\x{64C1}\x{8B77}\x{3057}\x{3066}\x{3044}\x{308B}\x{3002}\x{83DC}\x{306E}\x{82B1}\x{306B}\x{6C17}\x{3092}\x{3068}\x{3089}\x{308C}\x{3066}\x{3001}\x{8E0F}\x{307F}"
            text run at (362,0) width 500: "\x{3064}\x{3051}\x{305F}\x{3042}\x{3068}\x{3067}\x{3001}\x{6C17}\x{306E}\x{6BD2}\x{306A}\x{4E8B}\x{3092}\x{3057}\x{305F}\x{3068}\x{3001}\x{632F}\x{308A}\x{5411}\x{3044}\x{3066}\x{898B}\x{308B}\x{3068}\x{3001}\x{9EC4}\x{8272}\x{306A}\x{73E0}\x{306F}"
            text run at (390,0) width 162: "\x{4F9D}\x{7136}\x{3068}\x{3057}\x{3066}\x{92F8}\x{306E}\x{306A}\x{304B}\x{306B}"
          RenderRuby (inline) {RUBY} at (0,0) size 18x33
            RenderRubyRun (anonymous) at (387,161.11) size 24x32.23
              RenderRubyText {RT} at (-9,0) size 14x32.23
                RenderText {#text} at (2,0) size 10x32
                  text run at (2,0) width 31: "\x{3061}\x{3093}\x{3056}"
              RenderRubyBase (anonymous) at (0,0) size 24x32.23
                RenderInline {RB} at (0,0) size 18x33
                  RenderText {#text} at (3,0) size 18x33
                    text run at (3,0) width 33: "\x{93AE}\x{5EA7}"
          RenderText {#text} at (390,193) size 18x81
            text run at (390,193) width 81: "\x{3057}\x{3066}\x{3044}\x{308B}\x{3002}"
          RenderRuby (inline) {RUBY} at (0,0) size 18x34
            RenderRubyRun (anonymous) at (387,273.91) size 24x32.23
              RenderRubyText {RT} at (-9,0) size 14x32.23
                RenderText {#text} at (2,0) size 10x32
                  text run at (2,0) width 31: "\x{306E}\x{3093}\x{304D}"
              RenderRubyBase (anonymous) at (0,0) size 24x32.23
                RenderInline {RB} at (0,0) size 18x33
                  RenderText {#text} at (3,0) size 18x33
                    text run at (3,0) width 33: "\x{5451}\x{6C17}"
          RenderText {#text} at (390,306) size 42x500
            text run at (390,306) width 194: "\x{306A}\x{3082}\x{306E}\x{3060}\x{3002}\x{307E}\x{305F}\x{8003}\x{3048}\x{3092}\x{3064}\x{3065}"
            text run at (414,0) width 49: "\x{3051}\x{308B}\x{3002}"
          RenderBR {BR} at (414,48) size 18x1
          RenderText {#text} at (442,0) size 18x65
            text run at (442,0) width 65: "\x{3000}\x{8A69}\x{4EBA}\x{306B}"
          RenderRuby (inline) {RUBY} at (0,0) size 18x20
            RenderRubyRun (anonymous) at (439,60.44) size 24x27.20
              RenderRubyText {RT} at (-9,0) size 14x27.20
                RenderText {#text} at (2,0) size 10x28
                  text run at (2,0) width 28: "\x{3046}\x{308C}\x{3044}"
              RenderRubyBase (anonymous) at (0,0) size 24x27.20
                RenderInline {RB} at (0,0) size 18x17
                  RenderText {#text} at (3,5) size 18x17
                    text run at (3,5) width 17: "\x{6182}"
          RenderText {#text} at (442,83) size 18x243
            text run at (442,83) width 242: "\x{306F}\x{3064}\x{304D}\x{3082}\x{306E}\x{304B}\x{3082}\x{77E5}\x{308C}\x{306A}\x{3044}\x{304C}\x{3001}\x{3042}\x{306E}"
          RenderRuby (inline) {RUBY} at (0,0) size 18x33
            RenderRubyRun (anonymous) at (439,325.33) size 24x32.23
              RenderRubyText {RT} at (-9,0) size 14x32.23
                RenderText {#text} at (2,0) size 10x32
                  text run at (2,0) width 31: "\x{3072}\x{3070}\x{308A}"
              RenderRubyBase (anonymous) at (0,0) size 24x32.23
                RenderInline {RB} at (0,0) size 18x33
                  RenderText {#text} at (3,0) size 18x33
                    text run at (3,0) width 33: "\x{96F2}\x{96C0}"
          RenderText {#text} at (442,357) size 18x146
            text run at (442,357) width 146: "\x{3092}\x{805E}\x{304F}\x{5FC3}\x{6301}\x{306B}\x{306A}\x{308C}\x{3070}"
          RenderRuby (inline) {RUBY} at (0,0) size 18x33
            RenderRubyRun (anonymous) at (467,0) size 24x32.23
              RenderRubyText {RT} at (-9,0) size 14x32.23
                RenderText {#text} at (2,0) size 10x32
                  text run at (2,0) width 31: "\x{307F}\x{3058}\x{3093}"
              RenderRubyBase (anonymous) at (0,0) size 24x32.23
                RenderInline {RB} at (0,0) size 18x33
                  RenderText {#text} at (3,0) size 18x33
                    text run at (3,0) width 33: "\x{5FAE}\x{5875}"
          RenderText {#text} at (470,32) size 18x17
            text run at (470,32) width 17: "\x{306E}"
          RenderRuby (inline) {RUBY} at (0,0) size 18x17
            RenderRubyRun (anonymous) at (467,48.34) size 24x16.13
              RenderRubyText {RT} at (-9,0) size 14x16.13
                RenderText {#text} at (2,3) size 10x10
                  text run at (2,3) width 10: "\x{304F}"
              RenderRubyBase (anonymous) at (0,0) size 24x16.13
                RenderInline {RB} at (0,0) size 18x17
                  RenderText {#text} at (3,0) size 18x17
                    text run at (3,0) width 17: "\x{82E6}"
          RenderText {#text} at (470,64) size 18x339
            text run at (470,64) width 339: "\x{3082}\x{306A}\x{3044}\x{3002}\x{83DC}\x{306E}\x{82B1}\x{3092}\x{898B}\x{3066}\x{3082}\x{3001}\x{305F}\x{3060}\x{3046}\x{308C}\x{3057}\x{304F}\x{3066}\x{80F8}\x{304C}"
          RenderRuby (inline) {RUBY} at (0,0) size 18x18
            RenderRubyRun (anonymous) at (467,401.81) size 24x18.14
              RenderRubyText {RT} at (-9,0) size 14x18.14
                RenderText {#text} at (2,0) size 10x19
                  text run at (2,0) width 19: "\x{304A}\x{3069}"
              RenderRubyBase (anonymous) at (0,0) size 24x18.14
                RenderInline {RB} at (0,0) size 18x17
                  RenderText {#text} at (3,1) size 18x17
                    text run at (3,1) width 17: "\x{8E8D}"
          RenderText {#text} at (470,419) size 70x500
            text run at (470,419) width 65: "\x{308B}\x{3070}\x{304B}\x{308A}"
            text run at (494,0) width 500: "\x{3060}\x{3002}\x{84B2}\x{516C}\x{82F1}\x{3082}\x{305D}\x{306E}\x{901A}\x{308A}\x{3001}\x{685C}\x{3082}\x{2015}\x{2015}\x{685C}\x{306F}\x{3044}\x{3064}\x{304B}\x{898B}\x{3048}\x{306A}\x{304F}\x{306A}\x{3063}\x{305F}\x{3002}\x{3053}\x{3046}\x{5C71}"
            text run at (522,0) width 129: "\x{306E}\x{4E2D}\x{3078}\x{6765}\x{3066}\x{81EA}\x{7136}\x{306E}"
          RenderRuby (inline) {RUBY} at (0,0) size 18x36
            RenderRubyRun (anonymous) at (519,127.89) size 24x36.27
              RenderRubyText {RT} at (-9,0) size 14x36.27
                RenderText {#text} at (2,0) size 10x37
                  text run at (2,0) width 37: "\x{3051}\x{3044}\x{3076}\x{3064}"
              RenderRubyBase (anonymous) at (0,0) size 24x36.27
                RenderInline {RB} at (0,0) size 18x34
                  RenderText {#text} at (3,1) size 18x34
                    text run at (3,1) width 34: "\x{666F}\x{7269}"
          RenderText {#text} at (522,163) size 46x502
            text run at (522,163) width 339: "\x{306B}\x{63A5}\x{3059}\x{308C}\x{3070}\x{3001}\x{898B}\x{308B}\x{3082}\x{306E}\x{3082}\x{805E}\x{304F}\x{3082}\x{306E}\x{3082}\x{9762}\x{767D}\x{3044}\x{3002}\x{9762}"
            text run at (550,0) width 387: "\x{767D}\x{3044}\x{3060}\x{3051}\x{3067}\x{5225}\x{6BB5}\x{306E}\x{82E6}\x{3057}\x{307F}\x{3082}\x{8D77}\x{3089}\x{306C}\x{3002}\x{8D77}\x{308B}\x{3068}\x{3059}\x{308C}\x{3070}\x{8DB3}\x{304C}"
          RenderRuby (inline) {RUBY} at (0,0) size 18x33
            RenderRubyRun (anonymous) at (547,386.69) size 24x32.23
              RenderRubyText {RT} at (-9,0) size 14x32.23
                RenderText {#text} at (2,0) size 10x32
                  text run at (2,0) width 31: "\x{304F}\x{305F}\x{3073}"
              RenderRubyBase (anonymous) at (0,0) size 24x32.23
                RenderInline {RB} at (0,0) size 18x33
                  RenderText {#text} at (3,0) size 18x33
                    text run at (3,0) width 33: "\x{8349}\x{81E5}"
          RenderText {#text} at (550,418) size 18x50
            text run at (550,418) width 49: "\x{308C}\x{3066}\x{3001}"
          RenderRuby (inline) {RUBY} at (0,0) size 18x18
            RenderRubyRun (anonymous) at (547,466.25) size 24x18.14
              RenderRubyText {RT} at (-9,0) size 14x18.14
                RenderText {#text} at (2,0) size 10x19
                  text run at (2,0) width 19: "\x{3046}\x{307E}"
              RenderRubyBase (anonymous) at (0,0) size 24x18.14
                RenderInline {RB} at (0,0) size 18x17
                  RenderText {#text} at (3,1) size 18x17
                    text run at (3,1) width 17: "\x{65E8}"
          RenderText {#text} at (550,484) size 42x501
            text run at (550,484) width 17: "\x{3044}"
            text run at (574,0) width 274: "\x{3082}\x{306E}\x{304C}\x{98DF}\x{3079}\x{3089}\x{308C}\x{306C}\x{304F}\x{3089}\x{3044}\x{306E}\x{4E8B}\x{3060}\x{308D}\x{3046}\x{3002}"
          RenderBR {BR} at (574,273) size 18x1
          RenderText {#text} at (602,0) size 18x419
            text run at (602,0) width 419: "\x{3000}\x{3057}\x{304B}\x{3057}\x{82E6}\x{3057}\x{307F}\x{306E}\x{306A}\x{3044}\x{306E}\x{306F}\x{306A}\x{305C}\x{3060}\x{308D}\x{3046}\x{3002}\x{305F}\x{3060}\x{3053}\x{306E}\x{666F}\x{8272}\x{3092}\x{4E00}"
          RenderRuby (inline) {RUBY} at (0,0) size 18x19
            RenderRubyRun (anonymous) at (599,417.91) size 24x18.14
              RenderRubyText {RT} at (-9,0) size 14x18.14
                RenderText {#text} at (2,0) size 10x19
                  text run at (2,0) width 19: "\x{3077}\x{304F}"
              RenderRubyBase (anonymous) at (0,0) size 24x18.14
                RenderInline {RB} at (0,0) size 18x17
                  RenderText {#text} at (3,1) size 18x17
                    text run at (3,1) width 17: "\x{5E45}"
          RenderText {#text} at (602,436) size 18x17
            text run at (602,436) width 17: "\x{306E}"
          RenderRuby (inline) {RUBY} at (0,0) size 18x17
            RenderRubyRun (anonymous) at (599,452.16) size 24x16.13
              RenderRubyText {RT} at (-9,0) size 14x16.13
                RenderText {#text} at (2,3) size 10x10
                  text run at (2,3) width 10: "\x{3048}"
              RenderRubyBase (anonymous) at (0,0) size 24x16.13
                RenderInline {RB} at (0,0) size 18x17
                  RenderText {#text} at (3,0) size 18x17
                    text run at (3,0) width 17: "\x{753B}"
          RenderText {#text} at (602,468) size 46x501
            text run at (602,468) width 33: "\x{3068}\x{3057}"
            text run at (630,0) width 17: "\x{3066}"
          RenderRuby (inline) {RUBY} at (0,0) size 18x17
            RenderRubyRun (anonymous) at (627,16.11) size 24x16.13
              RenderRubyText {RT} at (-9,0) size 14x16.13
                RenderText {#text} at (2,3) size 10x10
                  text run at (2,3) width 10: "\x{307F}"
              RenderRubyBase (anonymous) at (0,0) size 24x16.13
                RenderInline {RB} at (0,0) size 18x17
                  RenderText {#text} at (3,0) size 18x17
                    text run at (3,0) width 17: "\x{89B3}"
          RenderText {#text} at (630,32) size 18x33
            text run at (630,32) width 33: "\x{3001}\x{4E00}"
          RenderRuby (inline) {RUBY} at (0,0) size 18x18
            RenderRubyRun (anonymous) at (627,63.45) size 24x18.14
              RenderRubyText {RT} at (-9,0) size 14x18.14
                RenderText {#text} at (2,0) size 10x19
                  text run at (2,0) width 19: "\x{304B}\x{3093}"
              RenderRubyBase (anonymous) at (0,0) size 24x18.14
                RenderInline {RB} at (0,0) size 18x17
                  RenderText {#text} at (3,1) size 18x17
                    text run at (3,1) width 17: "\x{5DFB}"
          RenderText {#text} at (630,81) size 18x211
            text run at (630,81) width 210: "\x{306E}\x{8A69}\x{3068}\x{3057}\x{3066}\x{8AAD}\x{3080}\x{304B}\x{3089}\x{3067}\x{3042}\x{308B}\x{3002}"
          RenderRuby (inline) {RUBY} at (0,0) size 18x17
            RenderRubyRun (anonymous) at (627,291.05) size 24x16.13
              RenderRubyText {RT} at (-9,0) size 14x16.13
                RenderText {#text} at (2,3) size 10x10
                  text run at (2,3) width 10: "\x{304C}"
              RenderRubyBase (anonymous) at (0,0) size 24x16.13
                RenderInline {RB} at (0,0) size 18x17
                  RenderText {#text} at (3,0) size 18x17
                    text run at (3,0) width 17: "\x{753B}"
          RenderText {#text} at (630,307) size 18x162
            text run at (630,307) width 162: "\x{3067}\x{3042}\x{308A}\x{8A69}\x{3067}\x{3042}\x{308B}\x{4EE5}\x{4E0A}\x{306F}"
          RenderRuby (inline) {RUBY} at (0,0) size 18x33
            RenderRubyRun (anonymous) at (627,468.30) size 24x32.23
              RenderRubyText {RT} at (-9,0) size 14x32.23
                RenderText {#text} at (2,0) size 10x32
                  text run at (2,0) width 31: "\x{3058}\x{3081}\x{3093}"
              RenderRubyBase (anonymous) at (0,0) size 24x32.23
                RenderInline {RB} at (0,0) size 18x33
                  RenderText {#text} at (3,0) size 18x33
                    text run at (3,0) width 33: "\x{5730}\x{9762}"
          RenderText {#text} at (658,0) size 18x371
            text run at (658,0) width 371: "\x{3092}\x{8CB0}\x{3063}\x{3066}\x{3001}\x{958B}\x{62D3}\x{3059}\x{308B}\x{6C17}\x{306B}\x{3082}\x{306A}\x{3089}\x{306D}\x{3070}\x{3001}\x{9244}\x{9053}\x{3092}\x{304B}\x{3051}\x{3066}"
          RenderRuby (inline) {RUBY} at (0,0) size 18x35
            RenderRubyRun (anonymous) at (655,369.56) size 24x36.27
              RenderRubyText {RT} at (-9,0) size 14x36.27
                RenderText {#text} at (2,0) size 10x37
                  text run at (2,0) width 37: "\x{3072}\x{3068}\x{3082}\x{3046}"
              RenderRubyBase (anonymous) at (0,0) size 24x36.27
                RenderInline {RB} at (0,0) size 18x34
                  RenderText {#text} at (3,1) size 18x34
                    text run at (3,1) width 34: "\x{4E00}\x{5132}"
          RenderText {#text} at (658,404) size 18x50
            text run at (658,404) width 49: "\x{3051}\x{3059}\x{308B}"
          RenderRuby (inline) {RUBY} at (0,0) size 18x43
            RenderRubyRun (anonymous) at (655,450.17) size 24x45.33
              RenderRubyText {RT} at (-9,0) size 14x45.33
                RenderText {#text} at (2,0) size 10x46
                  text run at (2,0) width 46: "\x{308A}\x{3087}\x{3046}\x{3051}\x{3093}"
              RenderRubyBase (anonymous) at (0,0) size 24x45.33
                RenderInline {RB} at (0,0) size 18x39
                  RenderText {#text} at (3,3) size 18x39
                    text run at (3,3) width 39: "\x{4E86}\x{898B}"
          RenderText {#text} at (686,0) size 18x258
            text run at (686,0) width 258: "\x{3082}\x{8D77}\x{3089}\x{306C}\x{3002}\x{305F}\x{3060}\x{3053}\x{306E}\x{666F}\x{8272}\x{304C}\x{2015}\x{2015}\x{8179}\x{306E}"
          RenderRuby (inline) {RUBY} at (0,0) size 18x17
            RenderRubyRun (anonymous) at (683,257.56) size 24x16.13
              RenderRubyText {RT} at (-9,0) size 14x16.13
                RenderText {#text} at (2,3) size 10x10
                  text run at (2,3) width 10: "\x{305F}"
              RenderRubyBase (anonymous) at (0,0) size 24x16.13
                RenderInline {RB} at (0,0) size 18x17
                  RenderText {#text} at (3,0) size 18x17
                    text run at (3,0) width 17: "\x{8DB3}"
          RenderText {#text} at (686,273) size 70x500
            text run at (686,273) width 226: "\x{3057}\x{306B}\x{3082}\x{306A}\x{3089}\x{306C}\x{3001}\x{6708}\x{7D66}\x{306E}\x{88DC}\x{3044}\x{306B}\x{3082}"
            text run at (710,0) width 500: "\x{306A}\x{3089}\x{306C}\x{3053}\x{306E}\x{666F}\x{8272}\x{304C}\x{666F}\x{8272}\x{3068}\x{3057}\x{3066}\x{306E}\x{307F}\x{3001}\x{4F59}\x{304C}\x{5FC3}\x{3092}\x{697D}\x{307E}\x{305B}\x{3064}\x{3064}\x{3042}\x{308B}\x{304B}\x{3089}\x{82E6}\x{52B4}"
            text run at (738,0) width 65: "\x{3082}\x{5FC3}\x{914D}\x{3082}"
          RenderRuby (inline) {RUBY} at (0,0) size 18x20
            RenderRubyRun (anonymous) at (735,60.44) size 24x27.20
              RenderRubyText {RT} at (-9,0) size 14x27.20
                RenderText {#text} at (2,0) size 10x28
                  text run at (2,0) width 28: "\x{3068}\x{3082}\x{306A}"
              RenderRubyBase (anonymous) at (0,0) size 24x27.20
                RenderInline {RB} at (0,0) size 18x17
                  RenderText {#text} at (3,5) size 18x17
                    text run at (3,5) width 17: "\x{4F34}"
          RenderText {#text} at (738,83) size 18x291
            text run at (738,83) width 291: "\x{308F}\x{306C}\x{306E}\x{3060}\x{308D}\x{3046}\x{3002}\x{81EA}\x{7136}\x{306E}\x{529B}\x{306F}\x{3053}\x{3053}\x{306B}\x{304A}\x{3044}\x{3066}"
          RenderRuby (inline) {RUBY} at (0,0) size 18x18
            RenderRubyRun (anonymous) at (735,372.66) size 24x18.14
              RenderRubyText {RT} at (-9,0) size 14x18.14
                RenderText {#text} at (2,0) size 10x19
                  text run at (2,0) width 19: "\x{305F}\x{3063}"
              RenderRubyBase (anonymous) at (0,0) size 24x18.14
                RenderInline {RB} at (0,0) size 18x17
                  RenderText {#text} at (3,1) size 18x17
                    text run at (3,1) width 17: "\x{5C0A}"
          RenderText {#text} at (738,390) size 46x504
            text run at (738,390) width 113: "\x{3068}\x{3044}\x{3002}\x{543E}\x{4EBA}\x{306E}\x{6027}"
            text run at (766,0) width 81: "\x{60C5}\x{3092}\x{77AC}\x{523B}\x{306B}"
          RenderRuby (inline) {RUBY} at (0,0) size 18x33
            RenderRubyRun (anonymous) at (763,80.55) size 24x32.23
              RenderRubyText {RT} at (-9,0) size 14x32.23
                RenderText {#text} at (2,0) size 10x32
                  text run at (2,0) width 31: "\x{3068}\x{3046}\x{3084}"
              RenderRubyBase (anonymous) at (0,0) size 24x32.23
                RenderInline {RB} at (0,0) size 18x33
                  RenderText {#text} at (3,0) size 18x33
                    text run at (3,0) width 33: "\x{9676}\x{51B6}"
          RenderText {#text} at (766,112) size 18x34
            text run at (766,112) width 33: "\x{3057}\x{3066}"
          RenderRuby (inline) {RUBY} at (0,0) size 18x35
            RenderRubyRun (anonymous) at (763,144.02) size 24x36.27
              RenderRubyText {RT} at (-9,0) size 14x36.27
                RenderText {#text} at (2,0) size 10x37
                  text run at (2,0) width 37: "\x{3058}\x{3085}\x{3093}\x{3053}"
              RenderRubyBase (anonymous) at (0,0) size 24x36.27
                RenderInline {RB} at (0,0) size 18x34
                  RenderText {#text} at (3,1) size 18x34
                    text run at (3,1) width 34: "\x{9187}\x{4E4E}"
          RenderText {#text} at (766,179) size 42x502
            text run at (766,179) width 323: "\x{3068}\x{3057}\x{3066}\x{9187}\x{306A}\x{308B}\x{8A69}\x{5883}\x{306B}\x{5165}\x{3089}\x{3057}\x{3080}\x{308B}\x{306E}\x{306F}\x{81EA}\x{7136}\x{3067}\x{3042}"
            text run at (790,0) width 33: "\x{308B}\x{3002}"
          RenderBR {BR} at (790,32) size 18x1
          RenderText {#text} at (814,0) size 46x500
            text run at (814,0) width 500: "\x{3000}\x{604B}\x{306F}\x{3046}\x{3064}\x{304F}\x{3057}\x{304B}\x{308D}\x{3001}\x{5B5D}\x{3082}\x{3046}\x{3064}\x{304F}\x{3057}\x{304B}\x{308D}\x{3001}\x{5FE0}\x{541B}\x{611B}\x{56FD}\x{3082}\x{7D50}\x{69CB}\x{3060}\x{308D}\x{3046}\x{3002}\x{3057}"
            text run at (842,0) width 113: "\x{304B}\x{3057}\x{81EA}\x{8EAB}\x{304C}\x{305D}\x{306E}"
          RenderRuby (inline) {RUBY} at (0,0) size 18x20
            RenderRubyRun (anonymous) at (839,108.78) size 24x27.20
              RenderRubyText {RT} at (-9,0) size 14x27.20
                RenderText {#text} at (2,0) size 10x28
                  text run at (2,0) width 28: "\x{304D}\x{3087}\x{304F}"
              RenderRubyBase (anonymous) at (0,0) size 24x27.20
                RenderInline {RB} at (0,0) size 18x17
                  RenderText {#text} at (3,5) size 18x17
                    text run at (3,5) width 17: "\x{5C40}"
          RenderText {#text} at (842,131) size 18x114
            text run at (842,131) width 113: "\x{306B}\x{5F53}\x{308C}\x{3070}\x{5229}\x{5BB3}\x{306E}"
          RenderRuby (inline) {RUBY} at (0,0) size 18x34
            RenderRubyRun (anonymous) at (839,244.77) size 24x32.23
              RenderRubyText {RT} at (-9,0) size 14x32.23
                RenderText {#text} at (2,0) size 10x32
                  text run at (2,0) width 31: "\x{3064}\x{3080}\x{3058}"
              RenderRubyBase (anonymous) at (0,0) size 24x32.23
                RenderInline {RB} at (0,0) size 18x33
                  RenderText {#text} at (3,0) size 18x33
                    text run at (3,0) width 33: "\x{65CB}\x{98A8}"
          RenderText {#text} at (842,277) size 18x17
            text run at (842,277) width 17: "\x{306B}"
          RenderRuby (inline) {RUBY} at (0,0) size 18x17
            RenderRubyRun (anonymous) at (839,293.11) size 24x16.13
              RenderRubyText {RT} at (-9,0) size 14x16.13
                RenderText {#text} at (2,3) size 10x10
                  text run at (2,3) width 10: "\x{307E}"
              RenderRubyBase (anonymous) at (0,0) size 24x16.13
                RenderInline {RB} at (0,0) size 18x17
                  RenderText {#text} at (3,0) size 18x17
                    text run at (3,0) width 17: "\x{6372}"
          RenderText {#text} at (842,309) size 46x503
            text run at (842,309) width 194: "\x{304D}\x{8FBC}\x{307E}\x{308C}\x{3066}\x{3001}\x{3046}\x{3064}\x{304F}\x{3057}\x{304D}\x{4E8B}"
            text run at (870,0) width 194: "\x{306B}\x{3082}\x{3001}\x{7D50}\x{69CB}\x{306A}\x{4E8B}\x{306B}\x{3082}\x{3001}\x{76EE}\x{306F}"
          RenderRuby (inline) {RUBY} at (0,0) size 18x18
            RenderRubyRun (anonymous) at (867,192.34) size 24x18.14
              RenderRubyText {RT} at (-9,0) size 14x18.14
                RenderText {#text} at (2,0) size 10x19
                  text run at (2,0) width 19: "\x{304F}\x{3089}"
              RenderRubyBase (anonymous) at (0,0) size 24x18.14
                RenderInline {RB} at (0,0) size 18x17
                  RenderText {#text} at (3,1) size 18x17
                    text run at (3,1) width 17: "\x{7729}"
          RenderText {#text} at (870,210) size 46x501
            text run at (870,210) width 291: "\x{3093}\x{3067}\x{3057}\x{307E}\x{3046}\x{3002}\x{3057}\x{305F}\x{304C}\x{3063}\x{3066}\x{3069}\x{3053}\x{306B}\x{8A69}\x{304C}\x{3042}\x{308B}"
            text run at (898,0) width 81: "\x{304B}\x{81EA}\x{8EAB}\x{306B}\x{306F}"
          RenderRuby (inline) {RUBY} at (0,0) size 18x17
            RenderRubyRun (anonymous) at (895,80.55) size 24x16.13
              RenderRubyText {RT} at (-9,0) size 14x16.13
                RenderText {#text} at (2,3) size 10x10
                  text run at (2,3) width 10: "\x{3052}"
              RenderRubyBase (anonymous) at (0,0) size 24x16.13
                RenderInline {RB} at (0,0) size 18x17
                  RenderText {#text} at (3,0) size 18x17
                    text run at (3,0) width 17: "\x{89E3}"
          RenderText {#text} at (898,96) size 18x82
            text run at (898,96) width 81: "\x{3057}\x{304B}\x{306D}\x{308B}\x{3002}"
          RenderBR {BR} at (898,177) size 18x1
          RenderText {#text} at (922,0) size 46x500
            text run at (922,0) width 500: "\x{3000}\x{3053}\x{308C}\x{304C}\x{308F}\x{304B}\x{308B}\x{305F}\x{3081}\x{306B}\x{306F}\x{3001}\x{308F}\x{304B}\x{308B}\x{3060}\x{3051}\x{306E}\x{4F59}\x{88D5}\x{306E}\x{3042}\x{308B}\x{7B2C}\x{4E09}\x{8005}\x{306E}\x{5730}\x{4F4D}\x{306B}\x{7ACB}"
            text run at (950,0) width 339: "\x{305F}\x{306D}\x{3070}\x{306A}\x{3089}\x{306C}\x{3002}\x{4E09}\x{8005}\x{306E}\x{5730}\x{4F4D}\x{306B}\x{7ACB}\x{3066}\x{3070}\x{3053}\x{305D}\x{829D}\x{5C45}\x{306F}"
          RenderRuby (inline) {RUBY} at (0,0) size 18x17
            RenderRubyRun (anonymous) at (947,338.34) size 24x16.13
              RenderRubyText {RT} at (-9,0) size 14x16.13
                RenderText {#text} at (2,3) size 10x10
                  text run at (2,3) width 10: "\x{307F}"
              RenderRubyBase (anonymous) at (0,0) size 24x16.13
                RenderInline {RB} at (0,0) size 18x17
                  RenderText {#text} at (3,0) size 18x17
                    text run at (3,0) width 17: "\x{89B3}"
          RenderText {#text} at (950,354) size 70x500
            text run at (950,354) width 146: "\x{3066}\x{9762}\x{767D}\x{3044}\x{3002}\x{5C0F}\x{8AAC}\x{3082}\x{898B}"
            text run at (974,0) width 500: "\x{3066}\x{9762}\x{767D}\x{3044}\x{3002}\x{829D}\x{5C45}\x{3092}\x{898B}\x{3066}\x{9762}\x{767D}\x{3044}\x{4EBA}\x{3082}\x{3001}\x{5C0F}\x{8AAC}\x{3092}\x{8AAD}\x{3093}\x{3067}\x{9762}\x{767D}\x{3044}\x{4EBA}\x{3082}\x{3001}\x{81EA}\x{5DF1}\x{306E}"
            text run at (1002,0) width 49: "\x{5229}\x{5BB3}\x{306F}"
          RenderRuby (inline) {RUBY} at (0,0) size 18x18
            RenderRubyRun (anonymous) at (999,47.33) size 24x18.14
              RenderRubyText {RT} at (-9,0) size 14x18.14
                RenderText {#text} at (2,0) size 10x19
                  text run at (2,0) width 19: "\x{305F}\x{306A}"
              RenderRubyBase (anonymous) at (0,0) size 24x18.14
                RenderInline {RB} at (0,0) size 18x17
                  RenderText {#text} at (3,1) size 18x17
                    text run at (3,1) width 17: "\x{68DA}"
          RenderText {#text} at (1002,65) size 18x420
            text run at (1002,65) width 419: "\x{3078}\x{4E0A}\x{3052}\x{3066}\x{3044}\x{308B}\x{3002}\x{898B}\x{305F}\x{308A}\x{8AAD}\x{3093}\x{3060}\x{308A}\x{3059}\x{308B}\x{9593}\x{3060}\x{3051}\x{306F}\x{8A69}\x{4EBA}\x{3067}\x{3042}\x{308B}\x{3002}"
          RenderBR {BR} at (1002,484) size 18x1
          RenderText {#text} at (1030,0) size 18x307
            text run at (1030,0) width 307: "\x{3000}\x{305D}\x{308C}\x{3059}\x{3089}\x{3001}\x{666E}\x{901A}\x{306E}\x{829D}\x{5C45}\x{3084}\x{5C0F}\x{8AAC}\x{3067}\x{306F}\x{4EBA}\x{60C5}\x{3092}"
          RenderRuby (inline) {RUBY} at (0,0) size 18x18
            RenderRubyRun (anonymous) at (1027,305.13) size 24x18.14
              RenderRubyText {RT} at (-9,0) size 14x18.14
                RenderText {#text} at (2,0) size 10x19
                  text run at (2,0) width 19: "\x{307E}\x{306C}"
              RenderRubyBase (anonymous) at (0,0) size 24x18.14
                RenderInline {RB} at (0,0) size 18x17
                  RenderText {#text} at (3,1) size 18x17
                    text run at (3,1) width 17: "\x{514D}"
          RenderText {#text} at (1030,323) size 70x501
            text run at (1030,323) width 178: "\x{304B}\x{308C}\x{306C}\x{3002}\x{82E6}\x{3057}\x{3093}\x{3060}\x{308A}\x{3001}\x{6012}"
            text run at (1054,0) width 500: "\x{3063}\x{305F}\x{308A}\x{3001}\x{9A12}\x{3044}\x{3060}\x{308A}\x{3001}\x{6CE3}\x{3044}\x{305F}\x{308A}\x{3059}\x{308B}\x{3002}\x{898B}\x{308B}\x{3082}\x{306E}\x{3082}\x{3044}\x{3064}\x{304B}\x{305D}\x{306E}\x{4E2D}\x{306B}\x{540C}\x{5316}\x{3057}"
            text run at (1082,0) width 387: "\x{3066}\x{82E6}\x{3057}\x{3093}\x{3060}\x{308A}\x{3001}\x{6012}\x{3063}\x{305F}\x{308A}\x{3001}\x{9A12}\x{3044}\x{3060}\x{308A}\x{3001}\x{6CE3}\x{3044}\x{305F}\x{308A}\x{3059}\x{308B}\x{3002}"
          RenderRuby (inline) {RUBY} at (0,0) size 18x33
            RenderRubyRun (anonymous) at (1079,386.69) size 24x32.23
              RenderRubyText {RT} at (-9,0) size 14x32.23
                RenderText {#text} at (2,0) size 10x32
                  text run at (2,0) width 31: "\x{3068}\x{308A}\x{3048}"
              RenderRubyBase (anonymous) at (0,0) size 24x32.23
                RenderInline {RB} at (0,0) size 18x33
                  RenderText {#text} at (3,0) size 18x33
                    text run at (3,0) width 33: "\x{53D6}\x{67C4}"
          RenderText {#text} at (1082,418) size 18x66
            text run at (1082,418) width 65: "\x{306F}\x{5229}\x{617E}\x{304C}"
          RenderRuby (inline) {RUBY} at (0,0) size 18x18
            RenderRubyRun (anonymous) at (1079,482.36) size 24x18.14
              RenderRubyText {RT} at (-9,0) size 14x18.14
                RenderText {#text} at (2,0) size 10x19
                  text run at (2,0) width 19: "\x{307E}\x{3058}"
              RenderRubyBase (anonymous) at (0,0) size 24x18.14
                RenderInline {RB} at (0,0) size 18x17
                  RenderText {#text} at (3,1) size 18x17
                    text run at (3,1) width 17: "\x{4EA4}"
          RenderText {#text} at (1110,0) size 18x113
            text run at (1110,0) width 113: "\x{3089}\x{306C}\x{3068}\x{4E91}\x{3046}\x{70B9}\x{306B}"
          RenderRuby (inline) {RUBY} at (0,0) size 18x18
            RenderRubyRun (anonymous) at (1107,111.78) size 24x18.14
              RenderRubyText {RT} at (-9,0) size 14x18.14
                RenderText {#text} at (2,0) size 10x19
                  text run at (2,0) width 19: "\x{305D}\x{3093}"
              RenderRubyBase (anonymous) at (0,0) size 24x18.14
                RenderInline {RB} at (0,0) size 18x17
                  RenderText {#text} at (3,1) size 18x17
                    text run at (3,1) width 17: "\x{5B58}"
          RenderText {#text} at (1110,129) size 18x308
            text run at (1110,129) width 307: "\x{3059}\x{308B}\x{304B}\x{3082}\x{77E5}\x{308C}\x{306C}\x{304C}\x{3001}\x{4EA4}\x{3089}\x{306C}\x{3060}\x{3051}\x{306B}\x{305D}\x{306E}\x{4ED6}\x{306E}"
          RenderRuby (inline) {RUBY} at (0,0) size 18x40
            RenderRubyRun (anonymous) at (1107,433.05) size 24x45.33
              RenderRubyText {RT} at (-9,0) size 14x45.33
                RenderText {#text} at (2,0) size 10x46
                  text run at (2,0) width 46: "\x{3058}\x{3087}\x{3046}\x{3057}\x{3087}"
              RenderRubyBase (anonymous) at (0,0) size 24x45.33
                RenderInline {RB} at (0,0) size 18x39
                  RenderText {#text} at (3,3) size 18x39
                    text run at (3,3) width 39: "\x{60C5}\x{7DD2}"
          RenderText {#text} at (1110,475) size 46x492
            text run at (1110,475) width 17: "\x{306F}"
            text run at (1138,0) width 291: "\x{5E38}\x{3088}\x{308A}\x{306F}\x{4F59}\x{8A08}\x{306B}\x{6D3B}\x{52D5}\x{3059}\x{308B}\x{3060}\x{308D}\x{3046}\x{3002}\x{305D}\x{308C}\x{304C}"
          RenderRuby (inline) {RUBY} at (0,0) size 18x18
            RenderRubyRun (anonymous) at (1135,289.02) size 24x18.14
              RenderRubyText {RT} at (-9,0) size 14x18.14
                RenderText {#text} at (2,0) size 10x19
                  text run at (2,0) width 19: "\x{3044}\x{3084}"
              RenderRubyBase (anonymous) at (0,0) size 24x18.14
                RenderInline {RB} at (0,0) size 18x17
                  RenderText {#text} at (3,1) size 18x17
                    text run at (3,1) width 17: "\x{5ACC}"
          RenderText {#text} at (1138,307) size 18x33
            text run at (1138,307) width 33: "\x{3060}\x{3002}"
          RenderBR {BR} at (1138,339) size 18x1
          RenderText {#text} at (1162,0) size 46x484
            text run at (1162,0) width 484: "\x{3000}\x{82E6}\x{3057}\x{3093}\x{3060}\x{308A}\x{3001}\x{6012}\x{3063}\x{305F}\x{308A}\x{3001}\x{9A12}\x{3044}\x{3060}\x{308A}\x{3001}\x{6CE3}\x{3044}\x{305F}\x{308A}\x{306F}\x{4EBA}\x{306E}\x{4E16}\x{306B}\x{3064}\x{304D}\x{3082}\x{306E}"
            text run at (1190,0) width 194: "\x{3060}\x{3002}\x{4F59}\x{3082}\x{4E09}\x{5341}\x{5E74}\x{306E}\x{9593}\x{305D}\x{308C}\x{3092}"
          RenderRuby (inline) {RUBY} at (0,0) size 18x33
            RenderRubyRun (anonymous) at (1187,193.34) size 24x32.23
              RenderRubyText {RT} at (-9,0) size 14x32.23
                RenderText {#text} at (2,0) size 10x32
                  text run at (2,0) width 31: "\x{3057}\x{3068}\x{304A}"
              RenderRubyBase (anonymous) at (0,0) size 24x32.23
                RenderInline {RB} at (0,0) size 18x33
                  RenderText {#text} at (3,0) size 18x33
                    text run at (3,0) width 33: "\x{4ED5}\x{901A}"
          RenderText {#text} at (1190,225) size 18x49
            text run at (1190,225) width 49: "\x{3057}\x{3066}\x{3001}"
          RenderRuby (inline) {RUBY} at (0,0) size 18x36
            RenderRubyRun (anonymous) at (1187,272.91) size 24x36.27
              RenderRubyText {RT} at (-9,0) size 14x36.27
                RenderText {#text} at (2,0) size 10x37
                  text run at (2,0) width 37: "\x{3042}\x{304D}\x{3042}\x{304D}"
              RenderRubyBase (anonymous) at (0,0) size 24x36.27
                RenderInline {RB} at (0,0) size 18x34
                  RenderText {#text} at (3,1) size 18x34
                    text run at (3,1) width 34: "\x{98FD}\x{3005}"
          RenderText {#text} at (1190,308) size 18x49
            text run at (1190,308) width 49: "\x{3057}\x{305F}\x{3002}"
          RenderRuby (inline) {RUBY} at (0,0) size 18x17
            RenderRubyRun (anonymous) at (1187,356.52) size 24x16.13
              RenderRubyText {RT} at (-9,0) size 14x16.13
                RenderText {#text} at (2,3) size 10x10
                  text run at (2,3) width 10: "\x{3042}"
              RenderRubyBase (anonymous) at (0,0) size 24x16.13
                RenderInline {RB} at (0,0) size 18x17
                  RenderText {#text} at (3,0) size 18x17
                    text run at (3,0) width 17: "\x{98FD}"
          RenderText {#text} at (1190,372) size 70x502
            text run at (1190,372) width 129: "\x{304D}\x{98FD}\x{304D}\x{3057}\x{305F}\x{4E0A}\x{306B}\x{829D}"
            text run at (1214,0) width 500: "\x{5C45}\x{3084}\x{5C0F}\x{8AAC}\x{3067}\x{540C}\x{3058}\x{523A}\x{6FC0}\x{3092}\x{7E70}\x{308A}\x{8FD4}\x{3057}\x{3066}\x{306F}\x{5927}\x{5909}\x{3060}\x{3002}\x{4F59}\x{304C}\x{6B32}\x{3059}\x{308B}\x{8A69}\x{306F}\x{305D}\x{3093}\x{306A}\x{4E16}"
            text run at (1242,0) width 97: "\x{9593}\x{7684}\x{306E}\x{4EBA}\x{60C5}\x{3092}"
          RenderRuby (inline) {RUBY} at (0,0) size 18x33
            RenderRubyRun (anonymous) at (1239,96.67) size 24x32.23
              RenderRubyText {RT} at (-9,0) size 14x32.23
                RenderText {#text} at (2,3) size 10x25
                  text run at (2,3) width 25: "\x{3053}\x{3076}"
              RenderRubyBase (anonymous) at (0,0) size 24x32.23
                RenderInline {RB} at (0,0) size 18x33
                  RenderText {#text} at (3,0) size 18x33
                    text run at (3,0) width 33: "\x{9F13}\x{821E}"
          RenderText {#text} at (1242,128) size 46x500
            text run at (1242,128) width 371: "\x{3059}\x{308B}\x{3088}\x{3046}\x{306A}\x{3082}\x{306E}\x{3067}\x{306F}\x{306A}\x{3044}\x{3002}\x{4FD7}\x{5FF5}\x{3092}\x{653E}\x{68C4}\x{3057}\x{3066}\x{3001}\x{3057}\x{3070}\x{3089}"
            text run at (1270,0) width 49: "\x{304F}\x{3067}\x{3082}"
          RenderRuby (inline) {RUBY} at (0,0) size 18x35
            RenderRubyRun (anonymous) at (1267,47.33) size 24x36.27
              RenderRubyText {RT} at (-9,0) size 14x36.27
                RenderText {#text} at (2,0) size 10x37
                  text run at (2,0) width 37: "\x{3058}\x{3093}\x{304B}\x{3044}"
              RenderRubyBase (anonymous) at (0,0) size 24x36.27
                RenderInline {RB} at (0,0) size 18x34
                  RenderText {#text} at (3,1) size 18x34
                    text run at (3,1) width 34: "\x{5875}\x{754C}"
          RenderText {#text} at (1270,82) size 94x502
            text run at (1270,82) width 419: "\x{3092}\x{96E2}\x{308C}\x{305F}\x{5FC3}\x{6301}\x{3061}\x{306B}\x{306A}\x{308C}\x{308B}\x{8A69}\x{3067}\x{3042}\x{308B}\x{3002}\x{3044}\x{304F}\x{3089}\x{5091}\x{4F5C}\x{3067}\x{3082}\x{4EBA}\x{60C5}\x{3092}"
            text run at (1294,0) width 500: "\x{96E2}\x{308C}\x{305F}\x{829D}\x{5C45}\x{306F}\x{306A}\x{3044}\x{3001}\x{7406}\x{975E}\x{3092}\x{7D76}\x{3057}\x{305F}\x{5C0F}\x{8AAC}\x{306F}\x{5C11}\x{304B}\x{308D}\x{3046}\x{3002}\x{3069}\x{3053}\x{307E}\x{3067}\x{3082}\x{4E16}\x{9593}\x{3092}"
            text run at (1318,0) width 500: "\x{51FA}\x{308B}\x{4E8B}\x{304C}\x{51FA}\x{6765}\x{306C}\x{306E}\x{304C}\x{5F7C}\x{3089}\x{306E}\x{7279}\x{8272}\x{3067}\x{3042}\x{308B}\x{3002}\x{3053}\x{3068}\x{306B}\x{897F}\x{6D0B}\x{306E}\x{8A69}\x{306B}\x{306A}\x{308B}\x{3068}\x{3001}\x{4EBA}"
            text run at (1346,0) width 210: "\x{4E8B}\x{304C}\x{6839}\x{672C}\x{306B}\x{306A}\x{308B}\x{304B}\x{3089}\x{3044}\x{308F}\x{3086}\x{308B}"
          RenderRuby (inline) {RUBY} at (0,0) size 18x33
            RenderRubyRun (anonymous) at (1343,209.45) size 24x32.23
              RenderRubyText {RT} at (-9,0) size 14x32.23
                RenderText {#text} at (2,0) size 10x32
                  text run at (2,0) width 31: "\x{3057}\x{3044}\x{304B}"
              RenderRubyBase (anonymous) at (0,0) size 24x32.23
                RenderInline {RB} at (0,0) size 18x33
                  RenderText {#text} at (3,0) size 18x33
                    text run at (3,0) width 33: "\x{8A69}\x{6B4C}"
          RenderText {#text} at (1346,241) size 18x162
            text run at (1346,241) width 162: "\x{306E}\x{7D14}\x{7C8B}\x{306A}\x{308B}\x{3082}\x{306E}\x{3082}\x{3053}\x{306E}"
          RenderRuby (inline) {RUBY} at (0,0) size 18x21
            RenderRubyRun (anonymous) at (1343,398.80) size 24x27.20
              RenderRubyText {RT} at (-9,0) size 14x27.20
                RenderText {#text} at (2,0) size 10x28
                  text run at (2,0) width 28: "\x{304D}\x{3087}\x{3046}"
              RenderRubyBase (anonymous) at (0,0) size 24x27.20
                RenderInline {RB} at (0,0) size 18x17
                  RenderText {#text} at (3,5) size 18x17
                    text run at (3,5) width 17: "\x{5883}"
          RenderText {#text} at (1346,422) size 18x17
            text run at (1346,422) width 17: "\x{3092}"
          RenderRuby (inline) {RUBY} at (0,0) size 18x33
            RenderRubyRun (anonymous) at (1343,438.13) size 24x32.23
              RenderRubyText {RT} at (-9,0) size 14x32.23
                RenderText {#text} at (2,0) size 10x32
                  text run at (2,0) width 31: "\x{3052}\x{3060}\x{3064}"
              RenderRubyBase (anonymous) at (0,0) size 24x32.23
                RenderInline {RB} at (0,0) size 18x33
                  RenderText {#text} at (3,0) size 18x33
                    text run at (3,0) width 33: "\x{89E3}\x{8131}"
          RenderText {#text} at (1346,470) size 70x503
            text run at (1346,470) width 33: "\x{3059}\x{308B}"
            text run at (1370,0) width 500: "\x{4E8B}\x{3092}\x{77E5}\x{3089}\x{306C}\x{3002}\x{3069}\x{3053}\x{307E}\x{3067}\x{3082}\x{540C}\x{60C5}\x{3060}\x{3068}\x{304B}\x{3001}\x{611B}\x{3060}\x{3068}\x{304B}\x{3001}\x{6B63}\x{7FA9}\x{3060}\x{3068}\x{304B}\x{3001}\x{81EA}\x{7531}\x{3060}"
            text run at (1398,0) width 49: "\x{3068}\x{304B}\x{3001}"
          RenderRuby (inline) {RUBY} at (0,0) size 18x33
            RenderRubyRun (anonymous) at (1395,48.33) size 24x32.23
              RenderRubyText {RT} at (-9,0) size 14x32.23
                RenderText {#text} at (2,0) size 10x32
                  text run at (2,0) width 31: "\x{3046}\x{304D}\x{3088}"
              RenderRubyBase (anonymous) at (0,0) size 24x32.23
                RenderInline {RB} at (0,0) size 18x33
                  RenderText {#text} at (3,0) size 18x33
                    text run at (3,0) width 33: "\x{6D6E}\x{4E16}"
          RenderText {#text} at (1398,80) size 18x17
            text run at (1398,80) width 17: "\x{306E}"
          RenderRuby (inline) {RUBY} at (0,0) size 18x50
            RenderRubyRun (anonymous) at (1395,96.67) size 24x48.34
              RenderRubyText {RT} at (-9,0) size 14x48.34
                RenderText {#text} at (2,0) size 10x48
                  text run at (2,0) width 48: "\x{304B}\x{3093}\x{3053}\x{3046}\x{3070}"
              RenderRubyBase (anonymous) at (0,0) size 24x48.34
                RenderInline {RB} at (0,0) size 18x49
                  RenderText {#text} at (3,0) size 18x49
                    text run at (3,0) width 49: "\x{52E7}\x{5DE5}\x{5834}"
          RenderText {#text} at (1398,145) size 18x162
            text run at (1398,145) width 162: "\x{306B}\x{3042}\x{308B}\x{3082}\x{306E}\x{3060}\x{3051}\x{3067}\x{7528}\x{3092}"
          RenderRuby (inline) {RUBY} at (0,0) size 18x18
            RenderRubyRun (anonymous) at (1395,305.14) size 24x18.14
              RenderRubyText {RT} at (-9,0) size 14x18.14
                RenderText {#text} at (2,0) size 10x19
                  text run at (2,0) width 19: "\x{3079}\x{3093}"
              RenderRubyBase (anonymous) at (0,0) size 24x18.14
                RenderInline {RB} at (0,0) size 18x17
                  RenderText {#text} at (3,1) size 18x17
                    text run at (3,1) width 17: "\x{5F01}"
          RenderText {#text} at (1398,323) size 46x501
            text run at (1398,323) width 178: "\x{3058}\x{3066}\x{3044}\x{308B}\x{3002}\x{3044}\x{304F}\x{3089}\x{8A69}\x{7684}\x{306B}"
            text run at (1426,0) width 146: "\x{306A}\x{3063}\x{3066}\x{3082}\x{5730}\x{9762}\x{306E}\x{4E0A}\x{3092}"
          RenderRuby (inline) {RUBY} at (0,0) size 18x17
            RenderRubyRun (anonymous) at (1423,145) size 24x16.13
              RenderRubyText {RT} at (-9,0) size 14x16.13
                RenderText {#text} at (2,3) size 10x10
                  text run at (2,3) width 10: "\x{304B}"
              RenderRubyBase (anonymous) at (0,0) size 24x16.13
                RenderInline {RB} at (0,0) size 18x17
                  RenderText {#text} at (3,0) size 18x17
                    text run at (3,0) width 17: "\x{99B3}"
          RenderText {#text} at (1426,161) size 18x113
            text run at (1426,161) width 113: "\x{3051}\x{3066}\x{3042}\x{308B}\x{3044}\x{3066}\x{3001}"
          RenderRuby (inline) {RUBY} at (0,0) size 18x19
            RenderRubyRun (anonymous) at (1423,272.91) size 24x18.14
              RenderRubyText {RT} at (-9,0) size 14x18.14
                RenderText {#text} at (2,0) size 10x19
                  text run at (2,0) width 19: "\x{305C}\x{306B}"
              RenderRubyBase (anonymous) at (0,0) size 24x18.14
                RenderInline {RB} at (0,0) size 18x17
                  RenderText {#text} at (3,1) size 18x17
                    text run at (3,1) width 17: "\x{92AD}"
          RenderText {#text} at (1426,291) size 46x501
            text run at (1426,291) width 210: "\x{306E}\x{52D8}\x{5B9A}\x{3092}\x{5FD8}\x{308C}\x{308B}\x{3072}\x{307E}\x{304C}\x{306A}\x{3044}\x{3002}"
            text run at (1454,0) width 81: "\x{30B7}\x{30A7}\x{30EC}\x{30FC}\x{304C}"
          RenderRuby (inline) {RUBY} at (0,0) size 18x33
            RenderRubyRun (anonymous) at (1451,80.55) size 24x32.23
              RenderRubyText {RT} at (-9,0) size 14x32.23
                RenderText {#text} at (2,0) size 10x32
                  text run at (2,0) width 31: "\x{3072}\x{3070}\x{308A}"
              RenderRubyBase (anonymous) at (0,0) size 24x32.23
                RenderInline {RB} at (0,0) size 18x33
                  RenderText {#text} at (3,0) size 18x33
                    text run at (3,0) width 33: "\x{96F2}\x{96C0}"
          RenderText {#text} at (1454,112) size 18x259
            text run at (1454,112) width 258: "\x{3092}\x{805E}\x{3044}\x{3066}\x{5606}\x{606F}\x{3057}\x{305F}\x{306E}\x{3082}\x{7121}\x{7406}\x{306F}\x{306A}\x{3044}\x{3002}"
          RenderBR {BR} at (1454,370) size 18x1
          RenderText {#text} at (1482,0) size 18x162
            text run at (1482,0) width 162: "\x{3000}\x{3046}\x{308C}\x{3057}\x{3044}\x{4E8B}\x{306B}\x{6771}\x{6D0B}\x{306E}"
          RenderRuby (inline) {RUBY} at (0,0) size 18x33
            RenderRubyRun (anonymous) at (1479,161.11) size 24x32.23
              RenderRubyText {RT} at (-9,0) size 14x32.23
                RenderText {#text} at (2,0) size 10x32
                  text run at (2,0) width 31: "\x{3057}\x{3044}\x{304B}"
              RenderRubyBase (anonymous) at (0,0) size 24x32.23
                RenderInline {RB} at (0,0) size 18x33
                  RenderText {#text} at (3,0) size 18x33
                    text run at (3,0) width 33: "\x{8A69}\x{6B4C}"
          RenderText {#text} at (1482,193) size 18x65
            text run at (1482,193) width 65: "\x{306F}\x{305D}\x{3053}\x{3092}"
          RenderRuby (inline) {RUBY} at (0,0) size 18x34
            RenderRubyRun (anonymous) at (1479,257.80) size 24x32.23
              RenderRubyText {RT} at (-9,0) size 14x32.23
                RenderText {#text} at (2,0) size 10x32
                  text run at (2,0) width 31: "\x{3052}\x{3060}\x{3064}"
              RenderRubyBase (anonymous) at (0,0) size 24x32.23
                RenderInline {RB} at (0,0) size 18x33
                  RenderText {#text} at (3,0) size 18x33
                    text run at (3,0) width 33: "\x{89E3}\x{8131}"
          RenderText {#text} at (1482,290) size 18x113
            text run at (1482,290) width 113: "\x{3057}\x{305F}\x{306E}\x{304C}\x{3042}\x{308B}\x{3002}"
          RenderRuby (inline) {RUBY} at (0,0) size 18x44
            RenderRubyRun (anonymous) at (1479,399.81) size 24x45.33
              RenderRubyText {RT} at (-9,0) size 14x45.33
                RenderText {#text} at (2,0) size 10x46
                  text run at (2,0) width 46: "\x{304D}\x{304F}\x{3092}\x{3068}\x{308B}"
              RenderRubyBase (anonymous) at (0,0) size 24x45.33
                RenderInline {RB} at (0,0) size 18x39
                  RenderText {#text} at (3,3) size 18x39
                    text run at (3,3) width 39: "\x{63A1}\x{83CA}"
          RenderRuby (inline) {RUBY} at (0,0) size 18x55
            RenderRubyRun (anonymous) at (1479,445.14) size 24x54.39
              RenderRubyText {RT} at (-9,0) size 14x54.39
                RenderText {#text} at (2,0) size 10x55
                  text run at (2,0) width 55: "\x{3068}\x{3046}\x{308A}\x{306E}\x{3082}\x{3068}"
              RenderRubyBase (anonymous) at (0,0) size 24x54.39
                RenderInline {RB} at (0,0) size 18x52
                  RenderText {#text} at (3,1) size 18x52
                    text run at (3,1) width 52: "\x{6771}\x{7C6C}\x{4E0B}"
          RenderText {#text} at (1510,0) size 18x17
            text run at (1510,0) width 17: "\x{3001}"
          RenderRuby (inline) {RUBY} at (0,0) size 18x60
            RenderRubyRun (anonymous) at (1507,12.11) size 24x63.45
              RenderRubyText {RT} at (-9,0) size 14x63.45
                RenderText {#text} at (2,0) size 10x64
                  text run at (2,0) width 64: "\x{3086}\x{3046}\x{305C}\x{3093}\x{3068}\x{3057}\x{3066}"
              RenderRubyBase (anonymous) at (0,0) size 24x63.45
                RenderInline {RB} at (0,0) size 18x49
                  RenderText {#text} at (3,7) size 18x49
                    text run at (3,7) width 48: "\x{60A0}\x{7136}"
          RenderRuby (inline) {RUBY} at (0,0) size 18x62
            RenderRubyRun (anonymous) at (1507,75.56) size 24x63.45
              RenderRubyText {RT} at (-9,0) size 14x63.45
                RenderText {#text} at (2,0) size 10x64
                  text run at (2,0) width 64: "\x{306A}\x{3093}\x{3056}\x{3093}\x{3092}\x{307F}\x{308B}"
              RenderRubyBase (anonymous) at (0,0) size 24x63.45
                RenderInline {RB} at (0,0) size 18x58
                  RenderText {#text} at (3,2) size 18x58
                    text run at (3,2) width 58: "\x{898B}\x{5357}\x{5C71}"
          RenderText {#text} at (1510,136) size 18x129
            text run at (1510,136) width 129: "\x{3002}\x{305F}\x{3060}\x{305D}\x{308C}\x{304E}\x{308A}\x{306E}"
          RenderRuby (inline) {RUBY} at (0,0) size 18x19
            RenderRubyRun (anonymous) at (1507,263.91) size 24x18.14
              RenderRubyText {RT} at (-9,0) size 14x18.14
                RenderText {#text} at (2,0) size 10x19
                  text run at (2,0) width 19: "\x{3046}\x{3061}"
              RenderRubyBase (anonymous) at (0,0) size 24x18.14
                RenderInline {RB} at (0,0) size 18x17
                  RenderText {#text} at (3,1) size 18x17
                    text run at (3,1) width 17: "\x{88CF}"
          RenderText {#text} at (1510,282) size 46x492
            text run at (1510,282) width 210: "\x{306B}\x{6691}\x{82E6}\x{3057}\x{3044}\x{4E16}\x{306E}\x{4E2D}\x{3092}\x{307E}\x{308B}\x{3067}\x{5FD8}"
            text run at (1538,0) width 323: "\x{308C}\x{305F}\x{5149}\x{666F}\x{304C}\x{51FA}\x{3066}\x{304F}\x{308B}\x{3002}\x{57A3}\x{306E}\x{5411}\x{3046}\x{306B}\x{96A3}\x{308A}\x{306E}\x{5A18}\x{304C}"
          RenderRuby (inline) {RUBY} at (0,0) size 18x18
            RenderRubyRun (anonymous) at (1535,321.23) size 24x18.14
              RenderRubyText {RT} at (-9,0) size 14x18.14
                RenderText {#text} at (2,0) size 10x19
                  text run at (2,0) width 19: "\x{306E}\x{305E}"
              RenderRubyBase (anonymous) at (0,0) size 24x18.14
                RenderInline {RB} at (0,0) size 18x17
                  RenderText {#text} at (3,1) size 18x17
                    text run at (3,1) width 17: "\x{8997}"
          RenderText {#text} at (1538,339) size 46x485
            text run at (1538,339) width 146: "\x{3044}\x{3066}\x{308B}\x{8A33}\x{3067}\x{3082}\x{306A}\x{3051}\x{308C}"
            text run at (1566,0) width 33: "\x{3070}\x{3001}"
          RenderRuby (inline) {RUBY} at (0,0) size 18x35
            RenderRubyRun (anonymous) at (1563,31.22) size 24x36.27
              RenderRubyText {RT} at (-9,0) size 14x36.27
                RenderText {#text} at (2,0) size 10x37
                  text run at (2,0) width 37: "\x{306A}\x{3093}\x{3056}\x{3093}"
              RenderRubyBase (anonymous) at (0,0) size 24x36.27
                RenderInline {RB} at (0,0) size 18x34
                  RenderText {#text} at (3,1) size 18x34
                    text run at (3,1) width 34: "\x{5357}\x{5C71}"
          RenderText {#text} at (1566,66) size 18x323
            text run at (1566,66) width 323: "\x{306B}\x{89AA}\x{53CB}\x{304C}\x{5949}\x{8077}\x{3057}\x{3066}\x{3044}\x{308B}\x{6B21}\x{7B2C}\x{3067}\x{3082}\x{306A}\x{3044}\x{3002}\x{8D85}\x{7136}\x{3068}"
          RenderRuby (inline) {RUBY} at (0,0) size 18x72
            RenderRubyRun (anonymous) at (1563,387.72) size 24x72.52
              RenderRubyText {RT} at (-9,0) size 14x72.52
                RenderText {#text} at (2,0) size 10x73
                  text run at (2,0) width 73: "\x{3057}\x{3085}\x{3063}\x{305B}\x{3051}\x{3093}\x{3066}\x{304D}"
              RenderRubyBase (anonymous) at (0,0) size 24x72.52
                RenderInline {RB} at (0,0) size 18x70
                  RenderText {#text} at (3,1) size 18x70
                    text run at (3,1) width 70: "\x{51FA}\x{4E16}\x{9593}\x{7684}"
          RenderText {#text} at (1566,459) size 46x492
            text run at (1566,459) width 33: "\x{306B}\x{5229}"
            text run at (1594,0) width 307: "\x{5BB3}\x{640D}\x{5F97}\x{306E}\x{6C57}\x{3092}\x{6D41}\x{3057}\x{53BB}\x{3063}\x{305F}\x{5FC3}\x{6301}\x{3061}\x{306B}\x{306A}\x{308C}\x{308B}\x{3002}"
          RenderRuby (inline) {RUBY} at (0,0) size 18x24
            RenderRubyRun (anonymous) at (1591,302.13) size 24x27.20
              RenderRubyText {RT} at (-9,0) size 14x27.20
                RenderText {#text} at (2,0) size 10x28
                  text run at (2,0) width 28: "\x{3072}\x{3068}\x{308A}"
              RenderRubyBase (anonymous) at (0,0) size 24x27.20
                RenderInline {RB} at (0,0) size 18x17
                  RenderText {#text} at (3,5) size 18x17
                    text run at (3,5) width 17: "\x{72EC}"
          RenderRuby (inline) {RUBY} at (0,0) size 18x88
            RenderRubyRun (anonymous) at (1591,329.33) size 24x90.64
              RenderRubyText {RT} at (-9,0) size 14x90.64
                RenderText {#text} at (2,0) size 10x91
                  text run at (2,0) width 91: "\x{3086}\x{3046}\x{3053}\x{3046}\x{306E}\x{3046}\x{3061}\x{306B}\x{3056}\x{3057}"
              RenderRubyBase (anonymous) at (0,0) size 24x90.64
                RenderInline {RB} at (0,0) size 18x84
                  RenderText {#text} at (3,3) size 18x84
                    text run at (3,3) width 84: "\x{5750}\x{5E7D}\x{7BC1}\x{88CF}"
          RenderText {#text} at (1594,416) size 18x18
            text run at (1594,416) width 17: "\x{3001}"
          RenderRuby (inline) {RUBY} at (0,0) size 18x60
            RenderRubyRun (anonymous) at (1591,429.08) size 24x63.45
              RenderRubyText {RT} at (-9,0) size 14x63.45
                RenderText {#text} at (2,0) size 10x64
                  text run at (2,0) width 64: "\x{304D}\x{3093}\x{3092}\x{3060}\x{3093}\x{3058}\x{3066}"
              RenderRubyBase (anonymous) at (0,0) size 24x63.45
                RenderInline {RB} at (0,0) size 18x49
                  RenderText {#text} at (3,7) size 18x49
                    text run at (3,7) width 48: "\x{5F3E}\x{7434}"
          RenderRuby (inline) {RUBY} at (0,0) size 18x78
            RenderRubyRun (anonymous) at (1619,0) size 24x81.58
              RenderRubyText {RT} at (-9,0) size 14x81.58
                RenderText {#text} at (2,0) size 10x82
                  text run at (2,0) width 82: "\x{307E}\x{305F}\x{3061}\x{3087}\x{3046}\x{3057}\x{3087}\x{3046}\x{3059}"
              RenderRubyBase (anonymous) at (0,0) size 24x81.58
                RenderInline {RB} at (0,0) size 18x71
                  RenderText {#text} at (3,5) size 18x71
                    text run at (3,5) width 71: "\x{5FA9}\x{9577}\x{562F}"
          RenderText {#text} at (1622,77) size 18x17
            text run at (1622,77) width 17: "\x{3001}"
          RenderRuby (inline) {RUBY} at (0,0) size 18x36
            RenderRubyRun (anonymous) at (1619,92.69) size 24x36.27
              RenderRubyText {RT} at (-9,0) size 14x36.27
                RenderText {#text} at (2,0) size 10x37
                  text run at (2,0) width 37: "\x{3057}\x{3093}\x{308A}\x{3093}"
              RenderRubyBase (anonymous) at (0,0) size 24x36.27
                RenderInline {RB} at (0,0) size 18x34
                  RenderText {#text} at (3,1) size 18x34
                    text run at (3,1) width 34: "\x{6DF1}\x{6797}"
          RenderRuby (inline) {RUBY} at (0,0) size 18x50
            RenderRubyRun (anonymous) at (1619,128.95) size 24x48.34
              RenderRubyText {RT} at (-9,0) size 14x48.34
                RenderText {#text} at (2,0) size 10x48
                  text run at (2,0) width 48: "\x{3072}\x{3068}\x{3057}\x{3089}\x{305A}"
              RenderRubyBase (anonymous) at (0,0) size 24x48.34
                RenderInline {RB} at (0,0) size 18x49
                  RenderText {#text} at (3,0) size 18x49
                    text run at (3,0) width 49: "\x{4EBA}\x{4E0D}\x{77E5}"
          RenderText {#text} at (1622,177) size 18x17
            text run at (1622,177) width 17: "\x{3001}"
          RenderRuby (inline) {RUBY} at (0,0) size 18x69
            RenderRubyRun (anonymous) at (1619,189.41) size 24x72.52
              RenderRubyText {RT} at (-9,0) size 14x72.52
                RenderText {#text} at (2,0) size 10x73
                  text run at (2,0) width 73: "\x{3081}\x{3044}\x{3052}\x{3064}\x{304D}\x{305F}\x{308A}\x{3066}"
              RenderRubyBase (anonymous) at (0,0) size 24x72.52
                RenderInline {RB} at (0,0) size 18x65
                  RenderText {#text} at (3,4) size 18x65
                    text run at (3,4) width 65: "\x{660E}\x{6708}\x{6765}"
          RenderRuby (inline) {RUBY} at (0,0) size 18x44
            RenderRubyRun (anonymous) at (1619,261.92) size 24x45.33
              RenderRubyText {RT} at (-9,0) size 14x45.33
                RenderText {#text} at (2,0) size 10x46
                  text run at (2,0) width 46: "\x{3042}\x{3044}\x{3066}\x{3089}\x{3059}"
              RenderRubyBase (anonymous) at (0,0) size 24x45.33
                RenderInline {RB} at (0,0) size 18x39
                  RenderText {#text} at (3,3) size 18x39
                    text run at (3,3) width 39: "\x{76F8}\x{7167}"
          RenderText {#text} at (1622,304) size 18x162
            text run at (1622,304) width 162: "\x{3002}\x{305F}\x{3060}\x{4E8C}\x{5341}\x{5B57}\x{306E}\x{3046}\x{3061}\x{306B}"
          RenderRuby (inline) {RUBY} at (0,0) size 18x18
            RenderRubyRun (anonymous) at (1619,464.38) size 24x18.14
              RenderRubyText {RT} at (-9,0) size 14x18.14
                RenderText {#text} at (2,0) size 10x19
                  text run at (2,0) width 19: "\x{3086}\x{3046}"
              RenderRubyBase (anonymous) at (0,0) size 24x18.14
                RenderInline {RB} at (0,0) size 18x17
                  RenderText {#text} at (3,1) size 18x17
                    text run at (3,1) width 17: "\x{512A}"
          RenderText {#text} at (1622,482) size 18x17
            text run at (1622,482) width 17: "\x{306B}"
          RenderRuby (inline) {RUBY} at (0,0) size 18x54
            RenderRubyRun (anonymous) at (1647,0) size 24x54.39
              RenderRubyText {RT} at (-9,0) size 14x54.39
                RenderText {#text} at (2,0) size 10x55
                  text run at (2,0) width 55: "\x{3079}\x{3064}\x{3051}\x{3093}\x{3053}\x{3093}"
              RenderRubyBase (anonymous) at (0,0) size 24x54.39
                RenderInline {RB} at (0,0) size 18x52
                  RenderText {#text} at (3,1) size 18x52
                    text run at (3,1) width 52: "\x{5225}\x{4E7E}\x{5764}"
          RenderText {#text} at (1650,53) size 18x17
            text run at (1650,53) width 17: "\x{3092}"
          RenderRuby (inline) {RUBY} at (0,0) size 18x40
            RenderRubyRun (anonymous) at (1647,66.50) size 24x45.33
              RenderRubyText {RT} at (-9,0) size 14x45.33
                RenderText {#text} at (2,0) size 10x46
                  text run at (2,0) width 46: "\x{3053}\x{3093}\x{308A}\x{3085}\x{3046}"
              RenderRubyBase (anonymous) at (0,0) size 24x45.33
                RenderInline {RB} at (0,0) size 18x39
                  RenderText {#text} at (3,3) size 18x39
                    text run at (3,3) width 39: "\x{5EFA}\x{7ACB}"
          RenderText {#text} at (1650,108) size 18x162
            text run at (1650,108) width 162: "\x{3057}\x{3066}\x{3044}\x{308B}\x{3002}\x{3053}\x{306E}\x{4E7E}\x{5764}\x{306E}"
          RenderRuby (inline) {RUBY} at (0,0) size 18x34
            RenderRubyRun (anonymous) at (1647,269.94) size 24x32.23
              RenderRubyText {RT} at (-9,0) size 14x32.23
                RenderText {#text} at (2,0) size 10x32
                  text run at (2,0) width 31: "\x{304F}\x{3069}\x{304F}"
              RenderRubyBase (anonymous) at (0,0) size 24x32.23
                RenderInline {RB} at (0,0) size 18x33
                  RenderText {#text} at (3,0) size 18x33
                    text run at (3,0) width 33: "\x{529F}\x{5FB3}"
          RenderText {#text} at (1650,302) size 18x33
            text run at (1650,302) width 33: "\x{306F}\x{300C}"
          RenderRuby (inline) {RUBY} at (0,0) size 18x49
            RenderRubyRun (anonymous) at (1647,334.41) size 24x48.34
              RenderRubyText {RT} at (-9,0) size 14x48.34
                RenderText {#text} at (2,0) size 10x48
                  text run at (2,0) width 48: "\x{307B}\x{3068}\x{3068}\x{304E}\x{3059}"
              RenderRubyBase (anonymous) at (0,0) size 24x48.34
                RenderInline {RB} at (0,0) size 18x49
                  RenderText {#text} at (3,0) size 18x49
                    text run at (3,0) width 49: "\x{4E0D}\x{5982}\x{5E30}"
          RenderText {#text} at (1650,382) size 18x50
            text run at (1650,382) width 49: "\x{300D}\x{3084}\x{300C}"
          RenderRuby (inline) {RUBY} at (0,0) size 18x65
            RenderRubyRun (anonymous) at (1647,431.08) size 24x64.45
              RenderRubyText {RT} at (-9,0) size 14x64.45
                RenderText {#text} at (2,0) size 10x64
                  text run at (2,0) width 64: "\x{3053}\x{3093}\x{3058}\x{304D}\x{3084}\x{3057}\x{3083}"
              RenderRubyBase (anonymous) at (0,0) size 24x64.45
                RenderInline {RB} at (0,0) size 18x65
                  RenderText {#text} at (3,0) size 18x65
                    text run at (3,0) width 65: "\x{91D1}\x{8272}\x{591C}\x{53C9}"
          RenderText {#text} at (1674,0) size 46x500
            text run at (1674,0) width 500: "\x{300D}\x{306E}\x{529F}\x{5FB3}\x{3067}\x{306F}\x{306A}\x{3044}\x{3002}\x{6C7D}\x{8239}\x{3001}\x{6C7D}\x{8ECA}\x{3001}\x{6A29}\x{5229}\x{3001}\x{7FA9}\x{52D9}\x{3001}\x{9053}\x{5FB3}\x{3001}\x{793C}\x{7FA9}\x{3067}\x{75B2}\x{308C}\x{679C}\x{3066}"
            text run at (1702,0) width 17: "\x{305F}"
          RenderRuby (inline) {RUBY} at (0,0) size 18x18
            RenderRubyRun (anonymous) at (1699,15.11) size 24x18.14
              RenderRubyText {RT} at (-9,0) size 14x18.14
                RenderText {#text} at (2,0) size 10x19
                  text run at (2,0) width 19: "\x{306E}\x{3061}"
              RenderRubyBase (anonymous) at (0,0) size 24x18.14
                RenderInline {RB} at (0,0) size 18x17
                  RenderText {#text} at (3,1) size 18x17
                    text run at (3,1) width 17: "\x{5F8C}"
          RenderText {#text} at (1702,33) size 18x420
            text run at (1702,33) width 419: "\x{306B}\x{3001}\x{3059}\x{3079}\x{3066}\x{3092}\x{5FD8}\x{5374}\x{3057}\x{3066}\x{3050}\x{3063}\x{3059}\x{308A}\x{5BDD}\x{8FBC}\x{3080}\x{3088}\x{3046}\x{306A}\x{529F}\x{5FB3}\x{3067}\x{3042}\x{308B}\x{3002}"
          RenderBR {BR} at (1702,452) size 18x1
