layer at (0,0) size 800x600 clip at (0,0) size 785x600 scrollHeight 896
  RenderView at (0,0) size 800x600
layer at (0,0) size 785x896 backgroundClip at (0,0) size 785x600 clip at (0,0) size 785x600 outlineClip at (0,0) size 785x600
  RenderBlock {HTML} at (0,0) size 785x896.47
    RenderBody {BODY} at (8,8) size 769x868.47
      RenderBlock {P} at (0,0) size 769x20
        RenderText {#text} at (0,0) size 521x19
          text run at (0,0) width 521: "This test checks that text with text-overflow:ellipsis follows 'text-align: center' correctly."
      RenderBlock {P} at (0,36) size 769x20
        RenderText {#text} at (0,0) size 366x19
          text run at (0,0) width 366: "The text in all boxes should have the text centered in the box."
      RenderBlock {H3} at (0,74.72) size 769x21
        RenderText {#text} at (0,0) size 80x20
          text run at (0,0) width 80: "Single line"
      RenderBlock {H3} at (0,156.44) size 769x21
        RenderText {#text} at (0,0) size 76x20
          text run at (0,0) width 76: "Multi line"
      RenderBlock {H3} at (0,298.16) size 769x21
        RenderText {#text} at (0,0) size 220x20
          text run at (0,0) width 220: "Containing replaced content"
      RenderBlock {H3} at (0,389.88) size 769x21
        RenderText {#text} at (0,0) size 378x20
          text run at (0,0) width 378: "Containing replaced content blocking the ellipsis"
      RenderBlock {H3} at (0,481.59) size 769x21
        RenderText {#text} at (0,0) size 190x20
          text run at (0,0) width 190: "Right-To-Left single line"
      RenderBlock {H3} at (0,563.31) size 769x21
        RenderText {#text} at (0,0) size 189x20
          text run at (0,0) width 189: "Right-To-Left Multi line"
      RenderBlock {H3} at (0,705.03) size 769x21
        RenderText {#text} at (0,0) size 328x20
          text run at (0,0) width 328: "Right-To-Left containing replaced content"
      RenderBlock {H3} at (0,796.75) size 769x21
        RenderText {#text} at (0,0) size 486x20
          text run at (0,0) width 486: "Right-To-Left containing replaced content blocking the ellipsis"
layer at (8,122) size 310x22 clip at (9,123) size 308x20 scrollWidth 684
  RenderBlock {DIV} at (0,114.44) size 310x22 [border: (1px solid #000000)]
    RenderText {#text} at (1,1) size 684x19
      text run at (1,1) width 684: "Lorem ipsum dolor sit amet, consectetur adipiscing elit. Vivamus vitae eros non libero faucibus sagittis sed ut eros."
layer at (8,204) size 310x82 clip at (9,205) size 308x80 scrollWidth 684
  RenderBlock {DIV} at (0,196.16) size 310x82 [border: (1px solid #000000)]
    RenderText {#text} at (1,1) size 684x19
      text run at (1,1) width 684: "Lorem ipsum dolor sit amet, consectetur adipiscing elit. Vivamus vitae eros non libero faucibus sagittis sed ut eros."
    RenderBR {BR} at (0,0) size 0x0
    RenderText {#text} at (2,21) size 675x19
      text run at (2,21) width 675: "orem ipsum dolor sit amet, consectetur adipiscing elit. Vivamus vitae eros non libero faucibus sagittis sed ut eros."
    RenderBR {BR} at (0,0) size 0x0
    RenderText {#text} at (3,41) size 666x19
      text run at (3,41) width 666: "rem ipsum dolor sit amet, consectetur adipiscing elit. Vivamus vitae eros non libero faucibus sagittis sed ut eros."
    RenderBR {BR} at (0,0) size 0x0
    RenderText {#text} at (3,61) size 662x19
      text run at (3,61) width 662: "em ipsum dolor sit amet, consectetur adipiscing elit. Vivamus vitae eros non libero faucibus sagittis sed ut eros."
    RenderBR {BR} at (0,0) size 0x0
layer at (8,346) size 310x32 clip at (9,347) size 308x30 scrollWidth 713
  RenderBlock {DIV} at (0,337.88) size 310x32 [border: (1px solid #000000)]
    RenderText {#text} at (2,11) size 173x19
      text run at (2,11) width 173: "Lorem ipsum dolor sit amet, "
    RenderImage {IMG} at (175,1) size 25x25
    RenderText {#text} at (200,11) size 514x19
      text run at (200,11) width 514: " consectetur adipiscing elit. Vivamus vitae eros non libero faucibus sagittis sed ut eros."
layer at (8,438) size 310x32 clip at (9,439) size 308x30 scrollWidth 710
  RenderBlock {DIV} at (0,429.59) size 310x32 [border: (1px solid #000000)]
    RenderText {#text} at (2,11) size 262x19
      text run at (2,11) width 262: "Lorem ipsum dolor sit amet, consectetur ad"
    RenderImage {IMG} at (263.50,1) size 25x25
    RenderText {#text} at (288,11) size 423x19
      text run at (288,11) width 423: "ipiscing elit. Vivamus vitae eros non libero faucibus sagittis sed ut eros."
layer at (8,529) size 310x22 clip at (9,530) size 308x20 scrollX 375.00 scrollWidth 684
  RenderBlock {DIV} at (0,521.31) size 310x22 [border: (1px solid #000000)]
    RenderText {#text} at (-374,1) size 684x19
      text run at (-374,1) width 683 RTL override: "Lorem ipsum dolor sit amet, consectetur adipiscing elit. Vivamus vitae eros non libero faucibus sagittis sed ut eros."
layer at (8,611) size 310x82 backgroundClip at (0,0) size 0x0 clip at (0,0) size 0x0 outlineClip at (0,0) size 785x600 scrollX 375.00 scrollWidth 684
  RenderBlock {DIV} at (0,603.03) size 310x82 [border: (1px solid #000000)]
    RenderText {#text} at (-374,1) size 684x19
      text run at (-374,1) width 683 RTL override: "Lorem ipsum dolor sit amet, consectetur adipiscing elit. Vivamus vitae eros non libero faucibus sagittis sed ut eros."
    RenderBR {BR} at (0,0) size 0x0
    RenderText {#text} at (-366,21) size 675x19
      text run at (-366,21) width 674 RTL override: "orem ipsum dolor sit amet, consectetur adipiscing elit. Vivamus vitae eros non libero faucibus sagittis sed ut eros."
    RenderBR {BR} at (0,0) size 0x0
    RenderText {#text} at (-359,41) size 666x19
      text run at (-359,41) width 666 RTL override: "rem ipsum dolor sit amet, consectetur adipiscing elit. Vivamus vitae eros non libero faucibus sagittis sed ut eros."
    RenderBR {BR} at (0,0) size 0x0
    RenderText {#text} at (-354,61) size 662x19
      text run at (-354,61) width 661 RTL override: "em ipsum dolor sit amet, consectetur adipiscing elit. Vivamus vitae eros non libero faucibus sagittis sed ut eros."
    RenderBR {BR} at (0,0) size 0x0
layer at (8,753) size 310x32 backgroundClip at (0,0) size 0x0 clip at (0,0) size 0x0 outlineClip at (0,0) size 785x600 scrollX 405.00 scrollWidth 713
  RenderBlock {DIV} at (0,744.75) size 310x32 [border: (1px solid #000000)]
    RenderText {#text} at (135,11) size 173x19
      text run at (135,11) width 173 RTL override: "Lorem ipsum dolor sit amet, "
    RenderImage {IMG} at (110,1) size 25x25
    RenderText {#text} at (-404,11) size 514x19
      text run at (-404,11) width 514 RTL override: " consectetur adipiscing elit. Vivamus vitae eros non libero faucibus sagittis sed ut eros."
layer at (8,844) size 310x32 backgroundClip at (0,0) size 0x0 clip at (0,0) size 0x0 outlineClip at (0,0) size 785x600 scrollX 401.00 scrollWidth 710
  RenderBlock {DIV} at (0,836.47) size 310x32 [border: (1px solid #000000)]
    RenderText {#text} at (46,11) size 262x19
      text run at (46,11) width 262 RTL override: "Lorem ipsum dolor sit amet, consectetur ad"
    RenderImage {IMG} at (21.50,1) size 25x25
    RenderText {#text} at (-400,11) size 423x19
      text run at (-400,11) width 422 RTL override: "ipiscing elit. Vivamus vitae eros non libero faucibus sagittis sed ut eros."
