layer at (0,0) size 800x600 clip at (0,0) size 785x600 scrollHeight 896
  RenderView at (0,0) size 800x600
layer at (0,0) size 785x896 backgroundClip at (0,0) size 785x600 clip at (0,0) size 785x600 outlineClip at (0,0) size 785x600
  RenderBlock {HTML} at (0,0) size 785x896.47
    RenderBody {BODY} at (8,8) size 769x868.47
      RenderBlock {P} at (0,0) size 769x20
        RenderText {#text} at (0,0) size 519x19
          text run at (0,0) width 519: "This test checks that text with text-overflow:ellipsis follows 'text-align: justify' correctly."
      RenderBlock {P} at (0,36) size 769x20
        RenderText {#text} at (0,0) size 758x19
          text run at (0,0) width 758: "LTR text should be aligned with the left hand side of their box. RTL text should be aligned with the right hand side of their box."
      RenderBlock {H3} at (0,74.72) size 769x21
        RenderText {#text} at (0,0) size 80x20
          text run at (0,0) width 80: "Single line"
      RenderBlock {H3} at (0,156.44) size 769x21
        RenderText {#text} at (0,0) size 76x20
          text run at (0,0) width 76: "Multi line"
      RenderBlock {H3} at (0,298.16) size 769x21
        RenderText {#text} at (0,0) size 220x20
          text run at (0,0) width 220: "Containing replaced content"
      RenderBlock {H3} at (0,389.88) size 769x21
        RenderText {#text} at (0,0) size 378x20
          text run at (0,0) width 378: "Containing replaced content blocking the ellipsis"
      RenderBlock {H3} at (0,481.59) size 769x21
        RenderText {#text} at (0,0) size 190x20
          text run at (0,0) width 190: "Right-To-Left single line"
      RenderBlock {H3} at (0,563.31) size 769x21
        RenderText {#text} at (0,0) size 189x20
          text run at (0,0) width 189: "Right-To-Left Multi line"
      RenderBlock {H3} at (0,705.03) size 769x21
        RenderText {#text} at (0,0) size 328x20
          text run at (0,0) width 328: "Right-To-Left containing replaced content"
      RenderBlock {H3} at (0,796.75) size 769x21
        RenderText {#text} at (0,0) size 486x20
          text run at (0,0) width 486: "Right-To-Left containing replaced content blocking the ellipsis"
layer at (8,122) size 310x22 clip at (9,123) size 308x20 scrollWidth 683
  RenderBlock {DIV} at (0,114.44) size 310x22 [border: (1px solid #000000)]
    RenderText {#text} at (1,1) size 683x19
      text run at (1,1) width 683: "Lorem ipsum dolor sit amet, consectetur adipiscing elit. Vivamus vitae eros non libero faucibus sagittis sed ut eros."
layer at (8,204) size 310x82 clip at (9,205) size 308x80 scrollWidth 683
  RenderBlock {DIV} at (0,196.16) size 310x82 [border: (1px solid #000000)]
    RenderText {#text} at (1,1) size 683x19
      text run at (1,1) width 683: "Lorem ipsum dolor sit amet, consectetur adipiscing elit. Vivamus vitae eros non libero faucibus sagittis sed ut eros."
    RenderBR {BR} at (0,0) size 0x0
    RenderText {#text} at (1,21) size 674x19
      text run at (1,21) width 674: "orem ipsum dolor sit amet, consectetur adipiscing elit. Vivamus vitae eros non libero faucibus sagittis sed ut eros."
    RenderBR {BR} at (0,0) size 0x0
    RenderText {#text} at (1,41) size 666x19
      text run at (1,41) width 666: "rem ipsum dolor sit amet, consectetur adipiscing elit. Vivamus vitae eros non libero faucibus sagittis sed ut eros."
    RenderBR {BR} at (0,0) size 0x0
    RenderText {#text} at (1,61) size 661x19
      text run at (1,61) width 661: "em ipsum dolor sit amet, consectetur adipiscing elit. Vivamus vitae eros non libero faucibus sagittis sed ut eros."
    RenderBR {BR} at (0,0) size 0x0
layer at (8,346) size 310x32 clip at (9,347) size 308x30 scrollWidth 712
  RenderBlock {DIV} at (0,337.88) size 310x32 [border: (1px solid #000000)]
    RenderText {#text} at (1,11) size 173x19
      text run at (1,11) width 173: "Lorem ipsum dolor sit amet, "
    RenderImage {IMG} at (174,1) size 25x25
    RenderText {#text} at (199,11) size 514x19
      text run at (199,11) width 514: " consectetur adipiscing elit. Vivamus vitae eros non libero faucibus sagittis sed ut eros."
layer at (8,438) size 310x32 clip at (9,439) size 308x30 scrollWidth 708
  RenderBlock {DIV} at (0,429.59) size 310x32 [border: (1px solid #000000)]
    RenderText {#text} at (1,11) size 261x19
      text run at (1,11) width 261: "Lorem ipsum dolor sit amet, consectetur ad"
    RenderImage {IMG} at (262,1) size 25x25
    RenderText {#text} at (287,11) size 422x19
      text run at (287,11) width 422: "ipiscing elit. Vivamus vitae eros non libero faucibus sagittis sed ut eros."
layer at (8,529) size 310x22 clip at (9,530) size 308x20 scrollX 375.00 scrollWidth 683
  RenderBlock {DIV} at (0,521.31) size 310x22 [border: (1px solid #000000)]
    RenderText {#text} at (-374,1) size 683x19
      text run at (-374,1) width 683 RTL override: "Lorem ipsum dolor sit amet, consectetur adipiscing elit. Vivamus vitae eros non libero faucibus sagittis sed ut eros."
layer at (8,611) size 310x82 backgroundClip at (0,0) size 0x0 clip at (0,0) size 0x0 outlineClip at (0,0) size 785x600
  RenderBlock {DIV} at (0,603.03) size 310x82 [border: (1px solid #000000)]
    RenderText {#text} at (1,1) size 683x19
      text run at (1,1) width 683 RTL override: "Lorem ipsum dolor sit amet, consectetur adipiscing elit. Vivamus vitae eros non libero faucibus sagittis sed ut eros."
    RenderBR {BR} at (0,0) size 0x0
    RenderText {#text} at (1,21) size 674x19
      text run at (1,21) width 674 RTL override: "orem ipsum dolor sit amet, consectetur adipiscing elit. Vivamus vitae eros non libero faucibus sagittis sed ut eros."
    RenderBR {BR} at (0,0) size 0x0
    RenderText {#text} at (1,41) size 666x19
      text run at (1,41) width 666 RTL override: "rem ipsum dolor sit amet, consectetur adipiscing elit. Vivamus vitae eros non libero faucibus sagittis sed ut eros."
    RenderBR {BR} at (0,0) size 0x0
    RenderText {#text} at (1,61) size 661x19
      text run at (1,61) width 661 RTL override: "em ipsum dolor sit amet, consectetur adipiscing elit. Vivamus vitae eros non libero faucibus sagittis sed ut eros."
    RenderBR {BR} at (0,0) size 0x0
layer at (8,753) size 310x32 backgroundClip at (0,0) size 0x0 clip at (0,0) size 0x0 outlineClip at (0,0) size 785x600 scrollX 404.00 scrollWidth 712
  RenderBlock {DIV} at (0,744.75) size 310x32 [border: (1px solid #000000)]
    RenderText {#text} at (136,11) size 173x19
      text run at (136,11) width 173 RTL override: "Lorem ipsum dolor sit amet, "
    RenderImage {IMG} at (111,1) size 25x25
    RenderText {#text} at (-403,11) size 514x19
      text run at (-403,11) width 514 RTL override: " consectetur adipiscing elit. Vivamus vitae eros non libero faucibus sagittis sed ut eros."
layer at (8,844) size 310x32 backgroundClip at (0,0) size 0x0 clip at (0,0) size 0x0 outlineClip at (0,0) size 785x600 scrollX 400.00 scrollWidth 708
  RenderBlock {DIV} at (0,836.47) size 310x32 [border: (1px solid #000000)]
    RenderText {#text} at (48,11) size 261x19
      text run at (48,11) width 261 RTL override: "Lorem ipsum dolor sit amet, consectetur ad"
    RenderImage {IMG} at (23,1) size 25x25
    RenderText {#text} at (-399,11) size 422x19
      text run at (-399,11) width 422 RTL override: "ipiscing elit. Vivamus vitae eros non libero faucibus sagittis sed ut eros."
