layer at (0,0) size 800x600 clip at (0,0) size 785x600 scrollHeight 912
  RenderView at (0,0) size 800x600
layer at (0,0) size 785x912 backgroundClip at (0,0) size 785x600 clip at (0,0) size 785x600 outlineClip at (0,0) size 785x600
  RenderBlock {HTML} at (0,0) size 785x912
    RenderBody {BODY} at (8,8) size 769x896
      RenderBlock {CENTER} at (0,0) size 769x896
        RenderTable {TABLE} at (58,0) size 653x896 [bgcolor=#F6F6EF]
          RenderTableSection {TBODY} at (0,0) size 653x896
            RenderTableRow {TR} at (0,0) size 653x20
              RenderTableCell {TD} at (0,0) size 653x20 [bgcolor=#FF6600] [r=0 c=0 rs=1 cs=1]
                RenderTable {TABLE} at (0,0) size 653x20
                  RenderTableSection {TBODY} at (2,2) size 649x16
                    RenderTableRow {TR} at (0,0) size 649x16
                      RenderTableCell {TD} at (0,0) size 54x16 [r=0 c=0 rs=1 cs=1]
                        RenderText {#text} at (0,0) size 50x16
                          text run at (0,0) width 50: "[image]"
                      RenderTableCell {TD} at (54,0) size 546x16 [r=0 c=1 rs=1 cs=1]
                        RenderInline {SPAN} at (0,0) size 387x16
                          RenderText {#text} at (0,0) size 0x0
                          RenderInline {B} at (0,0) size 133x16
                            RenderText {#text} at (0,0) size 0x0
                            RenderInline {A} at (0,0) size 129x16 [color=#0000EE]
                              RenderText {#text} at (0,0) size 129x16
                                text run at (0,0) width 129: "Script Kiddy News"
                            RenderText {#text} at (129,0) size 4x16
                              text run at (129,0) width 4: " "
                          RenderText {#text} at (133,0) size 254x16
                            text run at (133,0) width 254: "new | comments | ask | jobs | submit"
                        RenderText {#text} at (0,0) size 0x0
                      RenderTableCell {TD} at (600,0) size 49x16 [r=0 c=2 rs=1 cs=1]
                        RenderInline {SPAN} at (0,0) size 30x16
                          RenderText {#text} at (15,0) size 30x16
                            text run at (15,0) width 30: "login"
                        RenderText {#text} at (0,0) size 0x0
            RenderTableRow {TR} at (0,20) size 653x10
            RenderTableRow {TR} at (0,30) size 653x848
              RenderTableCell {TD} at (0,30) size 653x848 [r=2 c=0 rs=1 cs=1]
                RenderTable {TABLE} at (0,0) size 402x58
                  RenderTableSection {TBODY} at (0,0) size 402x58
                    RenderTableRow {TR} at (0,2) size 402x18
                      RenderTableCell {TD} at (2,2) size 52x18 [r=0 c=0 rs=1 cs=1]
                        RenderBlock {CENTER} at (1,1) size 50x16
                          RenderText {#text} at (0,0) size 50x16
                            text run at (0,0) width 50: "[image]"
                      RenderTableCell {TD} at (56,2) size 344x18 [r=0 c=1 rs=1 cs=1]
                        RenderInline {A} at (0,0) size 196x16 [color=#0000EE]
                          RenderText {#text} at (1,1) size 196x16
                            text run at (1,1) width 196: "Chromium is the best browser"
                        RenderText {#text} at (197,1) size 5x16
                          text run at (197,1) width 5: " "
                        RenderInline {SPAN} at (0,0) size 141x16
                          RenderText {#text} at (202,1) size 141x16
                            text run at (202,1) width 141: "(google.com/chrome)"
                        RenderText {#text} at (0,0) size 0x0
                    RenderTableRow {TR} at (0,22) size 402x18
                      RenderTableCell {TD} at (2,30) size 52x2 [r=1 c=0 rs=1 cs=1]
                      RenderTableCell {TD} at (56,22) size 344x18 [r=1 c=1 rs=1 cs=1]
                        RenderInline {SPAN} at (0,0) size 69x16
                          RenderText {#text} at (1,1) size 69x16
                            text run at (1,1) width 69: "999 points"
                        RenderText {#text} at (70,1) size 26x16
                          text run at (70,1) width 26: " by "
                        RenderInline {A} at (0,0) size 21x16 [color=#0000EE]
                          RenderText {#text} at (96,1) size 21x16
                            text run at (96,1) width 21: "pdr"
                        RenderText {#text} at (117,1) size 188x16
                          text run at (117,1) width 88: " 4 hours ago "
                          text run at (205,1) width 100: "| 74 comments"
                    RenderTableRow {TR} at (0,42) size 402x10
                    RenderTableRow {TR} at (0,54) size 402x2
                      RenderTableCell {TD} at (2,54) size 52x2 [r=3 c=0 rs=1 cs=1]
                      RenderTableCell {TD} at (56,54) size 344x2 [r=3 c=1 rs=1 cs=1]
                RenderBlock (anonymous) at (0,58) size 653x32
                  RenderBR {BR} at (0,0) size 0x16
                  RenderBR {BR} at (0,16) size 0x16
                RenderTable {TABLE} at (0,90) size 653x726
                  RenderTableSection {TBODY} at (0,0) size 653x726
                    RenderTableRow {TR} at (0,2) size 653x378
                      RenderTableCell {TD} at (2,2) size 649x378 [r=0 c=0 rs=1 cs=1]
                        RenderTable {TABLE} at (1,1) size 647x376
                          RenderTableSection {TBODY} at (0,0) size 647x376
                            RenderTableRow {TR} at (0,2) size 647x372
                              RenderTableCell {TD} at (2,187) size 2x2 [r=0 c=0 rs=1 cs=1]
                              RenderTableCell {TD} at (6,2) size 52x18 [r=0 c=1 rs=1 cs=1]
                                RenderBlock {CENTER} at (1,1) size 50x16
                                  RenderText {#text} at (0,0) size 50x16
                                    text run at (0,0) width 50: "[image]"
                              RenderTableCell {TD} at (60,2) size 585x372 [r=0 c=2 rs=1 cs=1]
                                RenderBlock {DIV} at (1,3) size 583x32
                                  RenderInline {SPAN} at (0,0) size 416x32
                                    RenderText {#text} at (0,0) size 416x32
                                      text run at (0,0) width 350: "longcomment 3 hours ago "
                                      text run at (350,0) width 66: "| link"
                                  RenderText {#text} at (0,0) size 0x0
                                RenderBlock (anonymous) at (1,25) size 583x288
                                  RenderBR {BR} at (0,0) size 0x32
                                  RenderInline {SPAN} at (0,0) size 567x256
                                    RenderText {#text} at (0,0) size 0x0
                                    RenderInline {FONT} at (0,0) size 567x256
                                      RenderText {#text} at (0,32) size 567x256
                                        text run at (0,32) width 534: "Contrary to popular belief, blah blah blah"
                                        text run at (0,64) width 567: "blah blah blah blah blah blah blah blah blah"
                                        text run at (0,96) width 567: "blah blah blah blah blah blah blah blah blah"
                                        text run at (0,128) width 567: "blah blah blah blah blah blah blah blah blah"
                                        text run at (0,160) width 567: "blah blah blah blah blah blah blah blah blah"
                                        text run at (0,192) width 567: "blah blah blah blah blah blah blah blah blah"
                                        text run at (0,224) width 567: "blah blah blah blah blah blah blah blah blah"
                                        text run at (0,256) width 567: "blah blah blah blah blah blah blah blah blah"
                                    RenderText {#text} at (0,0) size 0x0
                                  RenderText {#text} at (0,0) size 0x0
                                RenderBlock {P} at (1,326) size 583x32
                                  RenderInline {FONT} at (0,0) size 64x32
                                    RenderText {#text} at (0,0) size 64x32
                                      text run at (0,0) width 64: "reply"
                                  RenderText {#text} at (0,0) size 0x0
                    RenderTableRow {TR} at (0,382) size 653x186
                      RenderTableCell {TD} at (2,382) size 649x186 [r=1 c=0 rs=1 cs=1]
                        RenderTable {TABLE} at (1,1) size 647x184
                          RenderTableSection {TBODY} at (0,0) size 647x184
                            RenderTableRow {TR} at (0,2) size 647x180
                              RenderTableCell {TD} at (2,91) size 322x2 [r=0 c=0 rs=1 cs=1]
                                RenderBlock {DIV} at (1,1) size 320x0
                              RenderTableCell {TD} at (326,2) size 52x18 [r=0 c=1 rs=1 cs=1]
                                RenderBlock {CENTER} at (1,1) size 50x16
                                  RenderText {#text} at (0,0) size 50x16
                                    text run at (0,0) width 50: "[image]"
                              RenderTableCell {TD} at (380,2) size 265x180 [r=0 c=2 rs=1 cs=1]
                                RenderBlock {DIV} at (1,3) size 263x64
                                  RenderInline {SPAN} at (0,0) size 235x64
                                    RenderText {#text} at (0,0) size 235x64
                                      text run at (0,0) width 191: "deepnested 37"
                                      text run at (0,32) width 169: "minutes ago "
                                      text run at (169,32) width 66: "| link"
                                  RenderText {#text} at (0,0) size 0x0
                                RenderBlock (anonymous) at (1,57) size 263x64
                                  RenderBR {BR} at (0,0) size 0x32
                                  RenderInline {SPAN} at (0,0) size 247x32
                                    RenderText {#text} at (0,0) size 0x0
                                    RenderInline {FONT} at (0,0) size 247x32
                                      RenderText {#text} at (0,32) size 247x32
                                        text run at (0,32) width 247: "Haskell is the best."
                                    RenderText {#text} at (0,0) size 0x0
                                  RenderText {#text} at (0,0) size 0x0
                                RenderBlock {P} at (1,134) size 263x32
                                  RenderInline {FONT} at (0,0) size 64x32
                                    RenderText {#text} at (0,0) size 64x32
                                      text run at (0,0) width 64: "reply"
                                  RenderText {#text} at (0,0) size 0x0
                    RenderTableRow {TR} at (0,570) size 653x154
                      RenderTableCell {TD} at (2,570) size 649x154 [r=2 c=0 rs=1 cs=1]
                        RenderTable {TABLE} at (1,1) size 532x152
                          RenderTableSection {TBODY} at (0,0) size 532x152
                            RenderTableRow {TR} at (0,2) size 532x148
                              RenderTableCell {TD} at (2,75) size 42x2 [r=0 c=0 rs=1 cs=1]
                                RenderBlock {DIV} at (1,1) size 40x0
                              RenderTableCell {TD} at (46,2) size 52x18 [r=0 c=1 rs=1 cs=1]
                                RenderBlock {CENTER} at (1,1) size 50x16
                                  RenderText {#text} at (0,0) size 50x16
                                    text run at (0,0) width 50: "[image]"
                              RenderTableCell {TD} at (100,2) size 430x148 [r=0 c=2 rs=1 cs=1]
                                RenderBlock {DIV} at (1,3) size 428x32
                                  RenderInline {SPAN} at (0,0) size 428x32
                                    RenderText {#text} at (0,0) size 428x32
                                      text run at (0,0) width 362: "shortcomment 4 hours ago "
                                      text run at (362,0) width 66: "| link"
                                  RenderText {#text} at (0,0) size 0x0
                                RenderBlock (anonymous) at (1,25) size 428x64
                                  RenderBR {BR} at (0,0) size 0x32
                                  RenderInline {SPAN} at (0,0) size 269x32
                                    RenderText {#text} at (0,0) size 0x0
                                    RenderInline {FONT} at (0,0) size 269x32
                                      RenderText {#text} at (0,32) size 269x32
                                        text run at (0,32) width 269: "PHP can do that too."
                                    RenderText {#text} at (0,0) size 0x0
                                  RenderText {#text} at (0,0) size 0x0
                                RenderBlock {P} at (1,102) size 428x32
                                  RenderInline {FONT} at (0,0) size 64x32
                                    RenderText {#text} at (0,0) size 64x32
                                      text run at (0,0) width 64: "reply"
                                  RenderText {#text} at (0,0) size 0x0
                RenderBlock (anonymous) at (0,816) size 653x32
                  RenderBR {BR} at (0,0) size 0x16
                  RenderBR {BR} at (0,16) size 0x16
            RenderTableRow {TR} at (0,878) size 653x18
              RenderTableCell {TD} at (0,878) size 653x18 [r=3 c=0 rs=1 cs=1]
                RenderTable {TABLE} at (0,0) size 653x2
                  RenderTableSection {TBODY} at (0,0) size 653x2
                    RenderTableRow {TR} at (0,0) size 653x2
                      RenderTableCell {TD} at (0,0) size 653x2 [bgcolor=#FF6600] [r=0 c=0 rs=1 cs=1]
                RenderBlock (anonymous) at (0,2) size 653x16
                  RenderBR {BR} at (0,0) size 0x16
