layer at (0,0) size 800x600
  RenderView at (0,0) size 800x600
layer at (0,0) size 800x308
  RenderBlock {html} at (0,0) size 800x307.70
    RenderBody {body} at (11.52,11.52) size 776.97x273.16
      RenderBlock (anonymous) at (0,0) size 776.97x52
        RenderText {#text} at (0,0) size 758x52
          text run at (0,0) width 357: "The two blocks should look identical. "
          text run at (357,0) width 401: "One uses an SVG, and the other just uses a"
          text run at (0,26) width 179: "normal HTML div."
      RenderBlock {p} at (0,75.03) size 776.97x26
        RenderText {#text} at (0,0) size 524x26
          text run at (0,0) width 524: "There should be a red, white and blue pattern below this"
      RenderSVGRoot {svg} at (25,149) size 202x202
        RenderSVGRect {rect} at (53,177) size 146x146 [fill={[type=SOLID] [color=#0000FF]}] [x=0.00] [y=0.00] [width=100.00] [height=100.00]
      RenderBlock {p} at (0,124.06) size 776.97x26
        RenderText {#text} at (0,0) size 523x26
          text run at (0,0) width 523: "There should be a red, white and blue pattern above this"
      RenderBlock {hr} at (0,173.09) size 776.97x2 [border: (1px inset #EEEEEE)]
      RenderBlock {p} at (0,198.13) size 776.97x26
        RenderText {#text} at (0,0) size 524x26
          text run at (0,0) width 524: "There should be a red, white and blue pattern below this"
      RenderBlock (floating) {div} at (14.39,261.55) size 200.80x200.80 [border: (14px solid #FF0000)]
        RenderBlock {div} at (28.39,28.39) size 144x144 [bgcolor=#0000FF]
      RenderBlock {p} at (0,247.16) size 776.97x26
        RenderText {#text} at (0,0) size 523x26
          text run at (0,0) width 523: "There should be a red, white and blue pattern above this"
