layer at (0,0) size 800x600
  RenderView at (0,0) size 800x600
layer at (0,0) size 800x600
  RenderBlock {HTML} at (0,0) size 800x600
    RenderBody {BODY} at (8,8) size 784x584
      RenderMenuList {SELECT} at (2,0) size 56x19 [bgcolor=#FFFFFF] [border: (1px solid #A9A9A9)]
        RenderBlock (anonymous) at (1,1) size 54x17
          RenderText at (4,1) size 31x15
            text run at (4,1) width 31: "Hello"
      RenderBlock (anonymous) at (0,21) size 784x18
        RenderText {#text} at (0,0) size 297x17
          text run at (0,0) width 297: "This text should be *below* the select widget."
