layer at (0,0) size 800x600
  RenderView at (0,0) size 800x600
layer at (0,0) size 800x600
  RenderBlock {HTML} at (0,0) size 800x600
    RenderBody {BODY} at (8,8) size 784x584
      RenderMenuList {SELECT} at (2,2) size 56x19 [bgcolor=#FFFFFF] [border: (1px solid #A9A9A9)]
        RenderBlock (anonymous) at (1,1) size 54x17
          RenderText at (4,1) size 31x15
            text run at (4,1) width 31: "Hello"
      RenderText {#text} at (60,2) size 4x17
        text run at (60,2) width 4: " "
      RenderMenuList {SELECT} at (66,2) size 80x19 [bgcolor=#FFFFFF] [border: (1px solid #A9A9A9)]
        RenderBlock (anonymous) at (1,1) size 78x17
          RenderText at (4,1) size 55x15
            text run at (4,1) width 55: "Goodbye"
      RenderText {#text} at (0,0) size 0x0
