layer at (0,0) size 800x600
  RenderView at (0,0) size 800x600
layer at (0,0) size 800x366
  RenderBlock {HTML} at (0,0) size 800x366
    RenderBody {BODY} at (8,8) size 784x350
      RenderBlock (anonymous) at (0,0) size 784x72
        RenderText {#text} at (0,0) size 548x17
          text run at (0,0) width 548: "Tests for basic button rendering. Creates a table with seven columns and seven rows. "
        RenderBR {BR} at (547,0) size 1x17
        RenderText {#text} at (0,18) size 521x17
          text run at (0,18) width 521: "Creates two different types of buttons, one with an image (a red dot) and another "
        RenderBR {BR} at (520,18) size 1x17
        RenderText {#text} at (0,36) size 662x17
          text run at (0,36) width 662: "with text (\"foo\") and then uses six different paddings to make sure each of the buttons render properly. "
        RenderBR {BR} at (661,36) size 1x17
        RenderBR {BR} at (0,54) size 0x17
      RenderTable {TABLE} at (0,72) size 697x278
        RenderTableSection {TBODY} at (0,0) size 697x278
          RenderTableRow {TR} at (0,0) size 697x20
            RenderTableCell {TD} at (0,0) size 170x20 [r=0 c=0 rs=1 cs=1]
              RenderText {#text} at (1,1) size 44x17
                text run at (1,1) width 44: "styling"
            RenderTableCell {TD} at (170,0) size 61x20 [r=0 c=1 rs=1 cs=1]
              RenderText {#text} at (1,1) size 59x17
                text run at (1,1) width 59: "<button>"
            RenderTableCell {TD} at (231,0) size 161x20 [r=0 c=2 rs=1 cs=1]
              RenderText {#text} at (1,1) size 159x17
                text run at (1,1) width 159: "(offsetH,W) (clientH,W)"
            RenderTableCell {TD} at (392,0) size 135x20 [r=0 c=3 rs=1 cs=1]
              RenderText {#text} at (1,1) size 133x17
                text run at (1,1) width 133: "<input type=button>"
            RenderTableCell {TD} at (527,0) size 170x20 [r=0 c=4 rs=1 cs=1]
              RenderText {#text} at (1,1) size 168x17
                text run at (1,1) width 168: "(offsetH,W) (clientH, -W)"
          RenderTableRow {TR} at (0,20) size 697x27
            RenderTableCell {TD} at (0,23) size 170x20 [r=1 c=0 rs=1 cs=1]
              RenderText {#text} at (1,1) size 56x17
                text run at (1,1) width 56: "(default)"
            RenderTableCell {TD} at (170,20) size 61x27 [r=1 c=1 rs=1 cs=1]
              RenderButton {BUTTON} at (3,3) size 26x21 [bgcolor=#C0C0C0] [border: (2px outset #C0C0C0)]
                RenderBlock (anonymous) at (8,3) size 10x15
                  RenderImage {IMG} at (0,2) size 10x10
            RenderTableCell {TD} at (231,23) size 161x20 [r=1 c=2 rs=1 cs=1]
              RenderText {#text} at (1,1) size 106x17
                text run at (1,1) width 106: "(21, 26) (17, 22)"
            RenderTableCell {TD} at (392,20) size 135x27 [r=1 c=3 rs=1 cs=1]
              RenderButton {INPUT} at (3,3) size 34.53x21 [bgcolor=#C0C0C0] [border: (2px outset #C0C0C0)]
                RenderBlock (anonymous) at (8,3) size 18.53x15
                  RenderText {#text} at (0,0) size 19x15
                    text run at (0,0) width 19: "foo"
            RenderTableCell {TD} at (527,23) size 170x20 [r=1 c=4 rs=1 cs=1]
              RenderText {#text} at (1,1) size 106x17
                text run at (1,1) width 106: "(21, 35) (17, 31)"
          RenderTableRow {TR} at (0,47) size 697x25
            RenderTableCell {TD} at (0,49) size 170x20 [r=2 c=0 rs=1 cs=1]
              RenderText {#text} at (1,1) size 68x17
                text run at (1,1) width 68: "padding: 0"
            RenderTableCell {TD} at (170,47) size 61x25 [r=2 c=1 rs=1 cs=1]
              RenderButton {BUTTON} at (3,3) size 14x19 [bgcolor=#C0C0C0] [border: (2px outset #C0C0C0)]
                RenderBlock (anonymous) at (2,2) size 10x15
                  RenderImage {IMG} at (0,2) size 10x10
            RenderTableCell {TD} at (231,49) size 161x20 [r=2 c=2 rs=1 cs=1]
              RenderText {#text} at (1,1) size 106x17
                text run at (1,1) width 106: "(19, 14) (15, 10)"
            RenderTableCell {TD} at (392,47) size 135x25 [r=2 c=3 rs=1 cs=1]
              RenderButton {INPUT} at (3,3) size 22.53x19 [bgcolor=#C0C0C0] [border: (2px outset #C0C0C0)]
                RenderBlock (anonymous) at (2,2) size 18.53x15
                  RenderText {#text} at (0,0) size 19x15
                    text run at (0,0) width 19: "foo"
            RenderTableCell {TD} at (527,49) size 170x20 [r=2 c=4 rs=1 cs=1]
              RenderText {#text} at (1,1) size 106x17
                text run at (1,1) width 106: "(19, 23) (15, 19)"
          RenderTableRow {TR} at (0,72) size 697x51
            RenderTableCell {TD} at (0,87) size 170x20 [r=3 c=0 rs=1 cs=1]
              RenderText {#text} at (1,1) size 90x17
                text run at (1,1) width 90: "padding: 10%"
            RenderTableCell {TD} at (170,79) size 61x36 [r=3 c=1 rs=1 cs=1]
              RenderButton {BUTTON} at (3,3) size 25.78x30.78 [bgcolor=#C0C0C0] [border: (2px outset #C0C0C0)]
                RenderBlock (anonymous) at (7.89,7.89) size 10x15
                  RenderImage {IMG} at (0,2) size 10x10
            RenderTableCell {TD} at (231,87) size 161x20 [r=3 c=2 rs=1 cs=1]
              RenderText {#text} at (1,1) size 106x17
                text run at (1,1) width 106: "(31, 26) (27, 22)"
            RenderTableCell {TD} at (392,72) size 135x51 [r=3 c=3 rs=1 cs=1]
              RenderButton {INPUT} at (3,3) size 49.13x45.59 [bgcolor=#C0C0C0] [border: (2px outset #C0C0C0)]
                RenderBlock (anonymous) at (15.30,15.30) size 18.53x15
                  RenderText {#text} at (0,0) size 19x15
                    text run at (0,0) width 19: "foo"
            RenderTableCell {TD} at (527,87) size 170x20 [r=3 c=4 rs=1 cs=1]
              RenderText {#text} at (1,1) size 106x17
                text run at (1,1) width 106: "(46, 49) (42, 45)"
          RenderTableRow {TR} at (0,123) size 697x29
            RenderTableCell {TD} at (0,127) size 170x20 [r=4 c=0 rs=1 cs=1]
              RenderText {#text} at (1,1) size 84x17
                text run at (1,1) width 84: "padding: 2px"
            RenderTableCell {TD} at (170,123) size 61x29 [r=4 c=1 rs=1 cs=1]
              RenderButton {BUTTON} at (3,3) size 18x23 [bgcolor=#C0C0C0] [border: (2px outset #C0C0C0)]
                RenderBlock (anonymous) at (4,4) size 10x15
                  RenderImage {IMG} at (0,2) size 10x10
            RenderTableCell {TD} at (231,127) size 161x20 [r=4 c=2 rs=1 cs=1]
              RenderText {#text} at (1,1) size 106x17
                text run at (1,1) width 106: "(23, 18) (19, 14)"
            RenderTableCell {TD} at (392,123) size 135x29 [r=4 c=3 rs=1 cs=1]
              RenderButton {INPUT} at (3,3) size 26.53x23 [bgcolor=#C0C0C0] [border: (2px outset #C0C0C0)]
                RenderBlock (anonymous) at (4,4) size 18.53x15
                  RenderText {#text} at (0,0) size 19x15
                    text run at (0,0) width 19: "foo"
            RenderTableCell {TD} at (527,127) size 170x20 [r=4 c=4 rs=1 cs=1]
              RenderText {#text} at (1,1) size 106x17
                text run at (1,1) width 106: "(23, 27) (19, 23)"
          RenderTableRow {TR} at (0,152) size 697x30
            RenderTableCell {TD} at (0,157) size 170x20 [r=5 c=0 rs=1 cs=1]
              RenderText {#text} at (1,1) size 168x17
                text run at (1,1) width 168: "padding: 2px 6px 3px 6px"
            RenderTableCell {TD} at (170,152) size 61x30 [r=5 c=1 rs=1 cs=1]
              RenderButton {BUTTON} at (3,3) size 26x24 [bgcolor=#C0C0C0] [border: (2px outset #C0C0C0)]
                RenderBlock (anonymous) at (8,4) size 10x15
                  RenderImage {IMG} at (0,2) size 10x10
            RenderTableCell {TD} at (231,157) size 161x20 [r=5 c=2 rs=1 cs=1]
              RenderText {#text} at (1,1) size 106x17
                text run at (1,1) width 106: "(24, 26) (20, 22)"
            RenderTableCell {TD} at (392,152) size 135x30 [r=5 c=3 rs=1 cs=1]
              RenderButton {INPUT} at (3,3) size 34.53x24 [bgcolor=#C0C0C0] [border: (2px outset #C0C0C0)]
                RenderBlock (anonymous) at (8,4) size 18.53x15
                  RenderText {#text} at (0,0) size 19x15
                    text run at (0,0) width 19: "foo"
            RenderTableCell {TD} at (527,157) size 170x20 [r=5 c=4 rs=1 cs=1]
              RenderText {#text} at (1,1) size 106x17
                text run at (1,1) width 106: "(24, 35) (20, 31)"
          RenderTableRow {TR} at (0,182) size 697x31
            RenderTableCell {TD} at (0,187) size 170x20 [r=6 c=0 rs=1 cs=1]
              RenderText {#text} at (1,1) size 112x17
                text run at (1,1) width 112: "padding: 3px 7px"
            RenderTableCell {TD} at (170,182) size 61x31 [r=6 c=1 rs=1 cs=1]
              RenderButton {BUTTON} at (3,3) size 28x25 [bgcolor=#C0C0C0] [border: (2px outset #C0C0C0)]
                RenderBlock (anonymous) at (9,5) size 10x15
                  RenderImage {IMG} at (0,2) size 10x10
            RenderTableCell {TD} at (231,187) size 161x20 [r=6 c=2 rs=1 cs=1]
              RenderText {#text} at (1,1) size 106x17
                text run at (1,1) width 106: "(25, 28) (21, 24)"
            RenderTableCell {TD} at (392,182) size 135x31 [r=6 c=3 rs=1 cs=1]
              RenderButton {INPUT} at (3,3) size 36.53x25 [bgcolor=#C0C0C0] [border: (2px outset #C0C0C0)]
                RenderBlock (anonymous) at (9,5) size 18.53x15
                  RenderText {#text} at (0,0) size 19x15
                    text run at (0,0) width 19: "foo"
            RenderTableCell {TD} at (527,187) size 170x20 [r=6 c=4 rs=1 cs=1]
              RenderText {#text} at (1,1) size 106x17
                text run at (1,1) width 106: "(25, 37) (21, 33)"
          RenderTableRow {TR} at (0,213) size 697x65
            RenderTableCell {TD} at (0,235) size 170x20 [r=7 c=0 rs=1 cs=1]
              RenderText {#text} at (1,1) size 92x17
                text run at (1,1) width 92: "padding: 20px"
            RenderTableCell {TD} at (170,213) size 61x65 [r=7 c=1 rs=1 cs=1]
              RenderButton {BUTTON} at (3,3) size 54x59 [bgcolor=#C0C0C0] [border: (2px outset #C0C0C0)]
                RenderBlock (anonymous) at (22,22) size 10x15
                  RenderImage {IMG} at (0,2) size 10x10
            RenderTableCell {TD} at (231,235) size 161x20 [r=7 c=2 rs=1 cs=1]
              RenderText {#text} at (1,1) size 106x17
                text run at (1,1) width 106: "(59, 54) (55, 50)"
            RenderTableCell {TD} at (392,213) size 135x65 [r=7 c=3 rs=1 cs=1]
              RenderButton {INPUT} at (3,3) size 62.53x59 [bgcolor=#C0C0C0] [border: (2px outset #C0C0C0)]
                RenderBlock (anonymous) at (22,22) size 18.53x15
                  RenderText {#text} at (0,0) size 19x15
                    text run at (0,0) width 19: "foo"
            RenderTableCell {TD} at (527,235) size 170x20 [r=7 c=4 rs=1 cs=1]
              RenderText {#text} at (1,1) size 106x17
                text run at (1,1) width 106: "(59, 63) (55, 59)"
