layer at (0,0) size 785x1602
  RenderView at (0,0) size 785x600
layer at (0,0) size 785x1602
  RenderBlock {HTML} at (0,0) size 785x1602
    RenderBody {BODY} at (0,0) size 785x1602
      RenderText {#text} at (0,0) size 0x0
layer at (0,0) size 785x824
  RenderPartObject {IFRAME} at (0,0) size 785x824
    layer at (0,0) size 785x824
      RenderView at (0,0) size 785x824
    layer at (0,0) size 785x824
      RenderBlock {HTML} at (0,0) size 785x824
        RenderBody {BODY} at (0,5) size 785x819
          RenderBlock {DIV} at (0,0) size 785x18
            RenderText {#text} at (0,0) size 196x17
              text run at (0,0) width 196: "CompatMode: CSS1Compat"
          RenderBlock (anonymous) at (0,23) size 785x796
            RenderBlock {DIV} at (0,31) size 183x57 [border: (1px solid #0000FF)]
              RenderBlock {SPAN} at (1,12) size 80x0
              RenderBR {BR} at (81,1) size 0x14
            RenderBlock {DIV} at (183,31) size 183x57 [border: (1px solid #0000FF)]
              RenderBlock {SPAN} at (1,1) size 80x15
                RenderText {#text} at (0,0) size 78x14
                  text run at (0,0) width 78: "disabled: \"true\","
              RenderBR {BR} at (81,1) size 0x14
            RenderBlock {DIV} at (366,0) size 199x88 [border: (1px solid #0000FF)]
              RenderBlock {SPAN} at (1,1) size 80x30
                RenderText {#text} at (0,0) size 79x29
                  text run at (0,0) width 26: "style:"
                  text run at (0,15) width 79: "\"padding:10px\","
              RenderBR {BR} at (81,16) size 0x14
            RenderBlock {DIV} at (565,20) size 179x68 [border: (1px solid #0000FF)]
              RenderBlock {SPAN} at (1,1) size 80x30
                RenderText {#text} at (0,0) size 73x29
                  text run at (0,0) width 26: "style:"
                  text run at (0,15) width 73: "\"padding:0px\","
              RenderBR {BR} at (81,16) size 0x14
            RenderBlock {DIV} at (0,119) size 203x92 [border: (1px solid #0000FF)]
              RenderBlock {SPAN} at (1,1) size 80x30
                RenderText {#text} at (0,0) size 75x29
                  text run at (0,0) width 26: "style:"
                  text run at (0,15) width 75: "\"margin:10px\","
              RenderBR {BR} at (81,16) size 0x14
            RenderBlock {DIV} at (203,139) size 183x72 [border: (1px solid #0000FF)]
              RenderBlock {SPAN} at (1,1) size 80x30
                RenderText {#text} at (0,0) size 69x29
                  text run at (0,0) width 26: "style:"
                  text run at (0,15) width 69: "\"margin:0px\","
              RenderBR {BR} at (81,16) size 0x14
            RenderBlock {DIV} at (386,139) size 82x72 [border: (1px solid #0000FF)]
              RenderBlock {SPAN} at (1,1) size 80x30
                RenderText {#text} at (0,0) size 68x29
                  text run at (0,0) width 26: "style:"
                  text run at (0,15) width 68: "\"width:60px\","
              RenderBR {BR} at (81,16) size 0x14
            RenderBlock {DIV} at (468,88) size 104x123 [border: (1px solid #0000FF)]
              RenderBlock {SPAN} at (1,1) size 80x45
                RenderText {#text} at (0,0) size 74x44
                  text run at (0,0) width 26: "style:"
                  text run at (0,15) width 63: "\"width:60px;"
                  text run at (0,30) width 74: "padding:20px\","
              RenderBR {BR} at (81,31) size 0x14
            RenderBlock {DIV} at (572,128) size 82x83 [border: (1px solid #0000FF)]
              RenderBlock {SPAN} at (1,1) size 80x45
                RenderText {#text} at (0,0) size 63x44
                  text run at (0,0) width 26: "style:"
                  text run at (0,15) width 63: "\"width:60px;"
                  text run at (0,30) width 56: "padding:0\","
              RenderBR {BR} at (81,31) size 0x14
            RenderBlock {DIV} at (0,241) size 183x102 [border: (1px solid #0000FF)]
              RenderBlock {SPAN} at (1,1) size 80x30
                RenderText {#text} at (0,0) size 71x29
                  text run at (0,0) width 26: "style:"
                  text run at (0,15) width 71: "\"height:60px\","
              RenderBR {BR} at (81,16) size 0x14
            RenderBlock {DIV} at (183,226) size 82x117 [border: (1px solid #0000FF)]
              RenderBlock {SPAN} at (1,1) size 80x45
                RenderText {#text} at (0,0) size 66x44
                  text run at (0,0) width 26: "style:"
                  text run at (0,15) width 63: "\"width:60px;"
                  text run at (0,30) width 66: "height:60px\","
              RenderBR {BR} at (81,31) size 0x14
            RenderBlock {DIV} at (265,271) size 183x72 [border: (1px solid #0000FF)]
              RenderBlock {SPAN} at (1,1) size 80x30
                RenderText {#text} at (0,0) size 93x29
                  text run at (0,0) width 26: "style:"
                  text run at (0,15) width 93: "\"overflow:hidden\","
              RenderBR {BR} at (81,16) size 0x14
            RenderBlock {DIV} at (448,256) size 183x87 [border: (1px solid #0000FF)]
              RenderBlock {SPAN} at (1,1) size 80x30
                RenderText {#text} at (0,0) size 87x29
                  text run at (0,0) width 26: "style:"
                  text run at (0,15) width 87: "\"overflow:scroll\","
              RenderBR {BR} at (81,16) size 0x14
            RenderBlock {DIV} at (631,211) size 82x132 [border: (1px solid #0000FF)]
              RenderBlock {SPAN} at (1,1) size 80x60
                RenderText {#text} at (0,0) size 88x59
                  text run at (0,0) width 26: "style:"
                  text run at (0,15) width 88: "\"overflow:hidden;"
                  text run at (0,30) width 59: "width:60px;"
                  text run at (0,45) width 66: "height:60px\","
              RenderBR {BR} at (81,46) size 0x14
            RenderBlock {DIV} at (0,343) size 82x132 [border: (1px solid #0000FF)]
              RenderBlock {SPAN} at (1,1) size 80x60
                RenderText {#text} at (0,0) size 82x59
                  text run at (0,0) width 26: "style:"
                  text run at (0,15) width 82: "\"overflow:scroll;"
                  text run at (0,30) width 59: "width:60px;"
                  text run at (0,45) width 66: "height:60px\","
              RenderBR {BR} at (81,46) size 0x14
            RenderBlock {DIV} at (82,358) size 82x117 [border: (1px solid #0000FF)]
              RenderBlock {SPAN} at (1,1) size 80x45
                RenderText {#text} at (0,0) size 74x44
                  text run at (0,0) width 74: "cols: \"5\", style:"
                  text run at (0,15) width 63: "\"width:60px;"
                  text run at (0,30) width 66: "height:60px\","
              RenderBR {BR} at (81,31) size 0x14
            RenderBlock {DIV} at (164,358) size 82x117 [border: (1px solid #0000FF)]
              RenderBlock {SPAN} at (1,1) size 80x45
                RenderText {#text} at (0,0) size 78x44
                  text run at (0,0) width 78: "rows: \"4\", style:"
                  text run at (0,15) width 63: "\"width:60px;"
                  text run at (0,30) width 66: "height:60px\","
              RenderBR {BR} at (81,31) size 0x14
            RenderBlock {DIV} at (246,343) size 82x132 [border: (1px solid #0000FF)]
              RenderBlock {SPAN} at (1,1) size 80x60
                RenderText {#text} at (0,0) size 75x59
                  text run at (0,0) width 75: "cols: \"5\", rows:"
                  text run at (0,15) width 48: "\"4\", style:"
                  text run at (0,30) width 63: "\"width:60px;"
                  text run at (0,45) width 66: "height:60px\","
              RenderBR {BR} at (81,46) size 0x14
            RenderBlock {DIV} at (328,418) size 82x57 [border: (1px solid #0000FF)]
              RenderBlock {SPAN} at (1,1) size 80x15
                RenderText {#text} at (0,0) size 45x14
                  text run at (0,0) width 45: "cols: \"3\","
              RenderBR {BR} at (81,1) size 0x14
            RenderBlock {DIV} at (410,403) size 183x72 [border: (1px solid #0000FF)]
              RenderBlock {SPAN} at (1,1) size 80x15
                RenderText {#text} at (0,0) size 49x14
                  text run at (0,0) width 49: "rows: \"3\","
              RenderBR {BR} at (81,1) size 0x14
            RenderBlock {DIV} at (593,418) size 82x57 [border: (1px solid #0000FF)]
              RenderBlock {SPAN} at (1,1) size 80x15
                RenderText {#text} at (0,0) size 45x14
                  text run at (0,0) width 45: "cols: \"7\","
              RenderBR {BR} at (81,1) size 0x14
            RenderBlock {DIV} at (0,475) size 183x132 [border: (1px solid #0000FF)]
              RenderBlock {SPAN} at (1,1) size 80x15
                RenderText {#text} at (0,0) size 49x14
                  text run at (0,0) width 49: "rows: \"7\","
              RenderBR {BR} at (81,1) size 0x14
            RenderBlock {DIV} at (183,505) size 82x102 [border: (1px solid #0000FF)]
              RenderBlock {SPAN} at (1,1) size 80x30
                RenderText {#text} at (0,0) size 75x29
                  text run at (0,0) width 75: "cols: \"5\", rows:"
                  text run at (0,15) width 19: "\"4\","
              RenderBR {BR} at (81,16) size 0x14
            RenderBlock {DIV} at (265,535) size 183x72 [border: (1px solid #0000FF)]
              RenderBlock {SPAN} at (1,1) size 80x15
                RenderText {#text} at (0,0) size 58x14
                  text run at (0,0) width 58: "wrap: \"off\","
              RenderBR {BR} at (81,1) size 0x14
            RenderBlock {DIV} at (448,550) size 183x57 [border: (1px solid #0000FF)]
              RenderBlock {SPAN} at (1,1) size 80x15
                RenderText {#text} at (0,0) size 65x14
                  text run at (0,0) width 65: "wrap: \"hard\","
              RenderBR {BR} at (81,1) size 0x14
            RenderBlock {DIV} at (0,622) size 183x57 [border: (1px solid #0000FF)]
              RenderBlock {SPAN} at (1,1) size 80x15
                RenderText {#text} at (0,0) size 62x14
                  text run at (0,0) width 62: "wrap: \"soft\","
              RenderBR {BR} at (81,1) size 0x14
            RenderBlock {DIV} at (183,607) size 183x72 [border: (1px solid #0000FF)]
              RenderBlock {SPAN} at (1,1) size 80x30
                RenderText {#text} at (0,0) size 72x29
                  text run at (0,0) width 65: "style: \"white-"
                  text run at (0,15) width 72: "space:normal\","
              RenderBR {BR} at (81,16) size 0x14
            RenderBlock {DIV} at (366,607) size 183x72 [border: (1px solid #0000FF)]
              RenderBlock {SPAN} at (1,1) size 80x30
                RenderText {#text} at (0,0) size 65x29
                  text run at (0,0) width 65: "style: \"white-"
                  text run at (0,15) width 54: "space:pre\","
              RenderBR {BR} at (81,16) size 0x14
            RenderBlock {DIV} at (549,607) size 183x72 [border: (1px solid #0000FF)]
              RenderBlock {SPAN} at (1,1) size 80x30
                RenderText {#text} at (0,0) size 78x29
                  text run at (0,0) width 65: "style: \"white-"
                  text run at (0,15) width 78: "space:prewrap\","
              RenderBR {BR} at (81,16) size 0x14
            RenderBlock {DIV} at (0,724) size 183x72 [border: (1px solid #0000FF)]
              RenderBlock {SPAN} at (1,1) size 80x30
                RenderText {#text} at (0,0) size 74x29
                  text run at (0,0) width 65: "style: \"white-"
                  text run at (0,15) width 74: "space:nowrap\","
              RenderBR {BR} at (81,16) size 0x14
            RenderBlock {DIV} at (183,724) size 183x72 [border: (1px solid #0000FF)]
              RenderBlock {SPAN} at (1,1) size 80x30
                RenderText {#text} at (0,0) size 76x29
                  text run at (0,0) width 65: "style: \"white-"
                  text run at (0,15) width 76: "space:pre-line\","
              RenderBR {BR} at (81,16) size 0x14
            RenderBlock {DIV} at (366,709) size 183x87 [border: (1px solid #0000FF)]
              RenderBlock {SPAN} at (1,1) size 80x30
                RenderText {#text} at (0,0) size 70x29
                  text run at (0,0) width 63: "style: \"word-"
                  text run at (0,15) width 70: "wrap:normal\","
              RenderBR {BR} at (81,16) size 0x14
            RenderBlock {DIV} at (549,679) size 183x117 [border: (1px solid #0000FF)]
              RenderBlock {SPAN} at (1,1) size 80x60
                RenderText {#text} at (0,0) size 65x59
                  text run at (0,0) width 58: "wrap: \"off\","
                  text run at (0,15) width 65: "style: \"white-"
                  text run at (0,30) width 50: "space:pre-"
                  text run at (0,45) width 32: "wrap\","
              RenderBR {BR} at (81,46) size 0x14
    layer at (1,75) size 181x36 clip at (2,76) size 179x34
      RenderTextControl {TEXTAREA} at (1,16) size 181x36 [bgcolor=#FFFFFF] [border: (1px solid #A9A9A9)]
        RenderBlock {DIV} at (3,3) size 175x15
          RenderText {#text} at (0,0) size 136x15
            text run at (0,0) width 136: "Lorem ipsum dolor"
    layer at (184,75) size 181x36 clip at (185,76) size 164x34 scrollHeight 79
      RenderTextControl {TEXTAREA} at (1,16) size 181x36 [color=#545454] [bgcolor=#EBEBE4] [border: (1px solid #A9A9A9)]
        RenderBlock {DIV} at (3,3) size 160x75
          RenderText {#text} at (0,0) size 160x75
            text run at (0,0) width 144: "Lorem ipsum  dolor"
            text run at (143,0) width 9: " "
            text run at (0,15) width 160: "ABCDEFGHIJKLMNOPQRST"
            text run at (0,30) width 48: "UVWXYZ"
            text run at (47,30) width 9: " "
            text run at (0,45) width 160: "abcdefghijklmnopqrst"
            text run at (0,60) width 16: "uv"
    layer at (367,59) size 197x52 clip at (368,60) size 180x50 scrollHeight 95
      RenderTextControl {TEXTAREA} at (1,31) size 197x52 [bgcolor=#FFFFFF] [border: (1px solid #A9A9A9)]
        RenderBlock {DIV} at (11,11) size 160x75
          RenderText {#text} at (0,0) size 160x75
            text run at (0,0) width 144: "Lorem ipsum  dolor"
            text run at (143,0) width 9: " "
            text run at (0,15) width 160: "ABCDEFGHIJKLMNOPQRST"
            text run at (0,30) width 48: "UVWXYZ"
            text run at (47,30) width 9: " "
            text run at (0,45) width 160: "abcdefghijklmnopqrst"
            text run at (0,60) width 16: "uv"
    layer at (566,79) size 177x32 clip at (567,80) size 160x30 scrollHeight 75
      RenderTextControl {TEXTAREA} at (1,31) size 177x32 [bgcolor=#FFFFFF] [border: (1px solid #A9A9A9)]
        RenderBlock {DIV} at (1,1) size 160x75
          RenderText {#text} at (0,0) size 160x75
            text run at (0,0) width 144: "Lorem ipsum  dolor"
            text run at (143,0) width 9: " "
            text run at (0,15) width 160: "ABCDEFGHIJKLMNOPQRST"
            text run at (0,30) width 48: "UVWXYZ"
            text run at (47,30) width 9: " "
            text run at (0,45) width 160: "abcdefghijklmnopqrst"
            text run at (0,60) width 16: "uv"
    layer at (11,188) size 181x36 clip at (12,189) size 164x34 scrollHeight 79
      RenderTextControl {TEXTAREA} at (11,41) size 181x36 [bgcolor=#FFFFFF] [border: (1px solid #A9A9A9)]
        RenderBlock {DIV} at (3,3) size 160x75
          RenderText {#text} at (0,0) size 160x75
            text run at (0,0) width 144: "Lorem ipsum  dolor"
            text run at (143,0) width 9: " "
            text run at (0,15) width 160: "ABCDEFGHIJKLMNOPQRST"
            text run at (0,30) width 48: "UVWXYZ"
            text run at (47,30) width 9: " "
            text run at (0,45) width 160: "abcdefghijklmnopqrst"
            text run at (0,60) width 16: "uv"
    layer at (204,198) size 181x36 clip at (205,199) size 164x34 scrollHeight 79
      RenderTextControl {TEXTAREA} at (1,31) size 181x36 [bgcolor=#FFFFFF] [border: (1px solid #A9A9A9)]
        RenderBlock {DIV} at (3,3) size 160x75
          RenderText {#text} at (0,0) size 160x75
            text run at (0,0) width 144: "Lorem ipsum  dolor"
            text run at (143,0) width 9: " "
            text run at (0,15) width 160: "ABCDEFGHIJKLMNOPQRST"
            text run at (0,30) width 48: "UVWXYZ"
            text run at (47,30) width 9: " "
            text run at (0,45) width 160: "abcdefghijklmnopqrst"
            text run at (0,60) width 16: "uv"
    layer at (387,198) size 66x36 clip at (388,199) size 49x34 scrollHeight 229
      RenderTextControl {TEXTAREA} at (1,31) size 66x36 [bgcolor=#FFFFFF] [border: (1px solid #A9A9A9)]
        RenderBlock {DIV} at (3,3) size 45x225
          RenderText {#text} at (0,0) size 45x225
            text run at (0,0) width 40: "Lorem"
            text run at (39,0) width 6: " "
            text run at (0,15) width 40: "ipsum"
            text run at (0,30) width 16: "  "
            text run at (0,45) width 40: "dolor"
            text run at (39,45) width 6: " "
            text run at (0,60) width 40: "ABCDE"
            text run at (0,75) width 40: "FGHIJ"
            text run at (0,90) width 40: "KLMNO"
            text run at (0,105) width 40: "PQRST"
            text run at (0,120) width 40: "UVWXY"
            text run at (0,135) width 8: "Z"
            text run at (7,135) width 9: " "
            text run at (0,150) width 40: "abcde"
            text run at (0,165) width 40: "fghij"
            text run at (0,180) width 40: "klmno"
            text run at (0,195) width 40: "pqrst"
            text run at (0,210) width 16: "uv"
    layer at (469,162) size 102x72 clip at (470,163) size 85x70 scrollHeight 265
      RenderTextControl {TEXTAREA} at (1,46) size 102x72 [bgcolor=#FFFFFF] [border: (1px solid #A9A9A9)]
        RenderBlock {DIV} at (21,21) size 45x225
          RenderText {#text} at (0,0) size 45x225
            text run at (0,0) width 40: "Lorem"
            text run at (39,0) width 6: " "
            text run at (0,15) width 40: "ipsum"
            text run at (0,30) width 16: "  "
            text run at (0,45) width 40: "dolor"
            text run at (39,45) width 6: " "
            text run at (0,60) width 40: "ABCDE"
            text run at (0,75) width 40: "FGHIJ"
            text run at (0,90) width 40: "KLMNO"
            text run at (0,105) width 40: "PQRST"
            text run at (0,120) width 40: "UVWXY"
            text run at (0,135) width 8: "Z"
            text run at (7,135) width 9: " "
            text run at (0,150) width 40: "abcde"
            text run at (0,165) width 40: "fghij"
            text run at (0,180) width 40: "klmno"
            text run at (0,195) width 40: "pqrst"
            text run at (0,210) width 16: "uv"
    layer at (573,202) size 62x32 clip at (574,203) size 45x30 scrollHeight 225
      RenderTextControl {TEXTAREA} at (1,46) size 62x32 [bgcolor=#FFFFFF] [border: (1px solid #A9A9A9)]
        RenderBlock {DIV} at (1,1) size 45x225
          RenderText {#text} at (0,0) size 45x225
            text run at (0,0) width 40: "Lorem"
            text run at (39,0) width 6: " "
            text run at (0,15) width 40: "ipsum"
            text run at (0,30) width 16: "  "
            text run at (0,45) width 40: "dolor"
            text run at (39,45) width 6: " "
            text run at (0,60) width 40: "ABCDE"
            text run at (0,75) width 40: "FGHIJ"
            text run at (0,90) width 40: "KLMNO"
            text run at (0,105) width 40: "PQRST"
            text run at (0,120) width 40: "UVWXY"
            text run at (0,135) width 8: "Z"
            text run at (7,135) width 9: " "
            text run at (0,150) width 40: "abcde"
            text run at (0,165) width 40: "fghij"
            text run at (0,180) width 40: "klmno"
            text run at (0,195) width 40: "pqrst"
            text run at (0,210) width 16: "uv"
    layer at (1,300) size 181x66 clip at (2,301) size 164x64 scrollHeight 79
      RenderTextControl {TEXTAREA} at (1,31) size 181x66 [bgcolor=#FFFFFF] [border: (1px solid #A9A9A9)]
        RenderBlock {DIV} at (3,3) size 160x75
          RenderText {#text} at (0,0) size 160x75
            text run at (0,0) width 144: "Lorem ipsum  dolor"
            text run at (143,0) width 9: " "
            text run at (0,15) width 160: "ABCDEFGHIJKLMNOPQRST"
            text run at (0,30) width 48: "UVWXYZ"
            text run at (47,30) width 9: " "
            text run at (0,45) width 160: "abcdefghijklmnopqrst"
            text run at (0,60) width 16: "uv"
    layer at (184,300) size 66x66 clip at (185,301) size 49x64 scrollHeight 229
      RenderTextControl {TEXTAREA} at (1,46) size 66x66 [bgcolor=#FFFFFF] [border: (1px solid #A9A9A9)]
        RenderBlock {DIV} at (3,3) size 45x225
          RenderText {#text} at (0,0) size 45x225
            text run at (0,0) width 40: "Lorem"
            text run at (39,0) width 6: " "
            text run at (0,15) width 40: "ipsum"
            text run at (0,30) width 16: "  "
            text run at (0,45) width 40: "dolor"
            text run at (39,45) width 6: " "
            text run at (0,60) width 40: "ABCDE"
            text run at (0,75) width 40: "FGHIJ"
            text run at (0,90) width 40: "KLMNO"
            text run at (0,105) width 40: "PQRST"
            text run at (0,120) width 40: "UVWXY"
            text run at (0,135) width 8: "Z"
            text run at (7,135) width 9: " "
            text run at (0,150) width 40: "abcde"
            text run at (0,165) width 40: "fghij"
            text run at (0,180) width 40: "klmno"
            text run at (0,195) width 40: "pqrst"
            text run at (0,210) width 16: "uv"
    layer at (266,330) size 181x36 clip at (267,331) size 179x34 scrollHeight 79
      RenderTextControl {TEXTAREA} at (1,31) size 181x36 [bgcolor=#FFFFFF] [border: (1px solid #A9A9A9)]
        RenderBlock {DIV} at (3,3) size 175x75
          RenderText {#text} at (0,0) size 168x75
            text run at (0,0) width 144: "Lorem ipsum  dolor"
            text run at (143,0) width 9: " "
            text run at (0,15) width 168: "ABCDEFGHIJKLMNOPQRSTU"
            text run at (0,30) width 40: "VWXYZ"
            text run at (39,30) width 9: " "
            text run at (0,45) width 168: "abcdefghijklmnopqrstu"
            text run at (0,60) width 8: "v"
    layer at (449,315) size 181x51 clip at (450,316) size 164x34 scrollHeight 79
      RenderTextControl {TEXTAREA} at (1,31) size 181x51 [bgcolor=#FFFFFF] [border: (1px solid #A9A9A9)]
        RenderBlock {DIV} at (3,3) size 160x75
          RenderText {#text} at (0,0) size 160x75
            text run at (0,0) width 144: "Lorem ipsum  dolor"
            text run at (143,0) width 9: " "
            text run at (0,15) width 160: "ABCDEFGHIJKLMNOPQRST"
            text run at (0,30) width 48: "UVWXYZ"
            text run at (47,30) width 9: " "
            text run at (0,45) width 160: "abcdefghijklmnopqrst"
            text run at (0,60) width 16: "uv"
    layer at (632,300) size 66x66 clip at (633,301) size 64x64 scrollHeight 169
      RenderTextControl {TEXTAREA} at (1,61) size 66x66 [bgcolor=#FFFFFF] [border: (1px solid #A9A9A9)]
        RenderBlock {DIV} at (3,3) size 60x165
          RenderText {#text} at (0,0) size 56x165
            text run at (0,0) width 40: "Lorem"
            text run at (39,0) width 9: " "
            text run at (0,15) width 40: "ipsum"
            text run at (39,15) width 17: "  "
            text run at (0,30) width 40: "dolor"
            text run at (39,30) width 9: " "
            text run at (0,45) width 56: "ABCDEFG"
            text run at (0,60) width 56: "HIJKLMN"
            text run at (0,75) width 56: "OPQRSTU"
            text run at (0,90) width 40: "VWXYZ"
            text run at (39,90) width 9: " "
            text run at (0,105) width 56: "abcdefg"
            text run at (0,120) width 56: "hijklmn"
            text run at (0,135) width 56: "opqrstu"
            text run at (0,150) width 8: "v"
    layer at (1,432) size 66x66 clip at (2,433) size 49x49 scrollHeight 229
      RenderTextControl {TEXTAREA} at (1,61) size 66x66 [bgcolor=#FFFFFF] [border: (1px solid #A9A9A9)]
        RenderBlock {DIV} at (3,3) size 45x225
          RenderText {#text} at (0,0) size 45x225
            text run at (0,0) width 40: "Lorem"
            text run at (39,0) width 6: " "
            text run at (0,15) width 40: "ipsum"
            text run at (0,30) width 16: "  "
            text run at (0,45) width 40: "dolor"
            text run at (39,45) width 6: " "
            text run at (0,60) width 40: "ABCDE"
            text run at (0,75) width 40: "FGHIJ"
            text run at (0,90) width 40: "KLMNO"
            text run at (0,105) width 40: "PQRST"
            text run at (0,120) width 40: "UVWXY"
            text run at (0,135) width 8: "Z"
            text run at (7,135) width 9: " "
            text run at (0,150) width 40: "abcde"
            text run at (0,165) width 40: "fghij"
            text run at (0,180) width 40: "klmno"
            text run at (0,195) width 40: "pqrst"
            text run at (0,210) width 16: "uv"
    layer at (83,432) size 66x66 clip at (84,433) size 49x64 scrollHeight 229
      RenderTextControl {TEXTAREA} at (1,46) size 66x66 [bgcolor=#FFFFFF] [border: (1px solid #A9A9A9)]
        RenderBlock {DIV} at (3,3) size 45x225
          RenderText {#text} at (0,0) size 45x225
            text run at (0,0) width 40: "Lorem"
            text run at (39,0) width 6: " "
            text run at (0,15) width 40: "ipsum"
            text run at (0,30) width 16: "  "
            text run at (0,45) width 40: "dolor"
            text run at (39,45) width 6: " "
            text run at (0,60) width 40: "ABCDE"
            text run at (0,75) width 40: "FGHIJ"
            text run at (0,90) width 40: "KLMNO"
            text run at (0,105) width 40: "PQRST"
            text run at (0,120) width 40: "UVWXY"
            text run at (0,135) width 8: "Z"
            text run at (7,135) width 9: " "
            text run at (0,150) width 40: "abcde"
            text run at (0,165) width 40: "fghij"
            text run at (0,180) width 40: "klmno"
            text run at (0,195) width 40: "pqrst"
            text run at (0,210) width 16: "uv"
    layer at (165,432) size 66x66 clip at (166,433) size 49x64 scrollHeight 229
      RenderTextControl {TEXTAREA} at (1,46) size 66x66 [bgcolor=#FFFFFF] [border: (1px solid #A9A9A9)]
        RenderBlock {DIV} at (3,3) size 45x225
          RenderText {#text} at (0,0) size 45x225
            text run at (0,0) width 40: "Lorem"
            text run at (39,0) width 6: " "
            text run at (0,15) width 40: "ipsum"
            text run at (0,30) width 16: "  "
            text run at (0,45) width 40: "dolor"
            text run at (39,45) width 6: " "
            text run at (0,60) width 40: "ABCDE"
            text run at (0,75) width 40: "FGHIJ"
            text run at (0,90) width 40: "KLMNO"
            text run at (0,105) width 40: "PQRST"
            text run at (0,120) width 40: "UVWXY"
            text run at (0,135) width 8: "Z"
            text run at (7,135) width 9: " "
            text run at (0,150) width 40: "abcde"
            text run at (0,165) width 40: "fghij"
            text run at (0,180) width 40: "klmno"
            text run at (0,195) width 40: "pqrst"
            text run at (0,210) width 16: "uv"
    layer at (247,432) size 66x66 clip at (248,433) size 49x64 scrollHeight 229
      RenderTextControl {TEXTAREA} at (1,61) size 66x66 [bgcolor=#FFFFFF] [border: (1px solid #A9A9A9)]
        RenderBlock {DIV} at (3,3) size 45x225
          RenderText {#text} at (0,0) size 45x225
            text run at (0,0) width 40: "Lorem"
            text run at (39,0) width 6: " "
            text run at (0,15) width 40: "ipsum"
            text run at (0,30) width 16: "  "
            text run at (0,45) width 40: "dolor"
            text run at (39,45) width 6: " "
            text run at (0,60) width 40: "ABCDE"
            text run at (0,75) width 40: "FGHIJ"
            text run at (0,90) width 40: "KLMNO"
            text run at (0,105) width 40: "PQRST"
            text run at (0,120) width 40: "UVWXY"
            text run at (0,135) width 8: "Z"
            text run at (7,135) width 9: " "
            text run at (0,150) width 40: "abcde"
            text run at (0,165) width 40: "fghij"
            text run at (0,180) width 40: "klmno"
            text run at (0,195) width 40: "pqrst"
            text run at (0,210) width 16: "uv"
    layer at (329,462) size 45x36 clip at (330,463) size 28x34 scrollHeight 349
      RenderTextControl {TEXTAREA} at (1,16) size 45x36 [bgcolor=#FFFFFF] [border: (1px solid #A9A9A9)]
        RenderBlock {DIV} at (3,3) size 24x345
          RenderText {#text} at (0,0) size 24x345
            text run at (0,0) width 24: "Lor"
            text run at (0,15) width 16: "em"
            text run at (15,15) width 9: " "
            text run at (0,30) width 24: "ips"
            text run at (0,45) width 16: "um"
            text run at (15,45) width 9: "  "
            text run at (0,60) width 24: "dol"
            text run at (0,75) width 16: "or"
            text run at (15,75) width 9: " "
            text run at (0,90) width 24: "ABC"
            text run at (0,105) width 24: "DEF"
            text run at (0,120) width 24: "GHI"
            text run at (0,135) width 24: "JKL"
            text run at (0,150) width 24: "MNO"
            text run at (0,165) width 24: "PQR"
            text run at (0,180) width 24: "STU"
            text run at (0,195) width 24: "VWX"
            text run at (0,210) width 16: "YZ"
            text run at (15,210) width 9: " "
            text run at (0,225) width 24: "abc"
            text run at (0,240) width 24: "def"
            text run at (0,255) width 24: "ghi"
            text run at (0,270) width 24: "jkl"
            text run at (0,285) width 24: "mno"
            text run at (0,300) width 24: "pqr"
            text run at (0,315) width 24: "stu"
            text run at (0,330) width 8: "v"
    layer at (411,447) size 181x51 clip at (412,448) size 164x49 scrollHeight 79
      RenderTextControl {TEXTAREA} at (1,16) size 181x51 [bgcolor=#FFFFFF] [border: (1px solid #A9A9A9)]
        RenderBlock {DIV} at (3,3) size 160x75
          RenderText {#text} at (0,0) size 160x75
            text run at (0,0) width 144: "Lorem ipsum  dolor"
            text run at (143,0) width 9: " "
            text run at (0,15) width 160: "ABCDEFGHIJKLMNOPQRST"
            text run at (0,30) width 48: "UVWXYZ"
            text run at (47,30) width 9: " "
            text run at (0,45) width 160: "abcdefghijklmnopqrst"
            text run at (0,60) width 16: "uv"
    layer at (594,462) size 77x36 clip at (595,463) size 60x34 scrollHeight 169
      RenderTextControl {TEXTAREA} at (1,16) size 77x36 [bgcolor=#FFFFFF] [border: (1px solid #A9A9A9)]
        RenderBlock {DIV} at (3,3) size 56x165
          RenderText {#text} at (0,0) size 56x165
            text run at (0,0) width 40: "Lorem"
            text run at (39,0) width 9: " "
            text run at (0,15) width 40: "ipsum"
            text run at (39,15) width 17: "  "
            text run at (0,30) width 40: "dolor"
            text run at (39,30) width 9: " "
            text run at (0,45) width 56: "ABCDEFG"
            text run at (0,60) width 56: "HIJKLMN"
            text run at (0,75) width 56: "OPQRSTU"
            text run at (0,90) width 40: "VWXYZ"
            text run at (39,90) width 9: " "
            text run at (0,105) width 56: "abcdefg"
            text run at (0,120) width 56: "hijklmn"
            text run at (0,135) width 56: "opqrstu"
            text run at (0,150) width 8: "v"
    layer at (1,519) size 181x111 clip at (2,520) size 179x109
      RenderTextControl {TEXTAREA} at (1,16) size 181x111 [bgcolor=#FFFFFF] [border: (1px solid #A9A9A9)]
        RenderBlock {DIV} at (3,3) size 175x75
          RenderText {#text} at (0,0) size 168x75
            text run at (0,0) width 144: "Lorem ipsum  dolor"
            text run at (143,0) width 9: " "
            text run at (0,15) width 168: "ABCDEFGHIJKLMNOPQRSTU"
            text run at (0,30) width 40: "VWXYZ"
            text run at (39,30) width 9: " "
            text run at (0,45) width 168: "abcdefghijklmnopqrstu"
            text run at (0,60) width 8: "v"
    layer at (184,564) size 61x66 clip at (185,565) size 44x64 scrollHeight 229
      RenderTextControl {TEXTAREA} at (1,31) size 61x66 [bgcolor=#FFFFFF] [border: (1px solid #A9A9A9)]
        RenderBlock {DIV} at (3,3) size 40x225
          RenderText {#text} at (0,0) size 40x225
            text run at (0,0) width 40: "Lorem"
            text run at (39,0) width 1: " "
            text run at (0,15) width 40: "ipsum"
            text run at (0,30) width 16: "  "
            text run at (0,45) width 40: "dolor"
            text run at (39,45) width 1: " "
            text run at (0,60) width 40: "ABCDE"
            text run at (0,75) width 40: "FGHIJ"
            text run at (0,90) width 40: "KLMNO"
            text run at (0,105) width 40: "PQRST"
            text run at (0,120) width 40: "UVWXY"
            text run at (0,135) width 8: "Z"
            text run at (7,135) width 9: " "
            text run at (0,150) width 40: "abcde"
            text run at (0,165) width 40: "fghij"
            text run at (0,180) width 40: "klmno"
            text run at (0,195) width 40: "pqrst"
            text run at (0,210) width 16: "uv"
    layer at (266,579) size 181x51 clip at (267,580) size 179x34 scrollWidth 546
      RenderTextControl {TEXTAREA} at (1,16) size 181x51 [bgcolor=#FFFFFF] [border: (1px solid #A9A9A9)]
        RenderBlock {DIV} at (3,3) size 175x15
          RenderText {#text} at (0,0) size 544x15
            text run at (0,0) width 544: "Lorem ipsum  dolor ABCDEFGHIJKLMNOPQRSTUVWXYZ abcdefghijklmnopqrstuv"
    layer at (449,594) size 181x36 clip at (450,595) size 164x34 scrollHeight 79
      RenderTextControl {TEXTAREA} at (1,16) size 181x36 [bgcolor=#FFFFFF] [border: (1px solid #A9A9A9)]
        RenderBlock {DIV} at (3,3) size 160x75
          RenderText {#text} at (0,0) size 160x75
            text run at (0,0) width 144: "Lorem ipsum  dolor"
            text run at (143,0) width 9: " "
            text run at (0,15) width 160: "ABCDEFGHIJKLMNOPQRST"
            text run at (0,30) width 48: "UVWXYZ"
            text run at (47,30) width 9: " "
            text run at (0,45) width 160: "abcdefghijklmnopqrst"
            text run at (0,60) width 16: "uv"
    layer at (1,666) size 181x36 clip at (2,667) size 164x34 scrollHeight 79
      RenderTextControl {TEXTAREA} at (1,16) size 181x36 [bgcolor=#FFFFFF] [border: (1px solid #A9A9A9)]
        RenderBlock {DIV} at (3,3) size 160x75
          RenderText {#text} at (0,0) size 160x75
            text run at (0,0) width 144: "Lorem ipsum  dolor"
            text run at (143,0) width 9: " "
            text run at (0,15) width 160: "ABCDEFGHIJKLMNOPQRST"
            text run at (0,30) width 48: "UVWXYZ"
            text run at (47,30) width 9: " "
            text run at (0,45) width 160: "abcdefghijklmnopqrst"
            text run at (0,60) width 16: "uv"
    layer at (184,666) size 181x36 clip at (185,667) size 164x34 scrollHeight 79
      RenderTextControl {TEXTAREA} at (1,31) size 181x36 [bgcolor=#FFFFFF] [border: (1px solid #A9A9A9)]
        RenderBlock {DIV} at (3,3) size 160x75
          RenderText {#text} at (0,0) size 160x75
            text run at (0,0) width 96: "Lorem ipsum "
            text run at (95,0) width 41: "dolor"
            text run at (0,15) width 160: "ABCDEFGHIJKLMNOPQRST"
            text run at (0,30) width 48: "UVWXYZ"
            text run at (0,45) width 160: "abcdefghijklmnopqrst"
            text run at (0,60) width 16: "uv"
    layer at (367,666) size 181x36 clip at (368,667) size 164x34 scrollHeight 64
      RenderTextControl {TEXTAREA} at (1,31) size 181x36 [bgcolor=#FFFFFF] [border: (1px solid #A9A9A9)]
        RenderBlock {DIV} at (3,3) size 160x60
          RenderText {#text} at (0,0) size 160x60
            text run at (0,0) width 160: "Lorem ipsum  dolor A"
            text run at (0,15) width 160: "BCDEFGHIJKLMNOPQRSTU"
            text run at (0,30) width 160: "VWXYZ abcdefghijklmn"
            text run at (0,45) width 64: "opqrstuv"
    layer at (550,666) size 181x36 clip at (551,667) size 164x34 scrollHeight 79
      RenderTextControl {TEXTAREA} at (1,31) size 181x36 [bgcolor=#FFFFFF] [border: (1px solid #A9A9A9)]
        RenderBlock {DIV} at (3,3) size 160x75
          RenderText {#text} at (0,0) size 160x75
            text run at (0,0) width 144: "Lorem ipsum  dolor"
            text run at (143,0) width 9: " "
            text run at (0,15) width 160: "ABCDEFGHIJKLMNOPQRST"
            text run at (0,30) width 48: "UVWXYZ"
            text run at (47,30) width 9: " "
            text run at (0,45) width 160: "abcdefghijklmnopqrst"
            text run at (0,60) width 16: "uv"
    layer at (1,783) size 181x36 clip at (2,784) size 179x19 scrollWidth 538
      RenderTextControl {TEXTAREA} at (1,31) size 181x36 [bgcolor=#FFFFFF] [border: (1px solid #A9A9A9)]
        RenderBlock {DIV} at (3,3) size 175x15
          RenderText {#text} at (0,0) size 536x15
            text run at (0,0) width 96: "Lorem ipsum "
            text run at (95,0) width 441: "dolor ABCDEFGHIJKLMNOPQRSTUVWXYZ abcdefghijklmnopqrstuv"
    layer at (184,783) size 181x36 clip at (185,784) size 164x34 scrollHeight 79
      RenderTextControl {TEXTAREA} at (1,31) size 181x36 [bgcolor=#FFFFFF] [border: (1px solid #A9A9A9)]
        RenderBlock {DIV} at (3,3) size 160x75
          RenderText {#text} at (0,0) size 160x75
            text run at (0,0) width 96: "Lorem ipsum "
            text run at (95,0) width 41: "dolor"
            text run at (0,15) width 160: "ABCDEFGHIJKLMNOPQRST"
            text run at (0,30) width 48: "UVWXYZ"
            text run at (0,45) width 160: "abcdefghijklmnopqrst"
            text run at (0,60) width 16: "uv"
    layer at (367,768) size 181x51 clip at (368,769) size 164x34 scrollWidth 210 scrollHeight 64
      RenderTextControl {TEXTAREA} at (1,31) size 181x51 [bgcolor=#FFFFFF] [border: (1px solid #A9A9A9)]
        RenderBlock {DIV} at (3,3) size 160x60
          RenderText {#text} at (0,0) size 208x60
            text run at (0,0) width 144: "Lorem ipsum  dolor"
            text run at (143,0) width 9: " "
            text run at (0,15) width 208: "ABCDEFGHIJKLMNOPQRSTUVWXYZ"
            text run at (0,30) width 8: " "
            text run at (0,45) width 176: "abcdefghijklmnopqrstuv"
    layer at (550,768) size 181x51 clip at (551,769) size 164x34 scrollWidth 210 scrollHeight 64
      RenderTextControl {TEXTAREA} at (1,61) size 181x51 [bgcolor=#FFFFFF] [border: (1px solid #A9A9A9)]
        RenderBlock {DIV} at (3,3) size 160x60
          RenderText {#text} at (0,0) size 208x60
            text run at (0,0) width 144: "Lorem ipsum  dolor"
            text run at (143,0) width 9: " "
            text run at (0,15) width 208: "ABCDEFGHIJKLMNOPQRSTUVWXYZ"
            text run at (0,30) width 8: " "
            text run at (0,45) width 176: "abcdefghijklmnopqrstuv"
layer at (0,824) size 785x778
  RenderPartObject {IFRAME} at (0,824) size 785x778
    layer at (0,0) size 785x778
      RenderView at (0,0) size 785x778
    layer at (0,0) size 785x778
      RenderBlock {HTML} at (0,0) size 785x778
        RenderBody {BODY} at (0,5) size 785x773
          RenderBlock {DIV} at (0,0) size 785x18
            RenderText {#text} at (0,0) size 194x17
              text run at (0,0) width 194: "CompatMode: BackCompat"
          RenderBlock (anonymous) at (0,23) size 785x750
            RenderBlock {DIV} at (0,48) size 181x36 [border: (1px solid #0000FF)]
              RenderBlock {SPAN} at (1,1) size 80x0
              RenderBR {BR} at (81,1) size 0x0
            RenderBlock {DIV} at (181,33) size 181x51 [border: (1px solid #0000FF)]
              RenderBlock {SPAN} at (1,1) size 80x15
                RenderText {#text} at (0,0) size 78x14
                  text run at (0,0) width 78: "disabled: \"true\","
              RenderBR {BR} at (81,12) size 0x0
            RenderBlock {DIV} at (362,0) size 199x84 [border: (1px solid #0000FF)]
              RenderBlock {SPAN} at (1,1) size 80x30
                RenderText {#text} at (0,0) size 79x29
                  text run at (0,0) width 26: "style:"
                  text run at (0,15) width 79: "\"padding:10px\","
              RenderBR {BR} at (81,27) size 0x0
            RenderBlock {DIV} at (561,20) size 179x64 [border: (1px solid #0000FF)]
              RenderBlock {SPAN} at (1,1) size 80x30
                RenderText {#text} at (0,0) size 73x29
                  text run at (0,0) width 26: "style:"
                  text run at (0,15) width 73: "\"padding:0px\","
              RenderBR {BR} at (81,27) size 0x0
            RenderBlock {DIV} at (0,117) size 201x86 [border: (1px solid #0000FF)]
              RenderBlock {SPAN} at (1,1) size 80x30
                RenderText {#text} at (0,0) size 75x29
                  text run at (0,0) width 26: "style:"
                  text run at (0,15) width 75: "\"margin:10px\","
              RenderBR {BR} at (81,27) size 0x0
            RenderBlock {DIV} at (201,137) size 181x66 [border: (1px solid #0000FF)]
              RenderBlock {SPAN} at (1,1) size 80x30
                RenderText {#text} at (0,0) size 69x29
                  text run at (0,0) width 26: "style:"
                  text run at (0,15) width 69: "\"margin:0px\","
              RenderBR {BR} at (81,27) size 0x0
            RenderBlock {DIV} at (382,137) size 82x66 [border: (1px solid #0000FF)]
              RenderBlock {SPAN} at (1,1) size 80x30
                RenderText {#text} at (0,0) size 68x29
                  text run at (0,0) width 26: "style:"
                  text run at (0,15) width 68: "\"width:60px\","
              RenderBR {BR} at (81,27) size 0x0
            RenderBlock {DIV} at (464,84) size 82x119 [border: (1px solid #0000FF)]
              RenderBlock {SPAN} at (1,1) size 80x45
                RenderText {#text} at (0,0) size 74x44
                  text run at (0,0) width 26: "style:"
                  text run at (0,15) width 63: "\"width:60px;"
                  text run at (0,30) width 74: "padding:20px\","
              RenderBR {BR} at (81,42) size 0x0
            RenderBlock {DIV} at (546,124) size 82x79 [border: (1px solid #0000FF)]
              RenderBlock {SPAN} at (1,1) size 80x45
                RenderText {#text} at (0,0) size 63x44
                  text run at (0,0) width 26: "style:"
                  text run at (0,15) width 63: "\"width:60px;"
                  text run at (0,30) width 56: "padding:0\","
              RenderBR {BR} at (81,42) size 0x0
            RenderBlock {DIV} at (0,233) size 181x92 [border: (1px solid #0000FF)]
              RenderBlock {SPAN} at (1,1) size 80x30
                RenderText {#text} at (0,0) size 71x29
                  text run at (0,0) width 26: "style:"
                  text run at (0,15) width 71: "\"height:60px\","
              RenderBR {BR} at (81,27) size 0x0
            RenderBlock {DIV} at (181,218) size 82x107 [border: (1px solid #0000FF)]
              RenderBlock {SPAN} at (1,1) size 80x45
                RenderText {#text} at (0,0) size 66x44
                  text run at (0,0) width 26: "style:"
                  text run at (0,15) width 63: "\"width:60px;"
                  text run at (0,30) width 66: "height:60px\","
              RenderBR {BR} at (81,42) size 0x0
            RenderBlock {DIV} at (263,259) size 181x66 [border: (1px solid #0000FF)]
              RenderBlock {SPAN} at (1,1) size 80x30
                RenderText {#text} at (0,0) size 93x29
                  text run at (0,0) width 26: "style:"
                  text run at (0,15) width 93: "\"overflow:hidden\","
              RenderBR {BR} at (81,27) size 0x0
            RenderBlock {DIV} at (444,244) size 181x81 [border: (1px solid #0000FF)]
              RenderBlock {SPAN} at (1,1) size 80x30
                RenderText {#text} at (0,0) size 87x29
                  text run at (0,0) width 26: "style:"
                  text run at (0,15) width 87: "\"overflow:scroll\","
              RenderBR {BR} at (81,27) size 0x0
            RenderBlock {DIV} at (625,203) size 82x122 [border: (1px solid #0000FF)]
              RenderBlock {SPAN} at (1,1) size 80x60
                RenderText {#text} at (0,0) size 88x59
                  text run at (0,0) width 26: "style:"
                  text run at (0,15) width 88: "\"overflow:hidden;"
                  text run at (0,30) width 59: "width:60px;"
                  text run at (0,45) width 66: "height:60px\","
              RenderBR {BR} at (81,57) size 0x0
            RenderBlock {DIV} at (0,325) size 82x122 [border: (1px solid #0000FF)]
              RenderBlock {SPAN} at (1,1) size 80x60
                RenderText {#text} at (0,0) size 82x59
                  text run at (0,0) width 26: "style:"
                  text run at (0,15) width 82: "\"overflow:scroll;"
                  text run at (0,30) width 59: "width:60px;"
                  text run at (0,45) width 66: "height:60px\","
              RenderBR {BR} at (81,57) size 0x0
            RenderBlock {DIV} at (82,340) size 82x107 [border: (1px solid #0000FF)]
              RenderBlock {SPAN} at (1,1) size 80x45
                RenderText {#text} at (0,0) size 74x44
                  text run at (0,0) width 74: "cols: \"5\", style:"
                  text run at (0,15) width 63: "\"width:60px;"
                  text run at (0,30) width 66: "height:60px\","
              RenderBR {BR} at (81,42) size 0x0
            RenderBlock {DIV} at (164,340) size 82x107 [border: (1px solid #0000FF)]
              RenderBlock {SPAN} at (1,1) size 80x45
                RenderText {#text} at (0,0) size 78x44
                  text run at (0,0) width 78: "rows: \"4\", style:"
                  text run at (0,15) width 63: "\"width:60px;"
                  text run at (0,30) width 66: "height:60px\","
              RenderBR {BR} at (81,42) size 0x0
            RenderBlock {DIV} at (246,325) size 82x122 [border: (1px solid #0000FF)]
              RenderBlock {SPAN} at (1,1) size 80x60
                RenderText {#text} at (0,0) size 75x59
                  text run at (0,0) width 75: "cols: \"5\", rows:"
                  text run at (0,15) width 48: "\"4\", style:"
                  text run at (0,30) width 63: "\"width:60px;"
                  text run at (0,45) width 66: "height:60px\","
              RenderBR {BR} at (81,57) size 0x0
            RenderBlock {DIV} at (328,396) size 82x51 [border: (1px solid #0000FF)]
              RenderBlock {SPAN} at (1,1) size 80x15
                RenderText {#text} at (0,0) size 45x14
                  text run at (0,0) width 45: "cols: \"3\","
              RenderBR {BR} at (81,12) size 0x0
            RenderBlock {DIV} at (410,381) size 181x66 [border: (1px solid #0000FF)]
              RenderBlock {SPAN} at (1,1) size 80x15
                RenderText {#text} at (0,0) size 49x14
                  text run at (0,0) width 49: "rows: \"3\","
              RenderBR {BR} at (81,12) size 0x0
            RenderBlock {DIV} at (591,396) size 82x51 [border: (1px solid #0000FF)]
              RenderBlock {SPAN} at (1,1) size 80x15
                RenderText {#text} at (0,0) size 45x14
                  text run at (0,0) width 45: "cols: \"7\","
              RenderBR {BR} at (81,12) size 0x0
            RenderBlock {DIV} at (0,447) size 181x126 [border: (1px solid #0000FF)]
              RenderBlock {SPAN} at (1,1) size 80x15
                RenderText {#text} at (0,0) size 49x14
                  text run at (0,0) width 49: "rows: \"7\","
              RenderBR {BR} at (81,12) size 0x0
            RenderBlock {DIV} at (181,477) size 82x96 [border: (1px solid #0000FF)]
              RenderBlock {SPAN} at (1,1) size 80x30
                RenderText {#text} at (0,0) size 75x29
                  text run at (0,0) width 75: "cols: \"5\", rows:"
                  text run at (0,15) width 19: "\"4\","
              RenderBR {BR} at (81,27) size 0x0
            RenderBlock {DIV} at (263,507) size 181x66 [border: (1px solid #0000FF)]
              RenderBlock {SPAN} at (1,1) size 80x15
                RenderText {#text} at (0,0) size 58x14
                  text run at (0,0) width 58: "wrap: \"off\","
              RenderBR {BR} at (81,12) size 0x0
            RenderBlock {DIV} at (444,522) size 181x51 [border: (1px solid #0000FF)]
              RenderBlock {SPAN} at (1,1) size 80x15
                RenderText {#text} at (0,0) size 65x14
                  text run at (0,0) width 65: "wrap: \"hard\","
              RenderBR {BR} at (81,12) size 0x0
            RenderBlock {DIV} at (0,588) size 181x51 [border: (1px solid #0000FF)]
              RenderBlock {SPAN} at (1,1) size 80x15
                RenderText {#text} at (0,0) size 62x14
                  text run at (0,0) width 62: "wrap: \"soft\","
              RenderBR {BR} at (81,12) size 0x0
            RenderBlock {DIV} at (181,573) size 181x66 [border: (1px solid #0000FF)]
              RenderBlock {SPAN} at (1,1) size 80x30
                RenderText {#text} at (0,0) size 72x29
                  text run at (0,0) width 65: "style: \"white-"
                  text run at (0,15) width 72: "space:normal\","
              RenderBR {BR} at (81,27) size 0x0
            RenderBlock {DIV} at (362,573) size 181x66 [border: (1px solid #0000FF)]
              RenderBlock {SPAN} at (1,1) size 80x30
                RenderText {#text} at (0,0) size 65x29
                  text run at (0,0) width 65: "style: \"white-"
                  text run at (0,15) width 54: "space:pre\","
              RenderBR {BR} at (81,27) size 0x0
            RenderBlock {DIV} at (543,573) size 181x66 [border: (1px solid #0000FF)]
              RenderBlock {SPAN} at (1,1) size 80x30
                RenderText {#text} at (0,0) size 78x29
                  text run at (0,0) width 65: "style: \"white-"
                  text run at (0,15) width 78: "space:prewrap\","
              RenderBR {BR} at (81,27) size 0x0
            RenderBlock {DIV} at (0,684) size 181x66 [border: (1px solid #0000FF)]
              RenderBlock {SPAN} at (1,1) size 80x30
                RenderText {#text} at (0,0) size 74x29
                  text run at (0,0) width 65: "style: \"white-"
                  text run at (0,15) width 74: "space:nowrap\","
              RenderBR {BR} at (81,27) size 0x0
            RenderBlock {DIV} at (181,684) size 181x66 [border: (1px solid #0000FF)]
              RenderBlock {SPAN} at (1,1) size 80x30
                RenderText {#text} at (0,0) size 76x29
                  text run at (0,0) width 65: "style: \"white-"
                  text run at (0,15) width 76: "space:pre-line\","
              RenderBR {BR} at (81,27) size 0x0
            RenderBlock {DIV} at (362,669) size 181x81 [border: (1px solid #0000FF)]
              RenderBlock {SPAN} at (1,1) size 80x30
                RenderText {#text} at (0,0) size 70x29
                  text run at (0,0) width 63: "style: \"word-"
                  text run at (0,15) width 70: "wrap:normal\","
              RenderBR {BR} at (81,27) size 0x0
            RenderBlock {DIV} at (543,639) size 181x111 [border: (1px solid #0000FF)]
              RenderBlock {SPAN} at (1,1) size 80x60
                RenderText {#text} at (0,0) size 65x59
                  text run at (0,0) width 58: "wrap: \"off\","
                  text run at (0,15) width 65: "style: \"white-"
                  text run at (0,30) width 50: "space:pre-"
                  text run at (0,45) width 32: "wrap\","
              RenderBR {BR} at (81,57) size 0x0
    layer at (1,77) size 179x34 clip at (2,78) size 177x32
      RenderTextControl {TEXTAREA} at (1,1) size 179x34 [bgcolor=#FFFFFF] [border: (1px solid #A9A9A9)]
        RenderBlock {DIV} at (3,3) size 175x15
          RenderText {#text} at (0,0) size 136x15
            text run at (0,0) width 136: "Lorem ipsum dolor"
    layer at (182,77) size 179x34 clip at (183,78) size 162x32 scrollHeight 77
      RenderTextControl {TEXTAREA} at (1,16) size 179x34 [color=#545454] [bgcolor=#EBEBE4] [border: (1px solid #A9A9A9)]
        RenderBlock {DIV} at (3,3) size 160x75
          RenderText {#text} at (0,0) size 160x75
            text run at (0,0) width 144: "Lorem ipsum  dolor"
            text run at (143,0) width 9: " "
            text run at (0,15) width 160: "ABCDEFGHIJKLMNOPQRST"
            text run at (0,30) width 48: "UVWXYZ"
            text run at (47,30) width 9: " "
            text run at (0,45) width 160: "abcdefghijklmnopqrst"
            text run at (0,60) width 16: "uv"
    layer at (363,59) size 197x52 clip at (364,60) size 180x50 scrollHeight 95
      RenderTextControl {TEXTAREA} at (1,31) size 197x52 [bgcolor=#FFFFFF] [border: (1px solid #A9A9A9)]
        RenderBlock {DIV} at (11,11) size 160x75
          RenderText {#text} at (0,0) size 160x75
            text run at (0,0) width 144: "Lorem ipsum  dolor"
            text run at (143,0) width 9: " "
            text run at (0,15) width 160: "ABCDEFGHIJKLMNOPQRST"
            text run at (0,30) width 48: "UVWXYZ"
            text run at (47,30) width 9: " "
            text run at (0,45) width 160: "abcdefghijklmnopqrst"
            text run at (0,60) width 16: "uv"
    layer at (562,79) size 177x32 clip at (563,80) size 160x30 scrollHeight 75
      RenderTextControl {TEXTAREA} at (1,31) size 177x32 [bgcolor=#FFFFFF] [border: (1px solid #A9A9A9)]
        RenderBlock {DIV} at (1,1) size 160x75
          RenderText {#text} at (0,0) size 160x75
            text run at (0,0) width 144: "Lorem ipsum  dolor"
            text run at (143,0) width 9: " "
            text run at (0,15) width 160: "ABCDEFGHIJKLMNOPQRST"
            text run at (0,30) width 48: "UVWXYZ"
            text run at (47,30) width 9: " "
            text run at (0,45) width 160: "abcdefghijklmnopqrst"
            text run at (0,60) width 16: "uv"
    layer at (11,186) size 179x34 clip at (12,187) size 162x32 scrollHeight 77
      RenderTextControl {TEXTAREA} at (11,41) size 179x34 [bgcolor=#FFFFFF] [border: (1px solid #A9A9A9)]
        RenderBlock {DIV} at (3,3) size 160x75
          RenderText {#text} at (0,0) size 160x75
            text run at (0,0) width 144: "Lorem ipsum  dolor"
            text run at (143,0) width 9: " "
            text run at (0,15) width 160: "ABCDEFGHIJKLMNOPQRST"
            text run at (0,30) width 48: "UVWXYZ"
            text run at (47,30) width 9: " "
            text run at (0,45) width 160: "abcdefghijklmnopqrst"
            text run at (0,60) width 16: "uv"
    layer at (202,196) size 179x34 clip at (203,197) size 162x32 scrollHeight 77
      RenderTextControl {TEXTAREA} at (1,31) size 179x34 [bgcolor=#FFFFFF] [border: (1px solid #A9A9A9)]
        RenderBlock {DIV} at (3,3) size 160x75
          RenderText {#text} at (0,0) size 160x75
            text run at (0,0) width 144: "Lorem ipsum  dolor"
            text run at (143,0) width 9: " "
            text run at (0,15) width 160: "ABCDEFGHIJKLMNOPQRST"
            text run at (0,30) width 48: "UVWXYZ"
            text run at (47,30) width 9: " "
            text run at (0,45) width 160: "abcdefghijklmnopqrst"
            text run at (0,60) width 16: "uv"
    layer at (383,196) size 60x34 clip at (384,197) size 43x32 scrollHeight 227
      RenderTextControl {TEXTAREA} at (1,31) size 60x34 [bgcolor=#FFFFFF] [border: (1px solid #A9A9A9)]
        RenderBlock {DIV} at (3,3) size 41x225
          RenderText {#text} at (0,0) size 41x225
            text run at (0,0) width 40: "Lorem"
            text run at (39,0) width 2: " "
            text run at (0,15) width 40: "ipsum"
            text run at (0,30) width 16: "  "
            text run at (0,45) width 40: "dolor"
            text run at (39,45) width 2: " "
            text run at (0,60) width 40: "ABCDE"
            text run at (0,75) width 40: "FGHIJ"
            text run at (0,90) width 40: "KLMNO"
            text run at (0,105) width 40: "PQRST"
            text run at (0,120) width 40: "UVWXY"
            text run at (0,135) width 8: "Z"
            text run at (7,135) width 9: " "
            text run at (0,150) width 40: "abcde"
            text run at (0,165) width 40: "fghij"
            text run at (0,180) width 40: "klmno"
            text run at (0,195) width 40: "pqrst"
            text run at (0,210) width 16: "uv"
    layer at (465,158) size 60x72 clip at (466,159) size 43x70 scrollHeight 1060
      RenderTextControl {TEXTAREA} at (1,46) size 60x72 [bgcolor=#FFFFFF] [border: (1px solid #A9A9A9)]
        RenderBlock {DIV} at (21,21) size 3x1020
          RenderText {#text} at (0,0) size 8x1020
            text run at (0,0) width 8: "L"
            text run at (0,15) width 8: "o"
            text run at (0,30) width 8: "r"
            text run at (0,45) width 8: "e"
            text run at (0,60) width 8: "m"
            text run at (0,75) width 3: " "
            text run at (0,90) width 8: "i"
            text run at (0,105) width 8: "p"
            text run at (0,120) width 8: "s"
            text run at (0,135) width 8: "u"
            text run at (0,150) width 8: "m"
            text run at (0,165) width 3: " "
            text run at (0,180) width 3: " "
            text run at (0,195) width 8: "d"
            text run at (0,210) width 8: "o"
            text run at (0,225) width 8: "l"
            text run at (0,240) width 8: "o"
            text run at (0,255) width 8: "r"
            text run at (0,270) width 3: " "
            text run at (0,285) width 8: "A"
            text run at (0,300) width 8: "B"
            text run at (0,315) width 8: "C"
            text run at (0,330) width 8: "D"
            text run at (0,345) width 8: "E"
            text run at (0,360) width 8: "F"
            text run at (0,375) width 8: "G"
            text run at (0,390) width 8: "H"
            text run at (0,405) width 8: "I"
            text run at (0,420) width 8: "J"
            text run at (0,435) width 8: "K"
            text run at (0,450) width 8: "L"
            text run at (0,465) width 8: "M"
            text run at (0,480) width 8: "N"
            text run at (0,495) width 8: "O"
            text run at (0,510) width 8: "P"
            text run at (0,525) width 8: "Q"
            text run at (0,540) width 8: "R"
            text run at (0,555) width 8: "S"
            text run at (0,570) width 8: "T"
            text run at (0,585) width 8: "U"
            text run at (0,600) width 8: "V"
            text run at (0,615) width 8: "W"
            text run at (0,630) width 8: "X"
            text run at (0,645) width 8: "Y"
            text run at (0,660) width 8: "Z"
            text run at (0,675) width 3: " "
            text run at (0,690) width 8: "a"
            text run at (0,705) width 8: "b"
            text run at (0,720) width 8: "c"
            text run at (0,735) width 8: "d"
            text run at (0,750) width 8: "e"
            text run at (0,765) width 8: "f"
            text run at (0,780) width 8: "g"
            text run at (0,795) width 8: "h"
            text run at (0,810) width 8: "i"
            text run at (0,825) width 8: "j"
            text run at (0,840) width 8: "k"
            text run at (0,855) width 8: "l"
            text run at (0,870) width 8: "m"
            text run at (0,885) width 8: "n"
            text run at (0,900) width 8: "o"
            text run at (0,915) width 8: "p"
            text run at (0,930) width 8: "q"
            text run at (0,945) width 8: "r"
            text run at (0,960) width 8: "s"
            text run at (0,975) width 8: "t"
            text run at (0,990) width 8: "u"
            text run at (0,1005) width 8: "v"
    layer at (547,198) size 60x32 clip at (548,199) size 43x30 scrollHeight 225
      RenderTextControl {TEXTAREA} at (1,46) size 60x32 [bgcolor=#FFFFFF] [border: (1px solid #A9A9A9)]
        RenderBlock {DIV} at (1,1) size 43x225
          RenderText {#text} at (0,0) size 43x225
            text run at (0,0) width 40: "Lorem"
            text run at (39,0) width 4: " "
            text run at (0,15) width 40: "ipsum"
            text run at (0,30) width 16: "  "
            text run at (0,45) width 40: "dolor"
            text run at (39,45) width 4: " "
            text run at (0,60) width 40: "ABCDE"
            text run at (0,75) width 40: "FGHIJ"
            text run at (0,90) width 40: "KLMNO"
            text run at (0,105) width 40: "PQRST"
            text run at (0,120) width 40: "UVWXY"
            text run at (0,135) width 8: "Z"
            text run at (7,135) width 9: " "
            text run at (0,150) width 40: "abcde"
            text run at (0,165) width 40: "fghij"
            text run at (0,180) width 40: "klmno"
            text run at (0,195) width 40: "pqrst"
            text run at (0,210) width 16: "uv"
    layer at (1,292) size 179x60 clip at (2,293) size 162x58 scrollHeight 77
      RenderTextControl {TEXTAREA} at (1,31) size 179x60 [bgcolor=#FFFFFF] [border: (1px solid #A9A9A9)]
        RenderBlock {DIV} at (3,3) size 160x75
          RenderText {#text} at (0,0) size 160x75
            text run at (0,0) width 144: "Lorem ipsum  dolor"
            text run at (143,0) width 9: " "
            text run at (0,15) width 160: "ABCDEFGHIJKLMNOPQRST"
            text run at (0,30) width 48: "UVWXYZ"
            text run at (47,30) width 9: " "
            text run at (0,45) width 160: "abcdefghijklmnopqrst"
            text run at (0,60) width 16: "uv"
    layer at (182,292) size 60x60 clip at (183,293) size 43x58 scrollHeight 227
      RenderTextControl {TEXTAREA} at (1,46) size 60x60 [bgcolor=#FFFFFF] [border: (1px solid #A9A9A9)]
        RenderBlock {DIV} at (3,3) size 41x225
          RenderText {#text} at (0,0) size 41x225
            text run at (0,0) width 40: "Lorem"
            text run at (39,0) width 2: " "
            text run at (0,15) width 40: "ipsum"
            text run at (0,30) width 16: "  "
            text run at (0,45) width 40: "dolor"
            text run at (39,45) width 2: " "
            text run at (0,60) width 40: "ABCDE"
            text run at (0,75) width 40: "FGHIJ"
            text run at (0,90) width 40: "KLMNO"
            text run at (0,105) width 40: "PQRST"
            text run at (0,120) width 40: "UVWXY"
            text run at (0,135) width 8: "Z"
            text run at (7,135) width 9: " "
            text run at (0,150) width 40: "abcde"
            text run at (0,165) width 40: "fghij"
            text run at (0,180) width 40: "klmno"
            text run at (0,195) width 40: "pqrst"
            text run at (0,210) width 16: "uv"
    layer at (264,318) size 179x34 clip at (265,319) size 177x32 scrollHeight 77
      RenderTextControl {TEXTAREA} at (1,31) size 179x34 [bgcolor=#FFFFFF] [border: (1px solid #A9A9A9)]
        RenderBlock {DIV} at (3,3) size 175x75
          RenderText {#text} at (0,0) size 168x75
            text run at (0,0) width 144: "Lorem ipsum  dolor"
            text run at (143,0) width 9: " "
            text run at (0,15) width 168: "ABCDEFGHIJKLMNOPQRSTU"
            text run at (0,30) width 40: "VWXYZ"
            text run at (39,30) width 9: " "
            text run at (0,45) width 168: "abcdefghijklmnopqrstu"
            text run at (0,60) width 8: "v"
    layer at (445,303) size 179x49 clip at (446,304) size 162x32 scrollHeight 77
      RenderTextControl {TEXTAREA} at (1,31) size 179x49 [bgcolor=#FFFFFF] [border: (1px solid #A9A9A9)]
        RenderBlock {DIV} at (3,3) size 160x75
          RenderText {#text} at (0,0) size 160x75
            text run at (0,0) width 144: "Lorem ipsum  dolor"
            text run at (143,0) width 9: " "
            text run at (0,15) width 160: "ABCDEFGHIJKLMNOPQRST"
            text run at (0,30) width 48: "UVWXYZ"
            text run at (47,30) width 9: " "
            text run at (0,45) width 160: "abcdefghijklmnopqrst"
            text run at (0,60) width 16: "uv"
    layer at (626,292) size 60x60 clip at (627,293) size 58x58 scrollHeight 167
      RenderTextControl {TEXTAREA} at (1,61) size 60x60 [bgcolor=#FFFFFF] [border: (1px solid #A9A9A9)]
        RenderBlock {DIV} at (3,3) size 56x165
          RenderText {#text} at (0,0) size 56x165
            text run at (0,0) width 40: "Lorem"
            text run at (39,0) width 9: " "
            text run at (0,15) width 40: "ipsum"
            text run at (39,15) width 17: "  "
            text run at (0,30) width 40: "dolor"
            text run at (39,30) width 9: " "
            text run at (0,45) width 56: "ABCDEFG"
            text run at (0,60) width 56: "HIJKLMN"
            text run at (0,75) width 56: "OPQRSTU"
            text run at (0,90) width 40: "VWXYZ"
            text run at (39,90) width 9: " "
            text run at (0,105) width 56: "abcdefg"
            text run at (0,120) width 56: "hijklmn"
            text run at (0,135) width 56: "opqrstu"
            text run at (0,150) width 8: "v"
    layer at (1,414) size 60x60 clip at (2,415) size 43x43 scrollHeight 227
      RenderTextControl {TEXTAREA} at (1,61) size 60x60 [bgcolor=#FFFFFF] [border: (1px solid #A9A9A9)]
        RenderBlock {DIV} at (3,3) size 41x225
          RenderText {#text} at (0,0) size 41x225
            text run at (0,0) width 40: "Lorem"
            text run at (39,0) width 2: " "
            text run at (0,15) width 40: "ipsum"
            text run at (0,30) width 16: "  "
            text run at (0,45) width 40: "dolor"
            text run at (39,45) width 2: " "
            text run at (0,60) width 40: "ABCDE"
            text run at (0,75) width 40: "FGHIJ"
            text run at (0,90) width 40: "KLMNO"
            text run at (0,105) width 40: "PQRST"
            text run at (0,120) width 40: "UVWXY"
            text run at (0,135) width 8: "Z"
            text run at (7,135) width 9: " "
            text run at (0,150) width 40: "abcde"
            text run at (0,165) width 40: "fghij"
            text run at (0,180) width 40: "klmno"
            text run at (0,195) width 40: "pqrst"
            text run at (0,210) width 16: "uv"
    layer at (83,414) size 60x60 clip at (84,415) size 43x58 scrollHeight 227
      RenderTextControl {TEXTAREA} at (1,46) size 60x60 [bgcolor=#FFFFFF] [border: (1px solid #A9A9A9)]
        RenderBlock {DIV} at (3,3) size 41x225
          RenderText {#text} at (0,0) size 41x225
            text run at (0,0) width 40: "Lorem"
            text run at (39,0) width 2: " "
            text run at (0,15) width 40: "ipsum"
            text run at (0,30) width 16: "  "
            text run at (0,45) width 40: "dolor"
            text run at (39,45) width 2: " "
            text run at (0,60) width 40: "ABCDE"
            text run at (0,75) width 40: "FGHIJ"
            text run at (0,90) width 40: "KLMNO"
            text run at (0,105) width 40: "PQRST"
            text run at (0,120) width 40: "UVWXY"
            text run at (0,135) width 8: "Z"
            text run at (7,135) width 9: " "
            text run at (0,150) width 40: "abcde"
            text run at (0,165) width 40: "fghij"
            text run at (0,180) width 40: "klmno"
            text run at (0,195) width 40: "pqrst"
            text run at (0,210) width 16: "uv"
    layer at (165,414) size 60x60 clip at (166,415) size 43x58 scrollHeight 227
      RenderTextControl {TEXTAREA} at (1,46) size 60x60 [bgcolor=#FFFFFF] [border: (1px solid #A9A9A9)]
        RenderBlock {DIV} at (3,3) size 41x225
          RenderText {#text} at (0,0) size 41x225
            text run at (0,0) width 40: "Lorem"
            text run at (39,0) width 2: " "
            text run at (0,15) width 40: "ipsum"
            text run at (0,30) width 16: "  "
            text run at (0,45) width 40: "dolor"
            text run at (39,45) width 2: " "
            text run at (0,60) width 40: "ABCDE"
            text run at (0,75) width 40: "FGHIJ"
            text run at (0,90) width 40: "KLMNO"
            text run at (0,105) width 40: "PQRST"
            text run at (0,120) width 40: "UVWXY"
            text run at (0,135) width 8: "Z"
            text run at (7,135) width 9: " "
            text run at (0,150) width 40: "abcde"
            text run at (0,165) width 40: "fghij"
            text run at (0,180) width 40: "klmno"
            text run at (0,195) width 40: "pqrst"
            text run at (0,210) width 16: "uv"
    layer at (247,414) size 60x60 clip at (248,415) size 43x58 scrollHeight 227
      RenderTextControl {TEXTAREA} at (1,61) size 60x60 [bgcolor=#FFFFFF] [border: (1px solid #A9A9A9)]
        RenderBlock {DIV} at (3,3) size 41x225
          RenderText {#text} at (0,0) size 41x225
            text run at (0,0) width 40: "Lorem"
            text run at (39,0) width 2: " "
            text run at (0,15) width 40: "ipsum"
            text run at (0,30) width 16: "  "
            text run at (0,45) width 40: "dolor"
            text run at (39,45) width 2: " "
            text run at (0,60) width 40: "ABCDE"
            text run at (0,75) width 40: "FGHIJ"
            text run at (0,90) width 40: "KLMNO"
            text run at (0,105) width 40: "PQRST"
            text run at (0,120) width 40: "UVWXY"
            text run at (0,135) width 8: "Z"
            text run at (7,135) width 9: " "
            text run at (0,150) width 40: "abcde"
            text run at (0,165) width 40: "fghij"
            text run at (0,180) width 40: "klmno"
            text run at (0,195) width 40: "pqrst"
            text run at (0,210) width 16: "uv"
    layer at (329,440) size 43x34 clip at (330,441) size 26x32 scrollHeight 347
      RenderTextControl {TEXTAREA} at (1,16) size 43x34 [bgcolor=#FFFFFF] [border: (1px solid #A9A9A9)]
        RenderBlock {DIV} at (3,3) size 24x345
          RenderText {#text} at (0,0) size 24x345
            text run at (0,0) width 24: "Lor"
            text run at (0,15) width 16: "em"
            text run at (15,15) width 9: " "
            text run at (0,30) width 24: "ips"
            text run at (0,45) width 16: "um"
            text run at (15,45) width 9: "  "
            text run at (0,60) width 24: "dol"
            text run at (0,75) width 16: "or"
            text run at (15,75) width 9: " "
            text run at (0,90) width 24: "ABC"
            text run at (0,105) width 24: "DEF"
            text run at (0,120) width 24: "GHI"
            text run at (0,135) width 24: "JKL"
            text run at (0,150) width 24: "MNO"
            text run at (0,165) width 24: "PQR"
            text run at (0,180) width 24: "STU"
            text run at (0,195) width 24: "VWX"
            text run at (0,210) width 16: "YZ"
            text run at (15,210) width 9: " "
            text run at (0,225) width 24: "abc"
            text run at (0,240) width 24: "def"
            text run at (0,255) width 24: "ghi"
            text run at (0,270) width 24: "jkl"
            text run at (0,285) width 24: "mno"
            text run at (0,300) width 24: "pqr"
            text run at (0,315) width 24: "stu"
            text run at (0,330) width 8: "v"
    layer at (411,425) size 179x49 clip at (412,426) size 162x47 scrollHeight 77
      RenderTextControl {TEXTAREA} at (1,16) size 179x49 [bgcolor=#FFFFFF] [border: (1px solid #A9A9A9)]
        RenderBlock {DIV} at (3,3) size 160x75
          RenderText {#text} at (0,0) size 160x75
            text run at (0,0) width 144: "Lorem ipsum  dolor"
            text run at (143,0) width 9: " "
            text run at (0,15) width 160: "ABCDEFGHIJKLMNOPQRST"
            text run at (0,30) width 48: "UVWXYZ"
            text run at (47,30) width 9: " "
            text run at (0,45) width 160: "abcdefghijklmnopqrst"
            text run at (0,60) width 16: "uv"
    layer at (592,440) size 75x34 clip at (593,441) size 58x32 scrollHeight 167
      RenderTextControl {TEXTAREA} at (1,16) size 75x34 [bgcolor=#FFFFFF] [border: (1px solid #A9A9A9)]
        RenderBlock {DIV} at (3,3) size 56x165
          RenderText {#text} at (0,0) size 56x165
            text run at (0,0) width 40: "Lorem"
            text run at (39,0) width 9: " "
            text run at (0,15) width 40: "ipsum"
            text run at (39,15) width 17: "  "
            text run at (0,30) width 40: "dolor"
            text run at (39,30) width 9: " "
            text run at (0,45) width 56: "ABCDEFG"
            text run at (0,60) width 56: "HIJKLMN"
            text run at (0,75) width 56: "OPQRSTU"
            text run at (0,90) width 40: "VWXYZ"
            text run at (39,90) width 9: " "
            text run at (0,105) width 56: "abcdefg"
            text run at (0,120) width 56: "hijklmn"
            text run at (0,135) width 56: "opqrstu"
            text run at (0,150) width 8: "v"
    layer at (1,491) size 179x109 clip at (2,492) size 177x107
      RenderTextControl {TEXTAREA} at (1,16) size 179x109 [bgcolor=#FFFFFF] [border: (1px solid #A9A9A9)]
        RenderBlock {DIV} at (3,3) size 175x75
          RenderText {#text} at (0,0) size 168x75
            text run at (0,0) width 144: "Lorem ipsum  dolor"
            text run at (143,0) width 9: " "
            text run at (0,15) width 168: "ABCDEFGHIJKLMNOPQRSTU"
            text run at (0,30) width 40: "VWXYZ"
            text run at (39,30) width 9: " "
            text run at (0,45) width 168: "abcdefghijklmnopqrstu"
            text run at (0,60) width 8: "v"
    layer at (182,536) size 59x64 clip at (183,537) size 42x62 scrollHeight 227
      RenderTextControl {TEXTAREA} at (1,31) size 59x64 [bgcolor=#FFFFFF] [border: (1px solid #A9A9A9)]
        RenderBlock {DIV} at (3,3) size 40x225
          RenderText {#text} at (0,0) size 40x225
            text run at (0,0) width 40: "Lorem"
            text run at (39,0) width 1: " "
            text run at (0,15) width 40: "ipsum"
            text run at (0,30) width 16: "  "
            text run at (0,45) width 40: "dolor"
            text run at (39,45) width 1: " "
            text run at (0,60) width 40: "ABCDE"
            text run at (0,75) width 40: "FGHIJ"
            text run at (0,90) width 40: "KLMNO"
            text run at (0,105) width 40: "PQRST"
            text run at (0,120) width 40: "UVWXY"
            text run at (0,135) width 8: "Z"
            text run at (7,135) width 9: " "
            text run at (0,150) width 40: "abcde"
            text run at (0,165) width 40: "fghij"
            text run at (0,180) width 40: "klmno"
            text run at (0,195) width 40: "pqrst"
            text run at (0,210) width 16: "uv"
    layer at (264,551) size 179x49 clip at (265,552) size 177x32 scrollWidth 546
      RenderTextControl {TEXTAREA} at (1,16) size 179x49 [bgcolor=#FFFFFF] [border: (1px solid #A9A9A9)]
        RenderBlock {DIV} at (3,3) size 175x15
          RenderText {#text} at (0,0) size 544x15
            text run at (0,0) width 544: "Lorem ipsum  dolor ABCDEFGHIJKLMNOPQRSTUVWXYZ abcdefghijklmnopqrstuv"
    layer at (445,566) size 179x34 clip at (446,567) size 162x32 scrollHeight 77
      RenderTextControl {TEXTAREA} at (1,16) size 179x34 [bgcolor=#FFFFFF] [border: (1px solid #A9A9A9)]
        RenderBlock {DIV} at (3,3) size 160x75
          RenderText {#text} at (0,0) size 160x75
            text run at (0,0) width 144: "Lorem ipsum  dolor"
            text run at (143,0) width 9: " "
            text run at (0,15) width 160: "ABCDEFGHIJKLMNOPQRST"
            text run at (0,30) width 48: "UVWXYZ"
            text run at (47,30) width 9: " "
            text run at (0,45) width 160: "abcdefghijklmnopqrst"
            text run at (0,60) width 16: "uv"
    layer at (1,632) size 179x34 clip at (2,633) size 162x32 scrollHeight 77
      RenderTextControl {TEXTAREA} at (1,16) size 179x34 [bgcolor=#FFFFFF] [border: (1px solid #A9A9A9)]
        RenderBlock {DIV} at (3,3) size 160x75
          RenderText {#text} at (0,0) size 160x75
            text run at (0,0) width 144: "Lorem ipsum  dolor"
            text run at (143,0) width 9: " "
            text run at (0,15) width 160: "ABCDEFGHIJKLMNOPQRST"
            text run at (0,30) width 48: "UVWXYZ"
            text run at (47,30) width 9: " "
            text run at (0,45) width 160: "abcdefghijklmnopqrst"
            text run at (0,60) width 16: "uv"
    layer at (182,632) size 179x34 clip at (183,633) size 162x32 scrollHeight 77
      RenderTextControl {TEXTAREA} at (1,31) size 179x34 [bgcolor=#FFFFFF] [border: (1px solid #A9A9A9)]
        RenderBlock {DIV} at (3,3) size 160x75
          RenderText {#text} at (0,0) size 160x75
            text run at (0,0) width 96: "Lorem ipsum "
            text run at (95,0) width 41: "dolor"
            text run at (0,15) width 160: "ABCDEFGHIJKLMNOPQRST"
            text run at (0,30) width 48: "UVWXYZ"
            text run at (0,45) width 160: "abcdefghijklmnopqrst"
            text run at (0,60) width 16: "uv"
    layer at (363,632) size 179x34 clip at (364,633) size 162x32 scrollHeight 62
      RenderTextControl {TEXTAREA} at (1,31) size 179x34 [bgcolor=#FFFFFF] [border: (1px solid #A9A9A9)]
        RenderBlock {DIV} at (3,3) size 160x60
          RenderText {#text} at (0,0) size 160x60
            text run at (0,0) width 160: "Lorem ipsum  dolor A"
            text run at (0,15) width 160: "BCDEFGHIJKLMNOPQRSTU"
            text run at (0,30) width 160: "VWXYZ abcdefghijklmn"
            text run at (0,45) width 64: "opqrstuv"
    layer at (544,632) size 179x34 clip at (545,633) size 162x32 scrollHeight 77
      RenderTextControl {TEXTAREA} at (1,31) size 179x34 [bgcolor=#FFFFFF] [border: (1px solid #A9A9A9)]
        RenderBlock {DIV} at (3,3) size 160x75
          RenderText {#text} at (0,0) size 160x75
            text run at (0,0) width 144: "Lorem ipsum  dolor"
            text run at (143,0) width 9: " "
            text run at (0,15) width 160: "ABCDEFGHIJKLMNOPQRST"
            text run at (0,30) width 48: "UVWXYZ"
            text run at (47,30) width 9: " "
            text run at (0,45) width 160: "abcdefghijklmnopqrst"
            text run at (0,60) width 16: "uv"
    layer at (1,743) size 179x34 clip at (2,744) size 177x17 scrollWidth 538
      RenderTextControl {TEXTAREA} at (1,31) size 179x34 [bgcolor=#FFFFFF] [border: (1px solid #A9A9A9)]
        RenderBlock {DIV} at (3,3) size 175x15
          RenderText {#text} at (0,0) size 536x15
            text run at (0,0) width 96: "Lorem ipsum "
            text run at (95,0) width 441: "dolor ABCDEFGHIJKLMNOPQRSTUVWXYZ abcdefghijklmnopqrstuv"
    layer at (182,743) size 179x34 clip at (183,744) size 162x32 scrollHeight 77
      RenderTextControl {TEXTAREA} at (1,31) size 179x34 [bgcolor=#FFFFFF] [border: (1px solid #A9A9A9)]
        RenderBlock {DIV} at (3,3) size 160x75
          RenderText {#text} at (0,0) size 160x75
            text run at (0,0) width 96: "Lorem ipsum "
            text run at (95,0) width 41: "dolor"
            text run at (0,15) width 160: "ABCDEFGHIJKLMNOPQRST"
            text run at (0,30) width 48: "UVWXYZ"
            text run at (0,45) width 160: "abcdefghijklmnopqrst"
            text run at (0,60) width 16: "uv"
    layer at (363,728) size 179x49 clip at (364,729) size 162x32 scrollWidth 210 scrollHeight 62
      RenderTextControl {TEXTAREA} at (1,31) size 179x49 [bgcolor=#FFFFFF] [border: (1px solid #A9A9A9)]
        RenderBlock {DIV} at (3,3) size 160x60
          RenderText {#text} at (0,0) size 208x60
            text run at (0,0) width 144: "Lorem ipsum  dolor"
            text run at (143,0) width 9: " "
            text run at (0,15) width 208: "ABCDEFGHIJKLMNOPQRSTUVWXYZ"
            text run at (0,30) width 8: " "
            text run at (0,45) width 176: "abcdefghijklmnopqrstuv"
    layer at (544,728) size 179x49 clip at (545,729) size 162x32 scrollWidth 210 scrollHeight 62
      RenderTextControl {TEXTAREA} at (1,61) size 179x49 [bgcolor=#FFFFFF] [border: (1px solid #A9A9A9)]
        RenderBlock {DIV} at (3,3) size 160x60
          RenderText {#text} at (0,0) size 208x60
            text run at (0,0) width 144: "Lorem ipsum  dolor"
            text run at (143,0) width 9: " "
            text run at (0,15) width 208: "ABCDEFGHIJKLMNOPQRSTUVWXYZ"
            text run at (0,30) width 8: " "
            text run at (0,45) width 176: "abcdefghijklmnopqrstuv"
