layer at (0,0) size 785x1085
  RenderView at (0,0) size 785x600
layer at (0,0) size 785x1085
  RenderBlock {HTML} at (0,0) size 785x1085
    RenderBody {BODY} at (8,8) size 769x584
      RenderBlock (floating) {DIV} at (0,0) size 352x879 [border: (1px solid #FF0000)]
        RenderBlock (anonymous) at (1,1) size 350x14
          RenderText {#text} at (0,-1) size 179x15
            text run at (0,-1) width 179: "Plain textarea with little content"
        RenderBlock {DIV} at (1,15) size 352x43 [border: (1px solid #FF0000)]
          RenderText {#text} at (1,27) size 14x15
            text run at (1,27) width 14: "A "
          RenderText {#text} at (197,27) size 14x15
            text run at (197,27) width 14: " B"
        RenderBlock (anonymous) at (1,58) size 350x14
          RenderText {#text} at (0,-1) size 77x15
            text run at (0,-1) width 77: "Plain textarea"
        RenderBlock {DIV} at (1,72) size 352x43 [border: (1px solid #FF0000)]
          RenderText {#text} at (1,27) size 14x15
            text run at (1,27) width 14: "A "
          RenderText {#text} at (197,27) size 14x15
            text run at (197,27) width 14: " B"
        RenderBlock (anonymous) at (1,115) size 350x14
          RenderText {#text} at (0,-1) size 98x15
            text run at (0,-1) width 98: "Disabled textarea"
        RenderBlock {DIV} at (1,129) size 352x43 [border: (1px solid #FF0000)]
          RenderText {#text} at (1,27) size 14x15
            text run at (1,27) width 14: "A "
          RenderText {#text} at (197,27) size 14x15
            text run at (197,27) width 14: " B"
        RenderBlock (anonymous) at (1,172) size 350x14
          RenderText {#text} at (0,-1) size 123x15
            text run at (0,-1) width 123: "style=\"padding:10px\""
        RenderBlock {DIV} at (1,186) size 352x61 [border: (1px solid #FF0000)]
          RenderText {#text} at (1,45) size 14x15
            text run at (1,45) width 14: "A "
          RenderText {#text} at (215,45) size 14x15
            text run at (215,45) width 14: " B"
        RenderBlock (anonymous) at (1,247) size 350x14
          RenderText {#text} at (0,-1) size 116x15
            text run at (0,-1) width 116: "style=\"padding:0px\""
        RenderBlock {DIV} at (1,261) size 352x41 [border: (1px solid #FF0000)]
          RenderText {#text} at (1,25) size 14x15
            text run at (1,25) width 14: "A "
          RenderText {#text} at (195,25) size 14x15
            text run at (195,25) width 14: " B"
        RenderBlock (anonymous) at (1,302) size 350x14
          RenderText {#text} at (0,-1) size 118x15
            text run at (0,-1) width 118: "style=\"margin:10px\""
        RenderBlock {DIV} at (1,316) size 352x59 [border: (1px solid #FF0000)]
          RenderText {#text} at (1,43) size 14x15
            text run at (1,43) width 14: "A "
          RenderText {#text} at (213,43) size 14x15
            text run at (213,43) width 14: " B"
        RenderBlock (anonymous) at (1,375) size 350x14
          RenderText {#text} at (0,-1) size 111x15
            text run at (0,-1) width 111: "style=\"margin:0px\""
        RenderBlock {DIV} at (1,389) size 352x39 [border: (1px solid #FF0000)]
          RenderText {#text} at (1,23) size 14x15
            text run at (1,23) width 14: "A "
          RenderText {#text} at (193,23) size 14x15
            text run at (193,23) width 14: " B"
        RenderBlock (anonymous) at (1,428) size 350x14
          RenderText {#text} at (0,-1) size 38x15
            text run at (0,-1) width 38: "cols=3"
        RenderBlock {DIV} at (1,442) size 352x43 [border: (1px solid #FF0000)]
          RenderText {#text} at (1,27) size 14x15
            text run at (1,27) width 14: "A "
          RenderText {#text} at (61,27) size 14x15
            text run at (61,27) width 14: " B"
        RenderBlock (anonymous) at (1,485) size 350x14
          RenderText {#text} at (0,-1) size 43x15
            text run at (0,-1) width 43: "rows=3"
        RenderBlock {DIV} at (1,499) size 352x58 [border: (1px solid #FF0000)]
          RenderText {#text} at (1,42) size 14x15
            text run at (1,42) width 14: "A "
          RenderText {#text} at (197,42) size 14x15
            text run at (197,42) width 14: " B"
        RenderBlock (anonymous) at (1,557) size 350x14
          RenderText {#text} at (0,-1) size 45x15
            text run at (0,-1) width 45: "cols=10"
        RenderBlock {DIV} at (1,571) size 352x43 [border: (1px solid #FF0000)]
          RenderText {#text} at (1,27) size 14x15
            text run at (1,27) width 14: "A "
          RenderText {#text} at (117,27) size 14x15
            text run at (117,27) width 14: " B"
        RenderBlock (anonymous) at (1,614) size 350x14
          RenderText {#text} at (0,-1) size 50x15
            text run at (0,-1) width 50: "rows=10"
        RenderBlock {DIV} at (1,628) size 352x163 [border: (1px solid #FF0000)]
          RenderText {#text} at (1,147) size 14x15
            text run at (1,147) width 14: "A "
          RenderText {#text} at (197,147) size 14x15
            text run at (197,147) width 14: " B"
        RenderBlock (anonymous) at (1,791) size 350x14
          RenderText {#text} at (0,-1) size 84x15
            text run at (0,-1) width 84: "cols=5 rows=4"
        RenderBlock {DIV} at (1,805) size 352x73 [border: (1px solid #FF0000)]
          RenderText {#text} at (1,57) size 14x15
            text run at (1,57) width 14: "A "
          RenderText {#text} at (77,57) size 14x15
            text run at (77,57) width 14: " B"
      RenderBlock (floating) {DIV} at (352,0) size 352x1077 [border: (1px solid #FF0000)]
        RenderBlock (anonymous) at (1,1) size 350x14
          RenderText {#text} at (0,-1) size 110x15
            text run at (0,-1) width 110: "style=\"width:60px\""
        RenderBlock {DIV} at (1,15) size 352x43 [border: (1px solid #FF0000)]
          RenderText {#text} at (1,27) size 14x15
            text run at (1,27) width 14: "A "
          RenderText {#text} at (74,27) size 14x15
            text run at (74,27) width 14: " B"
        RenderBlock (anonymous) at (1,58) size 350x14
          RenderText {#text} at (0,-1) size 191x15
            text run at (0,-1) width 191: "style=\"width:60px;padding:20px\""
        RenderBlock {DIV} at (1,72) size 352x81 [border: (1px solid #FF0000)]
          RenderText {#text} at (1,65) size 14x15
            text run at (1,65) width 14: "A "
          RenderText {#text} at (74,65) size 14x15
            text run at (74,65) width 14: " B"
        RenderBlock (anonymous) at (1,153) size 350x14
          RenderText {#text} at (0,-1) size 170x15
            text run at (0,-1) width 170: "style=\"width:60px;padding:0\""
        RenderBlock {DIV} at (1,167) size 352x41 [border: (1px solid #FF0000)]
          RenderText {#text} at (1,25) size 14x15
            text run at (1,25) width 14: "A "
          RenderText {#text} at (74,25) size 14x15
            text run at (74,25) width 14: " B"
        RenderBlock (anonymous) at (1,208) size 350x14
          RenderText {#text} at (0,-1) size 113x15
            text run at (0,-1) width 113: "style=\"height:60px\""
        RenderBlock {DIV} at (1,222) size 352x65 [border: (1px solid #FF0000)]
          RenderText {#text} at (1,49) size 14x15
            text run at (1,49) width 14: "A "
          RenderText {#text} at (197,49) size 14x15
            text run at (197,49) width 14: " B"
        RenderBlock (anonymous) at (1,287) size 350x14
          RenderText {#text} at (0,-1) size 181x15
            text run at (0,-1) width 181: "style=\"width:60px;height:60px\""
        RenderBlock {DIV} at (1,301) size 352x65 [border: (1px solid #FF0000)]
          RenderText {#text} at (1,49) size 14x15
            text run at (1,49) width 14: "A "
          RenderText {#text} at (74,49) size 14x15
            text run at (74,49) width 14: " B"
        RenderBlock (anonymous) at (1,366) size 350x14
          RenderText {#text} at (0,-1) size 139x15
            text run at (0,-1) width 139: "style=\"overflow:hidden\""
        RenderBlock {DIV} at (1,380) size 352x43 [border: (1px solid #FF0000)]
          RenderText {#text} at (1,27) size 14x15
            text run at (1,27) width 14: "A "
          RenderText {#text} at (197,27) size 14x15
            text run at (197,27) width 14: " B"
        RenderBlock (anonymous) at (1,423) size 350x14
          RenderText {#text} at (0,-1) size 132x15
            text run at (0,-1) width 132: "style=\"overflow:scroll\""
        RenderBlock {DIV} at (1,437) size 352x58 [border: (1px solid #FF0000)]
          RenderText {#text} at (1,42) size 14x15
            text run at (1,42) width 14: "A "
          RenderText {#text} at (197,42) size 14x15
            text run at (197,42) width 14: " B"
        RenderBlock (anonymous) at (1,495) size 350x14
          RenderText {#text} at (0,-1) size 277x15
            text run at (0,-1) width 277: "style=\"overflow:hidden;width:60px;height:60px\""
        RenderBlock {DIV} at (1,509) size 352x65 [border: (1px solid #FF0000)]
          RenderText {#text} at (1,49) size 14x15
            text run at (1,49) width 14: "A "
          RenderText {#text} at (74,49) size 14x15
            text run at (74,49) width 14: " B"
        RenderBlock (anonymous) at (1,574) size 350x14
          RenderText {#text} at (0,-1) size 270x15
            text run at (0,-1) width 270: "style=\"overflow:scroll;width:60px;height:60px\""
        RenderBlock {DIV} at (1,588) size 352x65 [border: (1px solid #FF0000)]
          RenderText {#text} at (1,49) size 14x15
            text run at (1,49) width 14: "A "
          RenderText {#text} at (74,49) size 14x15
            text run at (74,49) width 14: " B"
        RenderBlock (anonymous) at (1,653) size 350x14
          RenderText {#text} at (0,-1) size 222x15
            text run at (0,-1) width 222: "cols=5 style=\"width:60px;height:60px\""
        RenderBlock {DIV} at (1,667) size 352x65 [border: (1px solid #FF0000)]
          RenderText {#text} at (1,49) size 14x15
            text run at (1,49) width 14: "A "
          RenderText {#text} at (74,49) size 14x15
            text run at (74,49) width 14: " B"
        RenderBlock (anonymous) at (1,732) size 350x14
          RenderText {#text} at (0,-1) size 226x15
            text run at (0,-1) width 226: "rows=4 style=\"width:60px;height:60px\""
        RenderBlock {DIV} at (1,746) size 352x65 [border: (1px solid #FF0000)]
          RenderText {#text} at (1,49) size 14x15
            text run at (1,49) width 14: "A "
          RenderText {#text} at (74,49) size 14x15
            text run at (74,49) width 14: " B"
        RenderBlock (anonymous) at (1,811) size 350x14
          RenderText {#text} at (0,-1) size 267x15
            text run at (0,-1) width 267: "cols=5 rows=4 style=\"width:60px;height:60px\""
        RenderBlock {DIV} at (1,825) size 352x65 [border: (1px solid #FF0000)]
          RenderText {#text} at (1,49) size 14x15
            text run at (1,49) width 14: "A "
          RenderText {#text} at (74,49) size 14x15
            text run at (74,49) width 14: " B"
        RenderBlock (anonymous) at (1,890) size 350x14
          RenderText {#text} at (0,-1) size 64x15
            text run at (0,-1) width 64: "wrap=\"off\""
        RenderBlock {DIV} at (1,904) size 352x58 [border: (1px solid #FF0000)]
          RenderText {#text} at (1,42) size 14x15
            text run at (1,42) width 14: "A "
          RenderText {#text} at (197,42) size 14x15
            text run at (197,42) width 5: " "
            text run at (201,42) width 10: "B"
        RenderBlock (anonymous) at (1,962) size 350x14
          RenderText {#text} at (0,-1) size 73x15
            text run at (0,-1) width 73: "wrap=\"hard\""
        RenderBlock {DIV} at (1,976) size 352x43 [border: (1px solid #FF0000)]
          RenderText {#text} at (1,27) size 14x15
            text run at (1,27) width 14: "A "
          RenderText {#text} at (197,27) size 14x15
            text run at (197,27) width 5: " "
            text run at (201,27) width 10: "B"
        RenderBlock (anonymous) at (1,1019) size 350x14
          RenderText {#text} at (0,-1) size 69x15
            text run at (0,-1) width 69: "wrap=\"soft\""
        RenderBlock {DIV} at (1,1033) size 352x43 [border: (1px solid #FF0000)]
          RenderText {#text} at (1,27) size 14x15
            text run at (1,27) width 14: "A "
          RenderText {#text} at (197,27) size 14x15
            text run at (197,27) width 5: " "
            text run at (201,27) width 10: "B"
layer at (26,26) size 179x34 clip at (27,27) size 177x32
  RenderTextControl {TEXTAREA} at (16.61,3) size 179x34 [bgcolor=#FFFFFF] [border: (1px solid #A9A9A9)]
    RenderBlock {DIV} at (3,3) size 175x15
      RenderText {#text} at (0,0) size 136x15
        text run at (0,0) width 136: "Lorem ipsum dolor"
layer at (26,83) size 179x34 clip at (27,84) size 162x32 scrollHeight 77
  RenderTextControl {TEXTAREA} at (16.61,3) size 179x34 [bgcolor=#FFFFFF] [border: (1px solid #A9A9A9)]
    RenderBlock {DIV} at (3,3) size 160x75
      RenderText {#text} at (0,0) size 160x75
        text run at (0,0) width 136: "Lorem ipsum dolor"
        text run at (135,0) width 9: " "
        text run at (0,15) width 160: "ABCDEFGHIJKLMNOPQRST"
        text run at (0,30) width 48: "UVWXYZ"
        text run at (47,30) width 9: " "
        text run at (0,45) width 160: "abcdefghijklmnopqrst"
        text run at (0,60) width 16: "uv"
        text run at (15,60) width 9: " "
layer at (26,140) size 179x34 clip at (27,141) size 162x32 scrollHeight 77
  RenderTextControl {TEXTAREA} at (16.61,3) size 179x34 [color=#545454] [bgcolor=#EBEBE4] [border: (1px solid #A9A9A9)]
    RenderBlock {DIV} at (3,3) size 160x75
      RenderText {#text} at (0,0) size 160x75
        text run at (0,0) width 136: "Lorem ipsum dolor"
        text run at (135,0) width 9: " "
        text run at (0,15) width 160: "ABCDEFGHIJKLMNOPQRST"
        text run at (0,30) width 48: "UVWXYZ"
        text run at (47,30) width 9: " "
        text run at (0,45) width 160: "abcdefghijklmnopqrst"
        text run at (0,60) width 16: "uv"
        text run at (15,60) width 9: " "
layer at (26,197) size 197x52 clip at (27,198) size 180x50 scrollHeight 95
  RenderTextControl {TEXTAREA} at (16.61,3) size 197x52 [bgcolor=#FFFFFF] [border: (1px solid #A9A9A9)]
    RenderBlock {DIV} at (11,11) size 160x75
      RenderText {#text} at (0,0) size 160x75
        text run at (0,0) width 136: "Lorem ipsum dolor"
        text run at (135,0) width 9: " "
        text run at (0,15) width 160: "ABCDEFGHIJKLMNOPQRST"
        text run at (0,30) width 48: "UVWXYZ"
        text run at (47,30) width 9: " "
        text run at (0,45) width 160: "abcdefghijklmnopqrst"
        text run at (0,60) width 16: "uv"
        text run at (15,60) width 9: " "
layer at (26,272) size 177x32 clip at (27,273) size 160x30 scrollHeight 75
  RenderTextControl {TEXTAREA} at (16.61,3) size 177x32 [bgcolor=#FFFFFF] [border: (1px solid #A9A9A9)]
    RenderBlock {DIV} at (1,1) size 160x75
      RenderText {#text} at (0,0) size 160x75
        text run at (0,0) width 136: "Lorem ipsum dolor"
        text run at (135,0) width 9: " "
        text run at (0,15) width 160: "ABCDEFGHIJKLMNOPQRST"
        text run at (0,30) width 48: "UVWXYZ"
        text run at (47,30) width 9: " "
        text run at (0,45) width 160: "abcdefghijklmnopqrst"
        text run at (0,60) width 16: "uv"
        text run at (15,60) width 9: " "
layer at (34,335) size 179x34 clip at (35,336) size 162x32 scrollHeight 77
  RenderTextControl {TEXTAREA} at (24.61,11) size 179x34 [bgcolor=#FFFFFF] [border: (1px solid #A9A9A9)]
    RenderBlock {DIV} at (3,3) size 160x75
      RenderText {#text} at (0,0) size 160x75
        text run at (0,0) width 136: "Lorem ipsum dolor"
        text run at (135,0) width 9: " "
        text run at (0,15) width 160: "ABCDEFGHIJKLMNOPQRST"
        text run at (0,30) width 48: "UVWXYZ"
        text run at (47,30) width 9: " "
        text run at (0,45) width 160: "abcdefghijklmnopqrst"
        text run at (0,60) width 16: "uv"
        text run at (15,60) width 9: " "
layer at (24,398) size 179x34 clip at (25,399) size 162x32 scrollHeight 77
  RenderTextControl {TEXTAREA} at (14.61,1) size 179x34 [bgcolor=#FFFFFF] [border: (1px solid #A9A9A9)]
    RenderBlock {DIV} at (3,3) size 160x75
      RenderText {#text} at (0,0) size 160x75
        text run at (0,0) width 136: "Lorem ipsum dolor"
        text run at (135,0) width 9: " "
        text run at (0,15) width 160: "ABCDEFGHIJKLMNOPQRST"
        text run at (0,30) width 48: "UVWXYZ"
        text run at (47,30) width 9: " "
        text run at (0,45) width 160: "abcdefghijklmnopqrst"
        text run at (0,60) width 16: "uv"
        text run at (15,60) width 9: " "
layer at (26,453) size 43x34 clip at (27,454) size 26x32 scrollHeight 347
  RenderTextControl {TEXTAREA} at (16.61,3) size 43x34 [bgcolor=#FFFFFF] [border: (1px solid #A9A9A9)]
    RenderBlock {DIV} at (3,3) size 24x345
      RenderText {#text} at (0,0) size 24x345
        text run at (0,0) width 24: "Lor"
        text run at (0,15) width 16: "em"
        text run at (15,15) width 9: " "
        text run at (0,30) width 24: "ips"
        text run at (0,45) width 16: "um"
        text run at (15,45) width 9: " "
        text run at (0,60) width 24: "dol"
        text run at (0,75) width 16: "or"
        text run at (15,75) width 9: " "
        text run at (0,90) width 24: "ABC"
        text run at (0,105) width 24: "DEF"
        text run at (0,120) width 24: "GHI"
        text run at (0,135) width 24: "JKL"
        text run at (0,150) width 24: "MNO"
        text run at (0,165) width 24: "PQR"
        text run at (0,180) width 24: "STU"
        text run at (0,195) width 24: "VWX"
        text run at (0,210) width 16: "YZ"
        text run at (15,210) width 9: " "
        text run at (0,225) width 24: "abc"
        text run at (0,240) width 24: "def"
        text run at (0,255) width 24: "ghi"
        text run at (0,270) width 24: "jkl"
        text run at (0,285) width 24: "mno"
        text run at (0,300) width 24: "pqr"
        text run at (0,315) width 24: "stu"
        text run at (0,330) width 8: "v"
        text run at (7,330) width 9: " "
layer at (26,510) size 179x49 clip at (27,511) size 162x47 scrollHeight 77
  RenderTextControl {TEXTAREA} at (16.61,3) size 179x49 [bgcolor=#FFFFFF] [border: (1px solid #A9A9A9)]
    RenderBlock {DIV} at (3,3) size 160x75
      RenderText {#text} at (0,0) size 160x75
        text run at (0,0) width 136: "Lorem ipsum dolor"
        text run at (135,0) width 9: " "
        text run at (0,15) width 160: "ABCDEFGHIJKLMNOPQRST"
        text run at (0,30) width 48: "UVWXYZ"
        text run at (47,30) width 9: " "
        text run at (0,45) width 160: "abcdefghijklmnopqrst"
        text run at (0,60) width 16: "uv"
        text run at (15,60) width 9: " "
layer at (26,582) size 99x34 clip at (27,583) size 82x32 scrollHeight 137
  RenderTextControl {TEXTAREA} at (16.61,3) size 99x34 [bgcolor=#FFFFFF] [border: (1px solid #A9A9A9)]
    RenderBlock {DIV} at (3,3) size 80x135
      RenderText {#text} at (0,0) size 80x135
        text run at (0,0) width 40: "Lorem"
        text run at (39,0) width 9: " "
        text run at (0,15) width 40: "ipsum"
        text run at (39,15) width 9: " "
        text run at (0,30) width 40: "dolor"
        text run at (39,30) width 9: " "
        text run at (0,45) width 80: "ABCDEFGHIJ"
        text run at (0,60) width 80: "KLMNOPQRST"
        text run at (0,75) width 48: "UVWXYZ"
        text run at (47,75) width 9: " "
        text run at (0,90) width 80: "abcdefghij"
        text run at (0,105) width 80: "klmnopqrst"
        text run at (0,120) width 16: "uv"
        text run at (15,120) width 9: " "
layer at (26,639) size 179x154 clip at (27,640) size 177x152
  RenderTextControl {TEXTAREA} at (16.61,3) size 179x154 [bgcolor=#FFFFFF] [border: (1px solid #A9A9A9)]
    RenderBlock {DIV} at (3,3) size 175x75
      RenderText {#text} at (0,0) size 168x75
        text run at (0,0) width 136: "Lorem ipsum dolor"
        text run at (135,0) width 9: " "
        text run at (0,15) width 168: "ABCDEFGHIJKLMNOPQRSTU"
        text run at (0,30) width 40: "VWXYZ"
        text run at (39,30) width 9: " "
        text run at (0,45) width 168: "abcdefghijklmnopqrstu"
        text run at (0,60) width 8: "v"
        text run at (7,60) width 9: " "
layer at (26,816) size 59x64 clip at (27,817) size 42x62 scrollHeight 212
  RenderTextControl {TEXTAREA} at (16.61,3) size 59x64 [bgcolor=#FFFFFF] [border: (1px solid #A9A9A9)]
    RenderBlock {DIV} at (3,3) size 40x210
      RenderText {#text} at (0,0) size 40x210
        text run at (0,0) width 40: "Lorem"
        text run at (39,0) width 1: " "
        text run at (0,15) width 40: "ipsum"
        text run at (39,15) width 1: " "
        text run at (0,30) width 40: "dolor"
        text run at (39,30) width 1: " "
        text run at (0,45) width 40: "ABCDE"
        text run at (0,60) width 40: "FGHIJ"
        text run at (0,75) width 40: "KLMNO"
        text run at (0,90) width 40: "PQRST"
        text run at (0,105) width 40: "UVWXY"
        text run at (0,120) width 8: "Z"
        text run at (7,120) width 9: " "
        text run at (0,135) width 40: "abcde"
        text run at (0,150) width 40: "fghij"
        text run at (0,165) width 40: "klmno"
        text run at (0,180) width 40: "pqrst"
        text run at (0,195) width 16: "uv"
        text run at (15,195) width 9: " "
layer at (376,26) size 60x34 clip at (377,27) size 43x32 scrollHeight 212
  RenderTextControl {TEXTAREA} at (14.61,3) size 60x34 [bgcolor=#FFFFFF] [border: (1px solid #A9A9A9)]
    RenderBlock {DIV} at (3,3) size 41x210
      RenderText {#text} at (0,0) size 41x210
        text run at (0,0) width 40: "Lorem"
        text run at (39,0) width 2: " "
        text run at (0,15) width 40: "ipsum"
        text run at (39,15) width 2: " "
        text run at (0,30) width 40: "dolor"
        text run at (39,30) width 2: " "
        text run at (0,45) width 40: "ABCDE"
        text run at (0,60) width 40: "FGHIJ"
        text run at (0,75) width 40: "KLMNO"
        text run at (0,90) width 40: "PQRST"
        text run at (0,105) width 40: "UVWXY"
        text run at (0,120) width 8: "Z"
        text run at (7,120) width 9: " "
        text run at (0,135) width 40: "abcde"
        text run at (0,150) width 40: "fghij"
        text run at (0,165) width 40: "klmno"
        text run at (0,180) width 40: "pqrst"
        text run at (0,195) width 16: "uv"
        text run at (15,195) width 9: " "
layer at (376,83) size 60x72 clip at (377,84) size 43x70 scrollHeight 1060
  RenderTextControl {TEXTAREA} at (14.61,3) size 60x72 [bgcolor=#FFFFFF] [border: (1px solid #A9A9A9)]
    RenderBlock {DIV} at (21,21) size 3x1020
      RenderText {#text} at (0,0) size 8x1020
        text run at (0,0) width 8: "L"
        text run at (0,15) width 8: "o"
        text run at (0,30) width 8: "r"
        text run at (0,45) width 8: "e"
        text run at (0,60) width 8: "m"
        text run at (0,75) width 3: " "
        text run at (0,90) width 8: "i"
        text run at (0,105) width 8: "p"
        text run at (0,120) width 8: "s"
        text run at (0,135) width 8: "u"
        text run at (0,150) width 8: "m"
        text run at (0,165) width 3: " "
        text run at (0,180) width 8: "d"
        text run at (0,195) width 8: "o"
        text run at (0,210) width 8: "l"
        text run at (0,225) width 8: "o"
        text run at (0,240) width 8: "r"
        text run at (0,255) width 3: " "
        text run at (0,270) width 8: "A"
        text run at (0,285) width 8: "B"
        text run at (0,300) width 8: "C"
        text run at (0,315) width 8: "D"
        text run at (0,330) width 8: "E"
        text run at (0,345) width 8: "F"
        text run at (0,360) width 8: "G"
        text run at (0,375) width 8: "H"
        text run at (0,390) width 8: "I"
        text run at (0,405) width 8: "J"
        text run at (0,420) width 8: "K"
        text run at (0,435) width 8: "L"
        text run at (0,450) width 8: "M"
        text run at (0,465) width 8: "N"
        text run at (0,480) width 8: "O"
        text run at (0,495) width 8: "P"
        text run at (0,510) width 8: "Q"
        text run at (0,525) width 8: "R"
        text run at (0,540) width 8: "S"
        text run at (0,555) width 8: "T"
        text run at (0,570) width 8: "U"
        text run at (0,585) width 8: "V"
        text run at (0,600) width 8: "W"
        text run at (0,615) width 8: "X"
        text run at (0,630) width 8: "Y"
        text run at (0,645) width 8: "Z"
        text run at (0,660) width 3: " "
        text run at (0,675) width 8: "a"
        text run at (0,690) width 8: "b"
        text run at (0,705) width 8: "c"
        text run at (0,720) width 8: "d"
        text run at (0,735) width 8: "e"
        text run at (0,750) width 8: "f"
        text run at (0,765) width 8: "g"
        text run at (0,780) width 8: "h"
        text run at (0,795) width 8: "i"
        text run at (0,810) width 8: "j"
        text run at (0,825) width 8: "k"
        text run at (0,840) width 8: "l"
        text run at (0,855) width 8: "m"
        text run at (0,870) width 8: "n"
        text run at (0,885) width 8: "o"
        text run at (0,900) width 8: "p"
        text run at (0,915) width 8: "q"
        text run at (0,930) width 8: "r"
        text run at (0,945) width 8: "s"
        text run at (0,960) width 8: "t"
        text run at (0,975) width 8: "u"
        text run at (0,990) width 8: "v"
        text run at (0,1005) width 3: " "
layer at (376,178) size 60x32 clip at (377,179) size 43x30 scrollHeight 210
  RenderTextControl {TEXTAREA} at (14.61,3) size 60x32 [bgcolor=#FFFFFF] [border: (1px solid #A9A9A9)]
    RenderBlock {DIV} at (1,1) size 43x210
      RenderText {#text} at (0,0) size 43x210
        text run at (0,0) width 40: "Lorem"
        text run at (39,0) width 4: " "
        text run at (0,15) width 40: "ipsum"
        text run at (39,15) width 4: " "
        text run at (0,30) width 40: "dolor"
        text run at (39,30) width 4: " "
        text run at (0,45) width 40: "ABCDE"
        text run at (0,60) width 40: "FGHIJ"
        text run at (0,75) width 40: "KLMNO"
        text run at (0,90) width 40: "PQRST"
        text run at (0,105) width 40: "UVWXY"
        text run at (0,120) width 8: "Z"
        text run at (7,120) width 9: " "
        text run at (0,135) width 40: "abcde"
        text run at (0,150) width 40: "fghij"
        text run at (0,165) width 40: "klmno"
        text run at (0,180) width 40: "pqrst"
        text run at (0,195) width 16: "uv"
        text run at (15,195) width 9: " "
layer at (378,231) size 179x60 clip at (379,232) size 162x58 scrollHeight 77
  RenderTextControl {TEXTAREA} at (16.61,1) size 179x60 [bgcolor=#FFFFFF] [border: (1px solid #A9A9A9)]
    RenderBlock {DIV} at (3,3) size 160x75
      RenderText {#text} at (0,0) size 160x75
        text run at (0,0) width 136: "Lorem ipsum dolor"
        text run at (135,0) width 9: " "
        text run at (0,15) width 160: "ABCDEFGHIJKLMNOPQRST"
        text run at (0,30) width 48: "UVWXYZ"
        text run at (47,30) width 9: " "
        text run at (0,45) width 160: "abcdefghijklmnopqrst"
        text run at (0,60) width 16: "uv"
        text run at (15,60) width 9: " "
layer at (376,310) size 60x60 clip at (377,311) size 43x58 scrollHeight 212
  RenderTextControl {TEXTAREA} at (14.61,1) size 60x60 [bgcolor=#FFFFFF] [border: (1px solid #A9A9A9)]
    RenderBlock {DIV} at (3,3) size 41x210
      RenderText {#text} at (0,0) size 41x210
        text run at (0,0) width 40: "Lorem"
        text run at (39,0) width 2: " "
        text run at (0,15) width 40: "ipsum"
        text run at (39,15) width 2: " "
        text run at (0,30) width 40: "dolor"
        text run at (39,30) width 2: " "
        text run at (0,45) width 40: "ABCDE"
        text run at (0,60) width 40: "FGHIJ"
        text run at (0,75) width 40: "KLMNO"
        text run at (0,90) width 40: "PQRST"
        text run at (0,105) width 40: "UVWXY"
        text run at (0,120) width 8: "Z"
        text run at (7,120) width 9: " "
        text run at (0,135) width 40: "abcde"
        text run at (0,150) width 40: "fghij"
        text run at (0,165) width 40: "klmno"
        text run at (0,180) width 40: "pqrst"
        text run at (0,195) width 16: "uv"
        text run at (15,195) width 9: " "
layer at (378,391) size 179x34 clip at (379,392) size 177x32 scrollHeight 77
  RenderTextControl {TEXTAREA} at (16.61,3) size 179x34 [bgcolor=#FFFFFF] [border: (1px solid #A9A9A9)]
    RenderBlock {DIV} at (3,3) size 175x75
      RenderText {#text} at (0,0) size 168x75
        text run at (0,0) width 136: "Lorem ipsum dolor"
        text run at (135,0) width 9: " "
        text run at (0,15) width 168: "ABCDEFGHIJKLMNOPQRSTU"
        text run at (0,30) width 40: "VWXYZ"
        text run at (39,30) width 9: " "
        text run at (0,45) width 168: "abcdefghijklmnopqrstu"
        text run at (0,60) width 8: "v"
        text run at (7,60) width 9: " "
layer at (378,448) size 179x49 clip at (379,449) size 162x32 scrollHeight 77
  RenderTextControl {TEXTAREA} at (16.61,3) size 179x49 [bgcolor=#FFFFFF] [border: (1px solid #A9A9A9)]
    RenderBlock {DIV} at (3,3) size 160x75
      RenderText {#text} at (0,0) size 160x75
        text run at (0,0) width 136: "Lorem ipsum dolor"
        text run at (135,0) width 9: " "
        text run at (0,15) width 160: "ABCDEFGHIJKLMNOPQRST"
        text run at (0,30) width 48: "UVWXYZ"
        text run at (47,30) width 9: " "
        text run at (0,45) width 160: "abcdefghijklmnopqrst"
        text run at (0,60) width 16: "uv"
        text run at (15,60) width 9: " "
layer at (376,518) size 60x60 clip at (377,519) size 58x58 scrollHeight 167
  RenderTextControl {TEXTAREA} at (14.61,1) size 60x60 [bgcolor=#FFFFFF] [border: (1px solid #A9A9A9)]
    RenderBlock {DIV} at (3,3) size 56x165
      RenderText {#text} at (0,0) size 56x165
        text run at (0,0) width 40: "Lorem"
        text run at (39,0) width 9: " "
        text run at (0,15) width 40: "ipsum"
        text run at (39,15) width 9: " "
        text run at (0,30) width 40: "dolor"
        text run at (39,30) width 9: " "
        text run at (0,45) width 56: "ABCDEFG"
        text run at (0,60) width 56: "HIJKLMN"
        text run at (0,75) width 56: "OPQRSTU"
        text run at (0,90) width 40: "VWXYZ"
        text run at (39,90) width 9: " "
        text run at (0,105) width 56: "abcdefg"
        text run at (0,120) width 56: "hijklmn"
        text run at (0,135) width 56: "opqrstu"
        text run at (0,150) width 8: "v"
        text run at (7,150) width 9: " "
layer at (376,597) size 60x60 clip at (377,598) size 43x43 scrollHeight 212
  RenderTextControl {TEXTAREA} at (14.61,1) size 60x60 [bgcolor=#FFFFFF] [border: (1px solid #A9A9A9)]
    RenderBlock {DIV} at (3,3) size 41x210
      RenderText {#text} at (0,0) size 41x210
        text run at (0,0) width 40: "Lorem"
        text run at (39,0) width 2: " "
        text run at (0,15) width 40: "ipsum"
        text run at (39,15) width 2: " "
        text run at (0,30) width 40: "dolor"
        text run at (39,30) width 2: " "
        text run at (0,45) width 40: "ABCDE"
        text run at (0,60) width 40: "FGHIJ"
        text run at (0,75) width 40: "KLMNO"
        text run at (0,90) width 40: "PQRST"
        text run at (0,105) width 40: "UVWXY"
        text run at (0,120) width 8: "Z"
        text run at (7,120) width 9: " "
        text run at (0,135) width 40: "abcde"
        text run at (0,150) width 40: "fghij"
        text run at (0,165) width 40: "klmno"
        text run at (0,180) width 40: "pqrst"
        text run at (0,195) width 16: "uv"
        text run at (15,195) width 9: " "
layer at (376,676) size 60x60 clip at (377,677) size 43x58 scrollHeight 212
  RenderTextControl {TEXTAREA} at (14.61,1) size 60x60 [bgcolor=#FFFFFF] [border: (1px solid #A9A9A9)]
    RenderBlock {DIV} at (3,3) size 41x210
      RenderText {#text} at (0,0) size 41x210
        text run at (0,0) width 40: "Lorem"
        text run at (39,0) width 2: " "
        text run at (0,15) width 40: "ipsum"
        text run at (39,15) width 2: " "
        text run at (0,30) width 40: "dolor"
        text run at (39,30) width 2: " "
        text run at (0,45) width 40: "ABCDE"
        text run at (0,60) width 40: "FGHIJ"
        text run at (0,75) width 40: "KLMNO"
        text run at (0,90) width 40: "PQRST"
        text run at (0,105) width 40: "UVWXY"
        text run at (0,120) width 8: "Z"
        text run at (7,120) width 9: " "
        text run at (0,135) width 40: "abcde"
        text run at (0,150) width 40: "fghij"
        text run at (0,165) width 40: "klmno"
        text run at (0,180) width 40: "pqrst"
        text run at (0,195) width 16: "uv"
        text run at (15,195) width 9: " "
layer at (376,755) size 60x60 clip at (377,756) size 43x58 scrollHeight 212
  RenderTextControl {TEXTAREA} at (14.61,1) size 60x60 [bgcolor=#FFFFFF] [border: (1px solid #A9A9A9)]
    RenderBlock {DIV} at (3,3) size 41x210
      RenderText {#text} at (0,0) size 41x210
        text run at (0,0) width 40: "Lorem"
        text run at (39,0) width 2: " "
        text run at (0,15) width 40: "ipsum"
        text run at (39,15) width 2: " "
        text run at (0,30) width 40: "dolor"
        text run at (39,30) width 2: " "
        text run at (0,45) width 40: "ABCDE"
        text run at (0,60) width 40: "FGHIJ"
        text run at (0,75) width 40: "KLMNO"
        text run at (0,90) width 40: "PQRST"
        text run at (0,105) width 40: "UVWXY"
        text run at (0,120) width 8: "Z"
        text run at (7,120) width 9: " "
        text run at (0,135) width 40: "abcde"
        text run at (0,150) width 40: "fghij"
        text run at (0,165) width 40: "klmno"
        text run at (0,180) width 40: "pqrst"
        text run at (0,195) width 16: "uv"
        text run at (15,195) width 9: " "
layer at (376,834) size 60x60 clip at (377,835) size 43x58 scrollHeight 212
  RenderTextControl {TEXTAREA} at (14.61,1) size 60x60 [bgcolor=#FFFFFF] [border: (1px solid #A9A9A9)]
    RenderBlock {DIV} at (3,3) size 41x210
      RenderText {#text} at (0,0) size 41x210
        text run at (0,0) width 40: "Lorem"
        text run at (39,0) width 2: " "
        text run at (0,15) width 40: "ipsum"
        text run at (39,15) width 2: " "
        text run at (0,30) width 40: "dolor"
        text run at (39,30) width 2: " "
        text run at (0,45) width 40: "ABCDE"
        text run at (0,60) width 40: "FGHIJ"
        text run at (0,75) width 40: "KLMNO"
        text run at (0,90) width 40: "PQRST"
        text run at (0,105) width 40: "UVWXY"
        text run at (0,120) width 8: "Z"
        text run at (7,120) width 9: " "
        text run at (0,135) width 40: "abcde"
        text run at (0,150) width 40: "fghij"
        text run at (0,165) width 40: "klmno"
        text run at (0,180) width 40: "pqrst"
        text run at (0,195) width 16: "uv"
        text run at (15,195) width 9: " "
layer at (378,915) size 179x49 clip at (379,916) size 162x32 scrollWidth 290 scrollHeight 242
  RenderTextControl {TEXTAREA} at (16.61,3) size 179x49 [bgcolor=#FFFFFF] [border: (1px solid #A9A9A9)]
    RenderBlock {DIV} at (3,3) size 160x240
      RenderText {#text} at (0,0) size 8x15
        text run at (0,0) width 8: " "
      RenderBR {BR} at (7,11) size 1x0
      RenderText {#text} at (0,15) size 288x15
        text run at (0,15) width 288: "This is a text area with wrap=\"soft\""
      RenderBR {BR} at (0,0) size 0x0
      RenderText {#text} at (0,30) size 288x15
        text run at (0,30) width 288: "This is a text area with wrap=\"soft\""
      RenderBR {BR} at (0,0) size 0x0
      RenderText {#text} at (0,45) size 288x15
        text run at (0,45) width 288: "This is a text area with wrap=\"soft\""
      RenderBR {BR} at (0,0) size 0x0
      RenderText {#text} at (0,60) size 288x15
        text run at (0,60) width 288: "This is a text area with wrap=\"soft\""
      RenderBR {BR} at (0,0) size 0x0
      RenderText {#text} at (0,75) size 288x15
        text run at (0,75) width 288: "This is a text area with wrap=\"soft\""
      RenderBR {BR} at (0,0) size 0x0
      RenderText {#text} at (0,90) size 288x15
        text run at (0,90) width 288: "This is a text area with wrap=\"soft\""
      RenderBR {BR} at (0,0) size 0x0
      RenderText {#text} at (0,105) size 288x15
        text run at (0,105) width 288: "This is a text area with wrap=\"soft\""
      RenderBR {BR} at (0,0) size 0x0
      RenderText {#text} at (0,120) size 288x15
        text run at (0,120) width 288: "This is a text area with wrap=\"soft\""
      RenderBR {BR} at (0,0) size 0x0
      RenderText {#text} at (0,135) size 288x15
        text run at (0,135) width 288: "This is a text area with wrap=\"soft\""
      RenderBR {BR} at (0,0) size 0x0
      RenderText {#text} at (0,150) size 288x15
        text run at (0,150) width 288: "This is a text area with wrap=\"soft\""
      RenderBR {BR} at (0,0) size 0x0
      RenderText {#text} at (0,165) size 288x15
        text run at (0,165) width 288: "This is a text area with wrap=\"soft\""
      RenderBR {BR} at (0,0) size 0x0
      RenderText {#text} at (0,180) size 288x15
        text run at (0,180) width 288: "This is a text area with wrap=\"soft\""
      RenderBR {BR} at (0,0) size 0x0
      RenderText {#text} at (0,195) size 288x15
        text run at (0,195) width 288: "This is a text area with wrap=\"soft\""
      RenderBR {BR} at (0,0) size 0x0
      RenderText {#text} at (0,210) size 288x15
        text run at (0,210) width 288: "This is a text area with wrap=\"soft\""
      RenderBR {BR} at (0,0) size 0x0
      RenderBR {BR} at (0,225) size 0x15
layer at (378,987) size 179x34 clip at (379,988) size 162x32 scrollHeight 452
  RenderTextControl {TEXTAREA} at (16.61,3) size 179x34 [bgcolor=#FFFFFF] [border: (1px solid #A9A9A9)]
    RenderBlock {DIV} at (3,3) size 160x450
      RenderText {#text} at (0,0) size 8x15
        text run at (0,0) width 8: " "
      RenderBR {BR} at (7,11) size 1x0
      RenderText {#text} at (0,15) size 160x30
        text run at (0,15) width 152: "This is a text area"
        text run at (151,15) width 9: " "
        text run at (0,30) width 128: "with wrap=\"soft\""
      RenderBR {BR} at (127,41) size 1x0
      RenderText {#text} at (0,45) size 160x30
        text run at (0,45) width 152: "This is a text area"
        text run at (151,45) width 9: " "
        text run at (0,60) width 128: "with wrap=\"soft\""
      RenderBR {BR} at (127,71) size 1x0
      RenderText {#text} at (0,75) size 160x30
        text run at (0,75) width 152: "This is a text area"
        text run at (151,75) width 9: " "
        text run at (0,90) width 128: "with wrap=\"soft\""
      RenderBR {BR} at (127,101) size 1x0
      RenderText {#text} at (0,105) size 160x30
        text run at (0,105) width 152: "This is a text area"
        text run at (151,105) width 9: " "
        text run at (0,120) width 128: "with wrap=\"soft\""
      RenderBR {BR} at (127,131) size 1x0
      RenderText {#text} at (0,135) size 160x30
        text run at (0,135) width 152: "This is a text area"
        text run at (151,135) width 9: " "
        text run at (0,150) width 128: "with wrap=\"soft\""
      RenderBR {BR} at (127,161) size 1x0
      RenderText {#text} at (0,165) size 160x30
        text run at (0,165) width 152: "This is a text area"
        text run at (151,165) width 9: " "
        text run at (0,180) width 128: "with wrap=\"soft\""
      RenderBR {BR} at (127,191) size 1x0
      RenderText {#text} at (0,195) size 160x30
        text run at (0,195) width 152: "This is a text area"
        text run at (151,195) width 9: " "
        text run at (0,210) width 128: "with wrap=\"soft\""
      RenderBR {BR} at (127,221) size 1x0
      RenderText {#text} at (0,225) size 160x30
        text run at (0,225) width 152: "This is a text area"
        text run at (151,225) width 9: " "
        text run at (0,240) width 128: "with wrap=\"soft\""
      RenderBR {BR} at (127,251) size 1x0
      RenderText {#text} at (0,255) size 160x30
        text run at (0,255) width 152: "This is a text area"
        text run at (151,255) width 9: " "
        text run at (0,270) width 128: "with wrap=\"soft\""
      RenderBR {BR} at (127,281) size 1x0
      RenderText {#text} at (0,285) size 160x30
        text run at (0,285) width 152: "This is a text area"
        text run at (151,285) width 9: " "
        text run at (0,300) width 128: "with wrap=\"soft\""
      RenderBR {BR} at (127,311) size 1x0
      RenderText {#text} at (0,315) size 160x30
        text run at (0,315) width 152: "This is a text area"
        text run at (151,315) width 9: " "
        text run at (0,330) width 128: "with wrap=\"soft\""
      RenderBR {BR} at (127,341) size 1x0
      RenderText {#text} at (0,345) size 160x30
        text run at (0,345) width 152: "This is a text area"
        text run at (151,345) width 9: " "
        text run at (0,360) width 128: "with wrap=\"soft\""
      RenderBR {BR} at (127,371) size 1x0
      RenderText {#text} at (0,375) size 160x30
        text run at (0,375) width 152: "This is a text area"
        text run at (151,375) width 9: " "
        text run at (0,390) width 128: "with wrap=\"soft\""
      RenderBR {BR} at (127,401) size 1x0
      RenderText {#text} at (0,405) size 160x30
        text run at (0,405) width 152: "This is a text area"
        text run at (151,405) width 9: " "
        text run at (0,420) width 128: "with wrap=\"soft\""
      RenderBR {BR} at (127,431) size 1x0
      RenderBR {BR} at (0,435) size 0x15
layer at (378,1044) size 179x34 clip at (379,1045) size 162x32 scrollHeight 452
  RenderTextControl {TEXTAREA} at (16.61,3) size 179x34 [bgcolor=#FFFFFF] [border: (1px solid #A9A9A9)]
    RenderBlock {DIV} at (3,3) size 160x450
      RenderText {#text} at (0,0) size 8x15
        text run at (0,0) width 8: " "
      RenderBR {BR} at (7,11) size 1x0
      RenderText {#text} at (0,15) size 160x30
        text run at (0,15) width 152: "This is a text area"
        text run at (151,15) width 9: " "
        text run at (0,30) width 128: "with wrap=\"soft\""
      RenderBR {BR} at (127,41) size 1x0
      RenderText {#text} at (0,45) size 160x30
        text run at (0,45) width 152: "This is a text area"
        text run at (151,45) width 9: " "
        text run at (0,60) width 128: "with wrap=\"soft\""
      RenderBR {BR} at (127,71) size 1x0
      RenderText {#text} at (0,75) size 160x30
        text run at (0,75) width 152: "This is a text area"
        text run at (151,75) width 9: " "
        text run at (0,90) width 128: "with wrap=\"soft\""
      RenderBR {BR} at (127,101) size 1x0
      RenderText {#text} at (0,105) size 160x30
        text run at (0,105) width 152: "This is a text area"
        text run at (151,105) width 9: " "
        text run at (0,120) width 128: "with wrap=\"soft\""
      RenderBR {BR} at (127,131) size 1x0
      RenderText {#text} at (0,135) size 160x30
        text run at (0,135) width 152: "This is a text area"
        text run at (151,135) width 9: " "
        text run at (0,150) width 128: "with wrap=\"soft\""
      RenderBR {BR} at (127,161) size 1x0
      RenderText {#text} at (0,165) size 160x30
        text run at (0,165) width 152: "This is a text area"
        text run at (151,165) width 9: " "
        text run at (0,180) width 128: "with wrap=\"soft\""
      RenderBR {BR} at (127,191) size 1x0
      RenderText {#text} at (0,195) size 160x30
        text run at (0,195) width 152: "This is a text area"
        text run at (151,195) width 9: " "
        text run at (0,210) width 128: "with wrap=\"soft\""
      RenderBR {BR} at (127,221) size 1x0
      RenderText {#text} at (0,225) size 160x30
        text run at (0,225) width 152: "This is a text area"
        text run at (151,225) width 9: " "
        text run at (0,240) width 128: "with wrap=\"soft\""
      RenderBR {BR} at (127,251) size 1x0
      RenderText {#text} at (0,255) size 160x30
        text run at (0,255) width 152: "This is a text area"
        text run at (151,255) width 9: " "
        text run at (0,270) width 128: "with wrap=\"soft\""
      RenderBR {BR} at (127,281) size 1x0
      RenderText {#text} at (0,285) size 160x30
        text run at (0,285) width 152: "This is a text area"
        text run at (151,285) width 9: " "
        text run at (0,300) width 128: "with wrap=\"soft\""
      RenderBR {BR} at (127,311) size 1x0
      RenderText {#text} at (0,315) size 160x30
        text run at (0,315) width 152: "This is a text area"
        text run at (151,315) width 9: " "
        text run at (0,330) width 128: "with wrap=\"soft\""
      RenderBR {BR} at (127,341) size 1x0
      RenderText {#text} at (0,345) size 160x30
        text run at (0,345) width 152: "This is a text area"
        text run at (151,345) width 9: " "
        text run at (0,360) width 128: "with wrap=\"soft\""
      RenderBR {BR} at (127,371) size 1x0
      RenderText {#text} at (0,375) size 160x30
        text run at (0,375) width 152: "This is a text area"
        text run at (151,375) width 9: " "
        text run at (0,390) width 128: "with wrap=\"soft\""
      RenderBR {BR} at (127,401) size 1x0
      RenderText {#text} at (0,405) size 160x30
        text run at (0,405) width 152: "This is a text area"
        text run at (151,405) width 9: " "
        text run at (0,420) width 128: "with wrap=\"soft\""
      RenderBR {BR} at (127,431) size 1x0
      RenderBR {BR} at (0,435) size 0x15
