layer at (0,0) size 800x600
  RenderView at (0,0) size 800x600
layer at (0,0) size 800x600
  RenderBlock {HTML} at (0,0) size 800x600
    RenderBody {BODY} at (8,8) size 784x584
      RenderButton {INPUT} at (2,2) size 57.50x21 [bgcolor=#C0C0C0] [border: (2px outset #C0C0C0)]
        RenderBlock (anonymous) at (8,3) size 41.50x15
          RenderText {#text} at (0,0) size 42x15
            text run at (0,0) width 42: "Submit"
      RenderBR {BR} at (61,17) size 1x0
      RenderButton {INPUT} at (2,27) size 50.83x21 [bgcolor=#C0C0C0] [border: (2px outset #C0C0C0)]
        RenderBlock (anonymous) at (8,3) size 34.83x15
          RenderText {#text} at (0,0) size 35x15
            text run at (0,0) width 35: "Reset"
      RenderBR {BR} at (54,42) size 1x0
