layer at (0,0) size 800x600
  RenderView at (0,0) size 800x600
layer at (0,0) size 800x600
  RenderBlock {HTML} at (0,0) size 800x600
    RenderBody {BODY} at (8,8) size 784x576
      RenderBlock {P} at (0,0) size 784x36
        RenderText {#text} at (0,0) size 55x17
          text run at (0,0) width 55: "Test for "
        RenderInline {I} at (0,0) size 760x35
          RenderInline {A} at (0,0) size 306x17 [color=#0000EE]
            RenderText {#text} at (54,0) size 306x17
              text run at (54,0) width 306: "http://bugs.webkit.org/show_bug.cgi?id=15181"
          RenderText {#text} at (359,0) size 760x35
            text run at (359,0) width 5: " "
            text run at (363,0) width 397: "text-transform: uppercase not working in input (submit, reset,"
            text run at (0,18) width 107: "button) elements"
        RenderText {#text} at (106,18) size 5x17
          text run at (106,18) width 5: "."
      RenderBlock {P} at (0,52) size 784x21
        RenderButton {BUTTON} at (0,0) size 98.23x21 [bgcolor=#C0C0C0] [border: (2px outset #C0C0C0)]
          RenderBlock (anonymous) at (8,3) size 82.23x15
            RenderText {#text} at (0,0) size 83x15
              text run at (0,0) width 83: "UPPERCASE"
        RenderText {#text} at (98,1) size 5x17
          text run at (98,1) width 5: " "
        RenderButton {BUTTON} at (102.23,0) size 76.02x21 [bgcolor=#C0C0C0] [border: (2px outset #C0C0C0)]
          RenderBlock (anonymous) at (8,3) size 60.02x15
            RenderText {#text} at (0,0) size 61x15
              text run at (0,0) width 61: "lowercase"
        RenderText {#text} at (178,1) size 5x17
          text run at (178,1) width 5: " "
        RenderButton {BUTTON} at (182.25,0) size 74.55x21 [bgcolor=#C0C0C0] [border: (2px outset #C0C0C0)]
          RenderBlock (anonymous) at (8,3) size 58.55x15
            RenderText {#text} at (0,0) size 59x15
              text run at (0,0) width 59: "Capitalize"
        RenderText {#text} at (0,0) size 0x0
      RenderBlock {P} at (0,89) size 784x21
        RenderButton {INPUT} at (0,0) size 98.23x21 [bgcolor=#C0C0C0] [border: (2px outset #C0C0C0)]
          RenderBlock (anonymous) at (8,3) size 82.23x15
            RenderText {#text} at (0,0) size 83x15
              text run at (0,0) width 83: "UPPERCASE"
        RenderText {#text} at (98,1) size 5x17
          text run at (98,1) width 5: " "
        RenderButton {INPUT} at (102.23,0) size 76.02x21 [bgcolor=#C0C0C0] [border: (2px outset #C0C0C0)]
          RenderBlock (anonymous) at (8,3) size 60.02x15
            RenderText {#text} at (0,0) size 61x15
              text run at (0,0) width 61: "lowercase"
        RenderText {#text} at (178,1) size 5x17
          text run at (178,1) width 5: " "
        RenderButton {INPUT} at (182.25,0) size 74.55x21 [bgcolor=#C0C0C0] [border: (2px outset #C0C0C0)]
          RenderBlock (anonymous) at (8,3) size 58.55x15
            RenderText {#text} at (0,0) size 59x15
              text run at (0,0) width 59: "Capitalize"
        RenderText {#text} at (0,0) size 0x0
