layer at (0,0) size 800x600
  RenderView at (0,0) size 800x600
layer at (0,0) size 800x600
  RenderBlock {HTML} at (0,0) size 800x600
    RenderBody {BODY} at (8,8) size 784x584
      RenderButton {BUTTON} at (0,0) size 84.17x21 [bgcolor=#C0C0C0] [border: (2px outset #C0C0C0)]
        RenderBlock (anonymous) at (8,3) size 68.17x15
          RenderText {#text} at (0,0) size 69x15
            text run at (0,0) width 69: "Test Button"
      RenderText {#text} at (84,1) size 5x17
        text run at (84,1) width 5: " "
      RenderButton {BUTTON} at (88.17,0) size 84.17x21 [color=#FF0000] [bgcolor=#C0C0C0] [border: (2px outset #C0C0C0)]
        RenderBlock (anonymous) at (8,3) size 68.17x15
          RenderText {#text} at (0,0) size 69x15
            text run at (0,0) width 69: "Test Button"
      RenderText {#text} at (172,1) size 5x17
        text run at (172,1) width 5: " "
      RenderButton {BUTTON} at (176.34,0) size 84.17x21 [bgcolor=#008000] [border: (2px outset #C0C0C0)]
        RenderBlock (anonymous) at (8,3) size 68.17x15
          RenderText {#text} at (0,0) size 69x15
            text run at (0,0) width 69: "Test Button"
      RenderText {#text} at (260,1) size 5x17
        text run at (260,1) width 5: " "
      RenderButton {BUTTON} at (264.52,0) size 84.17x21 [color=#FF0000] [bgcolor=#008000] [border: (2px outset #C0C0C0)]
        RenderBlock (anonymous) at (8,3) size 68.17x15
          RenderText {#text} at (0,0) size 69x15
            text run at (0,0) width 69: "Test Button"
      RenderText {#text} at (348,1) size 5x17
        text run at (348,1) width 5: " "
      RenderButton {INPUT} at (352.69,0) size 84.17x21 [bgcolor=#C0C0C0] [border: (2px outset #C0C0C0)]
        RenderBlock (anonymous) at (8,3) size 68.17x15
          RenderText {#text} at (0,0) size 69x15
            text run at (0,0) width 69: "Test Button"
      RenderText {#text} at (436,1) size 5x17
        text run at (436,1) width 5: " "
      RenderButton {INPUT} at (440.86,0) size 84.17x21 [color=#FF0000] [bgcolor=#C0C0C0] [border: (2px outset #C0C0C0)]
        RenderBlock (anonymous) at (8,3) size 68.17x15
          RenderText {#text} at (0,0) size 69x15
            text run at (0,0) width 69: "Test Button"
      RenderText {#text} at (525,1) size 5x17
        text run at (525,1) width 5: " "
      RenderButton {INPUT} at (529.03,0) size 84.17x21 [bgcolor=#008000] [border: (2px outset #C0C0C0)]
        RenderBlock (anonymous) at (8,3) size 68.17x15
          RenderText {#text} at (0,0) size 69x15
            text run at (0,0) width 69: "Test Button"
      RenderText {#text} at (613,1) size 5x17
        text run at (613,1) width 5: " "
      RenderButton {INPUT} at (617.20,0) size 84.17x21 [color=#FF0000] [bgcolor=#008000] [border: (2px outset #C0C0C0)]
        RenderBlock (anonymous) at (8,3) size 68.17x15
          RenderText {#text} at (0,0) size 69x15
            text run at (0,0) width 69: "Test Button"
      RenderText {#text} at (0,0) size 0x0
