layer at (0,0) size 800x600
  RenderView at (0,0) size 800x600
layer at (0,0) size 800x600
  RenderBlock {HTML} at (0,0) size 800x600
    RenderBody {BODY} at (8,8) size 784x584
      RenderBlock (anonymous) at (0,0) size 784x18
        RenderText {#text} at (0,0) size 351x17
          text run at (0,0) width 351: "This tests that buttons don't honor table display styles. "
        RenderBR {BR} at (350,14) size 1x0
      RenderButton {INPUT} at (0,18) size 93.81x21 [bgcolor=#C0C0C0] [border: (2px outset #C0C0C0)]
        RenderBlock (anonymous) at (8,3) size 77.81x15
          RenderText {#text} at (0,0) size 78x15
            text run at (0,0) width 78: "display: table"
      RenderButton {INPUT} at (0,39) size 93.81x21 [bgcolor=#C0C0C0] [border: (2px outset #C0C0C0)]
        RenderBlock (anonymous) at (8,3) size 77.81x15
          RenderText {#text} at (0,0) size 78x15
            text run at (0,0) width 78: "display: table"
      RenderBlock (anonymous) at (0,60) size 784x369
        RenderBR {BR} at (0,0) size 0x17
        RenderBR {BR} at (0,18) size 0x17
        RenderButton {INPUT} at (0,36) size 129.38x21 [bgcolor=#C0C0C0] [border: (2px outset #C0C0C0)]
          RenderBlock (anonymous) at (8,3) size 113.38x15
            RenderText {#text} at (0,0) size 114x15
              text run at (0,0) width 114: "display: inline-table"
        RenderText {#text} at (129,37) size 5x17
          text run at (129,37) width 5: " "
        RenderButton {INPUT} at (133.38,36) size 129.38x21 [bgcolor=#C0C0C0] [border: (2px outset #C0C0C0)]
          RenderBlock (anonymous) at (8,3) size 113.38x15
            RenderText {#text} at (0,0) size 114x15
              text run at (0,0) width 114: "display: inline-table"
        RenderText {#text} at (262,37) size 5x17
          text run at (262,37) width 5: " "
        RenderBR {BR} at (266,51) size 1x0
        RenderBR {BR} at (0,57) size 0x17
        RenderButton {INPUT} at (0,75) size 158.27x21 [bgcolor=#C0C0C0] [border: (2px outset #C0C0C0)]
          RenderBlock (anonymous) at (8,3) size 142.27x15
            RenderText {#text} at (0,0) size 143x15
              text run at (0,0) width 143: "display: table-row-group"
        RenderText {#text} at (158,76) size 5x17
          text run at (158,76) width 5: " "
        RenderButton {INPUT} at (162.27,75) size 158.27x21 [bgcolor=#C0C0C0] [border: (2px outset #C0C0C0)]
          RenderBlock (anonymous) at (8,3) size 142.27x15
            RenderText {#text} at (0,0) size 143x15
              text run at (0,0) width 143: "display: table-row-group"
        RenderText {#text} at (320,76) size 5x17
          text run at (320,76) width 5: " "
        RenderBR {BR} at (324,90) size 1x0
        RenderBR {BR} at (0,96) size 0x17
        RenderButton {INPUT} at (0,114) size 178.30x21 [bgcolor=#C0C0C0] [border: (2px outset #C0C0C0)]
          RenderBlock (anonymous) at (8,3) size 162.30x15
            RenderText {#text} at (0,0) size 163x15
              text run at (0,0) width 163: "display: table-header-group"
        RenderText {#text} at (178,115) size 5x17
          text run at (178,115) width 5: " "
        RenderButton {INPUT} at (182.30,114) size 178.30x21 [bgcolor=#C0C0C0] [border: (2px outset #C0C0C0)]
          RenderBlock (anonymous) at (8,3) size 162.30x15
            RenderText {#text} at (0,0) size 163x15
              text run at (0,0) width 163: "display: table-header-group"
        RenderText {#text} at (360,115) size 5x17
          text run at (360,115) width 5: " "
        RenderBR {BR} at (364,129) size 1x0
        RenderBR {BR} at (0,135) size 0x17
        RenderButton {INPUT} at (0,153) size 170.88x21 [bgcolor=#C0C0C0] [border: (2px outset #C0C0C0)]
          RenderBlock (anonymous) at (8,3) size 154.88x15
            RenderText {#text} at (0,0) size 155x15
              text run at (0,0) width 155: "display: table-footer-group"
        RenderText {#text} at (170,154) size 5x17
          text run at (170,154) width 5: " "
        RenderButton {INPUT} at (174.88,153) size 170.88x21 [bgcolor=#C0C0C0] [border: (2px outset #C0C0C0)]
          RenderBlock (anonymous) at (8,3) size 154.88x15
            RenderText {#text} at (0,0) size 155x15
              text run at (0,0) width 155: "display: table-footer-group"
        RenderText {#text} at (345,154) size 5x17
          text run at (345,154) width 5: " "
        RenderBR {BR} at (349,168) size 1x0
        RenderBR {BR} at (0,174) size 0x17
        RenderButton {INPUT} at (0,192) size 119.73x21 [bgcolor=#C0C0C0] [border: (2px outset #C0C0C0)]
          RenderBlock (anonymous) at (8,3) size 103.73x15
            RenderText {#text} at (0,0) size 104x15
              text run at (0,0) width 104: "display: table-row"
        RenderText {#text} at (119,193) size 5x17
          text run at (119,193) width 5: " "
        RenderButton {INPUT} at (123.73,192) size 119.73x21 [bgcolor=#C0C0C0] [border: (2px outset #C0C0C0)]
          RenderBlock (anonymous) at (8,3) size 103.73x15
            RenderText {#text} at (0,0) size 104x15
              text run at (0,0) width 104: "display: table-row"
        RenderText {#text} at (243,193) size 5x17
          text run at (243,193) width 5: " "
        RenderBR {BR} at (247,207) size 1x0
        RenderBR {BR} at (0,213) size 0x17
        RenderButton {INPUT} at (0,231) size 179.75x21 [bgcolor=#C0C0C0] [border: (2px outset #C0C0C0)]
          RenderBlock (anonymous) at (8,3) size 163.75x15
            RenderText {#text} at (0,0) size 164x15
              text run at (0,0) width 164: "display: table-column-group"
        RenderText {#text} at (179,232) size 5x17
          text run at (179,232) width 5: " "
        RenderButton {INPUT} at (183.75,231) size 179.75x21 [bgcolor=#C0C0C0] [border: (2px outset #C0C0C0)]
          RenderBlock (anonymous) at (8,3) size 163.75x15
            RenderText {#text} at (0,0) size 164x15
              text run at (0,0) width 164: "display: table-column-group"
        RenderText {#text} at (363,232) size 5x17
          text run at (363,232) width 5: " "
        RenderBR {BR} at (367,246) size 1x0
        RenderBR {BR} at (0,252) size 0x17
        RenderButton {INPUT} at (0,270) size 141.22x21 [bgcolor=#C0C0C0] [border: (2px outset #C0C0C0)]
          RenderBlock (anonymous) at (8,3) size 125.22x15
            RenderText {#text} at (0,0) size 126x15
              text run at (0,0) width 126: "display: table-column"
        RenderText {#text} at (141,271) size 5x17
          text run at (141,271) width 5: " "
        RenderButton {INPUT} at (145.22,270) size 141.22x21 [bgcolor=#C0C0C0] [border: (2px outset #C0C0C0)]
          RenderBlock (anonymous) at (8,3) size 125.22x15
            RenderText {#text} at (0,0) size 126x15
              text run at (0,0) width 126: "display: table-column"
        RenderText {#text} at (286,271) size 5x17
          text run at (286,271) width 5: " "
        RenderBR {BR} at (290,285) size 1x0
        RenderBR {BR} at (0,291) size 0x17
        RenderButton {INPUT} at (0,309) size 118.25x21 [bgcolor=#C0C0C0] [border: (2px outset #C0C0C0)]
          RenderBlock (anonymous) at (8,3) size 102.25x15
            RenderText {#text} at (0,0) size 103x15
              text run at (0,0) width 103: "display: table-cell"
        RenderText {#text} at (118,310) size 5x17
          text run at (118,310) width 5: " "
        RenderButton {INPUT} at (122.25,309) size 118.25x21 [bgcolor=#C0C0C0] [border: (2px outset #C0C0C0)]
          RenderBlock (anonymous) at (8,3) size 102.25x15
            RenderText {#text} at (0,0) size 103x15
              text run at (0,0) width 103: "display: table-cell"
        RenderText {#text} at (240,310) size 5x17
          text run at (240,310) width 5: " "
        RenderBR {BR} at (244,324) size 1x0
        RenderBR {BR} at (0,330) size 0x17
        RenderButton {INPUT} at (0,348) size 141.23x21 [bgcolor=#C0C0C0] [border: (2px outset #C0C0C0)]
          RenderBlock (anonymous) at (8,3) size 125.23x15
            RenderText {#text} at (0,0) size 126x15
              text run at (0,0) width 126: "display: table-caption"
        RenderText {#text} at (141,349) size 5x17
          text run at (141,349) width 5: " "
        RenderButton {INPUT} at (145.23,348) size 141.23x21 [bgcolor=#C0C0C0] [border: (2px outset #C0C0C0)]
          RenderBlock (anonymous) at (8,3) size 125.23x15
            RenderText {#text} at (0,0) size 126x15
              text run at (0,0) width 126: "display: table-caption"
        RenderText {#text} at (0,0) size 0x0
