layer at (0,0) size 785x650
  RenderView at (0,0) size 785x600
layer at (0,0) size 785x650
  RenderBlock {HTML} at (0,0) size 785x650.16
    RenderBody {BODY} at (8,8) size 769x634.16
      RenderBlock {H3} at (0,0) size 769x21
        RenderText {#text} at (0,0) size 190x20
          text run at (0,0) width 190: "<input type=\"submit\">"
      RenderBlock {P} at (0,39.72) size 769x18
        RenderText {#text} at (0,0) size 352x17
          text run at (0,0) width 352: "This button should have the default submit button title:"
      RenderBlock (anonymous) at (0,73.72) size 769x21
        RenderButton {INPUT} at (0,0) size 80x21 [bgcolor=#008000] [border: (2px outset #C0C0C0)]
          RenderBlock (anonymous) at (8,3) size 64x15
            RenderText {#text} at (11,0) size 42x15
              text run at (11,0) width 42: "Submit"
        RenderText {#text} at (0,0) size 0x0
      RenderBlock {P} at (0,110.72) size 769x18
        RenderText {#text} at (0,0) size 300x17
          text run at (0,0) width 300: "This button should should have the title \"Foo\":"
      RenderBlock (anonymous) at (0,144.72) size 769x21
        RenderButton {INPUT} at (0,0) size 80x21 [bgcolor=#008000] [border: (2px outset #C0C0C0)]
          RenderBlock (anonymous) at (8,3) size 64x15
            RenderText {#text} at (20,0) size 24x15
              text run at (20,0) width 24: "Foo"
        RenderText {#text} at (0,0) size 0x0
      RenderBlock {P} at (0,181.72) size 769x18
        RenderText {#text} at (0,0) size 316x17
          text run at (0,0) width 316: "This button should have a single space in its title:"
      RenderBlock (anonymous) at (0,215.72) size 769x21
        RenderButton {INPUT} at (0,0) size 80x21 [bgcolor=#008000] [border: (2px outset #C0C0C0)]
          RenderBlock (anonymous) at (8,3) size 64x15
            RenderText {#text} at (30,0) size 4x15
              text run at (30,0) width 4: " "
        RenderText {#text} at (0,0) size 0x0
      RenderBlock {P} at (0,252.72) size 769x18
        RenderText {#text} at (0,0) size 208x17
          text run at (0,0) width 208: "This button should have no title:"
      RenderBlock (anonymous) at (0,286.72) size 769x21
        RenderButton {INPUT} at (0,0) size 80x21 [bgcolor=#008000] [border: (2px outset #C0C0C0)]
        RenderText {#text} at (0,0) size 0x0
      RenderBlock {H3} at (0,326.44) size 769x21
        RenderText {#text} at (0,0) size 173x20
          text run at (0,0) width 173: "<input type=\"reset\">"
      RenderBlock {P} at (0,366.16) size 769x18
        RenderText {#text} at (0,0) size 339x17
          text run at (0,0) width 339: "This button should have the default reset button title:"
      RenderBlock (anonymous) at (0,400.16) size 769x21
        RenderButton {INPUT} at (0,0) size 80x21 [bgcolor=#008000] [border: (2px outset #C0C0C0)]
          RenderBlock (anonymous) at (8,3) size 64x15
            RenderText {#text} at (14,0) size 36x15
              text run at (14,0) width 36: "Reset"
        RenderText {#text} at (0,0) size 0x0
      RenderBlock {P} at (0,437.16) size 769x18
        RenderText {#text} at (0,0) size 300x17
          text run at (0,0) width 300: "This button should should have the title \"Foo\":"
      RenderBlock (anonymous) at (0,471.16) size 769x21
        RenderButton {INPUT} at (0,0) size 80x21 [bgcolor=#008000] [border: (2px outset #C0C0C0)]
          RenderBlock (anonymous) at (8,3) size 64x15
            RenderText {#text} at (20,0) size 24x15
              text run at (20,0) width 24: "Foo"
        RenderText {#text} at (0,0) size 0x0
      RenderBlock {P} at (0,508.16) size 769x18
        RenderText {#text} at (0,0) size 316x17
          text run at (0,0) width 316: "This button should have a single space in its title:"
      RenderBlock (anonymous) at (0,542.16) size 769x21
        RenderButton {INPUT} at (0,0) size 80x21 [bgcolor=#008000] [border: (2px outset #C0C0C0)]
          RenderBlock (anonymous) at (8,3) size 64x15
            RenderText {#text} at (30,0) size 4x15
              text run at (30,0) width 4: " "
        RenderText {#text} at (0,0) size 0x0
      RenderBlock {P} at (0,579.16) size 769x18
        RenderText {#text} at (0,0) size 208x17
          text run at (0,0) width 208: "This button should have no title:"
      RenderBlock (anonymous) at (0,613.16) size 769x21
        RenderButton {INPUT} at (0,0) size 80x21 [bgcolor=#008000] [border: (2px outset #C0C0C0)]
        RenderText {#text} at (0,0) size 0x0
