layer at (0,0) size 800x600
  RenderView at (0,0) size 800x600
layer at (0,0) size 800x600
  RenderBlock {HTML} at (0,0) size 800x600
    RenderBody {BODY} at (8,8) size 784x584
      RenderText {#text} at (0,0) size 533x17
        text run at (0,0) width 533: "This tests that we don't honor line-height for controls that have restricted font size. "
      RenderBR {BR} at (0,0) size 0x0
      RenderMenuList {SELECT} at (0,18) size 326x19 [bgcolor=#FFFFFF] [border: (1px solid #A9A9A9)]
        RenderBlock (anonymous) at (1,1) size 324x17
          RenderText at (4,1) size 301x15
            text run at (4,1) width 301: "This text should be centered vertically in the button"
      RenderText {#text} at (326,18) size 4x17
        text run at (326,18) width 4: " "
      RenderBR {BR} at (0,0) size 0x0
      RenderButton {INPUT} at (0,37) size 316.09x21 [bgcolor=#C0C0C0] [border: (2px outset #C0C0C0)]
        RenderBlock (anonymous) at (8,3) size 300.09x15
          RenderText {#text} at (0,0) size 301x15
            text run at (0,0) width 301: "This text should be centered vertically in the button"
      RenderText {#text} at (316,38) size 5x17
        text run at (316,38) width 5: " "
      RenderBR {BR} at (0,0) size 0x0
      RenderTextControl {INPUT} at (0,58) size 175x21 [bgcolor=#FFFFFF] [border: (2px inset #EEEEEE)]
        RenderFlexibleBox {DIV} at (3,3) size 169x15
          RenderBlock {DIV} at (0,2) size 1x11
          RenderBlock {DIV} at (1,0) size 155x15
      RenderText {#text} at (0,0) size 0x0
layer at (12,69) size 155x15 scrollWidth 301
  RenderBlock {DIV} at (0,0) size 155x15
    RenderText {#text} at (0,0) size 301x15
      text run at (0,0) width 301: "This text should be centered vertically in the button"
layer at (168,72) size 9x9 transparent
  RenderBlock {DIV} at (157,3) size 9x9
