layer at (0,0) size 800x600
  RenderView at (0,0) size 800x600
layer at (0,0) size 800x600
  RenderBlock {HTML} at (0,0) size 800x600
    RenderBody {BODY} at (8,8) size 784x584
      RenderBlock {FORM} at (0,0) size 784x21
        RenderTextControl {INPUT} at (0,0) size 144x21 [bgcolor=#FFFFFF] [border: (2px inset #EEEEEE)]
        RenderText {#text} at (0,0) size 0x0
      RenderBlock (anonymous) at (0,37) size 784x18
        RenderText {#text} at (0,0) size 127x17
          text run at (0,0) width 127: "multipart/form-data"
layer at (10,11) size 140x15
  RenderBlock {DIV} at (2,3) size 140x15
