layer at (0,0) size 800x600
  RenderView at (0,0) size 800x600
layer at (0,0) size 800x600
  RenderBlock {HTML} at (0,0) size 800x600
    RenderBody {BODY} at (8,8) size 784x584
      RenderBlock (anonymous) at (0,0) size 784x0
        RenderInline {A} at (0,0) size 0x0
          RenderText {#text} at (0,0) size 0x0
      RenderBlock {DIV} at (0,0) size 784x27
        RenderBlock (anonymous) at (0,0) size 784x0
          RenderInline {A} at (0,0) size 0x0
            RenderText {#text} at (0,0) size 0x0
        RenderBlock (anonymous) at (0,0) size 784x27
          RenderTable {TABLE} at (0,0) size 69x27
            RenderTableSection {TBODY} at (0,0) size 69x27
              RenderTableRow {TR} at (0,2) size 69x23
                RenderTableCell {TD} at (2,12) size 2x2 [r=0 c=0 rs=1 cs=1]
                RenderTableCell {TD} at (6,2) size 61x23 [r=0 c=1 rs=1 cs=1]
                  RenderButton {INPUT} at (1,1) size 58.25x21 [bgcolor=#C0C0C0] [border: (2px outset #C0C0C0)]
                    RenderBlock (anonymous) at (8,3) size 42.25x15
                      RenderText {#text} at (0,0) size 43x15
                        text run at (0,0) width 43: "Search"
        RenderBlock (anonymous) at (0,27) size 784x0
          RenderInline {A} at (0,0) size 0x0
          RenderInline {A} at (0,0) size 0x0 [color=#0000EE]
          RenderText {#text} at (0,0) size 0x0
      RenderBlock (anonymous) at (0,27) size 784x18
        RenderText {#text} at (0,0) size 107x17
          text run at (0,0) width 107: "Form did submit"
