layer at (0,0) size 800x637
  RenderView at (0,0) size 800x600
layer at (0,0) size 800x637
  RenderBlock {HTML} at (0,0) size 800x636.88
    RenderBody {BODY} at (8,8) size 784x620.88
      RenderBlock {H1} at (0,0) size 784x37
        RenderText {#text} at (0,0) size 423x36
          text run at (0,0) width 423: "Form Element Geometry Tests"
      RenderBlock {P} at (0,58.44) size 784x18
        RenderText {#text} at (0,0) size 551x17
          text run at (0,0) width 551: "These tests help us tune the widget classes in KWQ to have all the right fudge factors."
      RenderBlock {H2} at (0,96.34) size 784x27
        RenderText {#text} at (0,0) size 167x26
          text run at (0,0) width 167: "Bounding Boxes"
      RenderTable {TABLE} at (0,143.25) size 173x31
        RenderTableSection {TBODY} at (0,0) size 173x31
          RenderTableRow {TR} at (0,2) size 173x27
            RenderTableCell {TD} at (2,2) size 60x27 [r=0 c=0 rs=1 cs=1]
              RenderBlock {DIV} at (1,1) size 58x25 [border: (2px solid #0000FF)]
                RenderInline {FONT} at (0,0) size 54x26
                  RenderButton {INPUT} at (2,2) size 53.06x21 [bgcolor=#C0C0C0] [border: (2px outset #C0C0C0)]
                    RenderBlock (anonymous) at (8,3) size 37.06x15
                      RenderText {#text} at (0,0) size 38x15
                        text run at (0,0) width 38: "button"
            RenderTableCell {TD} at (64,3) size 65x25 [r=0 c=1 rs=1 cs=1]
              RenderBlock {DIV} at (1,1) size 63x23 [border: (2px solid #0000FF)]
                RenderInline {FONT} at (0,0) size 59x26
                  RenderMenuList {SELECT} at (2,2) size 59x19 [bgcolor=#FFFFFF] [border: (1px solid #A9A9A9)]
                    RenderBlock (anonymous) at (1,1) size 57x17
                      RenderText at (4,1) size 34x15
                        text run at (4,1) width 34: "menu"
            RenderTableCell {TD} at (131,6) size 19x19 [r=0 c=2 rs=1 cs=1]
              RenderBlock {DIV} at (1,1) size 17x17 [border: (2px solid #0000FF)]
                RenderInline {FONT} at (0,0) size 13x26
                  RenderBlock {INPUT} at (2,2) size 13x13
            RenderTableCell {TD} at (152,6) size 19x19 [r=0 c=3 rs=1 cs=1]
              RenderBlock {DIV} at (1,1) size 17x17 [border: (2px solid #0000FF)]
                RenderInline {FONT} at (0,0) size 13x26
                  RenderBlock {INPUT} at (2,2) size 13x13
      RenderTable {TABLE} at (0,174.25) size 173x31
        RenderTableSection {TBODY} at (0,0) size 173x31
          RenderTableRow {TR} at (0,2) size 173x27
            RenderTableCell {TD} at (2,2) size 60x27 [r=0 c=0 rs=1 cs=1]
              RenderBlock {DIV} at (1,1) size 58x25 [border: (2px solid #0000FF)]
                RenderButton {INPUT} at (2,2) size 53.06x21 [bgcolor=#C0C0C0] [border: (2px outset #C0C0C0)]
                  RenderBlock (anonymous) at (8,3) size 37.06x15
                    RenderText {#text} at (0,0) size 38x15
                      text run at (0,0) width 38: "button"
            RenderTableCell {TD} at (64,3) size 65x25 [r=0 c=1 rs=1 cs=1]
              RenderBlock {DIV} at (1,1) size 63x23 [border: (2px solid #0000FF)]
                RenderMenuList {SELECT} at (2,2) size 59x19 [bgcolor=#FFFFFF] [border: (1px solid #A9A9A9)]
                  RenderBlock (anonymous) at (1,1) size 57x17
                    RenderText at (4,1) size 34x15
                      text run at (4,1) width 34: "menu"
            RenderTableCell {TD} at (131,6) size 19x19 [r=0 c=2 rs=1 cs=1]
              RenderBlock {DIV} at (1,1) size 17x17 [border: (2px solid #0000FF)]
                RenderBlock {INPUT} at (2,2) size 13x13
            RenderTableCell {TD} at (152,6) size 19x19 [r=0 c=3 rs=1 cs=1]
              RenderBlock {DIV} at (1,1) size 17x17 [border: (2px solid #0000FF)]
                RenderBlock {INPUT} at (2,2) size 13x13
      RenderTable {TABLE} at (0,205.25) size 173x31
        RenderTableSection {TBODY} at (0,0) size 173x31
          RenderTableRow {TR} at (0,2) size 173x27
            RenderTableCell {TD} at (2,2) size 60x27 [r=0 c=0 rs=1 cs=1]
              RenderBlock {DIV} at (1,1) size 58x25 [border: (2px solid #0000FF)]
                RenderInline {FONT} at (0,0) size 54x11
                  RenderButton {INPUT} at (2,2) size 53.06x21 [bgcolor=#C0C0C0] [border: (2px outset #C0C0C0)]
                    RenderBlock (anonymous) at (8,3) size 37.06x15
                      RenderText {#text} at (0,0) size 38x15
                        text run at (0,0) width 38: "button"
            RenderTableCell {TD} at (64,3) size 65x25 [r=0 c=1 rs=1 cs=1]
              RenderBlock {DIV} at (1,1) size 63x23 [border: (2px solid #0000FF)]
                RenderInline {FONT} at (0,0) size 59x11
                  RenderMenuList {SELECT} at (2,2) size 59x19 [bgcolor=#FFFFFF] [border: (1px solid #A9A9A9)]
                    RenderBlock (anonymous) at (1,1) size 57x17
                      RenderText at (4,1) size 34x15
                        text run at (4,1) width 34: "menu"
            RenderTableCell {TD} at (131,6) size 19x19 [r=0 c=2 rs=1 cs=1]
              RenderBlock {DIV} at (1,1) size 17x17 [border: (2px solid #0000FF)]
                RenderInline {FONT} at (0,0) size 13x11
                  RenderBlock {INPUT} at (2,2) size 13x13
            RenderTableCell {TD} at (152,6) size 19x19 [r=0 c=3 rs=1 cs=1]
              RenderBlock {DIV} at (1,1) size 17x17 [border: (2px solid #0000FF)]
                RenderInline {FONT} at (0,0) size 13x11
                  RenderBlock {INPUT} at (2,2) size 13x13
      RenderTable {TABLE} at (0,236.25) size 578x75
        RenderTableSection {TBODY} at (0,0) size 578x75
          RenderTableRow {TR} at (0,2) size 578x71
            RenderTableCell {TD} at (2,2) size 80x27 [r=0 c=0 rs=1 cs=1]
              RenderBlock {DIV} at (1,1) size 78x25 [border: (2px solid #0000FF)]
                RenderTextControl {INPUT} at (2,2) size 74x21 [bgcolor=#FFFFFF] [border: (2px inset #EEEEEE)]
            RenderTableCell {TD} at (84,2) size 44x71 [r=0 c=1 rs=1 cs=1]
              RenderBlock {DIV} at (1,1) size 42x69 [border: (2px solid #0000FF)]
                RenderListBox {SELECT} at (2,2) size 38x65 [bgcolor=#FFFFFF] [border: (1px solid #A9A9A9)]
            RenderTableCell {TD} at (130,2) size 259x27 [r=0 c=2 rs=1 cs=1]
              RenderBlock {DIV} at (1,1) size 257x25 [border: (2px solid #0000FF)]
                RenderFileUploadControl {INPUT} at (2,2) size 253x21 "No file chosen"
                  RenderButton {INPUT} at (0,0) size 87.14x21 [bgcolor=#C0C0C0] [border: (2px outset #C0C0C0)]
                    RenderBlock (anonymous) at (8,3) size 71.14x15
                      RenderText {#text} at (0,0) size 72x15
                        text run at (0,0) width 72: "Choose File"
            RenderTableCell {TD} at (391,2) size 185x40 [r=0 c=3 rs=1 cs=1]
              RenderBlock {DIV} at (1,1) size 183x38 [border: (2px solid #0000FF)]
      RenderBlock {H2} at (0,331.16) size 784x27
        RenderText {#text} at (0,0) size 200x26
          text run at (0,0) width 200: "Baseline Alignment"
      RenderBlock {DIV} at (0,378.06) size 784x27
        RenderInline {FONT} at (0,0) size 214x26
          RenderText {#text} at (0,0) size 42x26
            text run at (0,0) width 42: "text "
          RenderButton {INPUT} at (41.98,6) size 53.06x21 [bgcolor=#C0C0C0] [border: (2px outset #C0C0C0)]
            RenderBlock (anonymous) at (8,3) size 37.06x15
              RenderText {#text} at (0,0) size 38x15
                text run at (0,0) width 38: "button"
          RenderText {#text} at (95,0) size 7x26
            text run at (95,0) width 7: " "
          RenderMenuList {SELECT} at (101.05,7) size 59x19 [bgcolor=#FFFFFF] [border: (1px solid #A9A9A9)]
            RenderBlock (anonymous) at (1,1) size 57x17
              RenderText at (4,1) size 34x15
                text run at (4,1) width 34: "menu"
          RenderText {#text} at (160,0) size 7x26
            text run at (160,0) width 7: " "
          RenderBlock {INPUT} at (171.05,8) size 13x13
          RenderText {#text} at (187,0) size 7x26
            text run at (187,0) width 7: " "
          RenderBlock {INPUT} at (197.05,8) size 13x13
          RenderText {#text} at (0,0) size 0x0
      RenderBlock {DIV} at (0,405.06) size 784x22
        RenderText {#text} at (0,2) size 28x17
          text run at (0,2) width 28: "text "
        RenderButton {INPUT} at (27.98,1) size 53.06x21 [bgcolor=#C0C0C0] [border: (2px outset #C0C0C0)]
          RenderBlock (anonymous) at (8,3) size 37.06x15
            RenderText {#text} at (0,0) size 38x15
              text run at (0,0) width 38: "button"
        RenderText {#text} at (81,2) size 5x17
          text run at (81,2) width 5: " "
        RenderMenuList {SELECT} at (85.05,2) size 59x19 [bgcolor=#FFFFFF] [border: (1px solid #A9A9A9)]
          RenderBlock (anonymous) at (1,1) size 57x17
            RenderText at (4,1) size 34x15
              text run at (4,1) width 34: "menu"
        RenderText {#text} at (144,2) size 5x17
          text run at (144,2) width 5: " "
        RenderBlock {INPUT} at (153.05,3) size 13x13
        RenderText {#text} at (169,2) size 5x17
          text run at (169,2) width 5: " "
        RenderBlock {INPUT} at (177.05,3) size 13x13
        RenderText {#text} at (0,0) size 0x0
      RenderBlock {DIV} at (0,427.06) size 784x22
        RenderInline {FONT} at (0,0) size 179x11
          RenderText {#text} at (0,7) size 18x11
            text run at (0,7) width 18: "text "
          RenderButton {INPUT} at (17.48,1) size 53.06x21 [bgcolor=#C0C0C0] [border: (2px outset #C0C0C0)]
            RenderBlock (anonymous) at (8,3) size 37.06x15
              RenderText {#text} at (0,0) size 38x15
                text run at (0,0) width 38: "button"
          RenderText {#text} at (70,7) size 4x11
            text run at (70,7) width 4: " "
          RenderMenuList {SELECT} at (73.05,2) size 59x19 [bgcolor=#FFFFFF] [border: (1px solid #A9A9A9)]
            RenderBlock (anonymous) at (1,1) size 57x17
              RenderText at (4,1) size 34x15
                text run at (4,1) width 34: "menu"
          RenderText {#text} at (132,7) size 3x11
            text run at (132,7) width 3: " "
          RenderBlock {INPUT} at (139.55,3) size 13x13
          RenderText {#text} at (155,7) size 4x11
            text run at (155,7) width 4: " "
          RenderBlock {INPUT} at (162.05,3) size 13x13
          RenderText {#text} at (0,0) size 0x0
      RenderBlock {DIV} at (0,449.06) size 784x40
        RenderText {#text} at (0,20) size 28x17
          text run at (0,20) width 28: "text "
        RenderTextControl {INPUT} at (27.98,19) size 74x21 [bgcolor=#FFFFFF] [border: (2px inset #EEEEEE)]
        RenderText {#text} at (101,20) size 5x17
          text run at (101,20) width 5: " "
        RenderFileUploadControl {INPUT} at (105.98,19) size 253x21 "No file chosen"
          RenderButton {INPUT} at (0,0) size 87.14x21 [bgcolor=#C0C0C0] [border: (2px outset #C0C0C0)]
            RenderBlock (anonymous) at (8,3) size 71.14x15
              RenderText {#text} at (0,0) size 72x15
                text run at (0,0) width 72: "Choose File"
        RenderText {#text} at (358,20) size 5x17
          text run at (358,20) width 5: " "
        RenderText {#text} at (0,0) size 0x0
      RenderBlock {H2} at (0,508.97) size 784x27
        RenderText {#text} at (0,0) size 198x26
          text run at (0,0) width 198: "Pop-up Menu Sizes"
      RenderBlock {DIV} at (0,555.88) size 784x27
        RenderInline {FONT} at (0,0) size 145x26
          RenderText {#text} at (0,0) size 0x0
          RenderMenuList {SELECT} at (0,7) size 25x19 [bgcolor=#FFFFFF] [border: (1px solid #A9A9A9)]
            RenderBlock (anonymous) at (1,1) size 23x17
              RenderBR at (4,1) size 0x15 [bgcolor=#FFFFFF]
          RenderText {#text} at (25,0) size 6x26
            text run at (25,0) width 6: " "
          RenderMenuList {SELECT} at (31,7) size 29x19 [bgcolor=#FFFFFF] [border: (1px solid #A9A9A9)]
            RenderBlock (anonymous) at (1,1) size 27x17
              RenderText at (4,1) size 4x15
                text run at (4,1) width 4: "|"
          RenderText {#text} at (60,0) size 6x26
            text run at (60,0) width 6: " "
          RenderMenuList {SELECT} at (66,7) size 79x19 [bgcolor=#FFFFFF] [border: (1px solid #A9A9A9)]
            RenderBlock (anonymous) at (1,1) size 77x17
              RenderText at (4,1) size 54x15
                text run at (4,1) width 54: "xxxxxxxx"
          RenderText {#text} at (0,0) size 0x0
      RenderBlock {DIV} at (0,582.88) size 784x19
        RenderMenuList {SELECT} at (0,0) size 25x19 [bgcolor=#FFFFFF] [border: (1px solid #A9A9A9)]
          RenderBlock (anonymous) at (1,1) size 23x17
            RenderBR at (4,1) size 0x15 [bgcolor=#FFFFFF]
        RenderText {#text} at (25,0) size 4x17
          text run at (25,0) width 4: " "
        RenderMenuList {SELECT} at (29,0) size 29x19 [bgcolor=#FFFFFF] [border: (1px solid #A9A9A9)]
          RenderBlock (anonymous) at (1,1) size 27x17
            RenderText at (4,1) size 4x15
              text run at (4,1) width 4: "|"
        RenderText {#text} at (58,0) size 4x17
          text run at (58,0) width 4: " "
        RenderMenuList {SELECT} at (62,0) size 79x19 [bgcolor=#FFFFFF] [border: (1px solid #A9A9A9)]
          RenderBlock (anonymous) at (1,1) size 77x17
            RenderText at (4,1) size 54x15
              text run at (4,1) width 54: "xxxxxxxx"
        RenderText {#text} at (0,0) size 0x0
      RenderBlock {DIV} at (0,601.88) size 784x19
        RenderInline {FONT} at (0,0) size 138x11
          RenderText {#text} at (0,0) size 0x0
          RenderMenuList {SELECT} at (0,0) size 25x19 [bgcolor=#FFFFFF] [border: (1px solid #A9A9A9)]
            RenderBlock (anonymous) at (1,1) size 23x17
              RenderBR at (4,1) size 0x15 [bgcolor=#FFFFFF]
          RenderText {#text} at (25,5) size 3x11
            text run at (25,5) width 3: " "
          RenderMenuList {SELECT} at (27.50,0) size 29x19 [bgcolor=#FFFFFF] [border: (1px solid #A9A9A9)]
            RenderBlock (anonymous) at (1,1) size 27x17
              RenderText at (4,1) size 4x15
                text run at (4,1) width 4: "|"
          RenderText {#text} at (56,5) size 3x11
            text run at (56,5) width 3: " "
          RenderMenuList {SELECT} at (59,0) size 79x19 [bgcolor=#FFFFFF] [border: (1px solid #A9A9A9)]
            RenderBlock (anonymous) at (1,1) size 77x17
              RenderText at (4,1) size 54x15
                text run at (4,1) width 54: "xxxxxxxx"
          RenderText {#text} at (0,0) size 0x0
layer at (15,252) size 70x15
  RenderBlock {DIV} at (2,3) size 70x15
    RenderText {#text} at (0,0) size 50x15
      text run at (0,0) width 50: "text field"
layer at (402,249) size 179x34 clip at (403,250) size 177x32
  RenderTextControl {TEXTAREA} at (2,2) size 179x34 [bgcolor=#FFFFFF] [border: (1px solid #A9A9A9)]
    RenderBlock {DIV} at (3,3) size 175x15
      RenderText {#text} at (0,0) size 64x15
        text run at (0,0) width 64: "textarea"
layer at (38,479) size 70x15
  RenderBlock {DIV} at (2,3) size 70x15
    RenderText {#text} at (0,0) size 50x15
      text run at (0,0) width 50: "text field"
layer at (371,457) size 179x34 clip at (372,458) size 177x32
  RenderTextControl {TEXTAREA} at (362.98,0) size 179x34 [bgcolor=#FFFFFF] [border: (1px solid #A9A9A9)]
    RenderBlock {DIV} at (3,3) size 175x15
      RenderText {#text} at (0,0) size 64x15
        text run at (0,0) width 64: "textarea"
