layer at (0,0) size 800x600
  RenderView at (0,0) size 800x600
layer at (0,0) size 800x600
  RenderBlock {HTML} at (0,0) size 800x600
    RenderBody {BODY} at (8,8) size 784x584
      RenderText {#text} at (0,0) size 308x17
        text run at (0,0) width 308: "With the label empty, the enclosing text is used."
      RenderBR {BR} at (307,14) size 1x0
      RenderMenuList {SELECT} at (2,20) size 329x19 [bgcolor=#FFFFFF] [border: (1px solid #A9A9A9)]
        RenderBlock (anonymous) at (1,1) size 327x17
          RenderText at (4,1) size 304x15
            text run at (4,1) width 304: "empty label should display empty string to match IE"
      RenderText {#text} at (0,0) size 0x0
