layer at (0,0) size 800x600
  RenderView at (0,0) size 800x600
layer at (0,0) size 800x600
  RenderBlock {HTML} at (0,0) size 800x600
    RenderBody {BODY} at (8,8) size 784x584 [bgcolor=#800080]
      RenderText {#text} at (0,0) size 484x17
        text run at (0,0) width 484: "This tests that the default background color for the new text fields is white. "
      RenderBR {BR} at (483,14) size 1x0
      RenderTextControl {INPUT} at (2,20) size 144x21 [bgcolor=#FFFFFF] [border: (2px inset #EEEEEE)]
      RenderText {#text} at (0,0) size 0x0
layer at (12,31) size 140x15
  RenderBlock {DIV} at (2,3) size 140x15
    RenderText {#text} at (0,0) size 126x15
      text run at (0,0) width 126: "This should be white."
