layer at (0,0) size 785x691
  RenderView at (0,0) size 785x600
layer at (0,0) size 785x691
  RenderBlock {HTML} at (0,0) size 785x691
    RenderBody {BODY} at (8,8) size 769x675
      RenderBlock (anonymous) at (0,0) size 769x18
        RenderText {#text} at (0,0) size 254x17
          text run at (0,0) width 254: "This tests minMaxWidth for text fields."
      RenderBlock {P} at (0,34) size 769x18
        RenderText {#text} at (0,0) size 72x17
          text run at (0,0) width 72: "Test case 1"
      RenderTable {TABLE} at (0,68) size 118x39 [border: (3px solid #0000FF)]
        RenderTableSection {TBODY} at (3,3) size 112x33
          RenderTableRow {TR} at (0,2) size 112x29
            RenderTableCell {TD} at (2,2) size 108x29 [border: (3px solid #FF0000)] [r=0 c=0 rs=1 cs=1]
              RenderTextControl {INPUT} at (4,4) size 100x21 [bgcolor=#FFFFFF] [border: (2px inset #EEEEEE)]
      RenderBlock {P} at (0,123) size 769x18
        RenderText {#text} at (0,0) size 72x17
          text run at (0,0) width 72: "Test case 2"
      RenderTable {TABLE} at (0,157) size 167x70 [border: (3px solid #0000FF)]
        RenderTableSection {TBODY} at (3,3) size 161x64
          RenderTableRow {TR} at (0,2) size 161x29
            RenderTableCell {TD} at (2,6) size 47x20 [r=0 c=0 rs=1 cs=1]
              RenderText {#text} at (1,1) size 26x17
                text run at (1,1) width 26: "first"
            RenderTableCell {TD} at (51,2) size 108x29 [border: (3px solid #FF0000)] [r=0 c=1 rs=1 cs=1]
              RenderTextControl {INPUT} at (4,4) size 100x21 [bgcolor=#FFFFFF] [border: (2px inset #EEEEEE)]
          RenderTableRow {TR} at (0,33) size 161x29
            RenderTableCell {TD} at (2,37) size 47x20 [r=1 c=0 rs=1 cs=1]
              RenderText {#text} at (1,1) size 45x17
                text run at (1,1) width 45: "second"
            RenderTableCell {TD} at (51,33) size 108x29 [border: (3px solid #FF0000)] [r=1 c=1 rs=1 cs=1]
              RenderTextControl {INPUT} at (4,4) size 100x21 [bgcolor=#FFFFFF] [border: (2px inset #EEEEEE)]
      RenderBlock {P} at (0,243) size 769x18
        RenderText {#text} at (0,0) size 72x17
          text run at (0,0) width 72: "Test case 3"
      RenderTable {TABLE} at (0,277) size 55x75 [border: (3px solid #0000FF)]
        RenderTableSection {TBODY} at (3,3) size 49x69
          RenderTableRow {TR} at (0,2) size 49x65
            RenderTableCell {TD} at (2,2) size 45x65 [border: (3px solid #FF0000)] [r=0 c=0 rs=1 cs=1]
              RenderText {#text} at (4,4) size 37x35
                text run at (4,4) width 37: "width"
                text run at (4,22) width 32: "30px"
              RenderTextControl {INPUT} at (4,40) size 30x21 [bgcolor=#FFFFFF] [border: (2px inset #EEEEEE)]
      RenderBlock {P} at (0,368) size 769x18
        RenderText {#text} at (0,0) size 72x17
          text run at (0,0) width 72: "Test case 4"
      RenderTable {TABLE} at (0,402) size 218x67 [border: (3px solid #0000FF)]
        RenderTableSection {TBODY} at (3,3) size 212x61
          RenderTableRow {TR} at (0,2) size 212x29
            RenderTableCell {TD} at (2,2) size 208x29 [border: (3px solid #FF0000)] [r=0 c=0 rs=1 cs=1]
              RenderTextControl {INPUT} at (4,4) size 200x21 [bgcolor=#FFFFFF] [border: (2px inset #EEEEEE)]
          RenderTableRow {TR} at (0,33) size 212x26
            RenderTableCell {TD} at (2,33) size 208x26 [border: (3px solid #FF0000)] [r=1 c=0 rs=1 cs=1]
              RenderBlock {DIV} at (4,4) size 200x18
                RenderText {#text} at (0,0) size 40x17
                  text run at (0,0) width 40: "200px"
      RenderBlock {P} at (0,485) size 769x18
        RenderText {#text} at (0,0) size 72x17
          text run at (0,0) width 72: "Test case 5"
      RenderTable {TABLE} at (0,519) size 88x39 [border: (3px solid #0000FF)]
        RenderTableSection {TBODY} at (3,3) size 82x33
          RenderTableRow {TR} at (0,2) size 82x29
            RenderTableCell {TD} at (2,2) size 78x29 [border: (3px solid #FF0000)] [r=0 c=0 rs=1 cs=1]
              RenderTextControl {INPUT} at (4,4) size 70x21 [bgcolor=#FFFFFF] [border: (2px inset #EEEEEE)]
      RenderBlock {P} at (0,574) size 769x18
        RenderText {#text} at (0,0) size 72x17
          text run at (0,0) width 72: "Test case 6"
      RenderTable {TABLE} at (0,608) size 162x67 [border: (3px solid #0000FF)]
        RenderTableSection {TBODY} at (3,3) size 156x61
          RenderTableRow {TR} at (0,2) size 156x29
            RenderTableCell {TD} at (2,2) size 152x29 [border: (3px solid #FF0000)] [r=0 c=0 rs=1 cs=1]
              RenderTextControl {INPUT} at (4,4) size 144x21 [bgcolor=#FFFFFF] [border: (2px inset #EEEEEE)]
          RenderTableRow {TR} at (0,33) size 156x26
            RenderTableCell {TD} at (2,33) size 152x26 [border: (3px solid #FF0000)] [r=1 c=0 rs=1 cs=1]
              RenderBlock {DIV} at (4,4) size 70x18
                RenderText {#text} at (0,0) size 32x17
                  text run at (0,0) width 32: "70px"
layer at (19,88) size 96x15
  RenderBlock {DIV} at (2,3) size 96x15
layer at (68,177) size 96x15
  RenderBlock {DIV} at (2,3) size 96x15
layer at (68,208) size 96x15
  RenderBlock {DIV} at (2,3) size 96x15
layer at (19,333) size 26x15
  RenderBlock {DIV} at (2,3) size 26x15
layer at (19,422) size 196x15
  RenderBlock {DIV} at (2,3) size 196x15
    RenderText {#text} at (0,0) size 69x15
      text run at (0,0) width 69: "width 100%"
layer at (19,539) size 66x15
  RenderBlock {DIV} at (2,3) size 66x15
    RenderText {#text} at (0,0) size 58x15
      text run at (0,0) width 58: "max 70px"
layer at (19,628) size 140x15
  RenderBlock {DIV} at (2,3) size 140x15
    RenderText {#text} at (0,0) size 98x15
      text run at (0,0) width 98: "min-width 100px"
