layer at (0,0) size 800x600
  RenderView at (0,0) size 800x600
layer at (0,0) size 800x546
  RenderBlock {HTML} at (0,0) size 800x546
    RenderBody {BODY} at (8,16) size 784x522
      RenderBlock {P} at (0,0) size 784x18
        RenderText {#text} at (0,0) size 423x17
          text run at (0,0) width 332: "The top table was resized while the field\x{2019}s contents "
          text run at (331,0) width 92: "were selected."
      RenderTable {TABLE} at (0,34) size 192x244
        RenderTableSection {TBODY} at (0,0) size 192x244
          RenderTableRow {TR} at (0,2) size 192x240
            RenderTableCell {TD} at (2,89) size 188x65 [bgcolor=#90EE90] [r=0 c=0 rs=1 cs=1]
              RenderTextControl {INPUT} at (22,22) size 144x21 [bgcolor=#FFFFFF] [border: (2px inset #EEEEEE)]
              RenderText {#text} at (0,0) size 0x0
      RenderTable {TABLE} at (0,278) size 192x244
        RenderTableSection {TBODY} at (0,0) size 192x244
          RenderTableRow {TR} at (0,2) size 192x240
            RenderTableCell {TD} at (2,89) size 188x65 [bgcolor=#90EE90] [r=0 c=0 rs=1 cs=1]
              RenderTextControl {INPUT} at (22,22) size 144x21 [bgcolor=#FFFFFF] [border: (2px inset #EEEEEE)]
              RenderText {#text} at (0,0) size 0x0
layer at (34,164) size 140x15
  RenderBlock {DIV} at (2,3) size 140x15
    RenderText {#text} at (0,0) size 42x15
      text run at (0,0) width 42: "foo bar"
layer at (34,408) size 140x15
  RenderBlock {DIV} at (2,3) size 140x15
    RenderText {#text} at (0,0) size 42x15
      text run at (0,0) width 42: "foo bar"
selection start: position 0 of child 0 {#text} of child 0 {DIV} of {#document-fragment} of child 1 {INPUT} of child 1 {TD} of child 0 {TR} of child 1 {TBODY} of child 3 {TABLE} of body
selection end:   position 7 of child 0 {#text} of child 0 {DIV} of {#document-fragment} of child 1 {INPUT} of child 1 {TD} of child 0 {TR} of child 1 {TBODY} of child 3 {TABLE} of body
