layer at (0,0) size 800x600
  RenderView at (0,0) size 800x600
layer at (0,0) size 800x600
  RenderBlock {HTML} at (0,0) size 800x600
    RenderBody {BODY} at (8,8) size 784x584
      RenderText {#text} at (0,0) size 522x17
        text run at (0,0) width 522: "This tests that the text color changes appropriately when the text field is disabled."
      RenderBR {BR} at (521,14) size 1x0
      RenderTextControl {INPUT} at (0,18) size 173x21 [color=#545454] [bgcolor=#EBEBE4] [border: (2px inset #EEEEEE)]
      RenderText {#text} at (173,19) size 4x17
        text run at (173,19) width 4: " "
      RenderTextControl {INPUT} at (177,18) size 173x21 [bgcolor=#FFFFFF] [border: (2px inset #EEEEEE)]
      RenderBR {BR} at (350,33) size 0x0
      RenderTextControl {INPUT} at (0,39) size 173x21 [color=#FF0000] [bgcolor=#EBEBE4] [border: (2px inset #EEEEEE)]
      RenderText {#text} at (173,40) size 4x17
        text run at (173,40) width 4: " "
      RenderTextControl {INPUT} at (177,39) size 173x21 [color=#FF0000] [bgcolor=#FFFFFF] [border: (2px inset #EEEEEE)]
      RenderBR {BR} at (350,54) size 0x0
      RenderTextControl {INPUT} at (0,60) size 173x21 [color=#545454] [bgcolor=#0000FF] [border: (2px inset #EEEEEE)]
      RenderText {#text} at (173,61) size 4x17
        text run at (173,61) width 4: " "
      RenderTextControl {INPUT} at (177,60) size 173x21 [bgcolor=#0000FF] [border: (2px inset #EEEEEE)]
      RenderBR {BR} at (350,75) size 0x0
      RenderTextControl {INPUT} at (0,81) size 173x21 [color=#FF0000] [bgcolor=#0000FF] [border: (2px inset #EEEEEE)]
      RenderText {#text} at (173,82) size 4x17
        text run at (173,82) width 4: " "
      RenderTextControl {INPUT} at (177,81) size 173x21 [color=#FF0000] [bgcolor=#0000FF] [border: (2px inset #EEEEEE)]
      RenderBR {BR} at (350,96) size 0x0
      RenderTextControl {INPUT} at (0,102) size 173x21 [color=#545454] [bgcolor=#000000] [border: (2px inset #EEEEEE)]
      RenderText {#text} at (173,103) size 4x17
        text run at (173,103) width 4: " "
      RenderTextControl {INPUT} at (177,102) size 173x21 [bgcolor=#000000] [border: (2px inset #EEEEEE)]
      RenderBR {BR} at (350,117) size 0x0
      RenderTextControl {INPUT} at (0,123) size 173x21 [color=#FFFFFF] [bgcolor=#000000] [border: (2px inset #EEEEEE)]
      RenderText {#text} at (173,124) size 4x17
        text run at (173,124) width 4: " "
      RenderTextControl {INPUT} at (177,123) size 173x21 [color=#FFFFFF] [bgcolor=#000000] [border: (2px inset #EEEEEE)]
      RenderBR {BR} at (350,138) size 0x0
      RenderTextControl {INPUT} at (0,144) size 173x21 [color=#545454] [bgcolor=#808080] [border: (2px inset #EEEEEE)]
      RenderText {#text} at (173,145) size 4x17
        text run at (173,145) width 4: " "
      RenderTextControl {INPUT} at (177,144) size 173x21 [bgcolor=#808080] [border: (2px inset #EEEEEE)]
      RenderBR {BR} at (350,159) size 0x0
      RenderTextControl {INPUT} at (0,165) size 173x21 [color=#FFFFFF] [bgcolor=#A9A9A9] [border: (2px inset #EEEEEE)]
      RenderText {#text} at (173,166) size 4x17
        text run at (173,166) width 4: " "
      RenderTextControl {INPUT} at (177,165) size 173x21 [color=#FFFFFF] [bgcolor=#A9A9A9] [border: (2px inset #EEEEEE)]
      RenderBR {BR} at (350,180) size 0x0
      RenderTextControl {INPUT} at (0,186) size 173x21 [color=#808080] [bgcolor=#000000] [border: (2px inset #EEEEEE)]
      RenderText {#text} at (173,187) size 4x17
        text run at (173,187) width 4: " "
      RenderTextControl {INPUT} at (177,186) size 173x21 [color=#808080] [bgcolor=#000000] [border: (2px inset #EEEEEE)]
      RenderBR {BR} at (350,201) size 0x0
      RenderTextControl {INPUT} at (0,207) size 173x21 [color=#FF0000] [bgcolor=#808080] [border: (2px inset #EEEEEE)]
      RenderText {#text} at (173,208) size 4x17
        text run at (173,208) width 4: " "
      RenderTextControl {INPUT} at (177,207) size 173x21 [color=#FF0000] [bgcolor=#808080] [border: (2px inset #EEEEEE)]
      RenderBR {BR} at (350,222) size 0x0
      RenderTextControl {INPUT} at (0,228) size 173x21 [color=#808080] [bgcolor=#FF0000] [border: (2px inset #EEEEEE)]
      RenderText {#text} at (173,229) size 4x17
        text run at (173,229) width 4: " "
      RenderTextControl {INPUT} at (177,228) size 173x21 [color=#808080] [bgcolor=#FF0000] [border: (2px inset #EEEEEE)]
      RenderBR {BR} at (350,243) size 0x0
      RenderTextControl {INPUT} at (0,249) size 173x21 [color=#FF0000] [bgcolor=#FFFFFF] [border: (2px inset #EEEEEE)]
      RenderText {#text} at (173,250) size 4x17
        text run at (173,250) width 4: " "
      RenderTextControl {INPUT} at (177,249) size 173x21 [color=#FF0000] [bgcolor=#FFFFFF] [border: (2px inset #EEEEEE)]
      RenderBR {BR} at (350,264) size 0x0
      RenderTextControl {INPUT} at (0,270) size 173x21 [color=#FF0000] [border: (2px inset #EEEEEE)]
      RenderText {#text} at (173,271) size 4x17
        text run at (173,271) width 4: " "
      RenderTextControl {INPUT} at (177,270) size 173x21 [color=#FF0000] [border: (2px inset #EEEEEE)]
      RenderBR {BR} at (350,285) size 0x0
layer at (10,29) size 169x15 scrollWidth 385
  RenderBlock {DIV} at (2,3) size 169x15
    RenderText {#text} at (0,0) size 386x15
      text run at (0,0) width 386: "The text in this disabled field should displayed as dimmed or grey"
layer at (187,29) size 169x15
  RenderBlock {DIV} at (2,3) size 169x15
    RenderText {#text} at (0,0) size 168x15
      text run at (0,0) width 168: "This text field is not disabled"
layer at (10,50) size 169x15 scrollWidth 385
  RenderBlock {DIV} at (2,3) size 169x15
    RenderText {#text} at (0,0) size 386x15
      text run at (0,0) width 386: "The text in this disabled field should displayed as dimmed or grey"
layer at (187,50) size 169x15
  RenderBlock {DIV} at (2,3) size 169x15
    RenderText {#text} at (0,0) size 168x15
      text run at (0,0) width 168: "This text field is not disabled"
layer at (10,71) size 169x15 scrollWidth 385
  RenderBlock {DIV} at (2,3) size 169x15
    RenderText {#text} at (0,0) size 386x15
      text run at (0,0) width 386: "The text in this disabled field should displayed as dimmed or grey"
layer at (187,71) size 169x15
  RenderBlock {DIV} at (2,3) size 169x15
    RenderText {#text} at (0,0) size 168x15
      text run at (0,0) width 168: "This text field is not disabled"
layer at (10,92) size 169x15 scrollWidth 385
  RenderBlock {DIV} at (2,3) size 169x15
    RenderText {#text} at (0,0) size 386x15
      text run at (0,0) width 386: "The text in this disabled field should displayed as dimmed or grey"
layer at (187,92) size 169x15
  RenderBlock {DIV} at (2,3) size 169x15
    RenderText {#text} at (0,0) size 168x15
      text run at (0,0) width 168: "This text field is not disabled"
layer at (10,113) size 169x15 scrollWidth 385
  RenderBlock {DIV} at (2,3) size 169x15
    RenderText {#text} at (0,0) size 386x15
      text run at (0,0) width 386: "The text in this disabled field should displayed as dimmed or grey"
layer at (187,113) size 169x15
  RenderBlock {DIV} at (2,3) size 169x15
    RenderText {#text} at (0,0) size 168x15
      text run at (0,0) width 168: "This text field is not disabled"
layer at (10,134) size 169x15 scrollWidth 385
  RenderBlock {DIV} at (2,3) size 169x15
    RenderText {#text} at (0,0) size 386x15
      text run at (0,0) width 386: "The text in this disabled field should displayed as dimmed or grey"
layer at (187,134) size 169x15
  RenderBlock {DIV} at (2,3) size 169x15
    RenderText {#text} at (0,0) size 168x15
      text run at (0,0) width 168: "This text field is not disabled"
layer at (10,155) size 169x15 scrollWidth 385
  RenderBlock {DIV} at (2,3) size 169x15
    RenderText {#text} at (0,0) size 386x15
      text run at (0,0) width 386: "The text in this disabled field should displayed as dimmed or grey"
layer at (187,155) size 169x15
  RenderBlock {DIV} at (2,3) size 169x15
    RenderText {#text} at (0,0) size 168x15
      text run at (0,0) width 168: "This text field is not disabled"
layer at (10,176) size 169x15 scrollWidth 385
  RenderBlock {DIV} at (2,3) size 169x15
    RenderText {#text} at (0,0) size 386x15
      text run at (0,0) width 386: "The text in this disabled field should displayed as dimmed or grey"
layer at (187,176) size 169x15
  RenderBlock {DIV} at (2,3) size 169x15
    RenderText {#text} at (0,0) size 168x15
      text run at (0,0) width 168: "This text field is not disabled"
layer at (10,197) size 169x15 scrollWidth 385
  RenderBlock {DIV} at (2,3) size 169x15
    RenderText {#text} at (0,0) size 386x15
      text run at (0,0) width 386: "The text in this disabled field should displayed as dimmed or grey"
layer at (187,197) size 169x15
  RenderBlock {DIV} at (2,3) size 169x15
    RenderText {#text} at (0,0) size 168x15
      text run at (0,0) width 168: "This text field is not disabled"
layer at (10,218) size 169x15 scrollWidth 385
  RenderBlock {DIV} at (2,3) size 169x15
    RenderText {#text} at (0,0) size 386x15
      text run at (0,0) width 386: "The text in this disabled field should displayed as dimmed or grey"
layer at (187,218) size 169x15
  RenderBlock {DIV} at (2,3) size 169x15
    RenderText {#text} at (0,0) size 168x15
      text run at (0,0) width 168: "This text field is not disabled"
layer at (10,239) size 169x15 scrollWidth 385
  RenderBlock {DIV} at (2,3) size 169x15
    RenderText {#text} at (0,0) size 386x15
      text run at (0,0) width 386: "The text in this disabled field should displayed as dimmed or grey"
layer at (187,239) size 169x15
  RenderBlock {DIV} at (2,3) size 169x15
    RenderText {#text} at (0,0) size 168x15
      text run at (0,0) width 168: "This text field is not disabled"
layer at (10,260) size 169x15 scrollWidth 385
  RenderBlock {DIV} at (2,3) size 169x15
    RenderText {#text} at (0,0) size 386x15
      text run at (0,0) width 386: "The text in this disabled field should displayed as dimmed or grey"
layer at (187,260) size 169x15
  RenderBlock {DIV} at (2,3) size 169x15
    RenderText {#text} at (0,0) size 168x15
      text run at (0,0) width 168: "This text field is not disabled"
layer at (10,281) size 169x15 scrollWidth 385
  RenderBlock {DIV} at (2,3) size 169x15
    RenderText {#text} at (0,0) size 386x15
      text run at (0,0) width 386: "The text in this disabled field should displayed as dimmed or grey"
layer at (187,281) size 169x15
  RenderBlock {DIV} at (2,3) size 169x15
    RenderText {#text} at (0,0) size 168x15
      text run at (0,0) width 168: "This text field is not disabled"
