layer at (0,0) size 800x600
  RenderView at (0,0) size 800x600
layer at (0,0) size 800x600
  RenderBlock {HTML} at (0,0) size 800x600
    RenderBody {BODY} at (8,8) size 784x584
      RenderText {#text} at (0,0) size 408x17
        text run at (0,0) width 408: "This tests that text can not be inserted into a disabled text field. "
      RenderBR {BR} at (407,14) size 1x0
      RenderTextControl {INPUT} at (2,20) size 144x21 [color=#545454] [bgcolor=#EBEBE4] [border: (2px inset #EEEEEE)]
      RenderText {#text} at (0,0) size 0x0
layer at (12,31) size 140x15
  RenderBlock {DIV} at (2,3) size 140x15
    RenderText {#text} at (0,0) size 75x15
      text run at (0,0) width 75: "Test Passed"
