layer at (0,0) size 1086x600
  RenderView at (0,0) size 800x600
layer at (0,0) size 800x600
  RenderBlock {HTML} at (0,0) size 800x600
    RenderBody {BODY} at (9.59,9.59) size 780.81x574.81
      RenderBlock (anonymous) at (0,0) size 780.81x162
        RenderListBox {SELECT} at (2,0) size 141x162 [bgcolor=#FFFFFF] [border: (12px solid #000000)]
        RenderText {#text} at (0,0) size 0x0
      RenderBlock {DIV} at (0,162) size 780.81x117.59
        RenderBlock (anonymous) at (0,0) size 780.81x66
          RenderText {#text} at (0,0) size 62x21
            text run at (0,0) width 62: "Results:"
          RenderBR {BR} at (61,17) size 1x0
          RenderText {#text} at (0,22) size 105x21
            text run at (0,22) width 105: "Test 1 Passed"
          RenderBR {BR} at (104,39) size 1x0
          RenderText {#text} at (0,44) size 101x21
            text run at (0,44) width 101: "Test 2 Failed"
          RenderBR {BR} at (100,61) size 1x0
        RenderBlock {PRE} at (0,81.59) size 780.81x36
          RenderText {#text} at (0,0) size 1077x18
            text run at (0,0) width 1077: "     Expected: false,false,false,false,false,false,true,false,false,false,false,false,false,false,false,false,false"
          RenderBR {BR} at (0,0) size 0x0
          RenderText {#text} at (0,18) size 1058x18
            text run at (0,18) width 1058: "     Actual: false,false,false,false,false,true,false,false,false,false,false,false,false,false,false,false,false"
