layer at (0,0) size 800x600
  RenderView at (0,0) size 800x600
layer at (0,0) size 800x600
  RenderBlock {HTML} at (0,0) size 800x600
    RenderBody {BODY} at (8,8) size 784x584
      RenderBlock {P} at (0,0) size 784x18
        RenderText {#text} at (0,0) size 411x17
          text run at (0,0) width 411: "All of these selects should have the same amount of whitespace."
      RenderBlock (anonymous) at (0,34) size 784x271
        RenderText {#text} at (0,53) size 72x17
          text run at (0,53) width 72: "Five Tabs: "
        RenderBR {BR} at (151,67) size 1x0
        RenderBR {BR} at (0,71) size 0x17
        RenderText {#text} at (0,142) size 86x17
          text run at (0,142) width 86: "Five Spaces: "
        RenderBR {BR} at (164,156) size 1x0
        RenderBR {BR} at (0,160) size 0x17
        RenderText {#text} at (0,178) size 306x17
          text run at (0,178) width 306: "Five Spaces (with leading/trailing whitespace): "
        RenderMenuList {SELECT} at (305.25,178) size 99x19 [bgcolor=#FFFFFF] [border: (1px solid #A9A9A9)]
          RenderBlock (anonymous) at (1,1) size 97x17
            RenderText at (4,1) size 74x15
              text run at (4,1) width 74: "Five Spaces"
        RenderBR {BR} at (404,192) size 1x0
        RenderBR {BR} at (0,197) size 0x17
        RenderText {#text} at (0,215) size 292x17
          text run at (0,215) width 292: "Five Tabs (with leading/trailing whitespace): "
        RenderMenuList {SELECT} at (291.92,215) size 84x19 [bgcolor=#FFFFFF] [border: (1px solid #A9A9A9)]
          RenderBlock (anonymous) at (1,1) size 82x17
            RenderText at (4,1) size 59x15
              text run at (4,1) width 59: "Five Tabs"
        RenderBR {BR} at (375,229) size 1x0
        RenderBR {BR} at (0,234) size 0x17
        RenderText {#text} at (0,252) size 129x17
          text run at (0,252) width 129: "Mixed Whitespace: "
        RenderMenuList {SELECT} at (128.84,252) size 84x19 [bgcolor=#FFFFFF] [border: (1px solid #A9A9A9)]
          RenderBlock (anonymous) at (1,1) size 82x17
            RenderText at (4,1) size 59x15
              text run at (4,1) width 59: "Five Tabs"
        RenderText {#text} at (0,0) size 0x0
layer at (80,42) size 80x70 clip at (81,43) size 63x68
  RenderListBox {SELECT} at (71.98,0) size 79.53x70 [bgcolor=#FFFFFF] [border: (1px solid #A9A9A9)]
    RenderBlock {OPTION} at (1,1) size 62.53x17
      RenderText {#text} at (2,0) size 59x15
        text run at (2,0) width 59: "Five Tabs"
layer at (93,131) size 80x70 clip at (94,132) size 63x68
  RenderListBox {SELECT} at (85.31,89) size 79.53x70 [bgcolor=#FFFFFF] [border: (1px solid #A9A9A9)]
    RenderBlock {OPTION} at (1,1) size 62.53x17
      RenderText {#text} at (2,0) size 59x15
        text run at (2,0) width 59: "Five Tabs"
