layer at (0,0) size 800x600
  RenderView at (0,0) size 800x600
layer at (0,0) size 800x600
  RenderBlock {HTML} at (0,0) size 800x600
    RenderBody {BODY} at (8,8) size 784x584
      RenderText {#text} at (0,0) size 336x17
        text run at (0,0) width 336: "This tests that you can set the placeholder text color."
      RenderBR {BR} at (335,14) size 1x0
      RenderTextControl {INPUT} at (0,18) size 144x21 [bgcolor=#FFFFFF] [border: (2px inset #EEEEEE)]
      RenderText {#text} at (144,19) size 4x17
        text run at (144,19) width 4: " "
      RenderTextControl {INPUT} at (148,18) size 146x21 [bgcolor=#FFFFFF] [border: (2px inset #EEEEEE)]
        RenderFlexibleBox {DIV} at (3,3) size 140x15
          RenderBlock {DIV} at (0,2) size 1x11
          RenderBlock {DIV} at (1,0) size 126x15
      RenderText {#text} at (294,19) size 4x17
        text run at (294,19) width 4: " "
      RenderTextControl {INPUT} at (298,18) size 144x21 [bgcolor=#FFFFFF] [border: (2px inset #EEEEEE)]
      RenderText {#text} at (442,19) size 4x17
        text run at (442,19) width 4: " "
      RenderTextControl {INPUT} at (446,18) size 144x21 [color=#545454] [bgcolor=#EBEBE4] [border: (2px inset #EEEEEE)]
      RenderText {#text} at (590,19) size 4x17
        text run at (590,19) width 4: " "
      RenderTextControl {INPUT} at (594,18) size 144x21 [bgcolor=#FFFFFF] [border: (2px inset #EEEEEE)]
      RenderText {#text} at (738,19) size 4x17
        text run at (738,19) width 4: " "
      RenderTextControl {INPUT} at (0,39) size 144x21 [bgcolor=#FFFFFF] [border: (2px inset #EEEEEE)]
      RenderText {#text} at (0,0) size 0x0
layer at (10,29) size 140x15
  RenderBlock {DIV} at (2,3) size 140x15 [color=#640000]
    RenderText {#text} at (0,0) size 22x15
      text run at (0,0) width 22: "text"
layer at (10,29) size 140x15
  RenderBlock {DIV} at (2,3) size 140x15
layer at (160,29) size 126x15
  RenderBlock {DIV} at (4,3) size 126x15 [color=#640000]
    RenderText {#text} at (0,0) size 41x15
      text run at (0,0) width 41: "search"
layer at (160,29) size 126x15
  RenderBlock {DIV} at (0,0) size 126x15
layer at (308,29) size 140x15
  RenderBlock {DIV} at (2,3) size 140x15 [color=#640000]
    RenderText {#text} at (0,0) size 58x15
      text run at (0,0) width 58: "password"
layer at (308,29) size 140x15
  RenderBlock {DIV} at (2,3) size 140x15
layer at (456,29) size 140x15
  RenderBlock {DIV} at (2,3) size 140x15 [color=#640000]
    RenderText {#text} at (0,0) size 75x15
      text run at (0,0) width 75: "disabled text"
layer at (456,29) size 140x15
  RenderBlock {DIV} at (2,3) size 140x15
layer at (604,29) size 140x15
  RenderBlock {DIV} at (2,3) size 140x15 [color=#A9A9A9]
    RenderText {#text} at (0,0) size 41x15
      text run at (0,0) width 41: "default"
layer at (604,29) size 140x15
  RenderBlock {DIV} at (2,3) size 140x15
layer at (10,50) size 140x15
  RenderBlock {DIV} at (2,3) size 140x15 [color=#A9A9A9]
    RenderText {#text} at (0,0) size 94x15
      text run at (0,0) width 94: "default disabled"
layer at (10,50) size 140x15
  RenderBlock {DIV} at (2,3) size 140x15
layer at (287,32) size 9x9 transparent
  RenderBlock {DIV} at (128,3) size 9x9
