layer at (0,0) size 800x600
  RenderView at (0,0) size 800x600
layer at (0,0) size 800x600
  RenderBlock {HTML} at (0,0) size 800x600
    RenderBody {BODY} at (8,8) size 784x576
      RenderBlock {P} at (0,0) size 784x36
        RenderText {#text} at (0,0) size 775x35
          text run at (0,0) width 434: "Test that search field text is vertically centered if the search field is "
          text run at (433,0) width 342: "taller than the text. In each of the following pairs of a"
          text run at (0,18) width 106: "search field and "
          text run at (105,18) width 366: "a text field, the vertical position of the text should be the "
          text run at (470,18) width 127: "same in both fields."
      RenderBlock {P} at (0,52) size 784x45
        RenderTextControl {INPUT} at (2,0) size 146x45 [bgcolor=#FFFFFF] [border: (2px inset #EEEEEE)]
          RenderFlexibleBox {DIV} at (3,3) size 140x39
            RenderBlock {DIV} at (2,13) size 13x13
            RenderBlock {DIV} at (18,12) size 109x15
        RenderText {#text} at (150,13) size 4x17
          text run at (150,13) width 4: " "
        RenderTextControl {INPUT} at (156,0) size 144x45 [bgcolor=#FFFFFF] [border: (2px inset #EEEEEE)]
        RenderText {#text} at (0,0) size 0x0
      RenderBlock {P} at (0,113) size 784x18
        RenderTextControl {INPUT} at (2,2) size 146x16 [bgcolor=#FFFFFF] [border: (2px inset #EEEEEE)]
          RenderFlexibleBox {DIV} at (3,0.50) size 140x15
            RenderBlock {DIV} at (2,1) size 13x13
            RenderBlock {DIV} at (18,0) size 109x15
        RenderText {#text} at (150,0) size 4x17
          text run at (150,0) width 4: " "
        RenderTextControl {INPUT} at (156,2) size 144x16 [bgcolor=#FFFFFF] [border: (2px inset #EEEEEE)]
        RenderText {#text} at (0,0) size 0x0
      RenderBlock {P} at (0,147) size 784x19
        RenderTextControl {INPUT} at (2,0) size 146x12 [bgcolor=#FFFFFF] [border: (2px inset #EEEEEE)]
          RenderFlexibleBox {DIV} at (3,0) size 140x12
            RenderBlock {DIV} at (2,0) size 13x13
            RenderBlock {DIV} at (18,3) size 109x6
        RenderText {#text} at (150,1) size 4x17
          text run at (150,1) width 4: " "
        RenderTextControl {INPUT} at (156,0) size 144x12 [bgcolor=#FFFFFF] [border: (2px inset #EEEEEE)]
        RenderText {#text} at (0,0) size 0x0
layer at (31,75) size 109x15
  RenderBlock {DIV} at (0,0) size 109x15
    RenderText {#text} at (0,0) size 26x15
      text run at (0,0) width 26: "Text"
layer at (166,75) size 140x15
  RenderBlock {DIV} at (2,15) size 140x15
    RenderText {#text} at (0,0) size 26x15
      text run at (0,0) width 26: "Text"
layer at (31,124) size 109x15
  RenderBlock {DIV} at (0,0) size 109x15
    RenderText {#text} at (0,0) size 26x15
      text run at (0,0) width 26: "Text"
layer at (166,124) size 140x15
  RenderBlock {DIV} at (2,0.50) size 140x15
    RenderText {#text} at (0,0) size 26x15
      text run at (0,0) width 26: "Text"
layer at (31,158) size 109x6 scrollHeight 15
  RenderBlock {DIV} at (0,0) size 109x6
    RenderText {#text} at (0,0) size 26x15
      text run at (0,0) width 26: "Text"
layer at (166,158) size 140x6 scrollHeight 15
  RenderBlock {DIV} at (2,3) size 140x6
    RenderText {#text} at (0,0) size 26x15
      text run at (0,0) width 26: "Text"
layer at (141,78) size 9x9 transparent
  RenderBlock {DIV} at (128,15) size 9x9
layer at (141,127) size 9x9 transparent
  RenderBlock {DIV} at (128,3) size 9x9
layer at (141,157) size 9x9 transparent
  RenderBlock {DIV} at (128,1.50) size 9x9
