layer at (0,0) size 800x600
  RenderView at (0,0) size 800x600
layer at (0,0) size 800x39
  RenderBlock {HTML} at (0,0) size 800x39
    RenderBody {BODY} at (8,8) size 784x23 [bgcolor=#666666]
      RenderMenuList {SELECT} at (2,2) size 33x19 [border: (1px solid #A9A9A9)]
        RenderBlock (anonymous) at (1,1) size 31x17
          RenderText at (4,1) size 8x15
            text run at (4,1) width 8: "1"
      RenderText {#text} at (0,0) size 0x0
