layer at (0,0) size 800x600
  RenderView at (0,0) size 800x600
layer at (0,0) size 800x131
  RenderBlock {HTML} at (0,0) size 800x131
    RenderBody {BODY} at (8,8) size 784x115
      RenderBlock (anonymous) at (0,0) size 784x18
        RenderInline {SPAN} at (0,0) size 644x17
          RenderText {#text} at (0,0) size 644x17
            text run at (0,0) width 644: "Test for crbug.com/335285: On OS Mac, Options of a multiple select are shifted right in RTL mode."
        RenderText {#text} at (0,0) size 0x0
      RenderBlock {DIV} at (0,18) size 784x97
        RenderListBox {SELECT} at (584,0) size 200x97 [bgcolor=#FFFFFF] [border: (1px solid #A9A9A9)]
        RenderText {#text} at (0,0) size 0x0
