layer at (0,0) size 800x600
  RenderView at (0,0) size 800x600
layer at (0,0) size 800x91
  RenderBlock {HTML} at (0,0) size 800x91
    RenderBody {BODY} at (8,8) size 784x67
      RenderTable {TABLE} at (0,0) size 61x33 [border: (1px outset #808080)]
        RenderTableSection {TBODY} at (1,1) size 59x31
          RenderTableRow {TR} at (0,2) size 59x27
            RenderTableCell {TD} at (2,2) size 55x27 [border: (1px inset #808080)] [r=0 c=0 rs=1 cs=1]
              RenderMenuList {SELECT} at (4,4) size 47x19 [bgcolor=#FFFFFF] [border: (1px solid #A9A9A9)]
                RenderBlock (anonymous) at (1,1) size 45x17
                  RenderText at (4,1) size 22x15
                    text run at (4,1) width 22: "test"
      RenderBlock {P} at (0,49) size 784x18
        RenderText {#text} at (0,0) size 459x17
          text run at (0,0) width 459: "The select element in the table above must not spill outside of the table."
