layer at (0,0) size 800x600
  RenderView at (0,0) size 800x600
layer at (0,0) size 800x600
  RenderBlock {HTML} at (0,0) size 800x600
    RenderBody {BODY} at (8,8) size 784x584
      RenderBlock {P} at (0,0) size 784x18
        RenderText {#text} at (0,0) size 372x17
          text run at (0,0) width 372: "The select below has a size of 3, but a much larger height."
      RenderBlock (anonymous) at (0,34) size 784x250
        RenderText {#text} at (0,0) size 0x0
layer at (8,42) size 65x250 clip at (9,43) size 48x248
  RenderListBox {SELECT} at (0,0) size 65.47x250 [bgcolor=#FFFFFF] [border: (1px solid #A9A9A9)]
    RenderBlock {OPTION} at (1,1) size 48.47x17
      RenderText {#text} at (2,0) size 23x15
        text run at (2,0) width 23: "one"
    RenderBlock {OPTION} at (1,18) size 48.47x17
      RenderText {#text} at (2,0) size 21x15
        text run at (2,0) width 21: "two"
    RenderBlock {OPTION} at (1,35) size 48.47x17
      RenderText {#text} at (2,0) size 31x15
        text run at (2,0) width 31: "three"
    RenderBlock {OPTION} at (1,52) size 48.47x17
      RenderText {#text} at (2,0) size 23x15
        text run at (2,0) width 23: "four"
    RenderBlock {OPTION} at (1,69) size 48.47x17
      RenderText {#text} at (2,0) size 21x15
        text run at (2,0) width 21: "five"
    RenderBlock {OPTION} at (1,86) size 48.47x17
      RenderText {#text} at (2,0) size 17x15
        text run at (2,0) width 17: "six"
    RenderBlock {OPTION} at (1,103) size 48.47x17
      RenderText {#text} at (2,0) size 36x15
        text run at (2,0) width 36: "seven"
    RenderBlock {OPTION} at (1,120) size 48.47x17
      RenderText {#text} at (2,0) size 29x15
        text run at (2,0) width 29: "eight"
    RenderBlock {OPTION} at (1,137) size 48.47x17
      RenderText {#text} at (2,0) size 26x15
        text run at (2,0) width 26: "nine"
    RenderBlock {OPTION} at (1,154) size 48.47x17
      RenderText {#text} at (2,0) size 19x15
        text run at (2,0) width 19: "ten"
    RenderBlock {OPTION} at (1,171) size 48.47x17
      RenderText {#text} at (2,0) size 40x15
        text run at (2,0) width 40: "eleven"
    RenderBlock {OPTION} at (1,188) size 48.47x17
      RenderText {#text} at (2,0) size 38x15
        text run at (2,0) width 38: "twelve"
    RenderBlock {OPTION} at (1,205) size 48.47x17
      RenderText {#text} at (2,0) size 45x15
        text run at (2,0) width 45: "thirteen"
