layer at (0,0) size 800x600
  RenderView at (0,0) size 800x600
layer at (0,0) size 800x600
  RenderBlock {HTML} at (0,0) size 800x600
    RenderBody {BODY} at (8,8) size 784x584
      RenderBlock {P} at (0,0) size 784x36
        RenderText {#text} at (0,0) size 55x17
          text run at (0,0) width 55: "Test for "
        RenderInline {I} at (0,0) size 718x35
          RenderInline {A} at (0,0) size 306x17 [color=#0000EE]
            RenderText {#text} at (54,0) size 306x17
              text run at (54,0) width 306: "http://bugs.webkit.org/show_bug.cgi?id=13775"
          RenderText {#text} at (359,0) size 718x35
            text run at (359,0) width 5: " "
            text run at (363,0) width 355: "REGRESSION: Popup button text should use \"natural\""
            text run at (0,18) width 330: "directionality to match the items in the popup menu"
        RenderText {#text} at (329,18) size 5x17
          text run at (329,18) width 5: "."
      RenderBlock {P} at (0,52) size 784x18
        RenderText {#text} at (0,0) size 674x17
          text run at (0,0) width 519: "In all of the popup buttons below, the letter A should be on the left and the letter "
          text run at (518,0) width 9 RTL: "\x{5D0}"
          text run at (526,0) width 148: " should be on the right."
      RenderBlock {DIV} at (0,86) size 784x46
        RenderBlock {DIV} at (0,0) size 784x23
          RenderMenuList {SELECT} at (0,2) size 70x19 [bgcolor=#FFFFFF] [border: (1px solid #A9A9A9)]
            RenderBlock (anonymous) at (1,1) size 68x17
              RenderText at (4,1) size 17x15
                text run at (4,1) width 8 RTL: "\x{5D0}"
                text run at (11,1) width 10: "A"
          RenderText {#text} at (70,2) size 4x17
            text run at (70,2) width 4: " "
          RenderMenuList {SELECT} at (74,2) size 70x19 [bgcolor=#FFFFFF] [border: (1px solid #A9A9A9)]
            RenderBlock (anonymous) at (1,1) size 68x17
              RenderText at (4,1) size 17x15
                text run at (4,1) width 9: "A"
                text run at (12,1) width 9 RTL: "\x{5D0}"
          RenderText {#text} at (144,2) size 4x17
            text run at (144,2) width 4: " "
          RenderMenuList {SELECT} at (148,2) size 70x19 [bgcolor=#FFFFFF] [border: (1px solid #A9A9A9)]
            RenderBlock (anonymous) at (1,1) size 68x17
              RenderText at (4,1) size 21x15
                text run at (4,1) width 5: "("
                text run at (8,1) width 8 RTL: "\x{5D0}"
                text run at (15,1) width 10: "A"
          RenderText {#text} at (218,2) size 4x17
            text run at (218,2) width 4: " "
          RenderMenuList {SELECT} at (222,2) size 70x19 [bgcolor=#FFFFFF] [border: (1px solid #A9A9A9)]
            RenderBlock (anonymous) at (1,1) size 68x17
              RenderText at (4,1) size 21x15
                text run at (4,1) width 14: "(A"
                text run at (17,1) width 8 RTL: "\x{5D0}"
          RenderText {#text} at (0,0) size 0x0
        RenderBlock {DIV} at (0,23) size 784x23
          RenderMenuList {SELECT} at (492,2) size 70x19 [bgcolor=#FFFFFF] [border: (1px solid #A9A9A9)]
            RenderBlock (anonymous) at (1,1) size 68x17
              RenderText at (4,1) size 17x15
                text run at (4,1) width 8 RTL: "\x{5D0}"
                text run at (11,1) width 10: "A"
          RenderText {#text} at (562,2) size 4x17
            text run at (562,2) width 4: " "
          RenderMenuList {SELECT} at (566,2) size 70x19 [bgcolor=#FFFFFF] [border: (1px solid #A9A9A9)]
            RenderBlock (anonymous) at (1,1) size 68x17
              RenderText at (4,1) size 17x15
                text run at (4,1) width 9: "A"
                text run at (12,1) width 9 RTL: "\x{5D0}"
          RenderText {#text} at (636,2) size 4x17
            text run at (636,2) width 4: " "
          RenderMenuList {SELECT} at (640,2) size 70x19 [bgcolor=#FFFFFF] [border: (1px solid #A9A9A9)]
            RenderBlock (anonymous) at (1,1) size 68x17
              RenderText at (4,1) size 21x15
                text run at (4,1) width 5: "("
                text run at (8,1) width 8 RTL: "\x{5D0}"
                text run at (15,1) width 10: "A"
          RenderText {#text} at (710,2) size 4x17
            text run at (710,2) width 4: " "
          RenderMenuList {SELECT} at (714,2) size 70x19 [bgcolor=#FFFFFF] [border: (1px solid #A9A9A9)]
            RenderBlock (anonymous) at (1,1) size 68x17
              RenderText at (4,1) size 21x15
                text run at (4,1) width 14: "(A"
                text run at (17,1) width 8 RTL: "\x{5D0}"
          RenderText {#text} at (0,0) size 0x0
      RenderBlock {DIV} at (0,132) size 784x46
        RenderBlock {DIV} at (0,0) size 784x23
          RenderMenuList {SELECT} at (222,2) size 70x19 [bgcolor=#FFFFFF] [border: (1px solid #A9A9A9)]
            RenderBlock (anonymous) at (1,1) size 68x17
              RenderText at (47,1) size 17x15
                text run at (47,1) width 10: "A"
                text run at (56,1) width 8 RTL: "\x{5D0}"
          RenderText {#text} at (218,2) size 4x17
            text run at (218,2) width 4 RTL: " "
          RenderMenuList {SELECT} at (148,2) size 70x19 [bgcolor=#FFFFFF] [border: (1px solid #A9A9A9)]
            RenderBlock (anonymous) at (1,1) size 68x17
              RenderText at (47,1) size 17x15
                text run at (47,1) width 9 RTL: "\x{5D0}"
                text run at (55,1) width 9: "A"
          RenderText {#text} at (144,2) size 4x17
            text run at (144,2) width 4 RTL: " "
          RenderMenuList {SELECT} at (74,2) size 70x19 [bgcolor=#FFFFFF] [border: (1px solid #A9A9A9)]
            RenderBlock (anonymous) at (1,1) size 68x17
              RenderText at (43,1) size 21x15
                text run at (43,1) width 10: "A"
                text run at (52,1) width 12 RTL: "(\x{5D0}"
          RenderText {#text} at (70,2) size 4x17
            text run at (70,2) width 4 RTL: " "
          RenderMenuList {SELECT} at (0,2) size 70x19 [bgcolor=#FFFFFF] [border: (1px solid #A9A9A9)]
            RenderBlock (anonymous) at (1,1) size 68x17
              RenderText at (43,1) size 21x15
                text run at (43,1) width 8 RTL: "\x{5D0}"
                text run at (50,1) width 10: "A"
                text run at (59,1) width 5 RTL: "("
          RenderText {#text} at (0,0) size 0x0
        RenderBlock {DIV} at (0,23) size 784x23
          RenderMenuList {SELECT} at (714,2) size 70x19 [bgcolor=#FFFFFF] [border: (1px solid #A9A9A9)]
            RenderBlock (anonymous) at (1,1) size 68x17
              RenderText at (47,1) size 17x15
                text run at (47,1) width 10: "A"
                text run at (56,1) width 8 RTL: "\x{5D0}"
          RenderText {#text} at (710,2) size 4x17
            text run at (710,2) width 4 RTL: " "
          RenderMenuList {SELECT} at (640,2) size 70x19 [bgcolor=#FFFFFF] [border: (1px solid #A9A9A9)]
            RenderBlock (anonymous) at (1,1) size 68x17
              RenderText at (47,1) size 17x15
                text run at (47,1) width 9 RTL: "\x{5D0}"
                text run at (55,1) width 9: "A"
          RenderText {#text} at (636,2) size 4x17
            text run at (636,2) width 4 RTL: " "
          RenderMenuList {SELECT} at (566,2) size 70x19 [bgcolor=#FFFFFF] [border: (1px solid #A9A9A9)]
            RenderBlock (anonymous) at (1,1) size 68x17
              RenderText at (43,1) size 21x15
                text run at (43,1) width 10: "A"
                text run at (52,1) width 12 RTL: "(\x{5D0}"
          RenderText {#text} at (562,2) size 4x17
            text run at (562,2) width 4 RTL: " "
          RenderMenuList {SELECT} at (492,2) size 70x19 [bgcolor=#FFFFFF] [border: (1px solid #A9A9A9)]
            RenderBlock (anonymous) at (1,1) size 68x17
              RenderText at (43,1) size 21x15
                text run at (43,1) width 8 RTL: "\x{5D0}"
                text run at (50,1) width 10: "A"
                text run at (59,1) width 5 RTL: "("
          RenderText {#text} at (0,0) size 0x0
