layer at (0,0) size 800x600
  RenderView at (0,0) size 800x600
layer at (0,0) size 800x600
  RenderBlock {HTML} at (0,0) size 800x600
    RenderBody {BODY} at (8,8) size 784x584
      RenderText {#text} at (0,0) size 474x17
        text run at (0,0) width 474: "This tests that empty select controls and buttons have the correct baseline."
      RenderBR {BR} at (473,14) size 1x0
      RenderMenuList {SELECT} at (0,19) size 25x19 [bgcolor=#FFFFFF] [border: (1px solid #A9A9A9)]
        RenderBlock (anonymous) at (1,1) size 23x17
          RenderBR at (4,1) size 0x15 [bgcolor=#FFFFFF]
      RenderText {#text} at (25,19) size 31x17
        text run at (25,19) width 31: " test "
      RenderMenuList {SELECT} at (55.22,19) size 47x19 [bgcolor=#FFFFFF] [border: (1px solid #A9A9A9)]
        RenderBlock (anonymous) at (1,1) size 45x17
          RenderText at (4,1) size 22x15
            text run at (4,1) width 22: "test"
      RenderText {#text} at (102,19) size 5x17
        text run at (102,19) width 5: " "
      RenderMenuList {SELECT} at (106.22,19) size 25x19 [color=#00008B] [bgcolor=#ADD8E6] [border: (1px solid #A9A9A9)]
        RenderBlock (anonymous) at (1,1) size 23x17
          RenderBR at (4,1) size 0x15 [bgcolor=#ADD8E6]
      RenderText {#text} at (131,19) size 31x17
        text run at (131,19) width 31: " test "
      RenderMenuList {SELECT} at (161.44,19) size 47x19 [color=#00008B] [bgcolor=#ADD8E6] [border: (1px solid #A9A9A9)]
        RenderBlock (anonymous) at (1,1) size 45x17
          RenderText at (4,1) size 22x15
            text run at (4,1) width 22: "test"
      RenderText {#text} at (208,19) size 5x17
        text run at (208,19) width 5: " "
      RenderButton {BUTTON} at (212.44,30) size 16x6 [bgcolor=#C0C0C0] [border: (2px outset #C0C0C0)]
      RenderText {#text} at (228,19) size 5x17
        text run at (228,19) width 5: " "
      RenderButton {BUTTON} at (232.44,18) size 37.50x21 [bgcolor=#C0C0C0] [border: (2px outset #C0C0C0)]
        RenderBlock (anonymous) at (8,3) size 21.50x15
          RenderText {#text} at (0,0) size 22x15
            text run at (0,0) width 22: "test"
      RenderText {#text} at (269,19) size 5x17
        text run at (269,19) width 5: " "
      RenderButton {BUTTON} at (273.94,30) size 16x6 [color=#00008B] [bgcolor=#ADD8E6] [border: (2px outset #C0C0C0)]
      RenderText {#text} at (289,19) size 5x17
        text run at (289,19) width 5: " "
      RenderButton {BUTTON} at (293.94,18) size 37.50x21 [color=#00008B] [bgcolor=#ADD8E6] [border: (2px outset #C0C0C0)]
        RenderBlock (anonymous) at (8,3) size 21.50x15
          RenderText {#text} at (0,0) size 22x15
            text run at (0,0) width 22: "test"
      RenderText {#text} at (0,0) size 0x0
