layer at (0,0) size 800x600
  RenderView at (0,0) size 800x600
layer at (0,0) size 800x600
  RenderBlock {HTML} at (0,0) size 800x600
    RenderBody {BODY} at (8,8) size 784x584
layer at (8,8) size 784x153 clip at (8,8) size 769x138
  RenderBlock {DIV} at (0,0) size 784x153
    RenderText {#text} at (0,0) size 0x0
layer at (8,8) size 59x138 clip at (9,9) size 42x121 scrollHeight 170
  RenderListBox {SELECT} at (0,0) size 58.80x138 [bgcolor=#FFFFFF] [border: (1px solid #A9A9A9)]
    RenderBlock {OPTION} at (1,1) size 41.80x17
      RenderText {#text} at (2,0) size 26x15
        text run at (2,0) width 26: "One"
    RenderBlock {OPTION} at (1,18) size 41.80x17
      RenderText {#text} at (2,0) size 26x15
        text run at (2,0) width 26: "Two"
    RenderBlock {OPTION} at (1,35) size 41.80x17
      RenderText {#text} at (2,0) size 35x15
        text run at (2,0) width 35: "Three"
    RenderBlock {OPTION} at (1,52) size 41.80x17
      RenderText {#text} at (2,0) size 28x15
        text run at (2,0) width 28: "Four"
    RenderBlock {OPTION} at (1,69) size 41.80x17
      RenderText {#text} at (2,0) size 26x15
        text run at (2,0) width 26: "Five"
    RenderBlock {OPTION} at (1,86) size 41.80x17
      RenderText {#text} at (2,0) size 19x15
        text run at (2,0) width 19: "Six"
    RenderBlock {OPTION} at (1,103) size 41.80x17
      RenderText {#text} at (2,0) size 38x15
        text run at (2,0) width 38: "Seven"
    RenderBlock {OPTION} at (1,120) size 41.80x17
      RenderText {#text} at (2,0) size 31x15
        text run at (2,0) width 31: "Eight"
    RenderBlock {OPTION} at (1,137) size 41.80x17
      RenderText {#text} at (2,0) size 28x15
        text run at (2,0) width 28: "Nine"
    RenderBlock {OPTION} at (1,154) size 41.80x17
      RenderText {#text} at (2,0) size 23x15
        text run at (2,0) width 23: "Ten"
