layer at (0,0) size 800x600
  RenderView at (0,0) size 800x600
layer at (0,0) size 800x600
  RenderBlock {HTML} at (0,0) size 800x600
    RenderBody {BODY} at (8,8) size 784x584
      RenderText {#text} at (0,0) size 566x17
        text run at (0,0) width 256: "This tests that styled popups look right. "
        text run at (255,0) width 311: "(Aqua for now- later, we will honor the styling)."
      RenderBR {BR} at (565,14) size 1x0
      RenderMenuList {SELECT} at (0,18) size 47x19 [bgcolor=#FF0000] [border: (1px solid #A9A9A9)]
        RenderBlock (anonymous) at (1,1) size 45x17
          RenderText at (4,1) size 22x15
            text run at (4,1) width 22: "test"
      RenderText {#text} at (47,18) size 4x17
        text run at (47,18) width 4: " "
      RenderBR {BR} at (51,32) size 0x0
      RenderText {#text} at (0,37) size 541x17
        text run at (0,37) width 541: "This tests that background color is white by default regardless of the parent element."
      RenderBR {BR} at (540,51) size 1x0
      RenderInline {SPAN} at (0,0) size 61x27 [bgcolor=#FF0000]
        RenderText {#text} at (0,0) size 0x0
        RenderMenuList {SELECT} at (5,55) size 47x19 [bgcolor=#FFFFFF] [border: (1px solid #A9A9A9)]
          RenderBlock (anonymous) at (1,1) size 45x17
            RenderText at (4,1) size 22x15
              text run at (4,1) width 22: "test"
        RenderText {#text} at (52,55) size 4x17
          text run at (52,55) width 4: " "
      RenderText {#text} at (0,0) size 0x0
      RenderBR {BR} at (0,0) size 0x0
      RenderText {#text} at (0,74) size 642x17
        text run at (0,74) width 642: "This tests that background color is inherited from the parent if background-color:inherit is specified."
      RenderBR {BR} at (641,88) size 1x0
      RenderInline {SPAN} at (0,0) size 61x27 [bgcolor=#FF0000]
        RenderText {#text} at (0,0) size 0x0
        RenderMenuList {SELECT} at (5,92) size 47x19 [border: (1px solid #A9A9A9)]
          RenderBlock (anonymous) at (1,1) size 45x17
            RenderText at (4,1) size 22x15
              text run at (4,1) width 22: "test"
        RenderText {#text} at (52,92) size 4x17
          text run at (52,92) width 4: " "
      RenderText {#text} at (0,0) size 0x0
      RenderBR {BR} at (0,0) size 0x0
      RenderText {#text} at (0,111) size 653x17
        text run at (0,111) width 653: "This tests that background color is the same as the parent if background-color:transparent is specified."
      RenderBR {BR} at (652,125) size 1x0
      RenderInline {SPAN} at (0,0) size 61x27 [bgcolor=#FF0000]
        RenderText {#text} at (0,0) size 0x0
        RenderMenuList {SELECT} at (5,129) size 47x19 [border: (1px solid #A9A9A9)]
          RenderBlock (anonymous) at (1,1) size 45x17
            RenderText at (4,1) size 22x15
              text run at (4,1) width 22: "test"
        RenderText {#text} at (52,129) size 4x17
          text run at (52,129) width 4: " "
      RenderText {#text} at (0,0) size 0x0
      RenderBR {BR} at (0,0) size 0x0
      RenderText {#text} at (0,148) size 509x17
        text run at (0,148) width 509: "This tests that background is white if only background-image:none is specified."
      RenderBR {BR} at (508,162) size 1x0
      RenderMenuList {SELECT} at (0,166) size 47x19 [bgcolor=#FFFFFF] [border: (1px solid #A9A9A9)]
        RenderBlock (anonymous) at (1,1) size 45x17
          RenderText at (4,1) size 22x15
            text run at (4,1) width 22: "test"
      RenderText {#text} at (47,166) size 4x17
        text run at (47,166) width 4: " "
      RenderBR {BR} at (51,180) size 0x0
      RenderText {#text} at (0,185) size 430x17
        text run at (0,185) width 430: "This tests that the image specified for background-image is visible."
      RenderBR {BR} at (429,199) size 1x0
      RenderMenuList {SELECT} at (0,203) size 47x19 [bgcolor=#FFFFFF] [border: (1px solid #A9A9A9)]
        RenderBlock (anonymous) at (1,1) size 45x17
          RenderText at (4,1) size 22x15
            text run at (4,1) width 22: "test"
      RenderText {#text} at (0,0) size 0x0
