layer at (0,0) size 800x600
  RenderView at (0,0) size 800x600
layer at (0,0) size 800x600
  RenderBlock {HTML} at (0,0) size 800x600
    RenderBody {BODY} at (8,8) size 784x584
      RenderText {#text} at (0,0) size 453x17
        text run at (0,0) width 453: "This tests that a scrollbar will appear when text overflows the textarea "
      RenderBR {BR} at (452,14) size 1x0
      RenderText {#text} at (0,0) size 0x0
layer at (10,28) size 179x94 clip at (11,29) size 162x92 scrollHeight 137
  RenderTextControl {TEXTAREA} at (2,20) size 179x94 [bgcolor=#FFFFFF] [border: (1px solid #A9A9A9)]
    RenderBlock {DIV} at (3,3) size 160x135
      RenderText {#text} at (0,0) size 8x15
        text run at (0,0) width 8: "1"
      RenderBR {BR} at (7,11) size 1x0
      RenderText {#text} at (0,15) size 8x15
        text run at (0,15) width 8: "2"
      RenderBR {BR} at (7,26) size 1x0
      RenderText {#text} at (0,30) size 8x15
        text run at (0,30) width 8: "3"
      RenderBR {BR} at (7,41) size 1x0
      RenderText {#text} at (0,45) size 8x15
        text run at (0,45) width 8: "4"
      RenderBR {BR} at (7,56) size 1x0
      RenderText {#text} at (0,60) size 8x15
        text run at (0,60) width 8: "5"
      RenderText {#text} at (7,60) size 1x15
        text run at (7,60) width 1: " "
      RenderText {#text} at (0,75) size 8x15
        text run at (0,75) width 8: "6"
      RenderText {#text} at (7,75) size 1x15
        text run at (7,75) width 1: " "
      RenderText {#text} at (0,90) size 8x15
        text run at (0,90) width 8: "7"
      RenderText {#text} at (7,90) size 1x15
        text run at (7,90) width 1: " "
      RenderText {#text} at (0,105) size 8x15
        text run at (0,105) width 8: "8"
      RenderText {#text} at (7,105) size 1x15
        text run at (7,105) width 1: " "
      RenderText {#text} at (0,120) size 0x15
        text run at (0,120) width 0: " "
caret: position 0 of child 16 {#text} of child 0 {DIV} of {#document-fragment} of child 3 {TEXTAREA} of body
