layer at (0,0) size 800x600
  RenderView at (0,0) size 800x600
layer at (0,0) size 800x50
  RenderBlock {HTML} at (0,0) size 800x50
    RenderBody {BODY} at (8,8) size 784x34
      RenderTextControl {INPUT} at (0,0) size 100x2 [bgcolor=#FFFFFF]
      RenderText {#text} at (0,0) size 0x0
      RenderText {#text} at (0,0) size 0x0
layer at (8,9) size 100x0 scrollHeight 37
  RenderBlock {DIV} at (0,1) size 100x0
    RenderText {#text} at (0,0) size 68x36
      text run at (0,0) width 68: "FAIL"
