layer at (0,0) size 800x600
  RenderView at (0,0) size 800x600
layer at (0,0) size 800x600
  RenderBlock {HTML} at (0,0) size 800x600
    RenderBody {BODY} at (8,8) size 784x584
      RenderText {#text} at (200,186) size 4x17
        text run at (200,186) width 4: " "
      RenderText {#text} at (204,186) size 52x17
        text run at (204,186) width 52: "183 362"
layer at (8,8) size 200x200 clip at (9,9) size 183x198 scrollHeight 362
  RenderTextControl {TEXTAREA} at (0,0) size 200x200 [bgcolor=#FFFFFF] [border: (1px solid #A9A9A9)]
    RenderBlock {DIV} at (3,3) size 181x360
      RenderText {#text} at (0,0) size 128x15
        text run at (0,0) width 128: "Lots of content."
      RenderBR {BR} at (127,11) size 1x0
      RenderText {#text} at (0,15) size 128x15
        text run at (0,15) width 128: "Lots of content."
      RenderBR {BR} at (127,26) size 1x0
      RenderText {#text} at (0,30) size 128x15
        text run at (0,30) width 128: "Lots of content."
      RenderBR {BR} at (127,41) size 1x0
      RenderText {#text} at (0,45) size 128x15
        text run at (0,45) width 128: "Lots of content."
      RenderBR {BR} at (127,56) size 1x0
      RenderBR {BR} at (0,60) size 0x15
      RenderText {#text} at (0,75) size 128x15
        text run at (0,75) width 128: "Lots of content."
      RenderBR {BR} at (127,86) size 1x0
      RenderText {#text} at (0,90) size 128x15
        text run at (0,90) width 128: "Lots of content."
      RenderBR {BR} at (127,101) size 1x0
      RenderBR {BR} at (0,105) size 0x15
      RenderText {#text} at (0,120) size 128x15
        text run at (0,120) width 128: "Lots of content."
      RenderBR {BR} at (127,131) size 1x0
      RenderText {#text} at (0,135) size 128x15
        text run at (0,135) width 128: "Lots of content."
      RenderBR {BR} at (127,146) size 1x0
      RenderBR {BR} at (0,150) size 0x15
      RenderText {#text} at (0,165) size 128x15
        text run at (0,165) width 128: "Lots of content."
      RenderBR {BR} at (127,176) size 1x0
      RenderText {#text} at (0,180) size 128x15
        text run at (0,180) width 128: "Lots of content."
      RenderBR {BR} at (127,191) size 1x0
      RenderBR {BR} at (0,195) size 0x15
      RenderText {#text} at (0,210) size 128x15
        text run at (0,210) width 128: "Lots of content."
      RenderBR {BR} at (127,221) size 1x0
      RenderText {#text} at (0,225) size 128x15
        text run at (0,225) width 128: "Lots of content."
      RenderBR {BR} at (127,236) size 1x0
      RenderBR {BR} at (0,240) size 0x15
      RenderText {#text} at (0,255) size 128x15
        text run at (0,255) width 128: "Lots of content."
      RenderBR {BR} at (127,266) size 1x0
      RenderText {#text} at (0,270) size 128x15
        text run at (0,270) width 128: "Lots of content."
      RenderBR {BR} at (127,281) size 1x0
      RenderBR {BR} at (0,285) size 0x15
      RenderText {#text} at (0,300) size 128x15
        text run at (0,300) width 128: "Lots of content."
      RenderBR {BR} at (127,311) size 1x0
      RenderText {#text} at (0,315) size 128x15
        text run at (0,315) width 128: "Lots of content."
      RenderBR {BR} at (127,326) size 1x0
      RenderBR {BR} at (0,330) size 0x15
      RenderBR {BR} at (0,345) size 0x15
