layer at (0,0) size 800x600
  RenderView at (0,0) size 800x600
layer at (0,0) size 800x600
  RenderBlock {HTML} at (0,0) size 800x600
    RenderBody {BODY} at (8,8) size 784x584
      RenderBlock {P} at (0,0) size 784x54
        RenderText {#text} at (0,0) size 458x17
          text run at (0,0) width 458: "This tests that bidirectional text is correctly rendered in popup controls."
        RenderBR {BR} at (457,14) size 1x0
        RenderText {#text} at (0,18) size 773x35
          text run at (0,18) width 773: "The order of the text below each popup button should match the order of the select's option text, and the order of the text"
          text run at (0,36) width 124: "in the popup menu."
      RenderBlock (anonymous) at (0,70) size 784x41
        RenderText {#text} at (0,0) size 286x17
          text run at (0,0) width 286: "1) direction: rtl; -webkit-rtl-ordering: logical"
        RenderBR {BR} at (285,14) size 1x0
        RenderMenuList {SELECT} at (0,20) size 100x19 [bgcolor=#FFFFFF] [border: (1px solid #A9A9A9)]
          RenderBlock (anonymous) at (1,1) size 98x17
            RenderText at (28,1) size 66x15
              text run at (28,1) width 45 RTL: "\x{5D0}\x{5E4}\x{5E8}\x{5E1}\x{5DE}\x{5D5}\x{5DF}"
              text run at (72,1) width 22: "abc"
        RenderBR {BR} at (100,34) size 0x0
      RenderBlock {DIV} at (0,111) size 100x18
        RenderText {#text} at (0,0) size 69x17
          text run at (0,0) width 23: "abc"
          text run at (22,0) width 47 RTL: "\x{5D0}\x{5E4}\x{5E8}\x{5E1}\x{5DE}\x{5D5}\x{5DF}"
      RenderBlock (anonymous) at (0,129) size 784x59
        RenderBR {BR} at (0,0) size 0x17
        RenderText {#text} at (0,18) size 118x17
          text run at (0,18) width 118: "2) text-align: right"
        RenderBR {BR} at (117,32) size 1x0
        RenderMenuList {SELECT} at (0,38) size 200x19 [bgcolor=#FFFFFF] [border: (1px solid #A9A9A9)]
          RenderBlock (anonymous) at (1,1) size 198x17
            RenderText at (4,1) size 66x15
              text run at (4,1) width 22: "abc"
              text run at (25,1) width 45 RTL: "\x{5D0}\x{5E4}\x{5E8}\x{5E1}\x{5DE}\x{5D5}\x{5DF}"
        RenderBR {BR} at (200,52) size 0x0
      RenderBlock {DIV} at (0,188) size 200x18
        RenderText {#text} at (0,0) size 69x17
          text run at (0,0) width 23: "abc"
          text run at (22,0) width 47 RTL: "\x{5D0}\x{5E4}\x{5E8}\x{5E1}\x{5DE}\x{5D5}\x{5DF}"
      RenderBlock (anonymous) at (0,206) size 784x59
        RenderBR {BR} at (0,0) size 0x17
        RenderText {#text} at (0,18) size 72x17
          text run at (0,18) width 72: "3) No style"
        RenderBR {BR} at (71,32) size 1x0
        RenderMenuList {SELECT} at (0,38) size 100x19 [bgcolor=#FFFFFF] [border: (1px solid #A9A9A9)]
          RenderBlock (anonymous) at (1,1) size 98x17
            RenderText at (4,1) size 66x15
              text run at (4,1) width 22: "abc"
              text run at (25,1) width 45 RTL: "\x{5D0}\x{5E4}\x{5E8}\x{5E1}\x{5DE}\x{5D5}\x{5DF}"
        RenderBR {BR} at (100,52) size 0x0
      RenderBlock {DIV} at (0,265) size 100x18
        RenderText {#text} at (0,0) size 69x17
          text run at (0,0) width 23: "abc"
          text run at (22,0) width 47 RTL: "\x{5D0}\x{5E4}\x{5E8}\x{5E1}\x{5DE}\x{5D5}\x{5DF}"
      RenderBlock (anonymous) at (0,283) size 784x18
        RenderBR {BR} at (0,0) size 0x17
