layer at (0,0) size 800x600
  RenderView at (0,0) size 800x600
layer at (0,0) size 800x348
  RenderBlock {HTML} at (0,0) size 800x348
    RenderBody {BODY} at (8,8) size 784x332
      RenderBlock {DIV} at (0,0) size 784x332
        RenderBlock (anonymous) at (0,0) size 784x36
          RenderText {#text} at (0,0) size 779x35
            text run at (0,0) width 779: "In all four cases below, the exclamation mark should be on the left side of the first line and on the right side of the second"
            text run at (0,18) width 28: "line."
        RenderBlock {DIV} at (0,36) size 784x296
          RenderBR {BR} at (425,56) size 0x17
          RenderBR {BR} at (425,130) size 0x17
          RenderBR {BR} at (425,204) size 0x17
          RenderText {#text} at (0,0) size 0x0
layer at (10,46) size 421x66 clip at (11,47) size 419x64
  RenderTextControl {TEXTAREA} at (2,2) size 421x66 [bgcolor=#FFFFFF] [border: (1px solid #A9A9A9)]
    RenderBlock {DIV} at (3,3) size 415x45
      RenderText {#text} at (375,0) size 40x15
        text run at (375,0) width 40 RTL: "\x{5E9}\x{5DC}\x{5D5}\x{5DD}!"
      RenderBR {BR} at (375,0) size 1x15
      RenderText {#text} at (0,15) size 48x15
        text run at (0,15) width 48: "hello!"
      RenderBR {BR} at (47,15) size 1x15
      RenderBR {BR} at (0,30) size 0x15
layer at (10,120) size 421x66 clip at (11,121) size 419x64
  RenderTextControl {TEXTAREA} at (2,76) size 421x66 [bgcolor=#FFFFFF] [border: (1px solid #A9A9A9)]
    RenderBlock {DIV} at (3,3) size 415x45
      RenderText {#text} at (375,0) size 40x15
        text run at (375,0) width 40 RTL: "\x{5E9}\x{5DC}\x{5D5}\x{5DD}!"
      RenderBR {BR} at (375,0) size 1x15
      RenderText {#text} at (0,15) size 48x15
        text run at (0,15) width 48: "hello!"
      RenderBR {BR} at (47,15) size 1x15
      RenderBR {BR} at (0,30) size 0x15
layer at (10,194) size 421x66 clip at (11,195) size 419x64
  RenderTextControl {TEXTAREA} at (2,150) size 421x66 [bgcolor=#FFFFFF] [border: (1px solid #A9A9A9)]
    RenderBlock {DIV} at (3,3) size 415x45
      RenderText {#text} at (375,0) size 40x15
        text run at (375,0) width 40 RTL: "\x{5E9}\x{5DC}\x{5D5}\x{5DD}!"
      RenderBR {BR} at (375,0) size 1x15
      RenderText {#text} at (0,15) size 48x15
        text run at (0,15) width 48: "hello!"
      RenderBR {BR} at (47,15) size 1x15
      RenderBR {BR} at (0,30) size 0x15
layer at (10,268) size 421x66 clip at (11,269) size 419x64
  RenderTextControl {TEXTAREA} at (2,224) size 421x66 [bgcolor=#FFFFFF] [border: (1px solid #A9A9A9)]
    RenderBlock {DIV} at (3,3) size 415x45
      RenderText {#text} at (375,0) size 40x15
        text run at (375,0) width 40 RTL: "\x{5E9}\x{5DC}\x{5D5}\x{5DD}!"
      RenderBR {BR} at (375,0) size 1x15
      RenderText {#text} at (0,15) size 48x15
        text run at (0,15) width 48: "hello!"
      RenderBR {BR} at (47,15) size 1x15
      RenderBR {BR} at (0,30) size 0x15
