layer at (0,0) size 800x600
  RenderView at (0,0) size 800x600
layer at (0,0) size 800x585
  RenderBlock {HTML} at (0,0) size 800x584.97
    RenderBody {BODY} at (8,21.33) size 784x555.64
      RenderBlock {P} at (0,0) size 784x24
        RenderText {#text} at (0,0) size 134x23
          text run at (0,0) width 134: "Simple text path"
      RenderBlock (anonymous) at (0,45.33) size 784x215
        RenderBlock {SPAN} at (0,0) size 24x209.09
          RenderText {#text} at (0,0) size 23x210
            text run at (0,0) width 210: "string\x{300C}\x{3042}\x{3001}\x{5909}\x{3063}\x{FF01}\x{300D}\x{3002}"
        RenderText {#text} at (0,0) size 0x0
      RenderBlock {HR} at (0,270.98) size 784x2 [border: (1px inset #EEEEEE)]
      RenderBlock {P} at (0,294.31) size 784x24
        RenderText {#text} at (0,0) size 152x23
          text run at (0,0) width 152: "Complex text path"
      RenderBlock (anonymous) at (0,339.64) size 784x216
        RenderBlock {SPAN} at (0,0) size 24x210
          RenderText {#text} at (0,0) size 23x210
            text run at (0,0) width 210: "string\x{300C}\x{3042}\x{3001}\x{5909}\x{3063}\x{FF01}\x{300D}\x{3002}"
        RenderText {#text} at (0,0) size 0x0
