layer at (0,0) size 800x600
  RenderView at (0,0) size 800x600
layer at (0,0) size 800x228
  RenderBlock {HTML} at (0,0) size 800x228
    RenderBody {BODY} at (8,16) size 784x196
      RenderBlock {P} at (0,0) size 764x90 [color=#0000FF] [border: none (10px double #0000FF) none]
        RenderText {#text} at (0,0) size 372x17
          text run at (0,0) width 372: "This paragraph should have two blue lines on its right. \x{21E8} "
        RenderInline {SPAN} at (0,0) size 752x89 [color=#C0C0C0]
          RenderText {#text} at (371,0) size 752x89
            text run at (371,0) width 373: "dummy text dummy text dummy text dummy text dummy"
            text run at (0,18) width 81: "text dummy "
            text run at (80,18) width 487: "text dummy text dummy text dummy text dummy text dummy text dummy "
            text run at (566,18) width 186: "text dummy text dummy text"
            text run at (0,36) width 296: "dummy text dummy text dummy text dummy "
            text run at (295,36) width 429: "text dummy text dummy text dummy text dummy text dummy text"
            text run at (0,54) width 53: "dummy "
            text run at (52,54) width 487: "text dummy text dummy text dummy text dummy text dummy text dummy "
            text run at (538,54) width 186: "text dummy text dummy text"
            text run at (0,72) width 158: "dummy text dummy text"
        RenderText {#text} at (0,0) size 0x0
      RenderBlock {P} at (0,106) size 764x90 [color=#0000FF] [border: none (1px solid #0000FF) none]
        RenderText {#text} at (0,0) size 378x17
          text run at (0,0) width 378: "This paragraph should have a thin blue line on its right. \x{21E8} "
        RenderInline {SPAN} at (0,0) size 752x89 [color=#C0C0C0]
          RenderText {#text} at (377,0) size 752x89
            text run at (377,0) width 373: "dummy text dummy text dummy text dummy text dummy"
            text run at (0,18) width 81: "text dummy "
            text run at (80,18) width 487: "text dummy text dummy text dummy text dummy text dummy text dummy "
            text run at (566,18) width 186: "text dummy text dummy text"
            text run at (0,36) width 296: "dummy text dummy text dummy text dummy "
            text run at (295,36) width 429: "text dummy text dummy text dummy text dummy text dummy text"
            text run at (0,54) width 53: "dummy "
            text run at (52,54) width 487: "text dummy text dummy text dummy text dummy text dummy text dummy "
            text run at (538,54) width 186: "text dummy text dummy text"
            text run at (0,72) width 158: "dummy text dummy text"
        RenderText {#text} at (0,0) size 0x0
