layer at (0,0) size 800x600
  RenderView at (0,0) size 800x600
layer at (0,0) size 800x322
  RenderBlock {HTML} at (0,0) size 800x322
    RenderBody {BODY} at (8,16) size 784x291
      RenderBlock {P} at (0,0) size 784x40
        RenderText {#text} at (0,0) size 768x39
          text run at (0,0) width 365: "Change your window size. However the lines wrap, the blue "
          text run at (365,0) width 403: "rectanglues should always have their middles on the same alignment"
          text run at (0,20) width 17: "as "
          text run at (17,20) width 193: "other blue rectangles on the line."
      RenderBlock {P} at (15,56) size 754x235 [color=#0000FF] [bgcolor=#FFFFFF] [border: (1px solid #C0C0C0)]
        RenderText {#text} at (9,36) size 60x16
          text run at (9,36) width 60: "\x{C9}\x{C9}\x{C9} "
        RenderImage {IMG} at (69,26.50) size 30x30
        RenderText {#text} at (99,36) size 15x16
          text run at (99,36) width 15: " "
        RenderInline {SPAN} at (0,0) size 111x39 [color=#C0C0C0]
          RenderText {#text} at (114,18) size 111x39
            text run at (114,18) width 111: "xxx"
        RenderText {#text} at (225,36) size 15x16
          text run at (225,36) width 15: " "
        RenderImage {IMG} at (240,16.50) size 50x50
        RenderText {#text} at (290,36) size 75x16
          text run at (290,36) width 15: " "
          text run at (305,36) width 60: "\x{C9}\x{C9}\x{C9} "
        RenderImage {IMG} at (365,36.50) size 10x10
        RenderText {#text} at (375,36) size 15x16
          text run at (375,36) width 15: " "
        RenderInline {SMALL} at (0,0) size 30x11 [color=#C0C0C0]
          RenderText {#text} at (390,40) size 30x11
            text run at (390,40) width 30: "xxx"
        RenderText {#text} at (420,36) size 15x16
          text run at (420,36) width 15: " "
        RenderImage {IMG} at (435,31.50) size 20x20
        RenderText {#text} at (455,36) size 75x16
          text run at (455,36) width 15: " "
          text run at (470,36) width 60: "\x{C9}\x{C9}\x{C9} "
        RenderImage {IMG} at (530,8.50) size 65x65
        RenderText {#text} at (595,36) size 75x16
          text run at (595,36) width 15: " "
          text run at (610,36) width 60: "\x{C9}\x{C9}\x{C9} "
        RenderImage {IMG} at (670,23.50) size 35x35
        RenderText {#text} at (0,0) size 0x0
        RenderInline {SPAN} at (0,0) size 90x31 [color=#C0C0C0]
          RenderText {#text} at (9,94) size 90x31
            text run at (9,94) width 90: "xxx"
        RenderText {#text} at (99,106) size 15x16
          text run at (99,106) width 15: " "
        RenderImage {IMG} at (114,86.50) size 50x50
        RenderText {#text} at (164,106) size 15x16
          text run at (164,106) width 15: " "
        RenderInline {SPAN} at (0,0) size 344x24 [color=#C0C0C0]
          RenderText {#text} at (179,100) size 88x24
            text run at (179,100) width 88: "xxx "
          RenderInline {SPAN} at (0,0) size 168x57
            RenderText {#text} at (267,73) size 168x57
              text run at (267,73) width 168: "xxx"
          RenderText {#text} at (435,100) size 88x24
            text run at (435,100) width 88: " xxx"
        RenderText {#text} at (523,106) size 15x16
          text run at (523,106) width 15: " "
        RenderImage {IMG} at (538,86.50) size 50x50
        RenderText {#text} at (588,106) size 15x16
          text run at (588,106) width 15: " "
        RenderInline {SMALL} at (0,0) size 30x11 [color=#C0C0C0]
          RenderText {#text} at (603,110) size 30x11
            text run at (603,110) width 30: "xxx"
        RenderText {#text} at (633,106) size 15x16
          text run at (633,106) width 15: " "
        RenderImage {IMG} at (648,103.50) size 15x15
        RenderText {#text} at (663,106) size 15x16
          text run at (663,106) width 15: " "
        RenderInline {BIG} at (0,0) size 60x21 [color=#C0C0C0]
          RenderText {#text} at (678,102) size 60x21
            text run at (678,102) width 60: "xxx"
        RenderText {#text} at (0,0) size 0x0
        RenderImage {IMG} at (9,136.50) size 90x90
        RenderText {#text} at (99,176) size 60x16
          text run at (99,176) width 15: " "
          text run at (114,176) width 45: "\x{C9}\x{C9}\x{C9}"
