layer at (0,0) size 800x600
  RenderView at (0,0) size 800x600
layer at (0,0) size 800x259
  RenderBlock {HTML} at (0,0) size 800x259
    RenderBody {BODY} at (8,16) size 784x228
      RenderBlock {P} at (0,0) size 784x40
        RenderText {#text} at (0,0) size 765x39
          text run at (0,0) width 365: "Change your window size. However the lines wrap, the blue "
          text run at (365,0) width 400: "rectanglues should always have their tops on the same alignment as"
          text run at (0,20) width 193: "other blue rectangles on the line."
      RenderBlock {P} at (15,56) size 754x172 [color=#0000FF] [bgcolor=#FFFFFF] [border: (1px solid #C0C0C0)]
        RenderInline {SPAN} at (0,0) size 45x16
          RenderText {#text} at (9,8) size 45x16
            text run at (9,8) width 45: "xxx"
        RenderText {#text} at (54,8) size 15x16
          text run at (54,8) width 15: " "
        RenderImage {IMG} at (69,8.50) size 10x10
        RenderText {#text} at (79,8) size 15x16
          text run at (79,8) width 15: " "
        RenderInline {SPAN} at (0,0) size 111x39
          RenderText {#text} at (94,8) size 111x39
            text run at (94,8) width 111: "xxx"
        RenderText {#text} at (205,8) size 15x16
          text run at (205,8) width 15: " "
        RenderImage {IMG} at (220,8.50) size 10x10
        RenderText {#text} at (230,8) size 15x16
          text run at (230,8) width 15: " "
        RenderInline {SPAN} at (0,0) size 45x16
          RenderText {#text} at (245,8) size 45x16
            text run at (245,8) width 45: "xxx"
        RenderText {#text} at (290,8) size 15x16
          text run at (290,8) width 15: " "
        RenderImage {IMG} at (305,8.50) size 10x10
        RenderText {#text} at (315,8) size 15x16
          text run at (315,8) width 15: " "
        RenderInline {SPAN} at (0,0) size 45x16
          RenderText {#text} at (330,8) size 45x16
            text run at (330,8) width 45: "xxx"
        RenderText {#text} at (375,8) size 15x16
          text run at (375,8) width 15: " "
        RenderImage {IMG} at (390,8.50) size 10x10
        RenderText {#text} at (400,8) size 15x16
          text run at (400,8) width 15: " "
        RenderInline {BIG} at (0,0) size 60x21
          RenderText {#text} at (415,8) size 60x21
            text run at (415,8) width 60: "xxx"
        RenderText {#text} at (475,8) size 15x16
          text run at (475,8) width 15: " "
        RenderImage {IMG} at (490,8.50) size 20x20
        RenderText {#text} at (510,8) size 15x16
          text run at (510,8) width 15: " "
        RenderInline {SPAN} at (0,0) size 45x16
          RenderText {#text} at (525,8) size 45x16
            text run at (525,8) width 45: "xxx"
        RenderText {#text} at (570,8) size 15x16
          text run at (570,8) width 15: " "
        RenderImage {IMG} at (585,8.50) size 65x65
        RenderText {#text} at (650,8) size 15x16
          text run at (650,8) width 15: " "
        RenderInline {SPAN} at (0,0) size 45x16
          RenderText {#text} at (665,8) size 45x16
            text run at (665,8) width 45: "xxx"
        RenderText {#text} at (0,0) size 0x0
        RenderImage {IMG} at (9,73.50) size 35x35
        RenderText {#text} at (44,73) size 15x16
          text run at (44,73) width 15: " "
        RenderInline {SPAN} at (0,0) size 90x31
          RenderText {#text} at (59,73) size 90x31
            text run at (59,73) width 90: "xxx"
        RenderText {#text} at (149,73) size 15x16
          text run at (149,73) width 15: " "
        RenderImage {IMG} at (164,73.50) size 50x50
        RenderText {#text} at (214,73) size 15x16
          text run at (214,73) width 15: " "
        RenderInline {SPAN} at (0,0) size 45x16
          RenderText {#text} at (229,73) size 45x16
            text run at (229,73) width 45: "xxx"
        RenderText {#text} at (274,73) size 15x16
          text run at (274,73) width 15: " "
        RenderImage {IMG} at (289,73.50) size 15x15
        RenderText {#text} at (304,73) size 15x16
          text run at (304,73) width 15: " "
        RenderInline {BIG} at (0,0) size 60x21
          RenderText {#text} at (319,73) size 60x21
            text run at (319,73) width 60: "xxx"
        RenderText {#text} at (379,73) size 15x16
          text run at (379,73) width 15: " "
        RenderImage {IMG} at (394,73.50) size 90x90
        RenderText {#text} at (0,0) size 0x0
