layer at (0,0) size 800x600
  RenderView at (0,0) size 800x600
layer at (0,0) size 800x360
  RenderBlock {HTML} at (0,0) size 800x360
    RenderBody {BODY} at (8,16) size 784x329
      RenderBlock {P} at (0,0) size 784x40
        RenderText {#text} at (0,0) size 765x39
          text run at (0,0) width 365: "Change your window size. However the lines wrap, the blue "
          text run at (365,0) width 400: "rectanglues should always have their tops on the same alignment as"
          text run at (0,20) width 193: "other blue rectangles on the line."
      RenderBlock {P} at (15,56) size 754x273 [color=#0000FF] [bgcolor=#FFFFFF] [border: (1px solid #C0C0C0)]
        RenderText {#text} at (9,26) size 60x16
          text run at (9,26) width 60: "xxx "
        RenderImage {IMG} at (69,26.50) size 30x30
        RenderText {#text} at (99,26) size 15x16
          text run at (99,26) width 15: " "
        RenderInline {SPAN} at (0,0) size 111x39 [color=#C0C0C0]
          RenderText {#text} at (114,8) size 111x39
            text run at (114,8) width 111: "xxx"
        RenderText {#text} at (225,26) size 15x16
          text run at (225,26) width 15: " "
        RenderImage {IMG} at (240,26.50) size 50x50
        RenderText {#text} at (290,26) size 15x16
          text run at (290,26) width 15: " "
        RenderInline {BIG} at (0,0) size 60x21 [color=#C0C0C0]
          RenderText {#text} at (305,22) size 60x21
            text run at (305,22) width 60: "xxx"
        RenderText {#text} at (365,26) size 15x16
          text run at (365,26) width 15: " "
        RenderImage {IMG} at (380,26.50) size 10x10
        RenderText {#text} at (390,26) size 15x16
          text run at (390,26) width 15: " "
        RenderInline {SMALL} at (0,0) size 30x11 [color=#C0C0C0]
          RenderText {#text} at (405,30) size 30x11
            text run at (405,30) width 30: "xxx"
        RenderText {#text} at (435,26) size 15x16
          text run at (435,26) width 15: " "
        RenderImage {IMG} at (450,26.50) size 20x20
        RenderText {#text} at (470,26) size 75x16
          text run at (470,26) width 15: " "
          text run at (485,26) width 60: "xxx "
        RenderImage {IMG} at (545,26.50) size 65x65
        RenderText {#text} at (610,26) size 15x16
          text run at (610,26) width 15: " "
        RenderInline {SPAN} at (0,0) size 90x31 [color=#C0C0C0]
          RenderText {#text} at (625,14) size 90x31
            text run at (625,14) width 90: "xxx"
        RenderText {#text} at (0,0) size 0x0
        RenderImage {IMG} at (9,124.50) size 35x35
        RenderText {#text} at (44,124) size 75x16
          text run at (44,124) width 15: " "
          text run at (59,124) width 60: "xxx "
        RenderImage {IMG} at (119,124.50) size 30x30
        RenderText {#text} at (149,124) size 15x16
          text run at (149,124) width 15: " "
        RenderInline {SPAN} at (0,0) size 344x24 [color=#C0C0C0]
          RenderText {#text} at (164,118) size 88x24
            text run at (164,118) width 88: "xxx "
          RenderInline {SPAN} at (0,0) size 168x57
            RenderText {#text} at (252,91) size 168x57
              text run at (252,91) width 168: "xxx"
          RenderText {#text} at (420,118) size 88x24
            text run at (420,118) width 88: " xxx"
        RenderText {#text} at (508,124) size 15x16
          text run at (508,124) width 15: " "
        RenderImage {IMG} at (523,124.50) size 50x50
        RenderText {#text} at (573,124) size 15x16
          text run at (573,124) width 15: " "
        RenderInline {SMALL} at (0,0) size 30x11 [color=#C0C0C0]
          RenderText {#text} at (588,128) size 30x11
            text run at (588,128) width 30: "xxx"
        RenderText {#text} at (618,124) size 15x16
          text run at (618,124) width 15: " "
        RenderImage {IMG} at (633,124.50) size 15x15
        RenderText {#text} at (648,124) size 15x16
          text run at (648,124) width 15: " "
        RenderInline {BIG} at (0,0) size 60x21 [color=#C0C0C0]
          RenderText {#text} at (663,120) size 60x21
            text run at (663,120) width 60: "xxx"
        RenderText {#text} at (0,0) size 0x0
        RenderImage {IMG} at (9,174.50) size 90x90
        RenderText {#text} at (99,174) size 60x16
          text run at (99,174) width 15: " "
          text run at (114,174) width 45: "xxx"
