layer at (0,0) size 1014x600
  RenderView at (0,0) size 800x600
layer at (0,0) size 800x94
  RenderBlock {HTML} at (0,0) size 800x94
    RenderBody {BODY} at (8,16) size 784x70
      RenderBlock {P} at (0,0) size 784x18
        RenderText {#text} at (0,0) size 298x17
          text run at (0,0) width 298: "The following two lines should look the same:"
      RenderBlock {DIV} at (0,34) size 784x18
        RenderInline {SPAN} at (0,0) size 18x17
          RenderInline (generated) at (0,0) size 18x17
            RenderCounter at (0,0) size 18x17
              text run at (0,0) width 18: "\x{10D0}.\x{10D0}"
        RenderText {#text} at (17,0) size 5x17
          text run at (17,0) width 5: " "
        RenderInline {SPAN} at (0,0) size 20x17
          RenderInline (generated) at (0,0) size 20x17
            RenderCounter at (21,0) size 20x17
              text run at (21,0) width 20: "\x{10D0}.\x{10D1}"
        RenderText {#text} at (40,0) size 5x17
          text run at (40,0) width 5: " "
        RenderInline {SPAN} at (0,0) size 20x17
          RenderInline (generated) at (0,0) size 20x17
            RenderCounter at (44,0) size 20x17
              text run at (44,0) width 20: "\x{10D0}.\x{10D2}"
        RenderText {#text} at (63,0) size 5x17
          text run at (63,0) width 5: " "
        RenderInline {SPAN} at (0,0) size 26x17
          RenderInline (generated) at (0,0) size 26x17
            RenderCounter at (67,0) size 26x17
              text run at (67,0) width 26: "\x{10D0}.\x{10D3}"
        RenderText {#text} at (92,0) size 5x17
          text run at (92,0) width 5: " "
        RenderInline {SPAN} at (0,0) size 19x17
          RenderInline (generated) at (0,0) size 19x17
            RenderCounter at (96,0) size 19x17
              text run at (96,0) width 19: "\x{10D0}.\x{10D4}"
        RenderText {#text} at (114,0) size 5x17
          text run at (114,0) width 5: " "
        RenderInline {SPAN} at (0,0) size 20x17
          RenderInline (generated) at (0,0) size 20x17
            RenderCounter at (118,0) size 20x17
              text run at (118,0) width 20: "\x{10D0}.\x{10D5}"
        RenderText {#text} at (137,0) size 5x17
          text run at (137,0) width 5: " "
        RenderInline {SPAN} at (0,0) size 23x17
          RenderInline (generated) at (0,0) size 23x17
            RenderCounter at (141,0) size 23x17
              text run at (141,0) width 23: "\x{10D0}.\x{10D6}"
        RenderText {#text} at (163,0) size 5x17
          text run at (163,0) width 5: " "
        RenderInline {SPAN} at (0,0) size 22x17
          RenderInline (generated) at (0,0) size 22x17
            RenderCounter at (167,0) size 22x17
              text run at (167,0) width 22: "\x{10D0}.\x{10F1}"
        RenderText {#text} at (188,0) size 5x17
          text run at (188,0) width 5: " "
        RenderInline {SPAN} at (0,0) size 25x17
          RenderInline (generated) at (0,0) size 25x17
            RenderCounter at (192,0) size 25x17
              text run at (192,0) width 25: "\x{10D0}.\x{10D7}"
        RenderText {#text} at (216,0) size 5x17
          text run at (216,0) width 5: " "
        RenderInline {SPAN} at (0,0) size 21x17
          RenderInline (generated) at (0,0) size 21x17
            RenderCounter at (220,0) size 21x17
              text run at (220,0) width 21: "\x{10D0}.\x{10D8}"
        RenderText {#text} at (240,0) size 5x17
          text run at (240,0) width 5: " "
        RenderInline {SPAN} at (0,0) size 27x17
          RenderInline (generated) at (0,0) size 27x17
            RenderCounter at (244,0) size 27x17
              text run at (244,0) width 27: "\x{10D0}.\x{10D8}\x{10D0}"
        RenderText {#text} at (270,0) size 5x17
          text run at (270,0) width 5: " "
        RenderInline {SPAN} at (0,0) size 29x17
          RenderInline (generated) at (0,0) size 29x17
            RenderCounter at (274,0) size 29x17
              text run at (274,0) width 29: "\x{10D0}.\x{10D8}\x{10D1}"
        RenderText {#text} at (302,0) size 5x17
          text run at (302,0) width 5: " "
        RenderInline {SPAN} at (0,0) size 19x17
          RenderInline (generated) at (0,0) size 19x17
            RenderCounter at (306,0) size 19x17
              text run at (306,0) width 19: "\x{10D0}.\x{10D9}"
        RenderText {#text} at (324,0) size 5x17
          text run at (324,0) width 5: " "
        RenderInline {SPAN} at (0,0) size 27x17
          RenderInline (generated) at (0,0) size 27x17
            RenderCounter at (328,0) size 27x17
              text run at (328,0) width 27: "\x{10D0}.\x{10DA}"
        RenderText {#text} at (354,0) size 5x17
          text run at (354,0) width 5: " "
        RenderInline {SPAN} at (0,0) size 20x17
          RenderInline (generated) at (0,0) size 20x17
            RenderCounter at (358,0) size 20x17
              text run at (358,0) width 20: "\x{10D0}.\x{10DB}"
        RenderText {#text} at (377,0) size 5x17
          text run at (377,0) width 5: " "
        RenderInline {SPAN} at (0,0) size 20x17
          RenderInline (generated) at (0,0) size 20x17
            RenderCounter at (381,0) size 20x17
              text run at (381,0) width 20: "\x{10D0}.\x{10DC}"
        RenderText {#text} at (400,0) size 5x17
          text run at (400,0) width 5: " "
        RenderInline {SPAN} at (0,0) size 21x17
          RenderInline (generated) at (0,0) size 21x17
            RenderCounter at (404,0) size 21x17
              text run at (404,0) width 21: "\x{10D0}.\x{10F2}"
        RenderText {#text} at (424,0) size 5x17
          text run at (424,0) width 5: " "
        RenderInline {SPAN} at (0,0) size 23x17
          RenderInline (generated) at (0,0) size 23x17
            RenderCounter at (428,0) size 23x17
              text run at (428,0) width 23: "\x{10D0}.\x{10DD}"
        RenderText {#text} at (450,0) size 5x17
          text run at (450,0) width 5: " "
        RenderInline {SPAN} at (0,0) size 19x17
          RenderInline (generated) at (0,0) size 19x17
            RenderCounter at (454,0) size 19x17
              text run at (454,0) width 19: "\x{10D0}.\x{10DE}"
        RenderText {#text} at (472,0) size 5x17
          text run at (472,0) width 5: " "
        RenderInline {SPAN} at (0,0) size 20x17
          RenderInline (generated) at (0,0) size 20x17
            RenderCounter at (476,0) size 20x17
              text run at (476,0) width 20: "\x{10D0}.\x{10DF}"
        RenderText {#text} at (495,0) size 5x17
          text run at (495,0) width 5: " "
        RenderInline {SPAN} at (0,0) size 22x17
          RenderInline (generated) at (0,0) size 22x17
            RenderCounter at (499,0) size 22x17
              text run at (499,0) width 22: "\x{10D0}.\x{10E0}"
        RenderText {#text} at (520,0) size 5x17
          text run at (520,0) width 5: " "
        RenderInline {SPAN} at (0,0) size 20x17
          RenderInline (generated) at (0,0) size 20x17
            RenderCounter at (524,0) size 20x17
              text run at (524,0) width 20: "\x{10D0}.\x{10E1}"
        RenderText {#text} at (543,0) size 5x17
          text run at (543,0) width 5: " "
        RenderInline {SPAN} at (0,0) size 24x17
          RenderInline (generated) at (0,0) size 24x17
            RenderCounter at (547,0) size 24x17
              text run at (547,0) width 24: "\x{10D0}.\x{10E2}"
        RenderText {#text} at (570,0) size 5x17
          text run at (570,0) width 5: " "
        RenderInline {SPAN} at (0,0) size 19x17
          RenderInline (generated) at (0,0) size 19x17
            RenderCounter at (574,0) size 19x17
              text run at (574,0) width 19: "\x{10D0}.\x{10F3}"
        RenderText {#text} at (592,0) size 5x17
          text run at (592,0) width 5: " "
        RenderInline {SPAN} at (0,0) size 23x17
          RenderInline (generated) at (0,0) size 23x17
            RenderCounter at (596,0) size 23x17
              text run at (596,0) width 23: "\x{10D0}.\x{10E4}"
        RenderText {#text} at (618,0) size 5x17
          text run at (618,0) width 5: " "
        RenderInline {SPAN} at (0,0) size 19x17
          RenderInline (generated) at (0,0) size 19x17
            RenderCounter at (622,0) size 19x17
              text run at (622,0) width 19: "\x{10D0}.\x{10E5}"
        RenderText {#text} at (641,0) size 4x17
          text run at (641,0) width 4: " "
        RenderInline {SPAN} at (0,0) size 22x17
          RenderInline (generated) at (0,0) size 22x17
            RenderCounter at (645,0) size 22x17
              text run at (645,0) width 22: "\x{10D0}.\x{10E6}"
        RenderText {#text} at (666,0) size 5x17
          text run at (666,0) width 5: " "
        RenderInline {SPAN} at (0,0) size 20x17
          RenderInline (generated) at (0,0) size 20x17
            RenderCounter at (670,0) size 20x17
              text run at (670,0) width 20: "\x{10D0}.\x{10E7}"
        RenderText {#text} at (689,0) size 5x17
          text run at (689,0) width 5: " "
        RenderInline {SPAN} at (0,0) size 20x17
          RenderInline (generated) at (0,0) size 20x17
            RenderCounter at (693,0) size 20x17
              text run at (693,0) width 20: "\x{10D0}.\x{10E8}"
        RenderText {#text} at (712,0) size 5x17
          text run at (712,0) width 5: " "
        RenderInline {SPAN} at (0,0) size 19x17
          RenderInline (generated) at (0,0) size 19x17
            RenderCounter at (716,0) size 19x17
              text run at (716,0) width 19: "\x{10D0}.\x{10E9}"
        RenderText {#text} at (734,0) size 5x17
          text run at (734,0) width 5: " "
        RenderInline {SPAN} at (0,0) size 21x17
          RenderInline (generated) at (0,0) size 21x17
            RenderCounter at (738,0) size 21x17
              text run at (738,0) width 21: "\x{10D0}.\x{10EA}"
        RenderText {#text} at (758,0) size 5x17
          text run at (758,0) width 5: " "
        RenderInline {SPAN} at (0,0) size 20x17
          RenderInline (generated) at (0,0) size 20x17
            RenderCounter at (762,0) size 20x17
              text run at (762,0) width 20: "\x{10D0}.\x{10EB}"
        RenderText {#text} at (781,0) size 5x17
          text run at (781,0) width 5: " "
        RenderInline {SPAN} at (0,0) size 20x17
          RenderInline (generated) at (0,0) size 20x17
            RenderCounter at (785,0) size 20x17
              text run at (785,0) width 20: "\x{10D0}.\x{10EC}"
        RenderText {#text} at (804,0) size 5x17
          text run at (804,0) width 5: " "
        RenderInline {SPAN} at (0,0) size 20x17
          RenderInline (generated) at (0,0) size 20x17
            RenderCounter at (808,0) size 20x17
              text run at (808,0) width 20: "\x{10D0}.\x{10ED}"
        RenderText {#text} at (827,0) size 5x17
          text run at (827,0) width 5: " "
        RenderInline {SPAN} at (0,0) size 21x17
          RenderInline (generated) at (0,0) size 21x17
            RenderCounter at (831,0) size 21x17
              text run at (831,0) width 21: "\x{10D0}.\x{10EE}"
        RenderText {#text} at (851,0) size 5x17
          text run at (851,0) width 5: " "
        RenderInline {SPAN} at (0,0) size 19x17
          RenderInline (generated) at (0,0) size 19x17
            RenderCounter at (855,0) size 19x17
              text run at (855,0) width 19: "\x{10D0}.\x{10F4}"
        RenderText {#text} at (873,0) size 5x17
          text run at (873,0) width 5: " "
        RenderInline {SPAN} at (0,0) size 24x17
          RenderInline (generated) at (0,0) size 24x17
            RenderCounter at (877,0) size 24x17
              text run at (877,0) width 24: "\x{10D0}.\x{10EF}"
        RenderText {#text} at (900,0) size 5x17
          text run at (900,0) width 5: " "
        RenderInline {SPAN} at (0,0) size 19x17
          RenderInline (generated) at (0,0) size 19x17
            RenderCounter at (904,0) size 19x17
              text run at (904,0) width 19: "\x{10D0}.\x{10F0}"
        RenderText {#text} at (922,0) size 5x17
          text run at (922,0) width 5: " "
        RenderInline {SPAN} at (0,0) size 21x17
          RenderInline (generated) at (0,0) size 21x17
            RenderCounter at (926,0) size 21x17
              text run at (926,0) width 21: "\x{10D0}.\x{10F5}"
        RenderText {#text} at (946,0) size 5x17
          text run at (946,0) width 5: " "
        RenderInline {SPAN} at (0,0) size 57x17
          RenderInline (generated) at (0,0) size 57x17
            RenderCounter at (950,0) size 57x17
              text run at (950,0) width 57: "\x{10D0}.\x{10F5}\x{10F0}\x{10E8}\x{10DF}\x{10D7}"
        RenderText {#text} at (0,0) size 0x0
      RenderBlock {DIV} at (0,52) size 784x18
        RenderText {#text} at (0,0) size 1007x17
          text run at (0,0) width 22: "\x{10D0}.\x{10D0} "
          text run at (21,0) width 24: "\x{10D0}.\x{10D1} "
          text run at (44,0) width 24: "\x{10D0}.\x{10D2} "
          text run at (67,0) width 30: "\x{10D0}.\x{10D3} "
          text run at (96,0) width 23: "\x{10D0}.\x{10D4} "
          text run at (118,0) width 24: "\x{10D0}.\x{10D5} "
          text run at (141,0) width 27: "\x{10D0}.\x{10D6} "
          text run at (167,0) width 26: "\x{10D0}.\x{10F1} "
          text run at (192,0) width 29: "\x{10D0}.\x{10D7} "
          text run at (220,0) width 25: "\x{10D0}.\x{10D8} "
          text run at (244,0) width 31: "\x{10D0}.\x{10D8}\x{10D0} "
          text run at (274,0) width 33: "\x{10D0}.\x{10D8}\x{10D1} "
          text run at (306,0) width 23: "\x{10D0}.\x{10D9} "
          text run at (328,0) width 31: "\x{10D0}.\x{10DA} "
          text run at (358,0) width 24: "\x{10D0}.\x{10DB} "
          text run at (381,0) width 24: "\x{10D0}.\x{10DC} "
          text run at (404,0) width 25: "\x{10D0}.\x{10F2} "
          text run at (428,0) width 27: "\x{10D0}.\x{10DD} "
          text run at (454,0) width 23: "\x{10D0}.\x{10DE} "
          text run at (476,0) width 24: "\x{10D0}.\x{10DF} "
          text run at (499,0) width 26: "\x{10D0}.\x{10E0} "
          text run at (524,0) width 24: "\x{10D0}.\x{10E1} "
          text run at (547,0) width 28: "\x{10D0}.\x{10E2} "
          text run at (574,0) width 23: "\x{10D0}.\x{10F3} "
          text run at (596,0) width 27: "\x{10D0}.\x{10E4} "
          text run at (622,0) width 23: "\x{10D0}.\x{10E5} "
          text run at (645,0) width 26: "\x{10D0}.\x{10E6} "
          text run at (670,0) width 24: "\x{10D0}.\x{10E7} "
          text run at (693,0) width 24: "\x{10D0}.\x{10E8} "
          text run at (716,0) width 23: "\x{10D0}.\x{10E9} "
          text run at (738,0) width 25: "\x{10D0}.\x{10EA} "
          text run at (762,0) width 24: "\x{10D0}.\x{10EB} "
          text run at (785,0) width 24: "\x{10D0}.\x{10EC} "
          text run at (808,0) width 24: "\x{10D0}.\x{10ED} "
          text run at (831,0) width 25: "\x{10D0}.\x{10EE} "
          text run at (855,0) width 23: "\x{10D0}.\x{10F4} "
          text run at (877,0) width 28: "\x{10D0}.\x{10EF} "
          text run at (904,0) width 23: "\x{10D0}.\x{10F0} "
          text run at (926,0) width 25: "\x{10D0}.\x{10F5} "
          text run at (950,0) width 57: "\x{10D0}.\x{10F5}\x{10F0}\x{10E8}\x{10DF}\x{10D7}"
