layer at (0,0) size 800x600
  RenderView at (0,0) size 800x600
layer at (0,0) size 800x288
  RenderBlock {HTML} at (0,0) size 800x288
    RenderBody {BODY} at (8,18) size 784x252 [color=#000080]
      RenderBlock {P} at (0,0) size 784x252
        RenderText {#text} at (0,8) size 758x56
          text run at (0,8) width 758: "This text should be 18px monospace, in small-caps, italicized, and very bold, with double"
          text run at (0,44) width 119: "line spacing. "
        RenderInline {SPAN} at (0,0) size 774x200 [color=#C0C0C0]
          RenderText {#text} at (118,44) size 774x200
            text run at (118,44) width 510: "dummy text dummy text dummy text dummy text dummy text dummy "
            text run at (627,44) width 124: "text dummy text"
            text run at (0,80) width 418: "dummy text dummy text dummy text dummy text dummy "
            text run at (417,80) width 357: "text dummy text dummy text dummy text dummy"
            text run at (0,116) width 184: "text dummy text dummy "
            text run at (183,116) width 552: "text dummy text dummy text dummy text dummy text dummy text dummy "
            text run at (734,116) width 32: "text"
            text run at (0,152) width 509: "dummy text dummy text dummy text dummy text dummy text dummy "
            text run at (508,152) width 266: "text dummy text dummy text dummy"
            text run at (0,188) width 276: "text dummy text dummy text dummy "
            text run at (275,188) width 491: "text dummy text dummy text dummy text dummy text dummy text"
            text run at (0,224) width 50: "dummy "
            text run at (49,224) width 492: "text dummy text dummy text dummy text dummy text dummy text"
        RenderText {#text} at (0,0) size 0x0
