layer at (0,0) size 800x600
  RenderView at (0,0) size 800x600
layer at (0,0) size 800x98
  RenderBlock {HTML} at (0,0) size 800x98
    RenderBody {BODY} at (8,16) size 784x74
      RenderBlock {P} at (0,0) size 784x36
        RenderText {#text} at (0,0) size 731x36
          text run at (0,0) width 731: "Test that fullscreen object elements get a ::backdrop. You should see a green background when the object element is"
          text run at (0,18) width 65: "fullscreen."
      RenderBlock (anonymous) at (0,52) size 784x22
        RenderButton {BUTTON} at (2,2) size 86.25x18 [bgcolor=#C0C0C0] [border: none (2px outset #C0C0C0) none (2px outset #C0C0C0)]
          RenderBlock (anonymous) at (8,2) size 70.25x13
            RenderText {#text} at (0,0) size 71x13
              text run at (0,0) width 71: "Go fullscreen"
        RenderText {#text} at (0,0) size 0x0
        RenderText {#text} at (0,0) size 0x0
layer at (0,0) size 800x600
  RenderBlock (positioned) at (0,0) size 800x600 [bgcolor=#008000]
layer at (0,0) size 100x100
  RenderEmbeddedObject {OBJECT} at (0,0) size 100x100 [bgcolor=#FFFFFF]
