layer at (0,0) size 800x600
  RenderView at (0,0) size 800x600
layer at (0,0) size 800x38
  RenderBlock {HTML} at (0,0) size 800x38
    RenderBody {BODY} at (8,8) size 784x22
      RenderButton {BUTTON} at (2,2) size 86.25x18 [bgcolor=#C0C0C0] [border: none (2px outset #C0C0C0) none (2px outset #C0C0C0)]
        RenderBlock (anonymous) at (8,2) size 70.25x13
          RenderText {#text} at (0,0) size 71x13
            text run at (0,0) width 71: "Go fullscreen"
      RenderText {#text} at (0,0) size 0x0
      RenderText {#text} at (0,0) size 0x0
layer at (0,0) size 800x600
  RenderBlock (positioned) at (0,0) size 800x600 [bgcolor=#008000]
layer at (100,100) size 600x400
  RenderBlock (positioned) {DIV} at (100,100) size 600x400 [bgcolor=#FFFF00]
    RenderText {#text} at (0,0) size 579x36
      text run at (0,0) width 579: "Test that fullscreen elements are in the top layer. The test passes if you see a green backdrop"
      text run at (0,18) width 205: "behind this box when fullscreen."
