layer at (0,0) size 800x600
  RenderView at (0,0) size 800x600
layer at (0,0) size 800x600
  RenderBlock {HTML} at (0,0) size 800x600
    RenderBody {BODY} at (8,16) size 784x568
layer at (8,16) size 784x139
  RenderBlock {DIV} at (0,0) size 784x139 [border: (5px solid #800000)]
    RenderBlock (anonymous) at (5,5) size 379x0
      RenderInline {JUNK} at (0,0) size 0x0
        RenderText {#text} at (0,0) size 0x0
    RenderBlock (anonymous) at (5,24.91) size 379x24
      RenderBlock {H2} at (0,0) size 379x24 [bgcolor=#EEEEEE]
        RenderText {#text} at (0,0) size 59x24
          text run at (0,0) width 59: "PASS"
    RenderBlock (anonymous) at (5,68.81) size 379x177.19
      RenderInline {JUNK} at (0,0) size 378x177
        RenderText {#text} at (0,0) size 378x177
          text run at (0,0) width 364: "Lorem ipsum dolor sit amet, consectetuer adipiscing elit."
          text run at (0,16) width 362: "Nulla varius enim ac mi. Curabitur sollicitudin felis quis"
          text run at (0,32) width 376: "lectus. Quisque adipiscing rhoncus sem. Proin nulla purus,"
          text run at (0,48) width 378: "vulputate vel, varius ut, euismod et, nisi. Sed vitae felis vel"
          text run at (0,65) width 368: "orci sagittis aliquam. Cras convallis adipiscing sem. Nam"
          text run at (0,81) width 324: "nonummy enim. Nullam bibendum lobortis neque."
          text run at (0,97) width 341: "Vestibulum velit orci, tempus euismod, pretium quis,"
          text run at (0,113) width 318: "interdum vitae, nulla. Phasellus eget ante et tortor"
          text run at (0,129) width 377: "condimentum vestibulum. Suspendisse hendrerit quam nec"
          text run at (0,145) width 364: "felis. Sed varius turpis vitae pede. Lorem ipsum dolor sit"
          text run at (0,161) width 218: "amet, consectetuer adipiscing elit."
