layer at (0,0) size 800x600
  RenderView at (0,0) size 800x600
layer at (0,0) size 800x600
  RenderBlock {HTML} at (0,0) size 800x600
    RenderBody {BODY} at (8,8) size 784x584
      RenderText {#text} at (0,0) size 769x53
        text run at (0,0) width 769: "This tests the width of a breaking space after a Hindi character to ensure that it's measured properly and enough space is"
        text run at (0,18) width 761: "left for it. Neither the Hindi on the button below nor the same text on two lines below that should be truncated at either"
        text run at (0,36) width 28: "end."
      RenderBR {BR} at (27,50) size 1x0
      RenderButton {INPUT} at (2,56) size 103.59x18 [bgcolor=#C0C0C0] [border: (2px outset #C0C0C0)]
        RenderBlock (anonymous) at (8,3) size 87.59x12
          RenderText {#text} at (0,0) size 88x12
            text run at (0,0) width 88: "\x{915}\x{93F}\x{938}\x{940} \x{92D}\x{940} \x{924}\x{930}\x{939} \x{906}\x{917}\x{947} \x{92C}"
      RenderBR {BR} at (107,69) size 1x0
      RenderInline {SPAN} at (0,0) size 130x17
        RenderText {#text} at (0,76) size 130x17
          text run at (0,76) width 130: "\x{915}\x{93F}\x{938}\x{940} \x{92D}\x{940} \x{924}\x{930}\x{939} \x{906}\x{917}\x{947} \x{92C}"
      RenderText {#text} at (129,76) size 26x17
        text run at (129,76) width 26: "Foo"
      RenderBR {BR} at (154,90) size 1x0
      RenderInline {SPAN} at (0,0) size 130x17
        RenderText {#text} at (0,94) size 130x17
          text run at (0,94) width 130: "\x{915}\x{93F}\x{938}\x{940} \x{92D}\x{940} \x{924}\x{930}\x{939} \x{906}\x{917}\x{947} \x{92C}"
      RenderText {#text} at (129,94) size 26x17
        text run at (129,94) width 26: "Foo"
      RenderBR {BR} at (154,108) size 1x0
