layer at (0,0) size 800x600
  RenderView at (0,0) size 800x600
layer at (0,0) size 800x552
  RenderBlock {HTML} at (0,0) size 800x552
    RenderBody {BODY} at (8,16) size 784x528
      RenderBlock {P} at (0,0) size 784x18
        RenderText {#text} at (0,0) size 710x17
          text run at (0,0) width 499: "Verify that the alignment and writing direction of each selected item matches "
          text run at (498,0) width 212: "the one below the pop-up button."
      RenderBlock {DIV} at (0,34) size 784x246
        RenderMenuList {SELECT} at (0,0) size 500x22 [bgcolor=#FFFFFF] [border: (1px solid #A9A9A9)]
          RenderBlock (anonymous) at (1,1) size 498x20
            RenderText at (4,1) size 177x17
              text run at (4,1) width 36: "First "
              text run at (39,1) width 54 RTL: ") \x{5E8}\x{5D1}\x{5D9}\x{5E2}\x{5D9}\x{5EA}"
              text run at (92,1) width 19: "03"
              text run at (110,1) width 41 RTL: "\x{5E9}\x{5E0}\x{5D9}\x{5D4} ("
              text run at (150,1) width 31: " fifth"
        RenderBlock {DIV} at (0,24) size 470x36
          RenderText {#text} at (10,10) size 134x15
            text run at (10,10) width 28: "First "
            text run at (37,10) width 40 RTL: ") \x{5E8}\x{5D1}\x{5D9}\x{5E2}\x{5D9}\x{5EA}"
            text run at (76,10) width 14: "03"
            text run at (89,10) width 30 RTL: "\x{5E9}\x{5E0}\x{5D9}\x{5D4} ("
            text run at (118,10) width 26: " fifth"
        RenderMenuList {SELECT} at (0,62) size 500x22 [bgcolor=#FFFFFF] [border: (1px solid #A9A9A9)]
          RenderBlock (anonymous) at (1,1) size 498x20
            RenderText at (4,1) size 177x17
              text run at (4,1) width 26: "fifth"
              text run at (29,1) width 59 RTL: ") \x{5E8}\x{5D1}\x{5D9}\x{5E2}\x{5D9}\x{5EA} "
              text run at (87,1) width 19: "03"
              text run at (105,1) width 45 RTL: " \x{5E9}\x{5E0}\x{5D9}\x{5D4} ("
              text run at (149,1) width 32: "First"
        RenderBlock {DIV} at (0,86) size 470x36
          RenderText {#text} at (10,10) size 134x15
            text run at (10,10) width 23: "fifth"
            text run at (32,10) width 43 RTL: ") \x{5E8}\x{5D1}\x{5D9}\x{5E2}\x{5D9}\x{5EA} "
            text run at (74,10) width 14: "03"
            text run at (87,10) width 33 RTL: " \x{5E9}\x{5E0}\x{5D9}\x{5D4} ("
            text run at (119,10) width 25: "First"
        RenderMenuList {SELECT} at (0,124) size 500x22 [bgcolor=#FFFFFF] [border: (1px solid #A9A9A9)]
          RenderBlock (anonymous) at (1,1) size 498x20
            RenderText at (4,1) size 177x17
              text run at (4,1) width 177 LTR override: "First \x{5E9}\x{5E0}\x{5D9}\x{5D4} (03) \x{5E8}\x{5D1}\x{5D9}\x{5E2}\x{5D9}\x{5EA} fifth"
        RenderBlock {DIV} at (0,148) size 470x36
          RenderText {#text} at (10,10) size 134x15
            text run at (10,10) width 134 LTR override: "First \x{5E9}\x{5E0}\x{5D9}\x{5D4} (03) \x{5E8}\x{5D1}\x{5D9}\x{5E2}\x{5D9}\x{5EA} fifth"
        RenderMenuList {SELECT} at (0,186) size 500x22 [bgcolor=#FFFFFF] [border: (1px solid #A9A9A9)]
          RenderBlock (anonymous) at (1,1) size 498x20
            RenderText at (4,1) size 177x17
              text run at (4,1) width 177 RTL override: "First \x{5E9}\x{5E0}\x{5D9}\x{5D4} (03) \x{5E8}\x{5D1}\x{5D9}\x{5E2}\x{5D9}\x{5EA} fifth"
        RenderBlock {DIV} at (0,210) size 470x36
          RenderText {#text} at (10,10) size 134x15
            text run at (10,10) width 134 RTL override: "First \x{5E9}\x{5E0}\x{5D9}\x{5D4} (03) \x{5E8}\x{5D1}\x{5D9}\x{5E2}\x{5D9}\x{5EA} fifth"
      RenderBlock {DIV} at (0,282) size 784x246
        RenderMenuList {SELECT} at (0,0) size 500x22 [bgcolor=#FFFFFF] [border: (1px solid #A9A9A9)]
          RenderBlock (anonymous) at (1,1) size 498x20
            RenderText at (317,1) size 177x17
              text run at (317,1) width 36: "First "
              text run at (352,1) width 54 RTL: ") \x{5E8}\x{5D1}\x{5D9}\x{5E2}\x{5D9}\x{5EA}"
              text run at (405,1) width 19: "03"
              text run at (423,1) width 41 RTL: "\x{5E9}\x{5E0}\x{5D9}\x{5D4} ("
              text run at (463,1) width 31: " fifth"
        RenderBlock {DIV} at (0,24) size 470x36
          RenderText {#text} at (326,10) size 134x15
            text run at (326,10) width 28: "First "
            text run at (353,10) width 40 RTL: ") \x{5E8}\x{5D1}\x{5D9}\x{5E2}\x{5D9}\x{5EA}"
            text run at (392,10) width 14: "03"
            text run at (405,10) width 30 RTL: "\x{5E9}\x{5E0}\x{5D9}\x{5D4} ("
            text run at (434,10) width 26: " fifth"
        RenderMenuList {SELECT} at (0,62) size 500x22 [bgcolor=#FFFFFF] [border: (1px solid #A9A9A9)]
          RenderBlock (anonymous) at (1,1) size 498x20
            RenderText at (317,1) size 177x17
              text run at (317,1) width 26: "fifth"
              text run at (342,1) width 59 RTL: ") \x{5E8}\x{5D1}\x{5D9}\x{5E2}\x{5D9}\x{5EA} "
              text run at (400,1) width 19: "03"
              text run at (418,1) width 45 RTL: " \x{5E9}\x{5E0}\x{5D9}\x{5D4} ("
              text run at (462,1) width 32: "First"
        RenderBlock {DIV} at (0,86) size 470x36
          RenderText {#text} at (326,10) size 134x15
            text run at (326,10) width 23: "fifth"
            text run at (348,10) width 43 RTL: ") \x{5E8}\x{5D1}\x{5D9}\x{5E2}\x{5D9}\x{5EA} "
            text run at (390,10) width 14: "03"
            text run at (403,10) width 34 RTL: " \x{5E9}\x{5E0}\x{5D9}\x{5D4} ("
            text run at (436,10) width 24: "First"
        RenderMenuList {SELECT} at (0,124) size 500x22 [bgcolor=#FFFFFF] [border: (1px solid #A9A9A9)]
          RenderBlock (anonymous) at (1,1) size 498x20
            RenderText at (317,1) size 177x17
              text run at (317,1) width 177 LTR override: "First \x{5E9}\x{5E0}\x{5D9}\x{5D4} (03) \x{5E8}\x{5D1}\x{5D9}\x{5E2}\x{5D9}\x{5EA} fifth"
        RenderBlock {DIV} at (0,148) size 470x36
          RenderText {#text} at (326,10) size 134x15
            text run at (326,10) width 134 LTR override: "First \x{5E9}\x{5E0}\x{5D9}\x{5D4} (03) \x{5E8}\x{5D1}\x{5D9}\x{5E2}\x{5D9}\x{5EA} fifth"
        RenderMenuList {SELECT} at (0,186) size 500x22 [bgcolor=#FFFFFF] [border: (1px solid #A9A9A9)]
          RenderBlock (anonymous) at (1,1) size 498x20
            RenderText at (317,1) size 177x17
              text run at (317,1) width 177 RTL override: "First \x{5E9}\x{5E0}\x{5D9}\x{5D4} (03) \x{5E8}\x{5D1}\x{5D9}\x{5E2}\x{5D9}\x{5EA} fifth"
        RenderBlock {DIV} at (0,210) size 470x36
          RenderText {#text} at (326,10) size 134x15
            text run at (326,10) width 134 RTL override: "First \x{5E9}\x{5E0}\x{5D9}\x{5D4} (03) \x{5E8}\x{5D1}\x{5D9}\x{5E2}\x{5D9}\x{5EA} fifth"
