layer at (0,0) size 785x773
  RenderView at (0,0) size 785x600
layer at (0,0) size 785x600
  RenderBlock {html} at (0,0) size 785x600
    RenderBody {body} at (8,16) size 769x600
      RenderBlock {parsererror} at (16,0) size 737x136.88 [bgcolor=#FFDDDD] [border: (2px solid #CC7777)]
        RenderBlock {h3} at (18,20.72) size 701x22
          RenderText {#text} at (0,0) size 309x22
            text run at (0,0) width 309: "This page contains the following errors:"
        RenderBlock {div} at (18,61.44) size 701x14
          RenderText {#text} at (0,0) size 560x14
            text run at (0,0) width 560: "error on line 6 at column 7: Opening and ending tag mismatch: use line 0 and svg"
            text run at (560,0) width 0: " "
        RenderBlock {h3} at (18,94.16) size 701x22
          RenderText {#text} at (0,0) size 412x22
            text run at (0,0) width 412: "Below is a rendering of the page up to the first error."
      RenderBlock (anonymous) at (0,152.88) size 769x604
        RenderSVGRoot {svg} at (8,184) size 43x19
          RenderSVGText {text} at (0,16) size 43x18 contains 1 chunk(s)
            RenderSVGInlineText {#text} at (0,0) size 43x18
              chunk 1 text run 1 at (0.00,30.00) startOffset 0 endOffset 6 width 43.00: "Passed"
          RenderSVGContainer {use} at (8,168) size 0x1
