layer at (0,0) size 800x600
  RenderView at (0,0) size 800x600
layer at (0,0) size 800x438
  RenderBlock {html} at (0,0) size 800x438
    RenderBody {body} at (8,16) size 784x406
      RenderBlock {p} at (0,0) size 784x80
        RenderInline {span} at (0,0) size 87x40
          RenderText {#text} at (0,0) size 87x40
            text run at (0,0) width 87: "a \x{BE2} o"
        RenderBR {br} at (86,18) size 1x16
        RenderInline {span} at (0,0) size 87x40
          RenderText {#text} at (0,40) size 87x40
            text run at (0,40) width 87: "a \x{BE2} o"
        RenderText {#text} at (0,0) size 0x0
      RenderBlock {hr} at (0,96) size 784x2 [border: (1px inset #EEEEEE)]
      RenderBlock {p} at (0,114) size 784x56
        RenderInline {span} at (0,0) size 91x52
          RenderText {#text} at (0,2) size 91x52
            text run at (0,2) width 91: "a \x{BE2} o"
        RenderBR {br} at (90,32) size 1x16
      RenderBlock {hr} at (0,186) size 784x2 [border: (1px inset #EEEEEE)]
      RenderBlock {p} at (0,204) size 784x112
        RenderInline {span} at (0,0) size 93x52
          RenderText {#text} at (0,2) size 93x52
            text run at (0,2) width 93: "a \x{BE2} o"
        RenderBR {br} at (92,32) size 1x16
        RenderInline {span} at (0,0) size 93x52
          RenderText {#text} at (0,58) size 93x52
            text run at (0,58) width 93: "a \x{BE2} o"
        RenderText {#text} at (0,0) size 0x0
      RenderBlock {hr} at (0,332) size 784x2 [border: (1px inset #EEEEEE)]
      RenderBlock {p} at (0,350) size 784x56
        RenderInline {span} at (0,0) size 73x52
          RenderText {#text} at (0,2) size 73x52
            text run at (0,2) width 73: "a \x{BE2} o"
        RenderBR {br} at (72,32) size 1x16
