layer at (0,0) size 800x600
  RenderView at (0,0) size 800x600
layer at (0,0) size 800x8
  RenderBlock {HTML} at (0,0) size 800x8
    RenderBody {BODY} at (8,8) size 784x0
layer at (10,10) size 120x180
  RenderBlock (positioned) {DIV} at (10,10) size 120x180
    RenderBlock (anonymous) at (0,0) size 120x20
      RenderText {#text} at (0,0) size 60x19
        text run at (0,0) width 60: "Overflow:"
layer at (10,30) size 120x160
  RenderBlock {DIV} at (0,20) size 120x160 [border: (5px solid #000000)]
    RenderBlock {DIV} at (5,5) size 50x50 [bgcolor=#000000]
    RenderBlock {DIV} at (5,255) size 50x50 [bgcolor=#000000]
layer at (15,85) size 50x200
  RenderBlock {DIV} at (5,55) size 50x200
    RenderBlock {DIV} at (0,0) size 50x50 [bgcolor=#0000F0]
    RenderBlock {DIV} at (0,50) size 50x50 [bgcolor=#0000D0]
    RenderBlock {DIV} at (0,100) size 50x50 [bgcolor=#0000B0]
    RenderBlock {DIV} at (0,150) size 50x50 [bgcolor=#000090]
layer at (150,10) size 120x180
  RenderBlock (positioned) {DIV} at (150,10) size 120x180
    RenderBlock (anonymous) at (0,0) size 120x20
      RenderText {#text} at (0,0) size 71x19
        text run at (0,0) width 71: "Transforms:"
layer at (150,30) size 120x160
  RenderBlock {DIV} at (0,20) size 120x160 [border: (5px solid #000000)]
    RenderBlock {DIV} at (5,5) size 50x50 [bgcolor=#000000]
    RenderBlock {DIV} at (5,255) size 50x50 [bgcolor=#000000]
layer at (55,85) size 50x200
  RenderBlock {DIV} at (-95,55) size 50x200
    RenderBlock {DIV} at (0,0) size 50x50 [bgcolor=#0000F0]
    RenderBlock {DIV} at (0,50) size 50x50 [bgcolor=#0000D0]
    RenderBlock {DIV} at (0,100) size 50x50 [bgcolor=#0000B0]
    RenderBlock {DIV} at (0,150) size 50x50 [bgcolor=#000090]
layer at (10,200) size 120x180
  RenderBlock (positioned) {DIV} at (10,200) size 120x180
    RenderBlock (anonymous) at (0,0) size 120x20
      RenderText {#text} at (0,0) size 82x19
        text run at (0,0) width 82: "Relative Pos.:"
layer at (10,220) size 120x160
  RenderBlock {DIV} at (0,20) size 120x160 [border: (5px solid #000000)]
    RenderBlock {DIV} at (5,5) size 50x50 [bgcolor=#000000]
    RenderBlock {DIV} at (5,255) size 50x50 [bgcolor=#000000]
layer at (15,275) size 50x200
  RenderBlock (relative positioned) {DIV} at (-95,55) size 50x200
    RenderBlock {DIV} at (0,0) size 50x50 [bgcolor=#0000F0]
    RenderBlock {DIV} at (0,50) size 50x50 [bgcolor=#0000D0]
    RenderBlock {DIV} at (0,100) size 50x50 [bgcolor=#0000B0]
    RenderBlock {DIV} at (0,150) size 50x50 [bgcolor=#000090]
layer at (150,200) size 120x180
  RenderBlock (positioned) {DIV} at (150,200) size 120x180
    RenderBlock (anonymous) at (0,0) size 120x20
      RenderText {#text} at (0,0) size 51x19
        text run at (0,0) width 51: "Opacity:"
layer at (150,220) size 120x160
  RenderBlock {DIV} at (0,20) size 120x160 [border: (5px solid #000000)]
    RenderBlock {DIV} at (5,5) size 50x50 [bgcolor=#000000]
    RenderBlock {DIV} at (5,255) size 50x50 [bgcolor=#000000]
layer at (155,275) size 50x200 transparent
  RenderBlock {DIV} at (5,55) size 50x200
    RenderBlock {DIV} at (0,0) size 50x50 [bgcolor=#0000F0]
    RenderBlock {DIV} at (0,50) size 50x50 [bgcolor=#0000D0]
    RenderBlock {DIV} at (0,100) size 50x50 [bgcolor=#0000B0]
    RenderBlock {DIV} at (0,150) size 50x50 [bgcolor=#000090]
