layer at (0,0) size 785x635
  RenderView at (0,0) size 785x600
layer at (0,0) size 785x635
  RenderBlock {HTML} at (0,0) size 785x635.03
    RenderBody {BODY} at (8,21.44) size 769x594.88
      RenderBlock {H1} at (0,0) size 769x74
        RenderText {#text} at (0,0) size 542x36
          text run at (0,0) width 542: "Margins and block formating contexts ("
        RenderInline {A} at (0,0) size 749x73 [color=#0000EE]
          RenderText {#text} at (541,0) size 749x73
            text run at (541,0) width 208: "additional tests"
            text run at (0,37) width 255: "from Alan Gresley"
        RenderText {#text} at (254,37) size 11x36
          text run at (254,37) width 11: ")"
      RenderBlock {H3} at (0,95.44) size 769x63
        RenderText {#text} at (0,0) size 686x20
          text run at (0,0) width 686: "The orange stripe has 'overflow: auto', 'margin-left: 100px' and 'margin-right: 100px'"
        RenderBR {BR} at (685,0) size 1x20
        RenderText {#text} at (0,21) size 649x20
          text run at (0,21) width 649: "The lime stripes are floats with various width (topmost is 0, bottommost is 150px)"
        RenderBR {BR} at (648,21) size 1x20
        RenderText {#text} at (0,42) size 394x20
          text run at (0,42) width 394: "The wrapping container has a solid silver border."
      RenderBlock {DIV} at (16,177.16) size 650x28 [border: (5px solid #C0C0C0)]
        RenderBlock (floating) {DIV} at (5,5) size 0x16 [bgcolor=#00FF00]
          RenderText {#text} at (0,0) size 40x17
            text run at (0,0) width 40: "floatL"
      RenderBlock {DIV} at (16,221.16) size 650x28 [border: (5px solid #C0C0C0)]
        RenderBlock (floating) {DIV} at (5,5) size 50x16 [bgcolor=#00FF00]
          RenderText {#text} at (0,0) size 40x17
            text run at (0,0) width 40: "floatL"
      RenderBlock {DIV} at (16,265.16) size 650x28 [border: (5px solid #C0C0C0)]
        RenderBlock (floating) {DIV} at (5,5) size 100x16 [bgcolor=#00FF00]
          RenderText {#text} at (0,0) size 40x17
            text run at (0,0) width 40: "floatL"
      RenderBlock {DIV} at (16,309.16) size 650x28 [border: (5px solid #C0C0C0)]
        RenderBlock (floating) {DIV} at (5,5) size 150x16 [bgcolor=#00FF00]
          RenderText {#text} at (0,0) size 84x17
            text run at (0,0) width 84: "floatL 150px"
      RenderBlock {DIV} at (16,353.16) size 650x28 [border: (5px solid #C0C0C0)]
        RenderBlock (floating) {DIV} at (645,5) size 0x16 [bgcolor=#00FF00]
          RenderText {#text} at (0,0) size 40x17
            text run at (0,0) width 40: "floatR"
      RenderBlock {DIV} at (16,397.16) size 650x28 [border: (5px solid #C0C0C0)]
        RenderBlock (floating) {DIV} at (595,5) size 50x16 [bgcolor=#00FF00]
          RenderText {#text} at (0,0) size 40x17
            text run at (0,0) width 40: "floatR"
      RenderBlock {DIV} at (16,441.16) size 650x28 [border: (5px solid #C0C0C0)]
        RenderBlock (floating) {DIV} at (545,5) size 100x16 [bgcolor=#00FF00]
          RenderText {#text} at (0,0) size 40x17
            text run at (0,0) width 40: "floatR"
      RenderBlock {DIV} at (16,485.16) size 650x28 [border: (5px solid #C0C0C0)]
        RenderBlock (floating) {DIV} at (495,5) size 150x16 [bgcolor=#00FF00]
          RenderText {#text} at (0,0) size 84x17
            text run at (0,0) width 84: "floatR 150px"
      RenderBlock {H3} at (0,531.88) size 769x63
        RenderText {#text} at (0,0) size 661x20
          text run at (0,0) width 661: "The orange stripe has 'overflow: auto', 'margin-left: auto' and 'margin-right: auto'"
        RenderBR {BR} at (660,0) size 1x20
        RenderText {#text} at (0,21) size 649x20
          text run at (0,21) width 649: "The lime stripes are floats with various width (topmost is 0, bottommost is 150px)"
        RenderBR {BR} at (648,21) size 1x20
        RenderText {#text} at (0,42) size 394x20
          text run at (0,42) width 394: "The wrapping container has a solid silver border."
layer at (129,204) size 440x18
  RenderBlock {DIV} at (105,5) size 440x18 [bgcolor=#FFA500]
    RenderText {#text} at (0,0) size 175x17
      text run at (0,0) width 175: "<div> with 'overflow: auto'"
layer at (129,248) size 440x18
  RenderBlock {DIV} at (105,5) size 440x18 [bgcolor=#FFA500]
    RenderText {#text} at (0,0) size 175x17
      text run at (0,0) width 175: "<div> with 'overflow: auto'"
layer at (129,292) size 440x18
  RenderBlock {DIV} at (105,5) size 440x18 [bgcolor=#FFA500]
    RenderText {#text} at (0,0) size 175x17
      text run at (0,0) width 175: "<div> with 'overflow: auto'"
layer at (179,336) size 390x18
  RenderBlock {DIV} at (155,5) size 390x18 [bgcolor=#FFA500]
    RenderText {#text} at (0,0) size 175x17
      text run at (0,0) width 175: "<div> with 'overflow: auto'"
layer at (129,380) size 440x18
  RenderBlock {DIV} at (105,5) size 440x18 [bgcolor=#FFA500]
    RenderText {#text} at (0,0) size 175x17
      text run at (0,0) width 175: "<div> with 'overflow: auto'"
layer at (129,424) size 440x18
  RenderBlock {DIV} at (105,5) size 440x18 [bgcolor=#FFA500]
    RenderText {#text} at (0,0) size 175x17
      text run at (0,0) width 175: "<div> with 'overflow: auto'"
layer at (129,468) size 440x18
  RenderBlock {DIV} at (105,5) size 440x18 [bgcolor=#FFA500]
    RenderText {#text} at (0,0) size 175x17
      text run at (0,0) width 175: "<div> with 'overflow: auto'"
layer at (129,512) size 390x18
  RenderBlock {DIV} at (105,5) size 390x18 [bgcolor=#FFA500]
    RenderText {#text} at (0,0) size 175x17
      text run at (0,0) width 175: "<div> with 'overflow: auto'"
