layer at (0,0) size 800x600
  RenderView at (0,0) size 800x600
layer at (0,0) size 800x600
  RenderBlock {HTML} at (0,0) size 800x600
    RenderBody {BODY} at (8,8) size 784x584
      RenderBlock {P} at (0,0) size 784x20
        RenderText {#text} at (0,0) size 406x19
          text run at (0,0) width 406: "Test appearances of input-speech-button in <input type='number'>."
      RenderBlock {DIV} at (0,36) size 784x0
      RenderBlock {DIV} at (0,36) size 784x314
        RenderTable {TABLE} at (0,0) size 518x314
          RenderTableSection {TBODY} at (0,0) size 518x314
            RenderTableRow {TR} at (0,2) size 518x310
              RenderTableCell {TD} at (2,2) size 130x310 [r=0 c=0 rs=1 cs=1]
                RenderBlock {DIV} at (1,1) size 128x308
                  RenderTextControl {INPUT} at (0,0) size 84x16 [bgcolor=#FFFFFF] [border: (2px inset #EEEEEE)]
                    RenderFlexibleBox {DIV} at (2,3) size 80x10
                      RenderBlock {DIV} at (0,0) size 65x10
                  RenderBR {BR} at (84,11) size 0x0
                  RenderTextControl {INPUT} at (0,16) size 84x16 [bgcolor=#FFFFFF] [border: (2px inset #EEEEEE)]
                    RenderFlexibleBox {DIV} at (2,3) size 80x10
                      RenderBlock {DIV} at (0,0) size 55x10
                      RenderBlock {DIV} at (55,0) size 10x10
                  RenderBR {BR} at (84,27) size 0x0
                  RenderTextControl {INPUT} at (0,32) size 84x18 [bgcolor=#FFFFFF] [border: (2px inset #EEEEEE)]
                    RenderFlexibleBox {DIV} at (2,3) size 80x12
                      RenderBlock {DIV} at (0,0) size 65x12
                  RenderBR {BR} at (84,44) size 0x0
                  RenderTextControl {INPUT} at (0,50) size 84x18 [bgcolor=#FFFFFF] [border: (2px inset #EEEEEE)]
                    RenderFlexibleBox {DIV} at (2,3) size 80x12
                      RenderBlock {DIV} at (0,0) size 54x12
                      RenderBlock {DIV} at (54,0.50) size 11x11
                  RenderBR {BR} at (84,62) size 0x0
                  RenderTextControl {INPUT} at (0,68) size 84x19 [bgcolor=#FFFFFF] [border: (2px inset #EEEEEE)]
                    RenderFlexibleBox {DIV} at (2,3) size 80x13
                      RenderBlock {DIV} at (0,0) size 65x13
                  RenderBR {BR} at (84,81) size 0x0
                  RenderTextControl {INPUT} at (0,87) size 84x19 [bgcolor=#FFFFFF] [border: (2px inset #EEEEEE)]
                    RenderFlexibleBox {DIV} at (2,3) size 80x13
                      RenderBlock {DIV} at (0,0) size 53x13
                      RenderBlock {DIV} at (53,0.50) size 12x12
                  RenderBR {BR} at (84,100) size 0x0
                  RenderTextControl {INPUT} at (2,108) size 104x20 [bgcolor=#FFFFFF] [border: (2px inset #EEEEEE)]
                    RenderFlexibleBox {DIV} at (2,3) size 100x14
                      RenderBlock {DIV} at (0,0) size 85x14
                  RenderBR {BR} at (108,122) size 0x0
                  RenderTextControl {INPUT} at (2,132) size 104x20 [bgcolor=#FFFFFF] [border: (2px inset #EEEEEE)]
                    RenderFlexibleBox {DIV} at (2,3) size 100x14
                      RenderBlock {DIV} at (0,0) size 71x14
                      RenderBlock {DIV} at (71,0) size 14x14
                  RenderBR {BR} at (108,146) size 0x0
                  RenderTextControl {INPUT} at (2,156) size 104x21 [bgcolor=#FFFFFF] [border: (2px inset #EEEEEE)]
                    RenderFlexibleBox {DIV} at (2,3) size 100x15
                      RenderBlock {DIV} at (0,0) size 85x15
                  RenderBR {BR} at (108,171) size 0x0
                  RenderTextControl {INPUT} at (2,181) size 104x21 [bgcolor=#FFFFFF] [border: (2px inset #EEEEEE)]
                    RenderFlexibleBox {DIV} at (2,3) size 100x15
                      RenderBlock {DIV} at (0,0) size 70x15
                      RenderBlock {DIV} at (70,0) size 15x15
                  RenderBR {BR} at (108,196) size 0x0
                  RenderTextControl {INPUT} at (2,206) size 124x22 [bgcolor=#FFFFFF] [border: (2px inset #EEEEEE)]
                    RenderFlexibleBox {DIV} at (2,3) size 120x16
                      RenderBlock {DIV} at (0,0) size 105x16
                  RenderBR {BR} at (128,222) size 0x0
                  RenderTextControl {INPUT} at (2,232) size 124x22 [bgcolor=#FFFFFF] [border: (2px inset #EEEEEE)]
                    RenderFlexibleBox {DIV} at (2,3) size 120x16
                      RenderBlock {DIV} at (0,0) size 89x16
                      RenderBlock {DIV} at (89,0) size 16x16
                  RenderBR {BR} at (128,248) size 0x0
                  RenderTextControl {INPUT} at (2,258) size 124x22 [bgcolor=#FFFFFF] [border: (2px inset #EEEEEE)]
                    RenderFlexibleBox {DIV} at (2,3) size 120x16
                      RenderBlock {DIV} at (0,0) size 105x16
                  RenderBR {BR} at (128,274) size 0x0
                  RenderTextControl {INPUT} at (2,284) size 124x22 [bgcolor=#FFFFFF] [border: (2px inset #EEEEEE)]
                    RenderFlexibleBox {DIV} at (2,3) size 120x16
                      RenderBlock {DIV} at (0,0) size 88x16
                      RenderBlock {DIV} at (88,0) size 17x17
                  RenderBR {BR} at (128,300) size 0x0
              RenderTableCell {TD} at (134,5) size 170x304 [r=0 c=1 rs=1 cs=1]
                RenderBlock {DIV} at (1,1) size 168x302
                  RenderTextControl {INPUT} at (2,2) size 144x23 [bgcolor=#FFFFFF] [border: (2px inset #EEEEEE)]
                    RenderFlexibleBox {DIV} at (2,3) size 140x17
                      RenderBlock {DIV} at (0,0) size 125x17
                  RenderBR {BR} at (148,19) size 0x0
                  RenderTextControl {INPUT} at (2,29) size 144x23 [bgcolor=#FFFFFF] [border: (2px inset #EEEEEE)]
                    RenderFlexibleBox {DIV} at (2,3) size 140x17
                      RenderBlock {DIV} at (0,0) size 107x17
                      RenderBlock {DIV} at (107,0) size 18x18
                  RenderBR {BR} at (148,46) size 0x0
                  RenderTextControl {INPUT} at (2,56) size 144x25 [bgcolor=#FFFFFF] [border: (2px inset #EEEEEE)]
                    RenderFlexibleBox {DIV} at (2,3) size 140x19
                      RenderBlock {DIV} at (0,0) size 125x19
                  RenderBR {BR} at (148,74) size 0x0
                  RenderTextControl {INPUT} at (2,85) size 144x25 [bgcolor=#FFFFFF] [border: (2px inset #EEEEEE)]
                    RenderFlexibleBox {DIV} at (2,3) size 140x19
                      RenderBlock {DIV} at (0,0) size 105x19
                      RenderBlock {DIV} at (105,0) size 20x20
                  RenderBR {BR} at (148,103) size 0x0
                  RenderTextControl {INPUT} at (2,114) size 164x26 [bgcolor=#FFFFFF] [border: (2px inset #EEEEEE)]
                    RenderFlexibleBox {DIV} at (2,3) size 160x20
                      RenderBlock {DIV} at (0,0) size 145x20
                  RenderBR {BR} at (168,132) size 0x0
                  RenderTextControl {INPUT} at (2,144) size 164x26 [bgcolor=#FFFFFF] [border: (2px inset #EEEEEE)]
                    RenderFlexibleBox {DIV} at (2,3) size 160x20
                      RenderBlock {DIV} at (0,0) size 124x20
                      RenderBlock {DIV} at (124,0) size 21x21
                  RenderBR {BR} at (168,162) size 0x0
                  RenderTextControl {INPUT} at (2,174) size 164x28 [bgcolor=#FFFFFF] [border: (2px inset #EEEEEE)]
                    RenderFlexibleBox {DIV} at (2,3) size 160x22
                      RenderBlock {DIV} at (0,0) size 145x22
                  RenderBR {BR} at (168,194) size 0x0
                  RenderTextControl {INPUT} at (2,206) size 164x28 [bgcolor=#FFFFFF] [border: (2px inset #EEEEEE)]
                    RenderFlexibleBox {DIV} at (2,3) size 160x22
                      RenderBlock {DIV} at (0,0) size 123x22
                      RenderBlock {DIV} at (123,0) size 22x22
                  RenderBR {BR} at (168,226) size 0x0
                  RenderTextControl {INPUT} at (2,238) size 164x29 [bgcolor=#FFFFFF] [border: (2px inset #EEEEEE)]
                    RenderFlexibleBox {DIV} at (2,3) size 160x23
                      RenderBlock {DIV} at (0,0) size 145x23
                  RenderBR {BR} at (168,259) size 0x0
                  RenderTextControl {INPUT} at (2,271) size 164x29 [bgcolor=#FFFFFF] [border: (2px inset #EEEEEE)]
                    RenderFlexibleBox {DIV} at (2,3) size 160x23
                      RenderBlock {DIV} at (0,0) size 122x23
                      RenderBlock {DIV} at (122,0) size 23x23
                  RenderBR {BR} at (168,292) size 0x0
              RenderTableCell {TD} at (306,14) size 210x286 [r=0 c=2 rs=1 cs=1]
                RenderBlock {DIV} at (1,1) size 208x284
                  RenderTextControl {INPUT} at (2,2) size 184x30 [bgcolor=#FFFFFF] [border: (2px inset #EEEEEE)]
                    RenderFlexibleBox {DIV} at (2,3) size 180x24
                      RenderBlock {DIV} at (0,0) size 165x24
                  RenderBR {BR} at (188,24) size 0x0
                  RenderTextControl {INPUT} at (2,36) size 184x30 [bgcolor=#FFFFFF] [border: (2px inset #EEEEEE)]
                    RenderFlexibleBox {DIV} at (2,3) size 180x24
                      RenderBlock {DIV} at (0,0) size 140x24
                      RenderBlock {DIV} at (140,0) size 25x25
                  RenderBR {BR} at (188,58) size 0x0
                  RenderTextControl {INPUT} at (2,70) size 184x31 [bgcolor=#FFFFFF] [border: (2px inset #EEEEEE)]
                    RenderFlexibleBox {DIV} at (2,3) size 180x25
                      RenderBlock {DIV} at (0,0) size 165x25
                  RenderBR {BR} at (188,92) size 0x0
                  RenderTextControl {INPUT} at (2,105) size 184x31 [bgcolor=#FFFFFF] [border: (2px inset #EEEEEE)]
                    RenderFlexibleBox {DIV} at (2,3) size 180x25
                      RenderBlock {DIV} at (0,0) size 139x25
                      RenderBlock {DIV} at (139,0) size 26x26
                  RenderBR {BR} at (188,127) size 0x0
                  RenderTextControl {INPUT} at (2,140) size 204x32 [bgcolor=#FFFFFF] [border: (2px inset #EEEEEE)]
                    RenderFlexibleBox {DIV} at (2,3) size 200x26
                      RenderBlock {DIV} at (0,0) size 185x26
                  RenderBR {BR} at (208,163) size 0x0
                  RenderTextControl {INPUT} at (2,176) size 204x32 [bgcolor=#FFFFFF] [border: (2px inset #EEEEEE)]
                    RenderFlexibleBox {DIV} at (2,3) size 200x26
                      RenderBlock {DIV} at (0,0) size 158x26
                      RenderBlock {DIV} at (158,0) size 27x27
                  RenderBR {BR} at (208,199) size 0x0
                  RenderTextControl {INPUT} at (2,212) size 204x33 [bgcolor=#FFFFFF] [border: (2px inset #EEEEEE)]
                    RenderFlexibleBox {DIV} at (2,3) size 200x27
                      RenderBlock {DIV} at (0,0) size 185x27
                  RenderBR {BR} at (208,236) size 0x0
                  RenderTextControl {INPUT} at (2,249) size 204x33 [bgcolor=#FFFFFF] [border: (2px inset #EEEEEE)]
                    RenderFlexibleBox {DIV} at (2,3) size 200x27
                      RenderBlock {DIV} at (0,0) size 157x27
                      RenderBlock {DIV} at (157,0) size 28x28
                  RenderBR {BR} at (208,273) size 0x0
layer at (13,50) size 65x10 scrollWidth 121
  RenderBlock {DIV} at (0,0) size 65x10
    RenderText {#text} at (0,0) size 120x10
      text run at (0,0) width 120: "012345678901234567890123456789"
layer at (13,66) size 55x10 scrollWidth 121
  RenderBlock {DIV} at (0,0) size 55x10
    RenderText {#text} at (0,0) size 120x10
      text run at (0,0) width 120: "012345678901234567890123456789"
layer at (13,82) size 65x12 scrollWidth 151
  RenderBlock {DIV} at (0,0) size 65x12
    RenderText {#text} at (0,0) size 150x12
      text run at (0,0) width 150: "012345678901234567890123456789"
layer at (13,100) size 54x12 scrollWidth 151
  RenderBlock {DIV} at (0,0) size 54x12
    RenderText {#text} at (0,0) size 150x12
      text run at (0,0) width 150: "012345678901234567890123456789"
layer at (13,118) size 65x13 scrollWidth 181
  RenderBlock {DIV} at (0,0) size 65x13
    RenderText {#text} at (0,0) size 180x13
      text run at (0,0) width 180: "012345678901234567890123456789"
layer at (13,137) size 53x13 scrollWidth 181
  RenderBlock {DIV} at (0,0) size 53x13
    RenderText {#text} at (0,0) size 180x13
      text run at (0,0) width 180: "012345678901234567890123456789"
layer at (15,158) size 85x14 scrollWidth 181
  RenderBlock {DIV} at (0,0) size 85x14
    RenderText {#text} at (0,0) size 180x14
      text run at (0,0) width 180: "012345678901234567890123456789"
layer at (15,182) size 71x14 scrollWidth 181
  RenderBlock {DIV} at (0,0) size 71x14
    RenderText {#text} at (0,0) size 180x14
      text run at (0,0) width 180: "012345678901234567890123456789"
layer at (15,206) size 85x15 scrollWidth 211
  RenderBlock {DIV} at (0,0) size 85x15
    RenderText {#text} at (0,0) size 210x15
      text run at (0,0) width 210: "012345678901234567890123456789"
layer at (15,231) size 70x15 scrollWidth 211
  RenderBlock {DIV} at (0,0) size 70x15
    RenderText {#text} at (0,0) size 210x15
      text run at (0,0) width 210: "012345678901234567890123456789"
layer at (15,256) size 105x16 scrollWidth 211
  RenderBlock {DIV} at (0,0) size 105x16
    RenderText {#text} at (0,0) size 210x16
      text run at (0,0) width 210: "012345678901234567890123456789"
layer at (15,282) size 89x16 scrollWidth 211
  RenderBlock {DIV} at (0,0) size 89x16
    RenderText {#text} at (0,0) size 210x16
      text run at (0,0) width 210: "012345678901234567890123456789"
layer at (15,308) size 105x16 scrollWidth 241
  RenderBlock {DIV} at (0,0) size 105x16
    RenderText {#text} at (0,0) size 240x16
      text run at (0,0) width 240: "012345678901234567890123456789"
layer at (15,334) size 88x16 scrollWidth 241
  RenderBlock {DIV} at (0,0) size 88x16
    RenderText {#text} at (0,0) size 240x16
      text run at (0,0) width 240: "012345678901234567890123456789"
layer at (147,55) size 125x17 scrollWidth 241
  RenderBlock {DIV} at (0,0) size 125x17
    RenderText {#text} at (0,0) size 240x17
      text run at (0,0) width 240: "012345678901234567890123456789"
layer at (147,82) size 107x17 scrollWidth 241
  RenderBlock {DIV} at (0,0) size 107x17
    RenderText {#text} at (0,0) size 240x17
      text run at (0,0) width 240: "012345678901234567890123456789"
layer at (147,109) size 125x19 scrollWidth 271
  RenderBlock {DIV} at (0,0) size 125x19
    RenderText {#text} at (0,0) size 270x18
      text run at (0,0) width 270: "012345678901234567890123456789"
layer at (147,138) size 105x19 scrollWidth 271
  RenderBlock {DIV} at (0,0) size 105x19
    RenderText {#text} at (0,0) size 270x18
      text run at (0,0) width 270: "012345678901234567890123456789"
layer at (147,167) size 145x20 scrollWidth 271
  RenderBlock {DIV} at (0,0) size 145x20
    RenderText {#text} at (0,0) size 270x19
      text run at (0,0) width 270: "012345678901234567890123456789"
layer at (147,197) size 124x20 scrollWidth 271
  RenderBlock {DIV} at (0,0) size 124x20
    RenderText {#text} at (0,0) size 270x19
      text run at (0,0) width 270: "012345678901234567890123456789"
layer at (147,227) size 145x22 scrollWidth 301
  RenderBlock {DIV} at (0,0) size 145x22
    RenderText {#text} at (0,0) size 300x21
      text run at (0,0) width 300: "012345678901234567890123456789"
layer at (147,259) size 123x22 scrollWidth 301
  RenderBlock {DIV} at (0,0) size 123x22
    RenderText {#text} at (0,0) size 300x21
      text run at (0,0) width 300: "012345678901234567890123456789"
layer at (147,291) size 145x23 scrollWidth 331
  RenderBlock {DIV} at (0,0) size 145x23
    RenderText {#text} at (0,0) size 330x22
      text run at (0,0) width 330: "012345678901234567890123456789"
layer at (147,324) size 122x23 scrollWidth 331
  RenderBlock {DIV} at (0,0) size 122x23
    RenderText {#text} at (0,0) size 330x22
      text run at (0,0) width 330: "012345678901234567890123456789"
layer at (319,64) size 165x24 scrollWidth 331
  RenderBlock {DIV} at (0,0) size 165x24
    RenderText {#text} at (0,0) size 330x23
      text run at (0,0) width 330: "012345678901234567890123456789"
layer at (319,98) size 140x24 scrollWidth 331
  RenderBlock {DIV} at (0,0) size 140x24
    RenderText {#text} at (0,0) size 330x23
      text run at (0,0) width 330: "012345678901234567890123456789"
layer at (319,132) size 165x25 scrollWidth 361
  RenderBlock {DIV} at (0,0) size 165x25
    RenderText {#text} at (0,0) size 360x24
      text run at (0,0) width 360: "012345678901234567890123456789"
layer at (319,167) size 139x25 scrollWidth 361
  RenderBlock {DIV} at (0,0) size 139x25
    RenderText {#text} at (0,0) size 360x24
      text run at (0,0) width 360: "012345678901234567890123456789"
layer at (319,202) size 185x26 scrollWidth 361
  RenderBlock {DIV} at (0,0) size 185x26
    RenderText {#text} at (0,0) size 360x25
      text run at (0,0) width 360: "012345678901234567890123456789"
layer at (319,238) size 158x26 scrollWidth 361
  RenderBlock {DIV} at (0,0) size 158x26
    RenderText {#text} at (0,0) size 360x25
      text run at (0,0) width 360: "012345678901234567890123456789"
layer at (319,274) size 185x27 scrollWidth 391
  RenderBlock {DIV} at (0,0) size 185x27
    RenderText {#text} at (0,0) size 390x26
      text run at (0,0) width 390: "012345678901234567890123456789"
layer at (319,311) size 157x27 scrollWidth 391
  RenderBlock {DIV} at (0,0) size 157x27
    RenderText {#text} at (0,0) size 390x26
      text run at (0,0) width 390: "012345678901234567890123456789"
layer at (78,49) size 15x12
  RenderBlock (relative positioned) {DIV} at (65,-1) size 15x12
layer at (78,65) size 15x12
  RenderBlock (relative positioned) {DIV} at (65,-1) size 15x12
layer at (78,81) size 15x14
  RenderBlock (relative positioned) {DIV} at (65,-1) size 15x14
layer at (78,99) size 15x14
  RenderBlock (relative positioned) {DIV} at (65,-1) size 15x14
layer at (78,117) size 15x15
  RenderBlock (relative positioned) {DIV} at (65,-1) size 15x15
layer at (78,136) size 15x15
  RenderBlock (relative positioned) {DIV} at (65,-1) size 15x15
layer at (100,157) size 15x16
  RenderBlock (relative positioned) {DIV} at (85,-1) size 15x16
layer at (100,181) size 15x16
  RenderBlock (relative positioned) {DIV} at (85,-1) size 15x16
layer at (100,205) size 15x17
  RenderBlock (relative positioned) {DIV} at (85,-1) size 15x17
layer at (100,230) size 15x17
  RenderBlock (relative positioned) {DIV} at (85,-1) size 15x17
layer at (120,255) size 15x18
  RenderBlock (relative positioned) {DIV} at (105,-1) size 15x18
layer at (120,281) size 15x18
  RenderBlock (relative positioned) {DIV} at (105,-1) size 15x18
layer at (120,307) size 15x18
  RenderBlock (relative positioned) {DIV} at (105,-1) size 15x18
layer at (120,333) size 15x18
  RenderBlock (relative positioned) {DIV} at (105,-1) size 15x18
layer at (272,54) size 15x19
  RenderBlock (relative positioned) {DIV} at (125,-1) size 15x19
layer at (272,81) size 15x19
  RenderBlock (relative positioned) {DIV} at (125,-1) size 15x19
layer at (272,108) size 15x21
  RenderBlock (relative positioned) {DIV} at (125,-1) size 15x21
layer at (272,137) size 15x21
  RenderBlock (relative positioned) {DIV} at (125,-1) size 15x21
layer at (292,166) size 15x22
  RenderBlock (relative positioned) {DIV} at (145,-1) size 15x22
layer at (292,196) size 15x22
  RenderBlock (relative positioned) {DIV} at (145,-1) size 15x22
layer at (292,226) size 15x24
  RenderBlock (relative positioned) {DIV} at (145,-1) size 15x24
layer at (292,258) size 15x24
  RenderBlock (relative positioned) {DIV} at (145,-1) size 15x24
layer at (292,290) size 15x25
  RenderBlock (relative positioned) {DIV} at (145,-1) size 15x25
layer at (292,323) size 15x25
  RenderBlock (relative positioned) {DIV} at (145,-1) size 15x25
layer at (484,63) size 15x26
  RenderBlock (relative positioned) {DIV} at (165,-1) size 15x26
layer at (484,97) size 15x26
  RenderBlock (relative positioned) {DIV} at (165,-1) size 15x26
layer at (484,131) size 15x27
  RenderBlock (relative positioned) {DIV} at (165,-1) size 15x27
layer at (484,166) size 15x27
  RenderBlock (relative positioned) {DIV} at (165,-1) size 15x27
layer at (504,201) size 15x28
  RenderBlock (relative positioned) {DIV} at (185,-1) size 15x28
layer at (504,237) size 15x28
  RenderBlock (relative positioned) {DIV} at (185,-1) size 15x28
layer at (504,273) size 15x29
  RenderBlock (relative positioned) {DIV} at (185,-1) size 15x29
layer at (504,310) size 15x29
  RenderBlock (relative positioned) {DIV} at (185,-1) size 15x29
