layer at (0,0) size 800x600
  RenderView at (0,0) size 800x600
layer at (0,0) size 800x600
  RenderBlock {HTML} at (0,0) size 800x600
    RenderBody {BODY} at (8,8) size 784x584
      RenderBlock {P} at (0,0) size 784x20
        RenderText {#text} at (0,0) size 251x19
          text run at (0,0) width 251: "Test appearances of input-speech-button."
      RenderBlock {DIV} at (0,36) size 784x0
      RenderBlock {DIV} at (0,36) size 784x314
        RenderTable {TABLE} at (0,0) size 518x314
          RenderTableSection {TBODY} at (0,0) size 518x314
            RenderTableRow {TR} at (0,2) size 518x310
              RenderTableCell {TD} at (2,2) size 130x310 [r=0 c=0 rs=1 cs=1]
                RenderBlock {DIV} at (1,1) size 128x308
                  RenderTextControl {INPUT} at (0,0) size 84x16 [bgcolor=#FFFFFF] [border: (2px inset #EEEEEE)]
                  RenderBR {BR} at (84,11) size 0x0
                  RenderTextControl {INPUT} at (0,16) size 84x16 [bgcolor=#FFFFFF] [border: (2px inset #EEEEEE)]
                    RenderFlexibleBox {DIV} at (2,3) size 80x10
                      RenderBlock {DIV} at (0,0) size 70x10
                      RenderBlock {DIV} at (70,0) size 10x10
                  RenderBR {BR} at (84,27) size 0x0
                  RenderTextControl {INPUT} at (0,32) size 84x18 [bgcolor=#FFFFFF] [border: (2px inset #EEEEEE)]
                  RenderBR {BR} at (84,44) size 0x0
                  RenderTextControl {INPUT} at (0,50) size 84x18 [bgcolor=#FFFFFF] [border: (2px inset #EEEEEE)]
                    RenderFlexibleBox {DIV} at (2,3) size 80x12
                      RenderBlock {DIV} at (0,0) size 69x12
                      RenderBlock {DIV} at (69,0.50) size 11x11
                  RenderBR {BR} at (84,62) size 0x0
                  RenderTextControl {INPUT} at (0,68) size 84x19 [bgcolor=#FFFFFF] [border: (2px inset #EEEEEE)]
                  RenderBR {BR} at (84,81) size 0x0
                  RenderTextControl {INPUT} at (0,87) size 84x19 [bgcolor=#FFFFFF] [border: (2px inset #EEEEEE)]
                    RenderFlexibleBox {DIV} at (2,3) size 80x13
                      RenderBlock {DIV} at (0,0) size 68x13
                      RenderBlock {DIV} at (68,0.50) size 12x12
                  RenderBR {BR} at (84,100) size 0x0
                  RenderTextControl {INPUT} at (2,108) size 104x20 [bgcolor=#FFFFFF] [border: (2px inset #EEEEEE)]
                  RenderBR {BR} at (108,122) size 0x0
                  RenderTextControl {INPUT} at (2,132) size 104x20 [bgcolor=#FFFFFF] [border: (2px inset #EEEEEE)]
                    RenderFlexibleBox {DIV} at (2,3) size 100x14
                      RenderBlock {DIV} at (0,0) size 86x14
                      RenderBlock {DIV} at (86,0) size 14x14
                  RenderBR {BR} at (108,146) size 0x0
                  RenderTextControl {INPUT} at (2,156) size 104x21 [bgcolor=#FFFFFF] [border: (2px inset #EEEEEE)]
                  RenderBR {BR} at (108,171) size 0x0
                  RenderTextControl {INPUT} at (2,181) size 104x21 [bgcolor=#FFFFFF] [border: (2px inset #EEEEEE)]
                    RenderFlexibleBox {DIV} at (2,3) size 100x15
                      RenderBlock {DIV} at (0,0) size 85x15
                      RenderBlock {DIV} at (85,0) size 15x15
                  RenderBR {BR} at (108,196) size 0x0
                  RenderTextControl {INPUT} at (2,206) size 124x22 [bgcolor=#FFFFFF] [border: (2px inset #EEEEEE)]
                  RenderBR {BR} at (128,222) size 0x0
                  RenderTextControl {INPUT} at (2,232) size 124x22 [bgcolor=#FFFFFF] [border: (2px inset #EEEEEE)]
                    RenderFlexibleBox {DIV} at (2,3) size 120x16
                      RenderBlock {DIV} at (0,0) size 104x16
                      RenderBlock {DIV} at (104,0) size 16x16
                  RenderBR {BR} at (128,248) size 0x0
                  RenderTextControl {INPUT} at (2,258) size 124x22 [bgcolor=#FFFFFF] [border: (2px inset #EEEEEE)]
                  RenderBR {BR} at (128,274) size 0x0
                  RenderTextControl {INPUT} at (2,284) size 124x22 [bgcolor=#FFFFFF] [border: (2px inset #EEEEEE)]
                    RenderFlexibleBox {DIV} at (2,3) size 120x16
                      RenderBlock {DIV} at (0,0) size 103x16
                      RenderBlock {DIV} at (103,0) size 17x17
                  RenderBR {BR} at (128,300) size 0x0
              RenderTableCell {TD} at (134,5) size 170x304 [r=0 c=1 rs=1 cs=1]
                RenderBlock {DIV} at (1,1) size 168x302
                  RenderTextControl {INPUT} at (2,2) size 144x23 [bgcolor=#FFFFFF] [border: (2px inset #EEEEEE)]
                  RenderBR {BR} at (148,19) size 0x0
                  RenderTextControl {INPUT} at (2,29) size 144x23 [bgcolor=#FFFFFF] [border: (2px inset #EEEEEE)]
                    RenderFlexibleBox {DIV} at (2,3) size 140x17
                      RenderBlock {DIV} at (0,0) size 122x17
                      RenderBlock {DIV} at (122,0) size 18x18
                  RenderBR {BR} at (148,46) size 0x0
                  RenderTextControl {INPUT} at (2,56) size 144x25 [bgcolor=#FFFFFF] [border: (2px inset #EEEEEE)]
                  RenderBR {BR} at (148,74) size 0x0
                  RenderTextControl {INPUT} at (2,85) size 144x25 [bgcolor=#FFFFFF] [border: (2px inset #EEEEEE)]
                    RenderFlexibleBox {DIV} at (2,3) size 140x19
                      RenderBlock {DIV} at (0,0) size 120x19
                      RenderBlock {DIV} at (120,0) size 20x20
                  RenderBR {BR} at (148,103) size 0x0
                  RenderTextControl {INPUT} at (2,114) size 164x26 [bgcolor=#FFFFFF] [border: (2px inset #EEEEEE)]
                  RenderBR {BR} at (168,132) size 0x0
                  RenderTextControl {INPUT} at (2,144) size 164x26 [bgcolor=#FFFFFF] [border: (2px inset #EEEEEE)]
                    RenderFlexibleBox {DIV} at (2,3) size 160x20
                      RenderBlock {DIV} at (0,0) size 139x20
                      RenderBlock {DIV} at (139,0) size 21x21
                  RenderBR {BR} at (168,162) size 0x0
                  RenderTextControl {INPUT} at (2,174) size 164x28 [bgcolor=#FFFFFF] [border: (2px inset #EEEEEE)]
                  RenderBR {BR} at (168,194) size 0x0
                  RenderTextControl {INPUT} at (2,206) size 164x28 [bgcolor=#FFFFFF] [border: (2px inset #EEEEEE)]
                    RenderFlexibleBox {DIV} at (2,3) size 160x22
                      RenderBlock {DIV} at (0,0) size 138x22
                      RenderBlock {DIV} at (138,0) size 22x22
                  RenderBR {BR} at (168,226) size 0x0
                  RenderTextControl {INPUT} at (2,238) size 164x29 [bgcolor=#FFFFFF] [border: (2px inset #EEEEEE)]
                  RenderBR {BR} at (168,259) size 0x0
                  RenderTextControl {INPUT} at (2,271) size 164x29 [bgcolor=#FFFFFF] [border: (2px inset #EEEEEE)]
                    RenderFlexibleBox {DIV} at (2,3) size 160x23
                      RenderBlock {DIV} at (0,0) size 137x23
                      RenderBlock {DIV} at (137,0) size 23x23
                  RenderBR {BR} at (168,292) size 0x0
              RenderTableCell {TD} at (306,14) size 210x286 [r=0 c=2 rs=1 cs=1]
                RenderBlock {DIV} at (1,1) size 208x284
                  RenderTextControl {INPUT} at (2,2) size 184x30 [bgcolor=#FFFFFF] [border: (2px inset #EEEEEE)]
                  RenderBR {BR} at (188,24) size 0x0
                  RenderTextControl {INPUT} at (2,36) size 184x30 [bgcolor=#FFFFFF] [border: (2px inset #EEEEEE)]
                    RenderFlexibleBox {DIV} at (2,3) size 180x24
                      RenderBlock {DIV} at (0,0) size 155x24
                      RenderBlock {DIV} at (155,0) size 25x25
                  RenderBR {BR} at (188,58) size 0x0
                  RenderTextControl {INPUT} at (2,70) size 184x31 [bgcolor=#FFFFFF] [border: (2px inset #EEEEEE)]
                  RenderBR {BR} at (188,92) size 0x0
                  RenderTextControl {INPUT} at (2,105) size 184x31 [bgcolor=#FFFFFF] [border: (2px inset #EEEEEE)]
                    RenderFlexibleBox {DIV} at (2,3) size 180x25
                      RenderBlock {DIV} at (0,0) size 154x25
                      RenderBlock {DIV} at (154,0) size 26x26
                  RenderBR {BR} at (188,127) size 0x0
                  RenderTextControl {INPUT} at (2,140) size 204x32 [bgcolor=#FFFFFF] [border: (2px inset #EEEEEE)]
                  RenderBR {BR} at (208,163) size 0x0
                  RenderTextControl {INPUT} at (2,176) size 204x32 [bgcolor=#FFFFFF] [border: (2px inset #EEEEEE)]
                    RenderFlexibleBox {DIV} at (2,3) size 200x26
                      RenderBlock {DIV} at (0,0) size 173x26
                      RenderBlock {DIV} at (173,0) size 27x27
                  RenderBR {BR} at (208,199) size 0x0
                  RenderTextControl {INPUT} at (2,212) size 204x33 [bgcolor=#FFFFFF] [border: (2px inset #EEEEEE)]
                  RenderBR {BR} at (208,236) size 0x0
                  RenderTextControl {INPUT} at (2,249) size 204x33 [bgcolor=#FFFFFF] [border: (2px inset #EEEEEE)]
                    RenderFlexibleBox {DIV} at (2,3) size 200x27
                      RenderBlock {DIV} at (0,0) size 172x27
                      RenderBlock {DIV} at (172,0) size 28x28
                  RenderBR {BR} at (208,273) size 0x0
      RenderBlock (anonymous) at (0,350) size 784x26
        RenderTextControl {INPUT} at (2,2) size 124x22 [bgcolor=#FFFFFF] [border: (2px inset #EEEEEE)]
          RenderFlexibleBox {DIV} at (2,3) size 120x16
            RenderBlock {DIV} at (0,0) size 104x16
            RenderBlock {DIV} at (104,0) size 16x16
        RenderTextControl {INPUT} at (130,2) size 124x22 [bgcolor=#FFFFFF] [border: (2px inset #EEEEEE)]
        RenderText {#text} at (0,0) size 0x0
layer at (13,50) size 80x10 scrollWidth 139
  RenderBlock {DIV} at (2,3) size 80x10
    RenderText {#text} at (0,0) size 138x10
      text run at (0,0) width 138: "A quick brown fox jumps over the lazy dog"
layer at (13,66) size 70x10 scrollWidth 139
  RenderBlock {DIV} at (0,0) size 70x10
    RenderText {#text} at (0,0) size 138x10
      text run at (0,0) width 138: "A quick brown fox jumps over the lazy dog"
layer at (13,82) size 80x12 scrollWidth 180
  RenderBlock {DIV} at (2,3) size 80x12
    RenderText {#text} at (0,0) size 179x12
      text run at (0,0) width 179: "A quick brown fox jumps over the lazy dog"
layer at (13,100) size 69x12 scrollWidth 180
  RenderBlock {DIV} at (0,0) size 69x12
    RenderText {#text} at (0,0) size 179x12
      text run at (0,0) width 179: "A quick brown fox jumps over the lazy dog"
layer at (13,118) size 80x13 scrollWidth 199
  RenderBlock {DIV} at (2,3) size 80x13
    RenderText {#text} at (0,0) size 198x13
      text run at (0,0) width 198: "A quick brown fox jumps over the lazy dog"
layer at (13,137) size 68x13 scrollWidth 199
  RenderBlock {DIV} at (0,0) size 68x13
    RenderText {#text} at (0,0) size 198x13
      text run at (0,0) width 198: "A quick brown fox jumps over the lazy dog"
layer at (15,158) size 100x14 scrollWidth 209
  RenderBlock {DIV} at (2,3) size 100x14
    RenderText {#text} at (0,0) size 208x14
      text run at (0,0) width 208: "A quick brown fox jumps over the lazy dog"
layer at (15,182) size 86x14 scrollWidth 209
  RenderBlock {DIV} at (0,0) size 86x14
    RenderText {#text} at (0,0) size 208x14
      text run at (0,0) width 208: "A quick brown fox jumps over the lazy dog"
layer at (15,206) size 100x15 scrollWidth 226
  RenderBlock {DIV} at (2,3) size 100x15
    RenderText {#text} at (0,0) size 225x15
      text run at (0,0) width 225: "A quick brown fox jumps over the lazy dog"
layer at (15,231) size 85x15 scrollWidth 226
  RenderBlock {DIV} at (0,0) size 85x15
    RenderText {#text} at (0,0) size 225x15
      text run at (0,0) width 225: "A quick brown fox jumps over the lazy dog"
layer at (15,256) size 120x16 scrollWidth 245
  RenderBlock {DIV} at (2,3) size 120x16
    RenderText {#text} at (0,0) size 244x16
      text run at (0,0) width 244: "A quick brown fox jumps over the lazy dog"
layer at (15,282) size 104x16 scrollWidth 245
  RenderBlock {DIV} at (0,0) size 104x16
    RenderText {#text} at (0,0) size 244x16
      text run at (0,0) width 244: "A quick brown fox jumps over the lazy dog"
layer at (15,308) size 120x16 scrollWidth 264
  RenderBlock {DIV} at (2,3) size 120x16
    RenderText {#text} at (0,0) size 263x16
      text run at (0,0) width 263: "A quick brown fox jumps over the lazy dog"
layer at (15,334) size 103x16 scrollWidth 264
  RenderBlock {DIV} at (0,0) size 103x16
    RenderText {#text} at (0,0) size 263x16
      text run at (0,0) width 263: "A quick brown fox jumps over the lazy dog"
layer at (147,55) size 140x17 scrollWidth 273
  RenderBlock {DIV} at (2,3) size 140x17
    RenderText {#text} at (0,0) size 272x17
      text run at (0,0) width 272: "A quick brown fox jumps over the lazy dog"
layer at (147,82) size 122x17 scrollWidth 273
  RenderBlock {DIV} at (0,0) size 122x17
    RenderText {#text} at (0,0) size 272x17
      text run at (0,0) width 272: "A quick brown fox jumps over the lazy dog"
layer at (147,109) size 140x19 scrollWidth 288
  RenderBlock {DIV} at (2,3) size 140x19
    RenderText {#text} at (0,0) size 287x18
      text run at (0,0) width 287: "A quick brown fox jumps over the lazy dog"
layer at (147,138) size 120x19 scrollWidth 288
  RenderBlock {DIV} at (0,0) size 120x19
    RenderText {#text} at (0,0) size 287x18
      text run at (0,0) width 287: "A quick brown fox jumps over the lazy dog"
layer at (147,167) size 160x20 scrollWidth 307
  RenderBlock {DIV} at (2,3) size 160x20
    RenderText {#text} at (0,0) size 306x19
      text run at (0,0) width 306: "A quick brown fox jumps over the lazy dog"
layer at (147,197) size 139x20 scrollWidth 307
  RenderBlock {DIV} at (0,0) size 139x20
    RenderText {#text} at (0,0) size 306x19
      text run at (0,0) width 306: "A quick brown fox jumps over the lazy dog"
layer at (147,227) size 160x22 scrollWidth 334
  RenderBlock {DIV} at (2,3) size 160x22
    RenderText {#text} at (0,0) size 333x21
      text run at (0,0) width 333: "A quick brown fox jumps over the lazy dog"
layer at (147,259) size 138x22 scrollWidth 334
  RenderBlock {DIV} at (0,0) size 138x22
    RenderText {#text} at (0,0) size 333x21
      text run at (0,0) width 333: "A quick brown fox jumps over the lazy dog"
layer at (147,291) size 160x23 scrollWidth 354
  RenderBlock {DIV} at (2,3) size 160x23
    RenderText {#text} at (0,0) size 353x22
      text run at (0,0) width 353: "A quick brown fox jumps over the lazy dog"
layer at (147,324) size 137x23 scrollWidth 354
  RenderBlock {DIV} at (0,0) size 137x23
    RenderText {#text} at (0,0) size 353x22
      text run at (0,0) width 353: "A quick brown fox jumps over the lazy dog"
layer at (319,64) size 180x24 scrollWidth 370
  RenderBlock {DIV} at (2,3) size 180x24
    RenderText {#text} at (0,0) size 369x23
      text run at (0,0) width 369: "A quick brown fox jumps over the lazy dog"
layer at (319,98) size 155x24 scrollWidth 370
  RenderBlock {DIV} at (0,0) size 155x24
    RenderText {#text} at (0,0) size 369x23
      text run at (0,0) width 369: "A quick brown fox jumps over the lazy dog"
layer at (319,132) size 180x25 scrollWidth 388
  RenderBlock {DIV} at (2,3) size 180x25
    RenderText {#text} at (0,0) size 387x24
      text run at (0,0) width 387: "A quick brown fox jumps over the lazy dog"
layer at (319,167) size 154x25 scrollWidth 388
  RenderBlock {DIV} at (0,0) size 154x25
    RenderText {#text} at (0,0) size 387x24
      text run at (0,0) width 387: "A quick brown fox jumps over the lazy dog"
layer at (319,202) size 200x26 scrollWidth 404
  RenderBlock {DIV} at (2,3) size 200x26
    RenderText {#text} at (0,0) size 403x25
      text run at (0,0) width 403: "A quick brown fox jumps over the lazy dog"
layer at (319,238) size 173x26 scrollWidth 404
  RenderBlock {DIV} at (0,0) size 173x26
    RenderText {#text} at (0,0) size 403x25
      text run at (0,0) width 403: "A quick brown fox jumps over the lazy dog"
layer at (319,274) size 200x27 scrollWidth 417
  RenderBlock {DIV} at (2,3) size 200x27
    RenderText {#text} at (0,0) size 416x26
      text run at (0,0) width 416: "A quick brown fox jumps over the lazy dog"
layer at (319,311) size 172x27 scrollWidth 417
  RenderBlock {DIV} at (0,0) size 172x27
    RenderText {#text} at (0,0) size 416x26
      text run at (0,0) width 416: "A quick brown fox jumps over the lazy dog"
layer at (12,363) size 104x16
  RenderBlock {DIV} at (0,0) size 104x16
layer at (140,363) size 120x16
  RenderBlock {DIV} at (2,3) size 120x16
