layer at (0,0) size 800x600
  RenderView at (0,0) size 800x600
layer at (0,0) size 800x600
  RenderBlock {HTML} at (0,0) size 800x600
    RenderBody {BODY} at (8,8) size 784x584
      RenderBlock {P} at (0,0) size 784x20
        RenderText {#text} at (0,0) size 400x19
          text run at (0,0) width 400: "Test appearances of input-speech-button in <input type='search'>."
      RenderBlock {DIV} at (0,36) size 784x0
      RenderBlock {DIV} at (0,36) size 784x471
        RenderTable {TABLE} at (0,0) size 524x471
          RenderTableSection {TBODY} at (0,0) size 524x471
            RenderTableRow {TR} at (0,2) size 524x467
              RenderTableCell {TD} at (2,2) size 132x467 [r=0 c=0 rs=1 cs=1]
                RenderBlock {DIV} at (1,1) size 130x465
                  RenderTextControl {INPUT} at (0,0) size 86x17 [bgcolor=#FFFFFF] [border: (2px inset #EEEEEE)]
                    RenderFlexibleBox {DIV} at (3,3) size 80x11
                      RenderBlock {DIV} at (0,0) size 1x11
                      RenderBlock {DIV} at (1,0.50) size 59x10
                      RenderBlock {DIV} at (61,2.50) size 6x6
                      RenderBlock {DIV} at (70,0.50) size 10x10
                  RenderBR {BR} at (86,11) size 0x0
                  RenderTextControl {INPUT} at (0,17) size 86x17 [bgcolor=#FFFFFF] [border: (2px inset #EEEEEE)]
                    RenderFlexibleBox {DIV} at (3,3) size 80x11
                      RenderBlock {DIV} at (0,0) size 1x11
                      RenderBlock {DIV} at (1,0.50) size 69x10
                      RenderBlock {DIV} at (71,2.50) size 6x6
                  RenderBR {BR} at (86,28) size 0x0
                  RenderTextControl {INPUT} at (0,34) size 86x17 [bgcolor=#FFFFFF] [border: (2px inset #EEEEEE)]
                    RenderFlexibleBox {DIV} at (3,3) size 80x11
                      RenderBlock {DIV} at (0,0) size 1x11
                      RenderBlock {DIV} at (1,0.50) size 59x10
                      RenderBlock {DIV} at (61,2.50) size 6x6
                      RenderBlock {DIV} at (70,0.50) size 10x10
                  RenderBR {BR} at (86,45) size 0x0
                  RenderTextControl {INPUT} at (0,51) size 86x18 [bgcolor=#FFFFFF] [border: (2px inset #EEEEEE)]
                    RenderFlexibleBox {DIV} at (3,3) size 80x12
                      RenderBlock {DIV} at (0,0.50) size 1x11
                      RenderBlock {DIV} at (1,0) size 58x12
                      RenderBlock {DIV} at (60,3) size 6x6
                      RenderBlock {DIV} at (69,0.50) size 11x11
                  RenderBR {BR} at (86,63) size 0x0
                  RenderTextControl {INPUT} at (0,69) size 86x18 [bgcolor=#FFFFFF] [border: (2px inset #EEEEEE)]
                    RenderFlexibleBox {DIV} at (3,3) size 80x12
                      RenderBlock {DIV} at (0,0.50) size 1x11
                      RenderBlock {DIV} at (1,0) size 69x12
                      RenderBlock {DIV} at (71,3) size 6x6
                  RenderBR {BR} at (86,81) size 0x0
                  RenderTextControl {INPUT} at (0,87) size 86x18 [bgcolor=#FFFFFF] [border: (2px inset #EEEEEE)]
                    RenderFlexibleBox {DIV} at (3,3) size 80x12
                      RenderBlock {DIV} at (0,0.50) size 1x11
                      RenderBlock {DIV} at (1,0) size 58x12
                      RenderBlock {DIV} at (60,3) size 6x6
                      RenderBlock {DIV} at (69,0.50) size 11x11
                  RenderBR {BR} at (86,99) size 0x0
                  RenderTextControl {INPUT} at (0,105) size 86x19 [bgcolor=#FFFFFF] [border: (2px inset #EEEEEE)]
                    RenderFlexibleBox {DIV} at (3,3) size 80x13
                      RenderBlock {DIV} at (0,1) size 1x11
                      RenderBlock {DIV} at (1,0) size 56x13
                      RenderBlock {DIV} at (58,3) size 7x7
                      RenderBlock {DIV} at (68,0.50) size 12x12
                  RenderBR {BR} at (86,118) size 0x0
                  RenderTextControl {INPUT} at (0,124) size 86x19 [bgcolor=#FFFFFF] [border: (2px inset #EEEEEE)]
                    RenderFlexibleBox {DIV} at (3,3) size 80x13
                      RenderBlock {DIV} at (0,1) size 1x11
                      RenderBlock {DIV} at (1,0) size 68x13
                      RenderBlock {DIV} at (70,3) size 7x7
                  RenderBR {BR} at (86,137) size 0x0
                  RenderTextControl {INPUT} at (0,143) size 86x19 [bgcolor=#FFFFFF] [border: (2px inset #EEEEEE)]
                    RenderFlexibleBox {DIV} at (3,3) size 80x13
                      RenderBlock {DIV} at (0,1) size 1x11
                      RenderBlock {DIV} at (1,0) size 56x13
                      RenderBlock {DIV} at (58,3) size 7x7
                      RenderBlock {DIV} at (68,0.50) size 12x12
                  RenderBR {BR} at (86,156) size 0x0
                  RenderTextControl {INPUT} at (2,164) size 106x20 [bgcolor=#FFFFFF] [border: (2px inset #EEEEEE)]
                    RenderFlexibleBox {DIV} at (3,3) size 100x14
                      RenderBlock {DIV} at (0,1.50) size 1x11
                      RenderBlock {DIV} at (1,0) size 73x14
                      RenderBlock {DIV} at (75,3) size 8x8
                      RenderBlock {DIV} at (86,0) size 14x14
                  RenderBR {BR} at (110,178) size 0x0
                  RenderTextControl {INPUT} at (2,188) size 106x20 [bgcolor=#FFFFFF] [border: (2px inset #EEEEEE)]
                    RenderFlexibleBox {DIV} at (3,3) size 100x14
                      RenderBlock {DIV} at (0,1.50) size 1x11
                      RenderBlock {DIV} at (1,0) size 87x14
                      RenderBlock {DIV} at (89,3) size 8x8
                  RenderBR {BR} at (110,202) size 0x0
                  RenderTextControl {INPUT} at (2,212) size 106x20 [bgcolor=#FFFFFF] [border: (2px inset #EEEEEE)]
                    RenderFlexibleBox {DIV} at (3,3) size 100x14
                      RenderBlock {DIV} at (0,1.50) size 1x11
                      RenderBlock {DIV} at (1,0) size 73x14
                      RenderBlock {DIV} at (75,3) size 8x8
                      RenderBlock {DIV} at (86,0) size 14x14
                  RenderBR {BR} at (110,226) size 0x0
                  RenderTextControl {INPUT} at (2,236) size 106x21 [bgcolor=#FFFFFF] [border: (2px inset #EEEEEE)]
                    RenderFlexibleBox {DIV} at (3,3) size 100x15
                      RenderBlock {DIV} at (0,2) size 1x11
                      RenderBlock {DIV} at (1,0) size 72x15
                      RenderBlock {DIV} at (74,3.50) size 8x8
                      RenderBlock {DIV} at (85,0) size 15x15
                  RenderBR {BR} at (110,251) size 0x0
                  RenderTextControl {INPUT} at (2,261) size 106x21 [bgcolor=#FFFFFF] [border: (2px inset #EEEEEE)]
                    RenderFlexibleBox {DIV} at (3,3) size 100x15
                      RenderBlock {DIV} at (0,2) size 1x11
                      RenderBlock {DIV} at (1,0) size 87x15
                      RenderBlock {DIV} at (89,3.50) size 8x8
                  RenderBR {BR} at (110,276) size 0x0
                  RenderTextControl {INPUT} at (2,286) size 106x21 [bgcolor=#FFFFFF] [border: (2px inset #EEEEEE)]
                    RenderFlexibleBox {DIV} at (3,3) size 100x15
                      RenderBlock {DIV} at (0,2) size 1x11
                      RenderBlock {DIV} at (1,0) size 72x15
                      RenderBlock {DIV} at (74,3.50) size 8x8
                      RenderBlock {DIV} at (85,0) size 15x15
                  RenderBR {BR} at (110,301) size 0x0
                  RenderTextControl {INPUT} at (2,311) size 126x22 [bgcolor=#FFFFFF] [border: (2px inset #EEEEEE)]
                    RenderFlexibleBox {DIV} at (3,3) size 120x16
                      RenderBlock {DIV} at (0,2.50) size 1x11
                      RenderBlock {DIV} at (1,0) size 90x16
                      RenderBlock {DIV} at (92,3.50) size 9x9
                      RenderBlock {DIV} at (104,0) size 16x16
                  RenderBR {BR} at (130,327) size 0x0
                  RenderTextControl {INPUT} at (2,337) size 126x22 [bgcolor=#FFFFFF] [border: (2px inset #EEEEEE)]
                    RenderFlexibleBox {DIV} at (3,3) size 120x16
                      RenderBlock {DIV} at (0,2.50) size 1x11
                      RenderBlock {DIV} at (1,0) size 106x16
                      RenderBlock {DIV} at (108,3.50) size 9x9
                  RenderBR {BR} at (130,353) size 0x0
                  RenderTextControl {INPUT} at (2,363) size 126x22 [bgcolor=#FFFFFF] [border: (2px inset #EEEEEE)]
                    RenderFlexibleBox {DIV} at (3,3) size 120x16
                      RenderBlock {DIV} at (0,2.50) size 1x11
                      RenderBlock {DIV} at (1,0) size 90x16
                      RenderBlock {DIV} at (92,3.50) size 9x9
                      RenderBlock {DIV} at (104,0) size 16x16
                  RenderBR {BR} at (130,379) size 0x0
                  RenderTextControl {INPUT} at (2,389) size 126x22 [bgcolor=#FFFFFF] [border: (2px inset #EEEEEE)]
                    RenderFlexibleBox {DIV} at (3,2.50) size 120x17
                      RenderBlock {DIV} at (0,3) size 1x11
                      RenderBlock {DIV} at (1,0.50) size 88x16
                      RenderBlock {DIV} at (90,3.50) size 10x10
                      RenderBlock {DIV} at (103,0) size 17x17
                  RenderBR {BR} at (130,404) size 0x0
                  RenderTextControl {INPUT} at (2,415) size 126x22 [bgcolor=#FFFFFF] [border: (2px inset #EEEEEE)]
                    RenderFlexibleBox {DIV} at (3,3) size 120x16
                      RenderBlock {DIV} at (0,2.50) size 1x11
                      RenderBlock {DIV} at (1,0) size 105x16
                      RenderBlock {DIV} at (107,3) size 10x10
                  RenderBR {BR} at (130,431) size 0x0
                  RenderTextControl {INPUT} at (2,441) size 126x22 [bgcolor=#FFFFFF] [border: (2px inset #EEEEEE)]
                    RenderFlexibleBox {DIV} at (3,2.50) size 120x17
                      RenderBlock {DIV} at (0,3) size 1x11
                      RenderBlock {DIV} at (1,0.50) size 88x16
                      RenderBlock {DIV} at (90,3.50) size 10x10
                      RenderBlock {DIV} at (103,0) size 17x17
                  RenderBR {BR} at (130,456) size 0x0
              RenderTableCell {TD} at (136,8) size 172x455 [r=0 c=1 rs=1 cs=1]
                RenderBlock {DIV} at (1,1) size 170x453
                  RenderTextControl {INPUT} at (2,2) size 146x23 [bgcolor=#FFFFFF] [border: (2px inset #EEEEEE)]
                    RenderFlexibleBox {DIV} at (3,2.50) size 140x18
                      RenderBlock {DIV} at (0,3.50) size 1x11
                      RenderBlock {DIV} at (1,0.50) size 107x17
                      RenderBlock {DIV} at (109,4) size 10x10
                      RenderBlock {DIV} at (122,0) size 18x18
                  RenderBR {BR} at (150,18) size 0x0
                  RenderTextControl {INPUT} at (2,29) size 146x23 [bgcolor=#FFFFFF] [border: (2px inset #EEEEEE)]
                    RenderFlexibleBox {DIV} at (3,3) size 140x17
                      RenderBlock {DIV} at (0,3) size 1x11
                      RenderBlock {DIV} at (1,0) size 125x17
                      RenderBlock {DIV} at (127,3.50) size 10x10
                  RenderBR {BR} at (150,46) size 0x0
                  RenderTextControl {INPUT} at (2,56) size 146x23 [bgcolor=#FFFFFF] [border: (2px inset #EEEEEE)]
                    RenderFlexibleBox {DIV} at (3,2.50) size 140x18
                      RenderBlock {DIV} at (0,3.50) size 1x11
                      RenderBlock {DIV} at (1,0.50) size 107x17
                      RenderBlock {DIV} at (109,4) size 10x10
                      RenderBlock {DIV} at (122,0) size 18x18
                  RenderBR {BR} at (150,72) size 0x0
                  RenderTextControl {INPUT} at (2,83) size 146x25 [bgcolor=#FFFFFF] [border: (2px inset #EEEEEE)]
                    RenderFlexibleBox {DIV} at (3,2.50) size 140x20
                      RenderBlock {DIV} at (0,4.50) size 1x11
                      RenderBlock {DIV} at (1,0.50) size 104x19
                      RenderBlock {DIV} at (106,4.50) size 11x11
                      RenderBlock {DIV} at (120,0) size 20x20
                  RenderBR {BR} at (150,100) size 0x0
                  RenderTextControl {INPUT} at (2,112) size 146x25 [bgcolor=#FFFFFF] [border: (2px inset #EEEEEE)]
                    RenderFlexibleBox {DIV} at (3,3) size 140x19
                      RenderBlock {DIV} at (0,4) size 1x11
                      RenderBlock {DIV} at (1,0) size 124x19
                      RenderBlock {DIV} at (126,4) size 11x11
                  RenderBR {BR} at (150,130) size 0x0
                  RenderTextControl {INPUT} at (2,141) size 146x25 [bgcolor=#FFFFFF] [border: (2px inset #EEEEEE)]
                    RenderFlexibleBox {DIV} at (3,2.50) size 140x20
                      RenderBlock {DIV} at (0,4.50) size 1x11
                      RenderBlock {DIV} at (1,0.50) size 104x19
                      RenderBlock {DIV} at (106,4.50) size 11x11
                      RenderBlock {DIV} at (120,0) size 20x20
                  RenderBR {BR} at (150,158) size 0x0
                  RenderTextControl {INPUT} at (2,170) size 166x26 [bgcolor=#FFFFFF] [border: (2px inset #EEEEEE)]
                    RenderFlexibleBox {DIV} at (3,2.50) size 160x21
                      RenderBlock {DIV} at (0,5) size 1x11
                      RenderBlock {DIV} at (1,0.50) size 122x20
                      RenderBlock {DIV} at (124,4.50) size 12x12
                      RenderBlock {DIV} at (139,0) size 21x21
                  RenderBR {BR} at (170,187) size 0x0
                  RenderTextControl {INPUT} at (2,200) size 166x26 [bgcolor=#FFFFFF] [border: (2px inset #EEEEEE)]
                    RenderFlexibleBox {DIV} at (3,3) size 160x20
                      RenderBlock {DIV} at (0,4.50) size 1x11
                      RenderBlock {DIV} at (1,0) size 143x20
                      RenderBlock {DIV} at (145,4) size 12x12
                  RenderBR {BR} at (170,218) size 0x0
                  RenderTextControl {INPUT} at (2,230) size 166x26 [bgcolor=#FFFFFF] [border: (2px inset #EEEEEE)]
                    RenderFlexibleBox {DIV} at (3,2.50) size 160x21
                      RenderBlock {DIV} at (0,5) size 1x11
                      RenderBlock {DIV} at (1,0.50) size 122x20
                      RenderBlock {DIV} at (124,4.50) size 12x12
                      RenderBlock {DIV} at (139,0) size 21x21
                  RenderBR {BR} at (170,247) size 0x0
                  RenderTextControl {INPUT} at (2,260) size 166x28 [bgcolor=#FFFFFF] [border: (2px inset #EEEEEE)]
                    RenderFlexibleBox {DIV} at (3,3) size 160x22
                      RenderBlock {DIV} at (0,5.50) size 1x11
                      RenderBlock {DIV} at (1,0) size 121x22
                      RenderBlock {DIV} at (123,5) size 12x12
                      RenderBlock {DIV} at (138,0) size 22x22
                  RenderBR {BR} at (170,280) size 0x0
                  RenderTextControl {INPUT} at (2,292) size 166x28 [bgcolor=#FFFFFF] [border: (2px inset #EEEEEE)]
                    RenderFlexibleBox {DIV} at (3,3) size 160x22
                      RenderBlock {DIV} at (0,5.50) size 1x11
                      RenderBlock {DIV} at (1,0) size 143x22
                      RenderBlock {DIV} at (145,5) size 12x12
                  RenderBR {BR} at (170,312) size 0x0
                  RenderTextControl {INPUT} at (2,324) size 166x28 [bgcolor=#FFFFFF] [border: (2px inset #EEEEEE)]
                    RenderFlexibleBox {DIV} at (3,3) size 160x22
                      RenderBlock {DIV} at (0,5.50) size 1x11
                      RenderBlock {DIV} at (1,0) size 121x22
                      RenderBlock {DIV} at (123,5) size 12x12
                      RenderBlock {DIV} at (138,0) size 22x22
                  RenderBR {BR} at (170,344) size 0x0
                  RenderTextControl {INPUT} at (2,356) size 166x29 [bgcolor=#FFFFFF] [border: (2px inset #EEEEEE)]
                    RenderFlexibleBox {DIV} at (3,3) size 160x23
                      RenderBlock {DIV} at (0,6) size 1x11
                      RenderBlock {DIV} at (1,0) size 119x23
                      RenderBlock {DIV} at (121,5) size 13x13
                      RenderBlock {DIV} at (137,0) size 23x23
                  RenderBR {BR} at (170,377) size 0x0
                  RenderTextControl {INPUT} at (2,389) size 166x29 [bgcolor=#FFFFFF] [border: (2px inset #EEEEEE)]
                    RenderFlexibleBox {DIV} at (3,3) size 160x23
                      RenderBlock {DIV} at (0,6) size 1x11
                      RenderBlock {DIV} at (1,0) size 142x23
                      RenderBlock {DIV} at (144,5) size 13x13
                  RenderBR {BR} at (170,410) size 0x0
                  RenderTextControl {INPUT} at (2,422) size 166x29 [bgcolor=#FFFFFF] [border: (2px inset #EEEEEE)]
                    RenderFlexibleBox {DIV} at (3,3) size 160x23
                      RenderBlock {DIV} at (0,6) size 1x11
                      RenderBlock {DIV} at (1,0) size 119x23
                      RenderBlock {DIV} at (121,5) size 13x13
                      RenderBlock {DIV} at (137,0) size 23x23
                  RenderBR {BR} at (170,443) size 0x0
              RenderTableCell {TD} at (310,21) size 212x428 [r=0 c=2 rs=1 cs=1]
                RenderBlock {DIV} at (1,1) size 210x426
                  RenderTextControl {INPUT} at (2,2) size 186x30 [bgcolor=#FFFFFF] [border: (2px inset #EEEEEE)]
                    RenderFlexibleBox {DIV} at (3,2.50) size 180x25
                      RenderBlock {DIV} at (0,7) size 1x11
                      RenderBlock {DIV} at (1,0.50) size 136x24
                      RenderBlock {DIV} at (138,5.50) size 14x14
                      RenderBlock {DIV} at (155,0) size 25x25
                  RenderBR {BR} at (190,23) size 0x0
                  RenderTextControl {INPUT} at (2,36) size 186x30 [bgcolor=#FFFFFF] [border: (2px inset #EEEEEE)]
                    RenderFlexibleBox {DIV} at (3,3) size 180x24
                      RenderBlock {DIV} at (0,6.50) size 1x11
                      RenderBlock {DIV} at (1,0) size 161x24
                      RenderBlock {DIV} at (163,5) size 14x14
                  RenderBR {BR} at (190,58) size 0x0
                  RenderTextControl {INPUT} at (2,70) size 186x30 [bgcolor=#FFFFFF] [border: (2px inset #EEEEEE)]
                    RenderFlexibleBox {DIV} at (3,2.50) size 180x25
                      RenderBlock {DIV} at (0,7) size 1x11
                      RenderBlock {DIV} at (1,0.50) size 136x24
                      RenderBlock {DIV} at (138,5.50) size 14x14
                      RenderBlock {DIV} at (155,0) size 25x25
                  RenderBR {BR} at (190,91) size 0x0
                  RenderTextControl {INPUT} at (2,104) size 186x31 [bgcolor=#FFFFFF] [border: (2px inset #EEEEEE)]
                    RenderFlexibleBox {DIV} at (3,2.50) size 180x26
                      RenderBlock {DIV} at (0,7.50) size 1x11
                      RenderBlock {DIV} at (1,0.50) size 134x25
                      RenderBlock {DIV} at (136,5.50) size 15x15
                      RenderBlock {DIV} at (154,0) size 26x26
                  RenderBR {BR} at (190,125) size 0x0
                  RenderTextControl {INPUT} at (2,139) size 186x31 [bgcolor=#FFFFFF] [border: (2px inset #EEEEEE)]
                    RenderFlexibleBox {DIV} at (3,3) size 180x25
                      RenderBlock {DIV} at (0,7) size 1x11
                      RenderBlock {DIV} at (1,0) size 160x25
                      RenderBlock {DIV} at (162,5) size 15x15
                  RenderBR {BR} at (190,161) size 0x0
                  RenderTextControl {INPUT} at (2,174) size 186x31 [bgcolor=#FFFFFF] [border: (2px inset #EEEEEE)]
                    RenderFlexibleBox {DIV} at (3,2.50) size 180x26
                      RenderBlock {DIV} at (0,7.50) size 1x11
                      RenderBlock {DIV} at (1,0.50) size 134x25
                      RenderBlock {DIV} at (136,5.50) size 15x15
                      RenderBlock {DIV} at (154,0) size 26x26
                  RenderBR {BR} at (190,195) size 0x0
                  RenderTextControl {INPUT} at (2,209) size 206x32 [bgcolor=#FFFFFF] [border: (2px inset #EEEEEE)]
                    RenderFlexibleBox {DIV} at (3,2.50) size 200x27
                      RenderBlock {DIV} at (0,8) size 1x11
                      RenderBlock {DIV} at (1,0.50) size 153x26
                      RenderBlock {DIV} at (155,6) size 15x15
                      RenderBlock {DIV} at (173,0) size 27x27
                  RenderBR {BR} at (210,231) size 0x0
                  RenderTextControl {INPUT} at (2,245) size 206x32 [bgcolor=#FFFFFF] [border: (2px inset #EEEEEE)]
                    RenderFlexibleBox {DIV} at (3,3) size 200x26
                      RenderBlock {DIV} at (0,7.50) size 1x11
                      RenderBlock {DIV} at (1,0) size 180x26
                      RenderBlock {DIV} at (182,5.50) size 15x15
                  RenderBR {BR} at (210,268) size 0x0
                  RenderTextControl {INPUT} at (2,281) size 206x32 [bgcolor=#FFFFFF] [border: (2px inset #EEEEEE)]
                    RenderFlexibleBox {DIV} at (3,2.50) size 200x27
                      RenderBlock {DIV} at (0,8) size 1x11
                      RenderBlock {DIV} at (1,0.50) size 153x26
                      RenderBlock {DIV} at (155,6) size 15x15
                      RenderBlock {DIV} at (173,0) size 27x27
                  RenderBR {BR} at (210,303) size 0x0
                  RenderTextControl {INPUT} at (2,317) size 206x33 [bgcolor=#FFFFFF] [border: (2px inset #EEEEEE)]
                    RenderFlexibleBox {DIV} at (3,2.50) size 200x28
                      RenderBlock {DIV} at (0,8.50) size 1x11
                      RenderBlock {DIV} at (1,0.50) size 151x27
                      RenderBlock {DIV} at (153,6) size 16x16
                      RenderBlock {DIV} at (172,0) size 28x28
                  RenderBR {BR} at (210,340) size 0x0
                  RenderTextControl {INPUT} at (2,354) size 206x33 [bgcolor=#FFFFFF] [border: (2px inset #EEEEEE)]
                    RenderFlexibleBox {DIV} at (3,3) size 200x27
                      RenderBlock {DIV} at (0,8) size 1x11
                      RenderBlock {DIV} at (1,0) size 179x27
                      RenderBlock {DIV} at (181,5.50) size 16x16
                  RenderBR {BR} at (210,378) size 0x0
                  RenderTextControl {INPUT} at (2,391) size 206x33 [bgcolor=#FFFFFF] [border: (2px inset #EEEEEE)]
                    RenderFlexibleBox {DIV} at (3,2.50) size 200x28
                      RenderBlock {DIV} at (0,8.50) size 1x11
                      RenderBlock {DIV} at (1,0.50) size 151x27
                      RenderBlock {DIV} at (153,6) size 16x16
                      RenderBlock {DIV} at (172,0) size 28x28
                  RenderBR {BR} at (210,414) size 0x0
layer at (15,51) size 59x10
  RenderBlock {DIV} at (0,0) size 59x10
layer at (15,68) size 69x10 scrollWidth 121
  RenderBlock {DIV} at (0,0) size 69x10
    RenderText {#text} at (0,0) size 120x10
      text run at (0,0) width 120: "012345678901234567890123456789"
layer at (15,85) size 59x10 scrollWidth 121
  RenderBlock {DIV} at (0,0) size 59x10
    RenderText {#text} at (0,0) size 120x10
      text run at (0,0) width 120: "012345678901234567890123456789"
layer at (15,101) size 58x12
  RenderBlock {DIV} at (0,0) size 58x12
layer at (15,119) size 69x12 scrollWidth 151
  RenderBlock {DIV} at (0,0) size 69x12
    RenderText {#text} at (0,0) size 150x12
      text run at (0,0) width 150: "012345678901234567890123456789"
layer at (15,137) size 58x12 scrollWidth 151
  RenderBlock {DIV} at (0,0) size 58x12
    RenderText {#text} at (0,0) size 150x12
      text run at (0,0) width 150: "012345678901234567890123456789"
layer at (15,155) size 56x13
  RenderBlock {DIV} at (0,0) size 56x13
layer at (15,174) size 68x13 scrollWidth 181
  RenderBlock {DIV} at (0,0) size 68x13
    RenderText {#text} at (0,0) size 180x13
      text run at (0,0) width 180: "012345678901234567890123456789"
layer at (15,193) size 56x13 scrollWidth 181
  RenderBlock {DIV} at (0,0) size 56x13
    RenderText {#text} at (0,0) size 180x13
      text run at (0,0) width 180: "012345678901234567890123456789"
layer at (17,214) size 73x14
  RenderBlock {DIV} at (0,0) size 73x14
layer at (17,238) size 87x14 scrollWidth 181
  RenderBlock {DIV} at (0,0) size 87x14
    RenderText {#text} at (0,0) size 180x14
      text run at (0,0) width 180: "012345678901234567890123456789"
layer at (17,262) size 73x14 scrollWidth 181
  RenderBlock {DIV} at (0,0) size 73x14
    RenderText {#text} at (0,0) size 180x14
      text run at (0,0) width 180: "012345678901234567890123456789"
layer at (17,286) size 72x15
  RenderBlock {DIV} at (0,0) size 72x15
layer at (17,311) size 87x15 scrollWidth 211
  RenderBlock {DIV} at (0,0) size 87x15
    RenderText {#text} at (0,0) size 210x15
      text run at (0,0) width 210: "012345678901234567890123456789"
layer at (17,336) size 72x15 scrollWidth 211
  RenderBlock {DIV} at (0,0) size 72x15
    RenderText {#text} at (0,0) size 210x15
      text run at (0,0) width 210: "012345678901234567890123456789"
layer at (17,361) size 90x16
  RenderBlock {DIV} at (0,0) size 90x16
layer at (17,387) size 106x16 scrollWidth 211
  RenderBlock {DIV} at (0,0) size 106x16
    RenderText {#text} at (0,0) size 210x16
      text run at (0,0) width 210: "012345678901234567890123456789"
layer at (17,413) size 90x16 scrollWidth 211
  RenderBlock {DIV} at (0,0) size 90x16
    RenderText {#text} at (0,0) size 210x16
      text run at (0,0) width 210: "012345678901234567890123456789"
layer at (17,439) size 88x16
  RenderBlock {DIV} at (0,0) size 88x16
layer at (17,465) size 105x16 scrollWidth 241
  RenderBlock {DIV} at (0,0) size 105x16
    RenderText {#text} at (0,0) size 240x16
      text run at (0,0) width 240: "012345678901234567890123456789"
layer at (17,491) size 88x16 scrollWidth 241
  RenderBlock {DIV} at (0,0) size 88x16
    RenderText {#text} at (0,0) size 240x16
      text run at (0,0) width 240: "012345678901234567890123456789"
layer at (151,58) size 107x17
  RenderBlock {DIV} at (0,0) size 107x17
layer at (151,85) size 125x17 scrollWidth 241
  RenderBlock {DIV} at (0,0) size 125x17
    RenderText {#text} at (0,0) size 240x17
      text run at (0,0) width 240: "012345678901234567890123456789"
layer at (151,112) size 107x17 scrollWidth 241
  RenderBlock {DIV} at (0,0) size 107x17
    RenderText {#text} at (0,0) size 240x17
      text run at (0,0) width 240: "012345678901234567890123456789"
layer at (151,139) size 104x19
  RenderBlock {DIV} at (0,0) size 104x19
layer at (151,168) size 124x19 scrollWidth 271
  RenderBlock {DIV} at (0,0) size 124x19
    RenderText {#text} at (0,0) size 270x18
      text run at (0,0) width 270: "012345678901234567890123456789"
layer at (151,197) size 104x19 scrollWidth 271
  RenderBlock {DIV} at (0,0) size 104x19
    RenderText {#text} at (0,0) size 270x18
      text run at (0,0) width 270: "012345678901234567890123456789"
layer at (151,226) size 122x20
  RenderBlock {DIV} at (0,0) size 122x20
layer at (151,256) size 143x20 scrollWidth 271
  RenderBlock {DIV} at (0,0) size 143x20
    RenderText {#text} at (0,0) size 270x19
      text run at (0,0) width 270: "012345678901234567890123456789"
layer at (151,286) size 122x20 scrollWidth 271
  RenderBlock {DIV} at (0,0) size 122x20
    RenderText {#text} at (0,0) size 270x19
      text run at (0,0) width 270: "012345678901234567890123456789"
layer at (151,316) size 121x22
  RenderBlock {DIV} at (0,0) size 121x22
layer at (151,348) size 143x22 scrollWidth 301
  RenderBlock {DIV} at (0,0) size 143x22
    RenderText {#text} at (0,0) size 300x21
      text run at (0,0) width 300: "012345678901234567890123456789"
layer at (151,380) size 121x22 scrollWidth 301
  RenderBlock {DIV} at (0,0) size 121x22
    RenderText {#text} at (0,0) size 300x21
      text run at (0,0) width 300: "012345678901234567890123456789"
layer at (151,412) size 119x23
  RenderBlock {DIV} at (0,0) size 119x23
layer at (151,445) size 142x23 scrollWidth 331
  RenderBlock {DIV} at (0,0) size 142x23
    RenderText {#text} at (0,0) size 330x22
      text run at (0,0) width 330: "012345678901234567890123456789"
layer at (151,478) size 119x23 scrollWidth 331
  RenderBlock {DIV} at (0,0) size 119x23
    RenderText {#text} at (0,0) size 330x22
      text run at (0,0) width 330: "012345678901234567890123456789"
layer at (325,71) size 136x24
  RenderBlock {DIV} at (0,0) size 136x24
layer at (325,105) size 161x24 scrollWidth 331
  RenderBlock {DIV} at (0,0) size 161x24
    RenderText {#text} at (0,0) size 330x23
      text run at (0,0) width 330: "012345678901234567890123456789"
layer at (325,139) size 136x24 scrollWidth 331
  RenderBlock {DIV} at (0,0) size 136x24
    RenderText {#text} at (0,0) size 330x23
      text run at (0,0) width 330: "012345678901234567890123456789"
layer at (325,173) size 134x25
  RenderBlock {DIV} at (0,0) size 134x25
layer at (325,208) size 160x25 scrollWidth 361
  RenderBlock {DIV} at (0,0) size 160x25
    RenderText {#text} at (0,0) size 360x24
      text run at (0,0) width 360: "012345678901234567890123456789"
layer at (325,243) size 134x25 scrollWidth 361
  RenderBlock {DIV} at (0,0) size 134x25
    RenderText {#text} at (0,0) size 360x24
      text run at (0,0) width 360: "012345678901234567890123456789"
layer at (325,278) size 153x26
  RenderBlock {DIV} at (0,0) size 153x26
layer at (325,314) size 180x26 scrollWidth 361
  RenderBlock {DIV} at (0,0) size 180x26
    RenderText {#text} at (0,0) size 360x25
      text run at (0,0) width 360: "012345678901234567890123456789"
layer at (325,350) size 153x26 scrollWidth 361
  RenderBlock {DIV} at (0,0) size 153x26
    RenderText {#text} at (0,0) size 360x25
      text run at (0,0) width 360: "012345678901234567890123456789"
layer at (325,386) size 151x27
  RenderBlock {DIV} at (0,0) size 151x27
layer at (325,423) size 179x27 scrollWidth 391
  RenderBlock {DIV} at (0,0) size 179x27
    RenderText {#text} at (0,0) size 390x26
      text run at (0,0) width 390: "012345678901234567890123456789"
layer at (325,460) size 151x27 scrollWidth 391
  RenderBlock {DIV} at (0,0) size 151x27
    RenderText {#text} at (0,0) size 390x26
      text run at (0,0) width 390: "012345678901234567890123456789"
