layer at (0,0) size 785x768
  RenderView at (0,0) size 785x600
layer at (0,0) size 785x724
  RenderBlock {HTML} at (0,0) size 785x724
    RenderBody {BODY} at (8,8) size 769x708
      RenderBlock {SPAN} at (0,0) size 769x18
        RenderBlock (floating) {DIV} at (0,0) size 100x100 [bgcolor=#00FF00]
          RenderText {#text} at (0,0) size 85x54
            text run at (0,0) width 85: "This is a float"
            text run at (0,18) width 81: "that is 100px"
            text run at (0,36) width 32: "high."
        RenderText {#text} at (0,0) size 284x18
          text run at (0,0) width 284: "This paragraph has a bottom margin of 50px."
      RenderBlock {SPAN} at (0,68) size 769x0
      RenderBlock {SPAN} at (0,68) size 769x18
        RenderText {#text} at (0,0) size 300x18
          text run at (0,0) width 300: "This text should be immediately under the float."
      RenderBlock {HR} at (0,94) size 769x2 [border: (1px inset #EEEEEE)]
      RenderBlock {SPAN} at (0,104) size 769x18
        RenderBlock (floating) {DIV} at (0,0) size 100x100 [bgcolor=#00FF00]
          RenderText {#text} at (0,0) size 85x54
            text run at (0,0) width 85: "This is a float"
            text run at (0,18) width 81: "that is 100px"
            text run at (0,36) width 32: "high."
        RenderText {#text} at (0,0) size 284x18
          text run at (0,0) width 284: "This paragraph has a bottom margin of 50px."
      RenderBlock {SPAN} at (0,172) size 769x0
      RenderBlock {SPAN} at (0,172) size 769x18
        RenderText {#text} at (0,0) size 255x18
          text run at (0,0) width 255: "This text should be 10px under the float."
      RenderBlock {HR} at (0,198) size 769x2 [border: (1px inset #EEEEEE)]
      RenderBlock {SPAN} at (0,208) size 769x18
        RenderBlock (floating) {DIV} at (0,0) size 100x100 [bgcolor=#00FF00]
          RenderText {#text} at (0,0) size 85x54
            text run at (0,0) width 85: "This is a float"
            text run at (0,18) width 81: "that is 100px"
            text run at (0,36) width 32: "high."
        RenderText {#text} at (0,0) size 284x18
          text run at (0,0) width 284: "This paragraph has a bottom margin of 50px."
      RenderBlock {SPAN} at (0,276) size 769x0
      RenderBlock {SPAN} at (0,226) size 769x18
        RenderText {#text} at (0,0) size 268x18
          text run at (0,0) width 268: "This text should be to the right of the float."
      RenderBlock {HR} at (0,252) size 769x2 [border: (1px inset #EEEEEE)]
      RenderBlock {SPAN} at (0,262) size 769x18
        RenderBlock (floating) {DIV} at (0,0) size 100x100 [bgcolor=#00FF00]
          RenderText {#text} at (0,0) size 85x54
            text run at (0,0) width 85: "This is a float"
            text run at (0,18) width 81: "that is 100px"
            text run at (0,36) width 32: "high."
        RenderText {#text} at (0,0) size 284x18
          text run at (0,0) width 284: "This paragraph has a bottom margin of 50px."
      RenderBlock {SPAN} at (0,330) size 769x0
      RenderBlock {SPAN} at (0,330) size 769x18
        RenderText {#text} at (0,0) size 300x18
          text run at (0,0) width 300: "This text should be immediately under the float."
      RenderBlock {HR} at (0,356) size 769x2 [border: (1px inset #EEEEEE)]
      RenderBlock {SPAN} at (0,366) size 769x18
        RenderBlock (floating) {DIV} at (0,0) size 100x100 [bgcolor=#00FF00]
          RenderText {#text} at (0,0) size 85x54
            text run at (0,0) width 85: "This is a float"
            text run at (0,18) width 81: "that is 100px"
            text run at (0,36) width 32: "high."
        RenderText {#text} at (0,0) size 284x18
          text run at (0,0) width 284: "This paragraph has a bottom margin of 50px."
      RenderBlock {SPAN} at (0,434) size 769x0
      RenderBlock {SPAN} at (0,434) size 769x18
        RenderText {#text} at (0,0) size 255x18
          text run at (0,0) width 255: "This text should be 10px under the float."
      RenderBlock {HR} at (0,460) size 769x2 [border: (1px inset #EEEEEE)]
      RenderBlock {SPAN} at (0,470) size 769x18
        RenderBlock (floating) {DIV} at (0,0) size 100x100 [bgcolor=#00FF00]
          RenderText {#text} at (0,0) size 85x54
            text run at (0,0) width 85: "This is a float"
            text run at (0,18) width 81: "that is 100px"
            text run at (0,36) width 32: "high."
        RenderText {#text} at (0,0) size 284x18
          text run at (0,0) width 284: "This paragraph has a bottom margin of 50px."
      RenderBlock {SPAN} at (0,508) size 769x0
      RenderBlock {SPAN} at (0,508) size 769x18
        RenderText {#text} at (0,0) size 255x18
          text run at (0,0) width 255: "This text should be 20px under the float."
      RenderBlock {HR} at (0,534) size 769x2 [border: (1px inset #EEEEEE)]
      RenderBlock {SPAN} at (0,544) size 769x88 [border: (10px dotted #000000)]
        RenderBlock {SPAN} at (10,10) size 749x18
          RenderBlock (floating) {DIV} at (0,0) size 100x100 [bgcolor=#00FF00]
            RenderText {#text} at (0,0) size 85x54
              text run at (0,0) width 85: "This is a float"
              text run at (0,18) width 81: "that is 100px"
              text run at (0,36) width 32: "high."
          RenderText {#text} at (0,0) size 284x18
            text run at (0,0) width 284: "This paragraph has a bottom margin of 50px."
        RenderBlock {SPAN} at (10,78) size 749x0
      RenderBlock {HR} at (0,640) size 769x2 [border: (1px inset #EEEEEE)]
      RenderBlock {SPAN} at (0,650) size 769x58 [border: (10px dotted #000000)]
        RenderBlock {SPAN} at (10,10) size 749x18
          RenderBlock (floating) {DIV} at (0,0) size 100x100 [bgcolor=#00FF00]
            RenderText {#text} at (0,0) size 85x54
              text run at (0,0) width 85: "This is a float"
              text run at (0,18) width 81: "that is 100px"
              text run at (0,36) width 32: "high."
          RenderText {#text} at (0,0) size 284x18
            text run at (0,0) width 284: "This paragraph has a bottom margin of 50px."
        RenderBlock {SPAN} at (10,48) size 749x0
