layer at (0,0) size 1264x600
  RenderView at (0,0) size 800x600
layer at (0,0) size 800x600
  RenderBlock {HTML} at (0,0) size 800x600
    RenderBody {BODY} at (8,8) size 784x584
      RenderTable {TABLE} at (0,0) size 1256x34 [bgcolor=#FFFFFF]
        RenderTableSection {TBODY} at (0,0) size 1256x34
          RenderTableRow {TR} at (0,0) size 1256x34
            RenderTableCell {TD} at (0,0) size 624x34 [r=0 c=0 rs=1 cs=1]
              RenderBlock {PRE} at (0,0) size 624x34
                RenderInline {FONT} at (0,0) size 624x33
                  RenderText {#text} at (0,0) size 624x33
                    text run at (0,0) width 624: "/* -*- Mode: C++; tab-width: 2; indent-tabs-mode: nil; c-basic-offset: 2 -*-  "
                    text run at (624,0) width 0: " "
                    text run at (0,17) width 16: "  "
            RenderTableCell {TD} at (624,8) size 632x17 [r=0 c=1 rs=1 cs=1]
              RenderBlock {PRE} at (0,0) size 632x17
                RenderInline {FONT} at (0,0) size 632x16
                  RenderText {#text} at (0,0) size 632x16
                    text run at (0,0) width 632: "/* -*- Mode: C++; tab-width: 2; indent-tabs-mode: nil; c-basic-offset: 2 -*-   "
                    text run at (632,0) width 0: " "
