layer at (0,0) size 800x600
  RenderView at (0,0) size 800x600
layer at (0,0) size 800x600
  RenderBlock {HTML} at (0,0) size 800x600
    RenderBody {BODY} at (8,8) size 784x584
      RenderTable {TABLE} at (0,0) size 431x78 [border: (1px outset #808080)]
        RenderTableSection {TBODY} at (1,1) size 429x76
          RenderTableRow {TR} at (0,2) size 429x48
            RenderTableCell {TD} at (2,15) size 141x22 [border: (1px inset #808080)] [r=0 c=0 rs=1 cs=1]
              RenderText {#text} at (2,2) size 30x18
                text run at (2,2) width 30: "Blah"
            RenderTableCell {TD} at (145,2) size 282x48 [border: (1px inset #808080)] [r=0 c=1 rs=1 cs=1]
              RenderTable {TABLE} at (109,2) size 64x44 [border: (1px outset #808080)]
                RenderTableSection {TBODY} at (1,1) size 62x42
                  RenderTableRow {TR} at (0,2) size 62x38
                    RenderTableCell {TD} at (2,2) size 58x38 [border: (1px inset #808080)] [r=0 c=0 rs=1 cs=1]
                      RenderBlock {FORM} at (2,2) size 54x18
                        RenderButton {INPUT} at (0,0) size 53.25x18 [bgcolor=#C0C0C0]
                          RenderBlock (anonymous) at (8,2.50) size 37.25x13
                            RenderText {#text} at (0,0) size 38x13
                              text run at (0,0) width 38: "Submit"
                        RenderText {#text} at (0,0) size 0x0
          RenderTableRow {TR} at (0,52) size 429x22
            RenderTableCell {TD} at (2,52) size 425x22 [border: (1px inset #808080)] [r=1 c=0 rs=1 cs=2]
              RenderText {#text} at (2,2) size 421x18
                text run at (2,2) width 421: "This line is only here to separate the two columns in the row above"
