layer at (0,0) size 800x600
  RenderView at (0,0) size 800x600
layer at (0,0) size 800x600
  RenderBlock {HTML} at (0,0) size 800x600
    RenderBody {BODY} at (8,8) size 784x584
      RenderTable {TABLE} at (0,0) size 298x31
        RenderTableSection {TBODY} at (0,0) size 298x31
          RenderTableRow {TR} at (0,2) size 298x27
            RenderTableCell {TD} at (2,2) size 294x27 [r=0 c=0 rs=1 cs=1]
              RenderTable {TABLE} at (1,1) size 292x25
                RenderTableSection {TBODY} at (0,0) size 292x25
                  RenderTableRow {TR} at (0,2) size 292x21
                    RenderTableCell {TH} at (2,2) size 61x20 [r=0 c=0 rs=1 cs=1]
                      RenderText {#text} at (1,1) size 59x18
                        text run at (1,1) width 59: "User ID:"
                    RenderTableCell {TD} at (65,2) size 225x21 [r=0 c=1 rs=1 cs=1]
                      RenderTextControl {INPUT} at (1,1) size 223x19 [bgcolor=#FFFFFF] [border: (2px inset #EEEEEE)]
                      RenderText {#text} at (0,0) size 0x0
layer at (80,17) size 217x13
  RenderBlock {DIV} at (3,3) size 217x13
