layer at (0,0) size 800x600
  RenderView at (0,0) size 800x600
layer at (0,0) size 800x600
  RenderBlock {HTML} at (0,0) size 800x600
    RenderBody {BODY} at (8,8) size 784x584
      RenderBlock {P} at (0,0) size 784x72
        RenderText {#text} at (0,0) size 784x72
          text run at (0,0) width 727: "The table below should have two columns and a total of 7 cells, arranged in an alternating/overlapping fashion. The"
          text run at (0,18) width 784: "cellspacing=0 for this table. In Nav4.5, this example can be viewed. In 5.0 (jun08 win95), this example displays (apparently)"
          text run at (0,36) width 770: "as a simple 2x2 table (i.e., some elements are not displayed at all). (The numbers are the position of each TD in the HTML"
          text run at (0,54) width 50: "source)."
      RenderTable {TABLE} at (0,88) size 22x206 [border: (1px outset #808080)]
        RenderTableSection {TBODY} at (1,1) size 20x204
          RenderTableRow {TR} at (0,0) size 20x40
            RenderTableCell {TD} at (0,10) size 10x20 [border: (1px inset #808080)] [r=0 c=0 rs=2 cs=1]
              RenderText {#text} at (1,1) size 8x18
                text run at (1,1) width 8: "1"
            RenderTableCell {TD} at (10,10) size 10x20 [border: (1px inset #808080)] [r=0 c=1 rs=1 cs=1]
              RenderText {#text} at (1,1) size 8x18
                text run at (1,1) width 8: "2"
          RenderTableRow {TR} at (0,40) size 20x0
            RenderTableCell {TD} at (10,40) size 10x20 [border: (1px inset #808080)] [r=1 c=1 rs=2 cs=1]
              RenderText {#text} at (1,1) size 8x18
                text run at (1,1) width 8: "3"
          RenderTableRow {TR} at (0,40) size 20x20
            RenderTableCell {TD} at (0,41) size 10x20 [border: (1px inset #808080)] [r=2 c=0 rs=2 cs=1]
              RenderText {#text} at (1,1) size 8x18
                text run at (1,1) width 8: "4"
          RenderTableRow {TR} at (0,60) size 20x2
            RenderTableCell {TD} at (10,71) size 10x20 [border: (1px inset #808080)] [r=3 c=1 rs=2 cs=1]
              RenderText {#text} at (1,1) size 8x18
                text run at (1,1) width 8: "5"
          RenderTableRow {TR} at (0,62) size 20x40
            RenderTableCell {TD} at (0,123) size 10x20 [border: (1px inset #808080)] [r=4 c=0 rs=2 cs=1]
              RenderText {#text} at (1,1) size 8x18
                text run at (1,1) width 8: "6"
          RenderTableRow {TR} at (0,102) size 20x102
            RenderTableCell {TD} at (10,143) size 10x20 [border: (1px inset #808080)] [r=5 c=1 rs=1 cs=1]
              RenderText {#text} at (1,1) size 8x18
                text run at (1,1) width 8: "7"
      RenderBlock {P} at (0,310) size 784x36
        RenderText {#text} at (0,0) size 766x36
          text run at (0,0) width 766: "This is the same table as above, but cellspacing=5 in this case. For 5.0, (jun08 win95) notice the odd cellspacing overlaps."
          text run at (0,18) width 128: "See also bug #6304."
      RenderTable {TABLE} at (0,362) size 37x211 [border: (1px outset #808080)]
        RenderTableSection {TBODY} at (1,1) size 35x209
          RenderTableRow {TR} at (0,5) size 35x35
            RenderTableCell {TD} at (5,15) size 10x20 [border: (1px inset #808080)] [r=0 c=0 rs=2 cs=1]
              RenderText {#text} at (1,1) size 8x18
                text run at (1,1) width 8: "1"
            RenderTableCell {TD} at (20,12) size 10x20 [border: (1px inset #808080)] [r=0 c=1 rs=1 cs=1]
              RenderText {#text} at (1,1) size 8x18
                text run at (1,1) width 8: "2"
          RenderTableRow {TR} at (0,45) size 35x0
            RenderTableCell {TD} at (20,45) size 10x20 [border: (1px inset #808080)] [r=1 c=1 rs=2 cs=1]
              RenderText {#text} at (1,1) size 8x18
                text run at (1,1) width 8: "3"
          RenderTableRow {TR} at (0,50) size 35x15
            RenderTableCell {TD} at (5,51) size 10x20 [border: (1px inset #808080)] [r=2 c=0 rs=2 cs=1]
              RenderText {#text} at (1,1) size 8x18
                text run at (1,1) width 8: "4"
          RenderTableRow {TR} at (0,70) size 35x2
            RenderTableCell {TD} at (20,81) size 10x20 [border: (1px inset #808080)] [r=3 c=1 rs=2 cs=1]
              RenderText {#text} at (1,1) size 8x18
                text run at (1,1) width 8: "5"
          RenderTableRow {TR} at (0,77) size 35x35
            RenderTableCell {TD} at (5,130) size 10x20 [border: (1px inset #808080)] [r=4 c=0 rs=2 cs=1]
              RenderText {#text} at (1,1) size 8x18
                text run at (1,1) width 8: "6"
          RenderTableRow {TR} at (0,117) size 35x87
            RenderTableCell {TD} at (20,150) size 10x20 [border: (1px inset #808080)] [r=5 c=1 rs=1 cs=1]
              RenderText {#text} at (1,1) size 8x18
                text run at (1,1) width 8: "7"
