layer at (0,0) size 995x600
  RenderView at (0,0) size 800x600
layer at (0,0) size 800x600
  RenderBlock {HTML} at (0,0) size 800x600
    RenderBody {BODY} at (8,8) size 784x584
      RenderTable {TABLE} at (0,0) size 987x139 [border: (2px solid #0000FF)]
        RenderTableSection {TBODY} at (2,2) size 983x135
          RenderTableRow {TR} at (0,2) size 983x131
            RenderTableCell {TD} at (2,2) size 203x131 [border: (1px solid #C0C0C0)] [r=0 c=0 rs=1 cs=1]
              RenderTable {TABLE} at (2,2) size 199x127 [border: (2px solid #008000)]
                RenderTableSection {TBODY} at (2,2) size 195x123
                  RenderTableRow {TR} at (0,2) size 195x83
                    RenderTableCell {TD} at (2,2) size 191x83 [border: (1px solid #C0C0C0)] [r=0 c=0 rs=1 cs=1]
                      RenderTable {TABLE} at (2,2) size 135x31 [border: (2px solid #FF0000)]
                        RenderTableSection {TBODY} at (2,2) size 131x27
                          RenderTableRow {TR} at (0,2) size 131x23
                            RenderTableCell {TD} at (2,2) size 127x23 [border: (1px solid #C0C0C0)] [r=0 c=0 rs=1 cs=1]
                              RenderTextControl {INPUT} at (2,2) size 123x19 [bgcolor=#FFFFFF] [border: (2px inset #EEEEEE)]
                              RenderText {#text} at (0,0) size 0x0
                      RenderTable {TABLE} at (2,33) size 187x48 [border: (2px solid #FF0000)]
                        RenderTableSection {TBODY} at (2,2) size 183x44
                          RenderTableRow {TR} at (0,2) size 183x40
                            RenderTableCell {TD} at (2,2) size 179x40 [border: (1px solid #C0C0C0)] [r=0 c=0 rs=1 cs=1]
                              RenderText {#text} at (2,2) size 150x36
                                text run at (2,2) width 150: "THIS TABLE NEEDS"
                                text run at (2,20) width 94: "TO BE HERE"
                  RenderTableRow {TR} at (0,87) size 195x34
                    RenderTableCell {TD} at (2,87) size 191x34 [border: (1px solid #C0C0C0)] [r=1 c=0 rs=1 cs=1]
                      RenderTable {TABLE} at (2,2) size 187x30 [border: (2px solid #FF0000)]
                        RenderTableSection {TBODY} at (2,2) size 183x26
                          RenderTableRow {TR} at (0,2) size 183x22
                            RenderTableCell {TD} at (2,2) size 179x22 [border: (1px solid #C0C0C0)] [r=0 c=0 rs=1 cs=1]
                              RenderMenuList {SELECT} at (2,2) size 175x18 [bgcolor=#F8F8F8]
                                RenderBlock (anonymous) at (0,0) size 175x18
                                  RenderText at (8,2) size 144x13
                                    text run at (8,2) width 144: "USE THIS JAVASCRIPT HERE"
                              RenderText {#text} at (0,0) size 0x0
            RenderTableCell {TD} at (207,2) size 774x40 [border: (1px solid #C0C0C0)] [r=0 c=1 rs=1 cs=1]
              RenderText {#text} at (2,2) size 770x36
                text run at (2,2) width 770: "KEEPoTHEoTEXToHEREoASoLONGoASoPOSSIBLEooKEEPoTHEoTEXToHEREoASoLONGoASoPOSSIBLE"
                text run at (2,20) width 618: "THIS SIMULATES THE PROBLEM ON THE WWW.MAPBLAST.COM/ \"CREATE MAP\""
layer at (29,29) size 117x13 scrollWidth 128
  RenderBlock {DIV} at (3,3) size 117x13
    RenderText {#text} at (0,0) size 128x13
      text run at (0,0) width 128: "THIS NEEDS THIS VALUE"
