layer at (0,0) size 800x600
  RenderView at (0,0) size 800x600
layer at (0,0) size 800x600
  RenderBlock {HTML} at (0,0) size 800x600
    RenderBody {BODY} at (8,8) size 784x576
      RenderBlock {P} at (0,0) size 784x36
        RenderText {#text} at (0,0) size 225x18
          text run at (0,0) width 225: "This test requires Chromium Linux "
        RenderInline {TT} at (0,0) size 80x15
          RenderText {#text} at (225,2) size 80x15
            text run at (225,2) width 80: "test_shell"
        RenderText {#text} at (305,0) size 20x18
          text run at (305,0) width 20: " in "
        RenderInline {TT} at (0,0) size 104x15
          RenderText {#text} at (325,2) size 104x15
            text run at (325,2) width 104: "--layout-test"
        RenderText {#text} at (429,0) size 782x36
          text run at (429,0) width 318: " mode, as that forces some rendering settings used "
          text run at (747,0) width 35: "in the"
          text run at (0,18) width 96: "following tests."
      RenderBlock {OL} at (0,52) size 784x446
        RenderListItem {LI} at (40,0) size 744x52
          RenderBlock {P} at (0,0) size 744x18
            RenderListMarker at (-20,0) size 16x18: "1"
            RenderText {#text} at (0,0) size 343x18
              text run at (0,0) width 343: "The following text should render without anti-aliasing:"
          RenderBlock {P} at (0,34) size 744x18
            RenderText {#text} at (0,0) size 138x18
              text run at (0,0) width 138: "Non anti-aliased sans."
        RenderListItem {LI} at (40,68) size 744x70
          RenderBlock {P} at (0,0) size 744x36
            RenderListMarker at (-20,0) size 16x18: "2"
            RenderText {#text} at (0,0) size 704x36
              text run at (0,0) width 339: "The following text should be slightly-hinted Georgia. "
              text run at (339,0) width 59: "The dots "
              text run at (398,0) width 306: "should be equally spaced, and letters in the word"
              text run at (0,18) width 93: "\"government\" "
              text run at (93,18) width 415: "should be naturally spaced (without an ugly space before the \"e\")."
          RenderBlock {P} at (0,52) size 744x18
            RenderText {#text} at (0,0) size 207x18
              text run at (0,0) width 207: "government ................................"
        RenderListItem {LI} at (40,154) size 744x70
          RenderBlock {P} at (0,0) size 744x36
            RenderListMarker at (-20,0) size 16x18: "3"
            RenderText {#text} at (0,0) size 719x36
              text run at (0,0) width 405: "The following text should be unhinted Verdana. The fontconfig "
              text run at (405,0) width 314: "configuration for this is contradictory, setting both"
              text run at (0,18) width 74: "full-hinting "
              text run at (74,18) width 262: "and no-hinting. The latter should win out."
          RenderBlock {P} at (0,52) size 744x18
            RenderText {#text} at (0,0) size 496x18
              text run at (0,0) width 348: "Here is Tigger doing what tiggers do best \x{2026} operating "
              text run at (348,0) width 148: "hydraulic exoskeletons."
        RenderListItem {LI} at (40,240) size 744x52
          RenderBlock {P} at (0,0) size 744x18
            RenderListMarker at (-20,0) size 16x18: "4"
            RenderText {#text} at (0,0) size 634x18
              text run at (0,0) width 399: "The following text should show a difference caused by forcing "
              text run at (399,0) width 235: "autohinting. Note: the effect is subtle."
          RenderBlock {P} at (0,34) size 744x18
            RenderInline {SPAN} at (0,0) size 42x10
              RenderText {#text} at (0,6) size 42x10
                text run at (0,6) width 42: "autohinted"
            RenderText {#text} at (42,0) size 4x18
              text run at (42,0) width 4: " "
            RenderInline {I} at (0,0) size 13x18
              RenderText {#text} at (46,0) size 13x18
                text run at (46,0) width 13: "vs"
            RenderText {#text} at (59,0) size 4x18
              text run at (59,0) width 4: " "
            RenderInline {SPAN} at (0,0) size 58x10
              RenderText {#text} at (63,6) size 58x10
                text run at (63,6) width 58: "not-autohinted"
        RenderListItem {LI} at (40,308) size 744x70
          RenderBlock {P} at (0,0) size 744x36
            RenderListMarker at (-20,0) size 16x18: "5"
            RenderText {#text} at (0,0) size 543x18
              text run at (0,0) width 543: "The following text should be the same. It verifies that, given the contradictory settings "
            RenderInline {TT} at (0,0) size 64x15
              RenderText {#text} at (543,2) size 64x15
                text run at (543,2) width 64: "hintfull"
            RenderText {#text} at (607,0) size 31x18
              text run at (607,0) width 31: " and "
            RenderInline {TT} at (0,0) size 64x15
              RenderText {#text} at (638,2) size 64x15
                text run at (638,2) width 64: "autohint"
            RenderText {#text} at (702,0) size 729x36
              text run at (702,0) width 27: ", the"
              text run at (0,18) width 93: "latter wins out:"
          RenderBlock {P} at (0,52) size 744x18
            RenderInline {SPAN} at (0,0) size 42x10
              RenderText {#text} at (0,6) size 42x10
                text run at (0,6) width 42: "autohinted"
            RenderText {#text} at (42,0) size 4x18
              text run at (42,0) width 4: " "
            RenderInline {I} at (0,0) size 13x18
              RenderText {#text} at (46,0) size 13x18
                text run at (46,0) width 13: "vs"
            RenderText {#text} at (59,0) size 4x18
              text run at (59,0) width 4: " "
            RenderInline {SPAN} at (0,0) size 82x10
              RenderText {#text} at (63,6) size 82x10
                text run at (63,6) width 82: "hopefully autohinted"
        RenderListItem {LI} at (40,394) size 744x52
          RenderBlock {P} at (0,0) size 744x18
            RenderListMarker at (-20,0) size 16x18: "6"
            RenderText {#text} at (0,0) size 626x18
              text run at (0,0) width 440: "The following text should show that fontconfig can be used to enable "
              text run at (440,0) width 186: "or disable subpixel rendering."
          RenderBlock {P} at (0,34) size 744x18
            RenderInline {SPAN} at (0,0) size 53x18
              RenderText {#text} at (0,0) size 53x18
                text run at (0,0) width 53: "subpixel"
            RenderText {#text} at (53,0) size 4x18
              text run at (53,0) width 4: " "
            RenderInline {I} at (0,0) size 13x18
              RenderText {#text} at (57,0) size 13x18
                text run at (57,0) width 13: "vs"
            RenderText {#text} at (70,0) size 4x18
              text run at (70,0) width 4: " "
            RenderInline {SPAN} at (0,0) size 73x18
              RenderText {#text} at (74,0) size 73x18
                text run at (74,0) width 73: "no subpixel"
