layer at (0,0) size 800x600
  RenderView at (0,0) size 800x600
layer at (0,0) size 800x600
  RenderBlock {HTML} at (0,0) size 800x600
layer at (8,8) size 784x584
  RenderBody {BODY} at (8,8) size 784x584
layer at (8,8) size 200x160
  RenderBlock (positioned) {DIV} at (0,0) size 200x160 [color=#FF0000]
    RenderText {#text} at (0,0) size 161x160
      text run at (0,0) width 161: "AAAA"
      text run at (0,40) width 41: "B"
      text run at (0,80) width 161: "CCCC"
      text run at (0,120) width 81: "D "
    RenderText {#text} at (80,120) size 41x40
      text run at (80,120) width 41: "E"
layer at (8,8) size 200x160
  RenderBlock (positioned) {DIV} at (0,0) size 200x160 [color=#008000]
    RenderText {#text} at (0,0) size 0x0
    RenderText {#text} at (0,0) size 161x160
      text run at (0,0) width 161: "AAAA"
      text run at (0,40) width 41: "B"
      text run at (0,80) width 161: "CCCC"
      text run at (0,120) width 121: "D E"
