layer at (0,0) size 785x2362
  RenderView at (0,0) size 785x600
layer at (0,0) size 785x2362
  RenderBlock {HTML} at (0,0) size 785x2362.13
    RenderBody {BODY} at (8,21.44) size 769x2332.69
      RenderBlock {H1} at (0,0) size 769x37
        RenderText {#text} at (0,0) size 541x36
          text run at (0,0) width 541: "Problems with COLSPAN and WIDTH"
      RenderBlock {P} at (0,58.44) size 769x18
        RenderText {#text} at (0,0) size 260x17
          text run at (0,0) width 260: "Each block of tables should be identical."
      RenderBlock {H2} at (0,96.34) size 769x27
        RenderText {#text} at (0,0) size 129x26
          text run at (0,0) width 129: "Sized Tables"
      RenderBlock {P} at (0,143.25) size 769x36
        RenderText {#text} at (0,0) size 744x35
          text run at (0,0) width 744: "The following tables have width=400, which should make them the same width as the red lines which are caused by"
          text run at (0,18) width 40: "DIVs:"
      RenderBlock {H3} at (0,197.97) size 769x21
        RenderText {#text} at (0,0) size 62x20
          text run at (0,0) width 62: "260/140"
      RenderBlock {DIV} at (0,237.69) size 406x6 [border: (3px solid #FF0000)]
      RenderTable {TABLE} at (0,243.69) size 400x46
        RenderTableSection {TBODY} at (0,0) size 400x46
          RenderTableRow {TR} at (0,2) size 400x20
            RenderTableCell {TD} at (2,2) size 252x20 [bgcolor=#00FF00] [r=0 c=0 rs=1 cs=1]
              RenderText {#text} at (1,1) size 32x17
                text run at (1,1) width 32: "plain"
            RenderTableCell {TD} at (256,2) size 142x20 [bgcolor=#FFFF00] [r=0 c=1 rs=1 cs=1]
              RenderText {#text} at (1,1) size 70x17
                text run at (1,1) width 70: "width=140"
          RenderTableRow {TR} at (0,24) size 400x20
            RenderTableCell {TD} at (2,24) size 396x20 [bgcolor=#FF00FF] [r=1 c=0 rs=1 cs=2]
              RenderText {#text} at (1,1) size 140x17
                text run at (1,1) width 140: "colspan=2 width=400"
      RenderBlock {DIV} at (0,289.69) size 406x6 [border: (3px solid #FF0000)]
      RenderTable {TABLE} at (0,295.69) size 400x46
        RenderTableSection {TBODY} at (0,0) size 400x46
          RenderTableRow {TR} at (0,2) size 400x20
            RenderTableCell {TD} at (2,2) size 262x20 [bgcolor=#00FF00] [r=0 c=0 rs=1 cs=1]
              RenderText {#text} at (1,1) size 70x17
                text run at (1,1) width 70: "width=260"
            RenderTableCell {TD} at (266,2) size 132x20 [bgcolor=#FFFF00] [r=0 c=1 rs=1 cs=1]
              RenderText {#text} at (1,1) size 32x17
                text run at (1,1) width 32: "plain"
          RenderTableRow {TR} at (0,24) size 400x20
            RenderTableCell {TD} at (2,24) size 396x20 [bgcolor=#FF00FF] [r=1 c=0 rs=1 cs=2]
              RenderText {#text} at (1,1) size 140x17
                text run at (1,1) width 140: "colspan=2 width=400"
      RenderBlock {DIV} at (0,341.69) size 406x6 [border: (3px solid #FF0000)]
      RenderTable {TABLE} at (0,347.69) size 400x46
        RenderTableSection {TBODY} at (0,0) size 400x46
          RenderTableRow {TR} at (0,2) size 400x20
            RenderTableCell {TD} at (2,2) size 254x20 [bgcolor=#00FF00] [r=0 c=0 rs=1 cs=1]
              RenderText {#text} at (1,1) size 70x17
                text run at (1,1) width 70: "width=260"
            RenderTableCell {TD} at (258,2) size 140x20 [bgcolor=#FFFF00] [r=0 c=1 rs=1 cs=1]
              RenderText {#text} at (1,1) size 70x17
                text run at (1,1) width 70: "width=140"
          RenderTableRow {TR} at (0,24) size 400x20
            RenderTableCell {TD} at (2,24) size 396x20 [bgcolor=#FF00FF] [r=1 c=0 rs=1 cs=2]
              RenderText {#text} at (1,1) size 140x17
                text run at (1,1) width 140: "colspan=2 width=400"
      RenderBlock {DIV} at (0,393.69) size 406x6 [border: (3px solid #FF0000)]
      RenderTable {TABLE} at (0,399.69) size 400x46
        RenderTableSection {TBODY} at (0,0) size 400x46
          RenderTableRow {TR} at (0,2) size 400x20
            RenderTableCell {TD} at (2,2) size 254x20 [bgcolor=#00FF00] [r=0 c=0 rs=1 cs=1]
              RenderText {#text} at (1,1) size 70x17
                text run at (1,1) width 70: "width=260"
            RenderTableCell {TD} at (258,2) size 140x20 [bgcolor=#FFFF00] [r=0 c=1 rs=1 cs=1]
              RenderText {#text} at (1,1) size 70x17
                text run at (1,1) width 70: "width=140"
          RenderTableRow {TR} at (0,24) size 400x20
            RenderTableCell {TD} at (2,24) size 396x20 [bgcolor=#FF00FF] [r=1 c=0 rs=1 cs=2]
              RenderText {#text} at (1,1) size 66x17
                text run at (1,1) width 66: "colspan=2"
      RenderBlock {DIV} at (0,445.69) size 406x6 [border: (3px solid #FF0000)]
      RenderTable {TABLE} at (0,451.69) size 400x46
        RenderTableSection {TBODY} at (0,0) size 400x46
          RenderTableRow {TR} at (0,2) size 400x20
            RenderTableCell {TD} at (2,2) size 256x20 [bgcolor=#00FF00] [r=0 c=0 rs=1 cs=1]
              RenderText {#text} at (1,1) size 75x17
                text run at (1,1) width 75: "width=65%"
            RenderTableCell {TD} at (260,2) size 138x20 [bgcolor=#FFFF00] [r=0 c=1 rs=1 cs=1]
              RenderText {#text} at (1,1) size 32x17
                text run at (1,1) width 32: "plain"
          RenderTableRow {TR} at (0,24) size 400x20
            RenderTableCell {TD} at (2,24) size 396x20 [bgcolor=#FF00FF] [r=1 c=0 rs=1 cs=2]
              RenderText {#text} at (1,1) size 66x17
                text run at (1,1) width 66: "colspan=2"
      RenderBlock {DIV} at (0,497.69) size 406x6 [border: (3px solid #FF0000)]
      RenderTable {TABLE} at (0,503.69) size 400x46
        RenderTableSection {TBODY} at (0,0) size 400x46
          RenderTableRow {TR} at (0,2) size 400x20
            RenderTableCell {TD} at (2,2) size 257x20 [bgcolor=#00FF00] [r=0 c=0 rs=1 cs=1]
              RenderText {#text} at (1,1) size 32x17
                text run at (1,1) width 32: "plain"
            RenderTableCell {TD} at (261,2) size 137x20 [bgcolor=#FFFF00] [r=0 c=1 rs=1 cs=1]
              RenderText {#text} at (1,1) size 75x17
                text run at (1,1) width 75: "width=35%"
          RenderTableRow {TR} at (0,24) size 400x20
            RenderTableCell {TD} at (2,24) size 396x20 [bgcolor=#FF00FF] [r=1 c=0 rs=1 cs=2]
              RenderText {#text} at (1,1) size 66x17
                text run at (1,1) width 66: "colspan=2"
      RenderBlock {DIV} at (0,549.69) size 406x6 [border: (3px solid #FF0000)]
      RenderTable {TABLE} at (0,555.69) size 400x46
        RenderTableSection {TBODY} at (0,0) size 400x46
          RenderTableRow {TR} at (0,2) size 400x20
            RenderTableCell {TD} at (2,2) size 257x20 [bgcolor=#00FF00] [r=0 c=0 rs=1 cs=1]
              RenderText {#text} at (1,1) size 75x17
                text run at (1,1) width 75: "width=65%"
            RenderTableCell {TD} at (261,2) size 137x20 [bgcolor=#FFFF00] [r=0 c=1 rs=1 cs=1]
              RenderText {#text} at (1,1) size 75x17
                text run at (1,1) width 75: "width=35%"
          RenderTableRow {TR} at (0,24) size 400x20
            RenderTableCell {TD} at (2,24) size 396x20 [bgcolor=#FF00FF] [r=1 c=0 rs=1 cs=2]
              RenderText {#text} at (1,1) size 66x17
                text run at (1,1) width 66: "colspan=2"
      RenderBlock {DIV} at (0,601.69) size 406x6 [border: (3px solid #FF0000)]
      RenderBlock {H3} at (0,626.41) size 769x21
        RenderText {#text} at (0,0) size 62x20
          text run at (0,0) width 62: "140/260"
      RenderBlock {DIV} at (0,666.13) size 406x6 [border: (3px solid #FF0000)]
      RenderTable {TABLE} at (0,672.13) size 400x46
        RenderTableSection {TBODY} at (0,0) size 400x46
          RenderTableRow {TR} at (0,2) size 400x20
            RenderTableCell {TD} at (2,2) size 142x20 [bgcolor=#00FF00] [r=0 c=0 rs=1 cs=1]
              RenderText {#text} at (1,1) size 70x17
                text run at (1,1) width 70: "width=140"
            RenderTableCell {TD} at (146,2) size 252x20 [bgcolor=#FFFF00] [r=0 c=1 rs=1 cs=1]
              RenderText {#text} at (1,1) size 32x17
                text run at (1,1) width 32: "plain"
          RenderTableRow {TR} at (0,24) size 400x20
            RenderTableCell {TD} at (2,24) size 396x20 [bgcolor=#FF00FF] [r=1 c=0 rs=1 cs=2]
              RenderText {#text} at (1,1) size 140x17
                text run at (1,1) width 140: "colspan=2 width=400"
      RenderBlock {DIV} at (0,718.13) size 406x6 [border: (3px solid #FF0000)]
      RenderTable {TABLE} at (0,724.13) size 400x46
        RenderTableSection {TBODY} at (0,0) size 400x46
          RenderTableRow {TR} at (0,2) size 400x20
            RenderTableCell {TD} at (2,2) size 132x20 [bgcolor=#00FF00] [r=0 c=0 rs=1 cs=1]
              RenderText {#text} at (1,1) size 32x17
                text run at (1,1) width 32: "plain"
            RenderTableCell {TD} at (136,2) size 262x20 [bgcolor=#FFFF00] [r=0 c=1 rs=1 cs=1]
              RenderText {#text} at (1,1) size 70x17
                text run at (1,1) width 70: "width=260"
          RenderTableRow {TR} at (0,24) size 400x20
            RenderTableCell {TD} at (2,24) size 396x20 [bgcolor=#FF00FF] [r=1 c=0 rs=1 cs=2]
              RenderText {#text} at (1,1) size 140x17
                text run at (1,1) width 140: "colspan=2 width=400"
      RenderBlock {DIV} at (0,770.13) size 406x6 [border: (3px solid #FF0000)]
      RenderTable {TABLE} at (0,776.13) size 400x46
        RenderTableSection {TBODY} at (0,0) size 400x46
          RenderTableRow {TR} at (0,2) size 400x20
            RenderTableCell {TD} at (2,2) size 139x20 [bgcolor=#00FF00] [r=0 c=0 rs=1 cs=1]
              RenderText {#text} at (1,1) size 70x17
                text run at (1,1) width 70: "width=140"
            RenderTableCell {TD} at (143,2) size 255x20 [bgcolor=#FFFF00] [r=0 c=1 rs=1 cs=1]
              RenderText {#text} at (1,1) size 70x17
                text run at (1,1) width 70: "width=260"
          RenderTableRow {TR} at (0,24) size 400x20
            RenderTableCell {TD} at (2,24) size 396x20 [bgcolor=#FF00FF] [r=1 c=0 rs=1 cs=2]
              RenderText {#text} at (1,1) size 140x17
                text run at (1,1) width 140: "colspan=2 width=400"
      RenderBlock {DIV} at (0,822.13) size 406x6 [border: (3px solid #FF0000)]
      RenderTable {TABLE} at (0,828.13) size 400x46
        RenderTableSection {TBODY} at (0,0) size 400x46
          RenderTableRow {TR} at (0,2) size 400x20
            RenderTableCell {TD} at (2,2) size 139x20 [bgcolor=#00FF00] [r=0 c=0 rs=1 cs=1]
              RenderText {#text} at (1,1) size 70x17
                text run at (1,1) width 70: "width=140"
            RenderTableCell {TD} at (143,2) size 255x20 [bgcolor=#FFFF00] [r=0 c=1 rs=1 cs=1]
              RenderText {#text} at (1,1) size 70x17
                text run at (1,1) width 70: "width=260"
          RenderTableRow {TR} at (0,24) size 400x20
            RenderTableCell {TD} at (2,24) size 396x20 [bgcolor=#FF00FF] [r=1 c=0 rs=1 cs=2]
              RenderText {#text} at (1,1) size 66x17
                text run at (1,1) width 66: "colspan=2"
      RenderBlock {DIV} at (0,874.13) size 406x6 [border: (3px solid #FF0000)]
      RenderTable {TABLE} at (0,880.13) size 400x46
        RenderTableSection {TBODY} at (0,0) size 400x46
          RenderTableRow {TR} at (0,2) size 400x20
            RenderTableCell {TD} at (2,2) size 137x20 [bgcolor=#00FF00] [r=0 c=0 rs=1 cs=1]
              RenderText {#text} at (1,1) size 75x17
                text run at (1,1) width 75: "width=35%"
            RenderTableCell {TD} at (141,2) size 257x20 [bgcolor=#FFFF00] [r=0 c=1 rs=1 cs=1]
              RenderText {#text} at (1,1) size 32x17
                text run at (1,1) width 32: "plain"
          RenderTableRow {TR} at (0,24) size 400x20
            RenderTableCell {TD} at (2,24) size 396x20 [bgcolor=#FF00FF] [r=1 c=0 rs=1 cs=2]
              RenderText {#text} at (1,1) size 66x17
                text run at (1,1) width 66: "colspan=2"
      RenderBlock {DIV} at (0,926.13) size 406x6 [border: (3px solid #FF0000)]
      RenderTable {TABLE} at (0,932.13) size 400x46
        RenderTableSection {TBODY} at (0,0) size 400x46
          RenderTableRow {TR} at (0,2) size 400x20
            RenderTableCell {TD} at (2,2) size 138x20 [bgcolor=#00FF00] [r=0 c=0 rs=1 cs=1]
              RenderText {#text} at (1,1) size 32x17
                text run at (1,1) width 32: "plain"
            RenderTableCell {TD} at (142,2) size 256x20 [bgcolor=#FFFF00] [r=0 c=1 rs=1 cs=1]
              RenderText {#text} at (1,1) size 75x17
                text run at (1,1) width 75: "width=65%"
          RenderTableRow {TR} at (0,24) size 400x20
            RenderTableCell {TD} at (2,24) size 396x20 [bgcolor=#FF00FF] [r=1 c=0 rs=1 cs=2]
              RenderText {#text} at (1,1) size 66x17
                text run at (1,1) width 66: "colspan=2"
      RenderBlock {DIV} at (0,978.13) size 406x6 [border: (3px solid #FF0000)]
      RenderTable {TABLE} at (0,984.13) size 400x46
        RenderTableSection {TBODY} at (0,0) size 400x46
          RenderTableRow {TR} at (0,2) size 400x20
            RenderTableCell {TD} at (2,2) size 138x20 [bgcolor=#00FF00] [r=0 c=0 rs=1 cs=1]
              RenderText {#text} at (1,1) size 75x17
                text run at (1,1) width 75: "width=35%"
            RenderTableCell {TD} at (142,2) size 256x20 [bgcolor=#FFFF00] [r=0 c=1 rs=1 cs=1]
              RenderText {#text} at (1,1) size 75x17
                text run at (1,1) width 75: "width=65%"
          RenderTableRow {TR} at (0,24) size 400x20
            RenderTableCell {TD} at (2,24) size 396x20 [bgcolor=#FF00FF] [r=1 c=0 rs=1 cs=2]
              RenderText {#text} at (1,1) size 66x17
                text run at (1,1) width 66: "colspan=2"
      RenderBlock {DIV} at (0,1030.13) size 406x6 [border: (3px solid #FF0000)]
      RenderBlock {H3} at (0,1054.84) size 769x21
        RenderText {#text} at (0,0) size 38x20
          text run at (0,0) width 38: "50%"
      RenderBlock {DIV} at (0,1094.56) size 406x6 [border: (3px solid #FF0000)]
      RenderTable {TABLE} at (0,1100.56) size 400x46
        RenderTableSection {TBODY} at (0,0) size 400x46
          RenderTableRow {TR} at (0,2) size 400x20
            RenderTableCell {TD} at (2,2) size 197x20 [bgcolor=#00FF00] [r=0 c=0 rs=1 cs=1]
              RenderText {#text} at (1,1) size 75x17
                text run at (1,1) width 75: "width=50%"
            RenderTableCell {TD} at (201,2) size 197x20 [bgcolor=#FFFF00] [r=0 c=1 rs=1 cs=1]
              RenderText {#text} at (1,1) size 32x17
                text run at (1,1) width 32: "plain"
          RenderTableRow {TR} at (0,24) size 400x20
            RenderTableCell {TD} at (2,24) size 396x20 [bgcolor=#FF00FF] [r=1 c=0 rs=1 cs=2]
              RenderText {#text} at (1,1) size 140x17
                text run at (1,1) width 140: "colspan=2 width=400"
      RenderBlock {DIV} at (0,1146.56) size 406x6 [border: (3px solid #FF0000)]
      RenderTable {TABLE} at (0,1152.56) size 400x46
        RenderTableSection {TBODY} at (0,0) size 400x46
          RenderTableRow {TR} at (0,2) size 400x20
            RenderTableCell {TD} at (2,2) size 197x20 [bgcolor=#00FF00] [r=0 c=0 rs=1 cs=1]
              RenderText {#text} at (1,1) size 32x17
                text run at (1,1) width 32: "plain"
            RenderTableCell {TD} at (201,2) size 197x20 [bgcolor=#FFFF00] [r=0 c=1 rs=1 cs=1]
              RenderText {#text} at (1,1) size 75x17
                text run at (1,1) width 75: "width=50%"
          RenderTableRow {TR} at (0,24) size 400x20
            RenderTableCell {TD} at (2,24) size 396x20 [bgcolor=#FF00FF] [r=1 c=0 rs=1 cs=2]
              RenderText {#text} at (1,1) size 140x17
                text run at (1,1) width 140: "colspan=2 width=400"
      RenderBlock {DIV} at (0,1198.56) size 406x6 [border: (3px solid #FF0000)]
      RenderTable {TABLE} at (0,1204.56) size 400x46
        RenderTableSection {TBODY} at (0,0) size 400x46
          RenderTableRow {TR} at (0,2) size 400x20
            RenderTableCell {TD} at (2,2) size 197x20 [bgcolor=#00FF00] [r=0 c=0 rs=1 cs=1]
              RenderText {#text} at (1,1) size 75x17
                text run at (1,1) width 75: "width=50%"
            RenderTableCell {TD} at (201,2) size 197x20 [bgcolor=#FFFF00] [r=0 c=1 rs=1 cs=1]
              RenderText {#text} at (1,1) size 75x17
                text run at (1,1) width 75: "width=50%"
          RenderTableRow {TR} at (0,24) size 400x20
            RenderTableCell {TD} at (2,24) size 396x20 [bgcolor=#FF00FF] [r=1 c=0 rs=1 cs=2]
              RenderText {#text} at (1,1) size 140x17
                text run at (1,1) width 140: "colspan=2 width=400"
      RenderBlock {DIV} at (0,1250.56) size 406x6 [border: (3px solid #FF0000)]
      RenderTable {TABLE} at (0,1256.56) size 400x46
        RenderTableSection {TBODY} at (0,0) size 400x46
          RenderTableRow {TR} at (0,2) size 400x20
            RenderTableCell {TD} at (2,2) size 197x20 [bgcolor=#00FF00] [r=0 c=0 rs=1 cs=1]
              RenderText {#text} at (1,1) size 32x17
                text run at (1,1) width 32: "plain"
            RenderTableCell {TD} at (201,2) size 197x20 [bgcolor=#FFFF00] [r=0 c=1 rs=1 cs=1]
              RenderText {#text} at (1,1) size 32x17
                text run at (1,1) width 32: "plain"
          RenderTableRow {TR} at (0,24) size 400x20
            RenderTableCell {TD} at (2,24) size 396x20 [bgcolor=#FF00FF] [r=1 c=0 rs=1 cs=2]
              RenderText {#text} at (1,1) size 140x17
                text run at (1,1) width 140: "colspan=2 width=400"
      RenderBlock {DIV} at (0,1302.56) size 406x6 [border: (3px solid #FF0000)]
      RenderTable {TABLE} at (0,1308.56) size 400x46
        RenderTableSection {TBODY} at (0,0) size 400x46
          RenderTableRow {TR} at (0,2) size 400x20
            RenderTableCell {TD} at (2,2) size 197x20 [bgcolor=#00FF00] [r=0 c=0 rs=1 cs=1]
              RenderText {#text} at (1,1) size 70x17
                text run at (1,1) width 70: "width=200"
            RenderTableCell {TD} at (201,2) size 197x20 [bgcolor=#FFFF00] [r=0 c=1 rs=1 cs=1]
              RenderText {#text} at (1,1) size 70x17
                text run at (1,1) width 70: "width=200"
          RenderTableRow {TR} at (0,24) size 400x20
            RenderTableCell {TD} at (2,24) size 396x20 [bgcolor=#FF00FF] [r=1 c=0 rs=1 cs=2]
              RenderText {#text} at (1,1) size 66x17
                text run at (1,1) width 66: "colspan=2"
      RenderBlock {DIV} at (0,1354.56) size 406x6 [border: (3px solid #FF0000)]
      RenderBlock {H2} at (0,1380.47) size 769x27
        RenderText {#text} at (0,0) size 231x26
          text run at (0,0) width 231: "Tables Without Width"
      RenderBlock {P} at (0,1427.38) size 769x36
        RenderText {#text} at (0,0) size 767x35
          text run at (0,0) width 767: "The following tables have no width. They should still be the same size, by virtue of them having a 400 pixel cell and no"
          text run at (0,18) width 158: "padding/margin/borders."
      RenderBlock {H3} at (0,1482.09) size 769x21
        RenderText {#text} at (0,0) size 62x20
          text run at (0,0) width 62: "260/140"
      RenderBlock {DIV} at (0,1521.81) size 406x6 [border: (3px solid #FF0000)]
      RenderTable {TABLE} at (0,1527.81) size 406x46
        RenderTableSection {TBODY} at (0,0) size 406x46
          RenderTableRow {TR} at (0,2) size 406x20
            RenderTableCell {TD} at (2,2) size 258x20 [bgcolor=#00FF00] [r=0 c=0 rs=1 cs=1]
              RenderText {#text} at (1,1) size 32x17
                text run at (1,1) width 32: "plain"
            RenderTableCell {TD} at (262,2) size 142x20 [bgcolor=#FFFF00] [r=0 c=1 rs=1 cs=1]
              RenderText {#text} at (1,1) size 70x17
                text run at (1,1) width 70: "width=140"
          RenderTableRow {TR} at (0,24) size 406x20
            RenderTableCell {TD} at (2,24) size 402x20 [bgcolor=#FF00FF] [r=1 c=0 rs=1 cs=2]
              RenderText {#text} at (1,1) size 140x17
                text run at (1,1) width 140: "colspan=2 width=400"
      RenderBlock {DIV} at (0,1573.81) size 406x6 [border: (3px solid #FF0000)]
      RenderTable {TABLE} at (0,1579.81) size 406x46
        RenderTableSection {TBODY} at (0,0) size 406x46
          RenderTableRow {TR} at (0,2) size 406x20
            RenderTableCell {TD} at (2,2) size 262x20 [bgcolor=#00FF00] [r=0 c=0 rs=1 cs=1]
              RenderText {#text} at (1,1) size 70x17
                text run at (1,1) width 70: "width=260"
            RenderTableCell {TD} at (266,2) size 138x20 [bgcolor=#FFFF00] [r=0 c=1 rs=1 cs=1]
              RenderText {#text} at (1,1) size 32x17
                text run at (1,1) width 32: "plain"
          RenderTableRow {TR} at (0,24) size 406x20
            RenderTableCell {TD} at (2,24) size 402x20 [bgcolor=#FF00FF] [r=1 c=0 rs=1 cs=2]
              RenderText {#text} at (1,1) size 140x17
                text run at (1,1) width 140: "colspan=2 width=400"
      RenderBlock {DIV} at (0,1625.81) size 406x6 [border: (3px solid #FF0000)]
      RenderTable {TABLE} at (0,1631.81) size 410x46
        RenderTableSection {TBODY} at (0,0) size 410x46
          RenderTableRow {TR} at (0,2) size 410x20
            RenderTableCell {TD} at (2,2) size 262x20 [bgcolor=#00FF00] [r=0 c=0 rs=1 cs=1]
              RenderText {#text} at (1,1) size 70x17
                text run at (1,1) width 70: "width=260"
            RenderTableCell {TD} at (266,2) size 142x20 [bgcolor=#FFFF00] [r=0 c=1 rs=1 cs=1]
              RenderText {#text} at (1,1) size 70x17
                text run at (1,1) width 70: "width=140"
          RenderTableRow {TR} at (0,24) size 410x20
            RenderTableCell {TD} at (2,24) size 406x20 [bgcolor=#FF00FF] [r=1 c=0 rs=1 cs=2]
              RenderText {#text} at (1,1) size 140x17
                text run at (1,1) width 140: "colspan=2 width=400"
      RenderBlock {DIV} at (0,1677.81) size 406x6 [border: (3px solid #FF0000)]
      RenderTable {TABLE} at (0,1683.81) size 410x46
        RenderTableSection {TBODY} at (0,0) size 410x46
          RenderTableRow {TR} at (0,2) size 410x20
            RenderTableCell {TD} at (2,2) size 262x20 [bgcolor=#00FF00] [r=0 c=0 rs=1 cs=1]
              RenderText {#text} at (1,1) size 70x17
                text run at (1,1) width 70: "width=260"
            RenderTableCell {TD} at (266,2) size 142x20 [bgcolor=#FFFF00] [r=0 c=1 rs=1 cs=1]
              RenderText {#text} at (1,1) size 70x17
                text run at (1,1) width 70: "width=140"
          RenderTableRow {TR} at (0,24) size 410x20
            RenderTableCell {TD} at (2,24) size 406x20 [bgcolor=#FF00FF] [r=1 c=0 rs=1 cs=2]
              RenderText {#text} at (1,1) size 66x17
                text run at (1,1) width 66: "colspan=2"
      RenderBlock {DIV} at (0,1729.81) size 406x6 [border: (3px solid #FF0000)]
      RenderBlock {H3} at (0,1754.53) size 769x21
        RenderText {#text} at (0,0) size 62x20
          text run at (0,0) width 62: "140/260"
      RenderBlock {DIV} at (0,1794.25) size 406x6 [border: (3px solid #FF0000)]
      RenderTable {TABLE} at (0,1800.25) size 406x46
        RenderTableSection {TBODY} at (0,0) size 406x46
          RenderTableRow {TR} at (0,2) size 406x20
            RenderTableCell {TD} at (2,2) size 142x20 [bgcolor=#00FF00] [r=0 c=0 rs=1 cs=1]
              RenderText {#text} at (1,1) size 70x17
                text run at (1,1) width 70: "width=140"
            RenderTableCell {TD} at (146,2) size 258x20 [bgcolor=#FFFF00] [r=0 c=1 rs=1 cs=1]
              RenderText {#text} at (1,1) size 32x17
                text run at (1,1) width 32: "plain"
          RenderTableRow {TR} at (0,24) size 406x20
            RenderTableCell {TD} at (2,24) size 402x20 [bgcolor=#FF00FF] [r=1 c=0 rs=1 cs=2]
              RenderText {#text} at (1,1) size 140x17
                text run at (1,1) width 140: "colspan=2 width=400"
      RenderBlock {DIV} at (0,1846.25) size 406x6 [border: (3px solid #FF0000)]
      RenderTable {TABLE} at (0,1852.25) size 406x46
        RenderTableSection {TBODY} at (0,0) size 406x46
          RenderTableRow {TR} at (0,2) size 406x20
            RenderTableCell {TD} at (2,2) size 138x20 [bgcolor=#00FF00] [r=0 c=0 rs=1 cs=1]
              RenderText {#text} at (1,1) size 32x17
                text run at (1,1) width 32: "plain"
            RenderTableCell {TD} at (142,2) size 262x20 [bgcolor=#FFFF00] [r=0 c=1 rs=1 cs=1]
              RenderText {#text} at (1,1) size 70x17
                text run at (1,1) width 70: "width=260"
          RenderTableRow {TR} at (0,24) size 406x20
            RenderTableCell {TD} at (2,24) size 402x20 [bgcolor=#FF00FF] [r=1 c=0 rs=1 cs=2]
              RenderText {#text} at (1,1) size 140x17
                text run at (1,1) width 140: "colspan=2 width=400"
      RenderBlock {DIV} at (0,1898.25) size 406x6 [border: (3px solid #FF0000)]
      RenderTable {TABLE} at (0,1904.25) size 410x46
        RenderTableSection {TBODY} at (0,0) size 410x46
          RenderTableRow {TR} at (0,2) size 410x20
            RenderTableCell {TD} at (2,2) size 142x20 [bgcolor=#00FF00] [r=0 c=0 rs=1 cs=1]
              RenderText {#text} at (1,1) size 70x17
                text run at (1,1) width 70: "width=140"
            RenderTableCell {TD} at (146,2) size 262x20 [bgcolor=#FFFF00] [r=0 c=1 rs=1 cs=1]
              RenderText {#text} at (1,1) size 70x17
                text run at (1,1) width 70: "width=260"
          RenderTableRow {TR} at (0,24) size 410x20
            RenderTableCell {TD} at (2,24) size 406x20 [bgcolor=#FF00FF] [r=1 c=0 rs=1 cs=2]
              RenderText {#text} at (1,1) size 140x17
                text run at (1,1) width 140: "colspan=2 width=400"
      RenderBlock {DIV} at (0,1950.25) size 406x6 [border: (3px solid #FF0000)]
      RenderTable {TABLE} at (0,1956.25) size 410x46
        RenderTableSection {TBODY} at (0,0) size 410x46
          RenderTableRow {TR} at (0,2) size 410x20
            RenderTableCell {TD} at (2,2) size 142x20 [bgcolor=#00FF00] [r=0 c=0 rs=1 cs=1]
              RenderText {#text} at (1,1) size 70x17
                text run at (1,1) width 70: "width=140"
            RenderTableCell {TD} at (146,2) size 262x20 [bgcolor=#FFFF00] [r=0 c=1 rs=1 cs=1]
              RenderText {#text} at (1,1) size 70x17
                text run at (1,1) width 70: "width=260"
          RenderTableRow {TR} at (0,24) size 410x20
            RenderTableCell {TD} at (2,24) size 406x20 [bgcolor=#FF00FF] [r=1 c=0 rs=1 cs=2]
              RenderText {#text} at (1,1) size 66x17
                text run at (1,1) width 66: "colspan=2"
      RenderBlock {DIV} at (0,2002.25) size 406x6 [border: (3px solid #FF0000)]
      RenderBlock {H3} at (0,2026.97) size 769x21
        RenderText {#text} at (0,0) size 38x20
          text run at (0,0) width 38: "50%"
      RenderBlock {DIV} at (0,2066.69) size 406x6 [border: (3px solid #FF0000)]
      RenderTable {TABLE} at (0,2072.69) size 560x46
        RenderTableSection {TBODY} at (0,0) size 560x46
          RenderTableRow {TR} at (0,2) size 560x20
            RenderTableCell {TD} at (2,2) size 277x20 [bgcolor=#00FF00] [r=0 c=0 rs=1 cs=1]
              RenderText {#text} at (1,1) size 75x17
                text run at (1,1) width 75: "width=50%"
            RenderTableCell {TD} at (281,2) size 277x20 [bgcolor=#FFFF00] [r=0 c=1 rs=1 cs=1]
              RenderText {#text} at (1,1) size 32x17
                text run at (1,1) width 32: "plain"
          RenderTableRow {TR} at (0,24) size 560x20
            RenderTableCell {TD} at (2,24) size 556x20 [bgcolor=#FF00FF] [r=1 c=0 rs=1 cs=2]
              RenderText {#text} at (1,1) size 140x17
                text run at (1,1) width 140: "colspan=2 width=400"
      RenderBlock {DIV} at (0,2118.69) size 406x6 [border: (3px solid #FF0000)]
      RenderTable {TABLE} at (0,2124.69) size 562x46
        RenderTableSection {TBODY} at (0,0) size 562x46
          RenderTableRow {TR} at (0,2) size 562x20
            RenderTableCell {TD} at (2,2) size 278x20 [bgcolor=#00FF00] [r=0 c=0 rs=1 cs=1]
              RenderText {#text} at (1,1) size 32x17
                text run at (1,1) width 32: "plain"
            RenderTableCell {TD} at (282,2) size 278x20 [bgcolor=#FFFF00] [r=0 c=1 rs=1 cs=1]
              RenderText {#text} at (1,1) size 75x17
                text run at (1,1) width 75: "width=50%"
          RenderTableRow {TR} at (0,24) size 562x20
            RenderTableCell {TD} at (2,24) size 558x20 [bgcolor=#FF00FF] [r=1 c=0 rs=1 cs=2]
              RenderText {#text} at (1,1) size 140x17
                text run at (1,1) width 140: "colspan=2 width=400"
      RenderBlock {DIV} at (0,2170.69) size 406x6 [border: (3px solid #FF0000)]
      RenderTable {TABLE} at (0,2176.69) size 406x46
        RenderTableSection {TBODY} at (0,0) size 406x46
          RenderTableRow {TR} at (0,2) size 406x20
            RenderTableCell {TD} at (2,2) size 200x20 [bgcolor=#00FF00] [r=0 c=0 rs=1 cs=1]
              RenderText {#text} at (1,1) size 75x17
                text run at (1,1) width 75: "width=50%"
            RenderTableCell {TD} at (204,2) size 200x20 [bgcolor=#FFFF00] [r=0 c=1 rs=1 cs=1]
              RenderText {#text} at (1,1) size 75x17
                text run at (1,1) width 75: "width=50%"
          RenderTableRow {TR} at (0,24) size 406x20
            RenderTableCell {TD} at (2,24) size 402x20 [bgcolor=#FF00FF] [r=1 c=0 rs=1 cs=2]
              RenderText {#text} at (1,1) size 140x17
                text run at (1,1) width 140: "colspan=2 width=400"
      RenderBlock {DIV} at (0,2222.69) size 406x6 [border: (3px solid #FF0000)]
      RenderTable {TABLE} at (0,2228.69) size 406x46
        RenderTableSection {TBODY} at (0,0) size 406x46
          RenderTableRow {TR} at (0,2) size 406x20
            RenderTableCell {TD} at (2,2) size 200x20 [bgcolor=#00FF00] [r=0 c=0 rs=1 cs=1]
              RenderText {#text} at (1,1) size 32x17
                text run at (1,1) width 32: "plain"
            RenderTableCell {TD} at (204,2) size 200x20 [bgcolor=#FFFF00] [r=0 c=1 rs=1 cs=1]
              RenderText {#text} at (1,1) size 32x17
                text run at (1,1) width 32: "plain"
          RenderTableRow {TR} at (0,24) size 406x20
            RenderTableCell {TD} at (2,24) size 402x20 [bgcolor=#FF00FF] [r=1 c=0 rs=1 cs=2]
              RenderText {#text} at (1,1) size 140x17
                text run at (1,1) width 140: "colspan=2 width=400"
      RenderBlock {DIV} at (0,2274.69) size 406x6 [border: (3px solid #FF0000)]
      RenderTable {TABLE} at (0,2280.69) size 410x46
        RenderTableSection {TBODY} at (0,0) size 410x46
          RenderTableRow {TR} at (0,2) size 410x20
            RenderTableCell {TD} at (2,2) size 202x20 [bgcolor=#00FF00] [r=0 c=0 rs=1 cs=1]
              RenderText {#text} at (1,1) size 70x17
                text run at (1,1) width 70: "width=200"
            RenderTableCell {TD} at (206,2) size 202x20 [bgcolor=#FFFF00] [r=0 c=1 rs=1 cs=1]
              RenderText {#text} at (1,1) size 70x17
                text run at (1,1) width 70: "width=200"
          RenderTableRow {TR} at (0,24) size 410x20
            RenderTableCell {TD} at (2,24) size 406x20 [bgcolor=#FF00FF] [r=1 c=0 rs=1 cs=2]
              RenderText {#text} at (1,1) size 66x17
                text run at (1,1) width 66: "colspan=2"
      RenderBlock {DIV} at (0,2326.69) size 406x6 [border: (3px solid #FF0000)]
