layer at (0,0) size 800x600
  RenderView at (0,0) size 800x600
layer at (0,0) size 800x436
  RenderBlock {HTML} at (0,0) size 800x436
    RenderBody {BODY} at (0,0) size 800x368
      RenderBlock {DIV} at (0,0) size 800x368
        RenderText {#text} at (0,0) size 783x368
          text run at (0,0) width 643: "This test verifies that FastTextAutosizer"
          text run at (0,46) width 699: "considers a list item (LI) to be \"text\" for the"
          text run at (0,92) width 662: "purpose of determining the deepest block"
          text run at (0,138) width 783: "containing all text (DBCAT). If this were not the"
          text run at (0,184) width 723: "case, the cluster's DBCAT would be the DIV"
          text run at (0,230) width 719: "inside the LI, which hasn't entered layout yet"
          text run at (0,276) width 732: "when the list marker is autosized (causing the"
          text run at (0,322) width 304: "autosizer to crash)."
      RenderBlock (floating) {UL} at (0,384) size 800x36
        RenderListItem {LI} at (40,0) size 760x36
          RenderBlock {DIV} at (0,0) size 760x36
            RenderListMarker at (-17,0) size 7x18: bullet
            RenderText {#text} at (0,0) size 744x36
              text run at (0,0) width 744: "List item list item list item list item list item list item list item list item list item list item list item list item list item list item"
              text run at (0,18) width 473: "list item list item list item list item list item list item list item list item list item"
