layer at (0,0) size 800x600
  RenderView at (0,0) size 800x600
layer at (0,0) size 800x600
  RenderBlock {HTML} at (0,0) size 800x600
    RenderBody {BODY} at (8,8) size 784x584
hidden layer at (8,8) size 784x20
  RenderBlock (relative positioned) {DIV} at (0,0) size 784x20
    RenderInline {SPAN} at (0,0) size 60x19
      RenderText {#text} at (0,0) size 60x19
        text run at (0,0) width 60: "is invisible"
    RenderText {#text} at (0,0) size 0x0
hidden layer at (8,28) size 784x100
  RenderBlock (relative positioned) {DIV} at (0,20) size 784x100
    RenderBlock {DIV} at (0,0) size 784x100
