layer at (0,0) size 800x600
  RenderView at (0,0) size 800x600
layer at (75,0) size 725x600
  RenderBlock {HTML} at (0,0) size 725x600
    RenderBody {BODY} at (8,8) size 0x584
      RenderBlock (floating) {DIV} at (8,8) size 154x366 [border: (3px solid #000000)]
        RenderText {#text} at (14,3) size 19x272
          text run at (14,3) width 272: "\x{305B}\x{3063}\x{304B}\x{304F}\x{898B}\x{3064}\x{3051}\x{305F}\x{3059}\x{3070}\x{3089}\x{3057}\x{3044}\x{8A18}\x{4E8B}"
        RenderInline {SPAN} at (0,0) size 49x345
          RenderText {#text} at (14,274) size 49x345
            text run at (14,274) width 73: "\x{304C}\x{3069}\x{3053}\x{306B}"
            text run at (44,3) width 164: "\x{3042}\x{3063}\x{305F}\x{304B}\x{5FD8}\x{308C}\x{3066}\x{3057}\x{307E}"
        RenderText {#text} at (44,166) size 19x182
          text run at (44,166) width 182: "\x{3063}\x{305F}\x{7D4C}\x{9A13}\x{306F}\x{3042}\x{308A}\x{307E}\x{3059}\x{304B}"
        RenderInline {SPAN} at (0,0) size 19x309
          RenderText {#text} at (71,3) size 19x309
            text run at (71,3) width 309: "\x{306A}\x{3089}\x{30BF}\x{30A4}\x{30C8}\x{30EB}\x{3068}\x{30A2}\x{30C9}\x{30EC}\x{30B9}\x{3060}\x{3051}\x{3067}\x{306A}\x{304F}\x{3001}"
        RenderText {#text} at (71,311) size 76x345
          text run at (71,311) width 37: "\x{8A2A}\x{554F}"
          text run at (101,3) width 345: "\x{3057}\x{305F}\x{30A6}\x{30A7}\x{30D6}\x{30DA}\x{30FC}\x{30B8}\x{306E}\x{30B3}\x{30F3}\x{30C6}\x{30F3}\x{30C4}\x{304B}\x{3089}\x{3082}\x{691C}\x{7D22}"
          text run at (128,3) width 182: "\x{3059}\x{308B}\x{3053}\x{3068}\x{304C}\x{3067}\x{304D}\x{307E}\x{3059}\x{3002}"
      RenderBlock (floating) {DIV} at (178,8) size 157x366 [border: (3px solid #000000)]
        RenderText {#text} at (14,3) size 19x55
          text run at (14,3) width 55: "\x{305B}\x{3063}\x{304B}"
        RenderInline {SPAN} at (0,0) size 19x110
          RenderText {#text} at (14,57) size 19x110
            text run at (14,57) width 109: "\x{304F}\x{898B}\x{3064}\x{3051}\x{305F}\x{3059}"
        RenderInline {SPAN} at (0,0) size 19x73
          RenderText {#text} at (14,166) size 19x73
            text run at (14,166) width 73: "\x{3070}\x{3089}\x{3057}\x{3044}"
        RenderInline {SPAN} at (0,0) size 19x74
          RenderText {#text} at (14,238) size 19x74
            text run at (14,238) width 73: "\x{8A18}\x{4E8B}\x{304C}\x{3069}"
        RenderInline {SPAN} at (0,0) size 49x345
          RenderText {#text} at (14,311) size 49x345
            text run at (14,311) width 37: "\x{3053}\x{306B}"
            text run at (44,3) width 37: "\x{3042}\x{3063}"
        RenderInline {SPAN} at (0,0) size 19x110
          RenderText {#text} at (44,39) size 19x110
            text run at (44,39) width 109: "\x{305F}\x{304B}\x{5FD8}\x{308C}\x{3066}\x{3057}"
        RenderInline {SPAN} at (0,0) size 19x91
          RenderText {#text} at (44,148) size 19x91
            text run at (44,148) width 91: "\x{307E}\x{3063}\x{305F}\x{7D4C}\x{9A13}"
        RenderInline {SPAN} at (0,0) size 19x110
          RenderText {#text} at (44,238) size 19x110
            text run at (44,238) width 109: "\x{306F}\x{3042}\x{308A}\x{307E}\x{3059}\x{304B}"
        RenderInline {SPAN} at (0,0) size 19x127
          RenderText {#text} at (74,3) size 19x127
            text run at (74,3) width 127: "\x{306A}\x{3089}\x{30BF}\x{30A4}\x{30C8}\x{30EB}\x{3068}"
        RenderInline {SPAN} at (0,0) size 19x146
          RenderText {#text} at (74,129) size 19x146
            text run at (74,129) width 146: "\x{30A2}\x{30C9}\x{30EC}\x{30B9}\x{3060}\x{3051}\x{3067}\x{306A}"
        RenderInline {SPAN} at (0,0) size 49x345
          RenderText {#text} at (74,274) size 49x345
            text run at (74,274) width 73: "\x{304F}\x{3001}\x{8A2A}\x{554F}"
            text run at (104,3) width 55: "\x{3057}\x{305F}\x{30A6}"
        RenderInline {SPAN} at (0,0) size 19x164
          RenderText {#text} at (104,57) size 19x164
            text run at (104,57) width 164: "\x{30A7}\x{30D6}\x{30DA}\x{30FC}\x{30B8}\x{306E}\x{30B3}\x{30F3}\x{30C6}"
        RenderText {#text} at (104,220) size 46x345
          text run at (104,220) width 127: "\x{30F3}\x{30C4}\x{304B}\x{3089}\x{3082}\x{691C}\x{7D22}"
          text run at (131,3) width 182: "\x{3059}\x{308B}\x{3053}\x{3068}\x{304C}\x{3067}\x{304D}\x{307E}\x{3059}\x{3002}"
      RenderBlock (floating) {DIV} at (351,8) size 153x366 [border: (3px solid #000000)]
        RenderText {#text} at (7,3) size 19x55
          text run at (7,3) width 55: "\x{305B}\x{3063}\x{304B}"
        RenderInline {SPAN} at (0,0) size 19x110
          RenderText {#text} at (7,57) size 19x110
            text run at (7,57) width 109: "\x{304F}\x{898B}\x{3064}\x{3051}\x{305F}\x{3059}"
        RenderInline {SPAN} at (0,0) size 19x73
          RenderText {#text} at (7,166) size 19x73
            text run at (7,166) width 73: "\x{3070}\x{3089}\x{3057}\x{3044}"
        RenderInline {SPAN} at (0,0) size 19x74
          RenderText {#text} at (7,238) size 19x74
            text run at (7,238) width 73: "\x{8A18}\x{4E8B}\x{304C}\x{3069}"
        RenderInline {SPAN} at (0,0) size 49x345
          RenderText {#text} at (7,311) size 49x345
            text run at (7,311) width 37: "\x{3053}\x{306B}"
            text run at (37,3) width 37: "\x{3042}\x{3063}"
        RenderInline {SPAN} at (0,0) size 19x110
          RenderText {#text} at (37,39) size 19x110
            text run at (37,39) width 109: "\x{305F}\x{304B}\x{5FD8}\x{308C}\x{3066}\x{3057}"
        RenderInline {SPAN} at (0,0) size 19x91
          RenderText {#text} at (37,148) size 19x91
            text run at (37,148) width 91: "\x{307E}\x{3063}\x{305F}\x{7D4C}\x{9A13}"
        RenderInline {SPAN} at (0,0) size 19x110
          RenderText {#text} at (37,238) size 19x110
            text run at (37,238) width 109: "\x{306F}\x{3042}\x{308A}\x{307E}\x{3059}\x{304B}"
        RenderInline {SPAN} at (0,0) size 19x127
          RenderText {#text} at (67,3) size 19x127
            text run at (67,3) width 127: "\x{306A}\x{3089}\x{30BF}\x{30A4}\x{30C8}\x{30EB}\x{3068}"
        RenderInline {SPAN} at (0,0) size 19x146
          RenderText {#text} at (67,129) size 19x146
            text run at (67,129) width 146: "\x{30A2}\x{30C9}\x{30EC}\x{30B9}\x{3060}\x{3051}\x{3067}\x{306A}"
        RenderInline {SPAN} at (0,0) size 49x345
          RenderText {#text} at (67,274) size 49x345
            text run at (67,274) width 73: "\x{304F}\x{3001}\x{8A2A}\x{554F}"
            text run at (97,3) width 55: "\x{3057}\x{305F}\x{30A6}"
        RenderInline {SPAN} at (0,0) size 19x164
          RenderText {#text} at (97,57) size 19x164
            text run at (97,57) width 164: "\x{30A7}\x{30D6}\x{30DA}\x{30FC}\x{30B8}\x{306E}\x{30B3}\x{30F3}\x{30C6}"
        RenderText {#text} at (97,220) size 49x345
          text run at (97,220) width 127: "\x{30F3}\x{30C4}\x{304B}\x{3089}\x{3082}\x{691C}\x{7D22}"
          text run at (127,3) width 182: "\x{3059}\x{308B}\x{3053}\x{3068}\x{304C}\x{3067}\x{304D}\x{307E}\x{3059}\x{3002}"
      RenderBlock (floating) {DIV} at (520,8) size 189x366 [border: (3px solid #000000)]
        RenderText {#text} at (14,3) size 19x272
          text run at (14,3) width 272: "\x{305B}\x{3063}\x{304B}\x{304F}\x{898B}\x{3064}\x{3051}\x{305F}\x{3059}\x{3070}\x{3089}\x{3057}\x{3044}\x{8A18}\x{4E8B}"
        RenderInline {SPAN} at (0,0) size 55x345
          RenderText {#text} at (14,274) size 55x345
            text run at (14,274) width 73: "\x{304C}\x{3069}\x{3053}\x{306B}"
            text run at (50,3) width 164: "\x{3042}\x{3063}\x{305F}\x{304B}\x{5FD8}\x{308C}\x{3066}\x{3057}\x{307E}"
        RenderText {#text} at (50,166) size 19x182
          text run at (50,166) width 182: "\x{3063}\x{305F}\x{7D4C}\x{9A13}\x{306F}\x{3042}\x{308A}\x{307E}\x{3059}\x{304B}"
        RenderInline {SPAN} at (0,0) size 19x309
          RenderText {#text} at (86,3) size 19x309
            text run at (86,3) width 309: "\x{306A}\x{3089}\x{30BF}\x{30A4}\x{30C8}\x{30EB}\x{3068}\x{30A2}\x{30C9}\x{30EC}\x{30B9}\x{3060}\x{3051}\x{3067}\x{306A}\x{304F}\x{3001}"
        RenderText {#text} at (86,311) size 91x345
          text run at (86,311) width 37: "\x{8A2A}\x{554F}"
          text run at (122,3) width 345: "\x{3057}\x{305F}\x{30A6}\x{30A7}\x{30D6}\x{30DA}\x{30FC}\x{30B8}\x{306E}\x{30B3}\x{30F3}\x{30C6}\x{30F3}\x{30C4}\x{304B}\x{3089}\x{3082}\x{691C}\x{7D22}"
          text run at (158,3) width 182: "\x{3059}\x{308B}\x{3053}\x{3068}\x{304C}\x{3067}\x{304D}\x{307E}\x{3059}\x{3002}"
