layer at (0,0) size 800x600
  RenderView at (0,0) size 800x600
layer at (0,0) size 800x411
  RenderBlock {HTML} at (0,0) size 800x411
    RenderBody {BODY} at (8,8) size 784x395
      RenderBlock {H1} at (0,0) size 784x23
        RenderText {#text} at (0,0) size 252x23
          text run at (0,0) width 252: "Tests support for font-weight"
      RenderBlock {P} at (0,25) size 784x17
        RenderText {#text} at (0,0) size 347x17
          text run at (0,0) width 347: "Tests that CSS font-weight with numeric values is supported."
      RenderBlock {SECTION} at (0,50) size 784x173
        RenderBlock {H2} at (0,0) size 784x18
          RenderText {#text} at (0,0) size 61x18
            text run at (0,0) width 61: "Segoe UI"
        RenderBlock {P} at (0,20) size 784x17
          RenderText {#text} at (0,0) size 344x17
            text run at (0,0) width 344: "font-weight: 100 - Fix problem quickly with galvanized jets."
        RenderBlock {P} at (0,37) size 784x17
          RenderText {#text} at (0,0) size 344x17
            text run at (0,0) width 344: "font-weight: 200 - Fix problem quickly with galvanized jets."
        RenderBlock {P} at (0,54) size 784x17
          RenderText {#text} at (0,0) size 344x17
            text run at (0,0) width 344: "font-weight: 300 - Fix problem quickly with galvanized jets."
        RenderBlock {P} at (0,71) size 784x17
          RenderText {#text} at (0,0) size 344x17
            text run at (0,0) width 344: "font-weight: 400 - Fix problem quickly with galvanized jets."
        RenderBlock {P} at (0,88) size 784x17
          RenderText {#text} at (0,0) size 344x17
            text run at (0,0) width 344: "font-weight: 500 - Fix problem quickly with galvanized jets."
        RenderBlock {P} at (0,105) size 784x17
          RenderText {#text} at (0,0) size 365x17
            text run at (0,0) width 365: "font-weight: 600 - Fix problem quickly with galvanized jets."
        RenderBlock {P} at (0,122) size 784x17
          RenderText {#text} at (0,0) size 365x17
            text run at (0,0) width 365: "font-weight: 700 - Fix problem quickly with galvanized jets."
        RenderBlock {P} at (0,139) size 784x17
          RenderText {#text} at (0,0) size 365x17
            text run at (0,0) width 365: "font-weight: 800 - Fix problem quickly with galvanized jets."
        RenderBlock {P} at (0,156) size 784x17
          RenderText {#text} at (0,0) size 365x17
            text run at (0,0) width 365: "font-weight: 900 - Fix problem quickly with galvanized jets."
      RenderBlock {SECTION} at (0,231) size 784x164
        RenderBlock {H2} at (0,0) size 784x18
          RenderText {#text} at (0,0) size 35x17
            text run at (0,0) width 35: "Arial"
        RenderBlock {P} at (0,20) size 784x16
          RenderText {#text} at (0,0) size 368x16
            text run at (0,0) width 368: "font-weight: 100 - Fix problem quickly with galvanized jets."
        RenderBlock {P} at (0,36) size 784x16
          RenderText {#text} at (0,0) size 368x16
            text run at (0,0) width 368: "font-weight: 200 - Fix problem quickly with galvanized jets."
        RenderBlock {P} at (0,52) size 784x16
          RenderText {#text} at (0,0) size 368x16
            text run at (0,0) width 368: "font-weight: 300 - Fix problem quickly with galvanized jets."
        RenderBlock {P} at (0,68) size 784x16
          RenderText {#text} at (0,0) size 368x16
            text run at (0,0) width 368: "font-weight: 400 - Fix problem quickly with galvanized jets."
        RenderBlock {P} at (0,84) size 784x16
          RenderText {#text} at (0,0) size 368x16
            text run at (0,0) width 368: "font-weight: 500 - Fix problem quickly with galvanized jets."
        RenderBlock {P} at (0,100) size 784x16
          RenderText {#text} at (0,0) size 404x16
            text run at (0,0) width 404: "font-weight: 600 - Fix problem quickly with galvanized jets."
        RenderBlock {P} at (0,116) size 784x16
          RenderText {#text} at (0,0) size 404x16
            text run at (0,0) width 404: "font-weight: 700 - Fix problem quickly with galvanized jets."
        RenderBlock {P} at (0,132) size 784x16
          RenderText {#text} at (0,0) size 404x16
            text run at (0,0) width 404: "font-weight: 800 - Fix problem quickly with galvanized jets."
        RenderBlock {P} at (0,148) size 784x16
          RenderText {#text} at (0,0) size 404x16
            text run at (0,0) width 404: "font-weight: 900 - Fix problem quickly with galvanized jets."
