EDITING DELEGATE: webViewDidChangeSelection:WebViewDidChangeSelectionNotification
EDITING DELEGATE: webViewDidChangeSelection:WebViewDidChangeSelectionNotification
EDITING DELEGATE: webViewDidChangeSelection:WebViewDidChangeSelectionNotification
EDITING DELEGATE: webViewDidChangeSelection:WebViewDidChangeSelectionNotification
EDITING DELEGATE: webViewDidChange:WebViewDidChangeNotification
layer at (0,0) size 800x600
  RenderView at (0,0) size 800x600
layer at (0,0) size 800x600
  RenderBlock {HTML} at (0,0) size 800x600
    RenderBody {BODY} at (8,8) size 784x584
      RenderBlock {P} at (0,0) size 784x36
        RenderText {#text} at (0,0) size 745x36
          text run at (0,0) width 392: "This tests deleting a selection created with a word granularity. "
          text run at (392,0) width 353: "To run it manually, double click on 'bar' and hit forward"
          text run at (0,18) width 45: "delete. "
          text run at (45,18) width 159: "You should see 'foo baz'."
      RenderBlock {DIV} at (0,52) size 784x18
        RenderText {#text} at (0,0) size 21x18
          text run at (0,0) width 21: "foo"
        RenderText {#text} at (21,0) size 26x18
          text run at (21,0) width 26: " baz"
caret: position 3 of child 0 {#text} of child 2 {DIV} of body
