layer at (0,0) size 800x600
  RenderView at (0,0) size 800x600
layer at (0,0) size 800x594
  RenderBlock {HTML} at (0,0) size 800x593.63
    RenderBody {BODY} at (8,19.91) size 784x565.72
      RenderBlock {DIV} at (0,0) size 784x565.72
        RenderBlock {SECTION} at (0,0) size 784x102.91
          RenderBlock {H2} at (0,0) size 784x28
            RenderText {#text} at (0,0) size 117x28
              text run at (0,0) width 117: "Summary"
          RenderBlock {P} at (0,47.91) size 784x19
            RenderText {#text} at (0,0) size 54x19
              text run at (0,0) width 54: "Found "
            RenderText {#text} at (54,0) size 10x19
              text run at (54,0) width 10: "7"
            RenderText {#text} at (64,0) size 44x19
              text run at (64,0) width 44: " tests"
          RenderBlock {DIV} at (0,82.91) size 784x20
            RenderBlock {DIV} at (0,0) size 784x20
              RenderInline {LABEL} at (0,0) size 72x19
                RenderBlock {INPUT} at (4,3) size 13x13
                RenderText {#text} at (20,1) size 52x19
                  text run at (20,1) width 52: "7 Pass"
        RenderBlock {SECTION} at (0,122.81) size 784x442.91
          RenderBlock {H2} at (0,0) size 784x28
            RenderText {#text} at (0,0) size 80x28
              text run at (0,0) width 80: "Details"
          RenderTable {TABLE} at (0,47.91) size 784x395 [border: none]
            RenderTableSection {THEAD} at (0,0) size 784x28
              RenderTableRow {TR} at (0,0) size 784x28
                RenderTableCell {TH} at (0,0) size 64x28 [border: none (1px solid #000000) none] [r=0 c=0 rs=1 cs=1]
                  RenderText {#text} at (8,0) size 48x19
                    text run at (8,0) width 48: "Result"
                RenderTableCell {TH} at (64,0) size 328x28 [border: none (1px solid #000000) none] [r=0 c=1 rs=1 cs=1]
                  RenderText {#text} at (122,0) size 84x19
                    text run at (122,0) width 84: "Test Name"
                RenderTableCell {TH} at (392,0) size 392x28 [border: none (1px solid #000000) none] [r=0 c=2 rs=1 cs=1]
                  RenderText {#text} at (162,0) size 68x19
                    text run at (162,0) width 68: "Message"
            RenderTableSection {TBODY} at (0,28) size 784x366
              RenderTableRow {TR} at (0,0) size 784x45
                RenderTableCell {TD} at (0,0) size 64x45 [color=#008000] [border: (2px none #008000) none none] [r=0 c=0 rs=1 cs=1]
                  RenderText {#text} at (16,18) size 33x19
                    text run at (16,18) width 33: "Pass"
                RenderTableCell {TD} at (64,0) size 328x45 [border: (2px none #000000) none none] [r=0 c=1 rs=1 cs=1]
                  RenderText {#text} at (16,18) size 212x19
                    text run at (16,18) width 212: "DOMMatrix.translate(tx, ty)"
                RenderTableCell {TD} at (392,9) size 392x26 [border: (2px none #000000) none none] [r=0 c=2 rs=1 cs=1]
              RenderTableRow {TR} at (0,45) size 784x63
                RenderTableCell {TD} at (0,54) size 64x44 [color=#008000] [border: (1px none #008000) none none] [r=1 c=0 rs=1 cs=1]
                  RenderText {#text} at (16,17) size 33x19
                    text run at (16,17) width 33: "Pass"
                RenderTableCell {TD} at (64,45) size 328x63 [border: (1px none #000000) none none] [r=1 c=1 rs=1 cs=1]
                  RenderText {#text} at (16,17) size 290x38
                    text run at (16,17) width 290: "DOMMatrix.translate(tx, ty) with non-"
                    text run at (16,36) width 56: "identity"
                RenderTableCell {TD} at (392,64) size 392x25 [border: (1px none #000000) none none] [r=1 c=2 rs=1 cs=1]
              RenderTableRow {TR} at (0,108) size 784x44
                RenderTableCell {TD} at (0,108) size 64x44 [color=#008000] [border: (1px none #008000) none none] [r=2 c=0 rs=1 cs=1]
                  RenderText {#text} at (16,17) size 33x19
                    text run at (16,17) width 33: "Pass"
                RenderTableCell {TD} at (64,108) size 328x44 [border: (1px none #000000) none none] [r=2 c=1 rs=1 cs=1]
                  RenderText {#text} at (16,17) size 240x19
                    text run at (16,17) width 240: "DOMMatrix.translateSelf(tx, ty)"
                RenderTableCell {TD} at (392,117) size 392x25 [border: (1px none #000000) none none] [r=2 c=2 rs=1 cs=1]
              RenderTableRow {TR} at (0,152) size 784x44
                RenderTableCell {TD} at (0,152) size 64x44 [color=#008000] [border: (1px none #008000) none none] [r=3 c=0 rs=1 cs=1]
                  RenderText {#text} at (16,17) size 33x19
                    text run at (16,17) width 33: "Pass"
                RenderTableCell {TD} at (64,152) size 328x44 [border: (1px none #000000) none none] [r=3 c=1 rs=1 cs=1]
                  RenderText {#text} at (16,17) size 237x19
                    text run at (16,17) width 237: "DOMMatrix.translate(tx, ty, tz)"
                RenderTableCell {TD} at (392,161) size 392x25 [border: (1px none #000000) none none] [r=3 c=2 rs=1 cs=1]
              RenderTableRow {TR} at (0,196) size 784x63
                RenderTableCell {TD} at (0,205) size 64x44 [color=#008000] [border: (1px none #008000) none none] [r=4 c=0 rs=1 cs=1]
                  RenderText {#text} at (16,17) size 33x19
                    text run at (16,17) width 33: "Pass"
                RenderTableCell {TD} at (64,196) size 328x63 [border: (1px none #000000) none none] [r=4 c=1 rs=1 cs=1]
                  RenderText {#text} at (16,17) size 274x38
                    text run at (16,17) width 274: "DOMMatrix.translate(tx, ty, tz) with"
                    text run at (16,36) width 92: "non-identity"
                RenderTableCell {TD} at (392,215) size 392x25 [border: (1px none #000000) none none] [r=4 c=2 rs=1 cs=1]
              RenderTableRow {TR} at (0,259) size 784x44
                RenderTableCell {TD} at (0,259) size 64x44 [color=#008000] [border: (1px none #008000) none none] [r=5 c=0 rs=1 cs=1]
                  RenderText {#text} at (16,17) size 33x19
                    text run at (16,17) width 33: "Pass"
                RenderTableCell {TD} at (64,259) size 328x44 [border: (1px none #000000) none none] [r=5 c=1 rs=1 cs=1]
                  RenderText {#text} at (16,17) size 265x19
                    text run at (16,17) width 265: "DOMMatrix.translateSelf(tx, ty, tz)"
                RenderTableCell {TD} at (392,268) size 392x25 [border: (1px none #000000) none none] [r=5 c=2 rs=1 cs=1]
              RenderTableRow {TR} at (0,303) size 784x63
                RenderTableCell {TD} at (0,312) size 64x44 [color=#008000] [border: (1px none #008000) none none] [r=6 c=0 rs=1 cs=1]
                  RenderText {#text} at (16,17) size 33x19
                    text run at (16,17) width 33: "Pass"
                RenderTableCell {TD} at (64,303) size 328x63 [border: (1px none #000000) none none] [r=6 c=1 rs=1 cs=1]
                  RenderText {#text} at (16,17) size 265x38
                    text run at (16,17) width 265: "DOMMatrix.translateSelf(tx, ty, tz)"
                    text run at (16,36) width 213: "Homogeneous Coordinates"
                RenderTableCell {TD} at (392,322) size 392x25 [border: (1px none #000000) none none] [r=6 c=2 rs=1 cs=1]
