layer at (0,0) size 800x600 scrollX 2710.00 scrollWidth 4010 scrollHeight 1018
  RenderView at (0,0) size 800x600
layer at (0,0) size 800x1018 backgroundClip at (0,0) size 800x600 clip at (0,0) size 800x600 outlineClip at (0,0) size 800x600
  RenderBlock {HTML} at (0,0) size 800x1018
    RenderBody {BODY} at (8,8) size 784x1002
      RenderBlock {DIV} at (-3218,0) size 4002x1002 [border: (1px solid #FF0000)]
        RenderText {#text} at (2514,1) size 1487x19
          text run at (2514,1) width 1487: "BEGINddddddddddddddddddddddddddddddddddddddddddddddddddddddddddddddddddddddddddddddddddddddddddddddddddddddddddddddddddddddddddddddddddddddddddddddddddddddddddddddddddddddddddddddddEND"
