layer at (0,0) size 800x600
  RenderView at (0,0) size 800x600
layer at (0,0) size 800x600
  RenderBlock {HTML} at (0,0) size 800x600
    RenderBody {BODY} at (8,8) size 784x584
      RenderBlock {P} at (0,0) size 784x16
        RenderText {#text} at (0,0) size 55x16
          text run at (0,0) width 55: "Test for "
        RenderInline {I} at (0,0) size 533x16
          RenderInline {A} at (0,0) size 503x16 [color=#0000EE]
            RenderText {#text} at (54,0) size 503x16
              text run at (54,0) width 503: "REGRESSION(r27173): Web Inspector freezes beneath Image::drawPattern()"
          RenderText {#text} at (556,0) size 31x16
            text run at (556,0) width 31: " Bug"
        RenderText {#text} at (586,0) size 5x16
          text run at (586,0) width 5: "."
      RenderBlock {P} at (0,32) size 784x32
        RenderText {#text} at (0,0) size 784x32
          text run at (0,0) width 784: "There should be three empty squares with black borders and the last one should have blue background. WebKit should not"
          text run at (0,16) width 93: "hang or assert."
      RenderBlock {DIV} at (8,80) size 106x106 [border: (3px solid #000000)]
      RenderBlock {DIV} at (8,194) size 106x106 [border: (3px solid #000000)]
      RenderBlock {DIV} at (8,308) size 106x106 [border: (3px solid #000000)]
      RenderBlock {DIV} at (8,422) size 106x106 [border: (3px solid #000000)]
