layer at (0,0) size 800x600
  RenderView at (0,0) size 800x600
layer at (0,0) size 800x156
  RenderBlock {HTML} at (0,0) size 800x156
    RenderBody {BODY} at (8,8) size 784x140
      RenderBlock {DIV} at (0,0) size 784x26
        RenderTextControl {INPUT} at (2,2) size 124x22 [bgcolor=#FFFFFF] [border: (2px inset #EEEEEE)]
          RenderFlexibleBox {DIV} at (2,3) size 120x16
            RenderBlock {DIV} at (0,0) size 107x16
            RenderImage {DIV} at (107,1.50) size 13x13
        RenderText {#text} at (128,3) size 4x19
          text run at (128,3) width 4: " "
        RenderTextControl {INPUT} at (134,2) size 124x22 [bgcolor=#FFFFFF] [border: (2px inset #EEEEEE)]
          RenderFlexibleBox {DIV} at (2,3) size 120x16
            RenderBlock {DIV} at (0,0) size 107x16
            RenderImage {DIV} at (107,1.50) size 13x13
        RenderText {#text} at (260,3) size 4x19
          text run at (260,3) width 4: " "
        RenderTextControl {INPUT} at (266,2) size 124x22 [bgcolor=#FFFFFF] [border: (2px inset #EEEEEE)]
          RenderFlexibleBox {DIV} at (2,3) size 120x16
            RenderBlock {DIV} at (0,0) size 107x16
            RenderImage {DIV} at (107,1.50) size 13x13
        RenderText {#text} at (0,0) size 0x0
      RenderBlock {HR} at (0,34) size 784x2 [border: (1px inset #EEEEEE)]
      RenderBlock {DIV} at (0,44) size 784x38
        RenderTextControl {INPUT} at (2,2) size 224x34 [bgcolor=#FFFFFF] [border: (2px inset #EEEEEE)]
          RenderFlexibleBox {DIV} at (2,3) size 220x28
            RenderBlock {DIV} at (0,0) size 196x28
            RenderImage {DIV} at (196,2) size 24x24
        RenderText {#text} at (228,11) size 4x19
          text run at (228,11) width 4: " "
        RenderTextControl {INPUT} at (234,2) size 224x34 [bgcolor=#FFFFFF] [border: (2px inset #EEEEEE)]
          RenderFlexibleBox {DIV} at (2,3) size 220x28
            RenderBlock {DIV} at (0,0) size 196x28
            RenderImage {DIV} at (196,2) size 24x24
        RenderText {#text} at (460,11) size 4x19
          text run at (460,11) width 4: " "
        RenderTextControl {INPUT} at (466,2) size 224x34 [bgcolor=#FFFFFF] [border: (2px inset #EEEEEE)]
          RenderFlexibleBox {DIV} at (2,3) size 220x28
            RenderBlock {DIV} at (0,0) size 196x28
            RenderImage {DIV} at (196,2) size 24x24
        RenderText {#text} at (0,0) size 0x0
      RenderBlock {HR} at (0,90) size 784x2 [border: (1px inset #EEEEEE)]
      RenderBlock {DIV} at (0,100) size 784x30
        RenderTextControl {INPUT} at (2,0) size 124x30 [bgcolor=#FFFFFF] [border: (2px inset #EEEEEE)]
          RenderFlexibleBox {DIV} at (2,3) size 120x24
            RenderBlock {DIV} at (0,4) size 107x16
            RenderImage {DIV} at (107,5.50) size 13x13
        RenderText {#text} at (128,5) size 4x19
          text run at (128,5) width 4: " "
        RenderTextControl {INPUT} at (134,0) size 124x30 [bgcolor=#FFFFFF] [border: (2px inset #EEEEEE)]
          RenderFlexibleBox {DIV} at (2,3) size 120x24
            RenderBlock {DIV} at (0,4) size 107x16
            RenderImage {DIV} at (107,5.50) size 13x13
        RenderText {#text} at (260,5) size 4x19
          text run at (260,5) width 4: " "
        RenderTextControl {INPUT} at (266,0) size 124x30 [bgcolor=#FFFFFF] [border: (2px inset #EEEEEE)]
          RenderFlexibleBox {DIV} at (2,3) size 120x24
            RenderBlock {DIV} at (0,4) size 107x16
            RenderImage {DIV} at (107,5.50) size 13x13
        RenderText {#text} at (0,0) size 0x0
      RenderBlock {HR} at (0,138) size 784x2 [border: (1px inset #EEEEEE)]
layer at (12,13) size 107x16
  RenderBlock {DIV} at (0,0) size 107x16
layer at (144,13) size 107x16 scrollWidth 147
  RenderBlock {DIV} at (2,3) size 107x16 [color=#A9A9A9]
    RenderText {#text} at (0,0) size 147x16
      text run at (0,0) width 147: "Enter your nice password"
layer at (144,13) size 107x16
  RenderBlock {DIV} at (0,0) size 107x16
layer at (276,13) size 107x16
  RenderBlock {DIV} at (0,0) size 107x16
    RenderText {#text} at (0,0) size 75x16
      text run at (0,0) width 75: "\x{2022}\x{2022}\x{2022}\x{2022}\x{2022}\x{2022}\x{2022}\x{2022}\x{2022}\x{2022}\x{2022}\x{2022}\x{2022}\x{2022}\x{2022}"
layer at (12,57) size 196x28
  RenderBlock {DIV} at (0,0) size 196x28
layer at (244,57) size 196x28 scrollWidth 273
  RenderBlock {DIV} at (2,3) size 196x28 [color=#A9A9A9]
    RenderText {#text} at (0,0) size 273x27
      text run at (0,0) width 273: "Enter your nice password"
layer at (244,57) size 196x28
  RenderBlock {DIV} at (0,0) size 196x28
layer at (476,57) size 196x28
  RenderBlock {DIV} at (0,0) size 196x28
    RenderText {#text} at (0,0) size 120x27
      text run at (0,0) width 120: "\x{2022}\x{2022}\x{2022}\x{2022}\x{2022}\x{2022}\x{2022}\x{2022}\x{2022}\x{2022}\x{2022}\x{2022}\x{2022}\x{2022}\x{2022}"
layer at (12,115) size 107x16
  RenderBlock {DIV} at (0,0) size 107x16
layer at (144,115) size 107x16 scrollWidth 147
  RenderBlock {DIV} at (2,7) size 107x16 [color=#A9A9A9]
    RenderText {#text} at (0,0) size 147x16
      text run at (0,0) width 147: "Enter your nice password"
layer at (144,115) size 107x16
  RenderBlock {DIV} at (0,0) size 107x16
layer at (276,115) size 107x16
  RenderBlock {DIV} at (0,0) size 107x16
    RenderText {#text} at (0,0) size 75x16
      text run at (0,0) width 75: "\x{2022}\x{2022}\x{2022}\x{2022}\x{2022}\x{2022}\x{2022}\x{2022}\x{2022}\x{2022}\x{2022}\x{2022}\x{2022}\x{2022}\x{2022}"
