layer at (0,0) size 800x600
  RenderView at (0,0) size 800x600
layer at (0,0) size 800x455
  RenderBlock {HTML} at (0,0) size 800x454.83
    RenderBody {BODY} at (8,8) size 784x438.83
      RenderBlock {DIV} at (0,0) size 784x85
        RenderBlock {DETAILS} at (0,0) size 784x85
          RenderBlock {SUMMARY} at (0,0) size 784x85
            RenderDetailsMarker {DIV} at (0,0) size 111.83x79.83 [border: (8px solid #00FF00) (16px solid #00FF00) (24px solid #00FF00) (32px solid #00FF00)]: right
            RenderText {#text} at (121,57) size 95x28
              text run at (121,57) width 95: "Summary"
      RenderBlock {DIV} at (0,85) size 127x173.83
        RenderBlock {DETAILS} at (0,0) size 127x173.83
          RenderBlock {SUMMARY} at (0,0) size 127x173.83
            RenderDetailsMarker {DIV} at (9.59,0) size 111.83x79.83 [border: (8px solid #00FF00) (16px solid #00FF00) (24px solid #00FF00) (32px solid #00FF00)]: down
            RenderText {#text} at (99,79) size 28x95
              text run at (99,79) width 94: "Summary"
      RenderBlock {DIV} at (0,258.83) size 784x46
        RenderBlock {DETAILS} at (0,0) size 784x46
          RenderBlock {SUMMARY} at (0,0) size 784x46
            RenderDetailsMarker {DIV} at (0,0) size 64x40 [border: (8px solid #00FF00)]: right
            RenderText {#text} at (73,18) size 95x28
              text run at (73,18) width 95: "Summary"
      RenderBlock {DIV} at (0,304.83) size 79x134
        RenderBlock {DETAILS} at (0,0) size 79x134
          RenderBlock {SUMMARY} at (0,0) size 79x134
            RenderDetailsMarker {DIV} at (9.59,0) size 64x40 [border: (8px solid #00FF00)]: down
            RenderText {#text} at (51,40) size 28x94
              text run at (51,40) width 94: "Summary"
