layer at (0,0) size 800x600
  RenderView at (0,0) size 800x600
layer at (0,0) size 800x600
  RenderBlock {HTML} at (0,0) size 800x600
    RenderBody {BODY} at (8,8) size 784x584
      RenderBlock {P} at (0,0) size 784x16
        RenderText {#text} at (0,0) size 55x16
          text run at (0,0) width 55: "Test for "
        RenderInline {A} at (0,0) size 69x16 [color=#0000EE]
          RenderText {#text} at (54,0) size 69x16
            text run at (54,0) width 69: "bug 15263"
        RenderText {#text} at (122,0) size 399x16
          text run at (122,0) width 399: ": REGRESSION: scrolldelay=0 causes marquee not to display"
      RenderBlock {P} at (0,32) size 784x32
        RenderText {#text} at (0,0) size 747x32
          text run at (0,0) width 747: "The marquee below is defined with a scrollDelay value of zero and with the truespeed attribute assigned to an empty"
          text run at (0,16) width 45: "string. "
          text run at (44,16) width 573: "It should scroll until the text, \"The marquee scroll test passed\" is visible and left justified."
      RenderBlock (anonymous) at (0,80) size 784x16
        RenderText {#text} at (0,0) size 0x0
layer at (8,88) size 392x16 scrollX -384
  RenderMarquee {MARQUEE} at (0,0) size 392x16 [bgcolor=#00FFFF]
    RenderText {#text} at (0,0) size 197x16
      text run at (0,0) width 197: "The marquee scroll test passed"
