layer at (0,0) size 785x1432
  RenderView at (0,0) size 785x600
layer at (0,0) size 785x1432
  RenderBlock {HTML} at (0,0) size 785x1432
    RenderBody {BODY} at (8,8) size 769x1416
      RenderBlock {DIV} at (0,0) size 769x200
        RenderBlock (floating) {DIV} at (569,0) size 200x200 [bgcolor=#FF0000]
        RenderTable {TABLE} at (46,0) size 723x28 [border: (2px solid #008000)]
          RenderTableSection {TBODY} at (2,2) size 719x24
            RenderTableRow {TR} at (0,2) size 719x20
              RenderTableCell {TD} at (2,2) size 715x20 [r=0 c=0 rs=1 cs=1]
                RenderText {#text} at (1,1) size 713x18
                  text run at (1,1) width 4 RTL: "."
                  text run at (5,1) width 709: "This is a table. It should sit on the same line as the float and wrap as needed to fit within the remaining line width"
      RenderBlock {DIV} at (0,200) size 769x200
        RenderBlock (floating) {DIV} at (569,0) size 200x200 [bgcolor=#FF0000]
      RenderBlock {DIV} at (0,408) size 769x200
        RenderBlock (floating) {DIV} at (569,0) size 200x200 [bgcolor=#FF0000]
        RenderBlock {HR} at (0,0) size 769x2 [border: (1px inset #EEEEEE)]
      RenderBlock {DIV} at (0,608) size 769x200
        RenderBlock (floating) {DIV} at (569,0) size 200x200 [bgcolor=#FF0000]
        RenderTable {TABLE} at (385,0) size 384x46 [border: (2px solid #008000)]
          RenderTableSection {TBODY} at (2,2) size 380x42
            RenderTableRow {TR} at (0,2) size 380x38
              RenderTableCell {TD} at (2,2) size 376x38 [r=0 c=0 rs=1 cs=1]
                RenderText {#text} at (2,1) size 373x36
                  text run at (2,1) width 373: "This is a table. It should sit on the same line as the float and"
                  text run at (39,19) width 4 RTL: "."
                  text run at (43,19) width 332: "wrap as needed to fit within the remaining line width"
      RenderBlock {DIV} at (0,808) size 769x200
        RenderBlock (floating) {DIV} at (569,0) size 200x200 [bgcolor=#FF0000]
      RenderBlock {DIV} at (0,1016) size 769x200
        RenderBlock (floating) {DIV} at (569,0) size 200x200 [bgcolor=#FF0000]
        RenderBlock {HR} at (382.50,0) size 386.50x2 [border: (1px inset #EEEEEE)]
      RenderBlock {DIV} at (0,1216) size 769x200
        RenderBlock (floating) {DIV} at (569,0) size 200x200 [bgcolor=#FF0000]
        RenderImage {IMG} at (384.50,0) size 384.50x50 [bgcolor=#008000]
layer at (8,208) size 769x55 clip at (25,210) size 750x36
  RenderBlock {DIV} at (0,0) size 769x55 [border: (2px solid #0000FF)]
    RenderText {#text} at (60,2) size 692x36
      text run at (60,2) width 692: "This is an overflow:scroll region. It should sit on the same line as the float and wrap as needed to fit within the"
      text run at (618,20) width 4 RTL: "."
      text run at (622,20) width 130: "remaining line width"
layer at (389,816) size 388x73 clip at (406,818) size 369x54
  RenderBlock {DIV} at (380.50,0) size 388.50x73 [border: (2px solid #0000FF)]
    RenderText {#text} at (7,2) size 364x54
      text run at (7,2) width 364: "This is an overflow:scroll region. It should sit on the same"
      text run at (47,20) width 324: "line as the float and wrap as needed to fit within the"
      text run at (237,38) width 4 RTL: "."
      text run at (241,38) width 130: "remaining line width"
