layer at (0,0) size 785x1713
  RenderView at (0,0) size 785x600
layer at (0,0) size 785x1713
  RenderBlock {HTML} at (0,0) size 785x1713.34
    RenderBody {BODY} at (8,19.91) size 769x1677.44
      RenderBlock {H2} at (0,0) size 769x28
        RenderText {#text} at (0,0) size 149x28
          text run at (0,0) width 149: "Test 1 (1 float)"
      RenderBlock {HR} at (48,257.91) size 673x2 [border: (1px inset #EEEEEE)]
      RenderBlock {H2} at (0,307.91) size 769x28
        RenderText {#text} at (0,0) size 149x28
          text run at (0,0) width 149: "Test 2 (1 float)"
      RenderBlock {HR} at (48,565.81) size 673x2 [border: (1px inset #EEEEEE)]
      RenderBlock {H2} at (0,615.81) size 769x28
        RenderText {#text} at (0,0) size 149x28
          text run at (0,0) width 149: "Test 3 (1 float)"
      RenderBlock {HR} at (48,837.72) size 673x2 [border: (1px inset #EEEEEE)]
      RenderBlock {H2} at (0,887.72) size 769x28
        RenderText {#text} at (0,0) size 158x28
          text run at (0,0) width 158: "Test 4 (2 floats)"
      RenderBlock {HR} at (48,1145.63) size 673x2 [border: (1px inset #EEEEEE)]
      RenderBlock {H2} at (0,1195.63) size 769x28
        RenderText {#text} at (0,0) size 158x28
          text run at (0,0) width 158: "Test 5 (2 floats)"
      RenderBlock {HR} at (48,1453.53) size 673x2 [border: (1px inset #EEEEEE)]
      RenderBlock {H2} at (0,1503.53) size 769x28
        RenderText {#text} at (0,0) size 158x28
          text run at (0,0) width 158: "Test 6 (2 floats)"
layer at (8,68) size 769x162 scrollHeight 200
  RenderBlock {DIV} at (0,47.91) size 769x162 [bgcolor=#C0C0C0]
    RenderBlock (floating) {DIV} at (0,0) size 200x200 [bgcolor=#FFFF00] [border: (4px solid #008000)]
      RenderText {#text} at (36,36) size 120x54
        text run at (36,36) width 120: "This yellow square"
        text run at (36,54) width 120: "is floated left and it"
        text run at (36,72) width 93: "has no margin."
layer at (108,68) size 569x162
  RenderBlock {DIV} at (100,0) size 569x162 [bgcolor=#FFA500]
    RenderText {#text} at (0,0) size 140x18
      text run at (0,0) width 140: "This orange rectangle:"
    RenderBR {BR} at (140,0) size 0x18
    RenderText {#text} at (0,18) size 94x18
      text run at (0,18) width 94: "\x{2013} establishes a "
    RenderInline {STRONG} at (0,0) size 193x18
      RenderText {#text} at (94,18) size 193x18
        text run at (94,18) width 193: "new block formating context"
    RenderText {#text} at (287,18) size 194x18
      text run at (287,18) width 194: " thanks to the CSS declaration "
    RenderInline {CODE} at (0,0) size 553x33
      RenderText {#text} at (481,20) size 553x33
        text run at (481,20) width 72: "overflow:"
        text run at (0,38) width 48: "hidden"
    RenderText {#text} at (48,36) size 4x18
      text run at (48,36) width 4: ";"
    RenderBR {BR} at (52,36) size 0x18
    RenderText {#text} at (0,54) size 327x18
      text run at (0,54) width 327: "\x{2013} has a 100px left margin and a 100px right margin;"
    RenderBR {BR} at (327,54) size 0x18
    RenderBR {BR} at (0,72) size 0x18
    RenderText {#text} at (0,90) size 140x18
      text run at (0,90) width 140: "This orange rectangle:"
    RenderBR {BR} at (140,90) size 0x18
    RenderText {#text} at (0,108) size 94x18
      text run at (0,108) width 94: "\x{2013} establishes a "
    RenderInline {STRONG} at (0,0) size 193x18
      RenderText {#text} at (94,108) size 193x18
        text run at (94,108) width 193: "new block formating context"
    RenderText {#text} at (287,108) size 194x18
      text run at (287,108) width 194: " thanks to the CSS declaration "
    RenderInline {CODE} at (0,0) size 553x33
      RenderText {#text} at (481,110) size 553x33
        text run at (481,110) width 72: "overflow:"
        text run at (0,128) width 48: "hidden"
    RenderText {#text} at (48,126) size 4x18
      text run at (48,126) width 4: ";"
    RenderBR {BR} at (52,126) size 0x18
    RenderText {#text} at (0,144) size 327x18
      text run at (0,144) width 327: "\x{2013} has a 100px left margin and a 100px right margin;"
layer at (8,376) size 769x162 scrollHeight 200
  RenderBlock {DIV} at (0,355.81) size 769x162 [bgcolor=#C0C0C0]
    RenderBlock (floating) {DIV} at (0,0) size 200x200 [bgcolor=#FFFF00] [border: (4px solid #008000)]
      RenderText {#text} at (36,36) size 120x54
        text run at (36,36) width 120: "This yellow square"
        text run at (36,54) width 120: "is floated left and it"
        text run at (36,72) width 93: "has no margin."
layer at (208,376) size 569x162
  RenderBlock {DIV} at (200,0) size 569x162 [bgcolor=#FFA500]
    RenderText {#text} at (0,0) size 140x18
      text run at (0,0) width 140: "This orange rectangle:"
    RenderBR {BR} at (140,0) size 0x18
    RenderText {#text} at (0,18) size 94x18
      text run at (0,18) width 94: "\x{2013} establishes a "
    RenderInline {STRONG} at (0,0) size 193x18
      RenderText {#text} at (94,18) size 193x18
        text run at (94,18) width 193: "new block formating context"
    RenderText {#text} at (287,18) size 194x18
      text run at (287,18) width 194: " thanks to the CSS declaration "
    RenderInline {CODE} at (0,0) size 553x33
      RenderText {#text} at (481,20) size 553x33
        text run at (481,20) width 72: "overflow:"
        text run at (0,38) width 48: "hidden"
    RenderText {#text} at (48,36) size 4x18
      text run at (48,36) width 4: ";"
    RenderBR {BR} at (52,36) size 0x18
    RenderText {#text} at (0,54) size 164x18
      text run at (0,54) width 164: "\x{2013} has a 200px left margin;"
    RenderBR {BR} at (164,54) size 0x18
    RenderBR {BR} at (0,72) size 0x18
    RenderText {#text} at (0,90) size 140x18
      text run at (0,90) width 140: "This orange rectangle:"
    RenderBR {BR} at (140,90) size 0x18
    RenderText {#text} at (0,108) size 94x18
      text run at (0,108) width 94: "\x{2013} establishes a "
    RenderInline {STRONG} at (0,0) size 193x18
      RenderText {#text} at (94,108) size 193x18
        text run at (94,108) width 193: "new block formating context"
    RenderText {#text} at (287,108) size 194x18
      text run at (287,108) width 194: " thanks to the CSS declaration "
    RenderInline {CODE} at (0,0) size 553x33
      RenderText {#text} at (481,110) size 553x33
        text run at (481,110) width 72: "overflow:"
        text run at (0,128) width 48: "hidden"
    RenderText {#text} at (48,126) size 4x18
      text run at (48,126) width 4: ";"
    RenderBR {BR} at (52,126) size 0x18
    RenderText {#text} at (0,144) size 164x18
      text run at (0,144) width 164: "\x{2013} has a 200px left margin;"
layer at (8,684) size 769x126 scrollHeight 200
  RenderBlock {DIV} at (0,663.72) size 769x126 [bgcolor=#C0C0C0]
    RenderBlock (floating) {DIV} at (0,0) size 200x200 [bgcolor=#FFFF00] [border: (4px solid #008000)]
      RenderText {#text} at (36,36) size 125x72
        text run at (36,36) width 120: "This yellow square"
        text run at (36,54) width 119: "is a floated left and"
        text run at (36,72) width 125: "it has a right margin"
        text run at (36,90) width 61: "of 100px."
layer at (8,684) size 669x126
  RenderBlock {DIV} at (0,0) size 669x126 [bgcolor=#FFA500]
    RenderText {#text} at (0,0) size 140x18
      text run at (0,0) width 140: "This orange rectangle:"
    RenderBR {BR} at (140,0) size 0x18
    RenderText {#text} at (0,18) size 94x18
      text run at (0,18) width 94: "\x{2013} establishes a "
    RenderInline {STRONG} at (0,0) size 193x18
      RenderText {#text} at (94,18) size 193x18
        text run at (94,18) width 193: "new block formating context"
    RenderText {#text} at (287,18) size 194x18
      text run at (287,18) width 194: " thanks to the CSS declaration "
    RenderInline {CODE} at (0,0) size 128x15
      RenderText {#text} at (481,20) size 128x15
        text run at (481,20) width 128: "overflow: hidden"
    RenderText {#text} at (609,18) size 4x18
      text run at (609,18) width 4: ";"
    RenderBR {BR} at (613,18) size 0x18
    RenderText {#text} at (0,36) size 311x18
      text run at (0,36) width 311: "\x{2013} has a 0px left margin and a 100px right margin;"
    RenderBR {BR} at (311,36) size 0x18
    RenderBR {BR} at (0,54) size 0x18
    RenderText {#text} at (0,72) size 140x18
      text run at (0,72) width 140: "This orange rectangle:"
    RenderBR {BR} at (140,72) size 0x18
    RenderText {#text} at (0,90) size 94x18
      text run at (0,90) width 94: "\x{2013} establishes a "
    RenderInline {STRONG} at (0,0) size 193x18
      RenderText {#text} at (94,90) size 193x18
        text run at (94,90) width 193: "new block formating context"
    RenderText {#text} at (287,90) size 194x18
      text run at (287,90) width 194: " thanks to the CSS declaration "
    RenderInline {CODE} at (0,0) size 128x15
      RenderText {#text} at (481,92) size 128x15
        text run at (481,92) width 128: "overflow: hidden"
    RenderText {#text} at (609,90) size 4x18
      text run at (609,90) width 4: ";"
    RenderBR {BR} at (613,90) size 0x18
    RenderText {#text} at (0,108) size 311x18
      text run at (0,108) width 311: "\x{2013} has a 0px left margin and a 100px right margin;"
layer at (8,956) size 769x162 scrollHeight 200
  RenderBlock {DIV} at (0,935.63) size 769x162 [bgcolor=#C0C0C0]
    RenderBlock (floating) {DIV} at (0,0) size 200x200 [bgcolor=#FFFF00] [border: (4px solid #008000)]
      RenderText {#text} at (36,36) size 120x54
        text run at (36,36) width 120: "This yellow square"
        text run at (36,54) width 120: "is floated left and it"
        text run at (36,72) width 93: "has no margin."
    RenderBlock (floating) {DIV} at (569,0) size 200x200 [bgcolor=#FFFF00] [border: (4px solid #008000)]
      RenderText {#text} at (36,36) size 128x54
        text run at (36,36) width 120: "This yellow square"
        text run at (36,54) width 128: "is a floated right and"
        text run at (36,72) width 105: "it has no margin."
layer at (108,956) size 569x162
  RenderBlock {DIV} at (100,0) size 569x162 [bgcolor=#FFA500]
    RenderText {#text} at (0,0) size 140x18
      text run at (0,0) width 140: "This orange rectangle:"
    RenderBR {BR} at (140,0) size 0x18
    RenderText {#text} at (0,18) size 94x18
      text run at (0,18) width 94: "\x{2013} establishes a "
    RenderInline {STRONG} at (0,0) size 193x18
      RenderText {#text} at (94,18) size 193x18
        text run at (94,18) width 193: "new block formating context"
    RenderText {#text} at (287,18) size 194x18
      text run at (287,18) width 194: " thanks to the CSS declaration "
    RenderInline {CODE} at (0,0) size 553x33
      RenderText {#text} at (481,20) size 553x33
        text run at (481,20) width 72: "overflow:"
        text run at (0,38) width 48: "hidden"
    RenderText {#text} at (48,36) size 4x18
      text run at (48,36) width 4: ";"
    RenderBR {BR} at (52,36) size 0x18
    RenderText {#text} at (0,54) size 327x18
      text run at (0,54) width 327: "\x{2013} has a 100px left margin and a 100px right margin;"
    RenderBR {BR} at (327,54) size 0x18
    RenderBR {BR} at (0,72) size 0x18
    RenderText {#text} at (0,90) size 140x18
      text run at (0,90) width 140: "This orange rectangle:"
    RenderBR {BR} at (140,90) size 0x18
    RenderText {#text} at (0,108) size 94x18
      text run at (0,108) width 94: "\x{2013} establishes a "
    RenderInline {STRONG} at (0,0) size 193x18
      RenderText {#text} at (94,108) size 193x18
        text run at (94,108) width 193: "new block formating context"
    RenderText {#text} at (287,108) size 194x18
      text run at (287,108) width 194: " thanks to the CSS declaration "
    RenderInline {CODE} at (0,0) size 553x33
      RenderText {#text} at (481,110) size 553x33
        text run at (481,110) width 72: "overflow:"
        text run at (0,128) width 48: "hidden"
    RenderText {#text} at (48,126) size 4x18
      text run at (48,126) width 4: ";"
    RenderBR {BR} at (52,126) size 0x18
    RenderText {#text} at (0,144) size 327x18
      text run at (0,144) width 327: "\x{2013} has a 100px left margin and a 100px right margin;"
layer at (8,1263) size 769x162 scrollHeight 200
  RenderBlock {DIV} at (0,1243.53) size 769x162 [bgcolor=#C0C0C0]
    RenderBlock (floating) {DIV} at (0,0) size 200x200 [bgcolor=#FFFF00] [border: (4px solid #008000)]
      RenderText {#text} at (36,36) size 120x54
        text run at (36,36) width 120: "This yellow square"
        text run at (36,54) width 120: "is floated left and it"
        text run at (36,72) width 93: "has no margin."
    RenderBlock (floating) {DIV} at (569,0) size 200x200 [bgcolor=#FFFF00] [border: (4px solid #008000)]
      RenderText {#text} at (36,36) size 128x54
        text run at (36,36) width 120: "This yellow square"
        text run at (36,54) width 128: "is a floated right and"
        text run at (36,72) width 105: "it has no margin."
layer at (8,1263) size 569x162
  RenderBlock {DIV} at (0,0) size 569x162 [bgcolor=#FFA500]
    RenderText {#text} at (0,0) size 140x18
      text run at (0,0) width 140: "This orange rectangle:"
    RenderBR {BR} at (140,0) size 0x18
    RenderText {#text} at (0,18) size 94x18
      text run at (0,18) width 94: "\x{2013} establishes a "
    RenderInline {STRONG} at (0,0) size 193x18
      RenderText {#text} at (94,18) size 193x18
        text run at (94,18) width 193: "new block formating context"
    RenderText {#text} at (287,18) size 194x18
      text run at (287,18) width 194: " thanks to the CSS declaration "
    RenderInline {CODE} at (0,0) size 553x33
      RenderText {#text} at (481,20) size 553x33
        text run at (481,20) width 72: "overflow:"
        text run at (0,38) width 48: "hidden"
    RenderText {#text} at (48,36) size 4x18
      text run at (48,36) width 4: ";"
    RenderBR {BR} at (52,36) size 0x18
    RenderText {#text} at (0,54) size 173x18
      text run at (0,54) width 173: "\x{2013} has a 200px right margin;"
    RenderBR {BR} at (173,54) size 0x18
    RenderBR {BR} at (0,72) size 0x18
    RenderText {#text} at (0,90) size 140x18
      text run at (0,90) width 140: "This orange rectangle:"
    RenderBR {BR} at (140,90) size 0x18
    RenderText {#text} at (0,108) size 94x18
      text run at (0,108) width 94: "\x{2013} establishes a "
    RenderInline {STRONG} at (0,0) size 193x18
      RenderText {#text} at (94,108) size 193x18
        text run at (94,108) width 193: "new block formating context"
    RenderText {#text} at (287,108) size 194x18
      text run at (287,108) width 194: " thanks to the CSS declaration "
    RenderInline {CODE} at (0,0) size 553x33
      RenderText {#text} at (481,110) size 553x33
        text run at (481,110) width 72: "overflow:"
        text run at (0,128) width 48: "hidden"
    RenderText {#text} at (48,126) size 4x18
      text run at (48,126) width 4: ";"
    RenderBR {BR} at (52,126) size 0x18
    RenderText {#text} at (0,144) size 173x18
      text run at (0,144) width 173: "\x{2013} has a 200px right margin;"
layer at (8,1571) size 769x126 scrollHeight 200
  RenderBlock {DIV} at (0,1551.44) size 769x126 [bgcolor=#C0C0C0]
    RenderBlock (floating) {DIV} at (0,0) size 200x200 [bgcolor=#FFFF00] [border: (4px solid #008000)]
      RenderText {#text} at (36,36) size 120x72
        text run at (36,36) width 120: "This yellow square"
        text run at (36,54) width 120: "is floated left and it"
        text run at (36,72) width 113: "has a right margin"
        text run at (36,90) width 61: "of 100px."
    RenderBlock (floating) {DIV} at (569,0) size 200x200 [bgcolor=#FFFF00] [border: (4px solid #008000)]
      RenderText {#text} at (36,36) size 120x72
        text run at (36,36) width 120: "This yellow square"
        text run at (36,54) width 117: "is floated right and"
        text run at (36,72) width 116: "it has a left margin"
        text run at (36,90) width 61: "of 100px."
layer at (8,1571) size 769x126
  RenderBlock {DIV} at (0,0) size 769x126 [bgcolor=#FFA500]
    RenderText {#text} at (0,0) size 140x18
      text run at (0,0) width 140: "This orange rectangle:"
    RenderBR {BR} at (140,0) size 0x18
    RenderText {#text} at (0,18) size 94x18
      text run at (0,18) width 94: "\x{2013} establishes a "
    RenderInline {STRONG} at (0,0) size 193x18
      RenderText {#text} at (94,18) size 193x18
        text run at (94,18) width 193: "new block formating context"
    RenderText {#text} at (287,18) size 194x18
      text run at (287,18) width 194: " thanks to the CSS declaration "
    RenderInline {CODE} at (0,0) size 128x15
      RenderText {#text} at (481,20) size 128x15
        text run at (481,20) width 128: "overflow: hidden"
    RenderText {#text} at (609,18) size 4x18
      text run at (609,18) width 4: ";"
    RenderBR {BR} at (613,18) size 0x18
    RenderText {#text} at (0,36) size 295x18
      text run at (0,36) width 295: "\x{2013} has a 0px left margin and a 0px right margin;"
    RenderBR {BR} at (295,36) size 0x18
    RenderBR {BR} at (0,54) size 0x18
    RenderText {#text} at (0,72) size 140x18
      text run at (0,72) width 140: "This orange rectangle:"
    RenderBR {BR} at (140,72) size 0x18
    RenderText {#text} at (0,90) size 94x18
      text run at (0,90) width 94: "\x{2013} establishes a "
    RenderInline {STRONG} at (0,0) size 193x18
      RenderText {#text} at (94,90) size 193x18
        text run at (94,90) width 193: "new block formating context"
    RenderText {#text} at (287,90) size 194x18
      text run at (287,90) width 194: " thanks to the CSS declaration "
    RenderInline {CODE} at (0,0) size 128x15
      RenderText {#text} at (481,92) size 128x15
        text run at (481,92) width 128: "overflow: hidden"
    RenderText {#text} at (609,90) size 4x18
      text run at (609,90) width 4: ";"
    RenderBR {BR} at (613,90) size 0x18
    RenderText {#text} at (0,108) size 295x18
      text run at (0,108) width 295: "\x{2013} has a 0px left margin and a 0px right margin;"
