layer at (0,0) size 866x1838
  RenderView at (0,0) size 800x600
layer at (0,0) size 800x1838
  RenderBlock {HTML} at (0,0) size 800x1838
    RenderBody {BODY} at (8,8) size 784x1822 [bgcolor=#CCCCCC]
      RenderBlock {P} at (0,0) size 784x18
        RenderText {#text} at (0,0) size 363x17
          text run at (0,0) width 363: "The style declarations which apply to the text below are:"
      RenderBlock {PRE} at (0,34) size 784x225
        RenderText {#text} at (0,0) size 859x225
          text run at (0,0) width 656: ".one {background-image: url(../resources/oransqr.gif); background-repeat: repeat-y;}"
          text run at (655,0) width 1: " "
          text run at (0,15) width 656: ".two {background-image: url(../resources/oransqr.gif); background-repeat: repeat-x;}"
          text run at (655,15) width 1: " "
          text run at (0,30) width 679: ".three {background-image: url(../resources/oransqr.gif); background-repeat: no-repeat;}"
          text run at (678,30) width 1: " "
          text run at (0,45) width 859: ".four {background-image: url(../resources/bg.gif); background-position: 50% 50%; background-repeat: repeat-y;}"
          text run at (858,45) width 1: " "
          text run at (0,60) width 687: ".five {background-image: url(../resources/crosshair2.gif); background-position: 50% 50%;"
          text run at (686,60) width 1: " "
          text run at (0,75) width 235: "       background-color: red;}"
          text run at (234,75) width 1: " "
          text run at (0,90) width 703: ".six {background-image: url(../resources/crosshair2.gif); background-position: center top;"
          text run at (702,90) width 1: " "
          text run at (0,105) width 227: "      background-color: red;}"
          text run at (226,105) width 1: " "
          text run at (0,120) width 703: ".seven {background-image: url(../resources/crosshair2.gif); background-position: top left;"
          text run at (702,120) width 1: " "
          text run at (0,135) width 242: "        background-color: red;}"
          text run at (241,135) width 1: " "
          text run at (0,150) width 734: ".eight {background-image: url(../resources/crosshair2.gif); background-position: bottom right;"
          text run at (733,150) width 1: " "
          text run at (0,165) width 242: "        background-color: red;}"
          text run at (241,165) width 1: " "
          text run at (0,180) width 687: ".nine {background-image: url(../resources/crosshair2.gif); background-position: 50% 50%;"
          text run at (686,180) width 1: " "
          text run at (0,195) width 235: "       background-color: red;}"
          text run at (234,195) width 1: " "
          text run at (0,210) width 0: " "
      RenderBlock {HR} at (0,272) size 784x2 [border: (1px inset #EEEEEE)]
      RenderBlock {P} at (0,290) size 784x54
        RenderText {#text} at (0,0) size 779x35
          text run at (0,0) width 779: "This sentence should have an orange stripe repeated in the \"y\" direction, starting at the upper left corner (since the default"
          text run at (0,18) width 23: "for "
        RenderInline {CODE} at (0,0) size 149x15
          RenderText {#text} at (22,21) size 149x15
            text run at (22,21) width 149: "background-position"
        RenderText {#text} at (170,18) size 740x35
          text run at (170,18) width 328: " is '0% 0%' and that property is not declared here). "
          text run at (497,18) width 243: "This is extra text included for the sole"
          text run at (0,36) width 265: "purpose of making the paragraph longer. "
          text run at (264,36) width 224: "Thank you for your understanding."
      RenderBlock {P} at (0,360) size 784x54
        RenderText {#text} at (0,0) size 779x35
          text run at (0,0) width 779: "This sentence should have an orange stripe repeated in the \"x\" direction, starting at the upper left corner (since the default"
          text run at (0,18) width 23: "for "
        RenderInline {CODE} at (0,0) size 149x15
          RenderText {#text} at (22,21) size 149x15
            text run at (22,21) width 149: "background-position"
        RenderText {#text} at (170,18) size 740x35
          text run at (170,18) width 328: " is '0% 0%' and that property is not declared here). "
          text run at (497,18) width 243: "This is extra text included for the sole"
          text run at (0,36) width 265: "purpose of making the paragraph longer. "
          text run at (264,36) width 224: "Thank you for your understanding."
      RenderBlock {P} at (0,430) size 784x54
        RenderText {#text} at (0,0) size 712x17
          text run at (0,0) width 712: "This sentence should have a single orange square behind it, placed at the upper left corner (since the default for"
        RenderInline {CODE} at (0,0) size 149x15
          RenderText {#text} at (0,21) size 149x15
            text run at (0,21) width 149: "background-position"
        RenderText {#text} at (148,18) size 772x35
          text run at (148,18) width 327: " is '0% 0%' and that property is not declared here). "
          text run at (474,18) width 298: "This is extra text included for the sole purpose"
          text run at (0,36) width 210: "of making the paragraph longer. "
          text run at (209,36) width 225: "Thank you for your understanding."
      RenderBlock {P} at (0,500) size 784x72
        RenderText {#text} at (0,0) size 778x35
          text run at (0,0) width 778: "This sentence should have a green-hatch stripe running vertically down the center of the paragraph, with the origin image"
          text run at (0,18) width 221: "exactly centered in the paragraph. "
          text run at (220,18) width 103: "This is because "
        RenderInline {CODE} at (0,0) size 63x15
          RenderText {#text} at (322,21) size 63x15
            text run at (322,21) width 63: "repeat-y"
        RenderText {#text} at (384,18) size 119x17
          text run at (384,18) width 119: " specifies tiling in "
        RenderInline {EM} at (0,0) size 30x17
          RenderText {#text} at (502,18) size 30x17
            text run at (502,18) width 30: "both"
        RenderText {#text} at (531,18) size 780x35
          text run at (531,18) width 162: " directions on the y-axis. "
          text run at (692,18) width 88: "Note that this"
          text run at (0,36) width 275: "test is only valid if the user agent supports "
        RenderInline {CODE} at (0,0) size 149x15
          RenderText {#text} at (274,39) size 149x15
            text run at (274,39) width 149: "background-position"
        RenderText {#text} at (422,36) size 35x17
          text run at (422,36) width 35: " (see "
        RenderInline {A} at (0,0) size 59x17 [color=#0000FF]
          RenderText {#text} at (456,36) size 59x17
            text run at (456,36) width 59: "test 5.3.6"
        RenderText {#text} at (514,36) size 772x35
          text run at (514,36) width 14: "). "
          text run at (527,36) width 245: "I'll fill the paragraph with extra text to"
          text run at (0,54) width 350: "make the conformance (or lack thereof) more obvious."
      RenderBlock {P} at (0,588) size 784x90 [bgcolor=#FF0000]
        RenderText {#text} at (0,0) size 768x17
          text run at (0,0) width 670: "This paragraph should have a tiled background, with the origin image exactly centered in the paragraph. "
          text run at (669,0) width 99: "This is because"
        RenderInline {CODE} at (0,0) size 133x15
          RenderText {#text} at (0,21) size 133x15
            text run at (0,21) width 133: "background-repeat"
        RenderText {#text} at (132,18) size 119x17
          text run at (132,18) width 119: " specifies tiling in "
        RenderInline {EM} at (0,0) size 18x17
          RenderText {#text} at (250,18) size 18x17
            text run at (250,18) width 18: "all"
        RenderText {#text} at (267,18) size 766x35
          text run at (267,18) width 372: " directions, regardless of the position of the origin image. "
          text run at (638,18) width 128: "Note that this test is"
          text run at (0,36) width 234: "only valid if the user agent supports "
        RenderInline {CODE} at (0,0) size 149x15
          RenderText {#text} at (233,39) size 149x15
            text run at (233,39) width 149: "background-position"
        RenderText {#text} at (381,36) size 35x17
          text run at (381,36) width 35: " (see "
        RenderInline {A} at (0,0) size 59x17 [color=#0000FF]
          RenderText {#text} at (415,36) size 59x17
            text run at (415,36) width 59: "test 5.3.6"
        RenderText {#text} at (473,36) size 783x53
          text run at (473,36) width 14: "). "
          text run at (486,36) width 284: "I'll fill the paragraph with extra text to make"
          text run at (0,54) width 315: "the conformance (or lack thereof) more obvious. "
          text run at (314,54) width 469: "A background color is present, although if it is visible then the image has"
          text run at (0,72) width 144: "not bee correctly tiled."
      RenderBlock {P} at (0,694) size 784x54 [bgcolor=#FF0000]
        RenderText {#text} at (0,0) size 781x53
          text run at (0,0) width 781: "This sentence should have a fully tiled background which starts at its center top; that is, the background's origin should be"
          text run at (0,18) width 283: "the exact center of the top of the paragraph. "
          text run at (282,18) width 461: "I'll fill it with extra text to make the conformance (or lack thereof) more"
          text run at (0,36) width 59: "obvious. "
          text run at (58,36) width 670: "A background color is present, although if it is visible, then the image may not have been tiled correctly."
      RenderBlock {P} at (0,764) size 784x54 [bgcolor=#FF0000]
        RenderText {#text} at (0,0) size 770x53
          text run at (0,0) width 499: "This sentence should have a fully tiled background which starts at its top left. "
          text run at (498,0) width 229: "I'll fill it with extra text to make the"
          text run at (0,18) width 291: "conformance (or lack thereof) more obvious. "
          text run at (290,18) width 480: "A background color is present, although if it is visible, then the image may"
          text run at (0,36) width 187: "not have been tiled correctly."
      RenderBlock {P} at (0,834) size 784x72 [bgcolor=#FF0000]
        RenderText {#text} at (0,0) size 778x71
          text run at (0,0) width 778: "This sentence should have a fully tiled background which starts at its bottom right; in other words, a complete instance of"
          text run at (0,18) width 703: "the image should be anchored in the bottom right corner, with the tiled background extending out from there. "
          text run at (702,18) width 53: "I'll fill it"
          text run at (0,36) width 467: "with extra text to make the conformance (or lack thereof) more obvious. "
          text run at (466,36) width 299: "A background color is present, although if it is"
          text run at (0,54) width 367: "visible, then the image may not have been tiled correctly."
      RenderBlock {P} at (0,922) size 784x108 [bgcolor=#FF0000]
        RenderText {#text} at (0,0) size 783x107
          text run at (0,0) width 737: "This sentence should have a fully tiled background which starts at its center and is tiled in all directions; that is, the"
          text run at (0,18) width 414: "background's origin should be the exact center of the paragraph. "
          text run at (413,18) width 370: "I'll fill it with extra text to make the conformance (or lack"
          text run at (0,36) width 151: "thereof) more obvious. "
          text run at (150,36) width 454: "In fact, a lot of extra text will be necessary to make this at all obvious. "
          text run at (603,36) width 160: "This is true because I am"
          text run at (0,54) width 765: "not able to increase the text size without resorting to either headings or other CSS properties, neither of which I want to"
          text run at (0,72) width 162: "use in this circumstance. "
          text run at (161,72) width 245: "This ought to be enough text, though. "
          text run at (405,72) width 350: "A background color is present, although if it is visible,"
          text run at (0,90) width 316: "then the image may not have been tiled correctly."
      RenderTable {TABLE} at (0,1046) size 784x776 [border: (1px outset #808080)]
        RenderTableSection {TBODY} at (1,1) size 782x774
          RenderTableRow {TR} at (0,0) size 782x26
            RenderTableCell {TD} at (0,0) size 782x26 [bgcolor=#C0C0C0] [border: (1px inset #808080)] [r=0 c=0 rs=1 cs=2]
              RenderInline {STRONG} at (0,0) size 163x17
                RenderText {#text} at (4,4) size 163x17
                  text run at (4,4) width 163: "TABLE Testing Section"
          RenderTableRow {TR} at (0,26) size 782x748
            RenderTableCell {TD} at (0,387) size 12x26 [bgcolor=#C0C0C0] [border: (1px inset #808080)] [r=1 c=0 rs=1 cs=1]
              RenderText {#text} at (4,4) size 4x17
                text run at (4,4) width 4: " "
            RenderTableCell {TD} at (12,26) size 770x748 [border: (1px inset #808080)] [r=1 c=1 rs=1 cs=1]
              RenderBlock {P} at (4,4) size 762x54
                RenderText {#text} at (0,0) size 731x35
                  text run at (0,0) width 731: "This sentence should have an orange stripe repeated in the \"y\" direction, starting at the upper left corner (since the"
                  text run at (0,18) width 72: "default for "
                RenderInline {CODE} at (0,0) size 149x15
                  RenderText {#text} at (71,21) size 149x15
                    text run at (71,21) width 149: "background-position"
                RenderText {#text} at (219,18) size 759x35
                  text run at (219,18) width 327: " is '0% 0%' and that property is not declared here). "
                  text run at (545,18) width 214: "This is extra text included for the"
                  text run at (0,36) width 295: "sole purpose of making the paragraph longer. "
                  text run at (294,36) width 224: "Thank you for your understanding."
              RenderBlock {P} at (4,74) size 762x54
                RenderText {#text} at (0,0) size 731x35
                  text run at (0,0) width 731: "This sentence should have an orange stripe repeated in the \"x\" direction, starting at the upper left corner (since the"
                  text run at (0,18) width 72: "default for "
                RenderInline {CODE} at (0,0) size 149x15
                  RenderText {#text} at (71,21) size 149x15
                    text run at (71,21) width 149: "background-position"
                RenderText {#text} at (219,18) size 759x35
                  text run at (219,18) width 327: " is '0% 0%' and that property is not declared here). "
                  text run at (545,18) width 214: "This is extra text included for the"
                  text run at (0,36) width 295: "sole purpose of making the paragraph longer. "
                  text run at (294,36) width 224: "Thank you for your understanding."
              RenderBlock {P} at (4,144) size 762x54
                RenderText {#text} at (0,0) size 712x17
                  text run at (0,0) width 712: "This sentence should have a single orange square behind it, placed at the upper left corner (since the default for"
                RenderInline {CODE} at (0,0) size 149x15
                  RenderText {#text} at (0,21) size 149x15
                    text run at (0,21) width 149: "background-position"
                RenderText {#text} at (148,18) size 717x35
                  text run at (148,18) width 327: " is '0% 0%' and that property is not declared here). "
                  text run at (474,18) width 243: "This is extra text included for the sole"
                  text run at (0,36) width 265: "purpose of making the paragraph longer. "
                  text run at (264,36) width 224: "Thank you for your understanding."
              RenderBlock {P} at (4,214) size 762x72
                RenderText {#text} at (0,0) size 734x35
                  text run at (0,0) width 734: "This sentence should have a green-hatch stripe running vertically down the center of the paragraph, with the origin"
                  text run at (0,18) width 264: "image exactly centered in the paragraph. "
                  text run at (263,18) width 103: "This is because "
                RenderInline {CODE} at (0,0) size 63x15
                  RenderText {#text} at (365,21) size 63x15
                    text run at (365,21) width 63: "repeat-y"
                RenderText {#text} at (427,18) size 119x17
                  text run at (427,18) width 119: " specifies tiling in "
                RenderInline {EM} at (0,0) size 30x17
                  RenderText {#text} at (545,18) size 30x17
                    text run at (545,18) width 30: "both"
                RenderText {#text} at (574,18) size 732x35
                  text run at (574,18) width 158: " directions on the y-axis."
                  text run at (0,36) width 365: "Note that this test is only valid if the user agent supports "
                RenderInline {CODE} at (0,0) size 149x15
                  RenderText {#text} at (364,39) size 149x15
                    text run at (364,39) width 149: "background-position"
                RenderText {#text} at (512,36) size 35x17
                  text run at (512,36) width 35: " (see "
                RenderInline {A} at (0,0) size 59x17 [color=#0000FF]
                  RenderText {#text} at (546,36) size 59x17
                    text run at (546,36) width 59: "test 5.3.6"
                RenderText {#text} at (604,36) size 750x35
                  text run at (604,36) width 14: "). "
                  text run at (617,36) width 133: "I'll fill the paragraph"
                  text run at (0,54) width 463: "with extra text to make the conformance (or lack thereof) more obvious."
              RenderBlock {P} at (4,302) size 762x90 [bgcolor=#FF0000]
                RenderText {#text} at (0,0) size 714x35
                  text run at (0,0) width 670: "This paragraph should have a tiled background, with the origin image exactly centered in the paragraph. "
                  text run at (669,0) width 45: "This is"
                  text run at (0,18) width 55: "because "
                RenderInline {CODE} at (0,0) size 134x15
                  RenderText {#text} at (54,21) size 134x15
                    text run at (54,21) width 134: "background-repeat"
                RenderText {#text} at (187,18) size 119x17
                  text run at (187,18) width 119: " specifies tiling in "
                RenderInline {EM} at (0,0) size 18x17
                  RenderText {#text} at (305,18) size 18x17
                    text run at (305,18) width 18: "all"
                RenderText {#text} at (322,18) size 753x35
                  text run at (322,18) width 371: " directions, regardless of the position of the origin image. "
                  text run at (692,18) width 61: "Note that"
                  text run at (0,36) width 302: "this test is only valid if the user agent supports "
                RenderInline {CODE} at (0,0) size 149x15
                  RenderText {#text} at (301,39) size 149x15
                    text run at (301,39) width 149: "background-position"
                RenderText {#text} at (449,36) size 35x17
                  text run at (449,36) width 35: " (see "
                RenderInline {A} at (0,0) size 59x17 [color=#0000FF]
                  RenderText {#text} at (483,36) size 59x17
                    text run at (483,36) width 59: "test 5.3.6"
                RenderText {#text} at (541,36) size 755x53
                  text run at (541,36) width 14: "). "
                  text run at (554,36) width 201: "I'll fill the paragraph with extra"
                  text run at (0,54) width 398: "text to make the conformance (or lack thereof) more obvious. "
                  text run at (397,54) width 346: "A background color is present, although if it is visible"
                  text run at (0,72) width 268: "then the image has not bee correctly tiled."
              RenderBlock {P} at (4,408) size 762x54 [bgcolor=#FF0000]
                RenderText {#text} at (0,0) size 762x53
                  text run at (0,0) width 761: "This sentence should have a fully tiled background which starts at its center top; that is, the background's origin should"
                  text run at (0,18) width 302: "be the exact center of the top of the paragraph. "
                  text run at (301,18) width 461: "I'll fill it with extra text to make the conformance (or lack thereof) more"
                  text run at (0,36) width 59: "obvious. "
                  text run at (58,36) width 670: "A background color is present, although if it is visible, then the image may not have been tiled correctly."
              RenderBlock {P} at (4,478) size 762x54 [bgcolor=#FF0000]
                RenderText {#text} at (0,0) size 739x53
                  text run at (0,0) width 499: "This sentence should have a fully tiled background which starts at its top left. "
                  text run at (498,0) width 229: "I'll fill it with extra text to make the"
                  text run at (0,18) width 291: "conformance (or lack thereof) more obvious. "
                  text run at (290,18) width 449: "A background color is present, although if it is visible, then the image"
                  text run at (0,36) width 218: "may not have been tiled correctly."
              RenderBlock {P} at (4,548) size 762x72 [bgcolor=#FF0000]
                RenderText {#text} at (0,0) size 760x71
                  text run at (0,0) width 760: "This sentence should have a fully tiled background which starts at its bottom right; in other words, a complete instance"
                  text run at (0,18) width 720: "of the image should be anchored in the bottom right corner, with the tiled background extending out from there. "
                  text run at (719,18) width 41: "I'll fill"
                  text run at (0,36) width 479: "it with extra text to make the conformance (or lack thereof) more obvious. "
                  text run at (478,36) width 272: "A background color is present, although if"
                  text run at (0,54) width 395: "it is visible, then the image may not have been tiled correctly."
              RenderBlock {P} at (4,636) size 762x108 [bgcolor=#FF0000]
                RenderText {#text} at (0,0) size 761x107
                  text run at (0,0) width 737: "This sentence should have a fully tiled background which starts at its center and is tiled in all directions; that is, the"
                  text run at (0,18) width 414: "background's origin should be the exact center of the paragraph. "
                  text run at (413,18) width 339: "I'll fill it with extra text to make the conformance (or"
                  text run at (0,36) width 181: "lack thereof) more obvious. "
                  text run at (180,36) width 455: "In fact, a lot of extra text will be necessary to make this at all obvious. "
                  text run at (634,36) width 127: "This is true because"
                  text run at (0,54) width 746: "I am not able to increase the text size without resorting to either headings or other CSS properties, neither of which I"
                  text run at (0,72) width 213: "want to use in this circumstance. "
                  text run at (212,72) width 245: "This ought to be enough text, though. "
                  text run at (456,72) width 299: "A background color is present, although if it is"
                  text run at (0,90) width 367: "visible, then the image may not have been tiled correctly."
