layer at (0,0) size 800x600
  RenderView at (0,0) size 800x600
layer at (0,0) size 800x600
  RenderBlock {HTML} at (0,0) size 800x600
    RenderBody {BODY} at (8,8) size 784x584
      RenderBlock {P} at (0,0) size 784x18
        RenderText {#text} at (0,0) size 55x17
          text run at (0,0) width 55: "Test for "
        RenderInline {I} at (0,0) size 533x17
          RenderInline {A} at (0,0) size 503x17 [color=#0000EE]
            RenderText {#text} at (54,0) size 503x17
              text run at (54,0) width 503: "REGRESSION(r27173): Web Inspector freezes beneath Image::drawPattern()"
          RenderText {#text} at (556,0) size 31x17
            text run at (556,0) width 31: " Bug"
        RenderText {#text} at (586,0) size 5x17
          text run at (586,0) width 5: "."
      RenderBlock {P} at (0,34) size 784x36
        RenderText {#text} at (0,0) size 784x35
          text run at (0,0) width 784: "There should be three empty squares with black borders and the last one should have blue background. WebKit should not"
          text run at (0,18) width 93: "hang or assert."
      RenderBlock {DIV} at (8,86) size 106x106 [border: (3px solid #000000)]
      RenderBlock {DIV} at (8,200) size 106x106 [border: (3px solid #000000)]
      RenderBlock {DIV} at (8,314) size 106x106 [border: (3px solid #000000)]
      RenderBlock {DIV} at (8,428) size 106x106 [border: (3px solid #000000)]
