layer at (0,0) size 1506x1671
  RenderView at (0,0) size 800x600
layer at (0,0) size 800x1671
  RenderBlock {HTML} at (0,0) size 800x1671.19
    RenderBody {BODY} at (8,17.41) size 784x1640.78 [color=#00FF00] [bgcolor=#333333]
      RenderBlock {H1} at (0,0) size 784x30
        RenderText {#text} at (0,0) size 515x30
          text run at (0,0) width 515: "CSS2 Table Backgrounds Test Suite"
      RenderBlock {H2} at (0,47.41) size 784x22
        RenderText {#text} at (0,0) size 246x22
          text run at (0,0) width 246: "Part E: Special Tests"
      RenderBlock {H3} at (0,85.58) size 784x18
        RenderText {#text} at (0,0) size 156x18
          text run at (0,0) width 156: "Fixed Backgrounds"
      RenderBlock {UL} at (0,118.78) size 784x60
        RenderListItem {LI} at (40,0) size 744x45
          RenderListMarker at (-15,0) size 6x15: bullet
          RenderText {#text} at (0,0) size 742x45
            text run at (0,0) width 742: "If you scroll the table over the top left corner of the viewport, the first, second, and fourth"
            text run at (0,15) width 718: "rows as well as cell L should reveal a purple and aqua band forming a 90-degree angle in the"
            text run at (0,30) width 125: "top left corner."
        RenderListItem {LI} at (40,45) size 744x15
          RenderListMarker at (-15,0) size 6x15: bullet
          RenderText {#text} at (0,0) size 648x15
            text run at (0,0) width 648: "Cells A and P should have a rainbow background that seems attached to the viewport."
      RenderBlock {DL} at (0,191.78) size 784x60
        RenderBlock {DT} at (0,0) size 784x15
          RenderText {#text} at (0,0) size 63x15
            text run at (0,0) width 63: "previous"
        RenderBlock {DD} at (40,15) size 744x15
          RenderInline {A} at (0,0) size 172x15 [color=#FFFF00]
            RenderText {#text} at (0,0) size 172x15
              text run at (0,0) width 172: "Special Tests: opacity"
          RenderText {#text} at (0,0) size 0x0
        RenderBlock {DT} at (0,30) size 784x15
          RenderText {#text} at (0,0) size 63x15
            text run at (0,0) width 63: "contents"
        RenderBlock {DD} at (40,45) size 744x15
          RenderInline {A} at (0,0) size 133x15 [color=#FFFF00]
            RenderText {#text} at (0,0) size 133x15
              text run at (0,0) width 133: "Table of Contents"
          RenderText {#text} at (0,0) size 0x0
      RenderTable {TABLE} at (0,264.78) size 618x471 [color=#000000] [bgcolor=#FFFFFF] [border: (1px dotted #000000)]
        RenderBlock {CAPTION} at (0,0) size 618x27 [color=#FFFFFF]
          RenderText {#text} at (142,0) size 334x27
            text run at (142,0) width 334: "With 'border-collapse: separate'"
        RenderTableCol {COLGROUP} at (0,0) size 0x0
          RenderTableCol {COL} at (0,0) size 0x0
          RenderTableCol {COL} at (0,0) size 0x0
          RenderTableCol {COL} at (0,0) size 0x0
        RenderTableCol {COLGROUP} at (0,0) size 0x0
          RenderTableCol {COL} at (0,0) size 0x0
        RenderTableSection {THEAD} at (1,28) size 616x114
          RenderTableRow {TR} at (0,7) size 616x100
            RenderTableCell {TH} at (7,44) size 130x26 [border: (1px dotted #000000)] [r=0 c=0 rs=1 cs=1]
              RenderText {#text} at (42,2) size 46x21
                text run at (42,2) width 46: "TH A"
            RenderTableCell {TH} at (144,32) size 220x50 [border: (13px dotted #000000)] [r=0 c=1 rs=1 cs=1]
              RenderText {#text} at (87,14) size 46x21
                text run at (87,14) width 46: "TH B"
            RenderTableCell {TH} at (371,55) size 118x4 [border: (1px dotted #000000)] [r=0 c=2 rs=1 cs=1]
            RenderTableCell {TH} at (496,44) size 113x26 [border: (1px dotted #000000)] [r=0 c=3 rs=1 cs=1]
              RenderText {#text} at (34,2) size 45x21
                text run at (34,2) width 45: "TH D"
        RenderTableSection {TFOOT} at (1,348) size 616x122
          RenderTableRow {TR} at (0,0) size 616x115
            RenderTableCell {TD} at (7,42) size 357x31 [border: (1px dotted #000000)] [r=0 c=0 rs=1 cs=2]
              RenderText {#text} at (2,2) size 54x27
                text run at (2,2) width 54: "TD M"
            RenderTableCell {TD} at (371,42) size 118x31 [border: (1px dotted #000000)] [r=0 c=2 rs=1 cs=1]
              RenderText {#text} at (2,2) size 52x27
                text run at (2,2) width 52: "TD O"
            RenderTableCell {TD} at (496,42) size 113x31 [border: (1px dotted #000000)] [r=0 c=3 rs=1 cs=1]
              RenderText {#text} at (2,2) size 50x27
                text run at (2,2) width 50: "TD P"
        RenderTableSection {TBODY} at (1,142) size 616x206
          RenderTableRow {TR} at (0,0) size 616x108
            RenderTableCell {TD} at (7,72) size 130x55 [border: (13px dotted #000000)] [r=0 c=0 rs=2 cs=1]
              RenderText {#text} at (14,14) size 50x27
                text run at (14,14) width 50: "TD E"
            RenderTableCell {TD} at (144,38) size 220x31 [border: (1px dotted #000000)] [r=0 c=1 rs=1 cs=1]
              RenderText {#text} at (2,2) size 49x27
                text run at (2,2) width 49: "TD F"
            RenderTableCell {TD} at (371,38) size 118x31 [border: (1px dotted #000000)] [r=0 c=2 rs=1 cs=1]
              RenderText {#text} at (2,2) size 52x27
                text run at (2,2) width 52: "TD G"
            RenderTableCell {TD} at (496,38) size 113x31 [border: (1px dotted #000000)] [r=0 c=3 rs=1 cs=1]
              RenderText {#text} at (2,2) size 52x27
                text run at (2,2) width 52: "TD H"
          RenderTableRow {TR} at (0,115) size 616x84
            RenderTableCell {TD} at (144,141) size 220x31 [border: (1px dotted #000000)] [r=1 c=1 rs=1 cs=1]
              RenderText {#text} at (2,2) size 49x27
                text run at (2,2) width 49: "TD J"
            RenderTableCell {TD} at (371,141) size 118x31 [border: (1px dotted #000000)] [r=1 c=2 rs=1 cs=1]
              RenderText {#text} at (2,2) size 52x27
                text run at (2,2) width 52: "TD K"
            RenderTableCell {TD} at (496,141) size 113x31 [border: (1px dotted #000000)] [r=1 c=3 rs=1 cs=1]
              RenderText {#text} at (2,2) size 49x27
                text run at (2,2) width 49: "TD L"
      RenderTable {TABLE} at (0,735.78) size 578x437 [color=#000000] [bgcolor=#FFFFFF] [border: (6px dotted #000000)]
        RenderBlock {CAPTION} at (0,0) size 578x27 [color=#FFFFFF]
          RenderText {#text} at (124,0) size 330x27
            text run at (124,0) width 330: "With 'border-collapse: collapse'"
        RenderTableCol {COLGROUP} at (0,0) size 0x0
          RenderTableCol {COL} at (0,0) size 0x0
          RenderTableCol {COL} at (0,0) size 0x0
          RenderTableCol {COL} at (0,0) size 0x0
        RenderTableCol {COLGROUP} at (0,0) size 0x0
          RenderTableCol {COL} at (0,0) size 0x0
        RenderTableSection {THEAD} at (0,33) size 577x99
          RenderTableRow {TR} at (0,0) size 577x99
            RenderTableCell {TH} at (0,34) size 135x31 [border: (1px dotted #000000)] [r=0 c=0 rs=1 cs=1]
              RenderText {#text} at (42,2) size 46x21
                text run at (42,2) width 46: "TH A"
            RenderTableCell {TH} at (135,31) size 207x37 [border: (7px dotted #000000)] [r=0 c=1 rs=1 cs=1]
              RenderText {#text} at (81,8) size 46x21
                text run at (81,8) width 46: "TH B"
            RenderTableCell {TH} at (342,48) size 123x3 [border: (1px dotted #000000)] [r=0 c=2 rs=1 cs=1]
            RenderTableCell {TH} at (465,37) size 112x25 [border: (1px dotted #000000)] [r=0 c=3 rs=1 cs=1]
              RenderText {#text} at (34,2) size 45x21
                text run at (34,2) width 45: "TH D"
        RenderTableSection {TFOOT} at (0,322) size 577x114
          RenderTableRow {TR} at (0,0) size 577x114
            RenderTableCell {TD} at (0,39) size 342x36 [border: (7px dotted #000000)] [r=0 c=0 rs=1 cs=2]
              RenderText {#text} at (2,8) size 54x27
                text run at (2,8) width 54: "TD M"
            RenderTableCell {TD} at (342,42) size 123x30 [border: (1px dotted #000000)] [r=0 c=2 rs=1 cs=1]
              RenderText {#text} at (2,2) size 52x27
                text run at (2,2) width 52: "TD O"
            RenderTableCell {TD} at (465,42) size 112x30 [border: (1px dotted #000000)] [r=0 c=3 rs=1 cs=1]
              RenderText {#text} at (2,2) size 50x27
                text run at (2,2) width 50: "TD P"
        RenderTableSection {TBODY} at (0,132) size 577x190
          RenderTableRow {TR} at (0,0) size 577x107
            RenderTableCell {TD} at (0,74) size 135x42 [border: (7px dotted #000000)] [r=0 c=0 rs=2 cs=1]
              RenderText {#text} at (8,8) size 50x27
                text run at (8,8) width 50: "TD E"
            RenderTableCell {TD} at (135,35) size 207x36 [border: (7px dotted #000000)] [r=0 c=1 rs=1 cs=1]
              RenderText {#text} at (8,8) size 49x27
                text run at (8,8) width 49: "TD F"
            RenderTableCell {TD} at (342,38) size 123x30 [border: (1px dotted #000000)] [r=0 c=2 rs=1 cs=1]
              RenderText {#text} at (2,2) size 52x27
                text run at (2,2) width 52: "TD G"
            RenderTableCell {TD} at (465,38) size 112x30 [border: (1px dotted #000000)] [r=0 c=3 rs=1 cs=1]
              RenderText {#text} at (2,2) size 52x27
                text run at (2,2) width 52: "TD H"
          RenderTableRow {TR} at (0,107) size 577x83
            RenderTableCell {TD} at (135,133) size 207x30 [border: (1px dotted #000000)] [r=1 c=1 rs=1 cs=1]
              RenderText {#text} at (8,2) size 49x27
                text run at (8,2) width 49: "TD J"
            RenderTableCell {TD} at (342,133) size 123x30 [border: (1px dotted #000000)] [r=1 c=2 rs=1 cs=1]
              RenderText {#text} at (2,2) size 52x27
                text run at (2,2) width 52: "TD K"
            RenderTableCell {TD} at (465,133) size 112x30 [border: (1px dotted #000000)] [r=1 c=3 rs=1 cs=1]
              RenderText {#text} at (2,2) size 49x27
                text run at (2,2) width 49: "TD L"
      RenderBlock {DIV} at (0,1172.78) size 784x35
        RenderInline {A} at (0,0) size 88x15 [color=#FFFF00]
          RenderImage {IMG} at (0,0) size 88x31
        RenderText {#text} at (0,0) size 0x0
      RenderBlock {ADDRESS} at (0,1207.78) size 784x15
        RenderText {#text} at (0,0) size 687x15
          text run at (0,0) width 687: "CSS2 Table Backgrounds Test Suite designed and written by fantasai <fantasai@escape.com>"
      RenderBlock {PRE} at (0,1235.78) size 784x405
        RenderText {#text} at (0,0) size 1498x405
          text run at (0,0) width 1498: "................................................................................................................................................................................................"
          text run at (1497,0) width 1: " "
          text run at (0,15) width 8: "."
          text run at (7,15) width 1: " "
          text run at (0,30) width 8: "."
          text run at (7,30) width 1: " "
          text run at (0,45) width 8: "."
          text run at (7,45) width 1: " "
          text run at (0,60) width 8: "."
          text run at (7,60) width 1: " "
          text run at (0,75) width 8: "."
          text run at (7,75) width 1: " "
          text run at (0,90) width 8: "."
          text run at (7,90) width 1: " "
          text run at (0,105) width 8: "."
          text run at (7,105) width 1: " "
          text run at (0,120) width 8: "."
          text run at (7,120) width 1: " "
          text run at (0,135) width 8: "."
          text run at (7,135) width 1: " "
          text run at (0,150) width 8: "."
          text run at (7,150) width 1: " "
          text run at (0,165) width 8: "."
          text run at (7,165) width 1: " "
          text run at (0,180) width 8: "."
          text run at (7,180) width 1: " "
          text run at (0,195) width 8: "."
          text run at (7,195) width 1: " "
          text run at (0,210) width 8: "."
          text run at (7,210) width 1: " "
          text run at (0,225) width 8: "."
          text run at (7,225) width 1: " "
          text run at (0,240) width 8: "."
          text run at (7,240) width 1: " "
          text run at (0,255) width 8: "."
          text run at (7,255) width 1: " "
          text run at (0,270) width 8: "."
          text run at (7,270) width 1: " "
          text run at (0,285) width 8: "."
          text run at (7,285) width 1: " "
          text run at (0,300) width 8: "."
          text run at (7,300) width 1: " "
          text run at (0,315) width 8: "."
          text run at (7,315) width 1: " "
          text run at (0,330) width 8: "."
          text run at (7,330) width 1: " "
          text run at (0,345) width 8: "."
          text run at (7,345) width 1: " "
          text run at (0,360) width 8: "."
          text run at (7,360) width 1: " "
          text run at (0,375) width 8: "."
          text run at (7,375) width 1: " "
          text run at (0,390) width 8: "."
          text run at (7,390) width 1: " "
