layer at (0,0) size 800x600
  RenderView at (0,0) size 800x600
layer at (0,0) size 800x263
  RenderBlock {HTML} at (0,0) size 800x263
    RenderBody {BODY} at (8,16) size 784x239
      RenderBlock {P} at (0,0) size 784x18
        RenderText {#text} at (0,0) size 261x18
          text run at (0,0) width 261: "Test passes if the T is only big and green."
      RenderBlock {DIV} at (0,34) size 784x41
        RenderInline (generated) at (0,0) size 22x41 [color=#008000]
          RenderText {#text} at (0,0) size 22x41
            text run at (0,0) width 22: "T"
        RenderText {#text} at (22,18) size 22x18
          text run at (22,18) width 22: ")est"
      RenderBlock {DIV} at (0,75) size 784x41
        RenderInline (generated) at (0,0) size 22x41 [color=#008000]
          RenderText {#text} at (0,0) size 22x41
            text run at (0,0) width 22: "T"
        RenderText {#text} at (22,18) size 24x18
          text run at (22,18) width 24: "\x{201D}est"
      RenderBlock {DIV} at (0,116) size 784x41
        RenderInline (generated) at (0,0) size 22x41 [color=#008000]
          RenderText {#text} at (0,0) size 22x41
            text run at (0,0) width 22: "T"
        RenderText {#text} at (22,18) size 29x18
          text run at (22,18) width 29: " \x{BB}est"
      RenderBlock {DIV} at (0,157) size 784x41
        RenderInline (generated) at (0,0) size 22x41 [color=#008000]
          RenderText {#text} at (0,0) size 22x41
            text run at (0,0) width 22: "T"
        RenderText {#text} at (22,18) size 45x18
          text run at (22,18) width 45: " \x{BB}    est"
      RenderBlock {DIV} at (0,198) size 784x41
        RenderInline (generated) at (0,0) size 22x41 [color=#008000]
          RenderText {#text} at (0,0) size 22x41
            text run at (0,0) width 22: "T"
        RenderText {#text} at (22,18) size 47x18
          text run at (22,18) width 47: "@@est"
