layer at (0,0) size 785x2912
  RenderView at (0,0) size 785x600
layer at (0,0) size 785x2912
  RenderBlock {HTML} at (0,0) size 785x2912
    RenderBody {BODY} at (8,16) size 769x2848 [bgcolor=#FFFFFF]
      RenderBlock {P} at (0,0) size 769x18
        RenderText {#text} at (0,0) size 165x17
          text run at (0,0) width 165: "This page is part of the "
        RenderInline {A} at (0,0) size 73x17 [color=#0000EE]
          RenderText {#text} at (165,0) size 73x17
            text run at (165,0) width 73: "CSS3.info"
        RenderText {#text} at (238,0) size 4x17
          text run at (238,0) width 4: " "
        RenderInline {A} at (0,0) size 131x17 [color=#0000EE]
          RenderText {#text} at (242,0) size 131x17
            text run at (242,0) width 131: "CSS selectors test"
        RenderText {#text} at (373,0) size 133x17
          text run at (373,0) width 133: ". See more info on "
        RenderInline {A} at (0,0) size 111x17 [color=#0000EE]
          RenderText {#text} at (506,0) size 111x17
            text run at (506,0) width 111: "CSS3 selectors"
        RenderText {#text} at (617,0) size 4x17
          text run at (617,0) width 4: "."
      RenderBlock {DIV} at (0,34) size 769x0 [bgcolor=#009900]
      RenderBlock {OL} at (0,34) size 769x2814
        RenderListItem {LI} at (40,0) size 615.19x213 [bgcolor=#AAAAAA]
          RenderBlock {DIV} at (16,16) size 583.19x24 [bgcolor=#990000]
            RenderBlock {DIV} at (0,0) size 583.19x24 [bgcolor=#009900]
          RenderBlock {PRE} at (16,53) size 583.19x76 [bgcolor=#FFFFFF]
            RenderListMarker at (-37,6.50) size 17x17: "1"
            RenderText {#text} at (6,8) size 281x62
              text run at (6,8) width 153: "div:first-of-type {"
              text run at (158,8) width 1: " "
              text run at (6,25) width 9: "}"
              text run at (14,25) width 1: " "
              text run at (6,40) width 1: " "
              text run at (6,55) width 281: "<div>Does this element match?</div>"
          RenderBlock {P} at (16,145) size 583.19x36
            RenderText {#text} at (0,0) size 551x35
              text run at (0,0) width 551: "The CSS selector should match the marked div element, because it is the only"
              text run at (0,18) width 137: "element of this type"
        RenderListItem {LI} at (40,261) size 615.19x228 [bgcolor=#AAAAAA]
          RenderBlock {DIV} at (16,16) size 583.19x24 [bgcolor=#990000]
            RenderBlock {DIV} at (0,0) size 583.19x24 [bgcolor=#009900]
            RenderBlock {DIV} at (0,24) size 583.19x0
          RenderBlock {PRE} at (16,53) size 583.19x91 [bgcolor=#FFFFFF]
            RenderListMarker at (-37,6.50) size 17x17: "2"
            RenderText {#text} at (6,8) size 281x77
              text run at (6,8) width 153: "div:first-of-type {"
              text run at (158,8) width 1: " "
              text run at (6,25) width 9: "}"
              text run at (14,25) width 1: " "
              text run at (6,40) width 1: " "
              text run at (6,55) width 281: "<div>Does this element match?</div>"
              text run at (286,55) width 1: " "
              text run at (6,70) width 89: "<div></div>"
          RenderBlock {P} at (16,160) size 583.19x36
            RenderText {#text} at (0,0) size 546x35
              text run at (0,0) width 546: "The CSS selector should match the marked div element, because it is the first"
              text run at (0,18) width 137: "element of this type"
        RenderListItem {LI} at (40,537) size 615.19x228 [bgcolor=#AAAAAA]
          RenderBlock {DIV} at (16,16) size 583.19x24 [bgcolor=#990000]
            RenderBlock {BLOCKQUOTE} at (0,0) size 583.19x0 [bgcolor=#009900]
            RenderBlock {DIV} at (0,0) size 583.19x24 [bgcolor=#009900]
          RenderBlock {PRE} at (16,53) size 583.19x91 [bgcolor=#FFFFFF]
            RenderListMarker at (-37,6.50) size 17x17: "3"
            RenderText {#text} at (6,8) size 281x77
              text run at (6,8) width 153: "div:first-of-type {"
              text run at (158,8) width 1: " "
              text run at (6,25) width 9: "}"
              text run at (14,25) width 1: " "
              text run at (6,40) width 1: " "
              text run at (6,55) width 201: "<blockquote></blockquote>"
              text run at (206,55) width 1: " "
              text run at (6,70) width 281: "<div>Does this element match?</div>"
          RenderBlock {P} at (16,160) size 583.19x36
            RenderText {#text} at (0,0) size 546x35
              text run at (0,0) width 546: "The CSS selector should match the marked div element, because it is the first"
              text run at (0,18) width 137: "element of this type"
        RenderListItem {LI} at (40,813) size 615.19x258 [bgcolor=#AAAAAA]
          RenderBlock {DIV} at (16,16) size 583.19x24 [bgcolor=#990000]
            RenderBlock {DIV} at (0,0) size 583.19x0 [bgcolor=#009900]
            RenderBlock {BLOCKQUOTE} at (0,0) size 583.19x24 [bgcolor=#009900]
              RenderBlock {DIV} at (0,0) size 583.19x24
          RenderBlock {PRE} at (16,53) size 583.19x121 [bgcolor=#FFFFFF]
            RenderListMarker at (-37,6.50) size 17x17: "4"
            RenderText {#text} at (6,8) size 305x107
              text run at (6,8) width 153: "div:first-of-type {"
              text run at (158,8) width 1: " "
              text run at (6,25) width 9: "}"
              text run at (14,25) width 1: " "
              text run at (6,40) width 1: " "
              text run at (6,55) width 89: "<div></div>"
              text run at (94,55) width 1: " "
              text run at (6,70) width 97: "<blockquote>"
              text run at (102,70) width 1: " "
              text run at (6,85) width 305: "   <div>Does this element match?</div>"
              text run at (310,85) width 1: " "
              text run at (6,100) width 105: "</blockquote>"
          RenderBlock {P} at (16,190) size 583.19x36
            RenderText {#text} at (0,0) size 546x35
              text run at (0,0) width 546: "The CSS selector should match the marked div element, because it is the first"
              text run at (0,18) width 230: "element of this type in this scope"
        RenderListItem {LI} at (40,1119) size 615.19x243 [bgcolor=#AAAAAA]
          RenderBlock {DIV} at (16,16) size 583.19x24 [bgcolor=#990000]
            RenderBlock {DIV} at (0,0) size 583.19x24 [bgcolor=#009900]
              RenderBlock {DIV} at (0,0) size 583.19x24
          RenderBlock {PRE} at (16,53) size 583.19x106 [bgcolor=#FFFFFF]
            RenderListMarker at (-37,6.50) size 17x17: "5"
            RenderText {#text} at (6,8) size 305x92
              text run at (6,8) width 153: "div:first-of-type {"
              text run at (158,8) width 1: " "
              text run at (6,25) width 9: "}"
              text run at (14,25) width 1: " "
              text run at (6,40) width 1: " "
              text run at (6,55) width 41: "<div>"
              text run at (46,55) width 1: " "
              text run at (6,70) width 305: "   <div>Does this element match?</div>"
              text run at (310,70) width 1: " "
              text run at (6,85) width 49: "</div>"
          RenderBlock {P} at (16,175) size 583.19x36
            RenderText {#text} at (0,0) size 546x35
              text run at (0,0) width 546: "The CSS selector should match the marked div element, because it is the first"
              text run at (0,18) width 280: "element of this type in the current scope"
        RenderListItem {LI} at (40,1410) size 615.19x258 [bgcolor=#AAAAAA]
          RenderBlock {DIV} at (16,16) size 583.19x24 [bgcolor=#990000]
            RenderBlock {BLOCKQUOTE} at (0,0) size 583.19x0 [bgcolor=#009900]
              RenderBlock {DIV} at (0,0) size 583.19x0
            RenderBlock {DIV} at (0,0) size 583.19x24 [bgcolor=#009900]
          RenderBlock {PRE} at (16,53) size 583.19x121 [bgcolor=#FFFFFF]
            RenderListMarker at (-37,6.50) size 17x17: "6"
            RenderText {#text} at (6,8) size 281x107
              text run at (6,8) width 153: "div:first-of-type {"
              text run at (158,8) width 1: " "
              text run at (6,25) width 9: "}"
              text run at (14,25) width 1: " "
              text run at (6,40) width 1: " "
              text run at (6,55) width 97: "<blockquote>"
              text run at (102,55) width 1: " "
              text run at (6,70) width 113: "   <div></div>"
              text run at (118,70) width 1: " "
              text run at (6,85) width 105: "</blockquote>"
              text run at (110,85) width 1: " "
              text run at (6,100) width 281: "<div>Does this element match?</div>"
          RenderBlock {P} at (16,190) size 583.19x36
            RenderText {#text} at (0,0) size 546x35
              text run at (0,0) width 546: "The CSS selector should match the marked div element, because it is the first"
              text run at (0,18) width 280: "element of this type in the current scope"
        RenderListItem {LI} at (40,1716) size 615.19x228 [bgcolor=#AAAAAA]
          RenderBlock {DIV} at (16,16) size 583.19x24 [bgcolor=#009900]
            RenderBlock {DIV} at (0,0) size 583.19x0 [bgcolor=#990000]
            RenderBlock {DIV} at (0,0) size 583.19x24
          RenderBlock {PRE} at (16,53) size 583.19x91 [bgcolor=#FFFFFF]
            RenderListMarker at (-37,6.50) size 17x17: "7"
            RenderText {#text} at (6,8) size 281x77
              text run at (6,8) width 153: "div:first-of-type {"
              text run at (158,8) width 1: " "
              text run at (6,25) width 9: "}"
              text run at (14,25) width 1: " "
              text run at (6,40) width 1: " "
              text run at (6,55) width 89: "<div></div>"
              text run at (94,55) width 1: " "
              text run at (6,70) width 281: "<div>Does this element match?</div>"
          RenderBlock {P} at (16,160) size 583.19x36
            RenderText {#text} at (0,0) size 543x35
              text run at (0,0) width 543: "The CSS selector should not match the marked div element, because it is the"
              text run at (0,18) width 193: "second element of this type"
        RenderListItem {LI} at (40,1992) size 615.19x228 [bgcolor=#AAAAAA]
          RenderBlock {DIV} at (16,16) size 583.19x24 [bgcolor=#009900]
            RenderBlock {DIV} at (0,0) size 583.19x0 [bgcolor=#990000]
            RenderBlock {DIV} at (0,0) size 583.19x24
          RenderBlock {PRE} at (16,53) size 583.19x91 [bgcolor=#FFFFFF]
            RenderListMarker at (-37,6.50) size 17x17: "8"
            RenderText {#text} at (6,8) size 281x77
              text run at (6,8) width 153: "div:first-of-type {"
              text run at (158,8) width 1: " "
              text run at (6,25) width 9: "}"
              text run at (14,25) width 1: " "
              text run at (6,40) width 1: " "
              text run at (6,55) width 89: "<DIV></DIV>"
              text run at (94,55) width 1: " "
              text run at (6,70) width 281: "<div>Does this element match?</div>"
          RenderBlock {P} at (16,160) size 583.19x36
            RenderText {#text} at (0,0) size 543x35
              text run at (0,0) width 543: "The CSS selector should not match the marked div element, because it is the"
              text run at (0,18) width 193: "second element of this type"
        RenderListItem {LI} at (40,2268) size 615.19x258 [bgcolor=#AAAAAA]
          RenderBlock {DIV} at (16,16) size 583.19x24 [bgcolor=#990000]
            RenderBlock {DIV} at (0,0) size 583.19x24 [bgcolor=#009900]
            RenderBlock {DIV} at (0,24) size 583.19x0
          RenderBlock {PRE} at (16,53) size 583.19x121 [bgcolor=#FFFFFF]
            RenderListMarker at (-37,6.50) size 17x17: "9"
            RenderText {#text} at (6,8) size 521x107
              text run at (6,8) width 153: "div:first-of-type {"
              text run at (158,8) width 1: " "
              text run at (6,25) width 9: "}"
              text run at (14,25) width 1: " "
              text run at (6,40) width 1: " "
              text run at (6,55) width 233: "<div id='insertBefore'></div>"
              text run at (238,55) width 1: " "
              text run at (6,70) width 1: " "
              text run at (6,85) width 393: "var ib = document.getElementById('insertBefore');"
              text run at (398,85) width 1: " "
              text run at (6,100) width 521: "ib.parentElement.insertBefore(document.createElement(\"div\"), ib);"
          RenderBlock {P} at (16,190) size 583.19x36
            RenderText {#text} at (0,0) size 567x35
              text run at (0,0) width 567: "The CSS selector should match the div element that is inserted by the Javascript"
              text run at (0,18) width 39: "code."
        RenderListItem {LI} at (40,2574) size 615.19x240 [bgcolor=#AAAAAA]
          RenderBlock {DIV} at (16,16) size 583.19x24 [bgcolor=#009900]
            RenderBlock {DIV} at (0,0) size 583.19x0 [bgcolor=#990000]
            RenderBlock {DIV} at (0,0) size 583.19x24
          RenderBlock {PRE} at (16,53) size 583.19x121 [bgcolor=#FFFFFF]
            RenderListMarker at (-46,6.50) size 26x17: "10"
            RenderText {#text} at (6,8) size 521x107
              text run at (6,8) width 153: "div:first-of-type {"
              text run at (158,8) width 1: " "
              text run at (6,25) width 9: "}"
              text run at (14,25) width 1: " "
              text run at (6,40) width 1: " "
              text run at (6,55) width 233: "<div id='insertBefore'></div>"
              text run at (238,55) width 1: " "
              text run at (6,70) width 1: " "
              text run at (6,85) width 393: "var ib = document.getElementById('insertBefore');"
              text run at (398,85) width 1: " "
              text run at (6,100) width 521: "ib.parentElement.insertBefore(document.createElement(\"div\"), ib);"
          RenderBlock {P} at (16,190) size 583.19x18
            RenderText {#text} at (0,0) size 529x17
              text run at (0,0) width 529: "The original div element should not be a match for the :first-of-type selector."
