layer at (0,0) size 800x600
  RenderView at (0,0) size 800x600
layer at (0,0) size 800x600
  RenderBlock {HTML} at (0,0) size 800x600
    RenderBody {BODY} at (8,8) size 784x584
      RenderBlock {P} at (0,0) size 784x18
        RenderText {#text} at (0,0) size 769x18
          text run at (0,0) width 769: "The following two lines should look differently. The first line is synthetic bold of normal face, the second line is bold face."
      RenderBlock {DIV} at (0,34) size 784x23
        RenderInline {SPAN} at (0,0) size 412x22
          RenderText {#text} at (0,0) size 412x22
            text run at (0,0) width 412: "The quick brown fox jumps over the lazy dog"
      RenderBlock {DIV} at (0,57) size 784x23
        RenderInline {SPAN} at (0,0) size 388x22
          RenderText {#text} at (0,0) size 388x22
            text run at (0,0) width 388: "The quick brown fox jumps over the lazy dog"
      RenderBlock {P} at (0,96) size 784x18
        RenderText {#text} at (0,0) size 773x18
          text run at (0,0) width 773: "The following two lines should look differently. The first line is synthetic italic of normal face, the second line is italic face."
      RenderBlock {DIV} at (0,130) size 784x23
        RenderInline {SPAN} at (0,0) size 369x22
          RenderText {#text} at (0,0) size 369x22
            text run at (0,0) width 369: "The quick brown fox jumps over the lazy dog"
      RenderBlock {DIV} at (0,153) size 784x23
        RenderInline {SPAN} at (0,0) size 362x22
          RenderText {#text} at (0,0) size 362x22
            text run at (0,0) width 362: "The quick brown fox jumps over the lazy dog"
