layer at (0,0) size 800x600
  RenderView at (0,0) size 800x600
layer at (0,0) size 800x412
  RenderBlock {HTML} at (0,0) size 800x412
    RenderBody {BODY} at (8,16) size 784x186
      RenderBlock {P} at (0,0) size 784x18
        RenderText {#text} at (0,0) size 439x18
          text run at (0,0) width 439: "For each of pairs, the first one and the second one should be identical."
        RenderText {#text} at (0,0) size 0x0
      RenderTable {TABLE} at (0,34) size 152x362
        RenderTableSection {TBODY} at (0,0) size 152x362
          RenderTableRow {TR} at (0,2) size 152x76
            RenderTableCell {TD} at (2,2) size 73x75.81 [r=0 c=0 rs=1 cs=1]
              RenderBlock {SECTION} at (1,1) size 71x73.81
                RenderBlock {HR} at (0,0) size 71x2 [border: (1px inset #EEEEEE)]
                RenderBlock {H1} at (0,21.91) size 71x30 [border: (1px solid #00FF00)]
                  RenderText {#text} at (1,1) size 69x28
                    text run at (1,1) width 69: "MMM"
                RenderBlock {HR} at (0,71.81) size 71x2 [border: (1px inset #EEEEEE)]
            RenderTableCell {TD} at (77,2) size 73x75.81 [r=0 c=1 rs=1 cs=1]
              RenderBlock {HR} at (1,1) size 71x2 [border: (1px inset #EEEEEE)]
              RenderBlock {H2} at (1,22.91) size 71x30 [border: (1px solid #00FF00)]
                RenderText {#text} at (1,1) size 69x28
                  text run at (1,1) width 69: "MMM"
              RenderBlock {HR} at (1,72.81) size 71x2 [border: (1px inset #EEEEEE)]
          RenderTableRow {TR} at (0,80) size 152x67
            RenderTableCell {TD} at (2,80) size 73x67.44 [r=1 c=0 rs=1 cs=1]
              RenderBlock {ARTICLE} at (1,1) size 71x65.44
                RenderBlock {SECTION} at (0,0) size 71x65.44
                  RenderBlock {HR} at (0,0) size 71x2 [border: (1px inset #EEEEEE)]
                  RenderBlock {H1} at (0,20.72) size 71x24 [border: (1px solid #00FF00)]
                    RenderText {#text} at (1,1) size 54x22
                      text run at (1,1) width 54: "MMM"
                  RenderBlock {HR} at (0,63.44) size 71x2 [border: (1px inset #EEEEEE)]
            RenderTableCell {TD} at (77,80) size 73x67.44 [r=1 c=1 rs=1 cs=1]
              RenderBlock {HR} at (1,1) size 71x2 [border: (1px inset #EEEEEE)]
              RenderBlock {H3} at (1,21.72) size 71x24 [border: (1px solid #00FF00)]
                RenderText {#text} at (1,1) size 54x22
                  text run at (1,1) width 54: "MMM"
              RenderBlock {HR} at (1,64.44) size 71x2 [border: (1px inset #EEEEEE)]
          RenderTableRow {TR} at (0,149) size 152x69
            RenderTableCell {TD} at (2,149) size 73x68.53 [r=2 c=0 rs=1 cs=1]
              RenderBlock {NAV} at (1,1) size 71x66.53
                RenderBlock {ARTICLE} at (0,0) size 71x66.53
                  RenderBlock {SECTION} at (0,0) size 71x66.53
                    RenderBlock {HR} at (0,0) size 71x2 [border: (1px inset #EEEEEE)]
                    RenderBlock {H1} at (0,23.27) size 71x20 [border: (1px solid #00FF00)]
                      RenderText {#text} at (1,1) size 45x18
                        text run at (1,1) width 45: "MMM"
                    RenderBlock {HR} at (0,64.53) size 71x2 [border: (1px inset #EEEEEE)]
            RenderTableCell {TD} at (77,149) size 73x68.53 [r=2 c=1 rs=1 cs=1]
              RenderBlock {HR} at (1,1) size 71x2 [border: (1px inset #EEEEEE)]
              RenderBlock {H4} at (1,24.27) size 71x20 [border: (1px solid #00FF00)]
                RenderText {#text} at (1,1) size 45x18
                  text run at (1,1) width 45: "MMM"
              RenderBlock {HR} at (1,65.53) size 71x2 [border: (1px inset #EEEEEE)]
          RenderTableRow {TR} at (0,220) size 152x67
            RenderTableCell {TD} at (2,220) size 73x67.34 [r=3 c=0 rs=1 cs=1]
              RenderBlock {NAV} at (1,1) size 71x65.34
                RenderBlock {ASIDE} at (0,0) size 71x65.34
                  RenderBlock {ARTICLE} at (0,0) size 71x65.34
                    RenderBlock {SECTION} at (0,0) size 71x65.34
                      RenderBlock {HR} at (0,0) size 71x2 [border: (1px inset #EEEEEE)]
                      RenderBlock {H1} at (0,24.17) size 71x17 [border: (1px solid #00FF00)]
                        RenderText {#text} at (1,1) size 39x15
                          text run at (1,1) width 39: "MMM"
                      RenderBlock {HR} at (0,63.34) size 71x2 [border: (1px inset #EEEEEE)]
            RenderTableCell {TD} at (77,220) size 73x67.34 [r=3 c=1 rs=1 cs=1]
              RenderBlock {HR} at (1,1) size 71x2 [border: (1px inset #EEEEEE)]
              RenderBlock {H5} at (1,25.17) size 71x17 [border: (1px solid #00FF00)]
                RenderText {#text} at (1,1) size 39x15
                  text run at (1,1) width 39: "MMM"
              RenderBlock {HR} at (1,64.34) size 71x2 [border: (1px inset #EEEEEE)]
          RenderTableRow {TR} at (0,289) size 152x71
            RenderTableCell {TD} at (2,289) size 73x70.94 [r=4 c=0 rs=1 cs=1]
              RenderBlock {SECTION} at (1,1) size 71x68.94
                RenderBlock {DIV} at (0,0) size 71x68.94
                  RenderBlock {NAV} at (0,0) size 71x68.94
                    RenderBlock {ASIDE} at (0,0) size 71x68.94
                      RenderBlock {ARTICLE} at (0,0) size 71x68.94
                        RenderBlock {SECTION} at (0,0) size 71x68.94
                          RenderBlock {HR} at (0,0) size 71x2 [border: (1px inset #EEEEEE)]
                          RenderBlock {H1} at (0,26.97) size 71x15 [border: (1px solid #00FF00)]
                            RenderText {#text} at (1,1) size 30x13
                              text run at (1,1) width 30: "MMM"
                          RenderBlock {HR} at (0,66.94) size 71x2 [border: (1px inset #EEEEEE)]
                  RenderBlock {DIV} at (0,68.94) size 71x0
            RenderTableCell {TD} at (77,289) size 73x70.94 [r=4 c=1 rs=1 cs=1]
              RenderBlock {HR} at (1,1) size 71x2 [border: (1px inset #EEEEEE)]
              RenderBlock {H6} at (1,27.97) size 71x15 [border: (1px solid #00FF00)]
                RenderText {#text} at (1,1) size 30x13
                  text run at (1,1) width 30: "MMM"
              RenderBlock {HR} at (1,67.94) size 71x2 [border: (1px inset #EEEEEE)]
      RenderTable {TABLE} at (152,34) size 362x152
        RenderTableSection {TBODY} at (0,0) size 362x152
          RenderTableRow {TR} at (0,2) size 76x152
            RenderTableCell {TD} at (2,2) size 75.81x73 [r=0 c=0 rs=1 cs=1]
              RenderBlock {SECTION} at (1,1) size 73.81x71
                RenderBlock {HR} at (0,0) size 2x71 [border: (1px inset #EEEEEE)]
                RenderBlock {H1} at (21.91,0) size 30x71 [border: (1px solid #00FF00)]
                  RenderText {#text} at (1,1) size 28x69
                    text run at (1,1) width 69: "MMM"
                RenderBlock {HR} at (71.81,0) size 2x71 [border: (1px inset #EEEEEE)]
            RenderTableCell {TD} at (2,77) size 75.81x73 [r=0 c=1 rs=1 cs=1]
              RenderBlock {HR} at (1,1) size 2x71 [border: (1px inset #EEEEEE)]
              RenderBlock {H2} at (22.91,1) size 30x71 [border: (1px solid #00FF00)]
                RenderText {#text} at (1,1) size 28x69
                  text run at (1,1) width 69: "MMM"
              RenderBlock {HR} at (72.81,1) size 2x71 [border: (1px inset #EEEEEE)]
          RenderTableRow {TR} at (0,80) size 67x152
            RenderTableCell {TD} at (80,2) size 67.44x73 [r=1 c=0 rs=1 cs=1]
              RenderBlock {ARTICLE} at (1,1) size 65.44x71
                RenderBlock {SECTION} at (0,0) size 65.44x71
                  RenderBlock {HR} at (0,0) size 2x71 [border: (1px inset #EEEEEE)]
                  RenderBlock {H1} at (20.72,0) size 24x71 [border: (1px solid #00FF00)]
                    RenderText {#text} at (1,1) size 22x54
                      text run at (1,1) width 54: "MMM"
                  RenderBlock {HR} at (63.44,0) size 2x71 [border: (1px inset #EEEEEE)]
            RenderTableCell {TD} at (80,77) size 67.44x73 [r=1 c=1 rs=1 cs=1]
              RenderBlock {HR} at (1,1) size 2x71 [border: (1px inset #EEEEEE)]
              RenderBlock {H3} at (21.72,1) size 24x71 [border: (1px solid #00FF00)]
                RenderText {#text} at (1,1) size 22x54
                  text run at (1,1) width 54: "MMM"
              RenderBlock {HR} at (64.44,1) size 2x71 [border: (1px inset #EEEEEE)]
          RenderTableRow {TR} at (0,149) size 69x152
            RenderTableCell {TD} at (149,2) size 68.53x73 [r=2 c=0 rs=1 cs=1]
              RenderBlock {NAV} at (1,1) size 66.53x71
                RenderBlock {ARTICLE} at (0,0) size 66.53x71
                  RenderBlock {SECTION} at (0,0) size 66.53x71
                    RenderBlock {HR} at (0,0) size 2x71 [border: (1px inset #EEEEEE)]
                    RenderBlock {H1} at (23.27,0) size 20x71 [border: (1px solid #00FF00)]
                      RenderText {#text} at (1,1) size 18x45
                        text run at (1,1) width 45: "MMM"
                    RenderBlock {HR} at (64.53,0) size 2x71 [border: (1px inset #EEEEEE)]
            RenderTableCell {TD} at (149,77) size 68.53x73 [r=2 c=1 rs=1 cs=1]
              RenderBlock {HR} at (1,1) size 2x71 [border: (1px inset #EEEEEE)]
              RenderBlock {H4} at (24.27,1) size 20x71 [border: (1px solid #00FF00)]
                RenderText {#text} at (1,1) size 18x45
                  text run at (1,1) width 45: "MMM"
              RenderBlock {HR} at (65.53,1) size 2x71 [border: (1px inset #EEEEEE)]
          RenderTableRow {TR} at (0,220) size 67x152
            RenderTableCell {TD} at (220,2) size 67.34x73 [r=3 c=0 rs=1 cs=1]
              RenderBlock {NAV} at (1,1) size 65.34x71
                RenderBlock {ASIDE} at (0,0) size 65.34x71
                  RenderBlock {ARTICLE} at (0,0) size 65.34x71
                    RenderBlock {SECTION} at (0,0) size 65.34x71
                      RenderBlock {HR} at (0,0) size 2x71 [border: (1px inset #EEEEEE)]
                      RenderBlock {H1} at (24.17,0) size 17x71 [border: (1px solid #00FF00)]
                        RenderText {#text} at (1,1) size 15x39
                          text run at (1,1) width 39: "MMM"
                      RenderBlock {HR} at (63.34,0) size 2x71 [border: (1px inset #EEEEEE)]
            RenderTableCell {TD} at (220,77) size 67.34x73 [r=3 c=1 rs=1 cs=1]
              RenderBlock {HR} at (1,1) size 2x71 [border: (1px inset #EEEEEE)]
              RenderBlock {H5} at (25.17,1) size 17x71 [border: (1px solid #00FF00)]
                RenderText {#text} at (1,1) size 15x39
                  text run at (1,1) width 39: "MMM"
              RenderBlock {HR} at (64.34,1) size 2x71 [border: (1px inset #EEEEEE)]
          RenderTableRow {TR} at (0,289) size 71x152
            RenderTableCell {TD} at (289,2) size 70.94x73 [r=4 c=0 rs=1 cs=1]
              RenderBlock {SECTION} at (1,1) size 68.94x71
                RenderBlock {DIV} at (0,0) size 68.94x71
                  RenderBlock {NAV} at (0,0) size 68.94x71
                    RenderBlock {ASIDE} at (0,0) size 68.94x71
                      RenderBlock {ARTICLE} at (0,0) size 68.94x71
                        RenderBlock {SECTION} at (0,0) size 68.94x71
                          RenderBlock {HR} at (0,0) size 2x71 [border: (1px inset #EEEEEE)]
                          RenderBlock {H1} at (26.97,0) size 15x71 [border: (1px solid #00FF00)]
                            RenderText {#text} at (1,1) size 13x30
                              text run at (1,1) width 30: "MMM"
                          RenderBlock {HR} at (66.94,0) size 2x71 [border: (1px inset #EEEEEE)]
                  RenderBlock {DIV} at (68.94,0) size 0x71
            RenderTableCell {TD} at (289,77) size 70.94x73 [r=4 c=1 rs=1 cs=1]
              RenderBlock {HR} at (1,1) size 2x71 [border: (1px inset #EEEEEE)]
              RenderBlock {H6} at (27.97,1) size 15x71 [border: (1px solid #00FF00)]
                RenderText {#text} at (1,1) size 13x30
                  text run at (1,1) width 30: "MMM"
              RenderBlock {HR} at (67.94,1) size 2x71 [border: (1px inset #EEEEEE)]
