layer at (0,0) size 1031x600
  RenderView at (0,0) size 800x600
layer at (0,0) size 800x245
  RenderBlock {HTML} at (0,0) size 800x245
    RenderBody {BODY} at (8,8) size 784x229
      RenderBlock {DIV} at (0,0) size 784x22
        RenderBlock {P} at (5,0) size 774x22 [color=#FF000066]
          RenderText {#text} at (0,0) size 483x22
            text run at (0,0) width 483: "Check if the underline is thick enough for 20px"
      RenderBlock {DIV} at (0,27) size 784x46
        RenderBlock {P} at (5,0) size 774x46 [color=#FF000066]
          RenderText {#text} at (0,0) size 963x46
            text run at (0,0) width 963: "Check if the underline is thick enough for 40px"
      RenderBlock {P} at (5,78) size 774x22 [color=#FF000066]
        RenderText {#text} at (0,0) size 514x22
          text run at (0,0) width 514: "Check if the line-through is thick enough for 20px"
      RenderBlock {P} at (5,105) size 774x46 [color=#FF000066]
        RenderText {#text} at (0,0) size 1018x46
          text run at (0,0) width 1018: "Check if the line-through is thick enough for 40px"
      RenderBlock {P} at (5,156) size 774x22 [color=#FF000066]
        RenderText {#text} at (0,0) size 466x22
          text run at (0,0) width 466: "Check if the overline is thick enough for 20px"
      RenderBlock {P} at (5,183) size 774x46 [color=#FF000066]
        RenderText {#text} at (0,0) size 929x46
          text run at (0,0) width 929: "Check if the overline is thick enough for 40px"
