layer at (0,0) size 800x600
  RenderView at (0,0) size 800x600
layer at (0,0) size 800x392
  RenderBlock {HTML} at (0,0) size 800x392
    RenderBody {BODY} at (8,8) size 784x364
layer at (8,8) size 343x28 clip at (13,13) size 333x18 scrollWidth 744
  RenderBlock {DIV} at (0,0) size 343x28 [border: (5px solid #008000)]
    RenderText {#text} at (25,5) size 719x18
      text run at (25,5) width 719: "Lorem ipsum dolor sit amet, consectetur adipiscing elit. Vivamus vitae eros non libero faucibus sagittis sed ut eros."
layer at (8,56) size 343x28 clip at (13,61) size 333x18 scrollX 416 scrollWidth 749
  RenderBlock {DIV} at (0,48) size 343x28 [border: (5px solid #008000)]
    RenderText {#text} at (-391,5) size 719x18
      text run at (-391,5) width 719 RTL override: "Lorem ipsum dolor sit amet, consectetur adipiscing elit. Vivamus vitae eros non libero faucibus sagittis sed ut eros."
layer at (8,104) size 343x28 clip at (13,109) size 333x18 scrollWidth 749
  RenderBlock {DIV} at (0,96) size 343x28 [border: (5px solid #008000)]
    RenderText {#text} at (30,5) size 719x18
      text run at (30,5) width 719: "Lorem ipsum dolor sit amet, consectetur adipiscing elit. Vivamus vitae eros non libero faucibus sagittis sed ut eros."
layer at (8,152) size 343x28 clip at (13,157) size 333x18 scrollX 411 scrollWidth 744
  RenderBlock {DIV} at (0,144) size 343x28 [border: (5px solid #008000)]
    RenderText {#text} at (-386,5) size 719x18
      text run at (-386,5) width 719 RTL override: "Lorem ipsum dolor sit amet, consectetur adipiscing elit. Vivamus vitae eros non libero faucibus sagittis sed ut eros."
layer at (8,200) size 343x28 clip at (13,205) size 333x18 scrollWidth 747
  RenderBlock {DIV} at (0,192) size 343x28 [border: (5px solid #008000)]
    RenderText {#text} at (27,5) size 720x18
      text run at (27,5) width 720: "Lorem ipsum dolor sit amet, consectetur adipiscing elit. Vivamus vitae eros non libero faucibus sagittis sed ut eros."
layer at (8,248) size 343x28 clip at (13,253) size 333x18 scrollX 413 scrollWidth 747
  RenderBlock {DIV} at (0,240) size 343x28 [border: (5px solid #008000)]
    RenderText {#text} at (-388,5) size 720x18
      text run at (-388,5) width 719 RTL override: "Lorem ipsum dolor sit amet, consectetur adipiscing elit. Vivamus vitae eros non libero faucibus sagittis sed ut eros."
layer at (8,296) size 343x28 clip at (13,301) size 333x18 scrollWidth 744
  RenderBlock {DIV} at (0,288) size 343x28 [border: (5px solid #008000)]
    RenderText {#text} at (25,5) size 719x18
      text run at (25,5) width 719: "Lorem ipsum dolor sit amet, consectetur adipiscing elit. Vivamus vitae eros non libero faucibus sagittis sed ut eros."
layer at (8,344) size 343x28 clip at (13,349) size 333x18 scrollX 411 scrollWidth 744
  RenderBlock {DIV} at (0,336) size 343x28 [border: (5px solid #008000)]
    RenderText {#text} at (-386,5) size 719x18
      text run at (-386,5) width 719 RTL override: "Lorem ipsum dolor sit amet, consectetur adipiscing elit. Vivamus vitae eros non libero faucibus sagittis sed ut eros."
