CONSOLE MESSAGE: line 27: TypeError: 'undefined' is not a function (evaluating 'element.canPlayType(codecs[i][0])')
layer at (0,0) size 800x600
  RenderView at (0,0) size 800x600
layer at (0,0) size 800x600
  RenderBlock {HTML} at (0,0) size 800x600
    RenderBody {BODY} at (8,8) size 784x584
      RenderBlock {P} at (0,0) size 784x18
        RenderText {#text} at (0,0) size 153x19
          text run at (0,0) width 153: "Test controls placement."
      RenderBlock (anonymous) at (0,34) size 784x90
        RenderInline {AUDIO} at (0,0) size 0x0 [bgcolor=#0000FF]
        RenderBR {BR} at (0,0) size 0x19
        RenderBR {BR} at (0,18) size 0x19
        RenderInline {AUDIO} at (0,0) size 0x0 [bgcolor=#0000FF]
        RenderBR {BR} at (0,36) size 0x19
        RenderBR {BR} at (0,54) size 0x19
        RenderBR {BR} at (0,72) size 0x19
layer at (8,114) size 320x100
  RenderBlock (positioned) {AUDIO} at (8,114) size 320x100 [bgcolor=#0000FF]
