layer at (0,0) size 800x600
  RenderView at (0,0) size 800x600
layer at (0,0) size 800x600
  RenderBlock {HTML} at (0,0) size 800x600
    RenderBody {BODY} at (8,8) size 784x584
      RenderBlock {DIV} at (0,0) size 10x43
        RenderText {#text} at (0,0) size 25x17
          text run at (0,0) width 25: "Foo"
        RenderImage {IMG} at (0,18) size 25x25
      RenderBlock {DIV} at (0,43) size 10x37
        RenderText {#text} at (0,0) size 25x17
          text run at (0,0) width 25: "Foo"
        RenderMenuList {SELECT} at (0,18) size 51x19 [bgcolor=#FFFFFF] [border: (1px solid #A9A9A9)]
          RenderBlock (anonymous) at (1,1) size 49x17
            RenderText at (4,1) size 26x15
              text run at (4,1) width 26: "One"
      RenderBlock {DIV} at (0,80) size 10x39
        RenderText {#text} at (0,0) size 25x17
          text run at (0,0) width 25: "Foo"
        RenderTextControl {INPUT} at (0,18) size 144x21 [bgcolor=#FFFFFF] [border: (2px inset #EEEEEE)]
      RenderBlock {DIV} at (0,119) size 10x43
        RenderImage {IMG} at (0,0) size 25x25
        RenderText {#text} at (0,25) size 25x17
          text run at (0,25) width 25: "Foo"
      RenderBlock {DIV} at (0,162) size 10x37
        RenderMenuList {SELECT} at (0,0) size 51x19 [bgcolor=#FFFFFF] [border: (1px solid #A9A9A9)]
          RenderBlock (anonymous) at (1,1) size 49x17
            RenderText at (4,1) size 26x15
              text run at (4,1) width 26: "One"
        RenderText {#text} at (0,19) size 25x17
          text run at (0,19) width 25: "Foo"
      RenderBlock {DIV} at (0,199) size 10x39
        RenderTextControl {INPUT} at (0,0) size 144x21 [bgcolor=#FFFFFF] [border: (2px inset #EEEEEE)]
        RenderText {#text} at (0,21) size 25x17
          text run at (0,21) width 25: "Foo"
layer at (10,109) size 140x15
  RenderBlock {DIV} at (2,3) size 140x15
layer at (10,210) size 140x15
  RenderBlock {DIV} at (2,3) size 140x15
