layer at (0,0) size 800x600
  RenderView at (0,0) size 800x600
layer at (0,0) size 800x600
  RenderBlock {HTML} at (0,0) size 800x600
    RenderBody {BODY} at (8,8) size 784x584
      RenderBlock (anonymous) at (0,0) size 784x18
        RenderText {#text} at (0,0) size 315x17
          text run at (0,0) width 315: "The following sets of buttons should not overlap."
      RenderTable {TABLE} at (0,18) size 784x29
        RenderTableSection {TBODY} at (0,0) size 784x29
          RenderTableRow {TR} at (0,1) size 784x27
            RenderTableCell {TD} at (1,1) size 73x27 [r=0 c=0 rs=1 cs=1]
              RenderButton {INPUT} at (1,3) size 71x21 [bgcolor=#C0C0C0] [border: (2px outset #C0C0C0)]
                RenderBlock (anonymous) at (8,3) size 55x15
                  RenderText {#text} at (0,0) size 55x15
                    text run at (0,0) width 55: "New Mail"
            RenderTableCell {TD} at (75,1) size 53x27 [r=0 c=1 rs=1 cs=1]
              RenderButton {INPUT} at (1,3) size 51x21 [bgcolor=#C0C0C0] [border: (2px outset #C0C0C0)]
                RenderBlock (anonymous) at (8,3) size 35x15
                  RenderText {#text} at (0,0) size 35x15
                    text run at (0,0) width 35: "Reply"
            RenderTableCell {TD} at (129,1) size 71x27 [r=0 c=2 rs=1 cs=1]
              RenderButton {INPUT} at (1,3) size 69x21 [bgcolor=#C0C0C0] [border: (2px outset #C0C0C0)]
                RenderBlock (anonymous) at (8,3) size 53x15
                  RenderText {#text} at (0,0) size 53x15
                    text run at (0,0) width 53: "Reply All"
            RenderTableCell {TD} at (201,4) size 582x20 [r=0 c=3 rs=1 cs=1]
              RenderText {#text} at (1,1) size 4x17
                text run at (1,1) width 4: " "
      RenderBlock (anonymous) at (0,47) size 784x36
        RenderBR {BR} at (0,0) size 0x17
        RenderBR {BR} at (0,18) size 0x17
      RenderTable {TABLE} at (0,83) size 784x29
        RenderTableSection {TBODY} at (0,0) size 784x29
          RenderTableRow {TR} at (0,1) size 784x27
            RenderTableCell {TD} at (1,1) size 73x27 [r=0 c=0 rs=1 cs=1]
              RenderButton {INPUT} at (1,3) size 71x21 [bgcolor=#C0C0C0] [border: (2px outset #C0C0C0)]
                RenderBlock (anonymous) at (8,3) size 55x15
                  RenderText {#text} at (0,0) size 55x15
                    text run at (0,0) width 55: "New Mail"
            RenderTableCell {TD} at (75,1) size 53x27 [r=0 c=1 rs=1 cs=1]
              RenderButton {INPUT} at (1,3) size 51x21 [bgcolor=#C0C0C0] [border: (2px outset #C0C0C0)]
                RenderBlock (anonymous) at (8,3) size 35x15
                  RenderText {#text} at (0,0) size 35x15
                    text run at (0,0) width 35: "Reply"
            RenderTableCell {TD} at (129,1) size 71x27 [r=0 c=2 rs=1 cs=1]
              RenderButton {INPUT} at (1,3) size 69x21 [bgcolor=#C0C0C0] [border: (2px outset #C0C0C0)]
                RenderBlock (anonymous) at (8,3) size 53x15
                  RenderText {#text} at (0,0) size 53x15
                    text run at (0,0) width 53: "Reply All"
            RenderTableCell {TD} at (201,4) size 582x20 [r=0 c=3 rs=1 cs=1]
              RenderText {#text} at (1,1) size 4x17
                text run at (1,1) width 4: " "
