layer at (0,0) size 800x600
  RenderView at (0,0) size 800x600
layer at (0,0) size 800x600
  RenderBlock {HTML} at (0,0) size 800x600
    RenderBody {BODY} at (8,8) size 784x584
      RenderBlock (anonymous) at (0,0) size 784x18
        RenderText {#text} at (0,0) size 256x17
          text run at (0,0) width 256: "The textareas below should not overlap."
      RenderTable {TABLE} at (0,18) size 784x42
        RenderTableSection {TBODY} at (0,0) size 784x42
          RenderTableRow {TR} at (0,1) size 784x40
            RenderTableCell {TD} at (1,1) size 6x40 [r=0 c=0 rs=1 cs=1]
            RenderTableCell {TD} at (8,1) size 6x40 [r=0 c=1 rs=1 cs=1]
            RenderTableCell {TD} at (15,1) size 6x40 [r=0 c=2 rs=1 cs=1]
            RenderTableCell {TD} at (22,11) size 761x20 [r=0 c=3 rs=1 cs=1]
              RenderText {#text} at (1,1) size 4x17
                text run at (1,1) width 4: " "
      RenderBlock (anonymous) at (0,60) size 784x36
        RenderBR {BR} at (0,0) size 0x17
        RenderBR {BR} at (0,18) size 0x17
      RenderTable {TABLE} at (0,96) size 784x42
        RenderTableSection {TBODY} at (0,0) size 784x42
          RenderTableRow {TR} at (0,1) size 784x40
            RenderTableCell {TD} at (1,1) size 6x40 [r=0 c=0 rs=1 cs=1]
            RenderTableCell {TD} at (8,1) size 6x40 [r=0 c=1 rs=1 cs=1]
            RenderTableCell {TD} at (15,1) size 6x40 [r=0 c=2 rs=1 cs=1]
            RenderTableCell {TD} at (22,11) size 761x20 [r=0 c=3 rs=1 cs=1]
              RenderText {#text} at (1,1) size 4x17
                text run at (1,1) width 4: " "
layer at (10,30) size 4x34 clip at (0,0) size 0x0 scrollWidth 10 scrollHeight 47
  RenderTextControl {TEXTAREA} at (1,3) size 4x34 [bgcolor=#FFFFFF] [border: (1px solid #A9A9A9)]
    RenderBlock {DIV} at (3,3) size 0x45
      RenderText {#text} at (0,0) size 8x45
        text run at (0,0) width 8: "o"
        text run at (0,15) width 8: "n"
        text run at (0,30) width 8: "e"
layer at (17,30) size 4x34 clip at (0,0) size 0x0 scrollWidth 10 scrollHeight 47
  RenderTextControl {TEXTAREA} at (1,3) size 4x34 [bgcolor=#FFFFFF] [border: (1px solid #A9A9A9)]
    RenderBlock {DIV} at (3,3) size 0x45
      RenderText {#text} at (0,0) size 8x45
        text run at (0,0) width 8: "t"
        text run at (0,15) width 8: "w"
        text run at (0,30) width 8: "o"
layer at (24,30) size 4x34 clip at (0,0) size 0x0 scrollWidth 10 scrollHeight 77
  RenderTextControl {TEXTAREA} at (1,3) size 4x34 [bgcolor=#FFFFFF] [border: (1px solid #A9A9A9)]
    RenderBlock {DIV} at (3,3) size 0x75
      RenderText {#text} at (0,0) size 8x75
        text run at (0,0) width 8: "t"
        text run at (0,15) width 8: "h"
        text run at (0,30) width 8: "r"
        text run at (0,45) width 8: "e"
        text run at (0,60) width 8: "e"
layer at (10,108) size 4x34 clip at (0,0) size 0x0 scrollWidth 10 scrollHeight 197
  RenderTextControl {TEXTAREA} at (1,3) size 4x34 [bgcolor=#FFFFFF] [border: (1px solid #A9A9A9)]
    RenderBlock {DIV} at (3,3) size 0x195
      RenderText {#text} at (0,0) size 8x195
        text run at (0,0) width 8: "o"
        text run at (0,15) width 8: "n"
        text run at (0,30) width 8: "e"
        text run at (0,45) width 0: " "
        text run at (0,60) width 8: "t"
        text run at (0,75) width 8: "w"
        text run at (0,90) width 8: "o"
        text run at (0,105) width 0: " "
        text run at (0,120) width 8: "t"
        text run at (0,135) width 8: "h"
        text run at (0,150) width 8: "r"
        text run at (0,165) width 8: "e"
        text run at (0,180) width 8: "e"
layer at (17,108) size 4x34 clip at (0,0) size 0x0 scrollWidth 10 scrollHeight 47
  RenderTextControl {TEXTAREA} at (1,3) size 4x34 [bgcolor=#FFFFFF] [border: (1px solid #A9A9A9)]
    RenderBlock {DIV} at (3,3) size 0x45
      RenderText {#text} at (0,0) size 8x45
        text run at (0,0) width 8: "t"
        text run at (0,15) width 8: "w"
        text run at (0,30) width 8: "o"
layer at (24,108) size 4x34 clip at (0,0) size 0x0 scrollWidth 10 scrollHeight 77
  RenderTextControl {TEXTAREA} at (1,3) size 4x34 [bgcolor=#FFFFFF] [border: (1px solid #A9A9A9)]
    RenderBlock {DIV} at (3,3) size 0x75
      RenderText {#text} at (0,0) size 8x75
        text run at (0,0) width 8: "t"
        text run at (0,15) width 8: "h"
        text run at (0,30) width 8: "r"
        text run at (0,45) width 8: "e"
        text run at (0,60) width 8: "e"
