layer at (0,0) size 800x600
  RenderView at (0,0) size 800x600
layer at (0,0) size 800x600
  RenderBlock {HTML} at (0,0) size 800x600
    RenderBody {BODY} at (8,8) size 784x584
      RenderBlock (anonymous) at (0,0) size 784x18
        RenderText {#text} at (0,0) size 291x17
          text run at (0,0) width 291: "The popup buttons below should not overlap."
      RenderTable {TABLE} at (0,18) size 784x27
        RenderTableSection {TBODY} at (0,0) size 784x27
          RenderTableRow {TR} at (0,1) size 784x25
            RenderTableCell {TD} at (1,1) size 4x25 [r=0 c=0 rs=1 cs=1]
              RenderMenuList {SELECT} at (1,3) size 2x19 [bgcolor=#FFFFFF] [border: (1px solid #A9A9A9)]
                RenderBlock (anonymous) at (1,1) size 23x17
                  RenderText at (4,1) size 23x15
                    text run at (4,1) width 23: "one"
            RenderTableCell {TD} at (6,1) size 4x25 [r=0 c=1 rs=1 cs=1]
              RenderMenuList {SELECT} at (1,3) size 2x19 [bgcolor=#FFFFFF] [border: (1px solid #A9A9A9)]
                RenderBlock (anonymous) at (1,1) size 23x17
                  RenderText at (4,1) size 21x15
                    text run at (4,1) width 21: "two"
            RenderTableCell {TD} at (11,1) size 4x25 [r=0 c=2 rs=1 cs=1]
              RenderMenuList {SELECT} at (1,3) size 2x19 [bgcolor=#FFFFFF] [border: (1px solid #A9A9A9)]
                RenderBlock (anonymous) at (1,1) size 23x17
                  RenderText at (4,1) size 31x15
                    text run at (4,1) width 31: "three"
            RenderTableCell {TD} at (16,3) size 767x20 [r=0 c=3 rs=1 cs=1]
              RenderText {#text} at (1,1) size 4x17
                text run at (1,1) width 4: " "
