layer at (0,0) size 800x600
  RenderView at (0,0) size 800x600
layer at (0,0) size 800x253
  RenderBlock {html} at (0,0) size 800x252.88
    RenderBlock {parsererror} at (16,16) size 768x186.88 [bgcolor=#FFDDDD] [border: (2px solid #CC7777)]
      RenderBlock {h3} at (18,20.72) size 732x21
        RenderText {#text} at (0,0) size 318x20
          text run at (0,0) width 318: "This page contains the following errors:"
      RenderBlock {div} at (18,60.44) size 732x14
        RenderText {#text} at (0,0) size 505x14
          text run at (0,0) width 505: "error on line 1 at column 76: Extra content at the end of the document"
          text run at (504,0) width 1: " "
      RenderBlock {h3} at (18,93.16) size 732x21
        RenderText {#text} at (0,0) size 421x20
          text run at (0,0) width 421: "Below is a rendering of the page up to the first error."
      RenderBlock {p} at (18,132.88) size 732x36
        RenderText {#text} at (0,0) size 722x35
          text run at (0,0) width 722: "This document was created as the result of an XSL transformation. The line and column numbers given are from"
          text run at (0,18) width 145: "the transformed result."
    RenderBody {body} at (8,218.88) size 784x18
      RenderBlock {p} at (0,0) size 784x18
        RenderText {#text} at (0,0) size 232x17
          text run at (0,0) width 232: "You should see error text above this"
