layer at (0,0) size 785x953
  RenderView at (0,0) size 785x600
layer at (0,0) size 785x953
  RenderBlock {HTML} at (0,0) size 785x953.13
    RenderBody {BODY} at (8,8) size 769x937.13
      RenderBlock (anonymous) at (0,0) size 769x36
        RenderText {#text} at (0,0) size 748x36
          text run at (0,0) width 748: "All of the boxes below should be 20x20 and look identical. Note that the last inline-block box is positioned higher than"
          text run at (0,18) width 175: "the others. This is expected."
      RenderBlock {H1} at (0,57.44) size 769x37
        RenderText {#text} at (0,0) size 203x37
          text run at (0,0) width 203: "Normal Blocks"
      RenderBlock {DIV} at (5,115.88) size 20x20 [color=#FFFFFF] [bgcolor=#FFA500] [border: (2px solid #000000)]
      RenderBlock {DIV} at (5,145.88) size 20x20 [color=#FFFFFF] [bgcolor=#FFA500] [border: (2px solid #000000)]
      RenderBlock {DIV} at (5,175.88) size 20x20 [color=#FFFFFF] [bgcolor=#FFA500] [border: (2px solid #000000)]
      RenderBlock {DIV} at (5,205.88) size 20x20 [color=#FFFFFF] [bgcolor=#FFA500] [border: (2px solid #000000)]
        RenderBR {BR} at (6,6) size 0x18
        RenderBR {BR} at (6,24) size 0x18
        RenderBR {BR} at (6,42) size 0x18
      RenderBlock {H1} at (0,247.31) size 769x37
        RenderText {#text} at (0,0) size 178x37
          text run at (0,0) width 178: "Inline Blocks"
      RenderBlock (anonymous) at (0,305.75) size 769x66
        RenderBlock {DIV} at (5,36) size 20x20 [color=#FFFFFF] [bgcolor=#FFA500] [border: (2px solid #000000)]
        RenderBlock {DIV} at (35,36) size 20x20 [color=#FFFFFF] [bgcolor=#FFA500] [border: (2px solid #000000)]
        RenderBlock {DIV} at (65,36) size 20x20 [color=#FFFFFF] [bgcolor=#FFA500] [border: (2px solid #000000)]
        RenderBlock {DIV} at (95,10) size 20x20 [color=#FFFFFF] [bgcolor=#FFA500] [border: (2px solid #000000)]
          RenderBR {BR} at (6,6) size 0x18
          RenderBR {BR} at (6,24) size 0x18
          RenderBR {BR} at (6,42) size 0x18
        RenderText {#text} at (0,0) size 0x0
      RenderBlock {H1} at (0,393.19) size 769x37
        RenderText {#text} at (0,0) size 241x37
          text run at (0,0) width 241: "Positioned Blocks"
      RenderBlock (anonymous) at (0,451.63) size 769x18
        RenderBR {BR} at (0,0) size 0x18
      RenderBlock {H1} at (0,491.06) size 769x37
        RenderText {#text} at (0,0) size 210x37
          text run at (0,0) width 210: "Floating blocks"
      RenderBlock (floating) {DIV} at (5,559.50) size 20x20 [color=#FFFFFF] [bgcolor=#FFA500] [border: (2px solid #000000)]
      RenderBlock (floating) {DIV} at (35,559.50) size 20x20 [color=#FFFFFF] [bgcolor=#FFA500] [border: (2px solid #000000)]
      RenderBlock (floating) {DIV} at (65,559.50) size 20x20 [color=#FFFFFF] [bgcolor=#FFA500] [border: (2px solid #000000)]
      RenderBlock (floating) {DIV} at (95,559.50) size 20x20 [color=#FFFFFF] [bgcolor=#FFA500] [border: (2px solid #000000)]
        RenderBR {BR} at (6,6) size 0x18
        RenderBR {BR} at (6,24) size 0x18
        RenderBR {BR} at (6,42) size 0x18
      RenderBlock (anonymous) at (0,549.50) size 769x40
        RenderBR {BR} at (120,0) size 0x18
      RenderBlock {H1} at (0,610.94) size 769x37
        RenderText {#text} at (0,0) size 210x37
          text run at (0,0) width 210: "Normal Images"
      RenderBlock (anonymous) at (0,669.38) size 769x40
        RenderImage {IMG} at (5,10) size 20x20 [color=#FFFFFF] [bgcolor=#FFA500] [border: (2px solid #000000)]
        RenderImage {IMG} at (35,10) size 20x20 [color=#FFFFFF] [bgcolor=#FFA500] [border: (2px solid #000000)]
        RenderImage {IMG} at (65,10) size 20x20 [color=#FFFFFF] [bgcolor=#FFA500] [border: (2px solid #000000)]
        RenderImage {IMG} at (95,10) size 20x20 [color=#FFFFFF] [bgcolor=#FFA500] [border: (2px solid #000000)]
        RenderText {#text} at (0,0) size 0x0
      RenderBlock {H1} at (0,730.81) size 769x37
        RenderText {#text} at (0,0) size 248x37
          text run at (0,0) width 248: "Positioned Images"
      RenderBlock (anonymous) at (0,789.25) size 769x18
        RenderBR {BR} at (0,0) size 0x18
      RenderBlock {H1} at (0,828.69) size 769x37
        RenderText {#text} at (0,0) size 220x37
          text run at (0,0) width 220: "Floating Images"
      RenderImage {IMG} at (5,897.13) size 20x20 [color=#FFFFFF] [bgcolor=#FFA500] [border: (2px solid #000000)]
      RenderImage {IMG} at (35,897.13) size 20x20 [color=#FFFFFF] [bgcolor=#FFA500] [border: (2px solid #000000)]
      RenderImage {IMG} at (65,897.13) size 20x20 [color=#FFFFFF] [bgcolor=#FFA500] [border: (2px solid #000000)]
      RenderImage {IMG} at (95,897.13) size 20x20 [color=#FFFFFF] [bgcolor=#FFA500] [border: (2px solid #000000)]
      RenderBlock (anonymous) at (0,887.13) size 769x40
        RenderBR {BR} at (120,0) size 0x18
      RenderBlock {HR} at (0,935.13) size 769x2 [border: (1px inset #EEEEEE)]
layer at (13,470) size 20x20
  RenderBlock (positioned) {DIV} at (13,469.63) size 20x20 [color=#FFFFFF] [bgcolor=#FFA500] [border: (2px solid #000000)]
layer at (43,470) size 20x20
  RenderBlock (positioned) {DIV} at (43,469.63) size 20x20 [color=#FFFFFF] [bgcolor=#FFA500] [border: (2px solid #000000)]
layer at (73,470) size 20x20
  RenderBlock (positioned) {DIV} at (73,469.63) size 20x20 [color=#FFFFFF] [bgcolor=#FFA500] [border: (2px solid #000000)]
layer at (103,470) size 20x20
  RenderBlock (positioned) {DIV} at (103,469.63) size 20x20 [color=#FFFFFF] [bgcolor=#FFA500] [border: (2px solid #000000)]
    RenderBR {BR} at (6,6) size 0x18
    RenderBR {BR} at (6,24) size 0x18
    RenderBR {BR} at (6,42) size 0x18
layer at (13,807) size 20x20
  RenderImage {IMG} at (13,807.25) size 20x20 [color=#FFFFFF] [bgcolor=#FFA500] [border: (2px solid #000000)]
layer at (43,807) size 20x20
  RenderImage {IMG} at (43,807.25) size 20x20 [color=#FFFFFF] [bgcolor=#FFA500] [border: (2px solid #000000)]
layer at (73,807) size 20x20
  RenderImage {IMG} at (73,807.25) size 20x20 [color=#FFFFFF] [bgcolor=#FFA500] [border: (2px solid #000000)]
layer at (103,807) size 20x20
  RenderImage {IMG} at (103,807.25) size 20x20 [color=#FFFFFF] [bgcolor=#FFA500] [border: (2px solid #000000)]
