layer at (0,0) size 800x600
  RenderView at (0,0) size 800x600
layer at (0,0) size 800x46
  RenderBlock {HTML} at (0,0) size 800x46
    RenderBody {BODY} at (8,8) size 784x30
layer at (8,8) size 42x30 clip at (9,9) size 40x28 scrollWidth 43
  RenderBlock {DIV} at (0,0) size 42x30 [border: (1px solid #000000)]
    RenderText {#text} at (1,1) size 44x27
      text run at (1,1) width 44: "A,,,B"
