layer at (0,0) size 800x600
  RenderView at (0,0) size 800x600
layer at (0,0) size 800x212
  RenderBlock {html} at (0,0) size 800x212
    RenderBody {body} at (8,16) size 784x180
      RenderBlock {p} at (0,0) size 784x27
        RenderText {#text} at (0,2) size 407x17
          text run at (0,2) width 407: "following elements should appear in blue on an orange background: "
        RenderMathMLMath {math} at (407,0) size 54x27 [bgcolor=#FFA500] [padding: 0 1 0 1]
          RenderMathMLOperator {mo} at (2,5) size 11x14 [color=#0000FF]
            RenderMathMLBlock (flex) {mo} at (0,0) size 11x14
              RenderBlock (anonymous) at (0,0) size 11x14
                RenderText {mo} at (0,-3) size 11x17
                  text run at (0,-3) width 11: "\x{2211}"
          RenderMathMLFraction {mfrac} at (15,0) size 9x27 [color=#0000FF]
            RenderMathMLBlock (anonymous, flex) at (0,0) size 9x12
              RenderBlock {mi} at (0,0) size 9x9
                RenderText {#text} at (0,-6) size 8x17
                  text run at (0,-6) width 8: "x"
            RenderMathMLBlock (anonymous, flex) at (0,12) size 9x15 [padding: 1 0 0 0]
              RenderBlock {mi} at (0,4) size 8x11
                RenderText {#text} at (0,-6) size 7x17
                  text run at (0,-6) width 7: "y"
          RenderBlock {mn} at (25,5) size 8x12 [color=#0000FF]
            RenderText {#text} at (0,-3) size 8x17
              text run at (0,-3) width 8: "1"
          RenderMathMLSquareRoot {msqrt} at (33,2) size 20x15 [color=#0000FF] [intrinsic padding: 3 0 0 12]
            RenderMathMLRow (anonymous) at (12,3) size 8x12
              RenderBlock {mn} at (0,0) size 8x12
                RenderText {#text} at (0,-3) size 8x17
                  text run at (0,-3) width 8: "2"
        RenderText {#text} at (461,2) size 4x17
          text run at (461,2) width 4: " "
        RenderMathMLMath {math} at (465,0) size 13x27 [bgcolor=#FFA500] [padding: 0 1 0 1]
          RenderMathMLFraction {mfrac} at (2,0) size 9x27 [color=#0000FF]
            RenderMathMLBlock (anonymous, flex) at (0,0) size 9x12
              RenderBlock {mi} at (0,0) size 9x9
                RenderText {#text} at (0,-6) size 8x17
                  text run at (0,-6) width 8: "x"
            RenderMathMLBlock (anonymous, flex) at (0,12) size 9x15 [padding: 1 0 0 0]
              RenderBlock {mi} at (0,4) size 8x11
                RenderText {#text} at (0,-6) size 7x17
                  text run at (0,-6) width 7: "y"
        RenderText {#text} at (0,0) size 0x0
      RenderBlock {p} at (0,43) size 784x19
        RenderText {#text} at (0,1) size 324x17
          text run at (0,1) width 324: "following elements should appear with increasing size: "
        RenderMathMLMath {math} at (324,0) size 47x16 [padding: 0 1 0 1]
          RenderBlock {mi} at (1,9) size 6x7
            RenderText {#text} at (0,-5) size 5x14
              text run at (0,-5) width 5: "x"
          RenderBlock {mi} at (7,7) size 9x9
            RenderText {#text} at (0,-6) size 8x17
              text run at (0,-6) width 8: "x"
          RenderBlock {mi} at (16,4) size 13x12
            RenderText {#text} at (0,-10) size 11x26
              text run at (0,-10) width 11: "x"
          RenderBlock {mi} at (29,0) size 17x16
            RenderText {#text} at (0,-14) size 14x36
              text run at (0,-14) width 14: "x"
        RenderText {#text} at (0,0) size 0x0
      RenderBlock {p} at (0,78) size 784x18
        RenderText {#text} at (0,0) size 80x17
          text run at (0,0) width 80: "font variants: "
        RenderMathMLMath {math} at (80,3) size 49x12 [padding: 0 1 0 1]
          RenderBlock {mi} at (1,0) size 12x12
            RenderText {#text} at (0,-3) size 11x17
              text run at (0,-3) width 11: "A"
          RenderBlock {mi} at (13,0) size 12x12
            RenderText {#text} at (0,-3) size 11x17
              text run at (0,-3) width 11: "A"
          RenderBlock {mi} at (25,0) size 11x12
            RenderText {#text} at (0,-3) size 10x17
              text run at (0,-3) width 10: "A"
          RenderBlock {mi} at (36,0) size 12x12
            RenderText {#text} at (0,-3) size 11x17
              text run at (0,-3) width 11: "A"
        RenderText {#text} at (0,0) size 0x0
      RenderBlock {p} at (0,112) size 784x25
        RenderText {#text} at (0,7) size 145x17
          text run at (0,7) width 145: "test font style attributes: "
        RenderMathMLMath {math} at (145,0) size 56x22 [padding: 0 1 0 1]
          RenderBlock {mtext} at (1,0) size 22x22
            RenderText {#text} at (0,-8) size 22x36
              text run at (0,-8) width 22: "A"
          RenderBlock {mtext} at (23,10) size 11x12
            RenderText {#text} at (0,-3) size 11x17
              text run at (0,-3) width 11: "A"
          RenderBlock {mtext} at (34,10) size 10x12
            RenderText {#text} at (0,-3) size 10x17
              text run at (0,-3) width 10: "A"
          RenderBlock {mtext} at (44,10) size 11x12
            RenderText {#text} at (0,-3) size 11x17
              text run at (0,-3) width 11: "A"
        RenderText {#text} at (0,0) size 0x0
      RenderBlock {p} at (0,153) size 784x27
        RenderBlock (anonymous) at (0,0) size 784x18
          RenderText {#text} at (0,0) size 207x17
            text run at (0,0) width 207: "following element should be inline: "
          RenderMathMLMath {math} at (207,6) size 11x9 [padding: 0 1 0 1]
            RenderBlock {mi} at (1,0) size 9x9
              RenderText {#text} at (0,-6) size 8x17
                text run at (0,-6) width 8: "x"
          RenderText {#text} at (218,0) size 222x17
            text run at (218,0) width 222: ", and this one centered on a new line:"
        RenderMathMLMath {math} at (0,18) size 784x9 [padding: 0 1 0 1]
          RenderBlock {mi} at (387,0) size 9x9
            RenderText {#text} at (0,-6) size 8x17
              text run at (0,-6) width 8: "x"
