layer at (0,0) size 800x600
  RenderView at (0,0) size 800x600
layer at (0,0) size 800x89
  RenderBlock {html} at (0,0) size 800x89
    RenderBody {body} at (8,16) size 784x57
      RenderBlock {p} at (0,0) size 784x57
        RenderMathMLMath {math} at (0,0) size 166x57 [padding: 0 1 0 1]
          RenderMathMLFenced {mfenced} at (1,0) size 164x57
            RenderMathMLOperator {mfenced} at (1,0) size 0x57
            RenderBlock {mtext} at (2,6) size 48x48
              RenderBlock {div} at (0,0) size 48x48 [bgcolor=#00FF00]
            RenderMathMLOperator {mfenced} at (50,31) size 4x4
              RenderMathMLBlock (flex) {mfenced} at (0,0) size 4x4
                RenderBlock (anonymous) at (0,0) size 4x4
                  RenderText {mfenced} at (0,-12) size 4x17
                    text run at (0,-12) width 4: ","
            RenderBlock {mtext} at (58,6) size 48x48
              RenderBlock {div} at (0,0) size 48x48 [bgcolor=#00FF00]
            RenderMathMLOperator {mfenced} at (106,31) size 4x4
              RenderMathMLBlock (flex) {mfenced} at (0,0) size 4x4
                RenderBlock (anonymous) at (0,0) size 4x4
                  RenderText {mfenced} at (0,-12) size 4x17
                    text run at (0,-12) width 4: ","
            RenderBlock {mtext} at (114,6) size 48x48
              RenderBlock {div} at (0,0) size 48x48 [bgcolor=#00FF00]
            RenderMathMLOperator {mfenced} at (163,0) size 0x57
        RenderText {#text} at (0,0) size 0x0
