layer at (0,0) size 800x600
  RenderView at (0,0) size 800x600
layer at (0,0) size 800x107
  RenderMathMLMath {math:math} at (0,0) size 800x107 [padding: 0 1 0 1]
    RenderMathMLFraction {math:mfrac} at (2,38) size 12x31
      RenderMathMLBlock (anonymous, flex) at (0,0) size 12x15
        RenderBlock {math:mi} at (1,0) size 10x12
          RenderText {#text} at (0,-3) size 9x17
            text run at (0,-3) width 9: "B"
      RenderMathMLBlock (anonymous, flex) at (0,15) size 12x16 [padding: 1 0 0 0]
        RenderBlock {math:mi} at (0,4) size 12x12
          RenderText {#text} at (0,-3) size 11x17
            text run at (0,-3) width 11: "C"
    RenderMathMLOperator {math:mo} at (18,47) size 9x11
      RenderMathMLBlock (flex) {math:mo} at (0,0) size 9x11
        RenderBlock (anonymous) at (0,0) size 9x11
          RenderText {math:mo} at (0,-4) size 9x17
            text run at (0,-4) width 9: "+"
    RenderMathMLFraction {math:mfrac} at (31,19) size 39x50
      RenderMathMLBlock (anonymous, flex) at (0,0) size 39x34
        RenderMathMLRow {math:mrow} at (0,0) size 39x31
          RenderBlock {math:mi} at (0,8) size 10x12
            RenderText {#text} at (0,-3) size 9x17
              text run at (0,-3) width 9: "B"
          RenderMathMLOperator {math:mo} at (13,9) size 9x11
            RenderMathMLBlock (flex) {math:mo} at (0,0) size 9x11
              RenderBlock (anonymous) at (0,0) size 9x11
                RenderText {math:mo} at (0,-4) size 9x17
                  text run at (0,-4) width 9: "+"
          RenderMathMLFraction {math:mfrac} at (26,0) size 12x31
            RenderMathMLBlock (anonymous, flex) at (0,0) size 12x15
              RenderBlock {math:mi} at (0,0) size 12x12
                RenderText {#text} at (0,-3) size 11x17
                  text run at (0,-3) width 11: "D"
            RenderMathMLBlock (anonymous, flex) at (0,15) size 12x16 [padding: 1 0 0 0]
              RenderBlock {math:mi} at (0,4) size 11x12
                RenderText {#text} at (0,-3) size 10x17
                  text run at (0,-3) width 10: "E"
      RenderMathMLBlock (anonymous, flex) at (0,34) size 39x16 [padding: 1 0 0 0]
        RenderBlock {math:mi} at (13,4) size 12x12
          RenderText {#text} at (0,-3) size 11x17
            text run at (0,-3) width 11: "C"
    RenderMathMLOperator {math:mo} at (74,47) size 9x11
      RenderMathMLBlock (flex) {math:mo} at (0,0) size 9x11
        RenderBlock (anonymous) at (0,0) size 9x11
          RenderText {math:mo} at (0,-4) size 9x17
            text run at (0,-4) width 9: "+"
    RenderMathMLFraction {math:mfrac} at (87,0) size 69x69
      RenderMathMLBlock (anonymous, flex) at (0,0) size 69x53
        RenderMathMLRow {math:mrow} at (0,0) size 69x50
          RenderBlock {math:mi} at (0,27) size 10x12
            RenderText {#text} at (0,-3) size 9x17
              text run at (0,-3) width 9: "B"
          RenderMathMLOperator {math:mo} at (13,28) size 9x11
            RenderMathMLBlock (flex) {math:mo} at (0,0) size 9x11
              RenderBlock (anonymous) at (0,0) size 9x11
                RenderText {math:mo} at (0,-4) size 9x17
                  text run at (0,-4) width 9: "+"
          RenderMathMLFraction {math:mfrac} at (26,0) size 42x50
            RenderMathMLBlock (anonymous, flex) at (0,0) size 42x34
              RenderMathMLRow {math:mrow} at (0,0) size 42x31
                RenderBlock {math:mi} at (0,8) size 12x12
                  RenderText {#text} at (0,-3) size 11x17
                    text run at (0,-3) width 11: "D"
                RenderMathMLOperator {math:mo} at (15,9) size 9x11
                  RenderMathMLBlock (flex) {math:mo} at (0,0) size 9x11
                    RenderBlock (anonymous) at (0,0) size 9x11
                      RenderText {math:mo} at (0,-4) size 9x17
                        text run at (0,-4) width 9: "+"
                RenderMathMLFraction {math:mfrac} at (28,0) size 13x31
                  RenderMathMLBlock (anonymous, flex) at (0,0) size 13x15
                    RenderBlock {math:mi} at (1,0) size 11x12
                      RenderText {#text} at (0,-3) size 10x17
                        text run at (0,-3) width 10: "F"
                  RenderMathMLBlock (anonymous, flex) at (0,15) size 13x16 [padding: 1 0 0 0]
                    RenderBlock {math:mi} at (0,4) size 13x12
                      RenderText {#text} at (0,-3) size 12x17
                        text run at (0,-3) width 12: "G"
            RenderMathMLBlock (anonymous, flex) at (0,34) size 42x16 [padding: 1 0 0 0]
              RenderBlock {math:mi} at (15,4) size 11x12
                RenderText {#text} at (0,-3) size 10x17
                  text run at (0,-3) width 10: "E"
      RenderMathMLBlock (anonymous, flex) at (0,53) size 69x16 [padding: 1 0 0 0]
        RenderBlock {math:mi} at (28,4) size 12x12
          RenderText {#text} at (0,-3) size 11x17
            text run at (0,-3) width 11: "C"
    RenderMathMLOperator {math:mo} at (160,47) size 9x11
      RenderMathMLBlock (flex) {math:mo} at (0,0) size 9x11
        RenderBlock (anonymous) at (0,0) size 9x11
          RenderText {math:mo} at (0,-4) size 9x17
            text run at (0,-4) width 9: "+"
    RenderMathMLFraction {math:mfrac} at (173,38) size 70x69
      RenderMathMLBlock (anonymous, flex) at (0,0) size 70x15
        RenderBlock {math:mi} at (30,0) size 10x12
          RenderText {#text} at (0,-3) size 9x17
            text run at (0,-3) width 9: "B"
      RenderMathMLBlock (anonymous, flex) at (0,15) size 70x54 [padding: 1 0 0 0]
        RenderMathMLRow {math:mrow} at (0,4) size 70x50
          RenderBlock {math:mi} at (0,8) size 12x12
            RenderText {#text} at (0,-3) size 11x17
              text run at (0,-3) width 11: "C"
          RenderMathMLOperator {math:mo} at (15,9) size 9x11
            RenderMathMLBlock (flex) {math:mo} at (0,0) size 9x11
              RenderBlock (anonymous) at (0,0) size 9x11
                RenderText {math:mo} at (0,-4) size 9x17
                  text run at (0,-4) width 9: "+"
          RenderMathMLFraction {math:mfrac} at (28,0) size 41x50
            RenderMathMLBlock (anonymous, flex) at (0,0) size 41x15
              RenderBlock {math:mi} at (14,0) size 12x12
                RenderText {#text} at (0,-3) size 11x17
                  text run at (0,-3) width 11: "D"
            RenderMathMLBlock (anonymous, flex) at (0,15) size 41x35 [padding: 1 0 0 0]
              RenderMathMLRow {math:mrow} at (0,4) size 41x31
                RenderBlock {math:mi} at (0,8) size 11x12
                  RenderText {#text} at (0,-3) size 10x17
                    text run at (0,-3) width 10: "E"
                RenderMathMLOperator {math:mo} at (14,9) size 9x11
                  RenderMathMLBlock (flex) {math:mo} at (0,0) size 9x11
                    RenderBlock (anonymous) at (0,0) size 9x11
                      RenderText {math:mo} at (0,-4) size 9x17
                        text run at (0,-4) width 9: "+"
                RenderMathMLFraction {math:mfrac} at (27,0) size 13x31
                  RenderMathMLBlock (anonymous, flex) at (0,0) size 13x15
                    RenderBlock {math:mi} at (1,0) size 11x12
                      RenderText {#text} at (0,-3) size 10x17
                        text run at (0,-3) width 10: "F"
                  RenderMathMLBlock (anonymous, flex) at (0,15) size 13x16 [padding: 1 0 0 0]
                    RenderBlock {math:mi} at (0,4) size 13x12
                      RenderText {#text} at (0,-3) size 12x17
                        text run at (0,-3) width 12: "G"
