layer at (0,0) size 800x600
  RenderView at (0,0) size 800x600
layer at (0,0) size 800x371
  RenderBlock {html} at (0,0) size 800x371
    RenderBody {body} at (8,16) size 784x339
      RenderBlock {p} at (0,0) size 784x22
        RenderText {#text} at (0,4) size 34x17
          text run at (0,4) width 34: "over: "
        RenderMathMLMath {math} at (34,0) size 12x19 [padding: 0 1 0 1]
          RenderMathMLUnderOver {mover} at (1,0) size 10x19
            RenderBlock {mi} at (0,7) size 10x12
              RenderText {#text} at (0,-3) size 9x17
                text run at (0,-3) width 9: "B"
            RenderBlock {mi} at (2,0) size 6x7
              RenderText {#text} at (0,-5) size 5x14
                text run at (0,-5) width 5: "x"
        RenderText {#text} at (0,0) size 0x0
      RenderBlock {p} at (0,38) size 784x24
        RenderText {#text} at (0,6) size 34x17
          text run at (0,6) width 34: "over: "
        RenderMathMLMath {math} at (34,0) size 12x21 [padding: 0 1 0 1]
          RenderMathMLUnderOver {mover} at (1,0) size 10x21
            RenderBlock {mi} at (0,9) size 10x12
              RenderText {#text} at (0,-3) size 9x17
                text run at (0,-3) width 9: "B"
            RenderBlock {mi} at (2,0) size 6x9
              RenderText {#text} at (0,-5) size 5x14
                text run at (0,-5) width 5: "y"
        RenderText {#text} at (0,0) size 0x0
      RenderBlock {p} at (0,78) size 784x29
        RenderText {#text} at (0,11) size 34x17
          text run at (0,11) width 34: "over: "
        RenderMathMLMath {math} at (34,0) size 19x26 [padding: 0 1 0 1]
          RenderMathMLUnderOver {mover} at (1,0) size 17x26
            RenderBlock {mi} at (0,9) size 17x17
              RenderText {#text} at (0,-5) size 15x26
                text run at (0,-5) width 15: "B"
            RenderBlock {mi} at (5,0) size 6x9
              RenderText {#text} at (0,-5) size 5x14
                text run at (0,-5) width 5: "y"
        RenderText {#text} at (0,0) size 0x0
      RenderBlock {p} at (0,123) size 784x31
        RenderText {#text} at (0,12) size 34x17
          text run at (0,12) width 34: "over: "
        RenderMathMLMath {math} at (34,0) size 19x31 [padding: 0 1 0 1]
          RenderMathMLUnderOver {mover} at (1,0) size 17x31
            RenderMathMLOperator {mo} at (0,9) size 17x22
              RenderMathMLBlock (flex) {mo} at (0,0) size 17x22
                RenderBlock (anonymous) at (0,0) size 17x22
                  RenderText {mo} at (0,-5) size 17x27
                    text run at (0,-5) width 17: "\x{2211}"
            RenderBlock {mi} at (5,0) size 6x9
              RenderText {#text} at (0,-5) size 5x14
                text run at (0,-5) width 5: "y"
        RenderText {#text} at (0,0) size 0x0
      RenderBlock {p} at (0,170) size 784x60
        RenderText {#text} at (0,26) size 34x17
          text run at (0,26) width 34: "over: "
        RenderMathMLMath {math} at (34,0) size 52x60 [padding: 0 1 0 1]
          RenderMathMLUnderOver {mover} at (1,3) size 10x57
            RenderMathMLOperator {mo} at (0,9) size 10x48
            RenderBlock {mi} at (2,0) size 6x9
              RenderText {#text} at (0,-5) size 5x14
                text run at (0,-5) width 5: "y"
          RenderBlock {div} at (11,0) size 40x40
        RenderText {#text} at (0,0) size 0x0
      RenderBlock {p} at (0,246) size 784x25
        RenderText {#text} at (0,7) size 44x17
          text run at (0,7) width 44: "Overs: "
        RenderMathMLMath {math} at (44,3) size 11x19 [padding: 0 1 0 1]
          RenderMathMLUnderOver {mover} at (1,0) size 9x19
            RenderBlock {mi} at (0,10) size 9x9
              RenderText {#text} at (0,-6) size 8x17
                text run at (0,-6) width 8: "x"
            RenderMathMLOperator {mo} at (2,0) size 5x10
              RenderMathMLBlock (flex) {mo} at (0,0) size 5x10
                RenderBlock (anonymous) at (0,0) size 5x10
                  RenderText {mo} at (0,-2) size 5x14
                    text run at (0,-2) width 5: "^"
        RenderText {#text} at (55,7) size 4x17
          text run at (55,7) width 4: " "
        RenderMathMLMath {math} at (59,7) size 13x15 [padding: 0 1 0 1]
          RenderMathMLUnderOver {mover} at (1,0) size 11x15
            RenderBlock {mi} at (0,3) size 11x12
              RenderText {#text} at (0,-3) size 10x17
                text run at (0,-3) width 10: "A"
            RenderMathMLOperator {mo} at (2,0) size 7x3
              RenderMathMLBlock (flex) {mo} at (0,0) size 7x3
                RenderBlock (anonymous) at (0,0) size 7x3
                  RenderText {mo} at (0,-11) size 7x14
                    text run at (0,-11) width 7: "_"
        RenderText {#text} at (72,7) size 4x17
          text run at (72,7) width 4: " "
        RenderMathMLMath {math} at (76,10) size 11x12 [padding: 0 1 0 1]
          RenderMathMLUnderOver {mover} at (1,0) size 9x12
            RenderBlock {mi} at (0,3) size 9x9
              RenderText {#text} at (0,-6) size 8x17
                text run at (0,-6) width 8: "x"
            RenderMathMLOperator {mo} at (1,0) size 7x3
              RenderMathMLBlock (flex) {mo} at (0,0) size 7x3
                RenderBlock (anonymous) at (0,0) size 7x3
                  RenderText {mo} at (0,-11) size 7x14
                    text run at (0,-11) width 7: "_"
        RenderText {#text} at (87,7) size 4x17
          text run at (87,7) width 4: " "
        RenderMathMLMath {math} at (91,0) size 13x22 [padding: 0 1 0 1]
          RenderMathMLUnderOver {mover} at (1,0) size 11x22
            RenderBlock {mi} at (0,10) size 11x12
              RenderText {#text} at (0,-3) size 10x17
                text run at (0,-3) width 10: "A"
            RenderMathMLOperator {mo} at (3,0) size 5x10
              RenderMathMLBlock (flex) {mo} at (0,0) size 5x10
                RenderBlock (anonymous) at (0,0) size 5x10
                  RenderText {mo} at (0,-2) size 5x14
                    text run at (0,-2) width 5: "^"
        RenderText {#text} at (104,7) size 4x17
          text run at (104,7) width 4: " "
        RenderMathMLMath {math} at (108,6) size 14x16 [padding: 0 1 0 1]
          RenderMathMLUnderOver {mover} at (1,0) size 12x16
            RenderBlock {mi} at (1,7) size 9x9
              RenderText {#text} at (0,-6) size 8x17
                text run at (0,-6) width 8: "v"
            RenderMathMLOperator {mo} at (0,0) size 12x7
              RenderMathMLBlock (flex) {mo} at (0,0) size 12x7
                RenderBlock (anonymous) at (0,0) size 12x7
                  RenderText {mo} at (0,-5) size 12x14
                    text run at (0,-5) width 12: "\x{2192}"
        RenderText {#text} at (0,0) size 0x0
      RenderBlock {p} at (0,287) size 784x52
        RenderMathMLMath {math} at (0,0) size 20x49 [padding: 0 1 0 1]
          RenderBlock {mi} at (1,40) size 9x9
            RenderText {#text} at (0,-6) size 8x17
              text run at (0,-6) width 8: "a"
          RenderMathMLUnderOver {mover} at (10,2) size 9x47 [bgcolor=#FFFF00] [padding: 4 0 0 0]
            RenderBlock {mi} at (0,19) size 9x28 [bgcolor=#FFA500]
              RenderText {#text} at (0,13) size 8x17
                text run at (0,13) width 8: "b"
            RenderBlock {mi} at (1,4) size 6x7
              RenderText {#text} at (0,-5) size 5x14
                text run at (0,-5) width 5: "c"
        RenderText {#text} at (0,0) size 0x0
layer at (43,198) size 10x18
  RenderMathMLBlock (flex) {mo} at (0,0) size 10x18
    RenderBlock (anonymous) at (0,0) size 10x18
      RenderText {mo} at (0,-1) size 10x17
        text run at (0,-1) width 10: "\x{2320}"
layer at (43,216) size 10x10 scrollHeight 12
  RenderMathMLBlock (flex) {mo} at (0,18) size 10x10
    RenderBlock (anonymous) at (0,0) size 0x10
layer at (43,226) size 10x2 scrollHeight 12
  RenderMathMLBlock (flex) {mo} at (0,28) size 10x2
    RenderBlock (anonymous) at (0,0) size 0x2
layer at (43,228) size 10x18
  RenderMathMLBlock (flex) {mo} at (0,30) size 10x18
    RenderBlock (anonymous) at (0,0) size 10x18
layer at (43,215) size 0x12
  RenderBlock (relative positioned) {mo} at (0,0) size 0x12
    RenderText {mo} at (0,-3) size 0x17
      text run at (0,-3) width 0: "\x{23AE}"
layer at (43,225) size 0x12
  RenderBlock (relative positioned) {mo} at (0,0) size 0x12
    RenderText {mo} at (0,-3) size 0x17
      text run at (0,-3) width 0: "\x{23AE}"
layer at (43,227) size 10x18 backgroundClip at (43,228) size 10x18 clip at (43,228) size 10x18 outlineClip at (43,228) size 10x18
  RenderBlock (relative positioned) {mo} at (0,0) size 10x18
    RenderText {mo} at (0,-1) size 10x17
      text run at (0,-1) width 10: "\x{2321}"
