layer at (0,0) size 837x600
  RenderView at (0,0) size 800x600
layer at (0,0) size 800x569
  RenderBlock {html} at (0,0) size 800x569
    RenderBody {body} at (8,16) size 784x537
      RenderBlock {p} at (0,0) size 784x18
        RenderText {#text} at (0,0) size 172x17
          text run at (0,0) width 172: "square root (should be red): "
        RenderMathMLMath {math} at (172,0) size 22x15 [padding: 0 1 0 1]
          RenderMathMLSquareRoot {msqrt} at (1,0) size 20x15 [color=#FF0000] [intrinsic padding: 3 0 0 12]
            RenderMathMLRow (anonymous) at (12,3) size 8x12
              RenderBlock {mn} at (0,0) size 8x12
                RenderText {#text} at (0,-3) size 8x17
                  text run at (0,-3) width 8: "2"
      RenderBlock {p} at (0,34) size 784x18
        RenderText {#text} at (0,0) size 105x17
          text run at (0,0) width 105: "long square root: "
        RenderMathMLMath {math} at (105,0) size 46x15 [padding: 0 1 0 1]
          RenderMathMLSquareRoot {msqrt} at (1,0) size 44x15 [intrinsic padding: 3 0 0 12]
            RenderMathMLRow (anonymous) at (12,3) size 32x12
              RenderMathMLRow {mrow} at (0,0) size 32x12
                RenderBlock {mi} at (0,3) size 9x9
                  RenderText {#text} at (0,-6) size 8x17
                    text run at (0,-6) width 8: "x"
                RenderMathMLOperator {mo} at (12,1) size 9x11
                  RenderMathMLBlock (flex) {mo} at (0,0) size 9x11
                    RenderBlock (anonymous) at (0,0) size 9x11
                      RenderText {mo} at (0,-4) size 9x17
                        text run at (0,-4) width 9: "+"
                RenderBlock {mn} at (24,0) size 8x12
                  RenderText {#text} at (0,-3) size 8x17
                    text run at (0,-3) width 8: "1"
      RenderBlock {p} at (0,68) size 784x22
        RenderText {#text} at (0,4) size 209x17
          text run at (0,4) width 209: "long square root with implied row: "
        RenderMathMLMath {math} at (209,0) size 52x19 [padding: 0 1 0 1]
          RenderMathMLSquareRoot {msqrt} at (1,0) size 50x19 [intrinsic padding: 3 0 0 12]
            RenderMathMLRow (anonymous) at (12,3) size 38x16
              RenderMathMLSubSup {msup} at (0,0) size 15x16
                RenderMathMLBlock (anonymous, flex) at (0,0) size 9x16 [padding: 7 0 0 0]
                  RenderBlock {mi} at (0,7) size 9x9
                    RenderText {#text} at (0,-6) size 8x17
                      text run at (0,-6) width 8: "x"
                RenderMathMLBlock (anonymous, flex) at (9,0) size 6x10
                  RenderBlock {mn} at (0,0) size 6x10
                    RenderText {#text} at (0,-2) size 6x14
                      text run at (0,-2) width 6: "2"
              RenderMathMLOperator {mo} at (18,5) size 9x11
                RenderMathMLBlock (flex) {mo} at (0,0) size 9x11
                  RenderBlock (anonymous) at (0,0) size 9x11
                    RenderText {mo} at (0,-4) size 9x17
                      text run at (0,-4) width 9: "+"
              RenderBlock {mn} at (30,4) size 8x12
                RenderText {#text} at (0,-3) size 8x17
                  text run at (0,-3) width 8: "1"
      RenderBlock {p} at (0,106) size 784x37
        RenderText {#text} at (0,8) size 108x17
          text run at (0,8) width 108: "root of a fraction: "
        RenderMathMLMath {math} at (108,0) size 48x37 [padding: 0 1 0 1]
          RenderMathMLSquareRoot {msqrt} at (1,0) size 46x37 [intrinsic padding: 3 0 3 12]
            RenderMathMLRow (anonymous) at (12,3) size 34x31
              RenderMathMLFraction {mfrac} at (1,0) size 32x31
                RenderMathMLBlock (anonymous, flex) at (0,0) size 32x15
                  RenderMathMLRow {mrow} at (0,0) size 32x12
                    RenderBlock {mi} at (0,3) size 9x9
                      RenderText {#text} at (0,-6) size 8x17
                        text run at (0,-6) width 8: "x"
                    RenderMathMLOperator {mo} at (12,1) size 9x11
                      RenderMathMLBlock (flex) {mo} at (0,0) size 9x11
                        RenderBlock (anonymous) at (0,0) size 9x11
                          RenderText {mo} at (0,-4) size 9x17
                            text run at (0,-4) width 9: "+"
                    RenderBlock {mn} at (24,0) size 8x12
                      RenderText {#text} at (0,-3) size 8x17
                        text run at (0,-3) width 8: "1"
                RenderMathMLBlock (anonymous, flex) at (0,15) size 32x16 [padding: 1 0 0 0]
                  RenderMathMLRow {mrow} at (0,4) size 32x12
                    RenderBlock {mi} at (0,3) size 9x9
                      RenderText {#text} at (0,-6) size 8x17
                        text run at (0,-6) width 8: "x"
                    RenderMathMLOperator {mo} at (12,1) size 9x11
                      RenderMathMLBlock (flex) {mo} at (0,0) size 9x11
                        RenderBlock (anonymous) at (0,0) size 9x11
                          RenderText {mo} at (0,-4) size 9x17
                            text run at (0,-4) width 9: "+"
                    RenderBlock {mn} at (24,0) size 8x12
                      RenderText {#text} at (0,-3) size 8x17
                        text run at (0,-3) width 8: "2"
      RenderBlock {p} at (0,159) size 784x22
        RenderText {#text} at (0,4) size 166x17
          text run at (0,4) width 166: "cube root (should be blue): "
        RenderMathMLMath {math} at (166,0) size 22x19 [color=#0000FF] [padding: 0 1 0 1]
      RenderBlock {p} at (0,197) size 784x23
        RenderText {#text} at (0,5) size 68x17
          text run at (0,5) width 68: "long index: "
        RenderMathMLMath {math} at (68,0) size 56x20 [padding: 0 1 0 1]
      RenderBlock {p} at (0,236) size 784x37
        RenderText {#text} at (0,8) size 174x17
          text run at (0,8) width 174: "long index w/ complex base: "
        RenderMathMLMath {math} at (174,0) size 83x37 [padding: 0 1 0 1]
      RenderBlock {p} at (0,289) size 784x45
        RenderText {#text} at (0,27) size 67x17
          text run at (0,27) width 67: "high index: "
        RenderMathMLMath {math} at (67,0) size 24x42 [padding: 0 1 0 1]
      RenderBlock {p} at (0,350) size 784x45
        RenderText {#text} at (0,21) size 151x17
          text run at (0,21) width 151: "Imbricated square roots: "
        RenderMathMLMath {math} at (151,0) size 270x45 [padding: 0 1 0 1]
          RenderMathMLSquareRoot {msqrt} at (1,0) size 268x45 [intrinsic padding: 3 0 3 12]
            RenderMathMLRow (anonymous) at (12,3) size 256x39
              RenderBlock {mn} at (0,21) size 8x12
                RenderText {#text} at (0,-3) size 8x17
                  text run at (0,-3) width 8: "1"
              RenderMathMLOperator {mo} at (11,22) size 9x11
                RenderMathMLBlock (flex) {mo} at (0,0) size 9x11
                  RenderBlock (anonymous) at (0,0) size 9x11
                    RenderText {mo} at (0,-4) size 9x17
                      text run at (0,-4) width 9: "+"
              RenderMathMLSquareRoot {msqrt} at (23,0) size 233x39 [intrinsic padding: 3 0 3 12]
                RenderMathMLRow (anonymous) at (12,3) size 221x33
                  RenderMathMLRow {mrow} at (0,0) size 221x33
                    RenderBlock {mn} at (0,18) size 8x12
                      RenderText {#text} at (0,-3) size 8x17
                        text run at (0,-3) width 8: "2"
                    RenderMathMLOperator {mo} at (11,19) size 9x11
                      RenderMathMLBlock (flex) {mo} at (0,0) size 9x11
                        RenderBlock (anonymous) at (0,0) size 9x11
                          RenderText {mo} at (0,-4) size 9x17
                            text run at (0,-4) width 9: "+"
                    RenderMathMLSquareRoot {msqrt} at (23,0) size 198x33 [intrinsic padding: 3 0 3 12]
                      RenderMathMLRow (anonymous) at (12,3) size 186x27
                        RenderMathMLRow {mrow} at (0,0) size 186x27
                          RenderBlock {mn} at (0,15) size 8x12
                            RenderText {#text} at (0,-3) size 8x17
                              text run at (0,-3) width 8: "3"
                          RenderMathMLOperator {mo} at (11,16) size 9x11
                            RenderMathMLBlock (flex) {mo} at (0,0) size 9x11
                              RenderBlock (anonymous) at (0,0) size 9x11
                                RenderText {mo} at (0,-4) size 9x17
                                  text run at (0,-4) width 9: "+"
                          RenderMathMLSquareRoot {msqrt} at (23,0) size 163x27 [intrinsic padding: 3 0 0 12]
                            RenderMathMLRow (anonymous) at (12,3) size 151x24
                              RenderMathMLRow {mrow} at (0,0) size 151x24
                                RenderBlock {mn} at (0,12) size 8x12
                                  RenderText {#text} at (0,-3) size 8x17
                                    text run at (0,-3) width 8: "4"
                                RenderMathMLOperator {mo} at (11,13) size 9x11
                                  RenderMathMLBlock (flex) {mo} at (0,0) size 9x11
                                    RenderBlock (anonymous) at (0,0) size 9x11
                                      RenderText {mo} at (0,-4) size 9x17
                                        text run at (0,-4) width 9: "+"
                                RenderMathMLSquareRoot {msqrt} at (23,0) size 128x24 [intrinsic padding: 3 0 0 12]
                                  RenderMathMLRow (anonymous) at (12,3) size 116x21
                                    RenderMathMLRow {mrow} at (0,0) size 116x21
                                      RenderBlock {mn} at (0,9) size 8x12
                                        RenderText {#text} at (0,-3) size 8x17
                                          text run at (0,-3) width 8: "5"
                                      RenderMathMLOperator {mo} at (11,10) size 9x11
                                        RenderMathMLBlock (flex) {mo} at (0,0) size 9x11
                                          RenderBlock (anonymous) at (0,0) size 9x11
                                            RenderText {mo} at (0,-4) size 9x17
                                              text run at (0,-4) width 9: "+"
                                      RenderMathMLSquareRoot {msqrt} at (23,0) size 93x21 [intrinsic padding: 3 0 0 12]
                                        RenderMathMLRow (anonymous) at (12,3) size 81x18
                                          RenderMathMLRow {mrow} at (0,0) size 81x18
                                            RenderBlock {mn} at (0,6) size 8x12
                                              RenderText {#text} at (0,-3) size 8x17
                                                text run at (0,-3) width 8: "6"
                                            RenderMathMLOperator {mo} at (11,7) size 9x11
                                              RenderMathMLBlock (flex) {mo} at (0,0) size 9x11
                                                RenderBlock (anonymous) at (0,0) size 9x11
                                                  RenderText {mo} at (0,-4) size 9x17
                                                    text run at (0,-4) width 9: "+"
                                            RenderMathMLSquareRoot {msqrt} at (23,0) size 58x18 [intrinsic padding: 3 0 0 12]
                                              RenderMathMLRow (anonymous) at (12,3) size 46x15
                                                RenderMathMLRow {mrow} at (0,0) size 46x15
                                                  RenderBlock {mn} at (0,3) size 8x12
                                                    RenderText {#text} at (0,-3) size 8x17
                                                      text run at (0,-3) width 8: "7"
                                                  RenderMathMLOperator {mo} at (11,4) size 9x11
                                                    RenderMathMLBlock (flex) {mo} at (0,0) size 9x11
                                                      RenderBlock (anonymous) at (0,0) size 9x11
                                                        RenderText {mo} at (0,-4) size 9x17
                                                          text run at (0,-4) width 9: "+"
                                                  RenderMathMLSquareRoot {msqrt} at (23,0) size 23x15 [intrinsic padding: 3 0 0 12]
                                                    RenderMathMLRow (anonymous) at (12,3) size 11x12
                                                      RenderBlock {mi} at (0,0) size 11x12
                                                        RenderText {#text} at (0,-3) size 10x17
                                                          text run at (0,-3) width 10: "A"
        RenderText {#text} at (0,0) size 0x0
      RenderBlock {p} at (0,411) size 784x74
        RenderText {#text} at (0,38) size 107x17
          text run at (0,38) width 107: "Imbricated roots: "
        RenderMathMLMath {math} at (107,0) size 321x74 [padding: 0 1 0 1]
        RenderText {#text} at (0,0) size 0x0
      RenderBlock {p} at (0,501) size 784x36
        RenderText {#text} at (0,0) size 284x17
          text run at (0,0) width 284: "Don't wrap this wide line with an implicit mrow:"
        RenderBR {br} at (284,0) size 0x17
        RenderMathMLMath {math} at (0,21) size 829x14 [padding: 0 1 0 1]
          RenderMathMLSquareRoot {msqrt} at (1,0) size 827x14 [intrinsic padding: 3 0 0 12]
            RenderMathMLRow (anonymous) at (12,3) size 815x11
              RenderBlock {mi} at (0,0) size 408x9
                RenderText {#text} at (0,-6) size 8x17
                  text run at (0,-6) width 8: "x"
              RenderBlock {mi} at (408,0) size 407x11
                RenderText {#text} at (0,-6) size 7x17
                  text run at (0,-6) width 7: "y"
        RenderText {#text} at (0,0) size 0x0
layer at (175,175) size 20x19
  RenderMathMLRoot {mroot} at (1,0) size 20x19 [intrinsic padding: 7 0 0 12]
    RenderMathMLRow (anonymous) at (12,7) size 8x12
      RenderBlock {mn} at (0,0) size 8x12
        RenderText {#text} at (0,-3) size 8x17
          text run at (0,-3) width 8: "2"
layer at (175,175) size 12x14
  RenderBlock (positioned) {mn} at (0,0) size 12x14
    RenderText {#text} at (2,-2) size 6x14
      text run at (2,-2) width 6: "3"
layer at (77,213) size 54x20
  RenderMathMLRoot {mroot} at (1,0) size 54x20 [intrinsic padding: 8 0 0 46]
    RenderMathMLRow (anonymous) at (46,8) size 8x12
      RenderBlock {mn} at (0,0) size 8x12
        RenderText {#text} at (0,-3) size 8x17
          text run at (0,-3) width 8: "2"
layer at (77,213) size 46x15
  RenderMathMLRow {mrow} at (0,0) size 46x15 [padding: 0 4 4 2]
    RenderBlock {mi} at (2,2) size 6x7
      RenderText {#text} at (0,-5) size 5x14
        text run at (0,-5) width 5: "x"
    RenderMathMLOperator {mo} at (10,0) size 7x9
      RenderMathMLBlock (flex) {mo} at (0,0) size 7x9
        RenderBlock (anonymous) at (0,0) size 7x9
          RenderText {mo} at (0,-3) size 7x14
            text run at (0,-3) width 7: "+"
    RenderBlock {mi} at (19,2) size 6x9
      RenderText {#text} at (0,-5) size 5x14
        text run at (0,-5) width 5: "y"
    RenderMathMLOperator {mo} at (27,0) size 7x9
      RenderMathMLBlock (flex) {mo} at (0,0) size 7x9
        RenderBlock (anonymous) at (0,0) size 7x9
          RenderText {mo} at (0,-3) size 7x14
            text run at (0,-3) width 7: "+"
    RenderBlock {mi} at (36,2) size 6x7
      RenderText {#text} at (0,-5) size 5x14
        text run at (0,-5) width 5: "z"
layer at (183,252) size 81x37
  RenderMathMLRoot {mroot} at (1,0) size 81x37 [intrinsic padding: 3 0 3 47]
    RenderMathMLRow (anonymous) at (47,3) size 34x31
      RenderMathMLFraction {mfrac} at (1,0) size 32x31
        RenderMathMLBlock (anonymous, flex) at (0,0) size 32x15
          RenderMathMLRow {mrow} at (0,0) size 32x12
            RenderBlock {mi} at (0,3) size 9x9
              RenderText {#text} at (0,-6) size 8x17
                text run at (0,-6) width 8: "x"
            RenderMathMLOperator {mo} at (12,1) size 9x11
              RenderMathMLBlock (flex) {mo} at (0,0) size 9x11
                RenderBlock (anonymous) at (0,0) size 9x11
                  RenderText {mo} at (0,-4) size 9x17
                    text run at (0,-4) width 9: "+"
            RenderBlock {mn} at (24,0) size 8x12
              RenderText {#text} at (0,-3) size 8x17
                text run at (0,-3) width 8: "1"
        RenderMathMLBlock (anonymous, flex) at (0,15) size 32x16 [padding: 1 0 0 0]
          RenderMathMLRow {mrow} at (0,4) size 32x12
            RenderBlock {mi} at (0,3) size 9x9
              RenderText {#text} at (0,-6) size 8x17
                text run at (0,-6) width 8: "x"
            RenderMathMLOperator {mo} at (12,1) size 9x11
              RenderMathMLBlock (flex) {mo} at (0,0) size 9x11
                RenderBlock (anonymous) at (0,0) size 9x11
                  RenderText {mo} at (0,-4) size 9x17
                    text run at (0,-4) width 9: "+"
            RenderBlock {mn} at (24,0) size 8x12
              RenderText {#text} at (0,-3) size 8x17
                text run at (0,-3) width 8: "2"
layer at (183,259) size 46x15
  RenderMathMLRow {mrow} at (0,7) size 46x15 [padding: 0 4 4 2]
    RenderBlock {mi} at (2,2) size 6x7
      RenderText {#text} at (0,-5) size 5x14
        text run at (0,-5) width 5: "x"
    RenderMathMLOperator {mo} at (10,0) size 7x9
      RenderMathMLBlock (flex) {mo} at (0,0) size 7x9
        RenderBlock (anonymous) at (0,0) size 7x9
          RenderText {mo} at (0,-3) size 7x14
            text run at (0,-3) width 7: "+"
    RenderBlock {mi} at (19,2) size 6x9
      RenderText {#text} at (0,-5) size 5x14
        text run at (0,-5) width 5: "y"
    RenderMathMLOperator {mo} at (27,0) size 7x9
      RenderMathMLBlock (flex) {mo} at (0,0) size 7x9
        RenderBlock (anonymous) at (0,0) size 7x9
          RenderText {mo} at (0,-3) size 7x14
            text run at (0,-3) width 7: "+"
    RenderBlock {mi} at (36,2) size 6x7
      RenderText {#text} at (0,-5) size 5x14
        text run at (0,-5) width 5: "z"
layer at (76,305) size 22x42
  RenderMathMLRoot {mroot} at (1,0) size 22x42 [intrinsic padding: 30 0 0 14]
    RenderMathMLRow (anonymous) at (14,30) size 8x12
      RenderBlock {mn} at (0,0) size 8x12
        RenderText {#text} at (0,-3) size 8x17
          text run at (0,-3) width 8: "2"
layer at (77,305) size 14x37
  RenderMathMLFraction {mfrac} at (1,0) size 14x37 [padding: 0 4 4 2]
    RenderMathMLBlock (anonymous, flex) at (2,0) size 8x23
      RenderMathMLFraction {mfrac} at (1,0) size 6x21
        RenderMathMLBlock (anonymous, flex) at (0,0) size 6x9
          RenderBlock {mi} at (0,0) size 6x7
            RenderText {#text} at (0,-5) size 5x14
              text run at (0,-5) width 5: "x"
        RenderMathMLBlock (anonymous, flex) at (0,9) size 6x12 [padding: 1 0 0 0]
          RenderBlock {mi} at (0,3) size 6x9
            RenderText {#text} at (0,-5) size 5x14
              text run at (0,-5) width 5: "y"
    RenderMathMLBlock (anonymous, flex) at (2,23) size 8x10 [padding: 1 0 0 0]
      RenderBlock {mi} at (1,3) size 6x7
        RenderText {#text} at (0,-5) size 5x14
          text run at (0,-5) width 5: "z"
layer at (116,427) size 319x74
  RenderMathMLRoot {mroot} at (1,0) size 319x74 [intrinsic padding: 3 0 3 18]
    RenderMathMLRow (anonymous) at (18,3) size 301x68
      RenderMathMLRow {mrow} at (0,0) size 301x68
        RenderBlock {mn} at (0,38) size 8x12
          RenderText {#text} at (0,-3) size 8x17
            text run at (0,-3) width 8: "1"
        RenderMathMLOperator {mo} at (11,39) size 9x11
          RenderMathMLBlock (flex) {mo} at (0,0) size 9x11
            RenderBlock (anonymous) at (0,0) size 9x11
              RenderText {mo} at (0,-4) size 9x17
                text run at (0,-4) width 9: "+"
layer at (157,430) size 278x68
  RenderMathMLRoot {mroot} at (23,0) size 278x68 [intrinsic padding: 3 0 3 18]
    RenderMathMLRow (anonymous) at (18,3) size 260x62
      RenderMathMLRow {mrow} at (0,0) size 260x62
        RenderBlock {mn} at (0,35) size 8x12
          RenderText {#text} at (0,-3) size 8x17
            text run at (0,-3) width 8: "2"
        RenderMathMLOperator {mo} at (11,36) size 9x11
          RenderMathMLBlock (flex) {mo} at (0,0) size 9x11
            RenderBlock (anonymous) at (0,0) size 9x11
              RenderText {mo} at (0,-4) size 9x17
                text run at (0,-4) width 9: "+"
layer at (198,433) size 237x62
  RenderMathMLRoot {mroot} at (23,0) size 237x62 [intrinsic padding: 3 0 3 18]
    RenderMathMLRow (anonymous) at (18,3) size 219x56
      RenderMathMLRow {mrow} at (0,0) size 219x56
        RenderBlock {mn} at (0,32) size 8x12
          RenderText {#text} at (0,-3) size 8x17
            text run at (0,-3) width 8: "3"
        RenderMathMLOperator {mo} at (11,33) size 9x11
          RenderMathMLBlock (flex) {mo} at (0,0) size 9x11
            RenderBlock (anonymous) at (0,0) size 9x11
              RenderText {mo} at (0,-4) size 9x17
                text run at (0,-4) width 9: "+"
layer at (239,436) size 196x56
  RenderMathMLRoot {mroot} at (23,0) size 196x56 [intrinsic padding: 3 0 3 18]
    RenderMathMLRow (anonymous) at (18,3) size 178x50
      RenderMathMLRow {mrow} at (0,0) size 178x50
        RenderBlock {mn} at (0,29) size 8x12
          RenderText {#text} at (0,-3) size 8x17
            text run at (0,-3) width 8: "4"
        RenderMathMLOperator {mo} at (11,30) size 9x11
          RenderMathMLBlock (flex) {mo} at (0,0) size 9x11
            RenderBlock (anonymous) at (0,0) size 9x11
              RenderText {mo} at (0,-4) size 9x17
                text run at (0,-4) width 9: "+"
layer at (280,439) size 155x50
  RenderMathMLRoot {mroot} at (23,0) size 155x50 [intrinsic padding: 3 0 3 17]
    RenderMathMLRow (anonymous) at (17,3) size 138x44
      RenderMathMLRow {mrow} at (0,0) size 138x44
        RenderBlock {mn} at (0,26) size 8x12
          RenderText {#text} at (0,-3) size 8x17
            text run at (0,-3) width 8: "5"
        RenderMathMLOperator {mo} at (11,27) size 9x11
          RenderMathMLBlock (flex) {mo} at (0,0) size 9x11
            RenderBlock (anonymous) at (0,0) size 9x11
              RenderText {mo} at (0,-4) size 9x17
                text run at (0,-4) width 9: "+"
layer at (320,442) size 115x44
  RenderMathMLRoot {mroot} at (23,0) size 115x44 [intrinsic padding: 3 0 3 15]
    RenderMathMLRow (anonymous) at (15,3) size 100x38
      RenderMathMLRow {mrow} at (0,0) size 100x38
        RenderBlock {mn} at (0,23) size 8x12
          RenderText {#text} at (0,-3) size 8x17
            text run at (0,-3) width 8: "6"
        RenderMathMLOperator {mo} at (11,24) size 9x11
          RenderMathMLBlock (flex) {mo} at (0,0) size 9x11
            RenderBlock (anonymous) at (0,0) size 9x11
              RenderText {mo} at (0,-4) size 9x17
                text run at (0,-4) width 9: "+"
layer at (358,445) size 77x38
  RenderMathMLRoot {mroot} at (23,0) size 77x38 [intrinsic padding: 3 0 3 14]
    RenderMathMLRow (anonymous) at (14,3) size 63x32
      RenderMathMLRow {mrow} at (0,0) size 63x32
        RenderBlock {mn} at (0,20) size 8x12
          RenderText {#text} at (0,-3) size 8x17
            text run at (0,-3) width 8: "7"
        RenderMathMLOperator {mo} at (11,21) size 9x11
          RenderMathMLBlock (flex) {mo} at (0,0) size 9x11
            RenderBlock (anonymous) at (0,0) size 9x11
              RenderText {mo} at (0,-4) size 9x17
                text run at (0,-4) width 9: "+"
layer at (395,448) size 40x32
  RenderMathMLRoot {mroot} at (23,0) size 40x32 [intrinsic padding: 20 0 0 29]
    RenderMathMLRow (anonymous) at (29,20) size 11x12
      RenderBlock {mi} at (0,0) size 11x12
        RenderText {#text} at (0,-3) size 10x17
          text run at (0,-3) width 10: "A"
layer at (396,448) size 29x27
  RenderMathMLFraction {mfrac} at (1,0) size 29x27 [padding: 0 4 4 2]
    RenderMathMLBlock (anonymous, flex) at (2,0) size 23x13
      RenderMathMLRow {mrow} at (0,0) size 23x11
        RenderBlock {mi} at (0,2) size 6x7
          RenderText {#text} at (0,-5) size 5x14
            text run at (0,-5) width 5: "x"
        RenderMathMLOperator {mo} at (8,0) size 7x9
          RenderMathMLBlock (flex) {mo} at (0,0) size 7x9
            RenderBlock (anonymous) at (0,0) size 7x9
              RenderText {mo} at (0,-3) size 7x14
                text run at (0,-3) width 7: "+"
        RenderBlock {mi} at (17,2) size 6x9
          RenderText {#text} at (0,-5) size 5x14
            text run at (0,-5) width 5: "y"
    RenderMathMLBlock (anonymous, flex) at (2,13) size 23x10 [padding: 1 0 0 0]
      RenderBlock {mi} at (8,3) size 6x7
        RenderText {#text} at (0,-5) size 5x14
          text run at (0,-5) width 5: "z"
layer at (358,454) size 12x14
  RenderBlock (positioned) {mn} at (0,9) size 12x14
    RenderText {#text} at (2,-2) size 6x14
      text run at (2,-2) width 6: "9"
layer at (320,455) size 12x14
  RenderBlock (positioned) {mn} at (0,13) size 12x14
    RenderText {#text} at (2,-2) size 6x14
      text run at (2,-2) width 6: "8"
layer at (280,455) size 12x14
  RenderBlock (positioned) {mn} at (0,16) size 12x14
    RenderText {#text} at (2,-2) size 6x14
      text run at (2,-2) width 6: "7"
layer at (239,456) size 12x14
  RenderBlock (positioned) {mn} at (0,20) size 12x14
    RenderText {#text} at (2,-2) size 6x14
      text run at (2,-2) width 6: "6"
layer at (198,457) size 12x14
  RenderBlock (positioned) {mn} at (0,24) size 12x14
    RenderText {#text} at (2,-2) size 6x14
      text run at (2,-2) width 6: "5"
layer at (157,458) size 12x14
  RenderBlock (positioned) {mn} at (0,28) size 12x14
    RenderText {#text} at (2,-2) size 6x14
      text run at (2,-2) width 6: "4"
layer at (116,458) size 12x14
  RenderBlock (positioned) {mn} at (0,31) size 12x14
    RenderText {#text} at (2,-2) size 6x14
      text run at (2,-2) width 6: "3"
