layer at (0,0) size 823x600
  RenderView at (0,0) size 800x600
layer at (0,0) size 800x103
  RenderBlock {html} at (0,0) size 800x103
    RenderBody {body} at (8,16) size 784x71
      RenderBlock {p} at (0,0) size 784x19
        RenderText {#text} at (0,1) size 73x17
          text run at (0,1) width 73: "superscript: "
        RenderMathMLMath {math} at (73,0) size 17x16 [padding: 0 1 0 1]
          RenderMathMLSubSup {msup} at (1,0) size 15x16
            RenderMathMLBlock (anonymous, flex) at (0,0) size 9x16 [padding: 7 0 0 0]
              RenderBlock {mi} at (0,7) size 9x9
                RenderText {#text} at (0,-6) size 8x17
                  text run at (0,-6) width 8: "x"
            RenderMathMLBlock (anonymous, flex) at (9,0) size 6x10
              RenderBlock {mn} at (0,0) size 6x10
                RenderText {#text} at (0,-2) size 6x14
                  text run at (0,-2) width 6: "2"
        RenderText {#text} at (0,0) size 0x0
      RenderBlock {p} at (0,35) size 784x36
        RenderText {#text} at (0,0) size 26x17
          text run at (0,0) width 26: "For "
        RenderInline {a} at (0,0) size 68x17 [color=#0000EE]
          RenderText {#text} at (26,0) size 68x17
            text run at (26,0) width 68: "Bug 95404"
        RenderText {#text} at (94,0) size 381x17
          text run at (94,0) width 14: " - "
          text run at (108,0) width 367: "mathml.css: Add more { white-space: nowrap } declarations:"
        RenderBR {br} at (475,0) size 0x17
        RenderMathMLMath {math} at (0,20) size 815x13 [padding: 0 1 0 1]
          RenderMathMLSubSup {msup} at (1,0) size 813x13
            RenderMathMLBlock (anonymous, flex) at (0,0) size 408x13 [padding: 4 0 0 0]
              RenderBlock {mi} at (0,4) size 408x9
                RenderText {#text} at (0,-6) size 8x17
                  text run at (0,-6) width 8: "x"
            RenderMathMLBlock (anonymous, flex) at (408,0) size 405x9
              RenderBlock {mi} at (0,0) size 405x9
                RenderText {#text} at (0,-5) size 5x14
                  text run at (0,-5) width 5: "y"
        RenderText {#text} at (0,0) size 0x0
