layer at (0,0) size 800x600
  RenderView at (0,0) size 800x600
layer at (0,0) size 800x226
  RenderBlock {html} at (0,0) size 800x226
    RenderBody {body} at (8,16) size 784x194
      RenderBlock {p} at (0,0) size 784x28
        RenderText {#text} at (0,6) size 88x17
          text run at (0,6) width 88: "under & over: "
        RenderMathMLMath {math} at (88,0) size 12x28 [padding: 0 1 0 1]
          RenderMathMLUnderOver {munderover} at (1,0) size 10x28
            RenderBlock {mi} at (0,9) size 10x12
              RenderText {#text} at (0,-3) size 9x17
                text run at (0,-3) width 9: "B"
            RenderBlock {mi} at (2,21) size 6x7
              RenderText {#text} at (0,-5) size 5x14
                text run at (0,-5) width 5: "x"
            RenderBlock {mi} at (2,0) size 6x9
              RenderText {#text} at (0,-5) size 5x14
                text run at (0,-5) width 5: "y"
        RenderText {#text} at (0,0) size 0x0
      RenderBlock {p} at (0,44) size 784x31
        RenderText {#text} at (0,6) size 88x17
          text run at (0,6) width 88: "under & over: "
        RenderMathMLMath {math} at (88,0) size 12x31 [padding: 0 1 0 1]
          RenderMathMLUnderOver {munderover} at (1,0) size 10x31
            RenderBlock {mi} at (0,9) size 10x12
              RenderText {#text} at (0,-3) size 9x17
                text run at (0,-3) width 9: "B"
            RenderBlock {mi} at (1,21) size 8x10
              RenderText {#text} at (0,-2) size 7x14
                text run at (0,-2) width 7: "X"
            RenderBlock {mi} at (2,0) size 6x9
              RenderText {#text} at (0,-5) size 5x14
                text run at (0,-5) width 5: "y"
        RenderText {#text} at (0,0) size 0x0
      RenderBlock {p} at (0,91) size 784x43
        RenderText {#text} at (0,14) size 88x17
          text run at (0,14) width 88: "under & over: "
        RenderMathMLMath {math} at (88,0) size 25x43 [padding: 0 1 0 1]
          RenderMathMLUnderOver {munderover} at (1,0) size 23x43
            RenderMathMLOperator {mo} at (3,11) size 17x22
              RenderMathMLBlock (flex) {mo} at (0,0) size 17x22
                RenderBlock (anonymous) at (0,0) size 17x22
                  RenderText {mo} at (0,-5) size 17x27
                    text run at (0,-5) width 17: "\x{2211}"
            RenderMathMLRow {mrow} at (0,33) size 22x10
              RenderBlock {mi} at (0,0) size 4x10
                RenderText {#text} at (0,-2) size 3x14
                  text run at (0,-2) width 3: "i"
              RenderMathMLOperator {mo} at (6,3) size 7x7
                RenderMathMLBlock (flex) {mo} at (0,0) size 7x7
                  RenderBlock (anonymous) at (0,0) size 7x7
                    RenderText {mo} at (0,-5) size 7x14
                      text run at (0,-5) width 7: "="
              RenderBlock {mi} at (15,0) size 7x10
                RenderText {#text} at (0,-2) size 6x14
                  text run at (0,-2) width 6: "0"
            RenderMathMLRow {mrow} at (0,0) size 23x11
              RenderBlock {mi} at (0,2) size 6x7
                RenderText {#text} at (0,-5) size 5x14
                  text run at (0,-5) width 5: "x"
              RenderMathMLOperator {mo} at (8,0) size 7x9
                RenderMathMLBlock (flex) {mo} at (0,0) size 7x9
                  RenderBlock (anonymous) at (0,0) size 7x9
                    RenderText {mo} at (0,-3) size 7x14
                      text run at (0,-3) width 7: "+"
              RenderBlock {mi} at (17,2) size 6x9
                RenderText {#text} at (0,-5) size 5x14
                  text run at (0,-5) width 5: "y"
        RenderText {#text} at (0,0) size 0x0
      RenderBlock {p} at (0,150) size 784x44
        RenderText {#text} at (0,15) size 88x17
          text run at (0,15) width 88: "under & over: "
        RenderMathMLMath {math} at (88,0) size 27x44 [padding: 0 1 0 1]
          RenderMathMLUnderOver {munderover} at (1,0) size 25x44
            RenderMathMLOperator {mo} at (4,12) size 17x22
              RenderMathMLBlock (flex) {mo} at (0,0) size 17x22
                RenderBlock (anonymous) at (0,0) size 17x22
                  RenderText {mo} at (0,-5) size 17x27
                    text run at (0,-5) width 17: "\x{2211}"
            RenderMathMLRow {mrow} at (1,34) size 23x10
              RenderBlock {mi} at (0,0) size 5x10
                RenderText {#text} at (0,-2) size 4x14
                  text run at (0,-2) width 4: "I"
              RenderMathMLOperator {mo} at (7,3) size 7x7
                RenderMathMLBlock (flex) {mo} at (0,0) size 7x7
                  RenderBlock (anonymous) at (0,0) size 7x7
                    RenderText {mo} at (0,-5) size 7x14
                      text run at (0,-5) width 7: "="
              RenderBlock {mi} at (16,0) size 7x10
                RenderText {#text} at (0,-2) size 6x14
                  text run at (0,-2) width 6: "0"
            RenderMathMLRow {mrow} at (0,0) size 25x12
              RenderBlock {mi} at (0,0) size 8x10
                RenderText {#text} at (0,-2) size 7x14
                  text run at (0,-2) width 7: "X"
              RenderMathMLOperator {mo} at (10,1) size 7x9
                RenderMathMLBlock (flex) {mo} at (0,0) size 7x9
                  RenderBlock (anonymous) at (0,0) size 7x9
                    RenderText {mo} at (0,-3) size 7x14
                      text run at (0,-3) width 7: "+"
              RenderBlock {mi} at (19,3) size 6x9
                RenderText {#text} at (0,-5) size 5x14
                  text run at (0,-5) width 5: "y"
        RenderText {#text} at (0,0) size 0x0
