layer at (0,0) size 800x600
  RenderView at (0,0) size 800x600
layer at (0,0) size 800x600
  RenderBlock {HTML} at (0,0) size 800x600
    RenderBody {BODY} at (8,8) size 784x584
      RenderBlock {P} at (0,0) size 784x16
        RenderText {#text} at (0,0) size 273x16
          text run at (0,0) width 273: "There should be no dots above the ellipsis."
layer at (8,40) size 220x80 scrollX 37.00 scrollWidth 257
  RenderBlock {DIV} at (0,32) size 220x80
    RenderText {#text} at (-37,24) size 258x48
      text run at (-37,24) width 257 RTL: "\x{647}\x{630}\x{627} \x{647}\x{648} \x{627}\x{644}\x{627}\x{62E}\x{62A}\x{628}\x{627}\x{631}"
layer at (8,120) size 220x80 scrollWidth 257
  RenderBlock {DIV} at (0,112) size 220x80
    RenderText {#text} at (0,24) size 258x48
      text run at (0,24) width 258 RTL: "\x{647}\x{630}\x{627} \x{647}\x{648} \x{627}\x{644}\x{627}\x{62E}\x{62A}\x{628}\x{627}\x{631}"
layer at (8,200) size 220x72 scrollX 30.00 scrollWidth 251
  RenderBlock {DIV} at (0,192) size 220x72
    RenderText {#text} at (-30,24) size 251x48
      text run at (-30,24) width 250: "abcd efg hijk"
layer at (8,272) size 220x72 scrollWidth 251
  RenderBlock {DIV} at (0,264) size 220x72
    RenderText {#text} at (0,24) size 251x48
      text run at (0,24) width 251: "abcd efg hijk"
layer at (8,344) size 220x80 scrollX 78.00 scrollWidth 299
  RenderBlock {DIV} at (0,336) size 220x80
    RenderText {#text} at (-78,24) size 299x48
      text run at (-78,24) width 298 RTL: "\x{643}\x{62A}\x{627}\x{628} \x{623}\x{644}\x{641} \x{644}\x{64A}\x{644}\x{629} \x{648}\x{644}\x{64A}\x{644}\x{629}"
layer at (8,424) size 220x80 scrollWidth 299
  RenderBlock {DIV} at (0,416) size 220x80
    RenderText {#text} at (0,24) size 299x48
      text run at (0,24) width 299 RTL: "\x{643}\x{62A}\x{627}\x{628} \x{623}\x{644}\x{641} \x{644}\x{64A}\x{644}\x{629} \x{648}\x{644}\x{64A}\x{644}\x{629}"
