layer at (0,0) size 785x939
  RenderView at (0,0) size 785x600
layer at (0,0) size 785x939
  RenderBlock {HTML} at (0,0) size 785x939
    RenderBody {BODY} at (8,8) size 769x923
      RenderBlock {CENTER} at (0,0) size 769x923
        RenderTable {TABLE} at (58,0) size 653x923 [bgcolor=#F6F6EF]
          RenderTableSection {TBODY} at (0,0) size 653x923
            RenderTableRow {TR} at (0,0) size 653x20
              RenderTableCell {TD} at (0,0) size 653x20 [bgcolor=#FF6600] [r=0 c=0 rs=1 cs=1]
                RenderTable {TABLE} at (0,0) size 653x20
                  RenderTableSection {TBODY} at (2,2) size 649x16
                    RenderTableRow {TR} at (0,0) size 649x16
                      RenderTableCell {TD} at (0,0) size 56x16 [r=0 c=0 rs=1 cs=1]
                        RenderText {#text} at (0,0) size 52x16
                          text run at (0,0) width 52: "[image]"
                      RenderTableCell {TD} at (56,0) size 542x16 [r=0 c=1 rs=1 cs=1]
                        RenderInline {SPAN} at (0,0) size 386x16
                          RenderText {#text} at (0,0) size 0x0
                          RenderInline {B} at (0,0) size 138x16
                            RenderText {#text} at (0,0) size 0x0
                            RenderInline {A} at (0,0) size 133x16 [color=#0000EE]
                              RenderText {#text} at (0,0) size 133x16
                                text run at (0,0) width 133: "Script Kiddy News"
                            RenderText {#text} at (132,0) size 6x16
                              text run at (132,0) width 6: " "
                          RenderText {#text} at (137,0) size 249x16
                            text run at (137,0) width 249: "new | comments | ask | jobs | submit"
                        RenderText {#text} at (0,0) size 0x0
                      RenderTableCell {TD} at (598,0) size 51x16 [r=0 c=2 rs=1 cs=1]
                        RenderInline {SPAN} at (0,0) size 32x16
                          RenderText {#text} at (15,0) size 32x16
                            text run at (15,0) width 32: "login"
                        RenderText {#text} at (0,0) size 0x0
            RenderTableRow {TR} at (0,20) size 653x10
            RenderTableRow {TR} at (0,30) size 653x875
              RenderTableCell {TD} at (0,30) size 653x875 [r=2 c=0 rs=1 cs=1]
                RenderTable {TABLE} at (0,0) size 406x58
                  RenderTableSection {TBODY} at (0,0) size 406x58
                    RenderTableRow {TR} at (0,2) size 406x18
                      RenderTableCell {TD} at (2,2) size 54x18 [r=0 c=0 rs=1 cs=1]
                        RenderBlock {CENTER} at (1,1) size 52x16
                          RenderText {#text} at (0,0) size 52x16
                            text run at (0,0) width 52: "[image]"
                      RenderTableCell {TD} at (58,2) size 346x18 [r=0 c=1 rs=1 cs=1]
                        RenderInline {A} at (0,0) size 198x16 [color=#0000EE]
                          RenderText {#text} at (1,1) size 198x16
                            text run at (1,1) width 198: "Chromium is the best browser"
                        RenderText {#text} at (198,1) size 6x16
                          text run at (198,1) width 6: " "
                        RenderInline {SPAN} at (0,0) size 142x16
                          RenderText {#text} at (203,1) size 142x16
                            text run at (203,1) width 142: "(google.com/chrome)"
                        RenderText {#text} at (0,0) size 0x0
                    RenderTableRow {TR} at (0,22) size 406x18
                      RenderTableCell {TD} at (2,30) size 54x2 [r=1 c=0 rs=1 cs=1]
                      RenderTableCell {TD} at (58,22) size 346x18 [r=1 c=1 rs=1 cs=1]
                        RenderInline {SPAN} at (0,0) size 70x16
                          RenderText {#text} at (1,1) size 70x16
                            text run at (1,1) width 70: "999 points"
                        RenderText {#text} at (70,1) size 25x16
                          text run at (70,1) width 25: " by "
                        RenderInline {A} at (0,0) size 23x16 [color=#0000EE]
                          RenderText {#text} at (94,1) size 23x16
                            text run at (94,1) width 23: "pdr"
                        RenderText {#text} at (116,1) size 188x16
                          text run at (116,1) width 88: " 4 hours ago "
                          text run at (203,1) width 101: "| 74 comments"
                    RenderTableRow {TR} at (0,42) size 406x10
                    RenderTableRow {TR} at (0,54) size 406x2
                      RenderTableCell {TD} at (2,54) size 54x2 [r=3 c=0 rs=1 cs=1]
                      RenderTableCell {TD} at (58,54) size 346x2 [r=3 c=1 rs=1 cs=1]
                RenderBlock (anonymous) at (0,58) size 653x32
                  RenderBR {BR} at (0,0) size 0x16
                  RenderBR {BR} at (0,16) size 0x16
                RenderTable {TABLE} at (0,90) size 653x753
                  RenderTableSection {TBODY} at (0,0) size 653x753
                    RenderTableRow {TR} at (0,2) size 653x345
                      RenderTableCell {TD} at (2,2) size 649x345 [r=0 c=0 rs=1 cs=1]
                        RenderTable {TABLE} at (1,1) size 647x343
                          RenderTableSection {TBODY} at (0,0) size 647x343
                            RenderTableRow {TR} at (0,2) size 647x339
                              RenderTableCell {TD} at (2,170) size 2x2 [r=0 c=0 rs=1 cs=1]
                              RenderTableCell {TD} at (6,2) size 54x18 [r=0 c=1 rs=1 cs=1]
                                RenderBlock {CENTER} at (1,1) size 52x16
                                  RenderText {#text} at (0,0) size 52x16
                                    text run at (0,0) width 52: "[image]"
                              RenderTableCell {TD} at (62,2) size 583x339 [r=0 c=2 rs=1 cs=1]
                                RenderBlock {DIV} at (1,3) size 581x29
                                  RenderInline {SPAN} at (0,0) size 381x29
                                    RenderText {#text} at (0,0) size 381x29
                                      text run at (0,0) width 320: "longcomment 3 hours ago "
                                      text run at (319,0) width 62: "| link"
                                  RenderText {#text} at (0,0) size 0x0
                                RenderBlock (anonymous) at (1,22) size 581x261
                                  RenderBR {BR} at (0,0) size 0x29
                                  RenderInline {SPAN} at (0,0) size 578x232
                                    RenderText {#text} at (0,0) size 0x0
                                    RenderInline {FONT} at (0,0) size 578x232
                                      RenderText {#text} at (0,29) size 578x232
                                        text run at (0,29) width 549: "Contrary to popular belief, blah blah blah blah"
                                        text run at (0,58) width 578: "blah blah blah blah blah blah blah blah blah blah"
                                        text run at (0,87) width 578: "blah blah blah blah blah blah blah blah blah blah"
                                        text run at (0,116) width 578: "blah blah blah blah blah blah blah blah blah blah"
                                        text run at (0,145) width 578: "blah blah blah blah blah blah blah blah blah blah"
                                        text run at (0,174) width 578: "blah blah blah blah blah blah blah blah blah blah"
                                        text run at (0,203) width 578: "blah blah blah blah blah blah blah blah blah blah"
                                        text run at (0,232) width 109: "blah blah"
                                    RenderText {#text} at (0,0) size 0x0
                                  RenderText {#text} at (0,0) size 0x0
                                RenderBlock {P} at (1,296) size 581x29
                                  RenderInline {FONT} at (0,0) size 60x29
                                    RenderText {#text} at (0,0) size 60x29
                                      text run at (0,0) width 60: "reply"
                                  RenderText {#text} at (0,0) size 0x0
                    RenderTableRow {TR} at (0,349) size 653x200
                      RenderTableCell {TD} at (2,349) size 649x200 [r=1 c=0 rs=1 cs=1]
                        RenderTable {TABLE} at (1,1) size 606x198
                          RenderTableSection {TBODY} at (0,0) size 606x198
                            RenderTableRow {TR} at (0,2) size 606x194
                              RenderTableCell {TD} at (2,98) size 322x2 [r=0 c=0 rs=1 cs=1]
                                RenderBlock {DIV} at (1,1) size 320x0
                              RenderTableCell {TD} at (326,2) size 54x18 [r=0 c=1 rs=1 cs=1]
                                RenderBlock {CENTER} at (1,1) size 52x16
                                  RenderText {#text} at (0,0) size 52x16
                                    text run at (0,0) width 52: "[image]"
                              RenderTableCell {TD} at (382,2) size 222x194 [r=0 c=2 rs=1 cs=1]
                                RenderBlock {DIV} at (1,3) size 220x58
                                  RenderInline {SPAN} at (0,0) size 216x58
                                    RenderText {#text} at (0,0) size 216x58
                                      text run at (0,0) width 176: "deepnested 37"
                                      text run at (0,29) width 155: "minutes ago "
                                      text run at (154,29) width 62: "| link"
                                  RenderText {#text} at (0,0) size 0x0
                                RenderBlock (anonymous) at (1,51) size 220x87
                                  RenderBR {BR} at (0,0) size 0x29
                                  RenderInline {SPAN} at (0,0) size 159x58
                                    RenderText {#text} at (0,0) size 0x0
                                    RenderInline {FONT} at (0,0) size 159x58
                                      RenderText {#text} at (0,29) size 159x58
                                        text run at (0,29) width 159: "Haskell is the"
                                        text run at (0,58) width 59: "best."
                                    RenderText {#text} at (0,0) size 0x0
                                  RenderText {#text} at (0,0) size 0x0
                                RenderBlock {P} at (1,151) size 220x29
                                  RenderInline {FONT} at (0,0) size 60x29
                                    RenderText {#text} at (0,0) size 60x29
                                      text run at (0,0) width 60: "reply"
                                  RenderText {#text} at (0,0) size 0x0
                    RenderTableRow {TR} at (0,551) size 653x200
                      RenderTableCell {TD} at (2,551) size 649x200 [r=2 c=0 rs=1 cs=1]
                        RenderTable {TABLE} at (1,1) size 322x198
                          RenderTableSection {TBODY} at (0,0) size 322x198
                            RenderTableRow {TR} at (0,2) size 322x194
                              RenderTableCell {TD} at (2,98) size 42x2 [r=0 c=0 rs=1 cs=1]
                                RenderBlock {DIV} at (1,1) size 40x0
                              RenderTableCell {TD} at (46,2) size 54x18 [r=0 c=1 rs=1 cs=1]
                                RenderBlock {CENTER} at (1,1) size 52x16
                                  RenderText {#text} at (0,0) size 52x16
                                    text run at (0,0) width 52: "[image]"
                              RenderTableCell {TD} at (102,2) size 218x194 [r=0 c=2 rs=1 cs=1]
                                RenderBlock {DIV} at (1,3) size 216x58
                                  RenderInline {SPAN} at (0,0) size 196x58
                                    RenderText {#text} at (0,0) size 196x58
                                      text run at (0,0) width 196: "shortcomment 4"
                                      text run at (0,29) width 127: "hours ago "
                                      text run at (126,29) width 62: "| link"
                                  RenderText {#text} at (0,0) size 0x0
                                RenderBlock (anonymous) at (1,51) size 216x87
                                  RenderBR {BR} at (0,0) size 0x29
                                  RenderInline {SPAN} at (0,0) size 190x58
                                    RenderText {#text} at (0,0) size 0x0
                                    RenderInline {FONT} at (0,0) size 190x58
                                      RenderText {#text} at (0,29) size 190x58
                                        text run at (0,29) width 190: "PHP can do that"
                                        text run at (0,58) width 47: "too."
                                    RenderText {#text} at (0,0) size 0x0
                                  RenderText {#text} at (0,0) size 0x0
                                RenderBlock {P} at (1,151) size 216x29
                                  RenderInline {FONT} at (0,0) size 60x29
                                    RenderText {#text} at (0,0) size 60x29
                                      text run at (0,0) width 60: "reply"
                                  RenderText {#text} at (0,0) size 0x0
                RenderBlock (anonymous) at (0,843) size 653x32
                  RenderBR {BR} at (0,0) size 0x16
                  RenderBR {BR} at (0,16) size 0x16
            RenderTableRow {TR} at (0,905) size 653x18
              RenderTableCell {TD} at (0,905) size 653x18 [r=3 c=0 rs=1 cs=1]
                RenderTable {TABLE} at (0,0) size 653x2
                  RenderTableSection {TBODY} at (0,0) size 653x2
                    RenderTableRow {TR} at (0,0) size 653x2
                      RenderTableCell {TD} at (0,0) size 653x2 [bgcolor=#FF6600] [r=0 c=0 rs=1 cs=1]
                RenderBlock (anonymous) at (0,2) size 653x16
                  RenderBR {BR} at (0,0) size 0x16
