layer at (0,0) size 800x600
  RenderView at (0,0) size 800x600
layer at (0,0) size 800x55
  RenderBlock {HTML} at (0,0) size 800x55
    RenderBody {BODY} at (8,8) size 784x39
      RenderBlock {DIV} at (0,0) size 784x18
        RenderText {#text} at (0,0) size 692x17
          text run at (0,0) width 692: "When the caret reaches the edge of the input box, on the next input if must jump to the center of the control."
      RenderBlock (anonymous) at (0,18) size 784x21
        RenderTextControl {INPUT} at (0,0) size 74x21 [bgcolor=#FFFFFF] [border: (2px inset #EEEEEE)]
        RenderText {#text} at (0,0) size 0x0
        RenderText {#text} at (0,0) size 0x0
layer at (10,29) size 70x15 scrollX 40 scrollWidth 312
  RenderBlock {DIV} at (2,3) size 70x15
    RenderText {#text} at (0,0) size 312x15
      text run at (0,0) width 312: "012345678901012345678901234567890123456789"
caret: position 12 of child 0 {#text} of child 0 {DIV} of {#document-fragment} of child 3 {INPUT} of body
