layer at (0,0) size 800x600
  RenderView at (0,0) size 800x600
layer at (0,0) size 800x134
  RenderBlock {HTML} at (0,0) size 800x134
    RenderBody {BODY} at (0,0) size 800x133
      RenderBlock {DIV} at (0,0) size 600x36
        RenderText {#text} at (0,0) size 295x14
          text run at (0,0) width 295: "Table autosizing tests - css-table-lots-of-text-many-cells.html"
        RenderBR {BR} at (294,0) size 1x14
        RenderText {#text} at (0,15) size 251x14
          text run at (0,15) width 251: "This test passes if none of the 18 cells are autosized."
      RenderTable {DIV} at (1,37) size 798x96
        RenderTableSection (anonymous) at (0,0) size 798x96
          RenderTableRow {DIV} at (0,0) size 798x32
            RenderTableCell {DIV} at (0,0) size 133x17 [bgcolor=#F0FFF0] [border: (1px dotted #006400)] [r=0 c=0 rs=1 cs=1]
              RenderText {#text} at (1,1) size 24x14
                text run at (1,1) width 24: "hello"
            RenderTableCell {DIV} at (133,0) size 133x32 [bgcolor=#F0FFF0] [border: (1px dotted #006400)] [r=0 c=1 rs=1 cs=1]
              RenderText {#text} at (1,1) size 105x29
                text run at (1,1) width 105: "hello hello hello hello"
                text run at (1,16) width 78: "hello hello hello"
            RenderTableCell {DIV} at (266,0) size 133x32 [bgcolor=#F0FFF0] [border: (1px dotted #006400)] [r=0 c=2 rs=1 cs=1]
              RenderText {#text} at (1,1) size 105x29
                text run at (1,1) width 105: "hello hello hello hello"
                text run at (1,16) width 78: "hello hello hello"
            RenderTableCell {DIV} at (399,0) size 133x32 [bgcolor=#F0FFF0] [border: (1px dotted #006400)] [r=0 c=3 rs=1 cs=1]
              RenderText {#text} at (1,1) size 105x29
                text run at (1,1) width 105: "hello hello hello hello"
                text run at (1,16) width 78: "hello hello hello"
            RenderTableCell {DIV} at (532,0) size 133x32 [bgcolor=#F0FFF0] [border: (1px dotted #006400)] [r=0 c=4 rs=1 cs=1]
              RenderText {#text} at (1,1) size 105x29
                text run at (1,1) width 105: "hello hello hello hello"
                text run at (1,16) width 78: "hello hello hello"
            RenderTableCell {DIV} at (665,0) size 133x32 [bgcolor=#F0FFF0] [border: (1px dotted #006400)] [r=0 c=5 rs=1 cs=1]
              RenderText {#text} at (1,1) size 105x29
                text run at (1,1) width 105: "hello hello hello hello"
                text run at (1,16) width 78: "hello hello hello"
          RenderTableRow {DIV} at (0,32) size 798x32
            RenderTableCell {DIV} at (0,32) size 133x32 [bgcolor=#F0FFF0] [border: (1px dotted #006400)] [r=1 c=0 rs=1 cs=1]
              RenderText {#text} at (1,1) size 105x29
                text run at (1,1) width 105: "hello hello hello hello"
                text run at (1,16) width 78: "hello hello hello"
            RenderTableCell {DIV} at (133,32) size 133x32 [bgcolor=#F0FFF0] [border: (1px dotted #006400)] [r=1 c=1 rs=1 cs=1]
              RenderText {#text} at (1,1) size 105x29
                text run at (1,1) width 105: "hello hello hello hello"
                text run at (1,16) width 78: "hello hello hello"
            RenderTableCell {DIV} at (266,32) size 133x32 [bgcolor=#F0FFF0] [border: (1px dotted #006400)] [r=1 c=2 rs=1 cs=1]
              RenderText {#text} at (1,1) size 105x29
                text run at (1,1) width 105: "hello hello hello hello"
                text run at (1,16) width 78: "hello hello hello"
            RenderTableCell {DIV} at (399,32) size 133x32 [bgcolor=#F0FFF0] [border: (1px dotted #006400)] [r=1 c=3 rs=1 cs=1]
              RenderText {#text} at (1,1) size 105x29
                text run at (1,1) width 105: "hello hello hello hello"
                text run at (1,16) width 78: "hello hello hello"
            RenderTableCell {DIV} at (532,32) size 133x32 [bgcolor=#F0FFF0] [border: (1px dotted #006400)] [r=1 c=4 rs=1 cs=1]
              RenderText {#text} at (1,1) size 105x29
                text run at (1,1) width 105: "hello hello hello hello"
                text run at (1,16) width 78: "hello hello hello"
            RenderTableCell {DIV} at (665,32) size 133x32 [bgcolor=#F0FFF0] [border: (1px dotted #006400)] [r=1 c=5 rs=1 cs=1]
              RenderText {#text} at (1,1) size 105x29
                text run at (1,1) width 105: "hello hello hello hello"
                text run at (1,16) width 78: "hello hello hello"
          RenderTableRow {DIV} at (0,64) size 798x32
            RenderTableCell {DIV} at (0,64) size 133x32 [bgcolor=#F0FFF0] [border: (1px dotted #006400)] [r=2 c=0 rs=1 cs=1]
              RenderText {#text} at (1,1) size 105x29
                text run at (1,1) width 105: "hello hello hello hello"
                text run at (1,16) width 78: "hello hello hello"
            RenderTableCell {DIV} at (133,64) size 133x32 [bgcolor=#F0FFF0] [border: (1px dotted #006400)] [r=2 c=1 rs=1 cs=1]
              RenderText {#text} at (1,1) size 105x29
                text run at (1,1) width 105: "hello hello hello hello"
                text run at (1,16) width 78: "hello hello hello"
            RenderTableCell {DIV} at (266,64) size 133x32 [bgcolor=#F0FFF0] [border: (1px dotted #006400)] [r=2 c=2 rs=1 cs=1]
              RenderText {#text} at (1,1) size 105x29
                text run at (1,1) width 105: "hello hello hello hello"
                text run at (1,16) width 78: "hello hello hello"
            RenderTableCell {DIV} at (399,64) size 133x32 [bgcolor=#F0FFF0] [border: (1px dotted #006400)] [r=2 c=3 rs=1 cs=1]
              RenderText {#text} at (1,1) size 105x29
                text run at (1,1) width 105: "hello hello hello hello"
                text run at (1,16) width 78: "hello hello hello"
            RenderTableCell {DIV} at (532,64) size 133x32 [bgcolor=#F0FFF0] [border: (1px dotted #006400)] [r=2 c=4 rs=1 cs=1]
              RenderText {#text} at (1,1) size 105x29
                text run at (1,1) width 105: "hello hello hello hello"
                text run at (1,16) width 78: "hello hello hello"
            RenderTableCell {DIV} at (665,64) size 133x32 [bgcolor=#F0FFF0] [border: (1px dotted #006400)] [r=2 c=5 rs=1 cs=1]
              RenderText {#text} at (1,1) size 105x29
                text run at (1,1) width 105: "hello hello hello hello"
                text run at (1,16) width 78: "hello hello hello"
