layer at (0,0) size 800x600
  RenderView at (0,0) size 800x600
layer at (0,0) size 800x555
  RenderBlock {HTML} at (0,0) size 800x555
    RenderBody {BODY} at (0,0) size 800x554
      RenderBlock {DIV} at (0,0) size 600x36
        RenderText {#text} at (0,0) size 303x14
          text run at (0,0) width 303: "Table autosizing tests - fixed-table-single-cell-lots-of-text.html"
        RenderBR {BR} at (302,0) size 1x14
        RenderText {#text} at (0,15) size 566x14
          text run at (0,15) width 566: "This test passes if there is a one cell with lots of text that's autosized, and five single-word cells that are not autosized."
      RenderTable {TABLE} at (1,37) size 798x517 [border: none]
        RenderTableSection {TBODY} at (0,0) size 797x516
          RenderTableRow {TR} at (0,0) size 797x37
            RenderTableCell {TD} at (0,9) size 27x18 [bgcolor=#F0FFF0] [border: (1px dotted #006400)] [r=0 c=0 rs=1 cs=1]
              RenderText {#text} at (2,2) size 24x14
                text run at (2,2) width 24: "hello"
            RenderTableCell {TD} at (27,0) size 743x37 [bgcolor=#F0FFF0] [border: (1px dotted #006400)] [r=0 c=1 rs=1 cs=1]
              RenderText {#text} at (2,2) size 60x33
                text run at (2,2) width 60: "hello"
            RenderTableCell {TD} at (770,9) size 27x18 [bgcolor=#F0FFF0] [border: (1px dotted #006400)] [r=0 c=2 rs=1 cs=1]
              RenderText {#text} at (2,2) size 24x14
                text run at (2,2) width 24: "hello"
          RenderTableRow {TR} at (0,37) size 797x479
            RenderTableCell {TD} at (0,267) size 27x18 [bgcolor=#F0FFF0] [border: (1px dotted #006400)] [r=1 c=0 rs=1 cs=1]
              RenderText {#text} at (2,2) size 24x14
                text run at (2,2) width 24: "hello"
            RenderTableCell {TD} at (27,37) size 743x479 [bgcolor=#F0FFF0] [border: (1px dotted #006400)] [r=1 c=1 rs=1 cs=1]
              RenderText {#text} at (2,2) size 735x475
                text run at (2,2) width 735: "hello hello hello hello hello hello hello hello hello hello hello"
                text run at (2,36) width 735: "hello hello hello hello hello hello hello hello hello hello hello"
                text run at (2,70) width 735: "hello hello hello hello hello hello hello hello hello hello hello"
                text run at (2,104) width 735: "hello hello hello hello hello hello hello hello hello hello hello"
                text run at (2,138) width 735: "hello hello hello hello hello hello hello hello hello hello hello"
                text run at (2,172) width 735: "hello hello hello hello hello hello hello hello hello hello hello"
                text run at (2,206) width 735: "hello hello hello hello hello hello hello hello hello hello hello"
                text run at (2,240) width 735: "hello hello hello hello hello hello hello hello hello hello hello"
                text run at (2,274) width 735: "hello hello hello hello hello hello hello hello hello hello hello"
                text run at (2,308) width 735: "hello hello hello hello hello hello hello hello hello hello hello"
                text run at (2,342) width 735: "hello hello hello hello hello hello hello hello hello hello hello"
                text run at (2,376) width 735: "hello hello hello hello hello hello hello hello hello hello hello"
                text run at (2,410) width 735: "hello hello hello hello hello hello hello hello hello hello hello"
                text run at (2,444) width 600: "hello hello hello hello hello hello hello hello hello"
            RenderTableCell {TD} at (770,267) size 27x18 [bgcolor=#F0FFF0] [border: (1px dotted #006400)] [r=1 c=2 rs=1 cs=1]
              RenderText {#text} at (2,2) size 24x14
                text run at (2,2) width 24: "hello"
