layer at (0,0) size 800x600
  RenderView at (0,0) size 800x600
layer at (0,0) size 800x150
  RenderBlock {HTML} at (0,0) size 800x150
    RenderBody {BODY} at (0,0) size 800x149
      RenderBlock {DIV} at (0,0) size 600x36
        RenderText {#text} at (0,0) size 261x14
          text run at (0,0) width 261: "Table autosizing tests - narrow-percentage-width.html"
        RenderBR {BR} at (260,0) size 1x14
        RenderText {#text} at (0,15) size 245x14
          text run at (0,15) width 245: "This test passes if none of the 6 cells are autosized."
      RenderTable {TABLE} at (1,37) size 200x112 [border: none]
        RenderTableSection {TBODY} at (0,0) size 199x111
          RenderTableRow {TR} at (0,0) size 199x18
            RenderTableCell {TD} at (0,0) size 27x18 [bgcolor=#F0FFF0] [border: (1px dotted #006400)] [r=0 c=0 rs=1 cs=1]
              RenderText {#text} at (2,2) size 24x14
                text run at (2,2) width 24: "hello"
            RenderTableCell {TD} at (27,0) size 145x18 [bgcolor=#F0FFF0] [border: (1px dotted #006400)] [r=0 c=1 rs=1 cs=1]
              RenderText {#text} at (2,2) size 24x14
                text run at (2,2) width 24: "hello"
            RenderTableCell {TD} at (172,0) size 27x18 [bgcolor=#F0FFF0] [border: (1px dotted #006400)] [r=0 c=2 rs=1 cs=1]
              RenderText {#text} at (2,2) size 24x14
                text run at (2,2) width 24: "hello"
          RenderTableRow {TR} at (0,18) size 199x93
            RenderTableCell {TD} at (0,55) size 27x18 [bgcolor=#F0FFF0] [border: (1px dotted #006400)] [r=1 c=0 rs=1 cs=1]
              RenderText {#text} at (2,2) size 24x14
                text run at (2,2) width 24: "hello"
            RenderTableCell {TD} at (27,18) size 145x93 [bgcolor=#F0FFF0] [border: (1px dotted #006400)] [r=1 c=1 rs=1 cs=1]
              RenderText {#text} at (2,2) size 132x89
                text run at (2,2) width 132: "hello hello hello hello hello"
                text run at (2,17) width 132: "hello hello hello hello hello"
                text run at (2,32) width 132: "hello hello hello hello hello"
                text run at (2,47) width 132: "hello hello hello hello hello"
                text run at (2,62) width 132: "hello hello hello hello hello"
                text run at (2,77) width 24: "hello"
            RenderTableCell {TD} at (172,55) size 27x18 [bgcolor=#F0FFF0] [border: (1px dotted #006400)] [r=1 c=2 rs=1 cs=1]
              RenderText {#text} at (2,2) size 24x14
                text run at (2,2) width 24: "hello"
