layer at (0,0) size 800x600
  RenderView at (0,0) size 800x600
layer at (0,0) size 800x192
  RenderBlock {HTML} at (0,0) size 800x192
    RenderBody {BODY} at (0,0) size 800x191
      RenderBlock {DIV} at (0,0) size 600x36
        RenderText {#text} at (0,0) size 241x14
          text run at (0,0) width 241: "Table autosizing tests - wide-specified-width.html"
        RenderBR {BR} at (240,0) size 1x14
        RenderText {#text} at (0,15) size 469x14
          text run at (0,15) width 469: "This test passes if the cell with lots of text is autosized and none of the other 5 cells are autosized."
      RenderTable {TABLE} at (1,37) size 500x154 [border: none]
        RenderTableSection {TBODY} at (0,0) size 499x153
          RenderTableRow {TR} at (0,0) size 499x24
            RenderTableCell {TD} at (0,3) size 27x18 [bgcolor=#F0FFF0] [border: (1px dotted #006400)] [r=0 c=0 rs=1 cs=1]
              RenderText {#text} at (2,2) size 24x14
                text run at (2,2) width 24: "hello"
            RenderTableCell {TD} at (27,0) size 445x24 [bgcolor=#F0FFF0] [border: (1px dotted #006400)] [r=0 c=1 rs=1 cs=1]
              RenderText {#text} at (2,2) size 38x20
                text run at (2,2) width 38: "hello"
            RenderTableCell {TD} at (472,3) size 27x18 [bgcolor=#F0FFF0] [border: (1px dotted #006400)] [r=0 c=2 rs=1 cs=1]
              RenderText {#text} at (2,2) size 24x14
                text run at (2,2) width 24: "hello"
          RenderTableRow {TR} at (0,24) size 499x129
            RenderTableCell {TD} at (0,79) size 27x18 [bgcolor=#F0FFF0] [border: (1px dotted #006400)] [r=1 c=0 rs=1 cs=1]
              RenderText {#text} at (2,2) size 24x14
                text run at (2,2) width 24: "hello"
            RenderTableCell {TD} at (27,24) size 445x129 [bgcolor=#F0FFF0] [border: (1px dotted #006400)] [r=1 c=1 rs=1 cs=1]
              RenderText {#text} at (2,2) size 418x125
                text run at (2,2) width 418: "hello hello hello hello hello hello hello hello hello hello"
                text run at (2,23) width 418: "hello hello hello hello hello hello hello hello hello hello"
                text run at (2,44) width 418: "hello hello hello hello hello hello hello hello hello hello"
                text run at (2,65) width 418: "hello hello hello hello hello hello hello hello hello hello"
                text run at (2,86) width 418: "hello hello hello hello hello hello hello hello hello hello"
                text run at (2,107) width 80: "hello hello"
            RenderTableCell {TD} at (472,79) size 27x18 [bgcolor=#F0FFF0] [border: (1px dotted #006400)] [r=1 c=2 rs=1 cs=1]
              RenderText {#text} at (2,2) size 24x14
                text run at (2,2) width 24: "hello"
