layer at (0,0) size 800x600
  RenderView at (0,0) size 800x600
layer at (0,0) size 800x192
  RenderBlock {HTML} at (0,0) size 800x192.44
    RenderBody {BODY} at (8,18.72) size 784x165.72
      RenderBlock {H3} at (0,0) size 784x21
        RenderText {#text} at (0,0) size 759x20
          text run at (0,0) width 759: "The glyph for JHA should look different for Nepali and Hindi, depending on the lang attribute."
      RenderBlock {P} at (0,39.72) size 784x21
        RenderText {#text} at (0,0) size 88x21
          text run at (0,0) width 88: "Hindi:JHA \x{91D}"
      RenderBlock (anonymous) at (0,76.72) size 784x18
        RenderBR {BR} at (0,0) size 0x17
      RenderBlock {P} at (0,110.72) size 784x21
        RenderText {#text} at (0,0) size 97x21
          text run at (0,0) width 97: "Nepali:JHA \x{91D}"
      RenderBlock (anonymous) at (0,147.72) size 784x18
        RenderBR {BR} at (0,0) size 0x17
