layer at (0,0) size 800x600
  RenderView at (0,0) size 800x600
layer at (0,0) size 800x600
  RenderBlock {HTML} at (0,0) size 800x600
    RenderBody {BODY} at (8,8) size 784x584
      RenderBlock {DETAILS} at (0,0) size 784x36
        RenderBlock {SUMMARY} at (0,0) size 784x18
          RenderDetailsMarker {DIV} at (0,4) size 10.55x10.55: down
          RenderText {#text} at (16,0) size 64x17
            text run at (16,0) width 64: "Summary"
        RenderBlock {DIV} at (0,18) size 784x18
          RenderBlock {SPAN} at (0,3) size 62.42x15
            RenderText {#text} at (0,0) size 63x15
              text run at (0,0) width 63: "Details1"
          RenderText {#text} at (62,0) size 5x17
            text run at (62,0) width 5: " "
          RenderText {#text} at (0,0) size 0x0
          RenderBlock {SPAN} at (66.42,3) size 62.42x15
            RenderText {#text} at (0,0) size 63x15
              text run at (0,0) width 63: "Details2"
          RenderText {#text} at (0,0) size 0x0
      RenderBlock (anonymous) at (0,36) size 784x25
        RenderButton {INPUT} at (2,2) size 41.92x21 [bgcolor=#C0C0C0] [border: (2px outset #C0C0C0)]
          RenderBlock (anonymous) at (8,3) size 25.92x15
            RenderText {#text} at (0,0) size 26x15
              text run at (0,0) width 26: "click"
        RenderText {#text} at (0,0) size 0x0
