layer at (0,0) size 800x600
  RenderView at (0,0) size 800x600
layer at (0,0) size 800x453
  RenderBlock {HTML} at (0,0) size 800x453.48
    RenderBody {BODY} at (8,8) size 784x437.48
      RenderBlock {DIV} at (0,0) size 784x85
        RenderBlock {DETAILS} at (0,0) size 784x85
          RenderBlock {SUMMARY} at (0,0) size 784x85
            RenderDetailsMarker {DIV} at (0,0) size 111.83x79.83 [border: (8px solid #00FF00) (16px solid #00FF00) (24px solid #00FF00) (32px solid #00FF00)]: right
            RenderText {#text} at (121,58) size 94x26
              text run at (121,58) width 94: "Summary"
      RenderBlock {DIV} at (0,85) size 127x173.16
        RenderBlock {DETAILS} at (0,0) size 127x173.16
          RenderBlock {SUMMARY} at (0,0) size 127x173.16
            RenderDetailsMarker {DIV} at (9.59,0) size 111.83x79.83 [border: (8px solid #00FF00) (16px solid #00FF00) (24px solid #00FF00) (32px solid #00FF00)]: down
            RenderText {#text} at (100,79) size 26x95
              text run at (100,79) width 94: "Summary"
      RenderBlock {DIV} at (0,258.16) size 784x46
        RenderBlock {DETAILS} at (0,0) size 784x46
          RenderBlock {SUMMARY} at (0,0) size 784x46
            RenderDetailsMarker {DIV} at (0,0) size 64x40 [border: (8px solid #00FF00)]: right
            RenderText {#text} at (73,19) size 94x26
              text run at (73,19) width 94: "Summary"
      RenderBlock {DIV} at (0,304.16) size 79x133.33
        RenderBlock {DETAILS} at (0,0) size 79x133.33
          RenderBlock {SUMMARY} at (0,0) size 79x133.33
            RenderDetailsMarker {DIV} at (9.59,0) size 64x40 [border: (8px solid #00FF00)]: down
            RenderText {#text} at (52,40) size 26x94
              text run at (52,40) width 94: "Summary"
