layer at (0,0) size 800x600
  RenderView at (0,0) size 800x600
layer at (0,0) size 800x600
  RenderBlock {HTML} at (0,0) size 800x600
    RenderBody {BODY} at (8,8) size 784x584
      RenderBlock {KEYGEN} at (2,2) size 156x19
        RenderMenuList {SELECT} at (0,0) size 156x19 [bgcolor=#FFFFFF] [border: (1px solid #A9A9A9)]
          RenderBlock (anonymous) at (1,1) size 154x17
            RenderText at (4,1) size 111x15
              text run at (4,1) width 111: "2048 (High Grade)"
      RenderText {#text} at (0,0) size 0x0
