layer at (0,0) size 800x600
  RenderView at (0,0) size 800x600
layer at (0,0) size 800x380
  RenderBlock {HTML} at (0,0) size 800x380.44
    RenderBody {BODY} at (8,18.72) size 784x353.72
      RenderBlock {H3} at (0,0) size 784x22
        RenderText {#text} at (0,0) size 88x22
          text run at (0,0) width 88: "It passes if:"
      RenderBlock {UL} at (0,40.72) size 784x36
        RenderListItem {LI} at (40,0) size 744x18
          RenderListMarker at (-17,0) size 7x18: bullet
          RenderText {#text} at (0,0) size 415x18
            text run at (0,0) width 415: "the canvas content has rounded corners (top-left and bottom-right)"
        RenderListItem {LI} at (40,18) size 744x18
          RenderListMarker at (-17,0) size 7x18: bullet
          RenderText {#text} at (0,0) size 190x18
            text run at (0,0) width 190: "gray background is not visible"
      RenderBlock (anonymous) at (0,92.72) size 784x261
        RenderText {#text} at (0,0) size 0x0
        RenderText {#text} at (0,0) size 0x0
layer at (8,111) size 257x257
  RenderHTMLCanvas {CANVAS} at (0,0) size 257x257 [bgcolor=#808080]
