layer at (0,0) size 800x600
  RenderView at (0,0) size 800x600
layer at (0,0) size 800x392
  RenderBlock {HTML} at (0,0) size 800x392
    RenderBody {BODY} at (8,16) size 784x368
      RenderBlock {P} at (0,0) size 784x16
        RenderText {#text} at (0,0) size 272x16
          text run at (0,0) width 272: "Below there should be a solid black circle."
      RenderBlock (anonymous) at (0,32) size 784x16
        RenderBR {BR} at (0,0) size 0x16
layer at (8,164) size 220x220 clip at (18,174) size 200x200 scrollWidth 250 scrollHeight 250
  RenderBlock (relative positioned) zI: 1 {DIV} at (0,148) size 220x220 [bgcolor=#000000] [border: (10px solid #000000)]
layer at (-32,124) size 300x300 backgroundClip at (18,174) size 200x200 clip at (18,174) size 200x200 outlineClip at (18,174) size 200x200
  RenderBlock {DIV} at (-40,-40) size 300x300
