layer at (0,0) size 800x600
  RenderView at (0,0) size 800x600
layer at (0,0) size 800x397
  RenderBlock {HTML} at (0,0) size 800x397
    RenderBody {BODY} at (8,8) size 784x381
      RenderBlock (anonymous) at (0,0) size 784x89
        RenderTextControl {INPUT} at (4,4) size 175x21 [bgcolor=#FFFFFF] [border: (2px inset #EEEEEE)]
          RenderFlexibleBox {DIV} at (3,3) size 169x15
            RenderBlock {DIV} at (0,2) size 1x11
            RenderBlock {DIV} at (1,0) size 155x15
        RenderText {#text} at (183,5) size 4x17
          text run at (183,5) width 4: " "
        RenderTextControl {INPUT} at (191,4) size 175x21 [bgcolor=#FFFFFF] [border: (2px inset #EEEEEE)]
          RenderFlexibleBox {DIV} at (3,3) size 169x15
            RenderBlock {DIV} at (0,2) size 1x11
            RenderBlock {DIV} at (1,0) size 155x15
            RenderBlock {DIV} at (157,3) size 9x9
        RenderBR {BR} at (370,5) size 0x17
        RenderTextControl {INPUT} at (4,33) size 175x21 [bgcolor=#FFFFFF] [border: (2px inset #EEEEEE)]
          RenderFlexibleBox {DIV} at (3,3) size 169x15
            RenderBlock {DIV} at (0,2) size 1x11
            RenderBlock {DIV} at (1,0) size 155x15
        RenderText {#text} at (183,34) size 4x17
          text run at (183,34) width 4: " "
        RenderTextControl {INPUT} at (191,33) size 175x21 [color=#545454] [bgcolor=#EBEBE4] [border: (2px inset #EEEEEE)]
          RenderFlexibleBox {DIV} at (3,3) size 169x15
            RenderBlock {DIV} at (0,2) size 1x11
            RenderBlock {DIV} at (1,0) size 155x15
        RenderText {#text} at (370,34) size 4x17
          text run at (370,34) width 4: " "
        RenderBR {BR} at (374,34) size 0x17
        RenderTextControl {INPUT} at (4,62) size 177x23 [bgcolor=#FFFFFF] [border: (3px solid #00FF00)]
          RenderFlexibleBox {DIV} at (4,4) size 169x15
            RenderBlock {DIV} at (0,2) size 1x11
            RenderBlock {DIV} at (1,0) size 155x15
        RenderText {#text} at (185,64) size 4x17
          text run at (185,64) width 4: " "
        RenderTextControl {INPUT} at (193,63) size 175x21 [bgcolor=#FFFFFF] [border: (2px inset #EEEEEE)]
          RenderFlexibleBox {DIV} at (3,3) size 169x15
            RenderBlock {DIV} at (0,2) size 1x11
            RenderBlock {DIV} at (1,0) size 155x15
        RenderText {#text} at (372,64) size 4x17
          text run at (372,64) width 4: " "
        RenderBR {BR} at (376,64) size 0x17
      RenderBlock {DIV} at (0,89) size 163x45 [bgcolor=#888888]
        RenderTextControl {INPUT} at (11,9) size 133x21 [bgcolor=#00FF00] [border: (2px inset #EEEEEE)]
          RenderFlexibleBox {DIV} at (3,3) size 127x15
            RenderBlock {DIV} at (0,2) size 1x11
            RenderBlock {DIV} at (1,0) size 113x15
        RenderText {#text} at (0,0) size 0x0
      RenderBlock (anonymous) at (0,134) size 784x247
        RenderTextControl {INPUT} at (4,4) size 175x21 [border: (2px inset #EEEEEE)]
          RenderFlexibleBox {DIV} at (3,3) size 169x15
            RenderBlock {DIV} at (0,2) size 1x11
            RenderBlock {DIV} at (1,0) size 155x15
        RenderText {#text} at (183,5) size 4x17
          text run at (183,5) width 4: " "
        RenderBR {BR} at (187,5) size 0x17
        RenderTextControl {INPUT} at (4,33) size 175x21 [bgcolor=#FFFFFF] [border: (2px inset #EEEEEE)]
          RenderFlexibleBox {DIV} at (3,3) size 169x15
            RenderBlock {DIV} at (0,2) size 1x11
            RenderBlock {DIV} at (1,0) size 155x15
        RenderText {#text} at (183,34) size 4x17
          text run at (183,34) width 4: " "
        RenderBR {BR} at (187,34) size 0x17
        RenderTextControl {INPUT} at (4,70) size 201x24 [bgcolor=#FFFFFF] [border: (2px inset #EEEEEE)]
          RenderFlexibleBox {DIV} at (3,3) size 195x18
            RenderBlock {DIV} at (0,3.50) size 1x11
            RenderBlock {DIV} at (1,0) size 179x18
        RenderText {#text} at (209,73) size 4x17
          text run at (209,73) width 4: " "
        RenderTextControl {INPUT} at (217,66) size 249x29 [bgcolor=#FFFFFF] [border: (2px inset #EEEEEE)]
          RenderFlexibleBox {DIV} at (3,3) size 243x23
            RenderBlock {DIV} at (0,6) size 1x11
            RenderBlock {DIV} at (1,0) size 224x23
        RenderText {#text} at (470,73) size 4x17
          text run at (470,73) width 4: " "
        RenderTextControl {INPUT} at (478,62) size 298x34 [bgcolor=#FFFFFF] [border: (2px inset #EEEEEE)]
          RenderFlexibleBox {DIV} at (3,3) size 292x28
            RenderBlock {DIV} at (0,8.50) size 1x11
            RenderBlock {DIV} at (1,0) size 270x28
        RenderText {#text} at (780,73) size 4x17
          text run at (780,73) width 4: " "
        RenderBR {BR} at (784,73) size 0x17
        RenderTextControl {INPUT} at (6,116) size 252x32 [bgcolor=#FFFFFF] [border: (3px inset #EEEEEE)]
          RenderFlexibleBox {DIV} at (4.50,4.50) size 243x23
            RenderBlock {DIV} at (0,6) size 1x11
            RenderBlock {DIV} at (1,0) size 222x23
        RenderText {#text} at (264,124) size 4x17
          text run at (264,124) width 4: " "
        RenderTextControl {INPUT} at (276,108) size 330x43 [bgcolor=#FFFFFF] [border: (4px inset #EEEEEE)]
          RenderFlexibleBox {DIV} at (6,6) size 318x31
            RenderBlock {DIV} at (0,10) size 1x11
            RenderBlock {DIV} at (1,0) size 290x31
        RenderText {#text} at (614,124) size 4x17
          text run at (614,124) width 4: " "
        RenderBR {BR} at (618,124) size 0x17
        RenderTextControl {INPUT} at (6,175) size 252x32 [bgcolor=#FFFFFF] [border: (3px inset #EEEEEE)]
          RenderFlexibleBox {DIV} at (4.50,4.50) size 243x23
            RenderBlock {DIV} at (3,1.50) size 20x20
            RenderBlock {DIV} at (27.50,0) size 195.50x23
        RenderText {#text} at (264,183) size 4x17
          text run at (264,183) width 4: " "
        RenderTextControl {INPUT} at (276,167) size 330x43 [bgcolor=#FFFFFF] [border: (4px inset #EEEEEE)]
          RenderFlexibleBox {DIV} at (6,6) size 318x31
            RenderBlock {DIV} at (4,2) size 27x27
            RenderBlock {DIV} at (37,0) size 254x31
        RenderText {#text} at (614,183) size 4x17
          text run at (614,183) width 4: " "
        RenderBR {BR} at (618,183) size 0x17
        RenderTextControl {INPUT} at (4,222) size 140x21 [bgcolor=#FFFFFF] [border: (1px solid #BDC7D8)]
          RenderFlexibleBox {DIV} at (18,4) size 118x13
            RenderBlock {DIV} at (2,1) size 11x11
            RenderBlock {DIV} at (16,0) size 90x13
        RenderText {#text} at (0,0) size 0x0
        RenderText {#text} at (0,0) size 0x0
layer at (16,15) size 155x15
  RenderBlock {DIV} at (0,0) size 155x15
    RenderText {#text} at (0,0) size 19x15
      text run at (0,0) width 19: "foo"
layer at (203,15) size 155x15
  RenderBlock {DIV} at (0,0) size 155x15
    RenderText {#text} at (0,0) size 19x15
      text run at (0,0) width 19: "foo"
layer at (16,44) size 155x15
  RenderBlock {DIV} at (0,0) size 155x15
    RenderText {#text} at (0,0) size 19x15
      text run at (0,0) width 19: "foo"
layer at (203,44) size 155x15
  RenderBlock {DIV} at (0,0) size 155x15
    RenderText {#text} at (0,0) size 19x15
      text run at (0,0) width 19: "foo"
layer at (17,74) size 155x15
  RenderBlock {DIV} at (0,0) size 155x15
    RenderText {#text} at (0,0) size 19x15
      text run at (0,0) width 19: "foo"
layer at (205,74) size 155x15
  RenderBlock {DIV} at (0,0) size 155x15
    RenderText {#text} at (0,0) size 19x15
      text run at (0,0) width 19: "foo"
layer at (23,109) size 113x15
  RenderBlock {DIV} at (0,0) size 113x15
    RenderText {#text} at (0,0) size 66x15
      text run at (0,0) width 66: "default text"
layer at (16,149) size 155x15
  RenderBlock {DIV} at (0,0) size 155x15
    RenderText {#text} at (0,0) size 19x15
      text run at (0,0) width 19: "foo"
layer at (16,178) size 155x15
  RenderBlock {DIV} at (0,0) size 155x15
    RenderText {#text} at (0,0) size 19x15
      text run at (0,0) width 19: "foo"
layer at (16,215) size 179x18
  RenderBlock {DIV} at (0,0) size 179x18
    RenderText {#text} at (0,0) size 23x17
      text run at (0,0) width 23: "foo"
layer at (229,211) size 224x23
  RenderBlock {DIV} at (0,0) size 224x23
    RenderText {#text} at (0,0) size 28x22
      text run at (0,0) width 28: "foo"
layer at (490,207) size 270x28
  RenderBlock {DIV} at (0,0) size 270x28
    RenderText {#text} at (0,0) size 34x27
      text run at (0,0) width 34: "foo"
layer at (20,263) size 222x23
  RenderBlock {DIV} at (0,0) size 222x23
    RenderText {#text} at (0,0) size 28x22
      text run at (0,0) width 28: "foo"
layer at (291,256) size 290x31
  RenderBlock {DIV} at (0,0) size 290x31
    RenderText {#text} at (0,0) size 38x30
      text run at (0,0) width 38: "foo"
layer at (46,322) size 196x23
  RenderBlock {DIV} at (0,0) size 195.50x23
    RenderText {#text} at (0,0) size 28x22
      text run at (0,0) width 28: "foo"
layer at (327,315) size 254x31
  RenderBlock {DIV} at (0,0) size 254x31
    RenderText {#text} at (0,0) size 38x30
      text run at (0,0) width 38: "foo"
layer at (46,368) size 90x13
  RenderBlock {DIV} at (34,4) size 90x13 [color=#A9A9A9]
    RenderText {#text} at (0,0) size 86x13
      text run at (0,0) width 86: "Search for Events"
layer at (46,368) size 90x13
  RenderBlock {DIV} at (0,0) size 90x13
layer at (172,18) size 9x9 transparent
  RenderBlock {DIV} at (157,3) size 9x9
layer at (172,47) size 9x9 transparent
  RenderBlock {DIV} at (157,3) size 9x9
layer at (359,47) size 9x9 transparent
  RenderBlock {DIV} at (157,3) size 9x9
layer at (173,77) size 9x9 transparent
  RenderBlock {DIV} at (157,3) size 9x9
layer at (361,77) size 9x9 transparent
  RenderBlock {DIV} at (157,3) size 9x9
layer at (137,112) size 9x9 transparent
  RenderBlock {DIV} at (115,3) size 9x9
layer at (172,152) size 9x9 transparent
  RenderBlock {DIV} at (157,3) size 9x9
layer at (172,181) size 9x9 transparent
  RenderBlock {DIV} at (157,3) size 9x9
layer at (196,219) size 11x11 transparent
  RenderBlock {DIV} at (181,3.50) size 11x11
layer at (454,216) size 14x14 transparent
  RenderBlock {DIV} at (226,4.50) size 14x14
layer at (761,213) size 17x17 transparent
  RenderBlock {DIV} at (272,5.50) size 17x17
layer at (243,267) size 14x14 transparent
  RenderBlock {DIV} at (224.50,4.50) size 14x14
layer at (583,262) size 19x19 transparent
  RenderBlock {DIV} at (293,6) size 19x19
layer at (243,326) size 14x14 transparent
  RenderBlock {DIV} at (224.50,4.50) size 14x14
layer at (583,321) size 19x19 transparent
  RenderBlock {DIV} at (293,6) size 19x19
layer at (137,371) size 8x8 transparent
  RenderBlock {DIV} at (107,2.50) size 8x8
caret: position 0 of child 0 {#text} of child 0 {DIV} of child 1 {DIV} of child 0 {DIV} of {#document-fragment} of child 10 {INPUT} of body
