layer at (0,0) size 800x600
  RenderView at (0,0) size 800x600
layer at (0,0) size 800x376
  RenderBlock {HTML} at (0,0) size 800x376
    RenderBody {BODY} at (8,8) size 784x360
      RenderBlock (anonymous) at (0,0) size 784x62
        RenderTextControl {INPUT} at (4,4) size 126x22 [bgcolor=#FFFFFF] [border: (2px inset #EEEEEE)]
          RenderFlexibleBox {DIV} at (3,3) size 120x16
            RenderBlock {DIV} at (0,2.50) size 1x11
            RenderBlock {DIV} at (1,0) size 106x16
            RenderBlock {DIV} at (108,3.50) size 9x9
        RenderText {#text} at (134,5) size 4x19
          text run at (134,5) width 4: " "
        RenderBR {BR} at (138,5) size 0x19
        RenderTextControl {INPUT} at (4,34) size 128x24 [bgcolor=#FFFFFF] [border: (3px solid #00FF00)]
          RenderFlexibleBox {DIV} at (4,4) size 120x16
            RenderBlock {DIV} at (0,2.50) size 1x11
            RenderBlock {DIV} at (1,0) size 106x16
            RenderBlock {DIV} at (108,3.50) size 9x9
        RenderText {#text} at (136,36) size 4x19
          text run at (136,36) width 4: " "
        RenderTextControl {INPUT} at (144,35) size 126x22 [bgcolor=#FFFFFF] [border: (2px inset #EEEEEE)]
          RenderFlexibleBox {DIV} at (3,3) size 120x16
            RenderBlock {DIV} at (0,2.50) size 1x11
            RenderBlock {DIV} at (1,0) size 106x16
            RenderBlock {DIV} at (108,3.50) size 9x9
        RenderText {#text} at (274,36) size 4x19
          text run at (274,36) width 4: " "
        RenderBR {BR} at (278,36) size 0x19
      RenderBlock {DIV} at (0,62) size 163x45 [bgcolor=#888888]
        RenderTextControl {INPUT} at (11,9) size 133x22 [bgcolor=#00FF00] [border: (2px inset #EEEEEE)]
          RenderFlexibleBox {DIV} at (3,3) size 127x16
            RenderBlock {DIV} at (0,2.50) size 1x11
            RenderBlock {DIV} at (1,0) size 113x16
            RenderBlock {DIV} at (115,3.50) size 9x9
        RenderText {#text} at (0,0) size 0x0
      RenderBlock (anonymous) at (0,107) size 784x253
        RenderTextControl {INPUT} at (4,4) size 126x22 [border: (2px inset #EEEEEE)]
          RenderFlexibleBox {DIV} at (3,3) size 120x16
            RenderBlock {DIV} at (0,2.50) size 1x11
            RenderBlock {DIV} at (1,0) size 106x16
            RenderBlock {DIV} at (108,3.50) size 9x9
        RenderText {#text} at (134,5) size 4x19
          text run at (134,5) width 4: " "
        RenderBR {BR} at (138,5) size 0x19
        RenderTextControl {INPUT} at (4,34) size 126x22 [bgcolor=#FFFFFF] [border: (2px inset #EEEEEE)]
          RenderFlexibleBox {DIV} at (3,3) size 120x16
            RenderBlock {DIV} at (0,2.50) size 1x11
            RenderBlock {DIV} at (1,0) size 106x16
            RenderBlock {DIV} at (108,3.50) size 9x9
        RenderText {#text} at (134,35) size 4x19
          text run at (134,35) width 4: " "
        RenderBR {BR} at (138,35) size 0x19
        RenderTextControl {INPUT} at (4,70) size 146x25 [bgcolor=#FFFFFF] [border: (2px inset #EEEEEE)]
          RenderFlexibleBox {DIV} at (3,3) size 140x19
            RenderBlock {DIV} at (0,4) size 1x11
            RenderBlock {DIV} at (1,0) size 124x19
            RenderBlock {DIV} at (126,4) size 11x11
        RenderText {#text} at (154,73) size 4x19
          text run at (154,73) width 4: " "
        RenderTextControl {INPUT} at (162,66) size 186x30 [bgcolor=#FFFFFF] [border: (2px inset #EEEEEE)]
          RenderFlexibleBox {DIV} at (3,3) size 180x24
            RenderBlock {DIV} at (0,6.50) size 1x11
            RenderBlock {DIV} at (1,0) size 161x24
            RenderBlock {DIV} at (163,5) size 14x14
        RenderText {#text} at (352,73) size 4x19
          text run at (352,73) width 4: " "
        RenderTextControl {INPUT} at (360,64) size 226x34 [bgcolor=#FFFFFF] [border: (2px inset #EEEEEE)]
          RenderFlexibleBox {DIV} at (3,3) size 220x28
            RenderBlock {DIV} at (0,8.50) size 1x11
            RenderBlock {DIV} at (1,0) size 198x28
            RenderBlock {DIV} at (200,5.50) size 17x17
        RenderText {#text} at (590,73) size 4x19
          text run at (590,73) width 4: " "
        RenderBR {BR} at (594,73) size 0x19
        RenderTextControl {INPUT} at (6,119) size 189x33 [bgcolor=#FFFFFF] [border: (3px inset #EEEEEE)]
          RenderFlexibleBox {DIV} at (4.50,4.50) size 180x24
            RenderBlock {DIV} at (0,6.50) size 1x11
            RenderBlock {DIV} at (1,0) size 159x24
            RenderBlock {DIV} at (161.50,5) size 14x14
        RenderText {#text} at (201,127) size 4x19
          text run at (201,127) width 4: " "
        RenderTextControl {INPUT} at (213,110) size 252x45 [bgcolor=#FFFFFF] [border: (4px inset #EEEEEE)]
          RenderFlexibleBox {DIV} at (6,6) size 240x33
            RenderBlock {DIV} at (0,11) size 1x11
            RenderBlock {DIV} at (1,0) size 212x33
            RenderBlock {DIV} at (215,7) size 19x19
        RenderText {#text} at (473,127) size 4x19
          text run at (473,127) width 4: " "
        RenderBR {BR} at (477,127) size 0x19
        RenderTextControl {INPUT} at (6,180) size 189x33 [bgcolor=#FFFFFF] [border: (3px inset #EEEEEE)]
          RenderFlexibleBox {DIV} at (4.50,4.50) size 180x24
            RenderBlock {DIV} at (3,2) size 20x20
            RenderBlock {DIV} at (27.50,0) size 132.50x24
            RenderBlock {DIV} at (161.50,5) size 14x14
        RenderText {#text} at (201,188) size 4x19
          text run at (201,188) width 4: " "
        RenderTextControl {INPUT} at (213,171) size 252x45 [bgcolor=#FFFFFF] [border: (4px inset #EEEEEE)]
          RenderFlexibleBox {DIV} at (6,6) size 240x33
            RenderBlock {DIV} at (4,3) size 27x27
            RenderBlock {DIV} at (37,0) size 176x33
            RenderBlock {DIV} at (215,7) size 19x19
        RenderText {#text} at (473,188) size 4x19
          text run at (473,188) width 4: " "
        RenderBR {BR} at (477,188) size 0x19
        RenderTextControl {INPUT} at (4,228) size 142x21 [bgcolor=#FFFFFF] [border: (1px solid #BDC7D8)]
          RenderFlexibleBox {DIV} at (18,4) size 120x13
            RenderBlock {DIV} at (2,1) size 11x11
            RenderBlock {DIV} at (16,0) size 92x13
            RenderBlock {DIV} at (109,2.50) size 8x8
        RenderText {#text} at (0,0) size 0x0
layer at (16,15) size 106x16
  RenderBlock {DIV} at (0,0) size 106x16
    RenderText {#text} at (0,0) size 17x16
      text run at (0,0) width 17: "foo"
layer at (17,46) size 106x16
  RenderBlock {DIV} at (0,0) size 106x16
    RenderText {#text} at (0,0) size 17x16
      text run at (0,0) width 17: "foo"
layer at (156,46) size 106x16
  RenderBlock {DIV} at (0,0) size 106x16
    RenderText {#text} at (0,0) size 17x16
      text run at (0,0) width 17: "foo"
layer at (23,82) size 113x16
  RenderBlock {DIV} at (0,0) size 113x16
    RenderText {#text} at (0,0) size 64x16
      text run at (0,0) width 64: "default text"
layer at (16,122) size 106x16
  RenderBlock {DIV} at (0,0) size 106x16
    RenderText {#text} at (0,0) size 17x16
      text run at (0,0) width 17: "foo"
layer at (16,152) size 106x16
  RenderBlock {DIV} at (0,0) size 106x16
    RenderText {#text} at (0,0) size 17x16
      text run at (0,0) width 17: "foo"
layer at (16,188) size 124x19
  RenderBlock {DIV} at (0,0) size 124x19
    RenderText {#text} at (0,0) size 22x18
      text run at (0,0) width 22: "foo"
layer at (174,184) size 161x24
  RenderBlock {DIV} at (0,0) size 161x24
    RenderText {#text} at (0,0) size 28x23
      text run at (0,0) width 28: "foo"
layer at (372,182) size 198x28
  RenderBlock {DIV} at (0,0) size 198x28
    RenderText {#text} at (0,0) size 33x27
      text run at (0,0) width 33: "foo"
layer at (20,239) size 159x24
  RenderBlock {DIV} at (0,0) size 159x24
    RenderText {#text} at (0,0) size 28x23
      text run at (0,0) width 28: "foo"
layer at (228,231) size 212x33
  RenderBlock {DIV} at (0,0) size 212x33
    RenderText {#text} at (0,0) size 37x32
      text run at (0,0) width 37: "foo"
layer at (46,300) size 133x24
  RenderBlock {DIV} at (0,0) size 132.50x24
    RenderText {#text} at (0,0) size 28x23
      text run at (0,0) width 28: "foo"
layer at (264,292) size 176x33
  RenderBlock {DIV} at (0,0) size 176x33
    RenderText {#text} at (0,0) size 37x32
      text run at (0,0) width 37: "foo"
layer at (46,347) size 92x13 scrollWidth 102
  RenderBlock {DIV} at (34,4) size 92x13 [color=#A9A9A9]
    RenderText {#text} at (0,0) size 102x13
      text run at (0,0) width 102: "Search for Events"
layer at (46,347) size 92x13
  RenderBlock {DIV} at (0,0) size 92x13
