layer at (0,0) size 800x600
  RenderView at (0,0) size 800x600
layer at (0,0) size 800x86
  RenderBlock {HTML} at (0,0) size 800x86
    RenderBody {BODY} at (8,16) size 784x62
      RenderBlock {P} at (0,0) size 784x20
        RenderText {#text} at (0,0) size 764x19
          text run at (0,0) width 764: "Test that fullscreen object elements get a ::backdrop. You should see a green background when the object element is fullscreen."
      RenderBlock (anonymous) at (0,36) size 784x26
        RenderButton {BUTTON} at (2,2) size 92x22 [bgcolor=#C0C0C0] [border: (2px outset #C0C0C0)]
          RenderBlock (anonymous) at (8,3) size 76x16
            RenderText {#text} at (0,0) size 76x16
              text run at (0,0) width 76: "Go fullscreen"
        RenderText {#text} at (0,0) size 0x0
        RenderText {#text} at (0,0) size 0x0
layer at (0,0) size 800x600
  RenderBlock (positioned) at (0,0) size 800x600 [bgcolor=#008000]
layer at (0,0) size 100x100
  RenderEmbeddedObject {OBJECT} at (0,0) size 100x100 [bgcolor=#FFFFFF]
