layer at (0,0) size 785x789
  RenderView at (0,0) size 785x600
layer at (0,0) size 785x789
  RenderBlock {HTML} at (0,0) size 785x788.63
    RenderBody {BODY} at (8,19.91) size 769x760.72
      RenderBlock {DIV} at (0,0) size 769x760.72
        RenderBlock {SECTION} at (0,0) size 769x102.91
          RenderBlock {H2} at (0,0) size 769x28
            RenderText {#text} at (0,0) size 128x28
              text run at (0,0) width 128: "Summary"
          RenderBlock {P} at (0,47.91) size 769x19
            RenderText {#text} at (0,0) size 54x19
              text run at (0,0) width 54: "Found "
            RenderText {#text} at (54,0) size 20x19
              text run at (54,0) width 20: "11"
            RenderText {#text} at (74,0) size 44x19
              text run at (74,0) width 44: " tests"
          RenderBlock {DIV} at (0,82.91) size 769x20
            RenderBlock {DIV} at (0,0) size 769x20
              RenderInline {LABEL} at (0,0) size 82x19
                RenderBlock {INPUT} at (4,3) size 13x13
                RenderText {#text} at (20,1) size 62x19
                  text run at (20,1) width 62: "11 Pass"
        RenderBlock {SECTION} at (0,122.81) size 769x637.91
          RenderBlock {H2} at (0,0) size 769x28
            RenderText {#text} at (0,0) size 93x28
              text run at (0,0) width 93: "Details"
          RenderTable {TABLE} at (0,47.91) size 769x590 [border: none]
            RenderTableSection {THEAD} at (0,0) size 769x28
              RenderTableRow {TR} at (0,0) size 769x28
                RenderTableCell {TH} at (0,0) size 64x28 [border: none (1px solid #000000) none] [r=0 c=0 rs=1 cs=1]
                  RenderText {#text} at (4,0) size 56x19
                    text run at (4,0) width 56: "Result"
                RenderTableCell {TH} at (64,0) size 321x28 [border: none (1px solid #000000) none] [r=0 c=1 rs=1 cs=1]
                  RenderText {#text} at (112,0) size 97x19
                    text run at (112,0) width 97: "Test Name"
                RenderTableCell {TH} at (385,0) size 384x28 [border: none (1px solid #000000) none] [r=0 c=2 rs=1 cs=1]
                  RenderText {#text} at (152,0) size 80x19
                    text run at (152,0) width 80: "Message"
            RenderTableSection {TBODY} at (0,28) size 769x561
              RenderTableRow {TR} at (0,0) size 769x45
                RenderTableCell {TD} at (0,0) size 64x45 [color=#008000] [border: (2px none #008000) none none] [r=0 c=0 rs=1 cs=1]
                  RenderText {#text} at (16,18) size 33x19
                    text run at (16,18) width 33: "Pass"
                RenderTableCell {TD} at (64,0) size 321x45 [border: (2px none #000000) none none] [r=0 c=1 rs=1 cs=1]
                  RenderText {#text} at (16,18) size 181x19
                    text run at (16,18) width 181: "DOMMatrix.scale(scale)"
                RenderTableCell {TD} at (385,9) size 384x26 [border: (2px none #000000) none none] [r=0 c=2 rs=1 cs=1]
              RenderTableRow {TR} at (0,45) size 769x44
                RenderTableCell {TD} at (0,45) size 64x44 [color=#008000] [border: (1px none #008000) none none] [r=1 c=0 rs=1 cs=1]
                  RenderText {#text} at (16,17) size 33x19
                    text run at (16,17) width 33: "Pass"
                RenderTableCell {TD} at (64,45) size 321x44 [border: (1px none #000000) none none] [r=1 c=1 rs=1 cs=1]
                  RenderText {#text} at (16,17) size 240x19
                    text run at (16,17) width 240: "DOMMatrix.scale(scale, ox, oy)"
                RenderTableCell {TD} at (385,54) size 384x25 [border: (1px none #000000) none none] [r=1 c=2 rs=1 cs=1]
              RenderTableRow {TR} at (0,89) size 769x44
                RenderTableCell {TD} at (0,89) size 64x44 [color=#008000] [border: (1px none #008000) none none] [r=2 c=0 rs=1 cs=1]
                  RenderText {#text} at (16,17) size 33x19
                    text run at (16,17) width 33: "Pass"
                RenderTableCell {TD} at (64,89) size 321x44 [border: (1px none #000000) none none] [r=2 c=1 rs=1 cs=1]
                  RenderText {#text} at (16,17) size 201x19
                    text run at (16,17) width 201: "DOMMatrix.scale3d(scale)"
                RenderTableCell {TD} at (385,98) size 384x25 [border: (1px none #000000) none none] [r=2 c=2 rs=1 cs=1]
              RenderTableRow {TR} at (0,133) size 769x44
                RenderTableCell {TD} at (0,133) size 64x44 [color=#008000] [border: (1px none #008000) none none] [r=3 c=0 rs=1 cs=1]
                  RenderText {#text} at (16,17) size 33x19
                    text run at (16,17) width 33: "Pass"
                RenderTableCell {TD} at (64,133) size 321x44 [border: (1px none #000000) none none] [r=3 c=1 rs=1 cs=1]
                  RenderText {#text} at (16,17) size 289x19
                    text run at (16,17) width 289: "DOMMatrix.scale3d(scale, ox, oy, oz)"
                RenderTableCell {TD} at (385,142) size 384x25 [border: (1px none #000000) none none] [r=3 c=2 rs=1 cs=1]
              RenderTableRow {TR} at (0,177) size 769x63
                RenderTableCell {TD} at (0,186) size 64x44 [color=#008000] [border: (1px none #008000) none none] [r=4 c=0 rs=1 cs=1]
                  RenderText {#text} at (16,17) size 33x19
                    text run at (16,17) width 33: "Pass"
                RenderTableCell {TD} at (64,177) size 321x63 [border: (1px none #000000) none none] [r=4 c=1 rs=1 cs=1]
                  RenderText {#text} at (16,17) size 283x38
                    text run at (16,17) width 283: "DOMMatrix.scaleNonUniform(sx, sy,"
                    text run at (16,36) width 112: "sz, ox, oy, oz)"
                RenderTableCell {TD} at (385,196) size 384x25 [border: (1px none #000000) none none] [r=4 c=2 rs=1 cs=1]
              RenderTableRow {TR} at (0,240) size 769x44
                RenderTableCell {TD} at (0,240) size 64x44 [color=#008000] [border: (1px none #008000) none none] [r=5 c=0 rs=1 cs=1]
                  RenderText {#text} at (16,17) size 33x19
                    text run at (16,17) width 33: "Pass"
                RenderTableCell {TD} at (64,240) size 321x44 [border: (1px none #000000) none none] [r=5 c=1 rs=1 cs=1]
                  RenderText {#text} at (16,17) size 209x19
                    text run at (16,17) width 209: "DOMMatrix.scaleSelf(scale)"
                RenderTableCell {TD} at (385,249) size 384x25 [border: (1px none #000000) none none] [r=5 c=2 rs=1 cs=1]
              RenderTableRow {TR} at (0,284) size 769x44
                RenderTableCell {TD} at (0,284) size 64x44 [color=#008000] [border: (1px none #008000) none none] [r=6 c=0 rs=1 cs=1]
                  RenderText {#text} at (16,17) size 33x19
                    text run at (16,17) width 33: "Pass"
                RenderTableCell {TD} at (64,284) size 321x44 [border: (1px none #000000) none none] [r=6 c=1 rs=1 cs=1]
                  RenderText {#text} at (16,17) size 209x19
                    text run at (16,17) width 209: "DOMMatrix.scaleSelf(scale)"
                RenderTableCell {TD} at (385,293) size 384x25 [border: (1px none #000000) none none] [r=6 c=2 rs=1 cs=1]
              RenderTableRow {TR} at (0,328) size 769x44
                RenderTableCell {TD} at (0,328) size 64x44 [color=#008000] [border: (1px none #008000) none none] [r=7 c=0 rs=1 cs=1]
                  RenderText {#text} at (16,17) size 33x19
                    text run at (16,17) width 33: "Pass"
                RenderTableCell {TD} at (64,328) size 321x44 [border: (1px none #000000) none none] [r=7 c=1 rs=1 cs=1]
                  RenderText {#text} at (16,17) size 229x19
                    text run at (16,17) width 229: "DOMMatrix.scale3dSelf(scale)"
                RenderTableCell {TD} at (385,337) size 384x25 [border: (1px none #000000) none none] [r=7 c=2 rs=1 cs=1]
              RenderTableRow {TR} at (0,372) size 769x63
                RenderTableCell {TD} at (0,381) size 64x44 [color=#008000] [border: (1px none #008000) none none] [r=8 c=0 rs=1 cs=1]
                  RenderText {#text} at (16,17) size 33x19
                    text run at (16,17) width 33: "Pass"
                RenderTableCell {TD} at (64,372) size 321x63 [border: (1px none #000000) none none] [r=8 c=1 rs=1 cs=1]
                  RenderText {#text} at (16,17) size 287x38
                    text run at (16,17) width 287: "DOMMatrix.scale3dSelf(scale, ox, oy,"
                    text run at (16,36) width 25: "oz)"
                RenderTableCell {TD} at (385,391) size 384x25 [border: (1px none #000000) none none] [r=8 c=2 rs=1 cs=1]
              RenderTableRow {TR} at (0,435) size 769x63
                RenderTableCell {TD} at (0,444) size 64x44 [color=#008000] [border: (1px none #008000) none none] [r=9 c=0 rs=1 cs=1]
                  RenderText {#text} at (16,17) size 33x19
                    text run at (16,17) width 33: "Pass"
                RenderTableCell {TD} at (64,435) size 321x63 [border: (1px none #000000) none none] [r=9 c=1 rs=1 cs=1]
                  RenderText {#text} at (16,17) size 283x38
                    text run at (16,17) width 283: "DOMMatrix.scaleNonUniformSelf(sx,"
                    text run at (16,36) width 140: "sy, sz, ox, oy, oz)"
                RenderTableCell {TD} at (385,454) size 384x25 [border: (1px none #000000) none none] [r=9 c=2 rs=1 cs=1]
              RenderTableRow {TR} at (0,498) size 769x63
                RenderTableCell {TD} at (0,507) size 64x44 [color=#008000] [border: (1px none #008000) none none] [r=10 c=0 rs=1 cs=1]
                  RenderText {#text} at (16,17) size 33x19
                    text run at (16,17) width 33: "Pass"
                RenderTableCell {TD} at (64,498) size 321x63 [border: (1px none #000000) none none] [r=10 c=1 rs=1 cs=1]
                  RenderText {#text} at (16,17) size 274x38
                    text run at (16,17) width 274: "DOMMatrix.scaleNonUniformSelf(1,"
                    text run at (16,36) width 124: "1, 1, ox, oy, oz)"
                RenderTableCell {TD} at (385,517) size 384x25 [border: (1px none #000000) none none] [r=10 c=2 rs=1 cs=1]
