layer at (0,0) size 800x600
  RenderView at (0,0) size 800x600
layer at (0,0) size 800x600
  RenderBlock {HTML} at (0,0) size 800x600
    RenderBody {BODY} at (8,8) size 784x576
      RenderBlock {FORM} at (0,0) size 784x83
        RenderTable {TABLE} at (0,0) size 270x83 [border: (1px outset #808080)]
          RenderTableSection {TBODY} at (1,1) size 268x81
            RenderTableRow {TR} at (0,2) size 268x77
              RenderTableCell {TD} at (2,2) size 264x77 [border: (1px inset #808080)] [r=0 c=0 rs=1 cs=1]
                RenderTable {TABLE} at (2,2) size 260x73 [border: (2px outset #808080)]
                  RenderTableSection {TBODY} at (2,2) size 256x69
                    RenderTableRow {TR} at (0,2) size 256x40
                      RenderTableCell {TD} at (2,2) size 73x40 [border: (1px inset #808080)] [r=0 c=0 rs=1 cs=1]
                        RenderText {#text} at (2,2) size 56x36
                          text run at (2,2) width 53: "Member"
                          text run at (2,20) width 56: "Number:"
                      RenderTableCell {TD} at (77,10) size 171x23 [border: (1px inset #808080)] [r=0 c=1 rs=1 cs=1]
                        RenderTextControl {INPUT} at (2,2) size 123x19 [bgcolor=#FFFFFF] [border: (2px inset #EEEEEE)]
                        RenderText {#text} at (0,0) size 0x0
                    RenderTableRow {TR} at (0,44) size 256x23
                      RenderTableCell {TD} at (2,44) size 73x22 [border: (1px inset #808080)] [r=1 c=0 rs=1 cs=1]
                        RenderText {#text} at (2,2) size 30x18
                          text run at (2,2) width 30: "PIN:"
                      RenderTableCell {TD} at (77,44) size 171x23 [border: (1px inset #808080)] [r=1 c=1 rs=1 cs=1]
                        RenderTextControl {INPUT} at (2,2) size 123x19 [bgcolor=#FFFFFF] [border: (2px inset #EEEEEE)]
                        RenderText {#text} at (0,0) size 0x0
                      RenderTableCell {TD} at (250,53) size 4x4 [border: (1px inset #808080)] [r=1 c=2 rs=1 cs=1]
layer at (97,30) size 117x13
  RenderBlock {DIV} at (3,3) size 117x13
layer at (97,64) size 117x13
  RenderBlock {DIV} at (3,3) size 117x13
