layer at (0,0) size 785x1475
  RenderView at (0,0) size 785x600
layer at (0,0) size 785x1475
  RenderBlock {HTML} at (0,0) size 785x1474.75
    RenderBody {BODY} at (8,8) size 769x1451.75
      RenderBlock {P} at (0,0) size 769x20
        RenderText {#text} at (0,0) size 101x19
          text run at (0,0) width 101: "Legend align test"
      RenderFieldSet {FIELDSET} at (2,36) size 765x63.59 [border: (2px groove #C0C0C0)]
        RenderBlock {LEGEND} at (14,0) size 96x20
          RenderText {#text} at (2,0) size 92x19
            text run at (2,0) width 92: "My Legend left"
        RenderBlock (anonymous) at (14,25.59) size 737x26
          RenderTextControl {INPUT} at (2,2) size 124x22 [bgcolor=#FFFFFF] [border: (2px inset #EEEEEE)]
          RenderText {#text} at (0,0) size 0x0
      RenderFieldSet {FIELDSET} at (2,99.59) size 765x63.59 [border: (2px groove #C0C0C0)]
        RenderBlock {LEGEND} at (325,0) size 115x20
          RenderText {#text} at (2,0) size 111x19
            text run at (2,0) width 111: "My Legend center"
        RenderBlock (anonymous) at (14,25.59) size 737x26
          RenderTextControl {INPUT} at (2,2) size 124x22 [bgcolor=#FFFFFF] [border: (2px inset #EEEEEE)]
          RenderText {#text} at (0,0) size 0x0
      RenderFieldSet {FIELDSET} at (2,163.19) size 765x63.59 [border: (2px groove #C0C0C0)]
        RenderBlock {LEGEND} at (647,0) size 104x20
          RenderText {#text} at (2,0) size 100x19
            text run at (2,0) width 100: "My Legend right"
        RenderBlock (anonymous) at (14,25.59) size 737x26
          RenderTextControl {INPUT} at (2,2) size 124x22 [bgcolor=#FFFFFF] [border: (2px inset #EEEEEE)]
          RenderText {#text} at (0,0) size 0x0
      RenderFieldSet {FIELDSET} at (2,226.78) size 765x63.59 [border: (2px groove #C0C0C0)]
        RenderBlock {LEGEND} at (14,0) size 118x20
          RenderText {#text} at (2,0) size 114x19
            text run at (2,0) width 114: "My Legend default"
        RenderBlock (anonymous) at (14,25.59) size 737x26
          RenderTextControl {INPUT} at (2,2) size 124x22 [bgcolor=#FFFFFF] [border: (2px inset #EEEEEE)]
          RenderText {#text} at (0,0) size 0x0
      RenderBlock {HR} at (0,298.38) size 769x2 [border: (1px inset #EEEEEE)]
      RenderBlock {P} at (0,316.38) size 769x20
        RenderText {#text} at (0,0) size 137x19
          text run at (0,0) width 137: "Legend align test, RTL"
      RenderBlock (anonymous) at (0,352.38) size 769x0
        RenderInline {SPAN} at (0,0) size 0x0
          RenderText {#text} at (0,0) size 0x0
      RenderBlock (anonymous) at (0,352.38) size 769x254.38
        RenderFieldSet {FIELDSET} at (2,0) size 765x63.59 [border: (2px groove #C0C0C0)]
          RenderBlock {LEGEND} at (14,0) size 96x20
            RenderText {#text} at (2,0) size 92x19
              text run at (2,0) width 92: "My Legend left"
          RenderBlock (anonymous) at (14,25.59) size 737x26
            RenderTextControl {INPUT} at (611,2) size 124x22 [bgcolor=#FFFFFF] [border: (2px inset #EEEEEE)]
            RenderText {#text} at (0,0) size 0x0
        RenderFieldSet {FIELDSET} at (2,63.59) size 765x63.59 [border: (2px groove #C0C0C0)]
          RenderBlock {LEGEND} at (325,0) size 115x20
            RenderText {#text} at (2,0) size 111x19
              text run at (2,0) width 111: "My Legend center"
          RenderBlock (anonymous) at (14,25.59) size 737x26
            RenderTextControl {INPUT} at (611,2) size 124x22 [bgcolor=#FFFFFF] [border: (2px inset #EEEEEE)]
            RenderText {#text} at (0,0) size 0x0
        RenderFieldSet {FIELDSET} at (2,127.19) size 765x63.59 [border: (2px groove #C0C0C0)]
          RenderBlock {LEGEND} at (647,0) size 104x20
            RenderText {#text} at (2,0) size 100x19
              text run at (2,0) width 100: "My Legend right"
          RenderBlock (anonymous) at (14,25.59) size 737x26
            RenderTextControl {INPUT} at (611,2) size 124x22 [bgcolor=#FFFFFF] [border: (2px inset #EEEEEE)]
            RenderText {#text} at (0,0) size 0x0
        RenderFieldSet {FIELDSET} at (2,190.78) size 765x63.59 [border: (2px groove #C0C0C0)]
          RenderBlock {LEGEND} at (633,0) size 118x20
            RenderText {#text} at (2,0) size 114x19
              text run at (2,0) width 114: "My Legend default"
          RenderBlock (anonymous) at (14,25.59) size 737x26
            RenderTextControl {INPUT} at (611,2) size 124x22 [bgcolor=#FFFFFF] [border: (2px inset #EEEEEE)]
            RenderText {#text} at (0,0) size 0x0
      RenderBlock (anonymous) at (0,606.75) size 769x0
        RenderInline {SPAN} at (0,0) size 0x0
        RenderText {#text} at (0,0) size 0x0
      RenderBlock {HR} at (0,614.75) size 769x2 [border: (1px inset #EEEEEE)]
      RenderBlock {P} at (0,632.75) size 769x20
        RenderText {#text} at (0,0) size 252x19
          text run at (0,0) width 252: "Legend align test with margin and padding"
      RenderFieldSet {FIELDSET} at (15,668.75) size 739x78 [border: (2px groove #C0C0C0)]
        RenderBlock {LEGEND} at (17,0) size 96x20
          RenderText {#text} at (2,0) size 92x19
            text run at (2,0) width 92: "My Legend left"
        RenderBlock (anonymous) at (17,35) size 705x26
          RenderTextControl {INPUT} at (2,2) size 124x22 [bgcolor=#FFFFFF] [border: (2px inset #EEEEEE)]
          RenderText {#text} at (0,0) size 0x0
      RenderFieldSet {FIELDSET} at (15,761.75) size 739x78 [border: (2px groove #C0C0C0)]
        RenderBlock {LEGEND} at (312,0) size 115x20
          RenderText {#text} at (2,0) size 111x19
            text run at (2,0) width 111: "My Legend center"
        RenderBlock (anonymous) at (17,35) size 705x26
          RenderTextControl {INPUT} at (2,2) size 124x22 [bgcolor=#FFFFFF] [border: (2px inset #EEEEEE)]
          RenderText {#text} at (0,0) size 0x0
      RenderFieldSet {FIELDSET} at (15,854.75) size 739x78 [border: (2px groove #C0C0C0)]
        RenderBlock {LEGEND} at (618,0) size 104x20
          RenderText {#text} at (2,0) size 100x19
            text run at (2,0) width 100: "My Legend right"
        RenderBlock (anonymous) at (17,35) size 705x26
          RenderTextControl {INPUT} at (2,2) size 124x22 [bgcolor=#FFFFFF] [border: (2px inset #EEEEEE)]
          RenderText {#text} at (0,0) size 0x0
      RenderFieldSet {FIELDSET} at (15,947.75) size 739x78 [border: (2px groove #C0C0C0)]
        RenderBlock {LEGEND} at (17,0) size 118x20
          RenderText {#text} at (2,0) size 114x19
            text run at (2,0) width 114: "My Legend default"
        RenderBlock (anonymous) at (17,35) size 705x26
          RenderTextControl {INPUT} at (2,2) size 124x22 [bgcolor=#FFFFFF] [border: (2px inset #EEEEEE)]
          RenderText {#text} at (0,0) size 0x0
      RenderBlock {HR} at (0,1040.75) size 769x2 [border: (1px inset #EEEEEE)]
      RenderBlock {P} at (0,1058.75) size 769x20
        RenderText {#text} at (0,0) size 288x19
          text run at (0,0) width 288: "Legend align test with margin and padding, RTL"
      RenderBlock (anonymous) at (0,1094.75) size 769x0
        RenderInline {SPAN} at (0,0) size 0x0
          RenderText {#text} at (0,0) size 0x0
      RenderBlock (anonymous) at (0,1094.75) size 769x357
        RenderFieldSet {FIELDSET} at (15,0) size 739x78 [border: (2px groove #C0C0C0)]
          RenderBlock {LEGEND} at (17,0) size 96x20
            RenderText {#text} at (2,0) size 92x19
              text run at (2,0) width 92: "My Legend left"
          RenderBlock (anonymous) at (17,35) size 705x26
            RenderTextControl {INPUT} at (579,2) size 124x22 [bgcolor=#FFFFFF] [border: (2px inset #EEEEEE)]
            RenderText {#text} at (0,0) size 0x0
        RenderFieldSet {FIELDSET} at (15,93) size 739x78 [border: (2px groove #C0C0C0)]
          RenderBlock {LEGEND} at (312,0) size 115x20
            RenderText {#text} at (2,0) size 111x19
              text run at (2,0) width 111: "My Legend center"
          RenderBlock (anonymous) at (17,35) size 705x26
            RenderTextControl {INPUT} at (579,2) size 124x22 [bgcolor=#FFFFFF] [border: (2px inset #EEEEEE)]
            RenderText {#text} at (0,0) size 0x0
        RenderFieldSet {FIELDSET} at (15,186) size 739x78 [border: (2px groove #C0C0C0)]
          RenderBlock {LEGEND} at (618,0) size 104x20
            RenderText {#text} at (2,0) size 100x19
              text run at (2,0) width 100: "My Legend right"
          RenderBlock (anonymous) at (17,35) size 705x26
            RenderTextControl {INPUT} at (579,2) size 124x22 [bgcolor=#FFFFFF] [border: (2px inset #EEEEEE)]
            RenderText {#text} at (0,0) size 0x0
        RenderFieldSet {FIELDSET} at (15,279) size 739x78 [border: (2px groove #C0C0C0)]
          RenderBlock {LEGEND} at (604,0) size 118x20
            RenderText {#text} at (2,0) size 114x19
              text run at (2,0) width 114: "My Legend default"
          RenderBlock (anonymous) at (17,35) size 705x26
            RenderTextControl {INPUT} at (579,2) size 124x22 [bgcolor=#FFFFFF] [border: (2px inset #EEEEEE)]
            RenderText {#text} at (0,0) size 0x0
      RenderBlock (anonymous) at (0,1466.75) size 769x0
        RenderInline {SPAN} at (0,0) size 0x0
        RenderText {#text} at (0,0) size 0x0
layer at (28,75) size 120x16
  RenderBlock {DIV} at (2,3) size 120x16
layer at (28,138) size 120x16
  RenderBlock {DIV} at (2,3) size 120x16
layer at (28,202) size 120x16
  RenderBlock {DIV} at (2,3) size 120x16
layer at (28,265) size 120x16
  RenderBlock {DIV} at (2,3) size 120x16
layer at (637,391) size 120x16
  RenderBlock {DIV} at (2,3) size 120x16
layer at (637,455) size 120x16
  RenderBlock {DIV} at (2,3) size 120x16
layer at (637,518) size 120x16
  RenderBlock {DIV} at (2,3) size 120x16
layer at (637,582) size 120x16
  RenderBlock {DIV} at (2,3) size 120x16
layer at (44,717) size 120x16
  RenderBlock {DIV} at (2,3) size 120x16
layer at (44,810) size 120x16
  RenderBlock {DIV} at (2,3) size 120x16
layer at (44,903) size 120x16
  RenderBlock {DIV} at (2,3) size 120x16
layer at (44,996) size 120x16
  RenderBlock {DIV} at (2,3) size 120x16
layer at (621,1143) size 120x16
  RenderBlock {DIV} at (2,3) size 120x16
layer at (621,1236) size 120x16
  RenderBlock {DIV} at (2,3) size 120x16
layer at (621,1329) size 120x16
  RenderBlock {DIV} at (2,3) size 120x16
layer at (621,1422) size 120x16
  RenderBlock {DIV} at (2,3) size 120x16
