layer at (0,0) size 800x600
  RenderView at (0,0) size 800x600
layer at (0,0) size 800x600
  RenderBlock {HTML} at (0,0) size 800x600
    RenderBody {BODY} at (8,8) size 784x576
      RenderBlock (anonymous) at (0,0) size 784x22
        RenderTextControl {INPUT} at (0,0) size 154x22 [bgcolor=#FFFFFF] [border: (2px inset #EEEEEE)]
        RenderText {#text} at (154,1) size 4x19
          text run at (154,1) width 4: " "
        RenderTextControl {INPUT} at (158,0) size 154x22 [bgcolor=#FFFFFF] [border: (2px inset #EEEEEE)]
        RenderText {#text} at (312,1) size 4x19
          text run at (312,1) width 4: " "
        RenderTextControl {INPUT} at (316,0) size 154x22 [bgcolor=#FFFFFF] [border: (2px inset #EEEEEE)]
        RenderText {#text} at (0,0) size 0x0
      RenderBlock {P} at (0,38) size 784x40
        RenderText {#text} at (0,0) size 741x39
          text run at (0,0) width 741: "Tests scrolling back to the beginning when a text field blurs. The first field should be scrolled to the left, the second and third"
          text run at (0,20) width 119: "scrolled to the right."
layer at (10,11) size 150x16 scrollWidth 338
  RenderBlock {DIV} at (2,3) size 150x16
    RenderText {#text} at (0,0) size 337x16
      text run at (0,0) width 337: "this text field has a lot of text in it so that it needs to scroll"
layer at (168,11) size 150x16 scrollX 187.00 scrollWidth 337
  RenderBlock {DIV} at (2,3) size 150x16
    RenderText {#text} at (-187,0) size 337x16
      text run at (-187,0) width 337: "this text field has a lot of text in it so that it needs to scroll"
layer at (326,11) size 150x16 scrollX 188.00 scrollWidth 338
  RenderBlock {DIV} at (2,3) size 150x16
    RenderText {#text} at (0,0) size 337x16
      text run at (0,0) width 337: "this text field has a lot of text in it so that it needs to scroll"
caret: position 66 of child 0 {#text} of child 0 {DIV} of {#document-fragment} of child 4 {INPUT} of body
