layer at (0,0) size 800x600
  RenderView at (0,0) size 800x600
layer at (0,0) size 800x562
  RenderBlock {HTML} at (0,0) size 800x562
    RenderBody {BODY} at (8,8) size 784x546
      RenderBlock (anonymous) at (0,0) size 784x40
        RenderText {#text} at (0,0) size 556x19
          text run at (0,0) width 556: "This test verifies the visual alignment of items in a select element while changing text direction."
        RenderBR {BR} at (556,0) size 0x19
        RenderText {#text} at (0,20) size 398x19
          text run at (0,20) width 398: "All the items in the following select elements should be left-aligned."
      RenderTable {TABLE} at (0,40) size 694x148
        RenderTableSection {TBODY} at (0,0) size 694x148
          RenderTableRow {TR} at (0,2) size 694x71
            RenderTableCell {TD} at (2,2) size 168x71 [r=0 c=0 rs=1 cs=1]
              RenderListBox {SELECT} at (1,1) size 166x69 [bgcolor=#FFFFFF] [border: (1px solid #A9A9A9)]
            RenderTableCell {TD} at (172,2) size 174x71 [r=0 c=1 rs=1 cs=1]
              RenderListBox {SELECT} at (1,1) size 172x69 [bgcolor=#FFFFFF] [border: (1px solid #A9A9A9)]
            RenderTableCell {TD} at (348,2) size 168x71 [r=0 c=2 rs=1 cs=1]
              RenderListBox {SELECT} at (1,1) size 166x69 [bgcolor=#FFFFFF] [border: (1px solid #A9A9A9)]
            RenderTableCell {TD} at (518,2) size 174x71 [r=0 c=3 rs=1 cs=1]
              RenderListBox {SELECT} at (1,1) size 172x69 [bgcolor=#FFFFFF] [border: (1px solid #A9A9A9)]
          RenderTableRow {TR} at (0,75) size 694x71
            RenderTableCell {TD} at (2,75) size 168x71 [r=1 c=0 rs=1 cs=1]
              RenderListBox {SELECT} at (1,1) size 166x69 [bgcolor=#FFFFFF] [border: (1px solid #A9A9A9)]
            RenderTableCell {TD} at (172,75) size 174x71 [r=1 c=1 rs=1 cs=1]
              RenderListBox {SELECT} at (1,1) size 172x69 [bgcolor=#FFFFFF] [border: (1px solid #A9A9A9)]
      RenderBlock (anonymous) at (0,188) size 784x20
        RenderText {#text} at (0,0) size 406x19
          text run at (0,0) width 406: "All the items in the following select elements should be right-aligned."
      RenderTable {TABLE} at (0,208) size 684x148
        RenderTableSection {TBODY} at (0,0) size 684x148
          RenderTableRow {TR} at (0,2) size 684x71
            RenderTableCell {TD} at (2,2) size 176x71 [r=0 c=0 rs=1 cs=1]
              RenderListBox {SELECT} at (1,1) size 174x69 [bgcolor=#FFFFFF] [border: (1px solid #A9A9A9)]
            RenderTableCell {TD} at (180,2) size 161x71 [r=0 c=1 rs=1 cs=1]
              RenderListBox {SELECT} at (1,1) size 159x69 [bgcolor=#FFFFFF] [border: (1px solid #A9A9A9)]
            RenderTableCell {TD} at (343,2) size 176x71 [r=0 c=2 rs=1 cs=1]
              RenderListBox {SELECT} at (1,1) size 174x69 [bgcolor=#FFFFFF] [border: (1px solid #A9A9A9)]
            RenderTableCell {TD} at (521,2) size 161x71 [r=0 c=3 rs=1 cs=1]
              RenderListBox {SELECT} at (1,1) size 159x69 [bgcolor=#FFFFFF] [border: (1px solid #A9A9A9)]
          RenderTableRow {TR} at (0,75) size 684x71
            RenderTableCell {TD} at (2,75) size 176x71 [r=1 c=0 rs=1 cs=1]
              RenderListBox {SELECT} at (1,1) size 174x69 [bgcolor=#FFFFFF] [border: (1px solid #A9A9A9)]
            RenderTableCell {TD} at (180,75) size 161x71 [r=1 c=1 rs=1 cs=1]
              RenderListBox {SELECT} at (1,1) size 159x69 [bgcolor=#FFFFFF] [border: (1px solid #A9A9A9)]
      RenderBlock (anonymous) at (0,356) size 784x20
        RenderText {#text} at (0,0) size 417x19
          text run at (0,0) width 417: "All the items in the following select elements should be center-aligned."
      RenderTable {TABLE} at (0,376) size 728x75
        RenderTableSection {TBODY} at (0,0) size 728x75
          RenderTableRow {TR} at (0,2) size 728x71
            RenderTableCell {TD} at (2,2) size 187x71 [r=0 c=0 rs=1 cs=1]
              RenderListBox {SELECT} at (1,1) size 185x69 [bgcolor=#FFFFFF] [border: (1px solid #A9A9A9)]
            RenderTableCell {TD} at (191,2) size 172x71 [r=0 c=1 rs=1 cs=1]
              RenderListBox {SELECT} at (1,1) size 170x69 [bgcolor=#FFFFFF] [border: (1px solid #A9A9A9)]
            RenderTableCell {TD} at (365,2) size 187x71 [r=0 c=2 rs=1 cs=1]
              RenderListBox {SELECT} at (1,1) size 185x69 [bgcolor=#FFFFFF] [border: (1px solid #A9A9A9)]
            RenderTableCell {TD} at (554,2) size 172x71 [r=0 c=3 rs=1 cs=1]
              RenderListBox {SELECT} at (1,1) size 170x69 [bgcolor=#FFFFFF] [border: (1px solid #A9A9A9)]
      RenderBlock (anonymous) at (0,451) size 784x20
        RenderText {#text} at (0,0) size 270x19
          text run at (0,0) width 270: "The following tables check mixed alignments."
      RenderTable {TABLE} at (0,471) size 778x75
        RenderTableSection {TBODY} at (0,0) size 778x75
          RenderTableRow {TR} at (0,2) size 778x71
            RenderTableCell {TD} at (2,2) size 181x71 [r=0 c=0 rs=1 cs=1]
              RenderListBox {SELECT} at (1,1) size 179x69 [bgcolor=#FFFFFF] [border: (1px solid #A9A9A9)]
            RenderTableCell {TD} at (185,2) size 181x71 [r=0 c=1 rs=1 cs=1]
              RenderListBox {SELECT} at (1,1) size 179x69 [bgcolor=#FFFFFF] [border: (1px solid #A9A9A9)]
            RenderTableCell {TD} at (368,2) size 203x71 [r=0 c=2 rs=1 cs=1]
              RenderListBox {SELECT} at (1,1) size 201x69 [bgcolor=#FFFFFF] [border: (1px solid #A9A9A9)]
            RenderTableCell {TD} at (573,2) size 203x71 [r=0 c=3 rs=1 cs=1]
              RenderListBox {SELECT} at (1,1) size 201x69 [bgcolor=#FFFFFF] [border: (1px solid #A9A9A9)]
