layer at (0,0) size 800x600
  RenderView at (0,0) size 800x600
layer at (0,0) size 800x600
  RenderBlock {HTML} at (0,0) size 800x600
    RenderBody {BODY} at (8,8) size 784x576
      RenderBlock {P} at (0,0) size 784x40
        RenderText {#text} at (0,0) size 784x39
          text run at (0,0) width 398: "Test that search field text is vertically centered if the search field is "
          text run at (398,0) width 386: "taller than the text. In each of the following pairs of a search field"
          text run at (0,20) width 26: "and "
          text run at (26,20) width 338: "a text field, the vertical position of the text should be the "
          text run at (364,20) width 115: "same in both fields."
      RenderBlock {P} at (0,56) size 784x45
        RenderTextControl {INPUT} at (0,0) size 156x45 [bgcolor=#FFFFFF] [border: (2px inset #EEEEEE)]
          RenderFlexibleBox {DIV} at (3,3) size 150x39
            RenderBlock {DIV} at (2,13) size 13x13
            RenderBlock {DIV} at (18,11.50) size 119x16
        RenderText {#text} at (156,12) size 4x19
          text run at (156,12) width 4: " "
        RenderTextControl {INPUT} at (160,0) size 154x45 [bgcolor=#FFFFFF] [border: (2px inset #EEEEEE)]
        RenderText {#text} at (0,0) size 0x0
      RenderBlock {P} at (0,117) size 784x20
        RenderTextControl {INPUT} at (0,2) size 156x16 [bgcolor=#FFFFFF] [border: (2px inset #EEEEEE)]
          RenderFlexibleBox {DIV} at (3,0) size 150x16
            RenderBlock {DIV} at (2,1.50) size 13x13
            RenderBlock {DIV} at (18,0) size 119x16
        RenderText {#text} at (156,0) size 4x19
          text run at (156,0) width 4: " "
        RenderTextControl {INPUT} at (160,2) size 154x16 [bgcolor=#FFFFFF] [border: (2px inset #EEEEEE)]
        RenderText {#text} at (0,0) size 0x0
      RenderBlock {P} at (0,153) size 784x21
        RenderTextControl {INPUT} at (0,0) size 156x12 [bgcolor=#FFFFFF] [border: (2px inset #EEEEEE)]
          RenderFlexibleBox {DIV} at (3,0) size 150x12
            RenderBlock {DIV} at (2,0) size 13x13
            RenderBlock {DIV} at (18,3) size 119x6
        RenderText {#text} at (156,1) size 4x19
          text run at (156,1) width 4: " "
        RenderTextControl {INPUT} at (160,0) size 154x12 [bgcolor=#FFFFFF] [border: (2px inset #EEEEEE)]
        RenderText {#text} at (0,0) size 0x0
layer at (29,79) size 119x16
  RenderBlock {DIV} at (0,0) size 119x16
    RenderText {#text} at (0,0) size 25x16
      text run at (0,0) width 25: "Text"
layer at (170,79) size 150x16
  RenderBlock {DIV} at (2,14.50) size 150x16
    RenderText {#text} at (0,0) size 25x16
      text run at (0,0) width 25: "Text"
layer at (29,127) size 119x16
  RenderBlock {DIV} at (0,0) size 119x16
    RenderText {#text} at (0,0) size 25x16
      text run at (0,0) width 25: "Text"
layer at (170,127) size 150x16
  RenderBlock {DIV} at (2,0) size 150x16
    RenderText {#text} at (0,0) size 25x16
      text run at (0,0) width 25: "Text"
layer at (29,164) size 119x6 scrollHeight 16
  RenderBlock {DIV} at (0,0) size 119x6
    RenderText {#text} at (0,0) size 25x16
      text run at (0,0) width 25: "Text"
layer at (170,164) size 150x6 scrollHeight 16
  RenderBlock {DIV} at (2,3) size 150x6
    RenderText {#text} at (0,0) size 25x16
      text run at (0,0) width 25: "Text"
layer at (149,82) size 9x9 transparent
  RenderBlock {DIV} at (138,15) size 9x9
layer at (149,131) size 9x9 transparent
  RenderBlock {DIV} at (138,3.50) size 9x9
layer at (149,163) size 9x9 transparent
  RenderBlock {DIV} at (138,1.50) size 9x9
