layer at (0,0) size 800x600
  RenderView at (0,0) size 800x600
layer at (0,0) size 800x600
  RenderBlock {HTML} at (0,0) size 800x600
    RenderBody {BODY} at (8,8) size 784x584
      RenderText {#text} at (0,0) size 351x19
        text run at (0,0) width 351: "This tests that aqua-style search fields do not honor height."
      RenderBR {BR} at (351,15) size 0x0
      RenderTextControl {INPUT} at (0,124) size 66x6 [bgcolor=#FFFFFF] [border: (2px inset #EEEEEE)]
        RenderFlexibleBox {DIV} at (3,0) size 60x6
          RenderBlock {DIV} at (2,0) size 9x9
          RenderBlock {DIV} at (14,0) size 37x6
          RenderBlock {DIV} at (52,0.50) size 5x5
      RenderText {#text} at (66,114) size 4x19
        text run at (66,114) width 4: " "
      RenderTextControl {INPUT} at (72,104) size 146x40 [bgcolor=#FFFFFF] [border: (2px inset #EEEEEE)]
        RenderFlexibleBox {DIV} at (3,3) size 140x34
          RenderBlock {DIV} at (2,9.50) size 15x15
          RenderBlock {DIV} at (20,8.50) size 106x17
          RenderBlock {DIV} at (127,12) size 10x10
      RenderText {#text} at (220,114) size 4x19
        text run at (220,114) width 4: " "
      RenderTextControl {INPUT} at (226,20) size 246x200 [bgcolor=#FFFFFF] [border: (2px inset #EEEEEE)]
        RenderFlexibleBox {DIV} at (3,3) size 240x194
          RenderBlock {DIV} at (2,83.50) size 27x27
          RenderBlock {DIV} at (32,80.50) size 185x33
          RenderBlock {DIV} at (218,87.50) size 19x19
      RenderText {#text} at (0,0) size 0x0
layer at (25,132) size 37x6
  RenderBlock {DIV} at (0,0) size 37x6
    RenderText {#text} at (0,0) size 10x6
      text run at (0,0) width 10: "mini"
layer at (103,124) size 106x17
  RenderBlock {DIV} at (0,0) size 106x17
    RenderText {#text} at (0,0) size 35x17
      text run at (0,0) width 35: "small"
layer at (269,112) size 185x33
  RenderBlock {DIV} at (0,0) size 185x33
    RenderText {#text} at (0,0) size 84x32
      text run at (0,0) width 84: "regular"
