layer at (0,0) size 800x600
  RenderView at (0,0) size 800x600
layer at (0,0) size 800x600
  RenderBlock {HTML} at (0,0) size 800x600
    RenderBody {BODY} at (8,8) size 784x576
      RenderBlock {P} at (0,0) size 784x20
        RenderText {#text} at (0,0) size 51x19
          text run at (0,0) width 51: "Test for "
        RenderInline {I} at (0,0) size 701x19
          RenderInline {A} at (0,0) size 305x19 [color=#0000EE]
            RenderText {#text} at (51,0) size 305x19
              text run at (51,0) width 305: "http://bugs.webkit.org/show_bug.cgi?id=11916"
          RenderText {#text} at (356,0) size 396x19
            text run at (356,0) width 4: " "
            text run at (360,0) width 392: "REGRESSION (SearchField): RTL search fields are mixed up"
        RenderText {#text} at (752,0) size 4x19
          text run at (752,0) width 4: "."
      RenderBlock {P} at (0,36) size 784x66
        RenderTextControl {INPUT} at (0,0) size 156x22 [bgcolor=#FFFFFF] [border: (2px inset #EEEEEE)]
          RenderFlexibleBox {DIV} at (3,3) size 150x16
            RenderBlock {DIV} at (2,1.50) size 13x13
            RenderBlock {DIV} at (18,0) size 119x16
        RenderText {#text} at (156,1) size 4x19
          text run at (156,1) width 4: " "
        RenderBR {BR} at (0,0) size 0x0
        RenderTextControl {INPUT} at (0,22) size 216x22 [bgcolor=#FFFFFF] [border: (2px inset #EEEEEE)]
          RenderFlexibleBox {DIV} at (3,3) size 210x16
            RenderBlock {DIV} at (2,1.50) size 13x13
            RenderBlock {DIV} at (18,0) size 179x16
        RenderText {#text} at (216,23) size 4x19
          text run at (216,23) width 4: " "
        RenderBR {BR} at (0,0) size 0x0
        RenderTextControl {INPUT} at (0,44) size 156x22 [bgcolor=#FFFFFF] [border: (2px inset #EEEEEE)]
          RenderFlexibleBox {DIV} at (3,3) size 150x16
            RenderBlock {DIV} at (2,1.50) size 13x13
            RenderBlock {DIV} at (18,0) size 119x16
        RenderText {#text} at (0,0) size 0x0
      RenderBlock {P} at (0,118) size 784x20
        RenderText {#text} at (0,0) size 38x19
          text run at (0,0) width 38: "PASS"
layer at (29,47) size 119x16 scrollX 24.00 scrollWidth 143
  RenderBlock {DIV} at (0,0) size 119x16
    RenderText {#text} at (-24,0) size 143x16
      text run at (-24,0) width 23 RTL: " \x{5D5}\x{5D6}\x{5D4}\x{5D5}"
      text run at (-1,0) width 21: "she"
      text run at (20,0) width 46 RTL: " \x{5D5}\x{5D4}\x{5D9}\x{5D0} \x{5D6}\x{5D4} "
      text run at (66,0) width 14: "he"
      text run at (80,0) width 39 RTL: "\x{5D4}\x{5D5}\x{5D0} \x{5D6}\x{5D4} "
layer at (29,69) size 179x16
  RenderBlock {DIV} at (0,0) size 179x16
    RenderText {#text} at (36,0) size 143x16
      text run at (36,0) width 23 RTL: " \x{5D5}\x{5D6}\x{5D4}\x{5D5}"
      text run at (59,0) width 21: "she"
      text run at (80,0) width 46 RTL: " \x{5D5}\x{5D4}\x{5D9}\x{5D0} \x{5D6}\x{5D4} "
      text run at (126,0) width 14: "he"
      text run at (140,0) width 39 RTL: "\x{5D4}\x{5D5}\x{5D0} \x{5D6}\x{5D4} "
layer at (29,91) size 119x16
  RenderBlock {DIV} at (0,0) size 119x16
layer at (149,51) size 9x9 transparent
  RenderBlock {DIV} at (138,3.50) size 9x9
layer at (209,73) size 9x9 transparent
  RenderBlock {DIV} at (198,3.50) size 9x9
layer at (149,95) size 9x9 transparent
  RenderBlock {DIV} at (138,3.50) size 9x9
caret: position 0 of child 0 {DIV} of child 1 {DIV} of child 0 {DIV} of {#document-fragment} of child 9 {INPUT} of child 3 {P} of body
