layer at (0,0) size 785x1879
  RenderView at (0,0) size 785x600
layer at (0,0) size 785x1879
  RenderBlock {HTML} at (0,0) size 785x1879
    RenderBody {BODY} at (8,8) size 769x1863 [bgcolor=#CCCCCC]
      RenderBlock {P} at (0,0) size 769x18
        RenderText {#text} at (0,0) size 355x18
          text run at (0,0) width 355: "The style declarations which apply to the text below are:"
      RenderBlock {PRE} at (0,34) size 769x135
        RenderText {#text} at (0,0) size 560x135
          text run at (0,0) width 344: "P.test {background: white; font-size: 20px;"
          text run at (344,0) width 0: " "
          text run at (0,15) width 560: "        margin-left: 30px; margin-right: 10px; padding: 0; border: 0;}"
          text run at (560,15) width 0: " "
          text run at (0,30) width 312: "IMG {padding: 0; border: 0; margin: 0;}"
          text run at (312,30) width 0: " "
          text run at (0,45) width 200: "P.test IMG {float: left;}"
          text run at (200,45) width 0: " "
          text run at (0,60) width 352: "#img2 {margin-top: 30px; margin-left: 30px;}"
          text run at (352,60) width 0: " "
          text run at (0,75) width 368: "#img3 {margin-top: -30px; margin-left: -30px;}"
          text run at (368,75) width 0: " "
          text run at (0,90) width 384: "#img4 {margin-right: 30px; margin-bottom: 30px;}"
          text run at (384,90) width 0: " "
          text run at (0,105) width 400: "#img5 {margin-right: -30px; margin-bottom: -30px;}"
          text run at (400,105) width 0: " "
          text run at (0,120) width 0: " "
      RenderBlock {HR} at (0,182) size 769x2 [border: (1px inset #EEEEEE)]
      RenderBlock {P} at (30,204) size 729x92 [bgcolor=#FFFFFF]
        RenderText {#text} at (0,0) size 708x92
          text run at (0,0) width 663: "This paragraph should have a white background which extends to the edges of the"
          text run at (0,23) width 122: "element's box. "
          text run at (122,23) width 442: "There is no padding set on this paragraph whatsoever. "
          text run at (564,23) width 144: "If the background"
          text run at (0,46) width 702: "of the entire box is not white, this may cause problems with the following tests; at any"
          text run at (0,69) width 281: "rate, it must be taken into account."
      RenderBlock {P} at (30,316) size 729x92 [bgcolor=#FFFFFF]
        RenderImage {IMG} at (0,0) size 60x60
        RenderText {#text} at (0,0) size 728x92
          text run at (0,0) width 705: "The image in the upper left corner of this paragraph should be floated left, and nothing"
          text run at (0,23) width 52: "more. "
          text run at (52,23) width 676: "The edges of the white background should line up with the top and left edges of the"
          text run at (0,46) width 60: "image. "
          text run at (60,46) width 657: "This paragraph should have a white background, first of all, which extends to the"
          text run at (0,69) width 225: "edges of the element's box. "
          text run at (225,69) width 437: "There is no padding set on this paragraph whatsoever."
      RenderBlock {P} at (30,428) size 729x115 [bgcolor=#FFFFFF]
        RenderImage {IMG} at (30,30) size 60x60
        RenderText {#text} at (0,0) size 713x115
          text run at (0,0) width 700: "The image in the upper left corner of this paragraph should be pushed down and to the"
          text run at (0,23) width 702: "right 30 pixels each from the upper left corner of the paragraph's box, and displace the"
          text run at (0,46) width 228: "paragraph text accordingly. "
          text run at (228,46) width 485: "This paragraph should have a white background, first of all,"
          text run at (0,69) width 397: "which extends to the edges of the element's box. "
          text run at (397,69) width 249: "There is no padding set on this"
          text run at (0,92) width 183: "paragraph whatsoever."
      RenderBlock {P} at (30,563) size 729x115 [bgcolor=#FFFFFF]
        RenderImage {IMG} at (-30,-30) size 60x60
        RenderText {#text} at (0,0) size 715x115
          text run at (0,0) width 709: "The image in the upper left corner of this paragraph should be pushed up and to the left"
          text run at (0,23) width 709: "30 pixels each from the upper left corner of the paragraph's box, thus causing the edges"
          text run at (0,46) width 582: "of the white background to align with the thick gray lines in the image. "
          text run at (582,46) width 122: "This paragraph"
          text run at (0,69) width 715: "should have a white background, first of all, which extends to the edges of the element's"
          text run at (0,92) width 40: "box. "
          text run at (40,92) width 437: "There is no padding set on this paragraph whatsoever."
      RenderBlock {P} at (30,698) size 729x138 [bgcolor=#FFFFFF]
        RenderImage {IMG} at (0,0) size 60x60
        RenderText {#text} at (0,0) size 719x138
          text run at (0,0) width 719: "The image in the upper left corner of this paragraph should be floated left, and the edges"
          text run at (0,23) width 649: "of the white background should line up with the top and left edges of the image."
          text run at (0,46) width 704: "However, there should be 30 pixels of space between the right and bottom edges of the"
          text run at (0,69) width 324: "image and the paragraph text around it. "
          text run at (324,69) width 393: "This paragraph should have a white background,"
          text run at (0,92) width 489: "first of all, which extends to the edges of the element's box. "
          text run at (489,92) width 214: "There is no padding set on"
          text run at (0,115) width 218: "this paragraph whatsoever."
      RenderBlock {P} at (30,856) size 729x138 [bgcolor=#FFFFFF]
        RenderImage {IMG} at (0,0) size 60x60
        RenderText {#text} at (0,0) size 727x138
          text run at (0,0) width 719: "The image in the upper left corner of this paragraph should be floated left, and the edges"
          text run at (0,23) width 649: "of the white background should line up with the top and left edges of the image."
          text run at (0,46) width 707: "However, the text should overlap the image's right and bottom sides, lining up with the"
          text run at (0,69) width 242: "thick gray lines in the image. "
          text run at (242,69) width 485: "This paragraph should have a white background, first of all,"
          text run at (0,92) width 397: "which extends to the edges of the element's box. "
          text run at (397,92) width 249: "There is no padding set on this"
          text run at (0,115) width 183: "paragraph whatsoever."
      RenderTable {TABLE} at (0,1014) size 769x849 [border: (1px outset #808080)]
        RenderTableSection {TBODY} at (1,1) size 767x847
          RenderTableRow {TR} at (0,0) size 767x26
            RenderTableCell {TD} at (0,0) size 767x26 [bgcolor=#C0C0C0] [border: (1px inset #808080)] [r=0 c=0 rs=1 cs=2]
              RenderInline {STRONG} at (0,0) size 163x18
                RenderText {#text} at (4,4) size 163x18
                  text run at (4,4) width 163: "TABLE Testing Section"
          RenderTableRow {TR} at (0,26) size 767x821
            RenderTableCell {TD} at (0,423) size 12x26 [bgcolor=#C0C0C0] [border: (1px inset #808080)] [r=1 c=0 rs=1 cs=1]
              RenderText {#text} at (4,4) size 4x18
                text run at (4,4) width 4: " "
            RenderTableCell {TD} at (12,26) size 755x821 [border: (1px inset #808080)] [r=1 c=1 rs=1 cs=1]
              RenderBlock {P} at (34,4) size 707x92 [bgcolor=#FFFFFF]
                RenderText {#text} at (0,0) size 700x92
                  text run at (0,0) width 663: "This paragraph should have a white background which extends to the edges of the"
                  text run at (0,23) width 122: "element's box. "
                  text run at (122,23) width 442: "There is no padding set on this paragraph whatsoever. "
                  text run at (564,23) width 44: "If the"
                  text run at (0,46) width 700: "background of the entire box is not white, this may cause problems with the following"
                  text run at (0,69) width 383: "tests; at any rate, it must be taken into account."
              RenderBlock {P} at (34,116) size 707x115 [bgcolor=#FFFFFF]
                RenderImage {IMG} at (0,0) size 60x60
                RenderText {#text} at (0,0) size 705x115
                  text run at (0,0) width 705: "The image in the upper left corner of this paragraph should be floated left, and nothing"
                  text run at (0,23) width 52: "more. "
                  text run at (52,23) width 646: "The edges of the white background should line up with the top and left edges of"
                  text run at (0,46) width 90: "the image. "
                  text run at (90,46) width 606: "This paragraph should have a white background, first of all, which extends"
                  text run at (0,69) width 276: "to the edges of the element's box. "
                  text run at (276,69) width 335: "There is no padding set on this paragraph"
                  text run at (0,92) width 97: "whatsoever."
              RenderBlock {P} at (34,251) size 707x115 [bgcolor=#FFFFFF]
                RenderImage {IMG} at (30,30) size 60x60
                RenderText {#text} at (0,0) size 702x115
                  text run at (0,0) width 700: "The image in the upper left corner of this paragraph should be pushed down and to the"
                  text run at (0,23) width 702: "right 30 pixels each from the upper left corner of the paragraph's box, and displace the"
                  text run at (0,46) width 228: "paragraph text accordingly. "
                  text run at (228,46) width 454: "This paragraph should have a white background, first of"
                  text run at (0,69) width 428: "all, which extends to the edges of the element's box. "
                  text run at (428,69) width 249: "There is no padding set on this"
                  text run at (0,92) width 183: "paragraph whatsoever."
              RenderBlock {P} at (34,386) size 707x115 [bgcolor=#FFFFFF]
                RenderImage {IMG} at (-30,-30) size 60x60
                RenderText {#text} at (0,0) size 691x115
                  text run at (0,0) width 676: "The image in the upper left corner of this paragraph should be pushed up and to the"
                  text run at (0,23) width 691: "left 30 pixels each from the upper left corner of the paragraph's box, thus causing the"
                  text run at (0,46) width 633: "edges of the white background to align with the thick gray lines in the image. "
                  text run at (633,46) width 36: "This"
                  text run at (0,69) width 689: "paragraph should have a white background, first of all, which extends to the edges of"
                  text run at (0,92) width 152: "the element's box. "
                  text run at (152,92) width 437: "There is no padding set on this paragraph whatsoever."
              RenderBlock {P} at (34,521) size 707x138 [bgcolor=#FFFFFF]
                RenderImage {IMG} at (0,0) size 60x60
                RenderText {#text} at (0,0) size 704x138
                  text run at (0,0) width 668: "The image in the upper left corner of this paragraph should be floated left, and the"
                  text run at (0,23) width 700: "edges of the white background should line up with the top and left edges of the image."
                  text run at (0,46) width 704: "However, there should be 30 pixels of space between the right and bottom edges of the"
                  text run at (0,69) width 324: "image and the paragraph text around it. "
                  text run at (324,69) width 288: "This paragraph should have a white"
                  text run at (0,92) width 594: "background, first of all, which extends to the edges of the element's box. "
                  text run at (594,92) width 91: "There is no"
                  text run at (0,115) width 341: "padding set on this paragraph whatsoever."
              RenderBlock {P} at (34,679) size 707x138 [bgcolor=#FFFFFF]
                RenderImage {IMG} at (0,0) size 60x60
                RenderText {#text} at (0,0) size 707x138
                  text run at (0,0) width 668: "The image in the upper left corner of this paragraph should be floated left, and the"
                  text run at (0,23) width 700: "edges of the white background should line up with the top and left edges of the image."
                  text run at (0,46) width 707: "However, the text should overlap the image's right and bottom sides, lining up with the"
                  text run at (0,69) width 242: "thick gray lines in the image. "
                  text run at (242,69) width 454: "This paragraph should have a white background, first of"
                  text run at (0,92) width 428: "all, which extends to the edges of the element's box. "
                  text run at (428,92) width 249: "There is no padding set on this"
                  text run at (0,115) width 183: "paragraph whatsoever."
