layer at (0,0) size 800x600
  RenderView at (0,0) size 800x600
layer at (0,0) size 800x600
  RenderBlock {HTML} at (0,0) size 800x600
    RenderBody {BODY} at (8,8) size 784x584
      RenderTable {TABLE} at (0,0) size 160x55
        RenderTableSection {TBODY} at (0,0) size 160x55
          RenderTableRow {TR} at (0,2) size 160x51
            RenderTableCell {TD} at (2,2) size 156x51 [r=0 c=0 rs=1 cs=1]
              RenderBlock (anonymous) at (1,1) size 154x0
                RenderInline {SPAN} at (0,0) size 0x0
                  RenderText {#text} at (0,0) size 0x0
                  RenderInline {SPAN} at (0,0) size 0x0
                    RenderText {#text} at (0,0) size 0x0
                    RenderText {#text} at (0,0) size 0x0
              RenderBlock (anonymous) at (1,1) size 154x49
                RenderTable {TABLE} at (0,0) size 154x49
                  RenderTableSection {TBODY} at (0,0) size 154x49
                    RenderTableRow {TR} at (0,2) size 154x45
                      RenderTableCell {TD} at (2,2) size 150x45 [r=0 c=0 rs=1 cs=1]
                        RenderTable {TABLE} at (1,1) size 148x43
                          RenderTableSection {TBODY} at (0,0) size 148x43
                            RenderTableRow {TR} at (0,2) size 148x39
                              RenderTableCell {TD} at (2,2) size 144x39 [r=0 c=0 rs=1 cs=1]
                                RenderBlock {FORM} at (1,1) size 142x21
                                  RenderButton {INPUT} at (0,0) size 141.95x21 [bgcolor=#C0C0C0] [border: (2px outset #C0C0C0)]
                                    RenderBlock (anonymous) at (8,3) size 125.95x15
                                      RenderText {#text} at (0,0) size 126x15
                                        text run at (0,0) width 126: "ApplyForThisPosition"
                                  RenderText {#text} at (0,0) size 0x0
              RenderBlock (anonymous) at (1,50) size 154x0
                RenderInline {SPAN} at (0,0) size 0x0
                  RenderInline {SPAN} at (0,0) size 0x0
                  RenderText {#text} at (0,0) size 0x0
                RenderText {#text} at (0,0) size 0x0
