layer at (0,0) size 800x600
  RenderView at (0,0) size 800x600
layer at (0,0) size 800x600
  RenderBlock {HTML} at (0,0) size 800x600
    RenderBody {BODY} at (8,8) size 784x576
      RenderBlock {FORM} at (0,0) size 784x192
        RenderBlock {HR} at (0,0) size 602x2 [border: (1px inset #EEEEEE)]
        RenderTable {TABLE} at (0,10) size 600x182
          RenderTableSection {TBODY} at (0,0) size 600x182
            RenderTableRow {TR} at (0,2) size 600x44
              RenderTableCell {TD} at (2,2) size 594x44 [r=0 c=0 rs=1 cs=3]
                RenderImage {IMG} at (7.50,1) size 579x42
                RenderText {#text} at (0,0) size 0x0
            RenderTableRow {TR} at (0,48) size 600x55
              RenderTableCell {TD} at (2,54) size 594x43 [bgcolor=#99CCCC] [r=1 c=0 rs=1 cs=3]
                RenderInline {FONT} at (0,0) size 128x15
                  RenderInline {B} at (0,0) size 128x15
                    RenderText {#text} at (46,6) size 128x15
                      text run at (46,6) width 128: "Search the Web with"
                RenderText {#text} at (173,4) size 5x17
                  text run at (173,4) width 5: " "
                RenderMenuList {SELECT} at (179.44,4) size 82x19 [bgcolor=#FFFFFF] [border: (1px solid #A9A9A9)]
                  RenderBlock (anonymous) at (1,1) size 80x17
                    RenderText at (4,1) size 57x15
                      text run at (4,1) width 57: "Netscape"
                RenderTextControl {INPUT} at (265.44,3) size 214x21 [bgcolor=#FFFFFF] [border: (2px inset #EEEEEE)]
                RenderText {#text} at (481,4) size 5x17
                  text run at (481,4) width 5: " "
                RenderButton {INPUT} at (487.44,3) size 58.25x21 [bgcolor=#C0C0C0] [border: (2px outset #C0C0C0)]
                  RenderBlock (anonymous) at (8,3) size 42.25x15
                    RenderText {#text} at (0,0) size 43x15
                      text run at (0,0) width 43: "Search"
                RenderBR {BR} at (547,18) size 1x0
                RenderInline {SMALL} at (0,0) size 570x15
                  RenderInline {A} at (0,0) size 101x15 [color=#0000EE]
                    RenderText {#text} at (12,26) size 101x15
                      text run at (12,26) width 101: "Classifieds< /A>   "
                  RenderInline {A} at (0,0) size 60x15 [color=#0000EE]
                    RenderText {#text} at (112,26) size 60x15
                      text run at (112,26) width 23: "Net "
                      text run at (134,26) width 38: "Search"
                  RenderText {#text} at (171,26) size 11x15
                    text run at (171,26) width 11: "   "
                  RenderInline {A} at (0,0) size 83x15 [color=#0000EE]
                    RenderText {#text} at (181,26) size 83x15
                      text run at (181,26) width 57: "Find Web "
                      text run at (237,26) width 27: "Sites"
                  RenderText {#text} at (263,26) size 11x15
                    text run at (263,26) width 4: " "
                    text run at (266,26) width 8: "  "
                  RenderInline {A} at (0,0) size 66x15 [color=#0000EE]
                    RenderText {#text} at (273,26) size 66x15
                      text run at (273,26) width 41: "What's "
                      text run at (313,26) width 26: "Cool"
                  RenderText {#text} at (338,26) size 11x15
                    text run at (338,26) width 11: "   "
                  RenderInline {A} at (0,0) size 66x15 [color=#0000EE]
                    RenderText {#text} at (348,26) size 66x15
                      text run at (348,26) width 66: "What's New"
                  RenderText {#text} at (413,26) size 11x15
                    text run at (413,26) width 11: "   "
                  RenderInline {A} at (0,0) size 76x15 [color=#0000EE]
                    RenderText {#text} at (423,26) size 76x15
                      text run at (423,26) width 76: "People Finder"
                  RenderText {#text} at (498,26) size 11x15
                    text run at (498,26) width 11: "   "
                  RenderInline {A} at (0,0) size 74x15 [color=#0000EE]
                    RenderText {#text} at (508,26) size 74x15
                      text run at (508,26) width 74: "Yellow Pages"
                  RenderText {#text} at (0,0) size 0x0
                RenderText {#text} at (0,0) size 0x0
            RenderTableRow {TR} at (0,105) size 600x48
              RenderTableCell {TD} at (2,113) size 159x32 [r=2 c=0 rs=1 cs=1]
                RenderInline {A} at (0,0) size 117x32 [color=#0000EE]
                  RenderInline {FONT} at (0,0) size 117x30 [color=#CC0033]
                    RenderText {#text} at (21,1) size 117x30
                      text run at (21,1) width 117: "Download Netscape"
                      text run at (26,16) width 107: "Communicator 4.5"
              RenderTableCell {TD} at (163,105) size 270x48 [r=2 c=1 rs=1 cs=1]
                RenderInline {A} at (0,0) size 232x26 [color=#0000EE]
                  RenderImage {IMG} at (19,1) size 232x35 [border: (1px solid #0000EE)]
                  RenderBR {BR} at (251,36) size 0x0
                  RenderInline {FONT} at (0,0) size 48x11
                    RenderText {#text} at (111,36) size 48x11
                      text run at (111,36) width 48: "Click Here!"
                RenderBR {BR} at (158,45) size 1x0
              RenderTableCell {TD} at (435,120) size 161x17 [r=2 c=2 rs=1 cs=1]
                RenderInline {A} at (0,0) size 131x17 [color=#0000EE]
                  RenderInline {FONT} at (0,0) size 131x15 [color=#0066FF]
                    RenderText {#text} at (15,1) size 131x15
                      text run at (15,1) width 131: "Hassle-Free Upgrades"
                RenderText {#text} at (0,0) size 0x0
            RenderTableRow {TR} at (0,155) size 600x20
              RenderTableCell {TD} at (2,155) size 594x20 [r=3 c=0 rs=1 cs=3]
                RenderInline {A} at (0,0) size 49x17 [color=#0000EE]
                  RenderInline {FONT} at (0,0) size 49x15 [color=#0066FF]
                    RenderInline {B} at (0,0) size 49x15
                      RenderText {#text} at (15,3) size 49x15
                        text run at (15,3) width 49: "Contact"
                RenderText {#text} at (63,1) size 13x17
                  text run at (63,1) width 13: " : "
                RenderInline {SMALL} at (0,0) size 504x15
                  RenderInline {A} at (0,0) size 77x15 [color=#0000EE]
                    RenderText {#text} at (75,3) size 77x15
                      text run at (75,3) width 77: "Address Book"
                  RenderText {#text} at (151,3) size 12x15
                    text run at (151,3) width 12: " - "
                  RenderInline {A} at (0,0) size 65x15 [color=#0000EE]
                    RenderText {#text} at (162,3) size 65x15
                      text run at (162,3) width 65: "Discussions"
                  RenderText {#text} at (226,3) size 12x15
                    text run at (226,3) width 12: " - "
                  RenderInline {A} at (0,0) size 99x15 [color=#0000EE]
                    RenderText {#text} at (237,3) size 99x15
                      text run at (237,3) width 99: "Instant Messenger"
                  RenderText {#text} at (335,3) size 12x15
                    text run at (335,3) width 12: " - "
                  RenderInline {A} at (0,0) size 79x15 [color=#0000EE]
                    RenderText {#text} at (346,3) size 79x15
                      text run at (346,3) width 79: "Long Distance"
                  RenderText {#text} at (424,3) size 12x15
                    text run at (424,3) width 12: " - "
                  RenderInline {A} at (0,0) size 51x15 [color=#0000EE]
                    RenderText {#text} at (435,3) size 51x15
                      text run at (435,3) width 51: "Members"
                  RenderText {#text} at (485,3) size 12x15
                    text run at (485,3) width 12: " - "
                  RenderInline {A} at (0,0) size 83x15 [color=#0000EE]
                    RenderText {#text} at (496,3) size 83x15
                      text run at (496,3) width 83: "WebMail< /A>"
                RenderInline {A} at (0,0) size 1x17 [color=#0000EE]
                  RenderText {#text} at (0,0) size 0x0
            RenderTableRow {TR} at (0,177) size 600x3
              RenderTableCell {TD} at (2,177) size 596x3 [bgcolor=#99CCCC] [r=4 c=0 rs=1 cs=4]
                RenderTable {TABLE} at (1,1) size 1x1
                  RenderTableSection {TBODY} at (0,0) size 1x1
                    RenderTableRow {TR} at (0,0) size 1x1
                      RenderTableCell {TD} at (0,0) size 0x0 [r=0 c=0 rs=1 cs=1]
layer at (277,78) size 210x15
  RenderBlock {DIV} at (2,3) size 210x15
