layer at (0,0) size 785x2031
  RenderView at (0,0) size 785x600
layer at (0,0) size 785x2031
  RenderBlock {HTML} at (0,0) size 785x2031.19
    RenderBody {BODY} at (8,8) size 769x2015.19
      RenderBlock (anonymous) at (0,0) size 769x18
        RenderBR {BR} at (0,0) size 0x17
      RenderBlock {HR} at (0,26) size 769x2 [border: (1px inset #EEEEEE)]
      RenderBlock {H3} at (0,46.72) size 769x22
        RenderText {#text} at (0,0) size 88x21
          text run at (0,0) width 88: "border-top"
      RenderBlock {P} at (0,87.44) size 769x18
        RenderInline {CODE} at (0,0) size 55x15
          RenderText {#text} at (0,3) size 55x15
            text run at (0,3) width 55: "<table>"
        RenderText {#text} at (54,0) size 32x17
          text run at (54,0) width 32: " has "
        RenderInline {CODE} at (0,0) size 48x15
          RenderText {#text} at (85,3) size 48x15
            text run at (85,3) width 48: "border"
        RenderText {#text} at (132,0) size 75x17
          text run at (132,0) width 75: " attribute; "
        RenderInline {CODE} at (0,0) size 32x15
          RenderText {#text} at (206,3) size 32x15
            text run at (206,3) width 32: "<td>"
        RenderText {#text} at (237,0) size 41x17
          text run at (237,0) width 41: " have "
        RenderInline {CODE} at (0,0) size 290x15
          RenderText {#text} at (277,3) size 290x15
            text run at (277,3) width 290: "style=\"border-top: green 10px solid;\""
        RenderText {#text} at (566,0) size 5x17
          text run at (566,0) width 5: "."
      RenderTable {TABLE} at (0,121.44) size 459x116 [border: (1px outset #808080)]
        RenderTableSection {TBODY} at (1,1) size 457x114
          RenderTableRow {TR} at (0,5) size 457x31
            RenderTableCell {TD} at (5,5) size 447x31 [border: (10px solid #008000) (1px inset #808080)] [r=0 c=0 rs=1 cs=2]
              RenderText {#text} at (2,11) size 443x17
                text run at (2,11) width 443: "Every cell in this table should have a 10-pixel solid green top border."
          RenderTableRow {TR} at (0,41) size 457x68
            RenderTableCell {TD} at (5,59) size 112x31 [border: (10px solid #008000) (1px inset #808080)] [r=1 c=0 rs=1 cs=1]
              RenderText {#text} at (2,11) size 54x17
                text run at (2,11) width 54: "Cell one"
            RenderTableCell {TD} at (122,41) size 330x68 [border: (10px solid #008000) (1px inset #808080)] [r=1 c=1 rs=1 cs=1]
              RenderBlock (anonymous) at (2,11) size 326x18
                RenderText {#text} at (0,0) size 55x17
                  text run at (0,0) width 55: "Cell two"
              RenderTable {TABLE} at (2,29) size 166x37 [border: (1px outset #808080)]
                RenderTableSection {TBODY} at (1,1) size 164x35
                  RenderTableRow {TR} at (0,2) size 164x31
                    RenderTableCell {TD} at (2,2) size 160x31 [border: (10px solid #008000) (1px inset #808080)] [r=0 c=0 rs=1 cs=1]
                      RenderText {#text} at (2,11) size 156x17
                        text run at (2,11) width 156: "Nested single-cell table!"
      RenderBlock (anonymous) at (0,237.44) size 769x18
        RenderBR {BR} at (0,0) size 0x17
      RenderBlock {P} at (0,271.44) size 769x18
        RenderInline {CODE} at (0,0) size 55x15
          RenderText {#text} at (0,3) size 55x15
            text run at (0,3) width 55: "<table>"
        RenderText {#text} at (54,0) size 69x17
          text run at (54,0) width 69: " has *no* "
        RenderInline {CODE} at (0,0) size 48x15
          RenderText {#text} at (122,3) size 48x15
            text run at (122,3) width 48: "border"
        RenderText {#text} at (169,0) size 75x17
          text run at (169,0) width 75: " attribute; "
        RenderInline {CODE} at (0,0) size 32x15
          RenderText {#text} at (243,3) size 32x15
            text run at (243,3) width 32: "<td>"
        RenderText {#text} at (274,0) size 41x17
          text run at (274,0) width 41: " have "
        RenderInline {CODE} at (0,0) size 290x15
          RenderText {#text} at (314,3) size 290x15
            text run at (314,3) width 290: "style=\"border-top: green 10px solid;\""
        RenderText {#text} at (603,0) size 5x17
          text run at (603,0) width 5: "."
      RenderTable {TABLE} at (0,305.44) size 455x109
        RenderTableSection {TBODY} at (0,0) size 455x109
          RenderTableRow {TR} at (0,5) size 455x30
            RenderTableCell {TD} at (5,5) size 445x30 [border: (10px solid #008000) none] [r=0 c=0 rs=1 cs=2]
              RenderText {#text} at (1,11) size 443x17
                text run at (1,11) width 443: "Every cell in this table should have a 10-pixel solid green top border."
          RenderTableRow {TR} at (0,40) size 455x64
            RenderTableCell {TD} at (5,57) size 112x30 [border: (10px solid #008000) none] [r=1 c=0 rs=1 cs=1]
              RenderText {#text} at (1,11) size 54x17
                text run at (1,11) width 54: "Cell one"
            RenderTableCell {TD} at (122,40) size 328x64 [border: (10px solid #008000) none] [r=1 c=1 rs=1 cs=1]
              RenderBlock (anonymous) at (1,11) size 326x18
                RenderText {#text} at (0,0) size 55x17
                  text run at (0,0) width 55: "Cell two"
              RenderTable {TABLE} at (1,29) size 162x34
                RenderTableSection {TBODY} at (0,0) size 162x34
                  RenderTableRow {TR} at (0,2) size 162x30
                    RenderTableCell {TD} at (2,2) size 158x30 [border: (10px solid #008000) none] [r=0 c=0 rs=1 cs=1]
                      RenderText {#text} at (1,11) size 156x17
                        text run at (1,11) width 156: "Nested single-cell table!"
      RenderBlock (anonymous) at (0,414.44) size 769x18
        RenderBR {BR} at (0,0) size 0x17
      RenderBlock {HR} at (0,440.44) size 769x2 [border: (1px inset #EEEEEE)]
      RenderBlock {H3} at (0,461.16) size 769x22
        RenderText {#text} at (0,0) size 101x21
          text run at (0,0) width 101: "border-right"
      RenderBlock {P} at (0,501.88) size 769x18
        RenderInline {CODE} at (0,0) size 55x15
          RenderText {#text} at (0,3) size 55x15
            text run at (0,3) width 55: "<table>"
        RenderText {#text} at (54,0) size 32x17
          text run at (54,0) width 32: " has "
        RenderInline {CODE} at (0,0) size 48x15
          RenderText {#text} at (85,3) size 48x15
            text run at (85,3) width 48: "border"
        RenderText {#text} at (132,0) size 75x17
          text run at (132,0) width 75: " attribute; "
        RenderInline {CODE} at (0,0) size 32x15
          RenderText {#text} at (206,3) size 32x15
            text run at (206,3) width 32: "<td>"
        RenderText {#text} at (237,0) size 41x17
          text run at (237,0) width 41: " have "
        RenderInline {CODE} at (0,0) size 305x15
          RenderText {#text} at (277,3) size 305x15
            text run at (277,3) width 305: "style=\"border-right: green 10px solid;\""
        RenderText {#text} at (581,0) size 5x17
          text run at (581,0) width 5: "."
      RenderTable {TABLE} at (0,535.88) size 477x89 [border: (1px outset #808080)]
        RenderTableSection {TBODY} at (1,1) size 475x87
          RenderTableRow {TR} at (0,5) size 475x22
            RenderTableCell {TD} at (5,5) size 465x22 [border: (1px inset #808080) (10px solid #008000) (1px inset #808080)] [r=0 c=0 rs=1 cs=2]
              RenderText {#text} at (2,2) size 452x17
                text run at (2,2) width 452: "Every cell in this table should have a 10-pixel solid green right border."
          RenderTableRow {TR} at (0,32) size 475x50
            RenderTableCell {TD} at (5,46) size 120x22 [border: (1px inset #808080) (10px solid #008000) (1px inset #808080)] [r=1 c=0 rs=1 cs=1]
              RenderText {#text} at (2,2) size 54x17
                text run at (2,2) width 54: "Cell one"
            RenderTableCell {TD} at (130,32) size 340x50 [border: (1px inset #808080) (10px solid #008000) (1px inset #808080)] [r=1 c=1 rs=1 cs=1]
              RenderBlock (anonymous) at (2,2) size 327x18
                RenderText {#text} at (0,0) size 55x17
                  text run at (0,0) width 55: "Cell two"
              RenderTable {TABLE} at (2,20) size 175x28 [border: (1px outset #808080)]
                RenderTableSection {TBODY} at (1,1) size 173x26
                  RenderTableRow {TR} at (0,2) size 173x22
                    RenderTableCell {TD} at (2,2) size 169x22 [border: (1px inset #808080) (10px solid #008000) (1px inset #808080)] [r=0 c=0 rs=1 cs=1]
                      RenderText {#text} at (2,2) size 156x17
                        text run at (2,2) width 156: "Nested single-cell table!"
      RenderBlock (anonymous) at (0,624.88) size 769x18
        RenderBR {BR} at (0,0) size 0x17
      RenderBlock {P} at (0,658.88) size 769x18
        RenderInline {CODE} at (0,0) size 55x15
          RenderText {#text} at (0,3) size 55x15
            text run at (0,3) width 55: "<table>"
        RenderText {#text} at (54,0) size 32x17
          text run at (54,0) width 32: " has "
        RenderInline {CODE} at (0,0) size 48x15
          RenderText {#text} at (85,3) size 48x15
            text run at (85,3) width 48: "border"
        RenderText {#text} at (132,0) size 75x17
          text run at (132,0) width 75: " attribute; "
        RenderInline {CODE} at (0,0) size 32x15
          RenderText {#text} at (206,3) size 32x15
            text run at (206,3) width 32: "<td>"
        RenderText {#text} at (237,0) size 41x17
          text run at (237,0) width 41: " have "
        RenderInline {CODE} at (0,0) size 305x15
          RenderText {#text} at (277,3) size 305x15
            text run at (277,3) width 305: "style=\"border-right: green 10px solid;\""
        RenderText {#text} at (581,0) size 5x17
          text run at (581,0) width 5: "."
      RenderTable {TABLE} at (0,692.88) size 474x79
        RenderTableSection {TBODY} at (0,0) size 474x79
          RenderTableRow {TR} at (0,5) size 474x20
            RenderTableCell {TD} at (5,5) size 464x20 [border: none (10px solid #008000) none] [r=0 c=0 rs=1 cs=2]
              RenderText {#text} at (1,1) size 452x17
                text run at (1,1) width 452: "Every cell in this table should have a 10-pixel solid green right border."
          RenderTableRow {TR} at (0,30) size 474x44
            RenderTableCell {TD} at (5,42) size 121x20 [border: none (10px solid #008000) none] [r=1 c=0 rs=1 cs=1]
              RenderText {#text} at (1,1) size 54x17
                text run at (1,1) width 54: "Cell one"
            RenderTableCell {TD} at (131,30) size 338x44 [border: none (10px solid #008000) none] [r=1 c=1 rs=1 cs=1]
              RenderBlock (anonymous) at (1,1) size 326x18
                RenderText {#text} at (0,0) size 55x17
                  text run at (0,0) width 55: "Cell two"
              RenderTable {TABLE} at (1,19) size 172x24
                RenderTableSection {TBODY} at (0,0) size 172x24
                  RenderTableRow {TR} at (0,2) size 172x20
                    RenderTableCell {TD} at (2,2) size 168x20 [border: none (10px solid #008000) none] [r=0 c=0 rs=1 cs=1]
                      RenderText {#text} at (1,1) size 156x17
                        text run at (1,1) width 156: "Nested single-cell table!"
      RenderBlock (anonymous) at (0,771.88) size 769x18
        RenderBR {BR} at (0,0) size 0x17
      RenderBlock {HR} at (0,797.88) size 769x2 [border: (1px inset #EEEEEE)]
      RenderBlock {H3} at (0,818.59) size 769x22
        RenderText {#text} at (0,0) size 119x21
          text run at (0,0) width 119: "border-bottom"
      RenderBlock {P} at (0,859.31) size 769x18
        RenderInline {CODE} at (0,0) size 55x15
          RenderText {#text} at (0,3) size 55x15
            text run at (0,3) width 55: "<table>"
        RenderText {#text} at (54,0) size 32x17
          text run at (54,0) width 32: " has "
        RenderInline {CODE} at (0,0) size 48x15
          RenderText {#text} at (85,3) size 48x15
            text run at (85,3) width 48: "border"
        RenderText {#text} at (132,0) size 75x17
          text run at (132,0) width 75: " attribute; "
        RenderInline {CODE} at (0,0) size 32x15
          RenderText {#text} at (206,3) size 32x15
            text run at (206,3) width 32: "<td>"
        RenderText {#text} at (237,0) size 41x17
          text run at (237,0) width 41: " have "
        RenderInline {CODE} at (0,0) size 313x15
          RenderText {#text} at (277,3) size 313x15
            text run at (277,3) width 313: "style=\"border-bottom: green 10px solid;\""
        RenderText {#text} at (589,0) size 5x17
          text run at (589,0) width 5: "."
      RenderTable {TABLE} at (0,893.31) size 483x116 [border: (1px outset #808080)]
        RenderTableSection {TBODY} at (1,1) size 481x114
          RenderTableRow {TR} at (0,5) size 481x31
            RenderTableCell {TD} at (5,5) size 471x31 [border: (1px inset #808080) (10px solid #008000) (1px inset #808080)] [r=0 c=0 rs=1 cs=2]
              RenderText {#text} at (2,2) size 467x17
                text run at (2,2) width 467: "Every cell in this table should have a 10-pixel solid green bottom border."
          RenderTableRow {TR} at (0,41) size 481x68
            RenderTableCell {TD} at (5,59) size 118x31 [border: (1px inset #808080) (10px solid #008000) (1px inset #808080)] [r=1 c=0 rs=1 cs=1]
              RenderText {#text} at (2,2) size 54x17
                text run at (2,2) width 54: "Cell one"
            RenderTableCell {TD} at (128,41) size 348x68 [border: (1px inset #808080) (10px solid #008000) (1px inset #808080)] [r=1 c=1 rs=1 cs=1]
              RenderBlock (anonymous) at (2,2) size 344x18
                RenderText {#text} at (0,0) size 55x17
                  text run at (0,0) width 55: "Cell two"
              RenderTable {TABLE} at (2,20) size 166x37 [border: (1px outset #808080)]
                RenderTableSection {TBODY} at (1,1) size 164x35
                  RenderTableRow {TR} at (0,2) size 164x31
                    RenderTableCell {TD} at (2,2) size 160x31 [border: (1px inset #808080) (10px solid #008000) (1px inset #808080)] [r=0 c=0 rs=1 cs=1]
                      RenderText {#text} at (2,2) size 156x17
                        text run at (2,2) width 156: "Nested single-cell table!"
      RenderBlock (anonymous) at (0,1009.31) size 769x18
        RenderBR {BR} at (0,0) size 0x17
      RenderBlock {P} at (0,1043.31) size 769x18
        RenderInline {CODE} at (0,0) size 55x15
          RenderText {#text} at (0,3) size 55x15
            text run at (0,3) width 55: "<table>"
        RenderText {#text} at (54,0) size 69x17
          text run at (54,0) width 69: " has *no* "
        RenderInline {CODE} at (0,0) size 48x15
          RenderText {#text} at (122,3) size 48x15
            text run at (122,3) width 48: "border"
        RenderText {#text} at (169,0) size 75x17
          text run at (169,0) width 75: " attribute; "
        RenderInline {CODE} at (0,0) size 32x15
          RenderText {#text} at (243,3) size 32x15
            text run at (243,3) width 32: "<td>"
        RenderText {#text} at (274,0) size 41x17
          text run at (274,0) width 41: " have "
        RenderInline {CODE} at (0,0) size 313x15
          RenderText {#text} at (314,3) size 313x15
            text run at (314,3) width 313: "style=\"border-bottom: green 10px solid;\""
        RenderText {#text} at (626,0) size 5x17
          text run at (626,0) width 5: "."
      RenderTable {TABLE} at (0,1077.31) size 479x109
        RenderTableSection {TBODY} at (0,0) size 479x109
          RenderTableRow {TR} at (0,5) size 479x30
            RenderTableCell {TD} at (5,5) size 469x30 [border: none (10px solid #008000) none] [r=0 c=0 rs=1 cs=2]
              RenderText {#text} at (1,1) size 467x17
                text run at (1,1) width 467: "Every cell in this table should have a 10-pixel solid green bottom border."
          RenderTableRow {TR} at (0,40) size 479x64
            RenderTableCell {TD} at (5,57) size 118x30 [border: none (10px solid #008000) none] [r=1 c=0 rs=1 cs=1]
              RenderText {#text} at (1,1) size 54x17
                text run at (1,1) width 54: "Cell one"
            RenderTableCell {TD} at (128,40) size 346x64 [border: none (10px solid #008000) none] [r=1 c=1 rs=1 cs=1]
              RenderBlock (anonymous) at (1,1) size 344x18
                RenderText {#text} at (0,0) size 55x17
                  text run at (0,0) width 55: "Cell two"
              RenderTable {TABLE} at (1,19) size 162x34
                RenderTableSection {TBODY} at (0,0) size 162x34
                  RenderTableRow {TR} at (0,2) size 162x30
                    RenderTableCell {TD} at (2,2) size 158x30 [border: none (10px solid #008000) none] [r=0 c=0 rs=1 cs=1]
                      RenderText {#text} at (1,1) size 156x17
                        text run at (1,1) width 156: "Nested single-cell table!"
      RenderBlock (anonymous) at (0,1186.31) size 769x18
        RenderBR {BR} at (0,0) size 0x17
      RenderBlock {HR} at (0,1212.31) size 769x2 [border: (1px inset #EEEEEE)]
      RenderBlock {H3} at (0,1233.03) size 769x22
        RenderText {#text} at (0,0) size 88x21
          text run at (0,0) width 88: "border-left"
      RenderBlock {P} at (0,1273.75) size 769x18
        RenderInline {CODE} at (0,0) size 55x15
          RenderText {#text} at (0,3) size 55x15
            text run at (0,3) width 55: "<table>"
        RenderText {#text} at (54,0) size 32x17
          text run at (54,0) width 32: " has "
        RenderInline {CODE} at (0,0) size 48x15
          RenderText {#text} at (85,3) size 48x15
            text run at (85,3) width 48: "border"
        RenderText {#text} at (132,0) size 75x17
          text run at (132,0) width 75: " attribute; "
        RenderInline {CODE} at (0,0) size 32x15
          RenderText {#text} at (206,3) size 32x15
            text run at (206,3) width 32: "<td>"
        RenderText {#text} at (237,0) size 41x17
          text run at (237,0) width 41: " have "
        RenderInline {CODE} at (0,0) size 297x15
          RenderText {#text} at (277,3) size 297x15
            text run at (277,3) width 297: "style=\"border-left: green 10px solid;\""
        RenderText {#text} at (573,0) size 5x17
          text run at (573,0) width 5: "."
      RenderTable {TABLE} at (0,1307.75) size 468x89 [border: (1px outset #808080)]
        RenderTableSection {TBODY} at (1,1) size 466x87
          RenderTableRow {TR} at (0,5) size 466x22
            RenderTableCell {TD} at (5,5) size 456x22 [border: (1px inset #808080) (10px solid #008000)] [r=0 c=0 rs=1 cs=2]
              RenderText {#text} at (11,2) size 443x17
                text run at (11,2) width 443: "Every cell in this table should have a 10-pixel solid green left border."
          RenderTableRow {TR} at (0,32) size 466x50
            RenderTableCell {TD} at (5,46) size 118x22 [border: (1px inset #808080) (10px solid #008000)] [r=1 c=0 rs=1 cs=1]
              RenderText {#text} at (11,2) size 54x17
                text run at (11,2) width 54: "Cell one"
            RenderTableCell {TD} at (128,32) size 333x50 [border: (1px inset #808080) (10px solid #008000)] [r=1 c=1 rs=1 cs=1]
              RenderBlock (anonymous) at (11,2) size 320x18
                RenderText {#text} at (0,0) size 55x17
                  text run at (0,0) width 55: "Cell two"
              RenderTable {TABLE} at (11,20) size 175x28 [border: (1px outset #808080)]
                RenderTableSection {TBODY} at (1,1) size 173x26
                  RenderTableRow {TR} at (0,2) size 173x22
                    RenderTableCell {TD} at (2,2) size 169x22 [border: (1px inset #808080) (10px solid #008000)] [r=0 c=0 rs=1 cs=1]
                      RenderText {#text} at (11,2) size 156x17
                        text run at (11,2) width 156: "Nested single-cell table!"
      RenderBlock (anonymous) at (0,1396.75) size 769x18
        RenderBR {BR} at (0,0) size 0x17
      RenderBlock {P} at (0,1430.75) size 769x18
        RenderInline {CODE} at (0,0) size 55x15
          RenderText {#text} at (0,3) size 55x15
            text run at (0,3) width 55: "<table>"
        RenderText {#text} at (54,0) size 69x17
          text run at (54,0) width 69: " has *no* "
        RenderInline {CODE} at (0,0) size 48x15
          RenderText {#text} at (122,3) size 48x15
            text run at (122,3) width 48: "border"
        RenderText {#text} at (169,0) size 75x17
          text run at (169,0) width 75: " attribute; "
        RenderInline {CODE} at (0,0) size 32x15
          RenderText {#text} at (243,3) size 32x15
            text run at (243,3) width 32: "<td>"
        RenderText {#text} at (274,0) size 41x17
          text run at (274,0) width 41: " have "
        RenderInline {CODE} at (0,0) size 297x15
          RenderText {#text} at (314,3) size 297x15
            text run at (314,3) width 297: "style=\"border-left: green 10px solid;\""
        RenderText {#text} at (610,0) size 5x17
          text run at (610,0) width 5: "."
      RenderTable {TABLE} at (0,1464.75) size 465x79
        RenderTableSection {TBODY} at (0,0) size 465x79
          RenderTableRow {TR} at (0,5) size 465x20
            RenderTableCell {TD} at (5,5) size 455x20 [border: none (10px solid #008000)] [r=0 c=0 rs=1 cs=2]
              RenderText {#text} at (11,1) size 443x17
                text run at (11,1) width 443: "Every cell in this table should have a 10-pixel solid green left border."
          RenderTableRow {TR} at (0,30) size 465x44
            RenderTableCell {TD} at (5,42) size 118x20 [border: none (10px solid #008000)] [r=1 c=0 rs=1 cs=1]
              RenderText {#text} at (11,1) size 54x17
                text run at (11,1) width 54: "Cell one"
            RenderTableCell {TD} at (128,30) size 332x44 [border: none (10px solid #008000)] [r=1 c=1 rs=1 cs=1]
              RenderBlock (anonymous) at (11,1) size 320x18
                RenderText {#text} at (0,0) size 55x17
                  text run at (0,0) width 55: "Cell two"
              RenderTable {TABLE} at (11,19) size 172x24
                RenderTableSection {TBODY} at (0,0) size 172x24
                  RenderTableRow {TR} at (0,2) size 172x20
                    RenderTableCell {TD} at (2,2) size 168x20 [border: none (10px solid #008000)] [r=0 c=0 rs=1 cs=1]
                      RenderText {#text} at (11,1) size 156x17
                        text run at (11,1) width 156: "Nested single-cell table!"
      RenderBlock (anonymous) at (0,1543.75) size 769x18
        RenderBR {BR} at (0,0) size 0x17
      RenderBlock {HR} at (0,1569.75) size 769x2 [border: (1px inset #EEEEEE)]
      RenderBlock {H3} at (0,1590.47) size 769x22
        RenderText {#text} at (0,0) size 56x21
          text run at (0,0) width 56: "border"
      RenderBlock {P} at (0,1631.19) size 769x18
        RenderInline {CODE} at (0,0) size 55x15
          RenderText {#text} at (0,3) size 55x15
            text run at (0,3) width 55: "<table>"
        RenderText {#text} at (54,0) size 32x17
          text run at (54,0) width 32: " has "
        RenderInline {CODE} at (0,0) size 48x15
          RenderText {#text} at (85,3) size 48x15
            text run at (85,3) width 48: "border"
        RenderText {#text} at (132,0) size 75x17
          text run at (132,0) width 75: " attribute; "
        RenderInline {CODE} at (0,0) size 32x15
          RenderText {#text} at (206,3) size 32x15
            text run at (206,3) width 32: "<td>"
        RenderText {#text} at (237,0) size 41x17
          text run at (237,0) width 41: " have "
        RenderInline {CODE} at (0,0) size 258x15
          RenderText {#text} at (277,3) size 258x15
            text run at (277,3) width 258: "style=\"border: green 10px solid;\""
        RenderText {#text} at (534,0) size 5x17
          text run at (534,0) width 5: "."
      RenderTable {TABLE} at (0,1665.19) size 452x143 [border: (1px outset #808080)]
        RenderTableSection {TBODY} at (1,1) size 450x141
          RenderTableRow {TR} at (0,5) size 450x40
            RenderTableCell {TD} at (5,5) size 440x40 [border: (10px solid #008000)] [r=0 c=0 rs=1 cs=2]
              RenderText {#text} at (11,11) size 418x17
                text run at (11,11) width 418: "Every cell in this table should have a 10-pixel solid green border."
          RenderTableRow {TR} at (0,50) size 450x86
            RenderTableCell {TD} at (5,73) size 117x40 [border: (10px solid #008000)] [r=1 c=0 rs=1 cs=1]
              RenderText {#text} at (11,11) size 54x17
                text run at (11,11) width 54: "Cell one"
            RenderTableCell {TD} at (127,50) size 318x86 [border: (10px solid #008000)] [r=1 c=1 rs=1 cs=1]
              RenderBlock (anonymous) at (11,11) size 296x18
                RenderText {#text} at (0,0) size 55x17
                  text run at (0,0) width 55: "Cell two"
              RenderTable {TABLE} at (11,29) size 184x46 [border: (1px outset #808080)]
                RenderTableSection {TBODY} at (1,1) size 182x44
                  RenderTableRow {TR} at (0,2) size 182x40
                    RenderTableCell {TD} at (2,2) size 178x40 [border: (10px solid #008000)] [r=0 c=0 rs=1 cs=1]
                      RenderText {#text} at (11,11) size 156x17
                        text run at (11,11) width 156: "Nested single-cell table!"
      RenderBlock (anonymous) at (0,1808.19) size 769x18
        RenderBR {BR} at (0,0) size 0x17
      RenderBlock {P} at (0,1842.19) size 769x18
        RenderInline {CODE} at (0,0) size 55x15
          RenderText {#text} at (0,3) size 55x15
            text run at (0,3) width 55: "<table>"
        RenderText {#text} at (54,0) size 69x17
          text run at (54,0) width 69: " has *no* "
        RenderInline {CODE} at (0,0) size 48x15
          RenderText {#text} at (122,3) size 48x15
            text run at (122,3) width 48: "border"
        RenderText {#text} at (169,0) size 75x17
          text run at (169,0) width 75: " attribute; "
        RenderInline {CODE} at (0,0) size 32x15
          RenderText {#text} at (243,3) size 32x15
            text run at (243,3) width 32: "<td>"
        RenderText {#text} at (274,0) size 41x17
          text run at (274,0) width 41: " have "
        RenderInline {CODE} at (0,0) size 258x15
          RenderText {#text} at (314,3) size 258x15
            text run at (314,3) width 258: "style=\"border: green 10px solid;\""
        RenderText {#text} at (571,0) size 5x17
          text run at (571,0) width 5: "."
      RenderTable {TABLE} at (0,1876.19) size 450x139
        RenderTableSection {TBODY} at (0,0) size 450x139
          RenderTableRow {TR} at (0,5) size 450x40
            RenderTableCell {TD} at (5,5) size 440x40 [border: (10px solid #008000)] [r=0 c=0 rs=1 cs=2]
              RenderText {#text} at (11,11) size 418x17
                text run at (11,11) width 418: "Every cell in this table should have a 10-pixel solid green border."
          RenderTableRow {TR} at (0,50) size 450x84
            RenderTableCell {TD} at (5,72) size 118x40 [border: (10px solid #008000)] [r=1 c=0 rs=1 cs=1]
              RenderText {#text} at (11,11) size 54x17
                text run at (11,11) width 54: "Cell one"
            RenderTableCell {TD} at (128,50) size 317x84 [border: (10px solid #008000)] [r=1 c=1 rs=1 cs=1]
              RenderBlock (anonymous) at (11,11) size 295x18
                RenderText {#text} at (0,0) size 55x17
                  text run at (0,0) width 55: "Cell two"
              RenderTable {TABLE} at (11,29) size 182x44
                RenderTableSection {TBODY} at (0,0) size 182x44
                  RenderTableRow {TR} at (0,2) size 182x40
                    RenderTableCell {TD} at (2,2) size 178x40 [border: (10px solid #008000)] [r=0 c=0 rs=1 cs=1]
                      RenderText {#text} at (11,11) size 156x17
                        text run at (11,11) width 156: "Nested single-cell table!"
