layer at (0,0) size 800x600
  RenderView at (0,0) size 800x600
layer at (0,0) size 800x600
  RenderBlock {HTML} at (0,0) size 800x600
    RenderBody {BODY} at (8,8) size 784x584
      RenderBlock {H3} at (0,0) size 784x22
        RenderText {#text} at (0,0) size 194x21
          text run at (0,0) width 194: "With long hidden values"
      RenderTable {TABLE} at (0,40.72) size 198x65 [border: (1px solid #FF0000)]
        RenderTableSection {TBODY} at (1,1) size 196x63
          RenderTableRow {TR} at (0,2) size 196x57
            RenderTableCell {TD} at (2,2) size 192x57 [r=0 c=0 rs=1 cs=1]
              RenderBlock {FORM} at (1,1) size 190x39
                RenderTextControl {INPUT} at (0,0) size 95x21 [bgcolor=#FFFFFF] [border: (2px inset #EEEEEE)]
                RenderText {#text} at (95,1) size 4x17
                  text run at (95,1) width 4: " "
                RenderButton {INPUT} at (99,0) size 41.20x21 [bgcolor=#C0C0C0] [border: (2px outset #C0C0C0)]
                  RenderBlock (anonymous) at (8,3) size 25.20x15
                    RenderText {#text} at (0,0) size 26x15
                      text run at (0,0) width 26: " Go "
                RenderText {#text} at (140,1) size 5x17
                  text run at (140,1) width 5: " "
                RenderBR {BR} at (144,15) size 1x0
                RenderText {#text} at (0,21) size 190x17
                  text run at (0,21) width 190: "Enter City Name or Zip Code"
          RenderTableRow {TR} at (0,61) size 196x0
      RenderBlock {HR} at (0,113.72) size 784x2 [border: (1px inset #EEEEEE)]
      RenderBlock {H3} at (0,134.44) size 784x22
        RenderText {#text} at (0,0) size 202x21
          text run at (0,0) width 202: "With short hidden values"
      RenderTable {TABLE} at (0,175.16) size 198x65 [border: (1px solid #FF0000)]
        RenderTableSection {TBODY} at (1,1) size 196x63
          RenderTableRow {TR} at (0,2) size 196x57
            RenderTableCell {TD} at (2,2) size 192x57 [r=0 c=0 rs=1 cs=1]
              RenderBlock {FORM} at (1,1) size 190x39
                RenderTextControl {INPUT} at (0,0) size 95x21 [bgcolor=#FFFFFF] [border: (2px inset #EEEEEE)]
                RenderText {#text} at (95,1) size 4x17
                  text run at (95,1) width 4: " "
                RenderButton {INPUT} at (99,0) size 41.20x21 [bgcolor=#C0C0C0] [border: (2px outset #C0C0C0)]
                  RenderBlock (anonymous) at (8,3) size 25.20x15
                    RenderText {#text} at (0,0) size 26x15
                      text run at (0,0) width 26: " Go "
                RenderText {#text} at (140,1) size 5x17
                  text run at (140,1) width 5: " "
                RenderBR {BR} at (144,15) size 1x0
                RenderText {#text} at (0,21) size 190x17
                  text run at (0,21) width 190: "Enter City Name or Zip Code"
          RenderTableRow {TR} at (0,61) size 196x0
layer at (14,56) size 91x15
  RenderBlock {DIV} at (2,3) size 91x15
layer at (14,190) size 91x15
  RenderBlock {DIV} at (2,3) size 91x15
