layer at (0,0) size 800x600
  RenderView at (0,0) size 800x600
layer at (0,0) size 800x553
  RenderBlock {HTML} at (0,0) size 800x553 [bgcolor=#00FF99]
    RenderBody {BODY} at (57,64) size 686x425 [bgcolor=#99FFCC] [border: (3px solid #000000)]
      RenderBlock {P} at (3,3) size 680x64
        RenderText {#text} at (0,6) size 632x51
          text run at (0,6) width 593: "These links are in an element with display table-row, and the li elements "
          text run at (592,6) width 40: "have"
          text run at (0,38) width 155: "display: table-cell. "
          text run at (154,38) width 131: "They disappear:"
      RenderTable at (3,67) size 304x19
        RenderTableSection (anonymous) at (0,0) size 304x19
          RenderTableRow {UL} at (0,0) size 304x19 [bgcolor=#00CC99]
            RenderTableCell {LI} at (0,0) size 76x19 [r=0 c=0 rs=1 cs=1]
              RenderInline {A} at (0,0) size 54x19 [color=#0000EE]
                RenderText {#text} at (11,0) size 54x19
                  text run at (11,0) width 54: "people"
            RenderTableCell {LI} at (76,0) size 76x19 [r=0 c=1 rs=1 cs=1]
              RenderInline {A} at (0,0) size 52x19 [color=#0000EE]
                RenderText {#text} at (12,0) size 52x19
                  text run at (12,0) width 52: "places"
            RenderTableCell {LI} at (152,0) size 76x19 [r=0 c=2 rs=1 cs=1]
              RenderInline {A} at (0,0) size 76x19 [color=#0000EE]
                RenderText {#text} at (0,0) size 76x19
                  text run at (0,0) width 76: "members"
            RenderTableCell {LI} at (228,0) size 76x19 [r=0 c=3 rs=1 cs=1]
              RenderInline {A} at (0,0) size 38x19 [color=#0000EE]
                RenderText {#text} at (19,0) size 38x19
                  text run at (19,0) width 38: "links"
      RenderBlock {DIV} at (3,86) size 680x336
        RenderBlock (anonymous) at (16,16) size 648x19
          RenderText {#text} at (0,0) size 510x19
            text run at (0,0) width 227: "This text is not in the form. "
            text run at (226,0) width 284: "The form should be indented 40px."
        RenderBlock {FORM} at (96,35) size 568x285
          RenderBlock {P} at (0,0) size 568x64
            RenderText {#text} at (0,6) size 541x51
              text run at (0,6) width 195: "This is text in the form. "
              text run at (194,6) width 230: "It should be indented 40px. "
              text run at (423,6) width 118: "The form itself"
              text run at (0,38) width 373: "has the same table-row/table-cell problem as "
              text run at (372,38) width 55: "above."
          RenderBlock {P} at (0,64) size 568x63
            RenderTable {SPAN} at (0,3) size 145x60
              RenderTableSection (anonymous) at (0,0) size 145x60
                RenderTableRow {SPAN} at (0,0) size 145x28
                  RenderTableCell (anonymous) at (0,0) size 145x28 [r=0 c=0 rs=1 cs=1]
                    RenderText {#text} at (0,6) size 137x16
                      text run at (0,6) width 137: "First Name (required)"
                RenderTableRow (anonymous) at (0,28) size 145x32
                  RenderTableCell (anonymous) at (0,28) size 145x32 [r=1 c=0 rs=1 cs=1]
                    RenderTextControl {INPUT} at (0,7) size 145x21 [bgcolor=#FFFFFF] [border: (2px inset #EEEEEE)]
            RenderText {#text} at (145,6) size 6x19
              text run at (145,6) width 6: " "
            RenderTable {SPAN} at (150.63,3) size 145x60
              RenderTableSection (anonymous) at (0,0) size 145x60
                RenderTableRow {SPAN} at (0,0) size 145x28
                  RenderTableCell (anonymous) at (0,0) size 145x28 [r=0 c=0 rs=1 cs=1]
                    RenderText {#text} at (0,6) size 137x16
                      text run at (0,6) width 137: "Last Name (required)"
                RenderTableRow (anonymous) at (0,28) size 145x32
                  RenderTableCell (anonymous) at (0,28) size 145x32 [r=1 c=0 rs=1 cs=1]
                    RenderTextControl {INPUT} at (0,7) size 145x21 [bgcolor=#FFFFFF] [border: (2px inset #EEEEEE)]
            RenderText {#text} at (0,0) size 0x0
          RenderBlock {P} at (0,127) size 568x63
            RenderTable {SPAN} at (0,3) size 313x60
              RenderTableSection (anonymous) at (0,0) size 313x60
                RenderTableRow {SPAN} at (0,0) size 313x28
                  RenderTableCell (anonymous) at (0,0) size 313x28 [r=0 c=0 rs=1 cs=1]
                    RenderText {#text} at (0,6) size 93x16
                      text run at (0,6) width 93: "Email Address"
                RenderTableRow (anonymous) at (0,28) size 313x32
                  RenderTableCell (anonymous) at (0,28) size 313x32 [r=1 c=0 rs=1 cs=1]
                    RenderTextControl {INPUT} at (0,7) size 313x21 [bgcolor=#FFFFFF] [border: (2px inset #EEEEEE)]
            RenderText {#text} at (0,0) size 0x0
          RenderBlock {P} at (0,190) size 568x63
            RenderTable {SPAN} at (0,3) size 145x60
              RenderTableSection (anonymous) at (0,0) size 145x60
                RenderTableRow {SPAN} at (0,0) size 145x28
                  RenderTableCell (anonymous) at (0,0) size 145x28 [r=0 c=0 rs=1 cs=1]
                    RenderText {#text} at (0,6) size 105x16
                      text run at (0,6) width 105: "Company Name"
                RenderTableRow (anonymous) at (0,28) size 145x32
                  RenderTableCell (anonymous) at (0,28) size 145x32 [r=1 c=0 rs=1 cs=1]
                    RenderTextControl {INPUT} at (0,7) size 145x21 [bgcolor=#FFFFFF] [border: (2px inset #EEEEEE)]
            RenderText {#text} at (145,6) size 6x19
              text run at (145,6) width 6: " "
            RenderTable {SPAN} at (150.63,3) size 145x60
              RenderTableSection (anonymous) at (0,0) size 145x60
                RenderTableRow {SPAN} at (0,0) size 145x28
                  RenderTableCell (anonymous) at (0,0) size 145x28 [r=0 c=0 rs=1 cs=1]
                    RenderText {#text} at (0,6) size 28x16
                      text run at (0,6) width 28: "Title"
                RenderTableRow (anonymous) at (0,28) size 145x32
                  RenderTableCell (anonymous) at (0,28) size 145x32 [r=1 c=0 rs=1 cs=1]
                    RenderTextControl {INPUT} at (0,7) size 145x21 [bgcolor=#FFFFFF] [border: (2px inset #EEEEEE)]
            RenderText {#text} at (0,0) size 0x0
          RenderBlock {P} at (0,253) size 568x32
            RenderButton {INPUT} at (0,7) size 61.20x21 [bgcolor=#C0C0C0] [border: (2px outset #C0C0C0)]
              RenderBlock (anonymous) at (8,3) size 45.20x15
                RenderText {#text} at (0,0) size 46x15
                  text run at (0,0) width 46: "Submit!"
            RenderText {#text} at (61,6) size 6x19
              text run at (61,6) width 6: " "
            RenderButton {INPUT} at (66.83,7) size 82.67x21 [bgcolor=#C0C0C0] [border: (2px outset #C0C0C0)]
              RenderBlock (anonymous) at (8,3) size 66.67x15
                RenderText {#text} at (0,0) size 67x15
                  text run at (0,0) width 67: "Clear Form"
            RenderText {#text} at (0,0) size 0x0
layer at (158,290) size 141x15
  RenderBlock {DIV} at (2,3) size 141x15
layer at (309,290) size 141x15
  RenderBlock {DIV} at (2,3) size 141x15
layer at (158,353) size 309x15
  RenderBlock {DIV} at (2,3) size 309x15
layer at (158,416) size 141x15
  RenderBlock {DIV} at (2,3) size 141x15
layer at (309,416) size 141x15
  RenderBlock {DIV} at (2,3) size 141x15
