layer at (0,0) size 800x600
  RenderView at (0,0) size 800x600
layer at (0,0) size 800x600
  RenderBlock {HTML} at (0,0) size 800x600
    RenderBody {BODY} at (8,8) size 784x584
      RenderTable {TABLE} at (192,0) size 400x49 [border: (1px outset #808080)]
        RenderTableSection {TBODY} at (1,1) size 398x47
          RenderTableRow {TR} at (0,2) size 398x43
            RenderTableCell {TD} at (2,2) size 394x43 [border: (1px inset #808080)] [r=0 c=0 rs=1 cs=1]
              RenderBlock {FORM} at (2,2) size 390x23
                RenderMenuList {SELECT} at (2,2) size 51x19 [bgcolor=#FFFFFF] [border: (1px solid #A9A9A9)]
                  RenderBlock (anonymous) at (1,1) size 49x17
                    RenderText at (4,1) size 26x15
                      text run at (4,1) width 26: "Test"
                RenderText {#text} at (0,0) size 0x0
