layer at (0,0) size 800x600
  RenderView at (0,0) size 800x600
layer at (0,0) size 800x600
  RenderBlock {HTML} at (0,0) size 800x600
    RenderBody {BODY} at (8,8) size 784x576 [bgcolor=#FFFFFF]
      RenderBlock {FORM} at (0,0) size 784x27
        RenderTable {TABLE} at (0,0) size 784x27
          RenderTableSection {TBODY} at (0,0) size 784x27
            RenderTableRow {TR} at (0,2) size 784x23 [bgcolor=#FFFFFF]
              RenderTableCell {TD} at (2,2) size 73x23 [r=0 c=0 rs=1 cs=1]
                RenderButton {INPUT} at (1.45,1) size 70.09x21 [bgcolor=#C0C0C0] [border: (2px outset #C0C0C0)]
                  RenderBlock (anonymous) at (8,3) size 54.09x15
                    RenderText {#text} at (0,0) size 55x15
                      text run at (0,0) width 55: "Select all"
              RenderTableCell {TD} at (77,2) size 57x23 [r=0 c=1 rs=1 cs=1]
                RenderButton {INPUT} at (1.22,1) size 54.55x21 [bgcolor=#C0C0C0] [border: (2px outset #C0C0C0)]
                  RenderBlock (anonymous) at (8,3) size 38.55x15
                    RenderText {#text} at (0,0) size 39x15
                      text run at (0,0) width 39: "Delete"
              RenderTableCell {TD} at (136,2) size 90x23 [r=0 c=2 rs=1 cs=1]
                RenderButton {INPUT} at (1.44,1) size 87.13x21 [bgcolor=#C0C0C0] [border: (2px outset #C0C0C0)]
                  RenderBlock (anonymous) at (8,3) size 71.13x15
                    RenderText {#text} at (0,0) size 72x15
                      text run at (0,0) width 72: "Empty trash"
              RenderTableCell {TD} at (228,5) size 366x20 [r=0 c=3 rs=1 cs=1]
                RenderText {#text} at (1,1) size 4x17
                  text run at (1,1) width 4: " "
              RenderTableCell {TD} at (596,2) size 70x23 [r=0 c=4 rs=1 cs=1]
                RenderButton {INPUT} at (1.44,1) size 67.13x21 [bgcolor=#C0C0C0] [border: (2px outset #C0C0C0)]
                  RenderBlock (anonymous) at (8,3) size 51.13x15
                    RenderText {#text} at (0,0) size 52x15
                      text run at (0,0) width 52: "Move to:"
              RenderTableCell {TD} at (668,4) size 114x21 [r=0 c=5 rs=1 cs=1]
                RenderMenuList {SELECT} at (1,1) size 112x19 [bgcolor=#FFFFFF] [border: (1px solid #A9A9A9)]
                  RenderBlock (anonymous) at (1,1) size 110x17
                    RenderText at (4,1) size 87x15
                      text run at (4,1) width 87: "Choose folder "
                RenderText {#text} at (0,0) size 0x0
