layer at (0,0) size 800x600
  RenderView at (0,0) size 800x600
layer at (0,0) size 800x600
  RenderBlock {HTML} at (0,0) size 800x600
    RenderBody {BODY} at (8,8) size 784x584
      RenderTable {TABLE} at (0,0) size 439x81 [border: (1px outset #808080)]
        RenderTableSection {TBODY} at (1,1) size 437x79
          RenderTableRow {TR} at (0,2) size 437x51
            RenderTableCell {TD} at (2,16) size 140x22 [border: (1px inset #808080)] [r=0 c=0 rs=1 cs=1]
              RenderText {#text} at (2,2) size 31x17
                text run at (2,2) width 31: "Blah"
            RenderTableCell {TD} at (144,2) size 291x51 [border: (1px inset #808080)] [r=0 c=1 rs=1 cs=1]
              RenderTable {TABLE} at (111.50,2) size 68x47 [border: (1px outset #808080)]
                RenderTableSection {TBODY} at (1,1) size 66x45
                  RenderTableRow {TR} at (0,2) size 66x41
                    RenderTableCell {TD} at (2,2) size 62x41 [border: (1px inset #808080)] [r=0 c=0 rs=1 cs=1]
                      RenderBlock {FORM} at (2,2) size 58x21
                        RenderButton {INPUT} at (0,0) size 57.50x21 [bgcolor=#C0C0C0] [border: (2px outset #C0C0C0)]
                          RenderBlock (anonymous) at (8,3) size 41.50x15
                            RenderText {#text} at (0,0) size 42x15
                              text run at (0,0) width 42: "Submit"
                        RenderText {#text} at (0,0) size 0x0
          RenderTableRow {TR} at (0,55) size 437x22
            RenderTableCell {TD} at (2,55) size 433x22 [border: (1px inset #808080)] [r=1 c=0 rs=1 cs=2]
              RenderText {#text} at (2,2) size 429x17
                text run at (2,2) width 429: "This line is only here to separate the two columns in the row above"
