layer at (0,0) size 800x600
  RenderView at (0,0) size 800x600
layer at (0,0) size 800x600
  RenderBlock {HTML} at (0,0) size 800x600
    RenderBody {BODY} at (8,8) size 784x576
      RenderBlock (anonymous) at (0,0) size 784x18
        RenderText {#text} at (0,0) size 270x17
          text run at (0,0) width 270: "The select should not contain blank items "
        RenderBR {BR} at (269,14) size 1x0
      RenderBlock {FORM} at (0,18) size 784x25
        RenderInline {B} at (0,0) size 48x17
          RenderText {#text} at (0,3) size 48x17
            text run at (0,3) width 48: "Search"
        RenderText {#text} at (47,3) size 5x17
          text run at (47,3) width 5: " "
        RenderTextControl {INPUT} at (53.09,2) size 130x21 [bgcolor=#FFFFFF] [border: (2px inset #EEEEEE)]
        RenderText {#text} at (185,3) size 5x17
          text run at (185,3) width 5: " "
        RenderMenuList {SELECT} at (191.09,3) size 76x19 [bgcolor=#FFFFFF] [border: (1px solid #A9A9A9)]
          RenderBlock (anonymous) at (1,1) size 74x17
            RenderText at (4,1) size 37x15
              text run at (4,1) width 37: "Excite"
        RenderText {#text} at (0,0) size 0x0
      RenderBlock (anonymous) at (0,59) size 784x36
        RenderBR {BR} at (0,0) size 0x17
        RenderText {#text} at (0,18) size 270x17
          text run at (0,18) width 270: "The select should not contain blank items "
        RenderBR {BR} at (269,32) size 1x0
      RenderBlock {FORM} at (0,95) size 784x23
        RenderMenuList {SELECT} at (2,2) size 237x19 [bgcolor=#FFFFFF] [border: (1px solid #A9A9A9)]
          RenderBlock (anonymous) at (1,1) size 235x17
            RenderText at (4,1) size 63x15
              text run at (4,1) width 63: "Quick Link"
layer at (63,31) size 126x15
  RenderBlock {DIV} at (2,3) size 126x15
