layer at (0,0) size 800x600
  RenderView at (0,0) size 800x600
layer at (0,0) size 800x600
  RenderBlock {HTML} at (0,0) size 800x600
    RenderBody {BODY} at (8,8) size 784x584
      RenderTable {TABLE} at (0,0) size 471x144 [border: (1px outset #808080)]
        RenderTableSection {TBODY} at (1,1) size 469x142
          RenderTableRow {TR} at (0,0) size 469x142
            RenderTableCell {TD} at (0,0) size 469x142 [border: (1px inset #808080)] [r=0 c=0 rs=1 cs=1]
              RenderTable {TABLE} at (1,1) size 467x140 [border: (1px outset #808080)]
                RenderTableSection {TBODY} at (1,1) size 465x138
                  RenderTableRow {TR} at (0,1) size 465x28
                    RenderTableCell {TD} at (1,1) size 140x28 [border: (1px inset #808080)] [r=0 c=0 rs=1 cs=1]
                      RenderText {#text} at (5,5) size 130x17
                        text run at (5,5) width 130: "General Preferences"
                    RenderTableCell {TD} at (142,1) size 147x28 [border: (1px inset #808080)] [r=0 c=1 rs=1 cs=1]
                      RenderInline {A} at (0,0) size 137x17 [color=#0000EE]
                        RenderText {#text} at (5,5) size 137x17
                          text run at (5,5) width 137: "Groups / Permissions"
                    RenderTableCell {TD} at (290,1) size 72x28 [border: (1px inset #808080)] [r=0 c=2 rs=1 cs=1]
                      RenderInline {A} at (0,0) size 62x17 [color=#0000EE]
                        RenderText {#text} at (5,5) size 62x17
                          text run at (5,5) width 62: "Password"
                    RenderTableCell {TD} at (363,1) size 49x28 [border: (1px inset #808080)] [r=0 c=3 rs=1 cs=1]
                      RenderInline {A} at (0,0) size 39x17 [color=#0000EE]
                        RenderText {#text} at (5,5) size 39x17
                          text run at (5,5) width 39: "Email"
                    RenderTableCell {TD} at (413,1) size 51x28 [border: (1px inset #808080)] [r=0 c=4 rs=1 cs=1]
                      RenderText {#text} at (5,5) size 41x17
                        text run at (5,5) width 41: "Views"
                  RenderTableRow {TR} at (0,30) size 465x107
                    RenderTableCell {TD} at (1,30) size 463x107 [border: (1px inset #808080)] [r=1 c=0 rs=1 cs=5]
                      RenderBlock (anonymous) at (5,5) size 453x18
                        RenderBR {BR} at (226,0) size 1x17
                      RenderTable {TABLE} at (72,23) size 319x79
                        RenderTableSection {TBODY} at (0,0) size 319x79
                          RenderTableRow {TR} at (0,2) size 319x75
                            RenderTableCell {TD} at (2,2) size 315x75 [r=0 c=0 rs=1 cs=1]
                              RenderBlock {FORM} at (1,1) size 313x57
                                RenderTable {TABLE} at (0,0) size 313x57 [border: (1px outset #808080)]
                                  RenderTableSection {TBODY} at (1,1) size 311x55
                                    RenderTableRow {TR} at (0,0) size 311x55
                                      RenderTableCell {TD} at (0,0) size 311x55 [border: (1px inset #808080)] [r=0 c=0 rs=1 cs=1]
                                        RenderBlock (anonymous) at (1,1) size 309x18
                                          RenderText {#text} at (100,0) size 109x17
                                            text run at (100,0) width 109: "User Preferences"
                                        RenderTable {TABLE} at (1,19) size 309x35 [border: (1px outset #808080)]
                                          RenderTableSection {TBODY} at (1,1) size 307x33
                                            RenderTableRow {TR} at (0,1) size 307x31
                                              RenderTableCell {TH} at (1,2) size 121x28 [border: (1px inset #808080)] [r=0 c=0 rs=1 cs=1]
                                                RenderInline {NOBR} at (0,0) size 111x17
                                                  RenderText {#text} at (5,5) size 111x17
                                                    text run at (5,5) width 111: "Email Address :"
                                              RenderTableCell {TD} at (123,1) size 183x31 [border: (1px inset #808080)] [r=0 c=1 rs=1 cs=1]
                                                RenderTextControl {INPUT} at (5,5) size 173x21 [bgcolor=#FFFFFF] [border: (2px inset #EEEEEE)]
                                                RenderText {#text} at (0,0) size 0x0
layer at (220,97) size 169x15 scrollWidth 215
  RenderBlock {DIV} at (2,3) size 169x15
    RenderText {#text} at (0,0) size 214x15
      text run at (0,0) width 214: "simon.king@pipinghotnetworks.com"
