layer at (0,0) size 800x600
  RenderView at (0,0) size 800x600
layer at (0,0) size 800x600
  RenderBlock {HTML} at (0,0) size 800x600
    RenderBody {BODY} at (8,8) size 784x576
      RenderBlock (anonymous) at (0,0) size 784x18
        RenderText {#text} at (0,0) size 245x17
          text run at (0,0) width 245: "The tables left position should be 250."
      RenderBlock {P} at (0,34) size 784x25
        RenderText {#text} at (0,3) size 36x17
          text run at (0,3) width 36: "Left: "
        RenderTextControl {INPUT} at (37.09,2) size 144x21 [bgcolor=#FFFFFF] [border: (2px inset #EEEEEE)]
      RenderBlock {P} at (0,75) size 784x25
        RenderText {#text} at (0,3) size 35x17
          text run at (0,3) width 35: "Top: "
        RenderTextControl {INPUT} at (36.22,2) size 144x21 [bgcolor=#FFFFFF] [border: (2px inset #EEEEEE)]
      RenderBlock {P} at (0,116) size 784x25
        RenderButton {INPUT} at (2,2) size 48.61x21 [bgcolor=#C0C0C0] [border: (2px outset #C0C0C0)]
          RenderBlock (anonymous) at (8,3) size 32.61x15
            RenderText {#text} at (0,0) size 33x15
              text run at (0,0) width 33: "Move"
layer at (47,47) size 140x15
  RenderBlock {DIV} at (2,3) size 140x15
    RenderText {#text} at (0,0) size 37x15
      text run at (0,0) width 37: "120px"
layer at (46,88) size 140x15
  RenderBlock {DIV} at (2,3) size 140x15
    RenderText {#text} at (0,0) size 37x15
      text run at (0,0) width 37: "120px"
layer at (250,120) size 30x48
  RenderTable {TABLE} at (250,120) size 30x48 [border: (1px outset #808080)]
    RenderTableSection {TBODY} at (1,1) size 28x46
      RenderTableRow {TR} at (0,2) size 28x20
        RenderTableCell {TD} at (2,2) size 24x20 [border: (1px inset #808080)] [r=0 c=0 rs=1 cs=1]
          RenderText {#text} at (1,1) size 22x17
            text run at (1,1) width 22: "foo"
      RenderTableRow {TR} at (0,24) size 28x20
        RenderTableCell {TD} at (2,24) size 24x20 [border: (1px inset #808080)] [r=1 c=0 rs=1 cs=1]
          RenderText {#text} at (1,1) size 21x17
            text run at (1,1) width 21: "bar"
