layer at (0,0) size 1018x600
  RenderView at (0,0) size 800x600
layer at (0,0) size 800x600
  RenderBlock {HTML} at (0,0) size 800x600
    RenderBody {BODY} at (8,8) size 784x584
      RenderTable {TABLE} at (0,0) size 1010x142 [border: (2px solid #0000FF)]
        RenderTableSection {TBODY} at (2,2) size 1006x138
          RenderTableRow {TR} at (0,2) size 1006x134
            RenderTableCell {TD} at (2,2) size 242x134 [border: (1px solid #C0C0C0)] [r=0 c=0 rs=1 cs=1]
              RenderTable {TABLE} at (2,2) size 238x130 [border: (2px solid #008000)]
                RenderTableSection {TBODY} at (2,2) size 234x126
                  RenderTableRow {TR} at (0,2) size 234x85
                    RenderTableCell {TD} at (2,2) size 230x85 [border: (1px solid #C0C0C0)] [r=0 c=0 rs=1 cs=1]
                      RenderTable {TABLE} at (2,2) size 156x33 [border: (2px solid #FF0000)]
                        RenderTableSection {TBODY} at (2,2) size 152x29
                          RenderTableRow {TR} at (0,2) size 152x25
                            RenderTableCell {TD} at (2,2) size 148x25 [border: (1px solid #C0C0C0)] [r=0 c=0 rs=1 cs=1]
                              RenderTextControl {INPUT} at (2,2) size 144x21 [bgcolor=#FFFFFF] [border: (2px inset #EEEEEE)]
                              RenderText {#text} at (0,0) size 0x0
                      RenderTable {TABLE} at (2,35) size 226x48 [border: (2px solid #FF0000)]
                        RenderTableSection {TBODY} at (2,2) size 222x44
                          RenderTableRow {TR} at (0,2) size 222x40
                            RenderTableCell {TD} at (2,2) size 218x40 [border: (1px solid #C0C0C0)] [r=0 c=0 rs=1 cs=1]
                              RenderText {#text} at (2,2) size 197x35
                                text run at (2,2) width 197: "THIS TABLE NEEDS TO BE"
                                text run at (2,20) width 42: "HERE"
                  RenderTableRow {TR} at (0,89) size 234x35
                    RenderTableCell {TD} at (2,89) size 230x35 [border: (1px solid #C0C0C0)] [r=1 c=0 rs=1 cs=1]
                      RenderTable {TABLE} at (2,2) size 226x31 [border: (2px solid #FF0000)]
                        RenderTableSection {TBODY} at (2,2) size 222x27
                          RenderTableRow {TR} at (0,2) size 222x23
                            RenderTableCell {TD} at (2,2) size 218x23 [border: (1px solid #C0C0C0)] [r=0 c=0 rs=1 cs=1]
                              RenderMenuList {SELECT} at (2,2) size 214x19 [bgcolor=#FFFFFF] [border: (1px solid #A9A9A9)]
                                RenderBlock (anonymous) at (1,1) size 212x17
                                  RenderText at (4,1) size 189x15
                                    text run at (4,1) width 189: "USE THIS JAVASCRIPT HERE"
                              RenderText {#text} at (0,0) size 0x0
            RenderTableCell {TD} at (246,2) size 758x40 [border: (1px solid #C0C0C0)] [r=0 c=1 rs=1 cs=1]
              RenderText {#text} at (2,2) size 754x35
                text run at (2,2) width 754: "KEEPoTHEoTEXToHEREoASoLONGoASoPOSSIBLEooKEEPoTHEoTEXToHEREoASoLONGoASoPOSSIBLE"
                text run at (2,20) width 608: "THIS SIMULATES THE PROBLEM ON THE WWW.MAPBLAST.COM/ \"CREATE MAP\""
layer at (28,29) size 140x15 scrollWidth 162
  RenderBlock {DIV} at (2,3) size 140x15
    RenderText {#text} at (0,0) size 162x15
      text run at (0,0) width 162: "THIS NEEDS THIS VALUE"
