layer at (0,0) size 800x600
  RenderView at (0,0) size 800x600
layer at (0,0) size 800x275
  RenderBlock {HTML} at (0,0) size 800x275
    RenderBody {BODY} at (8,16) size 784x251
      RenderBlock {P} at (0,0) size 784x20
        RenderText {#text} at (0,0) size 247x19
          text run at (0,0) width 247: "Test passes if the T is only big and green."
      RenderBlock {DIV} at (0,36) size 784x43
        RenderInline (generated) at (0,0) size 21x41 [color=#008000]
          RenderText {#text} at (0,1) size 21x41
            text run at (0,1) width 21: "T"
        RenderText {#text} at (21,18) size 22x19
          text run at (21,18) width 22: ")est"
      RenderBlock {DIV} at (0,79) size 784x43
        RenderInline (generated) at (0,0) size 21x41 [color=#008000]
          RenderText {#text} at (0,1) size 21x41
            text run at (0,1) width 21: "T"
        RenderText {#text} at (21,18) size 23x19
          text run at (21,18) width 23: "\x{201D}est"
      RenderBlock {DIV} at (0,122) size 784x43
        RenderInline (generated) at (0,0) size 21x41 [color=#008000]
          RenderText {#text} at (0,1) size 21x41
            text run at (0,1) width 21: "T"
        RenderText {#text} at (21,18) size 28x19
          text run at (21,18) width 28: " \x{BB}est"
      RenderBlock {DIV} at (0,165) size 784x43
        RenderInline (generated) at (0,0) size 21x41 [color=#008000]
          RenderText {#text} at (0,1) size 21x41
            text run at (0,1) width 21: "T"
        RenderText {#text} at (21,18) size 44x19
          text run at (21,18) width 44: " \x{BB}    est"
      RenderBlock {DIV} at (0,208) size 784x43
        RenderInline (generated) at (0,0) size 21x41 [color=#008000]
          RenderText {#text} at (0,1) size 21x41
            text run at (0,1) width 21: "T"
        RenderText {#text} at (21,18) size 47x19
          text run at (21,18) width 47: "@@est"
