layer at (0,0) size 800x600
  RenderView at (0,0) size 800x600
layer at (0,0) size 800x600
  RenderBlock {HTML} at (0,0) size 800x600
    RenderBody {BODY} at (8,8) size 784x584
      RenderBlock {P} at (0,0) size 784x36
        RenderText {#text} at (0,0) size 465x18
          text run at (0,0) width 465: "This tests that bidirectional text is correctly rendered in list box controls."
        RenderBR {BR} at (464,14) size 1x0
        RenderText {#text} at (0,18) size 578x18
          text run at (0,18) width 578: "The order of the text below each list box should match the order of the select's option text."
      RenderBlock (anonymous) at (0,52) size 784x75
        RenderText {#text} at (0,0) size 102x18
          text run at (0,0) width 102: "1) direction: rtl;"
        RenderBR {BR} at (101,14) size 1x0
        RenderBR {BR} at (76,72) size 1x0
      RenderBlock {DIV} at (0,127) size 100x19
        RenderText {#text} at (18,1) size 82x18
          text run at (18,1) width 60 RTL: "\x{5D0}\x{5E4}\x{5E8}\x{5E1}\x{5DE}\x{5D5}\x{5DF}"
          text run at (77,1) width 23: "abc"
      RenderBlock (anonymous) at (0,146) size 784x93
        RenderBR {BR} at (0,0) size 0x18
        RenderText {#text} at (0,18) size 102x18
          text run at (0,18) width 102: "2) direction: ltr;"
        RenderBR {BR} at (101,32) size 1x0
        RenderBR {BR} at (76,90) size 1x0
      RenderBlock {DIV} at (0,239) size 100x19
        RenderText {#text} at (0,1) size 82x18
          text run at (0,1) width 23: "abc"
          text run at (22,1) width 60 RTL: "\x{5D0}\x{5E4}\x{5E8}\x{5E1}\x{5DE}\x{5D5}\x{5DF}"
      RenderBlock (anonymous) at (0,258) size 784x93
        RenderBR {BR} at (0,0) size 0x18
        RenderText {#text} at (0,18) size 72x18
          text run at (0,18) width 72: "3) No style"
        RenderBR {BR} at (71,32) size 1x0
        RenderBR {BR} at (76,90) size 1x0
      RenderBlock {DIV} at (0,351) size 100x19
        RenderText {#text} at (0,1) size 82x18
          text run at (0,1) width 23: "abc"
          text run at (22,1) width 60 RTL: "\x{5D0}\x{5E4}\x{5E8}\x{5E1}\x{5DE}\x{5D5}\x{5DF}"
      RenderBlock (anonymous) at (0,370) size 784x18
        RenderBR {BR} at (0,0) size 0x18
layer at (8,77) size 77x59 clip at (20,78) size 64x57 scrollHeight 56
  RenderListBox {SELECT} at (0,17.25) size 76.50x58.75 [bgcolor=#FFFFFF] [border: (1px solid #999999)]
    RenderBlock {OPTION} at (12,1) size 63.50x14.19
      RenderText {#text} at (2,0) size 60x13
        text run at (2,0) width 41 RTL: "\x{5D0}\x{5E4}\x{5E8}\x{5E1}\x{5DE}\x{5D5}\x{5DF}"
        text run at (42,0) width 20: "abc"
layer at (8,189) size 77x59 clip at (9,190) size 64x57 scrollHeight 56
  RenderListBox {SELECT} at (0,35.25) size 76.50x58.75 [bgcolor=#FFFFFF] [border: (1px solid #999999)]
    RenderBlock {OPTION} at (1,1) size 63.50x14.19
      RenderText {#text} at (2,0) size 60x13
        text run at (2,0) width 19: "abc"
        text run at (20,0) width 42 RTL: "\x{5D0}\x{5E4}\x{5E8}\x{5E1}\x{5DE}\x{5D5}\x{5DF}"
layer at (8,301) size 77x59 clip at (9,302) size 64x57 scrollHeight 56
  RenderListBox {SELECT} at (0,35.25) size 76.50x58.75 [bgcolor=#FFFFFF] [border: (1px solid #999999)]
    RenderBlock {OPTION} at (1,1) size 63.50x14.19
      RenderText {#text} at (2,0) size 60x13
        text run at (2,0) width 19: "abc"
        text run at (20,0) width 42 RTL: "\x{5D0}\x{5E4}\x{5E8}\x{5E1}\x{5DE}\x{5D5}\x{5DF}"
