layer at (0,0) size 800x600 scrollWidth 843
  RenderView at (0,0) size 800x600
layer at (0,0) size 800x460
  RenderBlock {HTML} at (0,0) size 800x460
    RenderBody {BODY} at (8,17.59) size 784x424.81
layer at (8,18) size 835x425 backgroundClip at (0,0) size 800x600 clip at (0,0) size 800x600 outlineClip at (0,0) size 800x600
  RenderBlock {DIV} at (0,0) size 835x424.81 [border: (5px solid #800000)]
    RenderBlock (anonymous multi-column span) at (5,5) size 825x74.81
      RenderBlock {H2} at (0,21.91) size 825x31 [bgcolor=#EEEEEE]
        RenderText {#text} at (0,0) size 743x30
          text run at (0,0) width 743: "This is a spanning element at the beginning of the columns block."
layer at (13,97) size 825x340 backgroundClip at (0,0) size 800x600 clip at (0,0) size 800x600 outlineClip at (0,0) size 800x600
  RenderBlock (anonymous multi-column) at (5,79.81) size 825x340
    RenderText {#text} at (0,0) size 401x679
      text run at (0,0) width 390: "Lorem ipsum dolor sit amet, consectetuer adipiscing elit."
      text run at (0,20) width 381: "Nulla varius enim ac mi. Curabitur sollicitudin felis quis"
      text run at (0,40) width 396: "lectus. Quisque adipiscing rhoncus sem. Proin nulla purus,"
      text run at (0,60) width 394: "vulputate vel, varius ut, euismod et, nisi. Sed vitae felis vel"
      text run at (0,80) width 387: "orci sagittis aliquam. Cras convallis adipiscing sem. Nam"
      text run at (0,100) width 339: "nonummy enim. Nullam bibendum lobortis neque."
      text run at (0,120) width 360: "Vestibulum velit orci, tempus euismod, pretium quis,"
      text run at (0,140) width 337: "interdum vitae, nulla. Phasellus eget ante et tortor"
      text run at (0,160) width 396: "condimentum vestibulum. Suspendisse hendrerit quam nec"
      text run at (0,180) width 384: "felis. Sed varius turpis vitae pede. Lorem ipsum dolor sit"
      text run at (0,200) width 237: "amet, consectetuer adipiscing elit. "
      text run at (237,200) width 153: "Lorem ipsum dolor sit"
      text run at (0,220) width 401: "amet, consectetuer adipiscing elit. Nulla varius enim ac mi."
      text run at (0,240) width 395: "Curabitur sollicitudin felis quis lectus. Quisque adipiscing"
      text run at (0,260) width 372: "rhoncus sem. Proin nulla purus, vulputate vel, varius ut,"
      text run at (0,280) width 382: "euismod et, nisi. Sed vitae felis vel orci sagittis aliquam."
      text run at (0,300) width 354: "Cras convallis adipiscing sem. Nam nonummy enim."
      text run at (0,320) width 378: "Nullam bibendum lobortis neque. Vestibulum velit orci,"
      text run at (0,340) width 354: "tempus euismod, pretium quis, interdum vitae, nulla."
      text run at (0,360) width 370: "Phasellus eget ante et tortor condimentum vestibulum."
      text run at (0,380) width 372: "Suspendisse hendrerit quam nec felis. Sed varius turpis"
      text run at (0,400) width 362: "vitae pede. Lorem ipsum dolor sit amet, consectetuer"
      text run at (0,420) width 104: "adipiscing elit. "
      text run at (104,420) width 286: "Lorem ipsum dolor sit amet, consectetuer"
      text run at (0,440) width 336: "adipiscing elit. Nulla varius enim ac mi. Curabitur"
      text run at (0,460) width 385: "sollicitudin felis quis lectus. Quisque adipiscing rhoncus"
      text run at (0,480) width 397: "sem. Proin nulla purus, vulputate vel, varius ut, euismod et,"
      text run at (0,500) width 399: "nisi. Sed vitae felis vel orci sagittis aliquam. Cras convallis"
      text run at (0,520) width 378: "adipiscing sem. Nam nonummy enim. Nullam bibendum"
      text run at (0,540) width 373: "lobortis neque. Vestibulum velit orci, tempus euismod,"
      text run at (0,560) width 386: "pretium quis, interdum vitae, nulla. Phasellus eget ante et"
      text run at (0,580) width 372: "tortor condimentum vestibulum. Suspendisse hendrerit"
      text run at (0,600) width 390: "quam nec felis. Sed varius turpis vitae pede. Lorem ipsum"
      text run at (0,620) width 299: "dolor sit amet, consectetuer adipiscing elit. "
      text run at (299,620) width 91: "Lorem ipsum"
      text run at (0,640) width 380: "dolor sit amet, consectetuer adipiscing elit. Nulla varius"
      text run at (0,660) width 79: "enim ac mi."
