EDITING DELEGATE: webViewDidChangeSelection:WebViewDidChangeSelectionNotification
EDITING DELEGATE: webViewDidChangeSelection:WebViewDidChangeSelectionNotification
EDITING DELEGATE: webViewDidChangeSelection:WebViewDidChangeSelectionNotification
layer at (0,0) size 800x600
  RenderView at (0,0) size 800x600
layer at (0,0) size 800x600
  RenderBlock {HTML} at (0,0) size 800x600
    RenderBody {BODY} at (8,8) size 784x584
      RenderBlock {P} at (0,0) size 784x18
        RenderText {#text} at (0,0) size 578x17
          text run at (0,0) width 271: "This tests caret movement across buttons. "
          text run at (270,0) width 308: "The caret should be just after the second button."
      RenderBlock {DIV} at (0,34) size 784x25
        RenderButton {INPUT} at (2,2) size 38.98x21 [bgcolor=#C0C0C0] [border: (2px outset #C0C0C0)]
          RenderBlock (anonymous) at (8,3) size 22.98x15
            RenderText {#text} at (0,0) size 23x15
              text run at (0,0) width 23: "Foo"
        RenderButton {INPUT} at (44.98,2) size 36.75x21 [bgcolor=#C0C0C0] [border: (2px outset #C0C0C0)]
          RenderBlock (anonymous) at (8,3) size 20.75x15
            RenderText {#text} at (0,0) size 21x15
              text run at (0,0) width 21: "Bar"
        RenderText {#text} at (0,0) size 0x0
caret: position 1 of child 2 {INPUT} of child 2 {DIV} of body
