layer at (0,0) size 800x600
  RenderView at (0,0) size 800x600
layer at (0,0) size 800x600
  RenderBlock {HTML} at (0,0) size 800x600
    RenderBody {BODY} at (8,8) size 784x576
      RenderBlock {P} at (0,0) size 784x18
        RenderText {#text} at (0,0) size 53x18
          text run at (0,0) width 53: "Test for "
        RenderInline {I} at (0,0) size 715x18
          RenderInline {A} at (0,0) size 157x18 [color=#0000EE]
            RenderText {#text} at (53,0) size 157x18
              text run at (53,0) width 157: "http://crbug.com/373389"
          RenderText {#text} at (210,0) size 558x18
            text run at (210,0) width 4: " "
            text run at (214,0) width 554: "When a webfont is missing a glyph, synthesization from the fallback font isn't happening"
        RenderText {#text} at (768,0) size 4x18
          text run at (768,0) width 4: "."
      RenderBlock {P} at (0,34) size 784x38
        RenderText {#text} at (0,17) size 187x18
          text run at (0,17) width 187: "A synthesized oblique bullet: "
        RenderInline {SPAN} at (0,0) size 19x32
          RenderText {#text} at (187,5) size 19x32
            text run at (187,5) width 19: "\x{25CF}"
        RenderText {#text} at (0,0) size 0x0
