layer at (0,0) size 800x600
  RenderView at (0,0) size 800x600
layer at (0,0) size 800x600
  RenderBlock {HTML} at (0,0) size 800x600
    RenderBody {BODY} at (8,8) size 784x584
      RenderBlock {P} at (0,0) size 784x18
        RenderText {#text} at (0,0) size 414x18
          text run at (0,0) width 414: "Test appearances of input-speech-button in <input type='search'>."
      RenderBlock {DIV} at (0,34) size 784x0
      RenderBlock {DIV} at (0,34) size 784x435
        RenderTable {TABLE} at (0,0) size 451x435
          RenderTableSection {TBODY} at (0,0) size 451x435
            RenderTableRow {TR} at (0,2) size 451x431
              RenderTableCell {TD} at (2,2) size 131x431 [r=0 c=0 rs=1 cs=1]
                RenderBlock {DIV} at (1,1) size 129x429
                  RenderTextControl {INPUT} at (0,0) size 100x17 [bgcolor=#FFFFFF] [border: (2px inset #000000)]
                    RenderFlexibleBox {DIV} at (3,3) size 94x11
                      RenderBlock {DIV} at (0,1) size 7x9
                      RenderBlock {DIV} at (7,0) size 65x11
                      RenderBlock {DIV} at (74,1) size 9x9
                      RenderBlock {DIV} at (83,0) size 11x11
                  RenderBR {BR} at (100,12) size 0x0
                  RenderTextControl {INPUT} at (0,17) size 100x17 [bgcolor=#FFFFFF] [border: (2px inset #000000)]
                    RenderFlexibleBox {DIV} at (3,3) size 94x11
                      RenderBlock {DIV} at (0,1) size 7x9
                      RenderBlock {DIV} at (7,0) size 76x11
                      RenderBlock {DIV} at (85,1) size 9x9
                  RenderBR {BR} at (100,29) size 0x0
                  RenderTextControl {INPUT} at (0,34) size 100x17 [bgcolor=#FFFFFF] [border: (2px inset #000000)]
                    RenderFlexibleBox {DIV} at (3,3) size 94x11
                      RenderBlock {DIV} at (0,1) size 7x9
                      RenderBlock {DIV} at (7,0) size 65x11
                      RenderBlock {DIV} at (74,1) size 9x9
                      RenderBlock {DIV} at (83,0) size 11x11
                  RenderBR {BR} at (100,46) size 0x0
                  RenderTextControl {INPUT} at (0,51) size 100x17 [bgcolor=#FFFFFF] [border: (2px inset #000000)]
                    RenderFlexibleBox {DIV} at (3,3) size 94x11
                      RenderBlock {DIV} at (0,1) size 7x9
                      RenderBlock {DIV} at (7,0) size 65x11
                      RenderBlock {DIV} at (74,1) size 9x9
                      RenderBlock {DIV} at (83,0) size 11x11
                  RenderBR {BR} at (100,63) size 0x0
                  RenderTextControl {INPUT} at (0,68) size 100x17 [bgcolor=#FFFFFF] [border: (2px inset #000000)]
                    RenderFlexibleBox {DIV} at (3,3) size 94x11
                      RenderBlock {DIV} at (0,1) size 7x9
                      RenderBlock {DIV} at (7,0) size 76x11
                      RenderBlock {DIV} at (85,1) size 9x9
                  RenderBR {BR} at (100,80) size 0x0
                  RenderTextControl {INPUT} at (0,85) size 100x17 [bgcolor=#FFFFFF] [border: (2px inset #000000)]
                    RenderFlexibleBox {DIV} at (3,3) size 94x11
                      RenderBlock {DIV} at (0,1) size 7x9
                      RenderBlock {DIV} at (7,0) size 65x11
                      RenderBlock {DIV} at (74,1) size 9x9
                      RenderBlock {DIV} at (83,0) size 11x11
                  RenderBR {BR} at (100,97) size 0x0
                  RenderTextControl {INPUT} at (0,102) size 100x17 [bgcolor=#FFFFFF] [border: (2px inset #000000)]
                    RenderFlexibleBox {DIV} at (3,3) size 94x11
                      RenderBlock {DIV} at (0,1) size 7x9
                      RenderBlock {DIV} at (7,0) size 65x11
                      RenderBlock {DIV} at (74,1) size 9x9
                      RenderBlock {DIV} at (83,0) size 11x11
                  RenderBR {BR} at (100,114) size 0x0
                  RenderTextControl {INPUT} at (0,119) size 100x17 [bgcolor=#FFFFFF] [border: (2px inset #000000)]
                    RenderFlexibleBox {DIV} at (3,3) size 94x11
                      RenderBlock {DIV} at (0,1) size 7x9
                      RenderBlock {DIV} at (7,0) size 76x11
                      RenderBlock {DIV} at (85,1) size 9x9
                  RenderBR {BR} at (100,131) size 0x0
                  RenderTextControl {INPUT} at (0,136) size 100x17 [bgcolor=#FFFFFF] [border: (2px inset #000000)]
                    RenderFlexibleBox {DIV} at (3,3) size 94x11
                      RenderBlock {DIV} at (0,1) size 7x9
                      RenderBlock {DIV} at (7,0) size 65x11
                      RenderBlock {DIV} at (74,1) size 9x9
                      RenderBlock {DIV} at (83,0) size 11x11
                  RenderBR {BR} at (100,148) size 0x0
                  RenderTextControl {INPUT} at (2,155) size 125x19 [bgcolor=#FFFFFF] [border: (2px inset #000000)]
                    RenderFlexibleBox {DIV} at (4,2) size 117x15
                      RenderBlock {DIV} at (0,1) size 7x12
                      RenderBlock {DIV} at (7,0) size 83x14
                      RenderBlock {DIV} at (92,1) size 11x12
                      RenderBlock {DIV} at (103,0) size 14x14
                  RenderBR {BR} at (129,168) size 0x0
                  RenderTextControl {INPUT} at (2,178) size 125x19 [bgcolor=#FFFFFF] [border: (2px inset #000000)]
                    RenderFlexibleBox {DIV} at (4,3) size 117x13
                      RenderBlock {DIV} at (0,1) size 7x11
                      RenderBlock {DIV} at (7,0) size 97x13
                      RenderBlock {DIV} at (106,1) size 11x11
                  RenderBR {BR} at (129,192) size 0x0
                  RenderTextControl {INPUT} at (2,201) size 125x19 [bgcolor=#FFFFFF] [border: (2px inset #000000)]
                    RenderFlexibleBox {DIV} at (4,2) size 117x15
                      RenderBlock {DIV} at (0,1) size 7x12
                      RenderBlock {DIV} at (7,0) size 83x14
                      RenderBlock {DIV} at (92,1) size 11x12
                      RenderBlock {DIV} at (103,0) size 14x14
                  RenderBR {BR} at (129,214) size 0x0
                  RenderTextControl {INPUT} at (2,224) size 125x19 [bgcolor=#FFFFFF] [border: (2px inset #000000)]
                    RenderFlexibleBox {DIV} at (4,2) size 117x15
                      RenderBlock {DIV} at (0,1) size 7x12
                      RenderBlock {DIV} at (7,0) size 83x14
                      RenderBlock {DIV} at (92,1) size 11x12
                      RenderBlock {DIV} at (103,0) size 14x14
                  RenderBR {BR} at (129,237) size 0x0
                  RenderTextControl {INPUT} at (2,247) size 125x19 [bgcolor=#FFFFFF] [border: (2px inset #000000)]
                    RenderFlexibleBox {DIV} at (4,3) size 117x13
                      RenderBlock {DIV} at (0,1) size 7x11
                      RenderBlock {DIV} at (7,0) size 97x13
                      RenderBlock {DIV} at (106,1) size 11x11
                  RenderBR {BR} at (129,261) size 0x0
                  RenderTextControl {INPUT} at (2,270) size 125x19 [bgcolor=#FFFFFF] [border: (2px inset #000000)]
                    RenderFlexibleBox {DIV} at (4,2) size 117x15
                      RenderBlock {DIV} at (0,1) size 7x12
                      RenderBlock {DIV} at (7,0) size 83x14
                      RenderBlock {DIV} at (92,1) size 11x12
                      RenderBlock {DIV} at (103,0) size 14x14
                  RenderBR {BR} at (129,283) size 0x0
                  RenderTextControl {INPUT} at (2,293) size 125x19 [bgcolor=#FFFFFF] [border: (2px inset #000000)]
                    RenderFlexibleBox {DIV} at (4,2) size 117x15
                      RenderBlock {DIV} at (0,1) size 7x12
                      RenderBlock {DIV} at (7,0) size 83x14
                      RenderBlock {DIV} at (92,1) size 11x12
                      RenderBlock {DIV} at (103,0) size 14x14
                  RenderBR {BR} at (129,306) size 0x0
                  RenderTextControl {INPUT} at (2,316) size 125x19 [bgcolor=#FFFFFF] [border: (2px inset #000000)]
                    RenderFlexibleBox {DIV} at (4,3) size 117x13
                      RenderBlock {DIV} at (0,1) size 7x11
                      RenderBlock {DIV} at (7,0) size 97x13
                      RenderBlock {DIV} at (106,1) size 11x11
                  RenderBR {BR} at (129,330) size 0x0
                  RenderTextControl {INPUT} at (2,339) size 125x19 [bgcolor=#FFFFFF] [border: (2px inset #000000)]
                    RenderFlexibleBox {DIV} at (4,2) size 117x15
                      RenderBlock {DIV} at (0,1) size 7x12
                      RenderBlock {DIV} at (7,0) size 83x14
                      RenderBlock {DIV} at (92,1) size 11x12
                      RenderBlock {DIV} at (103,0) size 14x14
                  RenderBR {BR} at (129,352) size 0x0
                  RenderTextControl {INPUT} at (2,362) size 125x19 [bgcolor=#FFFFFF] [border: (2px inset #000000)]
                    RenderFlexibleBox {DIV} at (4,2) size 117x15
                      RenderBlock {DIV} at (0,1) size 7x12
                      RenderBlock {DIV} at (7,0) size 83x14
                      RenderBlock {DIV} at (92,1) size 11x12
                      RenderBlock {DIV} at (103,0) size 14x14
                  RenderBR {BR} at (129,375) size 0x0
                  RenderTextControl {INPUT} at (2,385) size 125x19 [bgcolor=#FFFFFF] [border: (2px inset #000000)]
                    RenderFlexibleBox {DIV} at (4,3) size 117x13
                      RenderBlock {DIV} at (0,1) size 7x11
                      RenderBlock {DIV} at (7,0) size 97x13
                      RenderBlock {DIV} at (106,1) size 11x11
                  RenderBR {BR} at (129,399) size 0x0
                  RenderTextControl {INPUT} at (2,408) size 125x19 [bgcolor=#FFFFFF] [border: (2px inset #000000)]
                    RenderFlexibleBox {DIV} at (4,2) size 117x15
                      RenderBlock {DIV} at (0,1) size 7x12
                      RenderBlock {DIV} at (7,0) size 83x14
                      RenderBlock {DIV} at (92,1) size 11x12
                      RenderBlock {DIV} at (103,0) size 14x14
                  RenderBR {BR} at (129,421) size 0x0
              RenderTableCell {TD} at (135,26) size 156x383 [r=0 c=1 rs=1 cs=1]
                RenderBlock {DIV} at (1,1) size 154x381
                  RenderTextControl {INPUT} at (2,2) size 125x19 [bgcolor=#FFFFFF] [border: (2px inset #000000)]
                    RenderFlexibleBox {DIV} at (4,2) size 117x15
                      RenderBlock {DIV} at (0,1) size 7x12
                      RenderBlock {DIV} at (7,0) size 83x14
                      RenderBlock {DIV} at (92,1) size 11x12
                      RenderBlock {DIV} at (103,0) size 14x14
                  RenderBR {BR} at (129,15) size 0x0
                  RenderTextControl {INPUT} at (2,25) size 125x19 [bgcolor=#FFFFFF] [border: (2px inset #000000)]
                    RenderFlexibleBox {DIV} at (4,3) size 117x13
                      RenderBlock {DIV} at (0,1) size 7x11
                      RenderBlock {DIV} at (7,0) size 97x13
                      RenderBlock {DIV} at (106,1) size 11x11
                  RenderBR {BR} at (129,39) size 0x0
                  RenderTextControl {INPUT} at (2,48) size 125x19 [bgcolor=#FFFFFF] [border: (2px inset #000000)]
                    RenderFlexibleBox {DIV} at (4,2) size 117x15
                      RenderBlock {DIV} at (0,1) size 7x12
                      RenderBlock {DIV} at (7,0) size 83x14
                      RenderBlock {DIV} at (92,1) size 11x12
                      RenderBlock {DIV} at (103,0) size 14x14
                  RenderBR {BR} at (129,61) size 0x0
                  RenderTextControl {INPUT} at (2,71) size 150x22 [bgcolor=#FFFFFF] [border: (2px inset #000000)]
                    RenderFlexibleBox {DIV} at (5,3) size 140x16
                      RenderBlock {DIV} at (0,1) size 7x14
                      RenderBlock {DIV} at (7,0) size 101x16
                      RenderBlock {DIV} at (110,1) size 14x14
                      RenderBlock {DIV} at (124,0) size 16x16
                  RenderBR {BR} at (154,87) size 0x0
                  RenderTextControl {INPUT} at (2,97) size 150x22 [bgcolor=#FFFFFF] [border: (2px inset #000000)]
                    RenderFlexibleBox {DIV} at (5,3) size 140x16
                      RenderBlock {DIV} at (0,1) size 7x14
                      RenderBlock {DIV} at (7,0) size 117x16
                      RenderBlock {DIV} at (126,1) size 14x14
                  RenderBR {BR} at (154,113) size 0x0
                  RenderTextControl {INPUT} at (2,123) size 150x22 [bgcolor=#FFFFFF] [border: (2px inset #000000)]
                    RenderFlexibleBox {DIV} at (5,3) size 140x16
                      RenderBlock {DIV} at (0,1) size 7x14
                      RenderBlock {DIV} at (7,0) size 101x16
                      RenderBlock {DIV} at (110,1) size 14x14
                      RenderBlock {DIV} at (124,0) size 16x16
                  RenderBR {BR} at (154,139) size 0x0
                  RenderTextControl {INPUT} at (2,149) size 150x22 [bgcolor=#FFFFFF] [border: (2px inset #000000)]
                    RenderFlexibleBox {DIV} at (5,3) size 140x16
                      RenderBlock {DIV} at (0,1) size 7x14
                      RenderBlock {DIV} at (7,0) size 101x16
                      RenderBlock {DIV} at (110,1) size 14x14
                      RenderBlock {DIV} at (124,0) size 16x16
                  RenderBR {BR} at (154,165) size 0x0
                  RenderTextControl {INPUT} at (2,175) size 150x22 [bgcolor=#FFFFFF] [border: (2px inset #000000)]
                    RenderFlexibleBox {DIV} at (5,3) size 140x16
                      RenderBlock {DIV} at (0,1) size 7x14
                      RenderBlock {DIV} at (7,0) size 117x16
                      RenderBlock {DIV} at (126,1) size 14x14
                  RenderBR {BR} at (154,191) size 0x0
                  RenderTextControl {INPUT} at (2,201) size 150x22 [bgcolor=#FFFFFF] [border: (2px inset #000000)]
                    RenderFlexibleBox {DIV} at (5,3) size 140x16
                      RenderBlock {DIV} at (0,1) size 7x14
                      RenderBlock {DIV} at (7,0) size 101x16
                      RenderBlock {DIV} at (110,1) size 14x14
                      RenderBlock {DIV} at (124,0) size 16x16
                  RenderBR {BR} at (154,217) size 0x0
                  RenderTextControl {INPUT} at (2,227) size 150x22 [bgcolor=#FFFFFF] [border: (2px inset #000000)]
                    RenderFlexibleBox {DIV} at (5,3) size 140x16
                      RenderBlock {DIV} at (0,1) size 7x14
                      RenderBlock {DIV} at (7,0) size 101x16
                      RenderBlock {DIV} at (110,1) size 14x14
                      RenderBlock {DIV} at (124,0) size 16x16
                  RenderBR {BR} at (154,243) size 0x0
                  RenderTextControl {INPUT} at (2,253) size 150x22 [bgcolor=#FFFFFF] [border: (2px inset #000000)]
                    RenderFlexibleBox {DIV} at (5,3) size 140x16
                      RenderBlock {DIV} at (0,1) size 7x14
                      RenderBlock {DIV} at (7,0) size 117x16
                      RenderBlock {DIV} at (126,1) size 14x14
                  RenderBR {BR} at (154,269) size 0x0
                  RenderTextControl {INPUT} at (2,279) size 150x22 [bgcolor=#FFFFFF] [border: (2px inset #000000)]
                    RenderFlexibleBox {DIV} at (5,3) size 140x16
                      RenderBlock {DIV} at (0,1) size 7x14
                      RenderBlock {DIV} at (7,0) size 101x16
                      RenderBlock {DIV} at (110,1) size 14x14
                      RenderBlock {DIV} at (124,0) size 16x16
                  RenderBR {BR} at (154,295) size 0x0
                  RenderTextControl {INPUT} at (2,305) size 150x22 [bgcolor=#FFFFFF] [border: (2px inset #000000)]
                    RenderFlexibleBox {DIV} at (5,3) size 140x16
                      RenderBlock {DIV} at (0,1) size 7x14
                      RenderBlock {DIV} at (7,0) size 101x16
                      RenderBlock {DIV} at (110,1) size 14x14
                      RenderBlock {DIV} at (124,0) size 16x16
                  RenderBR {BR} at (154,321) size 0x0
                  RenderTextControl {INPUT} at (2,331) size 150x22 [bgcolor=#FFFFFF] [border: (2px inset #000000)]
                    RenderFlexibleBox {DIV} at (5,3) size 140x16
                      RenderBlock {DIV} at (0,1) size 7x14
                      RenderBlock {DIV} at (7,0) size 117x16
                      RenderBlock {DIV} at (126,1) size 14x14
                  RenderBR {BR} at (154,347) size 0x0
                  RenderTextControl {INPUT} at (2,357) size 150x22 [bgcolor=#FFFFFF] [border: (2px inset #000000)]
                    RenderFlexibleBox {DIV} at (5,3) size 140x16
                      RenderBlock {DIV} at (0,1) size 7x14
                      RenderBlock {DIV} at (7,0) size 101x16
                      RenderBlock {DIV} at (110,1) size 14x14
                      RenderBlock {DIV} at (124,0) size 16x16
                  RenderBR {BR} at (154,373) size 0x0
              RenderTableCell {TD} at (293,60) size 156x314 [r=0 c=2 rs=1 cs=1]
                RenderBlock {DIV} at (1,1) size 154x312
                  RenderTextControl {INPUT} at (2,2) size 150x22 [bgcolor=#FFFFFF] [border: (2px inset #000000)]
                    RenderFlexibleBox {DIV} at (5,3) size 140x16
                      RenderBlock {DIV} at (0,1) size 7x14
                      RenderBlock {DIV} at (7,0) size 101x16
                      RenderBlock {DIV} at (110,1) size 14x14
                      RenderBlock {DIV} at (124,0) size 16x16
                  RenderBR {BR} at (154,18) size 0x0
                  RenderTextControl {INPUT} at (2,28) size 150x22 [bgcolor=#FFFFFF] [border: (2px inset #000000)]
                    RenderFlexibleBox {DIV} at (5,3) size 140x16
                      RenderBlock {DIV} at (0,1) size 7x14
                      RenderBlock {DIV} at (7,0) size 117x16
                      RenderBlock {DIV} at (126,1) size 14x14
                  RenderBR {BR} at (154,44) size 0x0
                  RenderTextControl {INPUT} at (2,54) size 150x22 [bgcolor=#FFFFFF] [border: (2px inset #000000)]
                    RenderFlexibleBox {DIV} at (5,3) size 140x16
                      RenderBlock {DIV} at (0,1) size 7x14
                      RenderBlock {DIV} at (7,0) size 101x16
                      RenderBlock {DIV} at (110,1) size 14x14
                      RenderBlock {DIV} at (124,0) size 16x16
                  RenderBR {BR} at (154,70) size 0x0
                  RenderTextControl {INPUT} at (2,80) size 150x22 [bgcolor=#FFFFFF] [border: (2px inset #000000)]
                    RenderFlexibleBox {DIV} at (5,3) size 140x16
                      RenderBlock {DIV} at (0,1) size 7x14
                      RenderBlock {DIV} at (7,0) size 101x16
                      RenderBlock {DIV} at (110,1) size 14x14
                      RenderBlock {DIV} at (124,0) size 16x16
                  RenderBR {BR} at (154,96) size 0x0
                  RenderTextControl {INPUT} at (2,106) size 150x22 [bgcolor=#FFFFFF] [border: (2px inset #000000)]
                    RenderFlexibleBox {DIV} at (5,3) size 140x16
                      RenderBlock {DIV} at (0,1) size 7x14
                      RenderBlock {DIV} at (7,0) size 117x16
                      RenderBlock {DIV} at (126,1) size 14x14
                  RenderBR {BR} at (154,122) size 0x0
                  RenderTextControl {INPUT} at (2,132) size 150x22 [bgcolor=#FFFFFF] [border: (2px inset #000000)]
                    RenderFlexibleBox {DIV} at (5,3) size 140x16
                      RenderBlock {DIV} at (0,1) size 7x14
                      RenderBlock {DIV} at (7,0) size 101x16
                      RenderBlock {DIV} at (110,1) size 14x14
                      RenderBlock {DIV} at (124,0) size 16x16
                  RenderBR {BR} at (154,148) size 0x0
                  RenderTextControl {INPUT} at (2,158) size 150x22 [bgcolor=#FFFFFF] [border: (2px inset #000000)]
                    RenderFlexibleBox {DIV} at (5,3) size 140x16
                      RenderBlock {DIV} at (0,1) size 7x14
                      RenderBlock {DIV} at (7,0) size 101x16
                      RenderBlock {DIV} at (110,1) size 14x14
                      RenderBlock {DIV} at (124,0) size 16x16
                  RenderBR {BR} at (154,174) size 0x0
                  RenderTextControl {INPUT} at (2,184) size 150x22 [bgcolor=#FFFFFF] [border: (2px inset #000000)]
                    RenderFlexibleBox {DIV} at (5,3) size 140x16
                      RenderBlock {DIV} at (0,1) size 7x14
                      RenderBlock {DIV} at (7,0) size 117x16
                      RenderBlock {DIV} at (126,1) size 14x14
                  RenderBR {BR} at (154,200) size 0x0
                  RenderTextControl {INPUT} at (2,210) size 150x22 [bgcolor=#FFFFFF] [border: (2px inset #000000)]
                    RenderFlexibleBox {DIV} at (5,3) size 140x16
                      RenderBlock {DIV} at (0,1) size 7x14
                      RenderBlock {DIV} at (7,0) size 101x16
                      RenderBlock {DIV} at (110,1) size 14x14
                      RenderBlock {DIV} at (124,0) size 16x16
                  RenderBR {BR} at (154,226) size 0x0
                  RenderTextControl {INPUT} at (2,236) size 150x22 [bgcolor=#FFFFFF] [border: (2px inset #000000)]
                    RenderFlexibleBox {DIV} at (5,3) size 140x16
                      RenderBlock {DIV} at (0,1) size 7x14
                      RenderBlock {DIV} at (7,0) size 101x16
                      RenderBlock {DIV} at (110,1) size 14x14
                      RenderBlock {DIV} at (124,0) size 16x16
                  RenderBR {BR} at (154,252) size 0x0
                  RenderTextControl {INPUT} at (2,262) size 150x22 [bgcolor=#FFFFFF] [border: (2px inset #000000)]
                    RenderFlexibleBox {DIV} at (5,3) size 140x16
                      RenderBlock {DIV} at (0,1) size 7x14
                      RenderBlock {DIV} at (7,0) size 117x16
                      RenderBlock {DIV} at (126,1) size 14x14
                  RenderBR {BR} at (154,278) size 0x0
                  RenderTextControl {INPUT} at (2,288) size 150x22 [bgcolor=#FFFFFF] [border: (2px inset #000000)]
                    RenderFlexibleBox {DIV} at (5,3) size 140x16
                      RenderBlock {DIV} at (0,1) size 7x14
                      RenderBlock {DIV} at (7,0) size 101x16
                      RenderBlock {DIV} at (110,1) size 14x14
                      RenderBlock {DIV} at (124,0) size 16x16
                  RenderBR {BR} at (154,304) size 0x0
layer at (21,48) size 65x11
  RenderBlock {DIV} at (0,0) size 65x11
layer at (21,65) size 76x11 scrollWidth 172
  RenderBlock {DIV} at (0,0) size 76x11
    RenderText {#text} at (0,0) size 171x11
      text run at (0,0) width 171: "012345678901234567890123456789"
layer at (21,82) size 65x11 scrollWidth 172
  RenderBlock {DIV} at (0,0) size 65x11
    RenderText {#text} at (0,0) size 171x11
      text run at (0,0) width 171: "012345678901234567890123456789"
layer at (21,99) size 65x11
  RenderBlock {DIV} at (0,0) size 65x11
layer at (21,116) size 76x11 scrollWidth 172
  RenderBlock {DIV} at (0,0) size 76x11
    RenderText {#text} at (0,0) size 171x11
      text run at (0,0) width 171: "012345678901234567890123456789"
layer at (21,133) size 65x11 scrollWidth 172
  RenderBlock {DIV} at (0,0) size 65x11
    RenderText {#text} at (0,0) size 171x11
      text run at (0,0) width 171: "012345678901234567890123456789"
layer at (21,150) size 65x11
  RenderBlock {DIV} at (0,0) size 65x11
layer at (21,167) size 76x11 scrollWidth 172
  RenderBlock {DIV} at (0,0) size 76x11
    RenderText {#text} at (0,0) size 171x11
      text run at (0,0) width 171: "012345678901234567890123456789"
layer at (21,184) size 65x11 scrollWidth 172
  RenderBlock {DIV} at (0,0) size 65x11
    RenderText {#text} at (0,0) size 171x11
      text run at (0,0) width 171: "012345678901234567890123456789"
layer at (24,203) size 83x13
  RenderBlock {DIV} at (0,0) size 83x13
layer at (24,226) size 97x13 scrollWidth 210
  RenderBlock {DIV} at (0,0) size 97x13
    RenderText {#text} at (0,0) size 209x13
      text run at (0,0) width 209: "012345678901234567890123456789"
layer at (24,249) size 83x13 scrollWidth 210
  RenderBlock {DIV} at (0,0) size 83x13
    RenderText {#text} at (0,0) size 209x13
      text run at (0,0) width 209: "012345678901234567890123456789"
layer at (24,272) size 83x13
  RenderBlock {DIV} at (0,0) size 83x13
layer at (24,295) size 97x13 scrollWidth 210
  RenderBlock {DIV} at (0,0) size 97x13
    RenderText {#text} at (0,0) size 209x13
      text run at (0,0) width 209: "012345678901234567890123456789"
layer at (24,318) size 83x13 scrollWidth 210
  RenderBlock {DIV} at (0,0) size 83x13
    RenderText {#text} at (0,0) size 209x13
      text run at (0,0) width 209: "012345678901234567890123456789"
layer at (24,341) size 83x13
  RenderBlock {DIV} at (0,0) size 83x13
layer at (24,364) size 97x13 scrollWidth 210
  RenderBlock {DIV} at (0,0) size 97x13
    RenderText {#text} at (0,0) size 209x13
      text run at (0,0) width 209: "012345678901234567890123456789"
layer at (24,387) size 83x13 scrollWidth 210
  RenderBlock {DIV} at (0,0) size 83x13
    RenderText {#text} at (0,0) size 209x13
      text run at (0,0) width 209: "012345678901234567890123456789"
layer at (24,410) size 83x13
  RenderBlock {DIV} at (0,0) size 83x13
layer at (24,433) size 97x13 scrollWidth 210
  RenderBlock {DIV} at (0,0) size 97x13
    RenderText {#text} at (0,0) size 209x13
      text run at (0,0) width 209: "012345678901234567890123456789"
layer at (24,456) size 83x13 scrollWidth 210
  RenderBlock {DIV} at (0,0) size 83x13
    RenderText {#text} at (0,0) size 209x13
      text run at (0,0) width 209: "012345678901234567890123456789"
layer at (157,74) size 83x13
  RenderBlock {DIV} at (0,0) size 83x13
layer at (157,97) size 97x13 scrollWidth 210
  RenderBlock {DIV} at (0,0) size 97x13
    RenderText {#text} at (0,0) size 209x13
      text run at (0,0) width 209: "012345678901234567890123456789"
layer at (157,120) size 83x13 scrollWidth 210
  RenderBlock {DIV} at (0,0) size 83x13
    RenderText {#text} at (0,0) size 209x13
      text run at (0,0) width 209: "012345678901234567890123456789"
layer at (158,143) size 101x16
  RenderBlock {DIV} at (0,0) size 101x16
layer at (158,169) size 117x16 scrollWidth 248
  RenderBlock {DIV} at (0,0) size 117x16
    RenderText {#text} at (0,0) size 247x16
      text run at (0,0) width 247: "012345678901234567890123456789"
layer at (158,195) size 101x16 scrollWidth 248
  RenderBlock {DIV} at (0,0) size 101x16
    RenderText {#text} at (0,0) size 247x16
      text run at (0,0) width 247: "012345678901234567890123456789"
layer at (158,221) size 101x16
  RenderBlock {DIV} at (0,0) size 101x16
layer at (158,247) size 117x16 scrollWidth 248
  RenderBlock {DIV} at (0,0) size 117x16
    RenderText {#text} at (0,0) size 247x16
      text run at (0,0) width 247: "012345678901234567890123456789"
layer at (158,273) size 101x16 scrollWidth 248
  RenderBlock {DIV} at (0,0) size 101x16
    RenderText {#text} at (0,0) size 247x16
      text run at (0,0) width 247: "012345678901234567890123456789"
layer at (158,299) size 101x16
  RenderBlock {DIV} at (0,0) size 101x16
layer at (158,325) size 117x16 scrollWidth 248
  RenderBlock {DIV} at (0,0) size 117x16
    RenderText {#text} at (0,0) size 247x16
      text run at (0,0) width 247: "012345678901234567890123456789"
layer at (158,351) size 101x16 scrollWidth 248
  RenderBlock {DIV} at (0,0) size 101x16
    RenderText {#text} at (0,0) size 247x16
      text run at (0,0) width 247: "012345678901234567890123456789"
layer at (158,377) size 101x16
  RenderBlock {DIV} at (0,0) size 101x16
layer at (158,403) size 117x16 scrollWidth 248
  RenderBlock {DIV} at (0,0) size 117x16
    RenderText {#text} at (0,0) size 247x16
      text run at (0,0) width 247: "012345678901234567890123456789"
layer at (158,429) size 101x16 scrollWidth 248
  RenderBlock {DIV} at (0,0) size 101x16
    RenderText {#text} at (0,0) size 247x16
      text run at (0,0) width 247: "012345678901234567890123456789"
layer at (316,108) size 101x16
  RenderBlock {DIV} at (0,0) size 101x16
layer at (316,134) size 117x16 scrollWidth 248
  RenderBlock {DIV} at (0,0) size 117x16
    RenderText {#text} at (0,0) size 247x16
      text run at (0,0) width 247: "012345678901234567890123456789"
layer at (316,160) size 101x16 scrollWidth 248
  RenderBlock {DIV} at (0,0) size 101x16
    RenderText {#text} at (0,0) size 247x16
      text run at (0,0) width 247: "012345678901234567890123456789"
layer at (316,186) size 101x16
  RenderBlock {DIV} at (0,0) size 101x16
layer at (316,212) size 117x16 scrollWidth 248
  RenderBlock {DIV} at (0,0) size 117x16
    RenderText {#text} at (0,0) size 247x16
      text run at (0,0) width 247: "012345678901234567890123456789"
layer at (316,238) size 101x16 scrollWidth 248
  RenderBlock {DIV} at (0,0) size 101x16
    RenderText {#text} at (0,0) size 247x16
      text run at (0,0) width 247: "012345678901234567890123456789"
layer at (316,264) size 101x16
  RenderBlock {DIV} at (0,0) size 101x16
layer at (316,290) size 117x16 scrollWidth 248
  RenderBlock {DIV} at (0,0) size 117x16
    RenderText {#text} at (0,0) size 247x16
      text run at (0,0) width 247: "012345678901234567890123456789"
layer at (316,316) size 101x16 scrollWidth 248
  RenderBlock {DIV} at (0,0) size 101x16
    RenderText {#text} at (0,0) size 247x16
      text run at (0,0) width 247: "012345678901234567890123456789"
layer at (316,342) size 101x16
  RenderBlock {DIV} at (0,0) size 101x16
layer at (316,368) size 117x16 scrollWidth 248
  RenderBlock {DIV} at (0,0) size 117x16
    RenderText {#text} at (0,0) size 247x16
      text run at (0,0) width 247: "012345678901234567890123456789"
layer at (316,394) size 101x16 scrollWidth 248
  RenderBlock {DIV} at (0,0) size 101x16
    RenderText {#text} at (0,0) size 247x16
      text run at (0,0) width 247: "012345678901234567890123456789"
