layer at (0,0) size 800x600
  RenderView at (0,0) size 800x600
layer at (0,0) size 800x600
  RenderBlock {HTML} at (0,0) size 800x600
    RenderBody {BODY} at (8,8) size 784x576
      RenderBlock {P} at (0,0) size 784x42
        RenderRuby (inline) {RUBY} at (0,0) size 81x17
          RenderRubyRun (anonymous) at (0,12) size 80.81x30
            RenderRubyText {RT} at (0,-12) size 80.81x12
              RenderText {#text} at (10,0) size 60x12
                text run at (10,0) width 60: "K\x{14D}kakukid\x{14D}tai"
            RenderRubyBase (anonymous) at (0,0) size 80.81x30
              RenderRuby (inline) {RUBY} at (0,0) size 82x17
                RenderRubyRun (anonymous) at (0.41,11) size 16x19
                  RenderRubyText {RT} at (0,-11) size 16x12
                    RenderText {#text} at (1,0) size 15x12
                      text run at (1,0) width 15: "\x{3053}\x{3046}"
                  RenderRubyBase (anonymous) at (0,0) size 16x19
                    RenderText {#text} at (0,1) size 16x17
                      text run at (0,1) width 16: "\x{653B}"
                RenderRubyRun (anonymous) at (16.41,11) size 16x19
                  RenderRubyText {RT} at (0,-11) size 16x12
                    RenderText {#text} at (1,0) size 15x12
                      text run at (1,0) width 15: "\x{304B}\x{304F}"
                  RenderRubyBase (anonymous) at (0,0) size 16x19
                    RenderText {#text} at (0,1) size 16x17
                      text run at (0,1) width 16: "\x{6BBB}"
                RenderRubyRun (anonymous) at (32.41,11) size 16x19
                  RenderRubyText {RT} at (0,-11) size 16x12
                    RenderText {#text} at (4,0) size 9x12
                      text run at (4,0) width 9: "\x{304D}"
                  RenderRubyBase (anonymous) at (0,0) size 16x19
                    RenderText {#text} at (0,1) size 16x17
                      text run at (0,1) width 16: "\x{6A5F}"
                RenderRubyRun (anonymous) at (48.41,11) size 16x19
                  RenderRubyText {RT} at (0,-11) size 16x12
                    RenderText {#text} at (1,0) size 15x12
                      text run at (1,0) width 15: "\x{3069}\x{3046}"
                  RenderRubyBase (anonymous) at (0,0) size 16x19
                    RenderText {#text} at (0,1) size 16x17
                      text run at (0,1) width 16: "\x{52D5}"
                RenderRubyRun (anonymous) at (64.41,11) size 16.81x19
                  RenderRubyText {RT} at (0,-11) size 16.81x12
                    RenderText {#text} at (0,0) size 18x12
                      text run at (0,0) width 18: "\x{305F}\x{3044}"
                  RenderRubyBase (anonymous) at (0,0) size 16.81x19
                    RenderText {#text} at (0,1) size 17x17
                      text run at (0,1) width 17: "\x{968A}"
