layer at (0,0) size 800x600
  RenderView at (0,0) size 800x600
layer at (0,0) size 800x600
  RenderBlock {HTML} at (0,0) size 800x600
    RenderBody {BODY} at (8,8) size 784x576
      RenderBlock {P} at (0,0) size 784x18
        RenderText {#text} at (0,0) size 521x17
          text run at (0,0) width 521: "Tests that CSS-generated :before or :after content doesn't intrude into ruby bases."
      RenderBlock {P} at (0,34) size 784x0
      RenderBlock (anonymous) at (0,34) size 784x28
        RenderText {#text} at (0,10) size 29x17
          text run at (0,10) width 29: "Foo "
        RenderRuby (inline) {RUBY} at (0,0) size 77x17
          RenderInline (generated) at (0,0) size 53x17
            RenderText at (28,10) size 53x17
              text run at (28,10) width 53: "[before]"
          RenderRubyRun (anonymous) at (76.41,10) size 31.75x18
            RenderRubyText {RT} at (0,-10) size 31.75x10
              RenderText {#text} at (0,0) size 32x10
                text run at (0,0) width 32: "long text"
            RenderRubyBase (anonymous) at (0,0) size 31.75x18
              RenderText {#text} at (11,0) size 9x17
                text run at (11,0) width 9: "b"
        RenderText {#text} at (104,10) size 28x17
          text run at (104,10) width 28: " Bar"
        RenderBR {BR} at (131,24) size 1x0
      RenderBlock {P} at (0,78) size 784x0
      RenderBlock {P} at (0,78) size 784x0
      RenderBlock (anonymous) at (0,78) size 784x28
        RenderText {#text} at (0,10) size 29x17
          text run at (0,10) width 29: "Foo "
        RenderRuby (inline) {RUBY} at (0,0) size 65x17
          RenderRubyRun (anonymous) at (24.89,10) size 31.75x18
            RenderRubyText {RT} at (0,-10) size 31.75x10
              RenderText {#text} at (0,0) size 32x10
                text run at (0,0) width 32: "long text"
            RenderRubyBase (anonymous) at (0,0) size 31.75x18
              RenderText {#text} at (11,0) size 9x17
                text run at (11,0) width 9: "b"
          RenderInline (generated) at (0,0) size 41x17
            RenderText at (52,10) size 41x17
              text run at (52,10) width 41: "[after]"
        RenderText {#text} at (92,10) size 28x17
          text run at (92,10) width 28: " Bar"
        RenderBR {BR} at (119,24) size 1x0
      RenderBlock {P} at (0,122) size 784x0
      RenderBlock {P} at (0,122) size 784x0
      RenderBlock (anonymous) at (0,122) size 784x28
        RenderText {#text} at (0,10) size 29x17
          text run at (0,10) width 29: "Foo "
        RenderRuby (inline) {RUBY} at (0,0) size 117x17
          RenderInline (generated) at (0,0) size 53x17
            RenderText at (28,10) size 53x17
              text run at (28,10) width 53: "[before]"
          RenderRubyRun (anonymous) at (76.41,10) size 31.75x18
            RenderRubyText {RT} at (0,-10) size 31.75x10
              RenderText {#text} at (0,0) size 32x10
                text run at (0,0) width 32: "long text"
            RenderRubyBase (anonymous) at (0,0) size 31.75x18
              RenderText {#text} at (11,0) size 9x17
                text run at (11,0) width 9: "b"
          RenderInline (generated) at (0,0) size 41x17
            RenderText at (104,10) size 41x17
              text run at (104,10) width 41: "[after]"
        RenderText {#text} at (144,10) size 28x17
          text run at (144,10) width 28: " Bar"
        RenderBR {BR} at (171,24) size 1x0
      RenderBlock {P} at (0,166) size 784x0
