layer at (0,0) size 800x600
  RenderView at (0,0) size 800x600
layer at (0,0) size 800x600
  RenderBlock {HTML} at (0,0) size 800x600
    RenderBody {BODY} at (8,8) size 784x576
      RenderBlock {P} at (0,0) size 784x18
        RenderText {#text} at (0,0) size 670x17
          text run at (0,0) width 670: "The following is a test for DOM manipulation within <ruby>: Inserting a new text before a <rt> element"
      RenderBlock {P} at (0,34) size 784x18
        RenderText {#text} at (0,0) size 448x17
          text run at (0,0) width 448: "Both lines should look identical (the first line is the one manipulated)."
      RenderBlock (anonymous) at (0,68) size 784x36
        RenderBR {BR} at (0,0) size 0x17
        RenderBR {BR} at (0,18) size 0x17
      RenderBlock {P} at (0,120) size 784x28
        RenderText {#text} at (0,10) size 159x17
          text run at (0,10) width 159: "<ruby> is defined in the "
        RenderRuby (inline) {RUBY} at (0,0) size 110x17
          RenderRubyRun (anonymous) at (154.02,10) size 38.98x18
            RenderRubyText {RT} at (0,-10) size 38.98x10
              RenderText {#text} at (0,0) size 40x10
                text run at (0,0) width 40: "Hyper-text"
            RenderRubyBase (anonymous) at (0,0) size 38.98x18
              RenderText {#text} at (8,0) size 23x17
                text run at (8,0) width 23: "HT"
          RenderRubyRun (anonymous) at (193,10) size 66.23x18
            RenderRubyText {RT} at (0,-10) size 66.23x10
              RenderText {#text} at (0,0) size 67x10
                text run at (0,0) width 67: "Markup Language"
            RenderRubyBase (anonymous) at (0,0) size 66.23x18
              RenderText {#text} at (21,0) size 25x17
                text run at (21,0) width 25: "ML"
          RenderRubyRun (anonymous) at (259.23,10) size 8x18
            RenderRubyBase (anonymous) at (0,0) size 8x18
              RenderText {#text} at (0,0) size 8x17
                text run at (0,0) width 8: "5"
        RenderText {#text} at (267,10) size 37x17
          text run at (267,10) width 37: " spec."
      RenderBlock {P} at (0,164) size 784x28
        RenderText {#text} at (0,10) size 159x17
          text run at (0,10) width 159: "<ruby> is defined in the "
        RenderRuby (inline) {RUBY} at (0,0) size 110x17
          RenderRubyRun (anonymous) at (154.02,10) size 38.98x18
            RenderRubyText {RT} at (0,-10) size 38.98x10
              RenderText {#text} at (0,0) size 40x10
                text run at (0,0) width 40: "Hyper-text"
            RenderRubyBase (anonymous) at (0,0) size 38.98x18
              RenderText {#text} at (8,0) size 23x17
                text run at (8,0) width 23: "HT"
          RenderRubyRun (anonymous) at (193,10) size 66.23x18
            RenderRubyText {RT} at (0,-10) size 66.23x10
              RenderText {#text} at (0,0) size 67x10
                text run at (0,0) width 67: "Markup Language"
            RenderRubyBase (anonymous) at (0,0) size 66.23x18
              RenderText {#text} at (21,0) size 25x17
                text run at (21,0) width 25: "ML"
          RenderRubyRun (anonymous) at (259.23,10) size 8x18
            RenderRubyBase (anonymous) at (0,0) size 8x18
              RenderText {#text} at (0,0) size 8x17
                text run at (0,0) width 8: "5"
        RenderText {#text} at (267,10) size 37x17
          text run at (267,10) width 37: " spec."
