layer at (0,0) size 800x600
  RenderView at (0,0) size 800x600
layer at (0,0) size 800x600
  RenderBlock {HTML} at (0,0) size 800x600
    RenderBody {BODY} at (8,8) size 784x584
      RenderBlock (anonymous) at (0,0) size 784x72
        RenderText {#text} at (0,0) size 767x53
          text run at (0,0) width 767: "This is a test for multiple ruby runs and line breaks. There is a div with a blue border and 10px padding. This contains a"
          text run at (0,18) width 507: "single <ruby> markup in the text contained in the block, broken across 2 lines. "
          text run at (506,18) width 252: "Part of it should be on the first line, the"
          text run at (0,36) width 140: "rest on the other line. "
        RenderBR {BR} at (139,50) size 1x0
        RenderBR {BR} at (0,54) size 0x17
      RenderBlock {DIV} at (0,72) size 284x69 [border: (2px solid #0000FF)]
        RenderText {#text} at (12,12) size 159x17
          text run at (12,12) width 159: "<ruby> is defined in the "
        RenderRuby (inline) {RUBY} at (0,0) size 257x44
          RenderRubyRun (anonymous) at (166.02,12) size 22.50x18
            RenderRubyText {RT} at (0,-10) size 22.50x10
              RenderText {#text} at (0,0) size 23x10
                text run at (0,0) width 23: "Hyper"
            RenderRubyBase (anonymous) at (0,0) size 22.50x18
              RenderText {#text} at (5,0) size 13x17
                text run at (5,0) width 13: "H"
          RenderRubyRun (anonymous) at (188.52,12) size 16.50x18
            RenderRubyText {RT} at (0,-10) size 16.50x10
              RenderText {#text} at (0,0) size 17x10
                text run at (0,0) width 17: "Text"
            RenderRubyBase (anonymous) at (0,0) size 16.50x18
              RenderText {#text} at (3,0) size 11x17
                text run at (3,0) width 11: "T"
          RenderRubyRun (anonymous) at (205.02,12) size 28.50x18
            RenderRubyText {RT} at (0,-10) size 28.50x10
              RenderText {#text} at (0,0) size 29x10
                text run at (0,0) width 29: "Markup"
            RenderRubyBase (anonymous) at (0,0) size 28.50x18
              RenderText {#text} at (7,0) size 15x17
                text run at (7,0) width 15: "M"
          RenderRubyRun (anonymous) at (233.52,12) size 35.48x18
            RenderRubyText {RT} at (0,-10) size 35.48x10
              RenderText {#text} at (0,0) size 36x10
                text run at (0,0) width 36: "Language"
            RenderRubyBase (anonymous) at (0,0) size 35.48x18
              RenderText {#text} at (13,0) size 11x17
                text run at (13,0) width 11: "L"
          RenderRubyRun (anonymous) at (12,39) size 27.25x18
            RenderRubyText {RT} at (0,-10) size 27.25x10
              RenderText {#text} at (0,0) size 28x10
                text run at (0,0) width 28: "Level 5"
            RenderRubyBase (anonymous) at (0,0) size 27.25x18
              RenderText {#text} at (9,0) size 9x17
                text run at (9,0) width 9: "5"
        RenderText {#text} at (35,39) size 43x17
          text run at (35,39) width 43: " specs."
