layer at (0,0) size 800x600
  RenderView at (0,0) size 800x600
layer at (0,0) size 800x600
  RenderBlock {HTML} at (0,0) size 800x600
    RenderBody {BODY} at (8,8) size 784x576
      RenderBlock {P} at (0,0) size 784x18
        RenderText {#text} at (0,0) size 505x17
          text run at (0,0) width 505: "The following is a test for having non-text inline elements as base in a <ruby>."
      RenderBlock {P} at (0,34) size 784x28
        RenderText {#text} at (0,10) size 159x17
          text run at (0,10) width 159: "<ruby> is defined in the "
        RenderRuby (inline) {RUBY} at (0,0) size 121x17
          RenderRubyRun (anonymous) at (154.02,10) size 38.98x18
            RenderRubyText {RT} at (0,-10) size 38.98x10
              RenderText {#text} at (0,0) size 39x10
                text run at (0,0) width 39: "Hyper-text"
            RenderRubyBase (anonymous) at (0,0) size 38.98x18
              RenderInline {SPAN} at (0,0) size 22x17
                RenderText {#text} at (8,0) size 22x17
                  text run at (8,0) width 22: "HT"
          RenderRubyRun (anonymous) at (193,10) size 89.98x18
            RenderRubyText {RT} at (0,-10) size 89.98x10
              RenderText {#text} at (0,0) size 90x10
                text run at (0,0) width 90: "Markup Language Lvl. 5"
            RenderRubyBase (anonymous) at (0,0) size 89.98x18
              RenderInline {SPAN} at (0,0) size 15x17
                RenderText {#text} at (28,0) size 15x17
                  text run at (28,0) width 15: "M"
              RenderInline {SPAN} at (0,0) size 11x17
                RenderText {#text} at (42,0) size 11x17
                  text run at (42,0) width 11: "L"
              RenderInline {SPAN} at (0,0) size 9x17
                RenderText {#text} at (52,0) size 9x17
                  text run at (52,0) width 9: "5"
        RenderText {#text} at (278,10) size 38x17
          text run at (278,10) width 38: " spec."
