layer at (0,0) size 800x600
  RenderView at (0,0) size 800x600
layer at (0,0) size 800x206
  RenderBlock {HTML} at (0,0) size 800x206
    RenderBody {BODY} at (8,8) size 784x190
      RenderBlock {DIV} at (0,0) size 784x25
        RenderTextControl {INPUT} at (2,2) size 123x19 [bgcolor=#FFFFFF] [border: (2px inset #EEEEEE)]
          RenderFlexibleBox {DIV} at (3,3) size 117x13
            RenderFlexibleBox {DIV} at (0,0) size 106x13
              RenderBlock {DIV} at (0,0) size 106x13
            RenderImage {DIV} at (106,1) size 11x11
        RenderText {#text} at (127,4) size 4x18
          text run at (127,4) width 4: " "
        RenderTextControl {INPUT} at (133,2) size 123x19 [bgcolor=#FFFFFF] [border: (2px inset #EEEEEE)]
          RenderFlexibleBox {DIV} at (3,3) size 117x13
            RenderFlexibleBox {DIV} at (0,0) size 0x13
              RenderBlock {DIV} at (0,0) size 0x13
            RenderImage {DIV} at (108.16,1) size 8.84x11
        RenderText {#text} at (258,4) size 4x18
          text run at (258,4) width 4: " "
        RenderTextControl {INPUT} at (264,4) size 123x19 [bgcolor=#FFFFFF] [border: (2px inset #EEEEEE)]
          RenderFlexibleBox {DIV} at (3,3) size 117x13
            RenderFlexibleBox {DIV} at (0,0) size 106x13
              RenderBlock {DIV} at (0,0) size 106x13
            RenderImage {DIV} at (106,1) size 11x11
        RenderText {#text} at (0,0) size 0x0
      RenderBlock {HR} at (0,33) size 784x2 [border: (1px inset #EEEEEE)]
      RenderBlock {DIV} at (0,43) size 784x76
        RenderTextControl {INPUT} at (2,2) size 262x34 [bgcolor=#FFFFFF] [border: (2px inset #EEEEEE)]
          RenderFlexibleBox {DIV} at (3,3) size 256x28
            RenderFlexibleBox {DIV} at (0,0) size 232x28
              RenderBlock {DIV} at (0,0) size 232x28
            RenderImage {DIV} at (232,2) size 24x24
        RenderText {#text} at (266,19) size 4x18
          text run at (266,19) width 4: " "
        RenderTextControl {INPUT} at (272,2) size 262x34 [bgcolor=#FFFFFF] [border: (2px inset #EEEEEE)]
          RenderFlexibleBox {DIV} at (3,3) size 256x28
            RenderFlexibleBox {DIV} at (0,0) size 0x28
              RenderBlock {DIV} at (0,0) size 0x28
            RenderImage {DIV} at (236.64,2) size 19.36x24
        RenderText {#text} at (536,19) size 4x18
          text run at (536,19) width 4: " "
        RenderTextControl {INPUT} at (2,40) size 262x34 [bgcolor=#FFFFFF] [border: (2px inset #EEEEEE)]
          RenderFlexibleBox {DIV} at (3,3) size 256x28
            RenderFlexibleBox {DIV} at (0,0) size 232x28
              RenderBlock {DIV} at (0,0) size 232x28
            RenderImage {DIV} at (232,2) size 24x24
        RenderText {#text} at (0,0) size 0x0
      RenderBlock {HR} at (0,127) size 784x2 [border: (1px inset #EEEEEE)]
      RenderBlock {DIV} at (0,137) size 784x43
        RenderTextControl {INPUT} at (2,11) size 123x30 [bgcolor=#FFFFFF] [border: (2px inset #EEEEEE)]
          RenderFlexibleBox {DIV} at (3,3) size 117x13
            RenderFlexibleBox {DIV} at (0,0) size 106x13
              RenderBlock {DIV} at (0,0) size 106x13
            RenderImage {DIV} at (106,1) size 11x11
        RenderText {#text} at (127,13) size 4x18
          text run at (127,13) width 4: " "
        RenderTextControl {INPUT} at (133,0) size 123x30 [bgcolor=#FFFFFF] [border: (2px inset #EEEEEE)]
          RenderFlexibleBox {DIV} at (3,3) size 117x24
            RenderFlexibleBox {DIV} at (0,0) size 106x24
              RenderBlock {DIV} at (0,5.50) size 106x13
            RenderImage {DIV} at (106,6.50) size 11x11
        RenderText {#text} at (258,13) size 4x18
          text run at (258,13) width 4: " "
        RenderTextControl {INPUT} at (264,13) size 123x30 [bgcolor=#FFFFFF] [border: (2px inset #EEEEEE)]
          RenderFlexibleBox {DIV} at (3,3) size 117x13
            RenderFlexibleBox {DIV} at (0,0) size 106x13
              RenderBlock {DIV} at (0,0) size 106x13
            RenderImage {DIV} at (106,1) size 11x11
        RenderText {#text} at (0,0) size 0x0
      RenderBlock {HR} at (0,188) size 784x2 [border: (1px inset #EEEEEE)]
layer at (13,13) size 106x13
  RenderBlock {DIV} at (0,0) size 106x13
layer at (144,13) size 108x13 scrollWidth 134
  RenderBlock {DIV} at (0,0) size 108.16x13 [color=#A9A9A9]
    RenderText {#text} at (0,0) size 135x13
      text run at (0,0) width 135: "Enter your nice password"
layer at (275,15) size 106x13
  RenderBlock {DIV} at (0,0) size 106x13
    RenderText {#text} at (0,0) size 93x13
      text run at (0,0) width 93: "\x{2022}\x{2022}\x{2022}\x{2022}\x{2022}\x{2022}\x{2022}\x{2022}\x{2022}\x{2022}\x{2022}\x{2022}\x{2022}\x{2022}\x{2022}"
layer at (13,56) size 232x28
  RenderBlock {DIV} at (0,0) size 232x28
layer at (283,56) size 237x28 scrollWidth 293
  RenderBlock {DIV} at (0,0) size 236.64x28 [color=#A9A9A9]
    RenderText {#text} at (0,0) size 294x28
      text run at (0,0) width 294: "Enter your nice password"
layer at (13,94) size 232x28
  RenderBlock {DIV} at (0,0) size 232x28
    RenderText {#text} at (0,0) size 202x28
      text run at (0,0) width 202: "\x{2022}\x{2022}\x{2022}\x{2022}\x{2022}\x{2022}\x{2022}\x{2022}\x{2022}\x{2022}\x{2022}\x{2022}\x{2022}\x{2022}\x{2022}"
layer at (13,159) size 106x13
  RenderBlock {DIV} at (0,0) size 106x13
layer at (144,154) size 106x13
  RenderBlock {DIV} at (0,0) size 106x13
layer at (275,161) size 106x13
  RenderBlock {DIV} at (0,0) size 106x13
    RenderText {#text} at (0,0) size 93x13
      text run at (0,0) width 93: "\x{2022}\x{2022}\x{2022}\x{2022}\x{2022}\x{2022}\x{2022}\x{2022}\x{2022}\x{2022}\x{2022}\x{2022}\x{2022}\x{2022}\x{2022}"
