layer at (0,0) size 800x600
  RenderView at (0,0) size 800x600
layer at (0,0) size 800x600
  RenderBlock {HTML} at (0,0) size 800x600
    RenderBody {BODY} at (8,8) size 784x584
      RenderBlock {P} at (0,0) size 784x18
        RenderText {#text} at (0,0) size 256x17
          text run at (0,0) width 256: "What it should look like (positive case):"
      RenderBlock {DIV} at (0,34) size 784x72 [border: (1px solid #008000)]
        RenderBlock {DIV} at (1,11) size 782x20 [border: (1px solid #0000FF)]
          RenderText {#text} at (1,1) size 86x17
            text run at (1,1) width 86: "Lorem ipsum"
        RenderBlock {DIV} at (1,41) size 782x20 [border: (1px dotted #0000FF)]
          RenderText {#text} at (1,1) size 86x17
            text run at (1,1) width 86: "Lorem ipsum"
      RenderBlock {P} at (0,122) size 784x18
        RenderText {#text} at (0,0) size 260x17
          text run at (0,0) width 260: "What it should look like (negative case):"
      RenderBlock {DIV} at (0,156) size 784x32 [border: (1px solid #008000)]
        RenderBlock {DIV} at (1,11) size 782x20 [border: (1px solid #0000FF)]
          RenderText {#text} at (1,1) size 86x17
            text run at (1,1) width 86: "Lorem ipsum"
        RenderBlock {DIV} at (1,21) size 782x20 [border: (1px dotted #0000FF)]
          RenderText {#text} at (1,1) size 86x17
            text run at (1,1) width 86: "Lorem ipsum"
      RenderBlock {P} at (0,204) size 784x18
        RenderText {#text} at (0,0) size 380x17
          text run at (0,0) width 380: "Dynamic case (automatically testing positive --> negative):"
      RenderBlock {DIV} at (0,238) size 784x32 [border: (1px solid #008000)]
        RenderBlock {DIV} at (1,11) size 782x20 [border: (1px solid #0000FF)]
          RenderText {#text} at (1,1) size 86x17
            text run at (1,1) width 86: "Lorem ipsum"
        RenderBlock {DIV} at (1,21) size 782x20 [border: (1px dotted #0000FF)]
          RenderText {#text} at (1,1) size 86x17
            text run at (1,1) width 86: "Lorem ipsum"
      RenderBlock (anonymous) at (0,270) size 784x39
        RenderBR {BR} at (0,0) size 0x17
        RenderButton {INPUT} at (0,18) size 113.06x21 [bgcolor=#C0C0C0] [border: (2px outset #C0C0C0)]
          RenderBlock (anonymous) at (8,3) size 97.06x15
            RenderText {#text} at (0,0) size 98x15
              text run at (0,0) width 98: "Negative margin"
        RenderText {#text} at (113,19) size 5x17
          text run at (113,19) width 5: " "
        RenderButton {INPUT} at (117.06,18) size 107.13x21 [bgcolor=#C0C0C0] [border: (2px outset #C0C0C0)]
          RenderBlock (anonymous) at (8,3) size 91.13x15
            RenderText {#text} at (0,0) size 92x15
              text run at (0,0) width 92: "Positive margin"
        RenderText {#text} at (0,0) size 0x0
      RenderBlock {P} at (0,325) size 784x18
        RenderText {#text} at (0,0) size 458x17
          text run at (0,0) width 458: "Dynamic case (automatically testing positive --> negative --> positive):"
      RenderBlock {DIV} at (0,359) size 784x72 [border: (1px solid #008000)]
        RenderBlock {DIV} at (1,11) size 782x20 [border: (1px solid #0000FF)]
          RenderText {#text} at (1,1) size 86x17
            text run at (1,1) width 86: "Lorem ipsum"
        RenderBlock {DIV} at (1,41) size 782x20 [border: (1px dotted #0000FF)]
          RenderText {#text} at (1,1) size 86x17
            text run at (1,1) width 86: "Lorem ipsum"
      RenderBlock (anonymous) at (0,431) size 784x39
        RenderBR {BR} at (0,0) size 0x17
        RenderButton {INPUT} at (0,18) size 113.06x21 [bgcolor=#C0C0C0] [border: (2px outset #C0C0C0)]
          RenderBlock (anonymous) at (8,3) size 97.06x15
            RenderText {#text} at (0,0) size 98x15
              text run at (0,0) width 98: "Negative margin"
        RenderText {#text} at (113,19) size 5x17
          text run at (113,19) width 5: " "
        RenderButton {INPUT} at (117.06,18) size 107.13x21 [bgcolor=#C0C0C0] [border: (2px outset #C0C0C0)]
          RenderBlock (anonymous) at (8,3) size 91.13x15
            RenderText {#text} at (0,0) size 92x15
              text run at (0,0) width 92: "Positive margin"
        RenderText {#text} at (0,0) size 0x0
