layer at (0,0) size 785x868
  RenderView at (0,0) size 785x600
layer at (0,0) size 785x868
  RenderBlock {HTML} at (0,0) size 785x868.47
    RenderBody {BODY} at (8,8) size 769x840.47
      RenderBlock {P} at (0,0) size 769x18
        RenderText {#text} at (0,0) size 567x17
          text run at (0,0) width 567: "This test checks that text with text-overflow:ellipsis follows 'text-align: center' correctly."
      RenderBlock {P} at (0,34) size 769x18
        RenderText {#text} at (0,0) size 394x17
          text run at (0,0) width 394: "The text in all boxes should have the text centered in the box."
      RenderBlock {H3} at (0,70.72) size 769x21
        RenderText {#text} at (0,0) size 83x20
          text run at (0,0) width 83: "Single line"
      RenderBlock {H3} at (0,150.44) size 769x21
        RenderText {#text} at (0,0) size 79x20
          text run at (0,0) width 79: "Multi line"
      RenderBlock {H3} at (0,284.16) size 769x21
        RenderText {#text} at (0,0) size 227x20
          text run at (0,0) width 227: "Containing replaced content"
      RenderBlock {H3} at (0,374.88) size 769x21
        RenderText {#text} at (0,0) size 389x20
          text run at (0,0) width 389: "Containing replaced content blocking the ellipsis"
      RenderBlock {H3} at (0,465.59) size 769x21
        RenderText {#text} at (0,0) size 197x20
          text run at (0,0) width 197: "Right-To-Left single line"
      RenderBlock {H3} at (0,545.31) size 769x21
        RenderText {#text} at (0,0) size 196x20
          text run at (0,0) width 196: "Right-To-Left Multi line"
      RenderBlock {H3} at (0,679.03) size 769x21
        RenderText {#text} at (0,0) size 339x20
          text run at (0,0) width 339: "Right-To-Left containing replaced content"
      RenderBlock {H3} at (0,769.75) size 769x21
        RenderText {#text} at (0,0) size 500x20
          text run at (0,0) width 500: "Right-To-Left containing replaced content blocking the ellipsis"
layer at (8,118) size 310x20 clip at (9,119) size 308x18 scrollWidth 739
  RenderBlock {DIV} at (0,110.44) size 310x20 [border: (1px solid #000000)]
    RenderText {#text} at (1,1) size 739x17
      text run at (1,1) width 739: "Lorem ipsum dolor sit amet, consectetur adipiscing elit. Vivamus vitae eros non libero faucibus sagittis sed ut eros."
layer at (8,198) size 310x74 clip at (9,199) size 308x72 scrollWidth 739
  RenderBlock {DIV} at (0,190.16) size 310x74 [border: (1px solid #000000)]
    RenderText {#text} at (1,1) size 739x17
      text run at (1,1) width 739: "Lorem ipsum dolor sit amet, consectetur adipiscing elit. Vivamus vitae eros non libero faucibus sagittis sed ut eros."
    RenderBR {BR} at (0,0) size 0x0
    RenderText {#text} at (1,19) size 729x17
      text run at (1,19) width 729: "orem ipsum dolor sit amet, consectetur adipiscing elit. Vivamus vitae eros non libero faucibus sagittis sed ut eros."
    RenderBR {BR} at (0,0) size 0x0
    RenderText {#text} at (1,37) size 721x17
      text run at (1,37) width 721: "rem ipsum dolor sit amet, consectetur adipiscing elit. Vivamus vitae eros non libero faucibus sagittis sed ut eros."
    RenderBR {BR} at (0,0) size 0x0
    RenderText {#text} at (2,55) size 715x17
      text run at (2,55) width 715: "em ipsum dolor sit amet, consectetur adipiscing elit. Vivamus vitae eros non libero faucibus sagittis sed ut eros."
    RenderBR {BR} at (0,0) size 0x0
layer at (8,332) size 310x31 clip at (9,333) size 308x29 scrollWidth 767
  RenderBlock {DIV} at (0,323.88) size 310x31 [border: (1px solid #000000)]
    RenderText {#text} at (1,12) size 186x17
      text run at (1,12) width 186: "Lorem ipsum dolor sit amet, "
    RenderImage {IMG} at (186.94,1) size 25x25
    RenderText {#text} at (211,12) size 557x17
      text run at (211,12) width 557: " consectetur adipiscing elit. Vivamus vitae eros non libero faucibus sagittis sed ut eros."
layer at (8,423) size 310x31 clip at (9,424) size 308x29 scrollWidth 763
  RenderBlock {DIV} at (0,414.59) size 310x31 [border: (1px solid #000000)]
    RenderText {#text} at (1,12) size 278x17
      text run at (1,12) width 278: "Lorem ipsum dolor sit amet, consectetur ad"
    RenderImage {IMG} at (278.70,1) size 25x25
    RenderText {#text} at (303,12) size 461x17
      text run at (303,12) width 461: "ipiscing elit. Vivamus vitae eros non libero faucibus sagittis sed ut eros."
layer at (8,513) size 310x20 clip at (9,514) size 308x18 scrollX 430 scrollWidth 739
  RenderBlock {DIV} at (0,505.31) size 310x20 [border: (1px solid #000000)]
    RenderText {#text} at (-429,1) size 739x17
      text run at (-429,1) width 738 RTL override: "Lorem ipsum dolor sit amet, consectetur adipiscing elit. Vivamus vitae eros non libero faucibus sagittis sed ut eros."
layer at (8,593) size 310x74 clip at (9,594) size 308x72 scrollX 430 scrollWidth 739
  RenderBlock {DIV} at (0,585.03) size 310x74 [border: (1px solid #000000)]
    RenderText {#text} at (-429,1) size 739x17
      text run at (-429,1) width 738 RTL override: "Lorem ipsum dolor sit amet, consectetur adipiscing elit. Vivamus vitae eros non libero faucibus sagittis sed ut eros."
    RenderBR {BR} at (0,0) size 0x0
    RenderText {#text} at (-419,19) size 729x17
      text run at (-419,19) width 728 RTL override: "orem ipsum dolor sit amet, consectetur adipiscing elit. Vivamus vitae eros non libero faucibus sagittis sed ut eros."
    RenderBR {BR} at (0,0) size 0x0
    RenderText {#text} at (-411,37) size 721x17
      text run at (-411,37) width 720 RTL override: "rem ipsum dolor sit amet, consectetur adipiscing elit. Vivamus vitae eros non libero faucibus sagittis sed ut eros."
    RenderBR {BR} at (0,0) size 0x0
    RenderText {#text} at (-406,55) size 715x17
      text run at (-406,55) width 714 RTL override: "em ipsum dolor sit amet, consectetur adipiscing elit. Vivamus vitae eros non libero faucibus sagittis sed ut eros."
    RenderBR {BR} at (0,0) size 0x0
layer at (8,727) size 310x31 clip at (9,728) size 308x29 scrollX 458 scrollWidth 767
  RenderBlock {DIV} at (0,718.75) size 310x31 [border: (1px solid #000000)]
    RenderText {#text} at (123,12) size 186x17
      text run at (123,12) width 186 RTL override: "Lorem ipsum dolor sit amet, "
    RenderImage {IMG} at (98.06,1) size 25x25
    RenderText {#text} at (-457,12) size 557x17
      text run at (-457,12) width 556 RTL override: " consectetur adipiscing elit. Vivamus vitae eros non libero faucibus sagittis sed ut eros."
layer at (8,817) size 310x31 clip at (9,818) size 308x29 scrollX 454 scrollWidth 763
  RenderBlock {DIV} at (0,809.47) size 310x31 [border: (1px solid #000000)]
    RenderText {#text} at (31,12) size 278x17
      text run at (31,12) width 278 RTL override: "Lorem ipsum dolor sit amet, consectetur ad"
    RenderImage {IMG} at (6.30,1) size 25x25
    RenderText {#text} at (-453,12) size 461x17
      text run at (-453,12) width 460 RTL override: "ipiscing elit. Vivamus vitae eros non libero faucibus sagittis sed ut eros."
