layer at (0,0) size 800x600
  RenderView at (0,0) size 800x600
layer at (0,0) size 800x600
  RenderBlock {HTML} at (0,0) size 800x600
    RenderBody {BODY} at (8,8) size 784x584 [bgcolor=#CCCCCC]
      RenderBlock {P} at (0,0) size 784x22
        RenderText {#text} at (0,0) size 433x22
          text run at (0,0) width 433: "The style declarations which apply to the text below are:"
      RenderBlock {PRE} at (0,38) size 784x45
        RenderText {#text} at (0,0) size 256x45
          text run at (0,0) width 256: ".one {font-variant: small-caps;}"
          text run at (256,0) width 0: " "
          text run at (0,15) width 224: ".two {font-variant: normal;}"
          text run at (224,15) width 0: " "
          text run at (0,30) width 0: " "
      RenderBlock {HR} at (0,96) size 784x2 [border: (1px inset #EEEEEE)]
      RenderBlock {P} at (0,114) size 784x22
        RenderText {#text} at (0,0) size 282x22
          text run at (0,0) width 282: "This Paragraph should be in Small Caps."
      RenderBlock {P} at (0,152) size 784x22
        RenderText {#text} at (0,0) size 605x22
          text run at (0,0) width 605: "This Paragraph should be in Small Caps, but the Last Word in the Sentence should be "
        RenderInline {SPAN} at (0,0) size 59x22
          RenderText {#text} at (605,0) size 59x22
            text run at (605,0) width 59: "Normal"
        RenderText {#text} at (664,0) size 4x22
          text run at (664,0) width 4: "."
      RenderTable {TABLE} at (0,190) size 690x100 [border: (1px outset #808080)]
        RenderTableSection {TBODY} at (1,1) size 688x98
          RenderTableRow {TR} at (0,0) size 688x30
            RenderTableCell {TD} at (0,0) size 688x30 [bgcolor=#C0C0C0] [border: (1px inset #808080)] [r=0 c=0 rs=1 cs=2]
              RenderInline {STRONG} at (0,0) size 186x22
                RenderText {#text} at (4,4) size 186x22
                  text run at (4,4) width 186: "TABLE Testing Section"
          RenderTableRow {TR} at (0,30) size 688x68
            RenderTableCell {TD} at (0,49) size 12x30 [bgcolor=#C0C0C0] [border: (1px inset #808080)] [r=1 c=0 rs=1 cs=1]
              RenderText {#text} at (4,4) size 4x22
                text run at (4,4) width 4: " "
            RenderTableCell {TD} at (12,30) size 676x68 [border: (1px inset #808080)] [r=1 c=1 rs=1 cs=1]
              RenderBlock {P} at (4,4) size 668x22
                RenderText {#text} at (0,0) size 282x22
                  text run at (0,0) width 282: "This Paragraph should be in Small Caps."
              RenderBlock {P} at (4,42) size 668x22
                RenderText {#text} at (0,0) size 605x22
                  text run at (0,0) width 605: "This Paragraph should be in Small Caps, but the Last Word in the Sentence should be "
                RenderInline {SPAN} at (0,0) size 59x22
                  RenderText {#text} at (605,0) size 59x22
                    text run at (605,0) width 59: "Normal"
                RenderText {#text} at (664,0) size 4x22
                  text run at (664,0) width 4: "."
