layer at (0,0) size 800x600
  RenderView at (0,0) size 800x600
layer at (0,0) size 800x538
  RenderBlock {HTML} at (0,0) size 800x538
    RenderBody {BODY} at (8,8) size 784x522
      RenderBlock {DIV} at (0,0) size 788x504 [bgcolor=#008000] [border: (2px solid #000000)]
      RenderBlock {DIV} at (0,504) size 784x18
        RenderText {#text} at (0,0) size 148x18
          text run at (0,0) width 148: "This test requires DRT."
