layer at (0,0) size 800x600
  RenderView at (0,0) size 800x600
layer at (0,0) size 800x62
  RenderBlock {HTML} at (0,0) size 800x62
    RenderBody {BODY} at (8,8) size 784x46
      RenderTextControl {INPUT} at (2,2) size 123x19 [bgcolor=#FFFFFF] [border: (2px inset #EEEEEE)]
        RenderFlexibleBox {DIV} at (3,3) size 117x13
          RenderBlock {DIV} at (0,0) size 89.28x13
          RenderDetailsMarker {DIV} at (89.28,1.02) size 14.72x10.97: down
          RenderBlock {DIV} at (104,-1) size 13x15
      RenderText {#text} at (127,2) size 4x18
        text run at (127,2) width 4: " "
      RenderTextControl {INPUT} at (133,2) size 123x19 [bgcolor=#FFFFFF] [border: (2px inset #EEEEEE)]
        RenderFlexibleBox {DIV} at (3,3) size 117x13
          RenderBlock {DIV} at (0,0) size 89.28x13
          RenderDetailsMarker {DIV} at (89.28,1.02) size 14.72x10.97: down
          RenderBlock {DIV} at (104,-1) size 13x15
      RenderText {#text} at (258,2) size 4x18
        text run at (258,2) width 4: " "
      RenderBR {BR} at (262,2) size 0x18
      RenderTextControl {INPUT} at (2,25) size 123x19 [color=#545454] [bgcolor=#FFFFFF] [border: (2px inset #EEEEEE)]
        RenderFlexibleBox {DIV} at (3,3) size 117x13
          RenderBlock {DIV} at (0,0) size 89.28x13
      RenderText {#text} at (127,25) size 4x18
        text run at (127,25) width 4: " "
      RenderTextControl {INPUT} at (133,25) size 123x19 [bgcolor=#FFFFFF] [border: (2px inset #EEEEEE)]
        RenderFlexibleBox {DIV} at (3,3) size 117x13
          RenderBlock {DIV} at (0,0) size 89.28x13
      RenderText {#text} at (0,0) size 0x0
      RenderText {#text} at (0,0) size 0x0
layer at (13,13) size 89x13
  RenderBlock {DIV} at (0,0) size 89.28x13
layer at (144,13) size 89x13
  RenderBlock {DIV} at (0,0) size 89.28x13
layer at (13,36) size 89x13
  RenderBlock {DIV} at (0,0) size 89.28x13
layer at (144,36) size 89x13
  RenderBlock {DIV} at (0,0) size 89.28x13
hidden layer at (102,37) size 15x11 transparent
  RenderDetailsMarker {DIV} at (89.28,1.02) size 14.72x10.97: down
layer at (117,35) size 13x15 transparent
  RenderBlock {DIV} at (104,-1) size 13x15
hidden layer at (233,37) size 15x11 transparent
  RenderDetailsMarker {DIV} at (89.28,1.02) size 14.72x10.97: down
layer at (248,35) size 13x15 transparent
  RenderBlock {DIV} at (104,-1) size 13x15
caret: position 0 of child 0 {DIV} of child 0 {DIV} of child 0 {DIV} of {#document-fragment} of child 3 {INPUT} of body
