layer at (0,0) size 800x600
  RenderView at (0,0) size 800x600
layer at (0,0) size 800x600
  RenderBlock {HTML} at (0,0) size 800x600
    RenderBody {BODY} at (8,8) size 784x584
      RenderBlock {P} at (0,0) size 784x18
        RenderText {#text} at (0,0) size 783x18
          text run at (0,0) width 783: "Test appearances of spin buttons. Disabled state and read-only state should have appearances different from the normal state."
      RenderBlock {DIV} at (0,34) size 784x29
        RenderInline {LABEL} at (0,0) size 300x18
          RenderTextControl {INPUT} at (0,0) size 216x29 [bgcolor=#FFFFFF] [border: (2px inset #EEEEEE)]
            RenderFlexibleBox {DIV} at (3,3) size 210x23
              RenderBlock {DIV} at (0,0) size 197x23
              RenderBlock {DIV} at (197,4) size 13x15
          RenderText {#text} at (216,8) size 84x18
            text run at (216,8) width 84: " Normal state"
      RenderBlock {DIV} at (0,63) size 784x29
        RenderInline {LABEL} at (0,0) size 308x18
          RenderTextControl {INPUT} at (0,0) size 216x29 [color=#545454] [bgcolor=#FFFFFF] [border: (2px inset #EEEEEE)]
            RenderFlexibleBox {DIV} at (3,3) size 210x23
              RenderBlock {DIV} at (0,0) size 197x23
          RenderText {#text} at (216,8) size 92x18
            text run at (216,8) width 92: " Disabled state"
      RenderBlock {DIV} at (0,92) size 784x29
        RenderInline {LABEL} at (0,0) size 318x18
          RenderTextControl {INPUT} at (0,0) size 216x29 [bgcolor=#FFFFFF] [border: (2px inset #EEEEEE)]
            RenderFlexibleBox {DIV} at (3,3) size 210x23
              RenderBlock {DIV} at (0,0) size 197x23
          RenderText {#text} at (216,8) size 102x18
            text run at (216,8) width 102: " Read-only state"
layer at (11,45) size 197x23
  RenderBlock {DIV} at (0,0) size 197x23
    RenderText {#text} at (0,0) size 13x23
      text run at (0,0) width 13: "0"
layer at (11,74) size 197x23
  RenderBlock {DIV} at (0,0) size 197x23
    RenderText {#text} at (0,0) size 13x23
      text run at (0,0) width 13: "0"
layer at (11,103) size 197x23
  RenderBlock {DIV} at (0,0) size 197x23
    RenderText {#text} at (0,0) size 13x23
      text run at (0,0) width 13: "0"
layer at (208,78) size 13x15 transparent
  RenderBlock {DIV} at (197,4) size 13x15
layer at (208,107) size 13x15 transparent
  RenderBlock {DIV} at (197,4) size 13x15
caret: position 0 of child 0 {#text} of child 0 {DIV} of child 0 {DIV} of child 0 {DIV} of {#document-fragment} of child 0 {INPUT} of child 0 {LABEL} of child 9 {DIV} of body
