layer at (0,0) size 800x600
  RenderView at (0,0) size 800x600
layer at (0,0) size 800x301
  RenderBlock {HTML} at (0,0) size 800x301
    RenderBody {BODY} at (8,8) size 784x285
      RenderBlock {DIV} at (0,0) size 784x35 [bgcolor=#CCCCCC]
        RenderInline {SPAN} at (0,0) size 33x16 [bgcolor=#FF0000]
          RenderText {#text} at (0,17) size 33x16
            text run at (0,17) width 33: "small"
        RenderText {#text} at (32,17) size 5x17
          text run at (32,17) width 5: " "
        RenderInline {SPAN} at (0,0) size 53x33 [bgcolor=#FF0000]
          RenderText {#text} at (36,0) size 53x33
            text run at (36,0) width 53: "BIG"
        RenderText {#text} at (0,0) size 0x0
      RenderBlock {DIV} at (0,39) size 784x142 [bgcolor=#CCCCCC]
        RenderInline {SPAN} at (0,0) size 33x16 [bgcolor=#FF0000]
          RenderText {#text} at (0,42) size 33x16
            text run at (0,42) width 33: "small"
        RenderText {#text} at (32,83) size 5x17
          text run at (32,83) width 5: " "
        RenderInline {SPAN} at (0,0) size 53x33 [bgcolor=#FF0000]
          RenderText {#text} at (36,33) size 53x33
            text run at (36,33) width 53: "BIG"
        RenderText {#text} at (0,0) size 0x0
      RenderBlock {DIV} at (0,185) size 784x100 [bgcolor=#CCCCCC]
        RenderInline {SPAN} at (0,0) size 33x16 [bgcolor=#FF0000]
          RenderText {#text} at (0,17) size 33x16
            text run at (0,17) width 33: "small"
        RenderText {#text} at (32,17) size 5x17
          text run at (32,17) width 5: " "
        RenderInline {SPAN} at (0,0) size 53x33 [bgcolor=#FF0000]
          RenderText {#text} at (36,0) size 53x33
            text run at (36,0) width 53: "BIG"
        RenderText {#text} at (0,0) size 0x0
