layer at (0,0) size 800x600
  RenderView at (0,0) size 800x600
layer at (0,0) size 800x600
  RenderBlock {HTML} at (0,0) size 800x600
    RenderBody {BODY} at (8,8) size 784x573.28
      RenderBlock (anonymous) at (0,0) size 784x18
        RenderText {#text} at (0,0) size 565x18
          text run at (0,0) width 565: "In this sample, the H3s should be nested. This matches Firefox, IE, and the HTML5 spec."
      RenderBlock {H3} at (0,36.72) size 784x294.97 [border: (2px solid #FF0000)]
        RenderBlock (anonymous) at (4,4) size 776x22
          RenderInline {I} at (0,0) size 32x22
            RenderText {#text} at (0,0) size 32x22
              text run at (0,0) width 32: "One"
        RenderBlock (anonymous) at (4,47.89) size 776x221.19
          RenderBlock {H3} at (0,0) size 776x221.19 [border: (2px solid #FF0000)]
            RenderBlock (anonymous) at (4,4) size 768x24
              RenderInline {I} at (0,0) size 39x24
                RenderText {#text} at (0,0) size 39x24
                  text run at (0,0) width 39: "Two"
            RenderBlock (anonymous) at (4,53.63) size 768x137.94
              RenderBlock {H3} at (0,0) size 768x137.94 [border: (2px solid #FF0000)]
                RenderBlock (anonymous) at (4,4) size 760x29
                  RenderInline {I} at (0,0) size 62x29
                    RenderText {#text} at (0,0) size 62x29
                      text run at (0,0) width 62: "Three"
                RenderBlock (anonymous) at (4,62.97) size 760x41
                  RenderBlock {H3} at (0,0) size 760x41 [border: (2px solid #FF0000)]
                    RenderInline {I} at (0,0) size 64x33
                      RenderText {#text} at (4,4) size 64x33
                        text run at (4,4) width 64: "Four"
                RenderBlock (anonymous) at (4,133.94) size 760x0
                  RenderInline {I} at (0,0) size 0x0
            RenderBlock (anonymous) at (4,217.19) size 768x0
              RenderInline {I} at (0,0) size 0x0
        RenderBlock (anonymous) at (4,290.97) size 776x0
          RenderInline {I} at (0,0) size 0x0
