layer at (0,0) size 800x600
  RenderView at (0,0) size 800x600
layer at (0,0) size 800x379
  RenderBlock {HTML} at (0,0) size 800x379.44
    RenderBody {BODY} at (8,18.72) size 784x352.72
      RenderBlock {H3} at (0,0) size 784x21
        RenderText {#text} at (0,0) size 91x20
          text run at (0,0) width 91: "It passes if:"
      RenderBlock {UL} at (0,39.72) size 784x36
        RenderListItem {LI} at (40,0) size 744x18
          RenderListMarker at (-17,0) size 7x17: bullet
          RenderText {#text} at (0,0) size 425x17
            text run at (0,0) width 425: "the canvas content has rounded corners (top-left and bottom-right)"
        RenderListItem {LI} at (40,18) size 744x18
          RenderListMarker at (-17,0) size 7x17: bullet
          RenderText {#text} at (0,0) size 194x17
            text run at (0,0) width 194: "gray background is not visible"
      RenderBlock (anonymous) at (0,91.72) size 784x261
        RenderText {#text} at (0,0) size 0x0
        RenderText {#text} at (0,0) size 0x0
layer at (8,110) size 257x257
  RenderHTMLCanvas {CANVAS} at (0,0) size 257x257 [bgcolor=#808080]
