layer at (0,0) size 800x600
  RenderView at (0,0) size 800x600
layer at (0,0) size 800x600
  RenderBlock {HTML} at (0,0) size 800x600
    RenderBody {BODY} at (8,8) size 784x576
      RenderBlock {FORM} at (0,0) size 784x63
        RenderBlock (anonymous) at (0,0) size 784x63
          RenderBlock {INPUT} at (4,3) size 13x13
          RenderInline {B} at (0,0) size 76x17
            RenderText {#text} at (20,2) size 76x17
              text run at (20,2) width 76: "Attach File"
          RenderBR {BR} at (95,16) size 1x0
          RenderBR {BR} at (0,20) size 0x17
          RenderText {#text} at (0,41) size 89x17
            text run at (0,41) width 89: "  Select File:  "
          RenderFileUploadControl {INPUT} at (90.42,40) size 253x21 "No file chosen" [color=#545454]
            RenderButton {INPUT} at (0,0) size 87.14x21 [color=#808080] [bgcolor=#C0C0C0] [border: (2px outset #C0C0C0)]
              RenderBlock (anonymous) at (8,3) size 71.14x15
                RenderText {#text} at (0,0) size 72x15
                  text run at (0,0) width 72: "Choose File"
          RenderBR {BR} at (345,55) size 1x0
        RenderTable {TABLE} at (0,63) size 0x0
