layer at (0,0) size 1134x600
  RenderView at (0,0) size 800x600
layer at (0,0) size 800x600
  RenderBlock {HTML} at (0,0) size 800x600
    RenderBody {BODY} at (8,8) size 784x584
      RenderTable {TABLE} at (0,0) size 1126x105
        RenderTableSection {TBODY} at (0,0) size 1126x105
          RenderTableRow {TR} at (0,2) size 1126x20
            RenderTableCell {TH} at (2,11) size 86x2 [r=0 c=0 rs=1 cs=1]
            RenderTableCell {TH} at (90,11) size 257x2 [r=0 c=1 rs=1 cs=1]
            RenderTableCell {TH} at (349,2) size 257x20 [r=0 c=2 rs=1 cs=1]
              RenderText {#text} at (82,1) size 93x17
                text run at (82,1) width 93: "text-align:left"
            RenderTableCell {TH} at (608,2) size 257x20 [r=0 c=3 rs=1 cs=1]
              RenderText {#text} at (72,1) size 113x17
                text run at (72,1) width 113: "text-align:center"
            RenderTableCell {TH} at (867,2) size 257x20 [r=0 c=4 rs=1 cs=1]
              RenderText {#text} at (76,1) size 105x17
                text run at (76,1) width 105: "text-align:right"
          RenderTableRow {TR} at (0,24) size 1126x25
            RenderTableCell {TH} at (2,35) size 86x2 [r=1 c=0 rs=1 cs=1]
            RenderTableCell {TD} at (90,24) size 257x25 [border: (1px solid #000000)] [r=1 c=1 rs=1 cs=1]
              RenderFileUploadControl {INPUT} at (2,2) size 253x21 "No file chosen"
                RenderButton {INPUT} at (0,0) size 87.14x21 [bgcolor=#C0C0C0] [border: (2px outset #C0C0C0)]
                  RenderBlock (anonymous) at (8,3) size 71.14x15
                    RenderText {#text} at (0,0) size 72x15
                      text run at (0,0) width 72: "Choose File"
            RenderTableCell {TD} at (349,24) size 257x25 [border: (1px solid #000000)] [r=1 c=2 rs=1 cs=1]
              RenderFileUploadControl {INPUT} at (2,2) size 253x21 "No file chosen"
                RenderButton {INPUT} at (0,0) size 87.14x21 [bgcolor=#C0C0C0] [border: (2px outset #C0C0C0)]
                  RenderBlock (anonymous) at (8,3) size 71.14x15
                    RenderText {#text} at (0,0) size 72x15
                      text run at (0,0) width 72: "Choose File"
            RenderTableCell {TD} at (608,24) size 257x25 [border: (1px solid #000000)] [r=1 c=3 rs=1 cs=1]
              RenderFileUploadControl {INPUT} at (2,2) size 253x21 "No file chosen"
                RenderButton {INPUT} at (0,0) size 87.14x21 [bgcolor=#C0C0C0] [border: (2px outset #C0C0C0)]
                  RenderBlock (anonymous) at (8,3) size 71.14x15
                    RenderText {#text} at (0,0) size 72x15
                      text run at (0,0) width 72: "Choose File"
            RenderTableCell {TD} at (867,24) size 257x25 [border: (1px solid #000000)] [r=1 c=4 rs=1 cs=1]
              RenderFileUploadControl {INPUT} at (2,2) size 253x21 "No file chosen"
                RenderButton {INPUT} at (0,0) size 87.14x21 [bgcolor=#C0C0C0] [border: (2px outset #C0C0C0)]
                  RenderBlock (anonymous) at (8,3) size 71.14x15
                    RenderText {#text} at (0,0) size 72x15
                      text run at (0,0) width 72: "Choose File"
          RenderTableRow {TR} at (0,51) size 1126x25
            RenderTableCell {TH} at (2,53) size 86x20 [r=2 c=0 rs=1 cs=1]
              RenderText {#text} at (1,1) size 84x17
                text run at (1,1) width 84: "direction:ltr"
            RenderTableCell {TD} at (90,51) size 257x25 [border: (1px solid #000000)] [r=2 c=1 rs=1 cs=1]
              RenderFileUploadControl {INPUT} at (2,2) size 253x21 "No file chosen"
                RenderButton {INPUT} at (0,0) size 87.14x21 [bgcolor=#C0C0C0] [border: (2px outset #C0C0C0)]
                  RenderBlock (anonymous) at (8,3) size 71.14x15
                    RenderText {#text} at (0,0) size 72x15
                      text run at (0,0) width 72: "Choose File"
            RenderTableCell {TD} at (349,51) size 257x25 [border: (1px solid #000000)] [r=2 c=2 rs=1 cs=1]
              RenderFileUploadControl {INPUT} at (2,2) size 253x21 "No file chosen"
                RenderButton {INPUT} at (0,0) size 87.14x21 [bgcolor=#C0C0C0] [border: (2px outset #C0C0C0)]
                  RenderBlock (anonymous) at (8,3) size 71.14x15
                    RenderText {#text} at (0,0) size 72x15
                      text run at (0,0) width 72: "Choose File"
            RenderTableCell {TD} at (608,51) size 257x25 [border: (1px solid #000000)] [r=2 c=3 rs=1 cs=1]
              RenderFileUploadControl {INPUT} at (2,2) size 253x21 "No file chosen"
                RenderButton {INPUT} at (0,0) size 87.14x21 [bgcolor=#C0C0C0] [border: (2px outset #C0C0C0)]
                  RenderBlock (anonymous) at (8,3) size 71.14x15
                    RenderText {#text} at (0,0) size 72x15
                      text run at (0,0) width 72: "Choose File"
            RenderTableCell {TD} at (867,51) size 257x25 [border: (1px solid #000000)] [r=2 c=4 rs=1 cs=1]
              RenderFileUploadControl {INPUT} at (2,2) size 253x21 "No file chosen"
                RenderButton {INPUT} at (0,0) size 87.14x21 [bgcolor=#C0C0C0] [border: (2px outset #C0C0C0)]
                  RenderBlock (anonymous) at (8,3) size 71.14x15
                    RenderText {#text} at (0,0) size 72x15
                      text run at (0,0) width 72: "Choose File"
          RenderTableRow {TR} at (0,78) size 1126x25
            RenderTableCell {TH} at (2,80) size 86x20 [r=3 c=0 rs=1 cs=1]
              RenderText {#text} at (1,1) size 84x17
                text run at (1,1) width 84: "direction:rtl"
            RenderTableCell {TD} at (90,78) size 257x25 [border: (1px solid #000000)] [r=3 c=1 rs=1 cs=1]
              RenderFileUploadControl {INPUT} at (2,2) size 253x21 "No file chosen"
                RenderButton {INPUT} at (165.86,0) size 87.14x21 [bgcolor=#C0C0C0] [border: (2px outset #C0C0C0)]
                  RenderBlock (anonymous) at (8,3) size 71.14x15
                    RenderText {#text} at (0,0) size 72x15
                      text run at (0,0) width 72: "Choose File"
            RenderTableCell {TD} at (349,78) size 257x25 [border: (1px solid #000000)] [r=3 c=2 rs=1 cs=1]
              RenderFileUploadControl {INPUT} at (2,2) size 253x21 "No file chosen"
                RenderButton {INPUT} at (165.86,0) size 87.14x21 [bgcolor=#C0C0C0] [border: (2px outset #C0C0C0)]
                  RenderBlock (anonymous) at (8,3) size 71.14x15
                    RenderText {#text} at (0,0) size 72x15
                      text run at (0,0) width 72: "Choose File"
            RenderTableCell {TD} at (608,78) size 257x25 [border: (1px solid #000000)] [r=3 c=3 rs=1 cs=1]
              RenderFileUploadControl {INPUT} at (2,2) size 253x21 "No file chosen"
                RenderButton {INPUT} at (165.86,0) size 87.14x21 [bgcolor=#C0C0C0] [border: (2px outset #C0C0C0)]
                  RenderBlock (anonymous) at (8,3) size 71.14x15
                    RenderText {#text} at (0,0) size 72x15
                      text run at (0,0) width 72: "Choose File"
            RenderTableCell {TD} at (867,78) size 257x25 [border: (1px solid #000000)] [r=3 c=4 rs=1 cs=1]
              RenderFileUploadControl {INPUT} at (2,2) size 253x21 "No file chosen"
                RenderButton {INPUT} at (165.86,0) size 87.14x21 [bgcolor=#C0C0C0] [border: (2px outset #C0C0C0)]
                  RenderBlock (anonymous) at (8,3) size 71.14x15
                    RenderText {#text} at (0,0) size 72x15
                      text run at (0,0) width 72: "Choose File"
