EDITING DELEGATE: webViewDidChangeSelection:WebViewDidChangeSelectionNotification
EDITING DELEGATE: webViewDidChangeSelection:WebViewDidChangeSelectionNotification
EDITING DELEGATE: webViewDidChangeSelection:WebViewDidChangeSelectionNotification
EDITING DELEGATE: webViewDidChangeSelection:WebViewDidChangeSelectionNotification
EDITING DELEGATE: webViewDidChange:WebViewDidChangeNotification
layer at (0,0) size 800x600
  RenderView at (0,0) size 800x600
layer at (0,0) size 800x600
  RenderBlock {HTML} at (0,0) size 800x600
    RenderBody {BODY} at (8,8) size 784x576
      RenderBlock {P} at (0,0) size 784x18
        RenderText {#text} at (0,0) size 235x18
          text run at (0,0) width 235: "This tests Copy/Paste of a input field."
      RenderBlock {DIV} at (0,34) size 784x19
        RenderTextControl {INPUT} at (0,0) size 123x19 [bgcolor=#FFFFFF] [border: (2px inset #EEEEEE)]
        RenderTextControl {INPUT} at (123,0) size 123x19 [bgcolor=#FFFFFF] [border: (2px inset #EEEEEE)]
      RenderBlock {UL} at (0,69) size 784x18
        RenderListItem {LI} at (40,0) size 744x18
          RenderListMarker at (-17,0) size 7x18: bullet
          RenderText {#text} at (0,0) size 43x18
            text run at (0,0) width 43: "Passed"
layer at (11,45) size 117x13
  RenderBlock {DIV} at (3,3) size 117x13
layer at (134,45) size 117x13
  RenderBlock {DIV} at (3,3) size 117x13
caret: position 1 of child 1 {INPUT} of child 2 {DIV} of body
