layer at (0,0) size 800x731
  RenderView at (0,0) size 800x600
layer at (0,0) size 800x731
  RenderBlock {HTML} at (0,0) size 800x730.59
    RenderBody {BODY} at (8,8) size 784x714.59 [color=#008000] [bgcolor=#CCCCCC]
      RenderBlock {P} at (0,0) size 784x18
        RenderText {#text} at (0,0) size 355x18
          text run at (0,0) width 355: "The style declarations which apply to the text below are:"
      RenderBlock {PRE} at (0,34) size 784x105
        RenderText {#text} at (0,0) size 272x105
          text run at (0,0) width 160: "BODY {color: green;}"
          text run at (160,0) width 0: " "
          text run at (0,15) width 136: "H3 {color: blue;}"
          text run at (136,15) width 0: " "
          text run at (0,30) width 152: "EM {color: purple;}"
          text run at (152,30) width 0: " "
          text run at (0,45) width 208: ".one {font-style: italic;}"
          text run at (208,45) width 0: " "
          text run at (0,60) width 272: ".two {text-decoration: underline;}"
          text run at (272,60) width 0: " "
          text run at (0,75) width 152: "#two {color: navy;}"
          text run at (152,75) width 0: " "
          text run at (0,90) width 184: ".three {color: purple;}"
          text run at (184,90) width 0: " "
      RenderBlock {HR} at (0,152) size 784x2 [border: (1px inset #EEEEEE)]
      RenderBlock {H3} at (0,172.72) size 784x22 [color=#0000FF]
        RenderText {#text} at (0,0) size 210x22
          text run at (0,0) width 210: "This sentence should show "
        RenderInline {STRONG} at (0,0) size 33x22
          RenderText {#text} at (210,0) size 33x22
            text run at (210,0) width 33: "blue"
        RenderText {#text} at (243,0) size 39x22
          text run at (243,0) width 39: " and "
        RenderInline {EM} at (0,0) size 48x22 [color=#800080]
          RenderText {#text} at (282,0) size 48x22
            text run at (282,0) width 48: "purple"
        RenderText {#text} at (330,0) size 5x22
          text run at (330,0) width 5: "."
      RenderBlock {H3} at (0,213.44) size 784x22 [color=#0000FF]
        RenderText {#text} at (0,0) size 188x22
          text run at (0,0) width 188: "This sentence should be "
        RenderInline {SPAN} at (0,0) size 32x22
          RenderText {#text} at (188,0) size 32x22
            text run at (188,0) width 32: "blue"
        RenderText {#text} at (220,0) size 97x22
          text run at (220,0) width 97: " throughout."
      RenderBlock {P} at (0,254.16) size 784x18
        RenderText {#text} at (0,0) size 226x18
          text run at (0,0) width 226: "This should be green except for the "
        RenderInline {EM} at (0,0) size 117x18 [color=#800080]
          RenderText {#text} at (226,0) size 117x18
            text run at (226,0) width 117: "emphasized words"
        RenderText {#text} at (343,0) size 160x18
          text run at (343,0) width 160: ", which should be purple."
      RenderBlock {H3} at (0,290.88) size 784x22 [color=#0000FF]
        RenderText {#text} at (0,0) size 279x22
          text run at (0,0) width 279: "This should be blue and underlined."
      RenderBlock {P} at (0,331.59) size 784x18
        RenderText {#text} at (0,0) size 293x18
          text run at (0,0) width 293: "This sentence should be underlined, including "
        RenderInline {TT} at (0,0) size 72x15
          RenderText {#text} at (293,2) size 72x15
            text run at (293,2) width 72: "this part"
        RenderText {#text} at (365,0) size 8x18
          text run at (365,0) width 8: ", "
        RenderInline {I} at (0,0) size 52x18
          RenderText {#text} at (373,0) size 52x18
            text run at (373,0) width 52: "this part"
        RenderText {#text} at (425,0) size 8x18
          text run at (425,0) width 8: ", "
        RenderInline {EM} at (0,0) size 52x18 [color=#800080]
          RenderText {#text} at (433,0) size 52x18
            text run at (433,0) width 52: "this part"
        RenderText {#text} at (485,0) size 35x18
          text run at (485,0) width 35: ", and "
        RenderInline {STRONG} at (0,0) size 57x18
          RenderText {#text} at (520,0) size 57x18
            text run at (520,0) width 57: "this part"
        RenderText {#text} at (577,0) size 4x18
          text run at (577,0) width 4: "."
      RenderBlock {P} at (0,365.59) size 784x18 [color=#000080]
        RenderText {#text} at (0,0) size 436x18
          text run at (0,0) width 436: "This sentence should also be underlined, as well as dark blue (navy), "
        RenderInline {TT} at (0,0) size 152x15
          RenderText {#text} at (436,2) size 152x15
            text run at (436,2) width 152: "including this part"
        RenderText {#text} at (588,0) size 4x18
          text run at (588,0) width 4: "."
      RenderBlock {P} at (0,399.59) size 784x18 [color=#800080]
        RenderText {#text} at (0,0) size 266x18
          text run at (0,0) width 266: "This sentence should be purple, including "
        RenderInline {STRONG} at (0,0) size 57x18
          RenderText {#text} at (266,0) size 57x18
            text run at (266,0) width 57: "this part"
        RenderText {#text} at (323,0) size 31x18
          text run at (323,0) width 31: " and "
        RenderInline {SPAN} at (0,0) size 173x18
          RenderText {#text} at (354,0) size 173x18
            text run at (354,0) width 173: "this part (which is spanned)"
        RenderText {#text} at (527,0) size 4x18
          text run at (527,0) width 4: "."
      RenderTable {TABLE} at (0,433.59) size 614x281 [border: (1px outset #808080)]
        RenderTableSection {TBODY} at (1,1) size 612x279
          RenderTableRow {TR} at (0,0) size 612x26
            RenderTableCell {TD} at (0,0) size 612x26 [bgcolor=#C0C0C0] [border: (1px inset #808080)] [r=0 c=0 rs=1 cs=2]
              RenderInline {STRONG} at (0,0) size 163x18
                RenderText {#text} at (4,4) size 163x18
                  text run at (4,4) width 163: "TABLE Testing Section"
          RenderTableRow {TR} at (0,26) size 612x253
            RenderTableCell {TD} at (0,139) size 12x26 [bgcolor=#C0C0C0] [border: (1px inset #808080)] [r=1 c=0 rs=1 cs=1]
              RenderText {#text} at (4,4) size 4x18
                text run at (4,4) width 4: " "
            RenderTableCell {TD} at (12,26) size 600x252.88 [border: (1px inset #808080)] [r=1 c=1 rs=1 cs=1]
              RenderBlock {H3} at (4,4) size 592x22 [color=#0000FF]
                RenderText {#text} at (0,0) size 210x22
                  text run at (0,0) width 210: "This sentence should show "
                RenderInline {STRONG} at (0,0) size 33x22
                  RenderText {#text} at (210,0) size 33x22
                    text run at (210,0) width 33: "blue"
                RenderText {#text} at (243,0) size 39x22
                  text run at (243,0) width 39: " and "
                RenderInline {EM} at (0,0) size 48x22 [color=#800080]
                  RenderText {#text} at (282,0) size 48x22
                    text run at (282,0) width 48: "purple"
                RenderText {#text} at (330,0) size 5x22
                  text run at (330,0) width 5: "."
              RenderBlock {H3} at (4,44.72) size 592x22 [color=#0000FF]
                RenderText {#text} at (0,0) size 188x22
                  text run at (0,0) width 188: "This sentence should be "
                RenderInline {SPAN} at (0,0) size 32x22
                  RenderText {#text} at (188,0) size 32x22
                    text run at (188,0) width 32: "blue"
                RenderText {#text} at (220,0) size 97x22
                  text run at (220,0) width 97: " throughout."
              RenderBlock {P} at (4,85.44) size 592x18
                RenderText {#text} at (0,0) size 226x18
                  text run at (0,0) width 226: "This should be green except for the "
                RenderInline {EM} at (0,0) size 117x18 [color=#800080]
                  RenderText {#text} at (226,0) size 117x18
                    text run at (226,0) width 117: "emphasized words"
                RenderText {#text} at (343,0) size 160x18
                  text run at (343,0) width 160: ", which should be purple."
              RenderBlock {H3} at (4,122.16) size 592x22 [color=#0000FF]
                RenderText {#text} at (0,0) size 279x22
                  text run at (0,0) width 279: "This should be blue and underlined."
              RenderBlock {P} at (4,162.88) size 592x18
                RenderText {#text} at (0,0) size 293x18
                  text run at (0,0) width 293: "This sentence should be underlined, including "
                RenderInline {TT} at (0,0) size 72x15
                  RenderText {#text} at (293,2) size 72x15
                    text run at (293,2) width 72: "this part"
                RenderText {#text} at (365,0) size 8x18
                  text run at (365,0) width 8: ", "
                RenderInline {I} at (0,0) size 52x18
                  RenderText {#text} at (373,0) size 52x18
                    text run at (373,0) width 52: "this part"
                RenderText {#text} at (425,0) size 8x18
                  text run at (425,0) width 8: ", "
                RenderInline {EM} at (0,0) size 52x18 [color=#800080]
                  RenderText {#text} at (433,0) size 52x18
                    text run at (433,0) width 52: "this part"
                RenderText {#text} at (485,0) size 35x18
                  text run at (485,0) width 35: ", and "
                RenderInline {STRONG} at (0,0) size 57x18
                  RenderText {#text} at (520,0) size 57x18
                    text run at (520,0) width 57: "this part"
                RenderText {#text} at (577,0) size 4x18
                  text run at (577,0) width 4: "."
              RenderBlock {P} at (4,196.88) size 592x18 [color=#000080]
                RenderText {#text} at (0,0) size 436x18
                  text run at (0,0) width 436: "This sentence should also be underlined, as well as dark blue (navy), "
                RenderInline {TT} at (0,0) size 152x15
                  RenderText {#text} at (436,2) size 152x15
                    text run at (436,2) width 152: "including this part"
                RenderText {#text} at (588,0) size 4x18
                  text run at (588,0) width 4: "."
              RenderBlock {P} at (4,230.88) size 592x18 [color=#800080]
                RenderText {#text} at (0,0) size 266x18
                  text run at (0,0) width 266: "This sentence should be purple, including "
                RenderInline {STRONG} at (0,0) size 57x18
                  RenderText {#text} at (266,0) size 57x18
                    text run at (266,0) width 57: "this part"
                RenderText {#text} at (323,0) size 31x18
                  text run at (323,0) width 31: " and "
                RenderInline {SPAN} at (0,0) size 173x18
                  RenderText {#text} at (354,0) size 173x18
                    text run at (354,0) width 173: "this part (which is spanned)"
                RenderText {#text} at (527,0) size 4x18
                  text run at (527,0) width 4: "."
