EDITING DELEGATE: webViewDidChangeSelection:WebViewDidChangeSelectionNotification
EDITING DELEGATE: webViewDidChangeSelection:WebViewDidChangeSelectionNotification
EDITING DELEGATE: webViewDidChangeSelection:WebViewDidChangeSelectionNotification
EDITING DELEGATE: webViewDidChangeSelection:WebViewDidChangeSelectionNotification
EDITING DELEGATE: webViewDidChange:WebViewDidChangeNotification
layer at (0,0) size 800x600
  RenderView at (0,0) size 800x600
layer at (0,0) size 800x600
  RenderBlock {HTML} at (0,0) size 800x600
    RenderBody {BODY} at (8,8) size 784x584
      RenderBlock {P} at (0,0) size 784x36
        RenderText {#text} at (0,0) size 784x35
          text run at (0,0) width 402: "This tests deleting a selection created with a word granularity. "
          text run at (401,0) width 355: "To run it manually, double click on 'bar' and hit delete. "
          text run at (755,0) width 29: "You"
          text run at (0,18) width 129: "should see 'foo baz'."
      RenderBlock {DIV} at (0,52) size 784x18
        RenderText {#text} at (0,0) size 26x17
          text run at (0,0) width 26: "foo "
        RenderText {#text} at (25,0) size 23x17
          text run at (25,0) width 23: "baz"
caret: position 4 of child 0 {#text} of child 2 {DIV} of body
