layer at (0,0) size 1122x585
  RenderView at (0,0) size 800x585
layer at (0,0) size 800x466
  RenderBlock {HTML} at (0,0) size 800x466
    RenderBody {BODY} at (8,16) size 784x442
      RenderBlock {P} at (0,0) size 784x18
        RenderText {#text} at (0,0) size 53x18
          text run at (0,0) width 53: "Test for "
        RenderInline {I} at (0,0) size 722x18
          RenderInline {A} at (0,0) size 293x18 [color=#0000EE]
            RenderText {#text} at (53,0) size 293x18
              text run at (53,0) width 293: "http://bugs.webkit.org/show_bug.cgi?id=5399"
          RenderText {#text} at (346,0) size 429x18
            text run at (346,0) width 4: " "
            text run at (350,0) width 425: "no-repeat on negatively positioned background images are ignored"
        RenderText {#text} at (775,0) size 4x18
          text run at (775,0) width 4: "."
      RenderBlock {P} at (0,34) size 784x18
        RenderText {#text} at (0,0) size 454x18
          text run at (0,0) width 454: "Element with background image starting at (-13, -13) with no-repeat set:"
      RenderBlock (floating) {DIV} at (6,74) size 34x34 [border: (1px dotted #008000)]
      RenderBlock (floating) {DIV} at (6,74) size 29x29 [border: (1px dotted #008000)]
      RenderBlock (floating) {DIV} at (6,74) size 24x24 [border: (1px dotted #008000)]
      RenderBlock {P} at (0,68) size 784x18
        RenderText {#text} at (0,0) size 446x18
          text run at (0,0) width 446: "Element with background image starting at (-13, -13) with repeat-y set:"
      RenderBlock (floating) {DIV} at (6,108) size 34x34 [border: (1px dotted #008000)]
      RenderBlock (floating) {DIV} at (6,108) size 29x29 [border: (1px dotted #008000)]
      RenderBlock (floating) {DIV} at (6,108) size 24x24 [border: (1px dotted #008000)]
      RenderBlock {P} at (0,102) size 784x18
        RenderText {#text} at (0,0) size 446x18
          text run at (0,0) width 446: "Element with background image starting at (-13, -13) with repeat-x set:"
      RenderBlock (floating) {DIV} at (6,142) size 34x34 [border: (1px dotted #008000)]
      RenderBlock (floating) {DIV} at (6,142) size 29x29 [border: (1px dotted #008000)]
      RenderBlock (floating) {DIV} at (6,142) size 24x24 [border: (1px dotted #008000)]
      RenderBlock {P} at (0,136) size 784x18
        RenderText {#text} at (0,0) size 444x18
          text run at (0,0) width 444: "Element with background image starting at (13, 13) with no-repeat set:"
      RenderBlock (floating) {DIV} at (6,176) size 34x34 [border: (1px dotted #008000)]
      RenderBlock (floating) {DIV} at (6,176) size 29x29 [border: (1px dotted #008000)]
      RenderBlock (floating) {DIV} at (6,176) size 24x24 [border: (1px dotted #008000)]
      RenderBlock {P} at (0,170) size 784x18
        RenderText {#text} at (0,0) size 436x18
          text run at (0,0) width 436: "Element with background image starting at (13, 13) with repeat-y set:"
      RenderBlock (floating) {DIV} at (6,210) size 34x34 [border: (1px dotted #008000)]
      RenderBlock (floating) {DIV} at (6,210) size 29x29 [border: (1px dotted #008000)]
      RenderBlock (floating) {DIV} at (6,210) size 24x24 [border: (1px dotted #008000)]
      RenderBlock {P} at (0,204) size 784x18
        RenderText {#text} at (0,0) size 436x18
          text run at (0,0) width 436: "Element with background image starting at (13, 13) with repeat-x set:"
      RenderBlock (floating) {DIV} at (6,244) size 34x34 [border: (1px dotted #008000)]
      RenderBlock (floating) {DIV} at (6,244) size 29x29 [border: (1px dotted #008000)]
      RenderBlock (floating) {DIV} at (6,244) size 24x24 [border: (1px dotted #008000)]
layer at (8,254) size 464x204
  RenderTable {TABLE} at (0,238) size 464x204 [border: (5px outset #808080)]
    RenderTableSection {TBODY} at (5,5) size 454x194
      RenderTableRow {TR} at (0,2) size 454x190
        RenderTableCell {TD} at (2,2) size 450x190 [border: (1px inset #808080)] [r=0 c=0 rs=1 cs=1]
          RenderBlock (floating) {DIV} at (8,8) size 34x34 [border: (1px dotted #008000)]
          RenderBlock (floating) {DIV} at (8,8) size 29x29 [border: (1px dotted #008000)]
          RenderBlock (floating) {DIV} at (8,8) size 24x24 [border: (1px dotted #008000)]
          RenderBlock {P} at (2,18) size 446x18
            RenderText {#text} at (0,0) size 446x18
              text run at (0,0) width 446: "Element with background image starting at (-13, -13) with repeat-y set:"
          RenderBlock (floating) {DIV} at (8,58) size 34x34 [border: (1px dotted #008000)]
          RenderBlock (floating) {DIV} at (8,58) size 29x29 [border: (1px dotted #008000)]
          RenderBlock (floating) {DIV} at (8,58) size 24x24 [border: (1px dotted #008000)]
          RenderBlock {P} at (2,52) size 446x18
            RenderText {#text} at (0,0) size 446x18
              text run at (0,0) width 446: "Element with background image starting at (-13, -13) with repeat-x set:"
          RenderBlock (floating) {DIV} at (8,92) size 34x34 [border: (1px dotted #008000)]
          RenderBlock (floating) {DIV} at (8,92) size 29x29 [border: (1px dotted #008000)]
          RenderBlock (floating) {DIV} at (8,92) size 24x24 [border: (1px dotted #008000)]
          RenderBlock {P} at (2,86) size 446x18
            RenderText {#text} at (0,0) size 444x18
              text run at (0,0) width 444: "Element with background image starting at (13, 13) with no-repeat set:"
          RenderBlock (floating) {DIV} at (8,126) size 34x34 [border: (1px dotted #008000)]
          RenderBlock (floating) {DIV} at (8,126) size 29x29 [border: (1px dotted #008000)]
          RenderBlock (floating) {DIV} at (8,126) size 24x24 [border: (1px dotted #008000)]
          RenderBlock {P} at (2,120) size 446x18
            RenderText {#text} at (0,0) size 436x18
              text run at (0,0) width 436: "Element with background image starting at (13, 13) with repeat-y set:"
          RenderBlock (floating) {DIV} at (8,160) size 34x34 [border: (1px dotted #008000)]
          RenderBlock (floating) {DIV} at (8,160) size 29x29 [border: (1px dotted #008000)]
          RenderBlock (floating) {DIV} at (8,160) size 24x24 [border: (1px dotted #008000)]
          RenderBlock {P} at (2,154) size 446x18
            RenderText {#text} at (0,0) size 436x18
              text run at (0,0) width 436: "Element with background image starting at (13, 13) with repeat-x set:"
          RenderBlock (floating) {DIV} at (8,194) size 34x34 [border: (1px dotted #008000)]
          RenderBlock (floating) {DIV} at (8,194) size 29x29 [border: (1px dotted #008000)]
          RenderBlock (floating) {DIV} at (8,194) size 24x24 [border: (1px dotted #008000)]
