layer at (0,0) size 800x600
  RenderView at (0,0) size 800x600
layer at (0,0) size 800x126
  RenderBlock {HTML} at (0,0) size 800x126
    RenderBody {BODY} at (8,8) size 784x110
      RenderText {#text} at (0,0) size 0x0
layer at (8,8) size 34x110 clip at (9,9) size 21x108
  RenderListBox {SELECT} at (0,0) size 33.94x110 [bgcolor=#FFFFFF] [border: (1px solid #999999)]
    RenderBlock {OPTION} at (1,1) size 20.94x12
      RenderText {#text} at (2,0) size 17x11
        text run at (2,0) width 17: "test"
