layer at (0,0) size 800x600
  RenderView at (0,0) size 800x600
layer at (0,0) size 800x440
  RenderBlock {HTML} at (0,0) size 800x440
    RenderBody {BODY} at (8,8) size 784x424
      RenderText {#text} at (189,30) size 4x17
        text run at (189,30) width 4: " "
      RenderBR {BR} at (193,30) size 0x17
      RenderText {#text} at (193,82) size 4x17
        text run at (193,82) width 4: " "
      RenderText {#text} at (386,82) size 4x17
        text run at (386,82) width 4: " "
      RenderBR {BR} at (390,82) size 0x17
      RenderText {#text} at (189,130) size 4x17
        text run at (189,130) width 4: " "
      RenderBR {BR} at (193,130) size 0x17
      RenderText {#text} at (189,178) size 4x17
        text run at (189,178) width 4: " "
      RenderBR {BR} at (193,178) size 0x17
      RenderText {#text} at (229,242) size 4x17
        text run at (229,242) width 4: " "
      RenderText {#text} at (502,242) size 4x17
        text run at (502,242) width 4: " "
      RenderText {#text} at (309,314) size 4x17
        text run at (309,314) width 4: " "
      RenderBR {BR} at (313,314) size 0x17
      RenderText {#text} at (275,406) size 4x17
        text run at (275,406) width 4: " "
      RenderText {#text} at (642,406) size 4x17
        text run at (642,406) width 4: " "
      RenderBR {BR} at (646,406) size 0x17
layer at (12,12) size 181x36 clip at (13,13) size 179x34
  RenderTextControl {TEXTAREA} at (4,4) size 181x36 [bgcolor=#FFFFFF] [border: (1px solid #A9A9A9)]
    RenderBlock {DIV} at (3,3) size 175x15
      RenderText {#text} at (0,0) size 24x15
        text run at (0,0) width 24: "foo"
layer at (12,60) size 185x40 clip at (15,63) size 179x34
  RenderTextControl {TEXTAREA} at (4,52) size 185x40 [bgcolor=#FFFFFF] [border: (3px solid #00FF00)]
    RenderBlock {DIV} at (5,5) size 175x15
      RenderText {#text} at (0,0) size 24x15
        text run at (0,0) width 24: "foo"
layer at (209,64) size 181x36 clip at (210,65) size 179x34
  RenderTextControl {TEXTAREA} at (201,56) size 181x36 [bgcolor=#FFFFFF] [border: (1px solid #A9A9A9)]
    RenderBlock {DIV} at (3,3) size 175x15
      RenderText {#text} at (0,0) size 24x15
        text run at (0,0) width 24: "foo"
layer at (12,112) size 181x36 clip at (13,113) size 179x34
  RenderTextControl {TEXTAREA} at (4,104) size 181x36 [border: (1px solid #A9A9A9)]
    RenderBlock {DIV} at (3,3) size 175x15
      RenderText {#text} at (0,0) size 24x15
        text run at (0,0) width 24: "foo"
layer at (12,160) size 181x36 clip at (13,161) size 179x34
  RenderTextControl {TEXTAREA} at (4,152) size 181x36 [bgcolor=#FFFFFF] [border: (1px solid #A9A9A9)]
    RenderBlock {DIV} at (3,3) size 175x15
      RenderText {#text} at (0,0) size 24x15
        text run at (0,0) width 24: "foo"
layer at (12,218) size 221x42 clip at (13,219) size 219x40
  RenderTextControl {TEXTAREA} at (4,210) size 221x42 [bgcolor=#FFFFFF] [border: (1px solid #A9A9A9)]
    RenderBlock {DIV} at (3,3) size 215x18
      RenderText {#text} at (0,0) size 29x18
        text run at (0,0) width 29: "foo"
layer at (245,208) size 261x52 clip at (246,209) size 259x50
  RenderTextControl {TEXTAREA} at (237,200) size 261x52 [bgcolor=#FFFFFF] [border: (1px solid #A9A9A9)]
    RenderBlock {DIV} at (3,3) size 255x23
      RenderText {#text} at (0,0) size 37x23
        text run at (0,0) width 37: "foo"
layer at (12,272) size 301x60 clip at (13,273) size 299x58
  RenderTextControl {TEXTAREA} at (4,264) size 301x60 [bgcolor=#FFFFFF] [border: (1px solid #A9A9A9)]
    RenderBlock {DIV} at (3,3) size 295x27
      RenderText {#text} at (0,0) size 44x27
        text run at (0,0) width 44: "foo"
layer at (14,368) size 263x54 clip at (15,369) size 261x52
  RenderTextControl {TEXTAREA} at (6,360) size 263x54 [bgcolor=#FFFFFF] [border: (1px solid #A9A9A9)]
    RenderBlock {DIV} at (4,4) size 255x23
      RenderText {#text} at (0,0) size 37x23
        text run at (0,0) width 37: "foo"
layer at (295,348) size 347x72 clip at (297,350) size 343x68
  RenderTextControl {TEXTAREA} at (287,340) size 347x72 [bgcolor=#FFFFFF] [border: (2px solid #A9A9A9)]
    RenderBlock {DIV} at (6,6) size 335x30
      RenderText {#text} at (0,0) size 48x30
        text run at (0,0) width 48: "foo"
