layer at (0,0) size 800x600
  RenderView at (0,0) size 800x600
layer at (0,0) size 800x266
  RenderBlock {HTML} at (0,0) size 800x266
    RenderBody {BODY} at (8,16) size 784x242
      RenderBlock {P} at (0,0) size 784x18
        RenderText {#text} at (0,0) size 212x17
          text run at (0,0) width 212: "The word 'PASS' should be seen "
        RenderInline {EM} at (0,0) size 35x17
          RenderText {#text} at (211,0) size 35x17
            text run at (211,0) width 35: "twice"
        RenderText {#text} at (245,0) size 48x17
          text run at (245,0) width 48: " below."
layer at (8,50) size 272x208
  RenderBlock {DIV} at (0,34) size 272x208
    RenderMultiColumnSet at (0,0) size 272x208
layer at (8,50) size 80x456
  RenderMultiColumnFlowThread at (0,0) size 80x456
    RenderBlock (anonymous) at (0,0) size 80x368
      RenderBR {BR} at (0,7) size 0x17
      RenderBR {BR} at (0,39) size 0x17
      RenderBR {BR} at (0,71) size 0x17
      RenderBR {BR} at (0,103) size 0x17
      RenderBR {BR} at (0,135) size 0x17
      RenderBR {BR} at (0,167) size 0x17
      RenderBR {BR} at (0,215) size 0x17
      RenderBR {BR} at (0,247) size 0x17
      RenderBR {BR} at (0,279) size 0x17
      RenderBR {BR} at (0,311) size 0x17
      RenderBR {BR} at (0,343) size 0x17
layer at (0,50) size 800x128
  RenderBlock (positioned) {DIV} at (0,50) size 800x128 [bgcolor=#FFFF00]
layer at (16,426) size 64x72 transparent
  RenderBlock {DIV} at (8,376) size 64x72
    RenderText {#text} at (0,7) size 39x17
      text run at (0,7) width 39: "PASS"
    RenderBR {BR} at (38,7) size 1x17
    RenderText {#text} at (0,47) size 39x17
      text run at (0,47) width 39: "PASS"
