layer at (0,0) size 800x600
  RenderView at (0,0) size 800x600
layer at (0,0) size 800x202
  RenderBlock {HTML} at (0,0) size 800x202
    RenderBody {BODY} at (8,16) size 784x178
      RenderBlock {P} at (0,0) size 784x18
        RenderText {#text} at (0,0) size 666x17
          text run at (0,0) width 666: "There should be a yellow box in the second column, and the word 'PASS' should be in the third column."
layer at (8,50) size 272x144
  RenderBlock {DIV} at (0,34) size 272x144
    RenderMultiColumnSet at (0,0) size 272x144
layer at (8,50) size 80x272
  RenderMultiColumnFlowThread at (0,0) size 80x272
    RenderBlock (anonymous) at (0,0) size 80x240
      RenderBR {BR} at (0,7) size 0x17
      RenderBR {BR} at (0,39) size 0x17
      RenderBR {BR} at (0,71) size 0x17
      RenderBR {BR} at (0,103) size 0x17
      RenderBR {BR} at (0,151) size 0x17
      RenderBR {BR} at (0,183) size 0x17
      RenderBR {BR} at (0,215) size 0x17
layer at (0,50) size 800x144
  RenderBlock (positioned) {DIV} at (0,50) size 800x144 [bgcolor=#00FFFF]
layer at (8,290) size 80x32
  RenderBlock (relative positioned) zI: 2 {DIV} at (0,240) size 80x32 [bgcolor=#FFFF00]
    RenderBlock (anonymous) at (0,0) size 80x80
      RenderBR {BR} at (0,7) size 0x17
      RenderBR {BR} at (0,55) size 0x17
layer at (16,378) size 64x32 transparent
  RenderBlock {DIV} at (8,88) size 64x32
    RenderText {#text} at (0,7) size 39x17
      text run at (0,7) width 39: "PASS"
