layer at (0,0) size 1280x724
  RenderView at (0,0) size 800x600
layer at (0,0) size 800x724
  RenderBlock {HTML} at (0,0) size 800x724
    RenderBody {BODY} at (0,0) size 800x724
      RenderText {#text} at (0,0) size 0x0
      RenderText {#text} at (0,0) size 0x0
layer at (0,0) size 1280x720
  RenderVideo {VIDEO} at (0,0) size 1280x720
layer at (0,0) size 1280x720
  RenderFlexibleBox {DIV} at (0,0) size 1280x720
    RenderBlock {DIV} at (240,685) size 800x35
layer at (245,685) size 790x30
  RenderFlexibleBox {DIV} at (5,0) size 790x30 [bgcolor=#141414CC]
    RenderButton {INPUT} at (9,0) size 30x30
    RenderSlider {INPUT} at (48,11) size 618x8
      RenderFlexibleBox {DIV} at (0,0) size 618x8 [border: (1px solid #E6E6E659)]
        RenderBlock {DIV} at (1,-8) size 630x24
          RenderBlock {DIV} at (-7,0) size 32x24
    RenderFlexibleBox {DIV} at (681,0) size 25x30 [color=#FFFFFF]
      RenderBlock (anonymous) at (0,0) size 25x30
        RenderText {#text} at (0,7) size 25x15
          text run at (0,7) width 25: "0:00"
    RenderButton {INPUT} at (715,0) size 35x30
    RenderButton {INPUT} at (751,0) size 30x30
