CONSOLE ERROR: line 7: Uncaught SyntaxError: Illegal return statement
layer at (0,0) size 800x600
  RenderView at (0,0) size 800x600
layer at (0,0) size 800x50
  RenderBlock {HTML} at (0,0) size 800x50
    RenderBody {BODY} at (8,16) size 784x18
      RenderBlock {P} at (0,0) size 784x18
        RenderText {#text} at (0,0) size 145x18
          text run at (0,0) width 145: "Test passes if no crash."
