layer at (0,0) size 800x600
  RenderView at (0,0) size 800x600
layer at (0,0) size 800x264
  RenderBlock {HTML} at (0,0) size 800x264
    RenderBody {BODY} at (8,16) size 784x240
      RenderBlock {P} at (0,0) size 784x16
        RenderText {#text} at (0,0) size 212x16
          text run at (0,0) width 212: "The word 'PASS' should be seen "
        RenderInline {EM} at (0,0) size 35x16
          RenderText {#text} at (211,0) size 35x16
            text run at (211,0) width 35: "twice"
        RenderText {#text} at (245,0) size 48x16
          text run at (245,0) width 48: " below."
layer at (8,48) size 272x208
  RenderBlock {DIV} at (0,32) size 272x208
    RenderMultiColumnSet at (0,0) size 272x208
layer at (8,48) size 80x456
  RenderMultiColumnFlowThread at (0,0) size 80x456
    RenderBlock (anonymous) at (0,0) size 80x368
      RenderBR {BR} at (0,8) size 0x16
      RenderBR {BR} at (0,40) size 0x16
      RenderBR {BR} at (0,72) size 0x16
      RenderBR {BR} at (0,104) size 0x16
      RenderBR {BR} at (0,136) size 0x16
      RenderBR {BR} at (0,168) size 0x16
      RenderBR {BR} at (0,216) size 0x16
      RenderBR {BR} at (0,248) size 0x16
      RenderBR {BR} at (0,280) size 0x16
      RenderBR {BR} at (0,312) size 0x16
      RenderBR {BR} at (0,344) size 0x16
layer at (0,48) size 800x128
  RenderBlock (positioned) {DIV} at (0,48) size 800x128 [bgcolor=#FFFF00]
layer at (16,424) size 64x72 transparent
  RenderBlock {DIV} at (8,376) size 64x72
    RenderText {#text} at (0,8) size 39x16
      text run at (0,8) width 39: "PASS"
    RenderBR {BR} at (38,8) size 1x16
    RenderText {#text} at (0,48) size 39x16
      text run at (0,48) width 39: "PASS"
