layer at (0,0) size 800x600
  RenderView at (0,0) size 800x600
layer at (0,0) size 800x200
  RenderBlock {HTML} at (0,0) size 800x200
    RenderBody {BODY} at (8,16) size 784x176
      RenderBlock {P} at (0,0) size 784x16
        RenderText {#text} at (0,0) size 666x16
          text run at (0,0) width 666: "There should be a yellow box in the second column, and the word 'PASS' should be in the third column."
layer at (8,48) size 272x144
  RenderBlock {DIV} at (0,32) size 272x144
    RenderMultiColumnSet at (0,0) size 272x144
layer at (8,48) size 80x272
  RenderMultiColumnFlowThread at (0,0) size 80x272
    RenderBlock (anonymous) at (0,0) size 80x240
      RenderBR {BR} at (0,8) size 0x16
      RenderBR {BR} at (0,40) size 0x16
      RenderBR {BR} at (0,72) size 0x16
      RenderBR {BR} at (0,104) size 0x16
      RenderBR {BR} at (0,152) size 0x16
      RenderBR {BR} at (0,184) size 0x16
      RenderBR {BR} at (0,216) size 0x16
layer at (0,48) size 800x144
  RenderBlock (positioned) {DIV} at (0,48) size 800x144 [bgcolor=#00FFFF]
layer at (8,288) size 80x32
  RenderBlock (relative positioned) zI: 2 {DIV} at (0,240) size 80x32 [bgcolor=#FFFF00]
    RenderBlock (anonymous) at (0,0) size 80x80
      RenderBR {BR} at (0,8) size 0x16
      RenderBR {BR} at (0,56) size 0x16
layer at (16,376) size 64x32 transparent
  RenderBlock {DIV} at (8,88) size 64x32
    RenderText {#text} at (0,8) size 39x16
      text run at (0,8) width 39: "PASS"
