layer at (0,0) size 800x600
  RenderView at (0,0) size 800x600
layer at (0,0) size 800x8
  RenderBlock {HTML} at (0,0) size 800x8
    RenderBody {BODY} at (8,8) size 784x0
layer at (10,10) size 120x176
  RenderBlock (positioned) {DIV} at (10,10) size 120x176
    RenderBlock (anonymous) at (0,0) size 120x16
      RenderText {#text} at (0,0) size 66x16
        text run at (0,0) width 66: "Overflow:"
layer at (10,26) size 120x160
  RenderBlock {DIV} at (0,16) size 120x160 [border: (5px solid #000000)]
    RenderMultiColumnSet at (5,5) size 110x150
layer at (15,31) size 50x300
  RenderMultiColumnFlowThread at (5,5) size 50x300
    RenderBlock {DIV} at (0,0) size 50x50 [bgcolor=#000000]
    RenderBlock {DIV} at (0,250) size 50x50 [bgcolor=#000000]
layer at (15,81) size 50x200
  RenderBlock {DIV} at (0,50) size 50x200
    RenderBlock {DIV} at (0,0) size 50x50 [bgcolor=#0000F0]
    RenderBlock {DIV} at (0,50) size 50x50 [bgcolor=#0000D0]
    RenderBlock {DIV} at (0,100) size 50x50 [bgcolor=#0000B0]
    RenderBlock {DIV} at (0,150) size 50x50 [bgcolor=#000090]
layer at (150,10) size 120x176
  RenderBlock (positioned) {DIV} at (150,10) size 120x176
    RenderBlock (anonymous) at (0,0) size 120x16
      RenderText {#text} at (0,0) size 79x16
        text run at (0,0) width 79: "Transforms:"
layer at (150,26) size 120x160
  RenderBlock {DIV} at (0,16) size 120x160 [border: (5px solid #000000)]
    RenderMultiColumnSet at (5,5) size 110x150
layer at (155,31) size 50x300
  RenderMultiColumnFlowThread at (5,5) size 50x300
    RenderBlock {DIV} at (0,0) size 50x50 [bgcolor=#000000]
    RenderBlock {DIV} at (0,250) size 50x50 [bgcolor=#000000]
layer at (55,81) size 50x200
  RenderBlock {DIV} at (-100,50) size 50x200
    RenderBlock {DIV} at (0,0) size 50x50 [bgcolor=#0000F0]
    RenderBlock {DIV} at (0,50) size 50x50 [bgcolor=#0000D0]
    RenderBlock {DIV} at (0,100) size 50x50 [bgcolor=#0000B0]
    RenderBlock {DIV} at (0,150) size 50x50 [bgcolor=#000090]
layer at (10,200) size 120x176
  RenderBlock (positioned) {DIV} at (10,200) size 120x176
    RenderBlock (anonymous) at (0,0) size 120x16
      RenderText {#text} at (0,0) size 89x16
        text run at (0,0) width 89: "Relative Pos.:"
layer at (10,216) size 120x160
  RenderBlock {DIV} at (0,16) size 120x160 [border: (5px solid #000000)]
    RenderMultiColumnSet at (5,5) size 110x150
layer at (15,221) size 50x300
  RenderMultiColumnFlowThread at (5,5) size 50x300
    RenderBlock {DIV} at (0,0) size 50x50 [bgcolor=#000000]
    RenderBlock {DIV} at (0,250) size 50x50 [bgcolor=#000000]
layer at (15,271) size 50x200
  RenderBlock (relative positioned) {DIV} at (-100,50) size 50x200
    RenderBlock {DIV} at (0,0) size 50x50 [bgcolor=#0000F0]
    RenderBlock {DIV} at (0,50) size 50x50 [bgcolor=#0000D0]
    RenderBlock {DIV} at (0,100) size 50x50 [bgcolor=#0000B0]
    RenderBlock {DIV} at (0,150) size 50x50 [bgcolor=#000090]
layer at (150,200) size 120x176
  RenderBlock (positioned) {DIV} at (150,200) size 120x176
    RenderBlock (anonymous) at (0,0) size 120x16
      RenderText {#text} at (0,0) size 56x16
        text run at (0,0) width 56: "Opacity:"
layer at (150,216) size 120x160
  RenderBlock {DIV} at (0,16) size 120x160 [border: (5px solid #000000)]
    RenderMultiColumnSet at (5,5) size 110x150
layer at (155,221) size 50x300
  RenderMultiColumnFlowThread at (5,5) size 50x300
    RenderBlock {DIV} at (0,0) size 50x50 [bgcolor=#000000]
    RenderBlock {DIV} at (0,250) size 50x50 [bgcolor=#000000]
layer at (155,271) size 50x200 transparent
  RenderBlock {DIV} at (0,50) size 50x200
    RenderBlock {DIV} at (0,0) size 50x50 [bgcolor=#0000F0]
    RenderBlock {DIV} at (0,50) size 50x50 [bgcolor=#0000D0]
    RenderBlock {DIV} at (0,100) size 50x50 [bgcolor=#0000B0]
    RenderBlock {DIV} at (0,150) size 50x50 [bgcolor=#000090]
