layer at (0,0) size 785x634
  RenderView at (0,0) size 785x600
layer at (0,0) size 785x634
  RenderBlock {HTML} at (0,0) size 785x633.97
    RenderBody {BODY} at (8,21.33) size 769x604.64
      RenderBlock {P} at (0,0) size 769x32
        RenderText {#text} at (0,5) size 161x21
          text run at (0,5) width 161: "Simple text path"
      RenderBlock (anonymous) at (0,53.33) size 769x232
        RenderBlock {SPAN} at (0,0) size 32x223.36
          RenderText {#text} at (5,0) size 21x224
            text run at (5,0) width 224: "string\x{300C}\x{3042}\x{3001}\x{5909}\x{3063}\x{FF01}\x{300D}\x{3002}"
        RenderText {#text} at (0,0) size 0x0
      RenderBlock {HR} at (0,295.98) size 769x2 [border: (1px inset #EEEEEE)]
      RenderBlock {P} at (0,319.31) size 769x32
        RenderText {#text} at (0,5) size 181x21
          text run at (0,5) width 181: "Complex text path"
      RenderBlock (anonymous) at (0,372.64) size 769x232
        RenderBlock {SPAN} at (0,0) size 32x223
          RenderText {#text} at (5,0) size 21x223
            text run at (5,0) width 223: "string\x{300C}\x{3042}\x{3001}\x{5909}\x{3063}\x{FF01}\x{300D}\x{3002}"
        RenderText {#text} at (0,0) size 0x0
