layer at (0,0) size 800x650
  RenderView at (0,0) size 800x600
layer at (0,0) size 800x650
  RenderBlock {HTML} at (0,0) size 800x650
    RenderBody {BODY} at (8,8) size 784x626
      RenderBlock {P} at (0,0) size 784x44
        RenderText {#text} at (0,0) size 272x22
          text run at (0,0) width 272: "This test requires Chromium Linux "
        RenderInline {TT} at (0,0) size 80x15
          RenderText {#text} at (272,5) size 80x15
            text run at (272,5) width 80: "test_shell"
        RenderText {#text} at (352,0) size 23x22
          text run at (352,0) width 23: " in "
        RenderInline {TT} at (0,0) size 104x15
          RenderText {#text} at (375,5) size 104x15
            text run at (375,5) width 104: "--layout-test"
        RenderText {#text} at (479,0) size 762x44
          text run at (479,0) width 283: " mode, as that forces some rendering"
          text run at (0,22) width 103: "settings used "
          text run at (103,22) width 163: "in the following tests."
      RenderBlock {OL} at (0,60) size 784x566
        RenderListItem {LI} at (40,0) size 744x58
          RenderBlock {P} at (0,0) size 744x22
            RenderListMarker at (-22,0) size 17x22: "1"
            RenderText {#text} at (0,0) size 419x22
              text run at (0,0) width 419: "The following text should render without anti-aliasing:"
          RenderBlock {P} at (0,38) size 744x20
            RenderText {#text} at (0,0) size 156x20
              text run at (0,0) width 156: "Non anti-aliased sans."
        RenderListItem {LI} at (40,74) size 744x102
          RenderBlock {P} at (0,0) size 744x66
            RenderListMarker at (-22,0) size 17x22: "2"
            RenderText {#text} at (0,0) size 726x66
              text run at (0,0) width 405: "The following text should be slightly-hinted Georgia. "
              text run at (405,0) width 69: "The dots "
              text run at (474,0) width 229: "should be equally spaced, and"
              text run at (0,22) width 259: "letters in the word \"government\" "
              text run at (259,22) width 467: "should be naturally spaced (without an ugly space before the"
              text run at (0,44) width 32: "\"e\")."
          RenderBlock {P} at (0,82) size 744x20
            RenderText {#text} at (0,0) size 248x20
              text run at (0,0) width 248: "government ................................"
        RenderListItem {LI} at (40,192) size 744x80
          RenderBlock {P} at (0,0) size 744x44
            RenderListMarker at (-22,0) size 17x22: "3"
            RenderText {#text} at (0,0) size 663x44
              text run at (0,0) width 484: "The following text should be unhinted Verdana. The fontconfig "
              text run at (484,0) width 179: "configuration for this is"
              text run at (0,22) width 299: "contradictory, setting both full-hinting "
              text run at (299,22) width 318: "and no-hinting. The latter should win out."
          RenderBlock {P} at (0,60) size 744x20
            RenderText {#text} at (0,0) size 552x20
              text run at (0,0) width 385: "Here is Tigger doing what tiggers do best \x{2026} operating "
              text run at (385,0) width 167: "hydraulic exoskeletons."
        RenderListItem {LI} at (40,288) size 744x82
          RenderBlock {P} at (0,0) size 744x44
            RenderListMarker at (-22,0) size 17x22: "4"
            RenderText {#text} at (0,0) size 709x44
              text run at (0,0) width 478: "The following text should show a difference caused by forcing "
              text run at (478,0) width 231: "autohinting. Note: the effect is"
              text run at (0,22) width 51: "subtle."
          RenderBlock {P} at (0,60) size 744x22
            RenderInline {SPAN} at (0,0) size 49x13
              RenderText {#text} at (0,7) size 49x13
                text run at (0,7) width 49: "autohinted"
            RenderText {#text} at (49,0) size 4x22
              text run at (49,0) width 4: " "
            RenderInline {I} at (0,0) size 16x22
              RenderText {#text} at (53,0) size 16x22
                text run at (53,0) width 16: "vs"
            RenderText {#text} at (69,0) size 4x22
              text run at (69,0) width 4: " "
            RenderInline {SPAN} at (0,0) size 66x13
              RenderText {#text} at (73,7) size 66x13
                text run at (73,7) width 66: "not-autohinted"
        RenderListItem {LI} at (40,386) size 744x82
          RenderBlock {P} at (0,0) size 744x44
            RenderListMarker at (-22,0) size 17x22: "5"
            RenderText {#text} at (0,0) size 662x22
              text run at (0,0) width 662: "The following text should be the same. It verifies that, given the contradictory settings "
            RenderInline {TT} at (0,0) size 64x15
              RenderText {#text} at (662,5) size 64x15
                text run at (662,5) width 64: "hintfull"
            RenderText {#text} at (0,22) size 33x22
              text run at (0,22) width 33: "and "
            RenderInline {TT} at (0,0) size 64x15
              RenderText {#text} at (33,27) size 64x15
                text run at (33,27) width 64: "autohint"
            RenderText {#text} at (97,22) size 153x22
              text run at (97,22) width 153: ", the latter wins out:"
          RenderBlock {P} at (0,60) size 744x22
            RenderInline {SPAN} at (0,0) size 49x13
              RenderText {#text} at (0,7) size 49x13
                text run at (0,7) width 49: "autohinted"
            RenderText {#text} at (49,0) size 4x22
              text run at (49,0) width 4: " "
            RenderInline {I} at (0,0) size 16x22
              RenderText {#text} at (53,0) size 16x22
                text run at (53,0) width 16: "vs"
            RenderText {#text} at (69,0) size 4x22
              text run at (69,0) width 4: " "
            RenderInline {SPAN} at (0,0) size 93x13
              RenderText {#text} at (73,7) size 93x13
                text run at (73,7) width 93: "hopefully autohinted"
        RenderListItem {LI} at (40,484) size 744x82
          RenderBlock {P} at (0,0) size 744x44
            RenderListMarker at (-22,0) size 17x22: "6"
            RenderText {#text} at (0,0) size 673x44
              text run at (0,0) width 528: "The following text should show that fontconfig can be used to enable "
              text run at (528,0) width 145: "or disable subpixel"
              text run at (0,22) width 82: "rendering."
          RenderBlock {P} at (0,60) size 744x22
            RenderInline {SPAN} at (0,0) size 59x20
              RenderText {#text} at (0,1) size 59x20
                text run at (0,1) width 59: "subpixel"
            RenderText {#text} at (59,0) size 4x22
              text run at (59,0) width 4: " "
            RenderInline {I} at (0,0) size 16x22
              RenderText {#text} at (63,0) size 16x22
                text run at (63,0) width 16: "vs"
            RenderText {#text} at (79,0) size 4x22
              text run at (79,0) width 4: " "
            RenderInline {SPAN} at (0,0) size 80x20
              RenderText {#text} at (83,1) size 80x20
                text run at (83,1) width 80: "no subpixel"
