layer at (0,0) size 800x600
  RenderView at (0,0) size 800x600
layer at (0,0) size 800x600
  RenderBlock {HTML} at (0,0) size 800x600
    RenderBody {BODY} at (8,8) size 784x584
layer at (8,8) size 138x98 clip at (18,18) size 118x78
  RenderBlock (floating) {DIV} at (0,0) size 138x98 [border: (10px solid #FF0000)]
    RenderImage {IMG} at (10,10) size 86x66
    RenderBlock {DIV} at (10,10) size 118x12
      RenderText {#text} at (92,0) size 5x12
        text run at (92,0) width 5: "x"
    RenderBlock {DIV} at (10,22) size 118x66
      RenderText {#text} at (92,0) size 108x66
        text run at (92,0) width 16: "Ted"
        text run at (92,12) width 14: "and"
        text run at (92,24) width 12: "the"
        text run at (0,54) width 67: "miniature Teddy"
