layer at (0,0) size 800x600
  RenderView at (0,0) size 800x600
layer at (0,0) size 800x358
  RenderBlock {HTML} at (0,0) size 800x358
    RenderBody {BODY} at (8,10) size 784x338
      RenderBlock {DIV} at (300,0) size 184x48 [border: (1px solid #000000)]
        RenderText {#text} at (70,1) size 13x46
          text run at (70,1) width 13 RTL: "!"
        RenderInline {SPAN} at (0,0) size 47x46
          RenderText {#text} at (23,1) size 47x46
            text run at (23,1) width 47 RTL: " @"
        RenderText {#text} at (0,0) size 0x0
      RenderBlock {DIV} at (300,58) size 184x48 [border: (1px solid #000000)]
        RenderText {#text} at (170,1) size 13x46
          text run at (170,1) width 13 RTL: "!"
        RenderInline {SPAN} at (0,0) size 110x46
          RenderText {#text} at (160,1) size 10x46
            text run at (160,1) width 10 RTL: " "
        RenderText {#text} at (23,1) size 37x46
          text run at (23,1) width 37 RTL: "@"
      RenderBlock {DIV} at (300,116) size 184x48 [border: (1px solid #000000)]
        RenderInline {SPAN} at (0,0) size 123x46
          RenderText {#text} at (60,1) size 123x46
            text run at (60,1) width 123 RTL: "! "
        RenderText {#text} at (23,1) size 37x46
          text run at (23,1) width 37 RTL: "@"
      RenderBlock {DIV} at (300,174) size 184x48 [border: (1px solid #000000)]
        RenderText {#text} at (170,1) size 13x46
          text run at (170,1) width 13 RTL: "!"
        RenderInline {SPAN} at (0,0) size 110x46
          RenderText {#text} at (160,1) size 10x46
            text run at (160,1) width 10 RTL: " "
        RenderText {#text} at (13,1) size 47x46
          text run at (13,1) width 47 RTL: "@ \x{200F}"
      RenderBlock {DIV} at (300,232) size 184x48 [border: (1px solid #000000)]
        RenderText {#text} at (170,1) size 13x46
          text run at (170,1) width 13 RTL: "!"
        RenderInline {SPAN} at (0,0) size 110x46
          RenderText {#text} at (160,1) size 10x46
            text run at (160,1) width 10 RTL: " "
        RenderText {#text} at (23,1) size 37x46
          text run at (23,1) width 37 RTL: "@"
      RenderBlock {DIV} at (300,290) size 184x48 [border: (1px solid #000000)]
        RenderText {#text} at (23,1) size 37x46
          text run at (23,1) width 37: "@"
        RenderInline {SPAN} at (0,0) size 110x46
          RenderText {#text} at (160,1) size 10x46
            text run at (160,1) width 10: " "
        RenderText {#text} at (170,1) size 13x46
          text run at (170,1) width 13: "!"
