layer at (0,0) size 800x600
  RenderView at (0,0) size 800x600
layer at (0,0) size 800x113
  RenderBlock {HTML} at (0,0) size 800x113
    RenderBody {BODY} at (8,16) size 784x89
      RenderBlock {P} at (0,0) size 784x18
        RenderText {#text} at (0,0) size 677x17
          text run at (0,0) width 394: "The base of the following three letters should all be connected "
          text run at (394,0) width 283: "and not have a gap between the | and _ parts."
      RenderBlock (anonymous) at (0,34) size 784x55
        RenderInline {SPAN} at (0,0) size 21x53
          RenderText {#text} at (50,1) size 21x53
            text run at (50,1) width 21 RTL: "\x{640}\x{622}"
        RenderText {#text} at (46,30) size 4x17
          text run at (46,30) width 4 RTL: " "
        RenderInline {SPAN} at (0,0) size 21x53
          RenderText {#text} at (25,1) size 21x53
            text run at (25,1) width 21 RTL: "\x{640}\x{623}"
        RenderText {#text} at (21,30) size 4x17
          text run at (21,30) width 4 RTL: " "
        RenderInline {SPAN} at (0,0) size 21x53
          RenderText {#text} at (0,1) size 21x53
            text run at (0,1) width 21 RTL: "\x{640}\x{625}"
        RenderText {#text} at (0,0) size 0x0
