layer at (0,0) size 800x600
  RenderView at (0,0) size 800x600
layer at (0,0) size 800x600
  RenderBlock {HTML} at (0,0) size 800x600
    RenderBody {BODY} at (8,8) size 784x584
      RenderBlock {P} at (0,0) size 784x36
        RenderText {#text} at (0,0) size 451x17
          text run at (0,0) width 451: "This tests that bidirectional text is correctly rendered in list box controls."
        RenderBR {BR} at (451,14) size 0x0
        RenderText {#text} at (0,18) size 566x17
          text run at (0,18) width 566: "The order of the text below each list box should match the order of the select's option text."
      RenderBlock (anonymous) at (0,52) size 784x87
        RenderText {#text} at (0,0) size 97x17
          text run at (0,0) width 97: "1) direction: rtl;"
        RenderBR {BR} at (97,14) size 0x0
        RenderListBox {SELECT} at (2,20) size 86x65 [bgcolor=#FFFFFF] [border: (1px solid #A9A9A9)]
        RenderBR {BR} at (90,80) size 0x0
      RenderBlock {DIV} at (0,139) size 100x18
        RenderText {#text} at (31,0) size 69x17
          text run at (31,0) width 47 RTL: "\x{5D0}\x{5E4}\x{5E8}\x{5E1}\x{5DE}\x{5D5}\x{5DF}"
          text run at (78,0) width 22: "abc"
      RenderBlock (anonymous) at (0,157) size 784x105
        RenderBR {BR} at (0,0) size 0x17
        RenderText {#text} at (0,18) size 97x17
          text run at (0,18) width 97: "2) direction: ltr;"
        RenderBR {BR} at (97,32) size 0x0
        RenderListBox {SELECT} at (2,38) size 86x65 [bgcolor=#FFFFFF] [border: (1px solid #A9A9A9)]
        RenderBR {BR} at (90,98) size 0x0
      RenderBlock {DIV} at (0,262) size 100x18
        RenderText {#text} at (0,0) size 69x17
          text run at (0,0) width 22: "abc"
          text run at (22,0) width 47 RTL: "\x{5D0}\x{5E4}\x{5E8}\x{5E1}\x{5DE}\x{5D5}\x{5DF}"
      RenderBlock (anonymous) at (0,280) size 784x105
        RenderBR {BR} at (0,0) size 0x17
        RenderText {#text} at (0,18) size 70x17
          text run at (0,18) width 70: "3) No style"
        RenderBR {BR} at (70,32) size 0x0
        RenderListBox {SELECT} at (2,38) size 86x65 [bgcolor=#FFFFFF] [border: (1px solid #A9A9A9)]
        RenderBR {BR} at (90,98) size 0x0
      RenderBlock {DIV} at (0,385) size 100x18
        RenderText {#text} at (0,0) size 69x17
          text run at (0,0) width 22: "abc"
          text run at (22,0) width 47 RTL: "\x{5D0}\x{5E4}\x{5E8}\x{5E1}\x{5DE}\x{5D5}\x{5DF}"
      RenderBlock (anonymous) at (0,403) size 784x18
        RenderBR {BR} at (0,0) size 0x17
