layer at (0,0) size 800x600
  RenderView at (0,0) size 800x600
layer at (0,0) size 800x600
  RenderBlock {HTML} at (0,0) size 800x600
    RenderBody {BODY} at (8,8) size 784x584
      RenderBlock {P} at (0,0) size 784x36
        RenderText {#text} at (0,0) size 85x17
          text run at (0,0) width 85: "This tests for "
        RenderInline {I} at (0,0) size 768x35
          RenderText {#text} at (85,0) size 768x35
            text run at (85,0) width 683: "http://bugzilla.opendarwin.org/show_bug.cgi?id=6014 Bidi algorithm: incorrect resolved levels for neutrals"
            text run at (0,18) width 157: "between R and ET ON L"
        RenderText {#text} at (157,18) size 4x17
          text run at (157,18) width 4: "."
      RenderBlock {P} at (0,52) size 784x36
        RenderText {#text} at (0,0) size 760x35
          text run at (0,0) width 96: "The characters "
          text run at (96,0) width 8 RTL: "\x{5D0}"
          text run at (104,0) width 31: " and "
          text run at (135,0) width 7 RTL: "\x{5D1}"
          text run at (142,0) width 618: " are of type R; ^ and @ are of type ON; $ and % are of type ET; a is of type L; 1 is of type EN. In"
          text run at (0,18) width 467: "each of the following pairs, the two lines should be identical to each other."
      RenderBlock {HR} at (0,104) size 784x2 [border: (1px inset #EEEEEE)]
      RenderBlock {P} at (0,122) size 784x18
        RenderText {#text} at (0,0) size 75x17
          text run at (0,0) width 8 RTL: "\x{5D0}"
          text run at (8,0) width 67: " ^ @ $% a"
      RenderBlock (anonymous) at (0,156) size 784x18
        RenderInline {BDO} at (0,0) size 75x17
          RenderText {#text} at (0,0) size 75x17
            text run at (0,0) width 75 LTR override: "\x{5D0} ^ @ $% a"
        RenderText {#text} at (0,0) size 0x0
      RenderBlock {HR} at (0,182) size 784x2 [border: (1px inset #EEEEEE)]
      RenderBlock {P} at (0,200) size 784x18
        RenderText {#text} at (0,0) size 75x17
          text run at (0,0) width 75 RTL: "\x{5D0} ^ @ $% \x{5D1}"
      RenderBlock (anonymous) at (0,234) size 784x18
        RenderInline {BDO} at (0,0) size 75x17
          RenderText {#text} at (0,0) size 75x17
            text run at (0,0) width 75 LTR override: "\x{5D1} %$ @ ^ \x{5D0}"
        RenderText {#text} at (0,0) size 0x0
      RenderBlock {HR} at (0,260) size 784x2 [border: (1px inset #EEEEEE)]
      RenderBlock {P} at (0,278) size 784x18
        RenderText {#text} at (0,0) size 72x17
          text run at (0,0) width 29: "$%1"
          text run at (29,0) width 43 RTL: "\x{5D0} ^ @ "
      RenderBlock (anonymous) at (0,312) size 784x18
        RenderInline {BDO} at (0,0) size 72x17
          RenderText {#text} at (0,0) size 72x17
            text run at (0,0) width 72 LTR override: "$%1 @ ^ \x{5D0}"
        RenderText {#text} at (0,0) size 0x0
      RenderBlock {HR} at (0,338) size 784x2 [border: (1px inset #EEEEEE)]
      RenderBlock {P} at (0,356) size 784x18
        RenderText {#text} at (0,0) size 75x17
          text run at (0,0) width 7: "a"
          text run at (7,0) width 68 RTL: "\x{5D0} ^ @ $% "
      RenderBlock (anonymous) at (0,390) size 784x18
        RenderInline {BDO} at (0,0) size 75x17
          RenderText {#text} at (0,0) size 75x17
            text run at (0,0) width 75 LTR override: "a %$ @ ^ \x{5D0}"
        RenderText {#text} at (0,0) size 0x0
      RenderBlock {HR} at (0,416) size 784x2 [border: (1px inset #EEEEEE)]
      RenderBlock {P} at (0,434) size 784x18
        RenderText {#text} at (0,0) size 75x17
          text run at (0,0) width 75 RTL: "\x{5D0} ^ @ $% \x{5D1}"
      RenderBlock (anonymous) at (0,468) size 784x18
        RenderInline {BDO} at (0,0) size 75x17
          RenderText {#text} at (0,0) size 75x17
            text run at (0,0) width 75 LTR override: "\x{5D1} %$ @ ^ \x{5D0}"
        RenderText {#text} at (0,0) size 0x0
      RenderBlock {HR} at (0,494) size 784x2 [border: (1px inset #EEEEEE)]
      RenderBlock {P} at (0,512) size 784x18
        RenderText {#text} at (0,0) size 72x17
          text run at (0,0) width 29: "$%1"
          text run at (29,0) width 43 RTL: "\x{5D0} ^ @ "
      RenderBlock (anonymous) at (0,546) size 784x18
        RenderInline {BDO} at (0,0) size 72x17
          RenderText {#text} at (0,0) size 72x17
            text run at (0,0) width 72 LTR override: "$%1 @ ^ \x{5D0}"
        RenderText {#text} at (0,0) size 0x0
