layer at (0,0) size 800x600
  RenderView at (0,0) size 800x600
layer at (0,0) size 800x88
  RenderBlock {HTML} at (0,0) size 800x88
    RenderBody {BODY} at (0,16) size 800x72
      RenderBlock {P} at (0,0) size 800x32
        RenderText {#text} at (0,0) size 786x32
          text run at (0,0) width 786: "When a block element becomes a float we should not strip anonymous blocks wrapping its inline siblings if there are other"
          text run at (0,16) width 118: "blocks on the line."
layer at (0,68) size 800x20
  RenderBlock (relative positioned) {DIV} at (0,52) size 800x20 [bgcolor=#CCCCCC]
    RenderBlock (anonymous) at (0,0) size 800x0
      RenderInline {STRONG} at (0,0) size 0x0
      RenderText {#text} at (0,0) size 0x0
    RenderBlock {P} at (0,0) size 800x0
    RenderBlock (floating) {DD} at (800,0) size 0x0
    RenderBlock (anonymous) at (0,0) size 800x20
      RenderBR {BR} at (0,0) size 0x20
