layer at (0,0) size 800x600
  RenderView at (0,0) size 800x600
layer at (0,0) size 800x600
  RenderBlock {HTML} at (0,0) size 800x600
    RenderBody {BODY} at (8,8) size 784x576
      RenderBlock {FORM} at (0,0) size 784x94
        RenderTable {TABLE} at (0,0) size 271x94 [border: (1px outset #808080)]
          RenderTableSection {TBODY} at (1,1) size 269x92
            RenderTableRow {TR} at (0,2) size 269x88
              RenderTableCell {TD} at (2,2) size 265x88 [border: (1px inset #808080)] [r=0 c=0 rs=1 cs=1]
                RenderTable {TABLE} at (2,2) size 261x84 [border: (2px outset #808080)]
                  RenderTableSection {TBODY} at (2,2) size 257x80
                    RenderTableRow {TR} at (0,2) size 257x44
                      RenderTableCell {TD} at (2,2) size 73x44 [border: (1px inset #808080)] [r=0 c=0 rs=1 cs=1]
                        RenderText {#text} at (2,2) size 53x39
                          text run at (2,2) width 52: "Member"
                          text run at (2,22) width 53: "Number:"
                      RenderTableCell {TD} at (77,9) size 172x30 [border: (1px inset #808080)] [r=0 c=1 rs=1 cs=1]
                        RenderTextControl {INPUT} at (4,4) size 124x22 [bgcolor=#FFFFFF] [border: (2px inset #EEEEEE)]
                        RenderText {#text} at (0,0) size 0x0
                    RenderTableRow {TR} at (0,48) size 257x30
                      RenderTableCell {TD} at (2,51) size 73x24 [border: (1px inset #808080)] [r=1 c=0 rs=1 cs=1]
                        RenderText {#text} at (2,2) size 29x19
                          text run at (2,2) width 29: "PIN:"
                      RenderTableCell {TD} at (77,48) size 172x30 [border: (1px inset #808080)] [r=1 c=1 rs=1 cs=1]
                        RenderTextControl {INPUT} at (4,4) size 124x22 [bgcolor=#FFFFFF] [border: (2px inset #EEEEEE)]
                        RenderText {#text} at (0,0) size 0x0
                      RenderTableCell {TD} at (251,61) size 4x4 [border: (1px inset #808080)] [r=1 c=2 rs=1 cs=1]
layer at (98,31) size 120x16
  RenderBlock {DIV} at (2,3) size 120x16
layer at (98,70) size 120x16
  RenderBlock {DIV} at (2,3) size 120x16
