layer at (0,0) size 800x600
  RenderView at (0,0) size 800x600
layer at (0,0) size 800x600
  RenderBlock {HTML} at (0,0) size 800x600
    RenderBody {BODY} at (8,8) size 784x584
      RenderBlock {DIV} at (0,0) size 100x58
        RenderText {#text} at (0,1) size 35x56
          text run at (0,1) width 35: "a "
        RenderInline {SPAN} at (0,0) size 26x56 [color=#0000FF]
          RenderText {#text} at (34,1) size 26x56
            text run at (34,1) width 26: ".."
        RenderText {#text} at (0,0) size 0x0
