layer at (0,0) size 800x600
  RenderView at (0,0) size 800x600
layer at (0,0) size 800x600
  RenderBlock {HTML} at (0,0) size 800x600
    RenderBody {BODY} at (8,8) size 784x584
layer at (8,8) size 16x270
  RenderBlock (floating) {DIV} at (0,0) size 16x270
    RenderText {#text} at (0,0) size 16x17
      text run at (0,0) width 16: "    "
    RenderBR {BR} at (16,14) size 0x0
    RenderText {#text} at (0,18) size 16x17
      text run at (0,18) width 16: "    "
    RenderBR {BR} at (16,32) size 0x0
    RenderText {#text} at (0,36) size 16x17
      text run at (0,36) width 16: "    "
    RenderBR {BR} at (16,50) size 0x0
    RenderText {#text} at (0,54) size 16x17
      text run at (0,54) width 16: "    "
    RenderBR {BR} at (16,68) size 0x0
    RenderText {#text} at (0,72) size 16x17
      text run at (0,72) width 16: "    "
    RenderBR {BR} at (16,86) size 0x0
    RenderText {#text} at (0,90) size 16x17
      text run at (0,90) width 16: "    "
    RenderBR {BR} at (16,104) size 0x0
    RenderText {#text} at (0,108) size 16x17
      text run at (0,108) width 16: "    "
    RenderBR {BR} at (16,122) size 0x0
    RenderText {#text} at (0,126) size 16x17
      text run at (0,126) width 16: "    "
    RenderBR {BR} at (16,140) size 0x0
    RenderText {#text} at (0,144) size 16x17
      text run at (0,144) width 16: "    "
    RenderBR {BR} at (16,158) size 0x0
    RenderText {#text} at (0,162) size 16x17
      text run at (0,162) width 16: "    "
    RenderBR {BR} at (16,176) size 0x0
    RenderText {#text} at (0,180) size 16x17
      text run at (0,180) width 16: "    "
    RenderBR {BR} at (16,194) size 0x0
    RenderText {#text} at (0,198) size 16x17
      text run at (0,198) width 16: "    "
    RenderBR {BR} at (16,212) size 0x0
    RenderText {#text} at (0,216) size 16x17
      text run at (0,216) width 16: "    "
    RenderBR {BR} at (16,230) size 0x0
    RenderText {#text} at (0,234) size 16x17
      text run at (0,234) width 16: "    "
    RenderBR {BR} at (16,248) size 0x0
    RenderText {#text} at (0,252) size 16x17
      text run at (0,252) width 16: "    "
    RenderBR {BR} at (16,266) size 0x0
layer at (39,8) size 16x270
  RenderBlock (floating) {DIV} at (31,0) size 16x270
    RenderText {#text} at (0,0) size 16x17
      text run at (0,0) width 16: "    "
    RenderBR {BR} at (16,14) size 0x0
    RenderText {#text} at (0,18) size 16x17
      text run at (0,18) width 16: "    "
    RenderBR {BR} at (16,32) size 0x0
    RenderText {#text} at (0,36) size 16x17
      text run at (0,36) width 16: "    "
    RenderBR {BR} at (16,50) size 0x0
    RenderText {#text} at (0,54) size 16x17
      text run at (0,54) width 16: "    "
    RenderBR {BR} at (16,68) size 0x0
    RenderText {#text} at (0,72) size 16x17
      text run at (0,72) width 16: "    "
    RenderBR {BR} at (16,86) size 0x0
    RenderText {#text} at (0,90) size 16x17
      text run at (0,90) width 16: "    "
    RenderBR {BR} at (16,104) size 0x0
    RenderText {#text} at (0,108) size 16x17
      text run at (0,108) width 16: "    "
    RenderBR {BR} at (16,122) size 0x0
    RenderText {#text} at (0,126) size 16x17
      text run at (0,126) width 16: "    "
    RenderBR {BR} at (16,140) size 0x0
    RenderText {#text} at (0,144) size 16x17
      text run at (0,144) width 16: "    "
    RenderBR {BR} at (16,158) size 0x0
    RenderText {#text} at (0,162) size 16x17
      text run at (0,162) width 16: "    "
    RenderBR {BR} at (16,176) size 0x0
    RenderText {#text} at (0,180) size 16x17
      text run at (0,180) width 16: "    "
    RenderBR {BR} at (16,194) size 0x0
    RenderText {#text} at (0,198) size 16x17
      text run at (0,198) width 16: "    "
    RenderBR {BR} at (16,212) size 0x0
    RenderText {#text} at (0,216) size 16x17
      text run at (0,216) width 16: "    "
    RenderBR {BR} at (16,230) size 0x0
    RenderText {#text} at (0,234) size 16x17
      text run at (0,234) width 16: "    "
    RenderBR {BR} at (16,248) size 0x0
    RenderText {#text} at (0,252) size 16x17
      text run at (0,252) width 16: "    "
    RenderBR {BR} at (16,266) size 0x0
layer at (75,8) size 16x270
  RenderBlock (floating) {DIV} at (67,0) size 16x270
    RenderText {#text} at (0,0) size 16x17
      text run at (0,0) width 16: "    "
    RenderBR {BR} at (16,14) size 0x0
    RenderText {#text} at (0,18) size 16x17
      text run at (0,18) width 16: "    "
    RenderBR {BR} at (16,32) size 0x0
    RenderText {#text} at (0,36) size 16x17
      text run at (0,36) width 16: "    "
    RenderBR {BR} at (16,50) size 0x0
    RenderText {#text} at (0,54) size 16x17
      text run at (0,54) width 16: "    "
    RenderBR {BR} at (16,68) size 0x0
    RenderText {#text} at (0,72) size 16x17
      text run at (0,72) width 16: "    "
    RenderBR {BR} at (16,86) size 0x0
    RenderText {#text} at (0,90) size 16x17
      text run at (0,90) width 16: "    "
    RenderBR {BR} at (16,104) size 0x0
    RenderText {#text} at (0,108) size 16x17
      text run at (0,108) width 16: "    "
    RenderBR {BR} at (16,122) size 0x0
    RenderText {#text} at (0,126) size 16x17
      text run at (0,126) width 16: "    "
    RenderBR {BR} at (16,140) size 0x0
    RenderText {#text} at (0,144) size 16x17
      text run at (0,144) width 16: "    "
    RenderBR {BR} at (16,158) size 0x0
    RenderText {#text} at (0,162) size 16x17
      text run at (0,162) width 16: "    "
    RenderBR {BR} at (16,176) size 0x0
    RenderText {#text} at (0,180) size 16x17
      text run at (0,180) width 16: "    "
    RenderBR {BR} at (16,194) size 0x0
    RenderText {#text} at (0,198) size 16x17
      text run at (0,198) width 16: "    "
    RenderBR {BR} at (16,212) size 0x0
    RenderText {#text} at (0,216) size 16x17
      text run at (0,216) width 16: "    "
    RenderBR {BR} at (16,230) size 0x0
    RenderText {#text} at (0,234) size 16x17
      text run at (0,234) width 16: "    "
    RenderBR {BR} at (16,248) size 0x0
    RenderText {#text} at (0,252) size 16x17
      text run at (0,252) width 16: "    "
    RenderBR {BR} at (16,266) size 0x0
layer at (113,8) size 16x270
  RenderBlock (floating) {DIV} at (105,0) size 16x270
    RenderText {#text} at (0,0) size 16x17
      text run at (0,0) width 16: "    "
    RenderBR {BR} at (16,14) size 0x0
    RenderText {#text} at (0,18) size 16x17
      text run at (0,18) width 16: "    "
    RenderBR {BR} at (16,32) size 0x0
    RenderText {#text} at (0,36) size 16x17
      text run at (0,36) width 16: "    "
    RenderBR {BR} at (16,50) size 0x0
    RenderText {#text} at (0,54) size 16x17
      text run at (0,54) width 16: "    "
    RenderBR {BR} at (16,68) size 0x0
    RenderText {#text} at (0,72) size 16x17
      text run at (0,72) width 16: "    "
    RenderBR {BR} at (16,86) size 0x0
    RenderText {#text} at (0,90) size 16x17
      text run at (0,90) width 16: "    "
    RenderBR {BR} at (16,104) size 0x0
    RenderText {#text} at (0,108) size 16x17
      text run at (0,108) width 16: "    "
    RenderBR {BR} at (16,122) size 0x0
    RenderText {#text} at (0,126) size 16x17
      text run at (0,126) width 16: "    "
    RenderBR {BR} at (16,140) size 0x0
    RenderText {#text} at (0,144) size 16x17
      text run at (0,144) width 16: "    "
    RenderBR {BR} at (16,158) size 0x0
    RenderText {#text} at (0,162) size 16x17
      text run at (0,162) width 16: "    "
    RenderBR {BR} at (16,176) size 0x0
    RenderText {#text} at (0,180) size 16x17
      text run at (0,180) width 16: "    "
    RenderBR {BR} at (16,194) size 0x0
    RenderText {#text} at (0,198) size 16x17
      text run at (0,198) width 16: "    "
    RenderBR {BR} at (16,212) size 0x0
    RenderText {#text} at (0,216) size 16x17
      text run at (0,216) width 16: "    "
    RenderBR {BR} at (16,230) size 0x0
    RenderText {#text} at (0,234) size 16x17
      text run at (0,234) width 16: "    "
    RenderBR {BR} at (16,248) size 0x0
    RenderText {#text} at (0,252) size 16x17
      text run at (0,252) width 16: "    "
    RenderBR {BR} at (16,266) size 0x0
layer at (159,8) size 16x270
  RenderBlock (floating) {DIV} at (151,0) size 16x270
    RenderText {#text} at (0,0) size 16x17
      text run at (0,0) width 16: "    "
    RenderBR {BR} at (16,14) size 0x0
    RenderText {#text} at (0,18) size 16x17
      text run at (0,18) width 16: "    "
    RenderBR {BR} at (16,32) size 0x0
    RenderText {#text} at (0,36) size 16x17
      text run at (0,36) width 16: "    "
    RenderBR {BR} at (16,50) size 0x0
    RenderText {#text} at (0,54) size 16x17
      text run at (0,54) width 16: "    "
    RenderBR {BR} at (16,68) size 0x0
    RenderText {#text} at (0,72) size 16x17
      text run at (0,72) width 16: "    "
    RenderBR {BR} at (16,86) size 0x0
    RenderText {#text} at (0,90) size 16x17
      text run at (0,90) width 16: "    "
    RenderBR {BR} at (16,104) size 0x0
    RenderText {#text} at (0,108) size 16x17
      text run at (0,108) width 16: "    "
    RenderBR {BR} at (16,122) size 0x0
    RenderText {#text} at (0,126) size 16x17
      text run at (0,126) width 16: "    "
    RenderBR {BR} at (16,140) size 0x0
    RenderText {#text} at (0,144) size 16x17
      text run at (0,144) width 16: "    "
    RenderBR {BR} at (16,158) size 0x0
    RenderText {#text} at (0,162) size 16x17
      text run at (0,162) width 16: "    "
    RenderBR {BR} at (16,176) size 0x0
    RenderText {#text} at (0,180) size 16x17
      text run at (0,180) width 16: "    "
    RenderBR {BR} at (16,194) size 0x0
    RenderText {#text} at (0,198) size 16x17
      text run at (0,198) width 16: "    "
    RenderBR {BR} at (16,212) size 0x0
    RenderText {#text} at (0,216) size 16x17
      text run at (0,216) width 16: "    "
    RenderBR {BR} at (16,230) size 0x0
    RenderText {#text} at (0,234) size 16x17
      text run at (0,234) width 16: "    "
    RenderBR {BR} at (16,248) size 0x0
    RenderText {#text} at (0,252) size 16x17
      text run at (0,252) width 16: "    "
    RenderBR {BR} at (16,266) size 0x0
layer at (220,8) size 16x270
  RenderBlock (floating) {DIV} at (212,0) size 16x270
    RenderText {#text} at (0,0) size 16x17
      text run at (0,0) width 16: "    "
    RenderBR {BR} at (16,14) size 0x0
    RenderText {#text} at (0,18) size 16x17
      text run at (0,18) width 16: "    "
    RenderBR {BR} at (16,32) size 0x0
    RenderText {#text} at (0,36) size 16x17
      text run at (0,36) width 16: "    "
    RenderBR {BR} at (16,50) size 0x0
    RenderText {#text} at (0,54) size 16x17
      text run at (0,54) width 16: "    "
    RenderBR {BR} at (16,68) size 0x0
    RenderText {#text} at (0,72) size 16x17
      text run at (0,72) width 16: "    "
    RenderBR {BR} at (16,86) size 0x0
    RenderText {#text} at (0,90) size 16x17
      text run at (0,90) width 16: "    "
    RenderBR {BR} at (16,104) size 0x0
    RenderText {#text} at (0,108) size 16x17
      text run at (0,108) width 16: "    "
    RenderBR {BR} at (16,122) size 0x0
    RenderText {#text} at (0,126) size 16x17
      text run at (0,126) width 16: "    "
    RenderBR {BR} at (16,140) size 0x0
    RenderText {#text} at (0,144) size 16x17
      text run at (0,144) width 16: "    "
    RenderBR {BR} at (16,158) size 0x0
    RenderText {#text} at (0,162) size 16x17
      text run at (0,162) width 16: "    "
    RenderBR {BR} at (16,176) size 0x0
    RenderText {#text} at (0,180) size 16x17
      text run at (0,180) width 16: "    "
    RenderBR {BR} at (16,194) size 0x0
    RenderText {#text} at (0,198) size 16x17
      text run at (0,198) width 16: "    "
    RenderBR {BR} at (16,212) size 0x0
    RenderText {#text} at (0,216) size 16x17
      text run at (0,216) width 16: "    "
    RenderBR {BR} at (16,230) size 0x0
    RenderText {#text} at (0,234) size 16x17
      text run at (0,234) width 16: "    "
    RenderBR {BR} at (16,248) size 0x0
    RenderText {#text} at (0,252) size 16x17
      text run at (0,252) width 16: "    "
    RenderBR {BR} at (16,266) size 0x0
layer at (291,8) size 16x270
  RenderBlock (floating) {DIV} at (283,0) size 16x270
    RenderText {#text} at (0,0) size 16x17
      text run at (0,0) width 16: "    "
    RenderBR {BR} at (16,14) size 0x0
    RenderText {#text} at (0,18) size 16x17
      text run at (0,18) width 16: "    "
    RenderBR {BR} at (16,32) size 0x0
    RenderText {#text} at (0,36) size 16x17
      text run at (0,36) width 16: "    "
    RenderBR {BR} at (16,50) size 0x0
    RenderText {#text} at (0,54) size 16x17
      text run at (0,54) width 16: "    "
    RenderBR {BR} at (16,68) size 0x0
    RenderText {#text} at (0,72) size 16x17
      text run at (0,72) width 16: "    "
    RenderBR {BR} at (16,86) size 0x0
    RenderText {#text} at (0,90) size 16x17
      text run at (0,90) width 16: "    "
    RenderBR {BR} at (16,104) size 0x0
    RenderText {#text} at (0,108) size 16x17
      text run at (0,108) width 16: "    "
    RenderBR {BR} at (16,122) size 0x0
    RenderText {#text} at (0,126) size 16x17
      text run at (0,126) width 16: "    "
    RenderBR {BR} at (16,140) size 0x0
    RenderText {#text} at (0,144) size 16x17
      text run at (0,144) width 16: "    "
    RenderBR {BR} at (16,158) size 0x0
    RenderText {#text} at (0,162) size 16x17
      text run at (0,162) width 16: "    "
    RenderBR {BR} at (16,176) size 0x0
    RenderText {#text} at (0,180) size 16x17
      text run at (0,180) width 16: "    "
    RenderBR {BR} at (16,194) size 0x0
    RenderText {#text} at (0,198) size 16x17
      text run at (0,198) width 16: "    "
    RenderBR {BR} at (16,212) size 0x0
    RenderText {#text} at (0,216) size 16x17
      text run at (0,216) width 16: "    "
    RenderBR {BR} at (16,230) size 0x0
    RenderText {#text} at (0,234) size 16x17
      text run at (0,234) width 16: "    "
    RenderBR {BR} at (16,248) size 0x0
    RenderText {#text} at (0,252) size 16x17
      text run at (0,252) width 16: "    "
    RenderBR {BR} at (16,266) size 0x0
