layer at (0,0) size 800x600
  RenderView at (0,0) size 800x600
layer at (0,0) size 800x600
  RenderBlock {HTML} at (0,0) size 800x600
    RenderBody {BODY} at (8,8) size 784x584
      RenderBlock {DIV} at (0,0) size 784x196
        RenderBlock {DIV} at (0,24) size 72x164
          RenderText {#text} at (0,0) size 72x36
            text run at (0,0) width 72: "1111 "
          RenderBR {BR} at (0,0) size 0x0
          RenderInline {SPAN} at (0,0) size 64x36
            RenderText {#text} at (0,37) size 64x36
              text run at (0,37) width 64: "2222"
          RenderText {#text} at (64,37) size 8x36
            text run at (64,37) width 8: " "
          RenderBR {BR} at (0,0) size 0x0
          RenderInline {SPAN} at (0,0) size 64x36 [color=#0000FF]
            RenderText {#text} at (0,90) size 64x36
              text run at (0,90) width 64: "3333"
          RenderText {#text} at (64,90) size 8x36
            text run at (64,90) width 8: " "
          RenderBR {BR} at (0,0) size 0x0
          RenderText {#text} at (0,127) size 64x36
            text run at (0,127) width 64: "4444"
        RenderText {#text} at (72,166) size 4x17
          text run at (72,166) width 4: " "
        RenderBlock {DIV} at (76,24) size 72x164
          RenderText {#text} at (0,0) size 72x36
            text run at (0,0) width 72: "1111 "
          RenderBR {BR} at (0,0) size 0x0
          RenderInline {SPAN} at (0,0) size 64x36 [color=#008000]
            RenderText {#text} at (0,37) size 64x36
              text run at (0,37) width 64: "2222"
          RenderText {#text} at (64,37) size 8x36
            text run at (64,37) width 8: " "
          RenderBR {BR} at (0,0) size 0x0
          RenderInline {SPAN} at (0,0) size 64x36
            RenderText {#text} at (0,90) size 64x36
              text run at (0,90) width 64: "3333"
          RenderText {#text} at (64,90) size 8x36
            text run at (64,90) width 8: " "
          RenderBR {BR} at (0,0) size 0x0
          RenderText {#text} at (0,127) size 64x36
            text run at (0,127) width 64: "4444"
        RenderText {#text} at (148,166) size 4x17
          text run at (148,166) width 4: " "
        RenderBlock {DIV} at (152,8) size 72x180
          RenderText {#text} at (0,0) size 72x36
            text run at (0,0) width 72: "1111 "
          RenderBR {BR} at (0,0) size 0x0
          RenderInline {SPAN} at (0,0) size 64x36 [color=#008000]
            RenderText {#text} at (0,37) size 64x36
              text run at (0,37) width 64: "2222"
          RenderText {#text} at (64,37) size 8x36
            text run at (64,37) width 8: " "
          RenderBR {BR} at (0,0) size 0x0
          RenderInline {SPAN} at (0,0) size 64x36 [color=#0000FF]
            RenderText {#text} at (0,106) size 64x36
              text run at (0,106) width 64: "3333"
          RenderText {#text} at (64,106) size 8x36
            text run at (64,106) width 8: " "
          RenderBR {BR} at (0,0) size 0x0
          RenderText {#text} at (0,143) size 64x36
            text run at (0,143) width 64: "4444"
        RenderText {#text} at (0,0) size 0x0
      RenderBlock {DIV} at (0,196) size 784x196
        RenderBlock {DIV} at (0,8) size 72x164
          RenderText {#text} at (0,0) size 72x36
            text run at (0,0) width 72: "1111 "
          RenderBR {BR} at (0,0) size 0x0
          RenderInline {SPAN} at (0,0) size 64x36
            RenderText {#text} at (0,37) size 64x36
              text run at (0,37) width 64: "2222"
          RenderText {#text} at (64,37) size 8x36
            text run at (64,37) width 8: " "
          RenderBR {BR} at (0,0) size 0x0
          RenderInline {SPAN} at (0,0) size 64x36 [color=#008000]
            RenderText {#text} at (0,90) size 64x36
              text run at (0,90) width 64: "3333"
          RenderText {#text} at (64,90) size 8x36
            text run at (64,90) width 8: " "
          RenderBR {BR} at (0,0) size 0x0
          RenderText {#text} at (0,127) size 64x36
            text run at (0,127) width 64: "4444"
        RenderText {#text} at (72,13) size 4x17
          text run at (72,13) width 4: " "
        RenderBlock {DIV} at (76,8) size 72x164
          RenderText {#text} at (0,0) size 72x36
            text run at (0,0) width 72: "1111 "
          RenderBR {BR} at (0,0) size 0x0
          RenderInline {SPAN} at (0,0) size 64x36 [color=#0000FF]
            RenderText {#text} at (0,37) size 64x36
              text run at (0,37) width 64: "2222"
          RenderText {#text} at (64,37) size 8x36
            text run at (64,37) width 8: " "
          RenderBR {BR} at (0,0) size 0x0
          RenderInline {SPAN} at (0,0) size 64x36
            RenderText {#text} at (0,90) size 64x36
              text run at (0,90) width 64: "3333"
          RenderText {#text} at (64,90) size 8x36
            text run at (64,90) width 8: " "
          RenderBR {BR} at (0,0) size 0x0
          RenderText {#text} at (0,127) size 64x36
            text run at (0,127) width 64: "4444"
        RenderText {#text} at (148,13) size 4x17
          text run at (148,13) width 4: " "
        RenderBlock {DIV} at (152,8) size 72x180
          RenderText {#text} at (0,0) size 72x36
            text run at (0,0) width 72: "1111 "
          RenderBR {BR} at (0,0) size 0x0
          RenderInline {SPAN} at (0,0) size 64x36 [color=#0000FF]
            RenderText {#text} at (0,37) size 64x36
              text run at (0,37) width 64: "2222"
          RenderText {#text} at (64,37) size 8x36
            text run at (64,37) width 8: " "
          RenderBR {BR} at (0,0) size 0x0
          RenderInline {SPAN} at (0,0) size 64x36 [color=#008000]
            RenderText {#text} at (0,106) size 64x36
              text run at (0,106) width 64: "3333"
          RenderText {#text} at (64,106) size 8x36
            text run at (64,106) width 8: " "
          RenderBR {BR} at (0,0) size 0x0
          RenderText {#text} at (0,143) size 64x36
            text run at (0,143) width 64: "4444"
        RenderText {#text} at (0,0) size 0x0
