layer at (0,0) size 785x711
  RenderView at (0,0) size 785x600
layer at (0,0) size 785x711
  RenderBlock {HTML} at (0,0) size 785x711
    RenderBody {BODY} at (8,8) size 769x0
      RenderBlock (floating) {DIV} at (8,8) size 366x140 [border: (3px solid #000000)]
        RenderText {#text} at (3,3) size 276x26
          text run at (3,3) width 276: "Lorem ipsum dolor sit amet,"
        RenderInline {SPAN} at (0,0) size 217x26
          RenderText {#text} at (3,43) size 217x26
            text run at (3,43) width 217: "consectetur adipiscing"
        RenderText {#text} at (220,43) size 135x26
          text run at (220,43) width 6: " "
          text run at (226,43) width 129: "elit. Aliquam"
        RenderInline {SPAN} at (0,0) size 111x26
          RenderText {#text} at (3,70) size 111x26
            text run at (3,70) width 111: "odio sapien"
        RenderText {#text} at (114,70) size 338x66
          text run at (114,70) width 12: ", "
          text run at (126,70) width 215: "lobortis eu iaculis vel,"
          text run at (3,110) width 211: "scelerisque nec dolor."
      RenderBlock (floating) {DIV} at (390,8) size 366x140 [border: (3px solid #000000)]
        RenderText {#text} at (3,3) size 276x26
          text run at (3,3) width 276: "Lorem ipsum dolor sit amet,"
        RenderInline {SPAN} at (0,0) size 217x26
          RenderText {#text} at (3,43) size 217x26
            text run at (3,43) width 217: "consectetur adipiscing"
        RenderText {#text} at (220,43) size 134x26
          text run at (220,43) width 6: " "
          text run at (226,43) width 128: "elit. Aliquam"
        RenderInline {SPAN} at (0,0) size 111x26
          RenderText {#text} at (3,70) size 111x26
            text run at (3,70) width 111: "odio sa\x{300}pien"
        RenderText {#text} at (114,70) size 338x66
          text run at (114,70) width 12: ", "
          text run at (126,70) width 215: "lobortis eu iaculis vel,"
          text run at (3,110) width 210: "scelerisque nec dolor."
      RenderBlock (floating) {DIV} at (8,164) size 366x162 [border: (3px solid #000000)]
        RenderText {#text} at (3,17) size 71x26
          text run at (3,17) width 71: "Lorem "
        RenderInline {SPAN} at (0,0) size 59x26
          RenderText {#text} at (74,17) size 59x26
            text run at (74,17) width 59: "ipsum"
        RenderText {#text} at (133,17) size 6x26
          text run at (133,17) width 6: " "
        RenderInline {SPAN} at (0,0) size 51x26
          RenderText {#text} at (139,17) size 51x26
            text run at (139,17) width 51: "dolor"
        RenderText {#text} at (190,17) size 6x26
          text run at (190,17) width 6: " "
        RenderInline {SPAN} at (0,0) size 23x26
          RenderText {#text} at (196,17) size 23x26
            text run at (196,17) width 23: "sit"
        RenderText {#text} at (219,17) size 6x26
          text run at (219,17) width 6: " "
        RenderInline {SPAN} at (0,0) size 48x26
          RenderText {#text} at (225,17) size 48x26
            text run at (225,17) width 48: "amet"
        RenderText {#text} at (273,17) size 6x26
          text run at (273,17) width 6: ","
        RenderInline {SPAN} at (0,0) size 111x26
          RenderText {#text} at (3,61) size 111x26
            text run at (3,61) width 111: "consectetur"
        RenderText {#text} at (114,61) size 6x26
          text run at (114,61) width 6: " "
        RenderInline {SPAN} at (0,0) size 100x26
          RenderText {#text} at (120,61) size 100x26
            text run at (120,61) width 100: "adipiscing"
        RenderText {#text} at (220,61) size 6x26
          text run at (220,61) width 6: " "
        RenderInline {SPAN} at (0,0) size 32x26
          RenderText {#text} at (226,61) size 32x26
            text run at (226,61) width 32: "elit"
        RenderText {#text} at (258,61) size 12x26
          text run at (258,61) width 12: ". "
        RenderInline {SPAN} at (0,0) size 85x26
          RenderText {#text} at (270,61) size 85x26
            text run at (270,61) width 85: "Aliquam"
        RenderText {#text} at (355,61) size 6x26
          text run at (355,61) width 6: ","
        RenderInline {SPAN} at (0,0) size 43x26
          RenderText {#text} at (3,105) size 43x26
            text run at (3,105) width 43: "odio"
        RenderText {#text} at (46,105) size 6x26
          text run at (46,105) width 6: " "
        RenderInline {SPAN} at (0,0) size 62x26
          RenderText {#text} at (52,105) size 62x26
            text run at (52,105) width 62: "sapien"
        RenderText {#text} at (114,105) size 12x26
          text run at (114,105) width 12: ", "
        RenderInline {SPAN} at (0,0) size 74x26
          RenderText {#text} at (126,105) size 74x26
            text run at (126,105) width 74: "lobortis"
        RenderText {#text} at (200,105) size 338x53
          text run at (200,105) width 6: " "
          text run at (206,105) width 135: "eu iaculis vel,"
          text run at (3,132) width 211: "scelerisque nec dolor."
      RenderBlock (floating) {DIV} at (390,164) size 366x161 [border: (3px solid #000000)]
        RenderText {#text} at (3,3) size 71x26
          text run at (3,3) width 71: "Lorem "
        RenderInline {SPAN} at (0,0) size 59x26
          RenderText {#text} at (74,3) size 59x26
            text run at (74,3) width 59: "ipsum"
        RenderText {#text} at (133,3) size 6x26
          text run at (133,3) width 6: " "
        RenderInline {SPAN} at (0,0) size 51x26
          RenderText {#text} at (139,3) size 51x26
            text run at (139,3) width 51: "dolor"
        RenderText {#text} at (190,3) size 6x26
          text run at (190,3) width 6: " "
        RenderInline {SPAN} at (0,0) size 23x26
          RenderText {#text} at (196,3) size 23x26
            text run at (196,3) width 23: "sit"
        RenderText {#text} at (219,3) size 6x26
          text run at (219,3) width 6: " "
        RenderInline {SPAN} at (0,0) size 48x26
          RenderText {#text} at (225,3) size 48x26
            text run at (225,3) width 48: "amet"
        RenderText {#text} at (273,3) size 6x26
          text run at (273,3) width 6: ","
        RenderInline {SPAN} at (0,0) size 111x26
          RenderText {#text} at (3,43) size 111x26
            text run at (3,43) width 111: "consectetur"
        RenderText {#text} at (114,43) size 6x26
          text run at (114,43) width 6: " "
        RenderInline {SPAN} at (0,0) size 100x26
          RenderText {#text} at (120,43) size 100x26
            text run at (120,43) width 100: "adipiscing"
        RenderText {#text} at (220,43) size 6x26
          text run at (220,43) width 6: " "
        RenderInline {SPAN} at (0,0) size 32x26
          RenderText {#text} at (226,43) size 32x26
            text run at (226,43) width 32: "elit"
        RenderText {#text} at (258,43) size 12x26
          text run at (258,43) width 12: ". "
        RenderInline {SPAN} at (0,0) size 85x26
          RenderText {#text} at (270,43) size 85x26
            text run at (270,43) width 85: "Aliquam"
        RenderText {#text} at (355,43) size 6x26
          text run at (355,43) width 6: ","
        RenderInline {SPAN} at (0,0) size 43x26
          RenderText {#text} at (3,87) size 43x26
            text run at (3,87) width 43: "odio"
        RenderText {#text} at (46,87) size 6x26
          text run at (46,87) width 6: " "
        RenderInline {SPAN} at (0,0) size 62x26
          RenderText {#text} at (52,87) size 62x26
            text run at (52,87) width 62: "sapien"
        RenderText {#text} at (114,87) size 12x26
          text run at (114,87) width 12: ", "
        RenderInline {SPAN} at (0,0) size 74x26
          RenderText {#text} at (126,87) size 74x26
            text run at (126,87) width 74: "lobortis"
        RenderText {#text} at (200,87) size 338x70
          text run at (200,87) width 6: " "
          text run at (206,87) width 135: "eu iaculis vel,"
          text run at (3,131) width 211: "scelerisque nec dolor."
      RenderBlock (floating) {DIV} at (390,341) size 366x198 [border: (3px solid #000000)]
        RenderText {#text} at (3,14) size 276x26
          text run at (3,14) width 276: "Lorem ipsum dolor sit amet,"
        RenderInline {SPAN} at (0,0) size 217x26
          RenderText {#text} at (3,62) size 217x26
            text run at (3,62) width 217: "consectetur adipiscing"
        RenderText {#text} at (220,62) size 135x26
          text run at (220,62) width 6: " "
          text run at (226,62) width 129: "elit. Aliquam"
        RenderInline {SPAN} at (0,0) size 111x26
          RenderText {#text} at (3,110) size 111x26
            text run at (3,110) width 111: "odio sapien"
        RenderText {#text} at (114,110) size 338x74
          text run at (114,110) width 12: ", "
          text run at (126,110) width 215: "lobortis eu iaculis vel,"
          text run at (3,158) width 211: "scelerisque nec dolor."
      RenderBlock (floating) {DIV} at (8,555) size 366x140 [border: (3px solid #000000)]
        RenderText {#text} at (3,3) size 276x26
          text run at (3,3) width 276: "Lorem ipsum dolor sit amet,"
        RenderInline {SPAN} at (0,0) size 217x26
          RenderText {#text} at (3,43) size 217x26
            text run at (3,43) width 217: "consectetur adipiscing"
        RenderText {#text} at (220,43) size 135x26
          text run at (220,43) width 6: " "
          text run at (226,43) width 129: "elit. Aliquam"
        RenderInline {SPAN} at (0,0) size 111x26
          RenderText {#text} at (3,70) size 111x26
            text run at (3,70) width 111: "odio sapien"
        RenderText {#text} at (114,70) size 338x66
          text run at (114,70) width 12: ", "
          text run at (126,70) width 215: "lobortis eu iaculis vel,"
          text run at (3,110) width 211: "scelerisque nec dolor."
selection start: position 10 of child 0 {#text} of child 1 {SPAN} of child 10 {DIV} of body
selection end:   position 7 of child 0 {#text} of child 3 {SPAN} of child 10 {DIV} of body
