layer at (0,0) size 800x600
  RenderView at (0,0) size 800x600
layer at (0,0) size 800x600
  RenderBlock {HTML} at (0,0) size 800x600
    RenderBody {BODY} at (8,8) size 784x584
      RenderBlock {DIV} at (0,0) size 784x70
        RenderText {#text} at (0,17) size 24x36
          text run at (0,17) width 24: "1 "
        RenderRuby (inline) {RUBY} at (0,0) size 72x36
          RenderRubyRun (anonymous) at (24,17) size 72x53
            RenderRubyText {RT} at (0,-17) size 72x18
              RenderText {#text} at (24,0) size 24x17
                text run at (24,0) width 24: "678"
            RenderRubyBase (anonymous) at (0,0) size 72x53
              RenderInline {RB} at (0,0) size 72x36
                RenderText {#text} at (0,0) size 40x36
                  text run at (0,0) width 40: "23 "
                RenderInline {SPAN} at (0,0) size 32x36
                  RenderText {#text} at (40,0) size 32x36
                    text run at (40,0) width 32: "45"
        RenderText {#text} at (0,0) size 0x0
      RenderBlock {DIV} at (0,78) size 784x54
        RenderText {#text} at (0,17) size 24x36
          text run at (0,17) width 24: "1 "
        RenderRuby (inline) {RUBY} at (0,0) size 72x36
          RenderRubyRun (anonymous) at (24,0) size 72x54
            RenderRubyText {RT} at (0,17) size 72x0
            RenderRubyBase (anonymous) at (0,0) size 72x54
              RenderInline {RB} at (0,0) size 72x36
                RenderText {#text} at (0,17) size 40x36
                  text run at (0,17) width 40: "23 "
                RenderInline {SPAN} at (0,0) size 32x36
                  RenderText {#text} at (40,17) size 32x36
                    text run at (40,17) width 32: "45"
        RenderText {#text} at (0,0) size 0x0
      RenderBlock {DIV} at (0,140) size 784x54
        RenderText {#text} at (0,17) size 24x36
          text run at (0,17) width 24: "1 "
        RenderRuby (inline) {RUBY} at (0,0) size 72x36
          RenderRubyRun (anonymous) at (24,17) size 72x37
            RenderRubyText {RT} at (0,-17) size 72x18
              RenderText {#text} at (24,0) size 24x17
                text run at (24,0) width 24: "678"
            RenderRubyBase (anonymous) at (0,0) size 72x37
              RenderInline {RB} at (0,0) size 72x36
                RenderText {#text} at (0,0) size 40x36
                  text run at (0,0) width 40: "23 "
                RenderInline {SPAN} at (0,0) size 32x36
                  RenderText {#text} at (40,0) size 32x36
                    text run at (40,0) width 32: "45"
        RenderText {#text} at (0,0) size 0x0
      RenderBlock {DIV} at (0,202) size 784x70
        RenderText {#text} at (0,1) size 24x36
          text run at (0,1) width 24: "1 "
        RenderRuby (inline) {RUBY} at (0,0) size 72x36
          RenderRubyRun (anonymous) at (24,0) size 72x54
            RenderRubyText {RT} at (0,53) size 72x18
              RenderText {#text} at (24,0) size 24x17
                text run at (24,0) width 24: "678"
            RenderRubyBase (anonymous) at (0,0) size 72x54
              RenderInline {RB} at (0,0) size 72x36
                RenderText {#text} at (0,17) size 40x36
                  text run at (0,17) width 40: "23 "
                RenderInline {SPAN} at (0,0) size 32x36
                  RenderText {#text} at (40,17) size 32x36
                    text run at (40,17) width 32: "45"
        RenderText {#text} at (0,0) size 0x0
      RenderBlock {DIV} at (0,280) size 784x53
        RenderText {#text} at (0,17) size 24x36
          text run at (0,17) width 24: "1 "
        RenderRuby (inline) {RUBY} at (0,0) size 72x36
          RenderRubyRun (anonymous) at (24,0) size 72x53
            RenderRubyText {RT} at (0,36) size 72x0
            RenderRubyBase (anonymous) at (0,0) size 72x53
              RenderInline {RB} at (0,0) size 72x36
                RenderText {#text} at (0,0) size 40x36
                  text run at (0,0) width 40: "23 "
                RenderInline {SPAN} at (0,0) size 32x36
                  RenderText {#text} at (40,0) size 32x36
                    text run at (40,0) width 32: "45"
        RenderText {#text} at (0,0) size 0x0
      RenderBlock {DIV} at (0,341) size 784x53
        RenderText {#text} at (0,1) size 24x36
          text run at (0,1) width 24: "1 "
        RenderRuby (inline) {RUBY} at (0,0) size 72x36
          RenderRubyRun (anonymous) at (24,0) size 72x37
            RenderRubyText {RT} at (0,36) size 72x18
              RenderText {#text} at (24,0) size 24x17
                text run at (24,0) width 24: "678"
            RenderRubyBase (anonymous) at (0,0) size 72x37
              RenderInline {RB} at (0,0) size 72x36
                RenderText {#text} at (0,0) size 40x36
                  text run at (0,0) width 40: "23 "
                RenderInline {SPAN} at (0,0) size 32x36
                  RenderText {#text} at (40,0) size 32x36
                    text run at (40,0) width 32: "45"
        RenderText {#text} at (0,0) size 0x0
