layer at (0,0) size 800x600
  RenderView at (0,0) size 800x600
layer at (0,0) size 800x600
  RenderBlock {HTML} at (0,0) size 800x600
    RenderBody {BODY} at (8,8) size 784x584
      RenderBlock {DIV} at (0,0) size 784x143
        RenderBlock {DIV} at (0,0) size 290x11
          RenderText {#text} at (0,0) size 64x11
            text run at (0,0) width 64: "l l l l l l l l l l l l "
          RenderInline {SPAN} at (0,0) size 18x11
            RenderText {#text} at (63,0) size 18x11
              text run at (63,0) width 18: "llllll"
          RenderText {#text} at (0,0) size 0x0
        RenderBlock {DIV} at (0,11) size 290x11
          RenderText {#text} at (0,0) size 64x11
            text run at (0,0) width 64: "l l l l l l l l l l l l "
          RenderInline {SPAN} at (0,0) size 18x11
            RenderText {#text} at (63,0) size 18x11
              text run at (63,0) width 18: "llllll"
          RenderText {#text} at (0,0) size 0x0
        RenderBlock {DIV} at (0,22) size 290x11
          RenderText {#text} at (0,0) size 64x11
            text run at (0,0) width 64: "l l l l l l l l l l l l "
          RenderInline {SPAN} at (0,0) size 18x11
            RenderText {#text} at (63,0) size 18x11
              text run at (63,0) width 18: "llllll"
          RenderText {#text} at (0,0) size 0x0
        RenderBlock {DIV} at (0,33) size 290x11
          RenderText {#text} at (0,0) size 64x11
            text run at (0,0) width 64: "l l l l l l l l l l l l "
          RenderInline {SPAN} at (0,0) size 18x11
            RenderText {#text} at (63,0) size 18x11
              text run at (63,0) width 18: "llllll"
          RenderText {#text} at (0,0) size 0x0
        RenderBlock {DIV} at (0,44) size 290x11
          RenderText {#text} at (0,0) size 64x11
            text run at (0,0) width 64: "l l l l l l l l l l l l "
          RenderInline {SPAN} at (0,0) size 18x11
            RenderText {#text} at (63,0) size 18x11
              text run at (63,0) width 18: "llllll"
          RenderText {#text} at (0,0) size 0x0
        RenderBlock {DIV} at (0,55) size 290x11
          RenderText {#text} at (0,0) size 64x11
            text run at (0,0) width 64: "l l l l l l l l l l l l "
          RenderInline {SPAN} at (0,0) size 18x11
            RenderText {#text} at (63,0) size 18x11
              text run at (63,0) width 18: "llllll"
          RenderText {#text} at (0,0) size 0x0
        RenderBlock {DIV} at (0,66) size 290x11
          RenderText {#text} at (0,0) size 64x11
            text run at (0,0) width 64: "l l l l l l l l l l l l "
          RenderInline {SPAN} at (0,0) size 18x11
            RenderText {#text} at (63,0) size 18x11
              text run at (63,0) width 18: "llllll"
          RenderText {#text} at (0,0) size 0x0
        RenderBlock {DIV} at (0,77) size 290x11
          RenderText {#text} at (0,0) size 64x11
            text run at (0,0) width 64: "l l l l l l l l l l l l "
          RenderInline {SPAN} at (0,0) size 18x11
            RenderText {#text} at (63,0) size 18x11
              text run at (63,0) width 18: "llllll"
          RenderText {#text} at (0,0) size 0x0
        RenderBlock {DIV} at (0,88) size 290x11
          RenderText {#text} at (0,0) size 64x11
            text run at (0,0) width 64: "l l l l l l l l l l l l "
          RenderInline {SPAN} at (0,0) size 18x11
            RenderText {#text} at (63,0) size 18x11
              text run at (63,0) width 18: "llllll"
          RenderText {#text} at (0,0) size 0x0
        RenderBlock {DIV} at (0,99) size 290x11
          RenderText {#text} at (0,0) size 64x11
            text run at (0,0) width 64: "l l l l l l l l l l l l "
          RenderInline {SPAN} at (0,0) size 18x11
            RenderText {#text} at (63,0) size 18x11
              text run at (63,0) width 18: "llllll"
          RenderText {#text} at (0,0) size 0x0
        RenderBlock {DIV} at (0,110) size 290x11
          RenderText {#text} at (0,0) size 64x11
            text run at (0,0) width 64: "l l l l l l l l l l l l "
          RenderInline {SPAN} at (0,0) size 18x11
            RenderText {#text} at (63,0) size 18x11
              text run at (63,0) width 18: "llllll"
          RenderText {#text} at (0,0) size 0x0
        RenderBlock {DIV} at (0,121) size 290x11
          RenderText {#text} at (0,0) size 64x11
            text run at (0,0) width 64: "l l l l l l l l l l l l "
          RenderInline {SPAN} at (0,0) size 18x11
            RenderText {#text} at (63,0) size 18x11
              text run at (63,0) width 18: "llllll"
          RenderText {#text} at (0,0) size 0x0
        RenderBlock {DIV} at (0,132) size 290x11
          RenderText {#text} at (0,0) size 64x11
            text run at (0,0) width 64: "l l l l l l l l l l l l "
          RenderInline {SPAN} at (0,0) size 18x11
            RenderText {#text} at (63,0) size 18x11
              text run at (63,0) width 18: "llllll"
          RenderText {#text} at (0,0) size 0x0
      RenderBlock {DIV} at (0,143) size 784x143
        RenderBlock {DIV} at (0,0) size 290x11
          RenderText {#text} at (0,0) size 64x11
            text run at (0,0) width 64: "l l l l l l l l l l l l "
          RenderInline {SPAN} at (0,0) size 18x11
            RenderText {#text} at (63,0) size 18x11
              text run at (63,0) width 18: "llllll"
          RenderText {#text} at (0,0) size 0x0
        RenderBlock {DIV} at (0,11) size 290x11
          RenderText {#text} at (0,0) size 64x11
            text run at (0,0) width 64: "l l l l l l l l l l l l "
          RenderInline {SPAN} at (0,0) size 18x11
            RenderText {#text} at (63,0) size 18x11
              text run at (63,0) width 18: "llllll"
          RenderText {#text} at (0,0) size 0x0
        RenderBlock {DIV} at (0,22) size 290x11
          RenderText {#text} at (0,0) size 64x11
            text run at (0,0) width 64: "l l l l l l l l l l l l "
          RenderInline {SPAN} at (0,0) size 18x11
            RenderText {#text} at (63,0) size 18x11
              text run at (63,0) width 18: "llllll"
          RenderText {#text} at (0,0) size 0x0
        RenderBlock {DIV} at (0,33) size 290x11
          RenderText {#text} at (0,0) size 64x11
            text run at (0,0) width 64: "l l l l l l l l l l l l "
          RenderInline {SPAN} at (0,0) size 18x11
            RenderText {#text} at (63,0) size 18x11
              text run at (63,0) width 18: "llllll"
          RenderText {#text} at (0,0) size 0x0
        RenderBlock {DIV} at (0,44) size 290x11
          RenderText {#text} at (0,0) size 64x11
            text run at (0,0) width 64: "l l l l l l l l l l l l "
          RenderInline {SPAN} at (0,0) size 18x11
            RenderText {#text} at (63,0) size 18x11
              text run at (63,0) width 18: "llllll"
          RenderText {#text} at (0,0) size 0x0
        RenderBlock {DIV} at (0,55) size 290x11
          RenderText {#text} at (0,0) size 64x11
            text run at (0,0) width 64: "l l l l l l l l l l l l "
          RenderInline {SPAN} at (0,0) size 18x11
            RenderText {#text} at (63,0) size 18x11
              text run at (63,0) width 18: "llllll"
          RenderText {#text} at (0,0) size 0x0
        RenderBlock {DIV} at (0,66) size 290x11
          RenderText {#text} at (0,0) size 64x11
            text run at (0,0) width 64: "l l l l l l l l l l l l "
          RenderInline {SPAN} at (0,0) size 18x11
            RenderText {#text} at (63,0) size 18x11
              text run at (63,0) width 18: "llllll"
          RenderText {#text} at (0,0) size 0x0
        RenderBlock {DIV} at (0,77) size 290x11
          RenderText {#text} at (0,0) size 64x11
            text run at (0,0) width 64: "l l l l l l l l l l l l "
          RenderInline {SPAN} at (0,0) size 18x11
            RenderText {#text} at (63,0) size 18x11
              text run at (63,0) width 18: "llllll"
          RenderText {#text} at (0,0) size 0x0
        RenderBlock {DIV} at (0,88) size 290x11
          RenderText {#text} at (0,0) size 64x11
            text run at (0,0) width 64: "l l l l l l l l l l l l "
          RenderInline {SPAN} at (0,0) size 18x11
            RenderText {#text} at (63,0) size 18x11
              text run at (63,0) width 18: "llllll"
          RenderText {#text} at (0,0) size 0x0
        RenderBlock {DIV} at (0,99) size 290x11
          RenderText {#text} at (0,0) size 64x11
            text run at (0,0) width 64: "l l l l l l l l l l l l "
          RenderInline {SPAN} at (0,0) size 18x11
            RenderText {#text} at (63,0) size 18x11
              text run at (63,0) width 18: "llllll"
          RenderText {#text} at (0,0) size 0x0
        RenderBlock {DIV} at (0,110) size 290x11
          RenderText {#text} at (0,0) size 64x11
            text run at (0,0) width 64: "l l l l l l l l l l l l "
          RenderInline {SPAN} at (0,0) size 18x11
            RenderText {#text} at (63,0) size 18x11
              text run at (63,0) width 18: "llllll"
          RenderText {#text} at (0,0) size 0x0
        RenderBlock {DIV} at (0,121) size 290x11
          RenderText {#text} at (0,0) size 64x11
            text run at (0,0) width 64: "l l l l l l l l l l l l "
          RenderInline {SPAN} at (0,0) size 18x11
            RenderText {#text} at (63,0) size 18x11
              text run at (63,0) width 18: "llllll"
          RenderText {#text} at (0,0) size 0x0
        RenderBlock {DIV} at (0,132) size 290x11
          RenderText {#text} at (0,0) size 64x11
            text run at (0,0) width 64: "l l l l l l l l l l l l "
          RenderInline {SPAN} at (0,0) size 18x11
            RenderText {#text} at (63,0) size 18x11
              text run at (63,0) width 18: "llllll"
          RenderText {#text} at (0,0) size 0x0
