layer at (0,0) size 800x600
  RenderView at (0,0) size 800x600
layer at (0,0) size 800x600
  RenderBlock {HTML} at (0,0) size 800x600
    RenderBody {BODY} at (8,8) size 784x584
      RenderBlock {DIV} at (0,0) size 656x106 [border: (3px solid #0000FF)]
        RenderInline {SPAN} at (0,0) size 73x27
          RenderText {#text} at (3,14) size 73x27
            text run at (3,14) width 73: "a b c d "
        RenderText {#text} at (75,14) size 214x27
          text run at (75,14) width 214: "e f g h xxxxxxxxxxx "
        RenderBR {BR} at (0,0) size 0x0
        RenderInline {SPAN} at (0,0) size 73x27
          RenderText {#text} at (3,64) size 73x27
            text run at (3,64) width 73: "a b c d "
        RenderText {#text} at (75,64) size 208x27
          text run at (75,64) width 208: "e f g h xxxxxxxxxxx"
