layer at (0,0) size 800x600
  RenderView at (0,0) size 800x600
layer at (0,0) size 800x600
  RenderBlock {HTML} at (0,0) size 800x600
layer at (8,8) size 784x584
  RenderBody {BODY} at (8,8) size 784x584
layer at (8,8) size 200x94
  RenderBlock (positioned) {DIV} at (0,0) size 200x94 [color=#FF0000]
    RenderText {#text} at (0,1) size 163x92
      text run at (0,1) width 163: ".AAAA B"
      text run at (0,48) width 103: "CC D "
    RenderText {#text} at (102,48) size 25x45
      text run at (102,48) width 25: "E"
layer at (8,8) size 200x94
  RenderBlock (positioned) {DIV} at (0,0) size 200x94 [color=#008000]
    RenderText {#text} at (0,1) size 163x92
      text run at (0,1) width 163: ".AAAA B"
      text run at (0,48) width 127: "CC D E"
