layer at (0,0) size 800x600
  RenderView at (0,0) size 800x600
layer at (0,0) size 800x600
  RenderBlock {HTML} at (0,0) size 800x600
layer at (8,8) size 784x584
  RenderBody {BODY} at (8,8) size 784x584
layer at (8,8) size 200x94
  RenderBlock (positioned) {DIV} at (0,0) size 200x94 [color=#FF0000]
    RenderText {#text} at (0,1) size 156x92
      text run at (0,1) width 153: "AAAA B"
      text run at (0,48) width 156: "CCCC D "
    RenderText {#text} at (155,48) size 26x45
      text run at (155,48) width 26: "E"
layer at (8,8) size 200x94
  RenderBlock (positioned) {DIV} at (0,0) size 200x94 [color=#008000]
    RenderText {#text} at (0,0) size 0x0
    RenderText {#text} at (0,1) size 181x92
      text run at (0,1) width 153: "AAAA B"
      text run at (0,48) width 181: "CCCC D E"
