layer at (0,0) size 800x600
  RenderView at (0,0) size 800x600
layer at (0,0) size 800x600
  RenderBlock {HTML} at (0,0) size 800x600
    RenderBody {BODY} at (8,8) size 784x584
      RenderBlock {CENTER} at (0,0) size 784x59
        RenderBlock {FORM} at (0,0) size 784x25
          RenderTable {TABLE} at (37,0) size 710x25
            RenderTableSection {TBODY} at (0,0) size 710x25
              RenderTableRow {TR} at (0,0) size 710x25
                RenderTableCell {TD} at (0,3) size 150x18 [r=0 c=0 rs=2 cs=1]
                  RenderText {#text} at (0,0) size 4x17
                    text run at (0,0) width 4: " "
                RenderTableCell {TD} at (150,0) size 288x25 [r=0 c=1 rs=1 cs=1]
                  RenderTextControl {INPUT} at (2,2) size 284x21 [bgcolor=#FFFFFF] [border: (2px inset #EEEEEE)]
                  RenderText {#text} at (0,0) size 0x0
                RenderTableCell {TD} at (438,0) size 112x25 [r=0 c=2 rs=1 cs=1]
                  RenderButton {INPUT} at (2,2) size 107.14x21 [bgcolor=#C0C0C0] [border: (2px outset #C0C0C0)]
                    RenderBlock (anonymous) at (8,3) size 91.14x15
                      RenderText {#text} at (0,0) size 92x15
                        text run at (0,0) width 92: "Search Froogle"
                  RenderText {#text} at (0,0) size 0x0
                RenderTableCell {TD} at (550,3) size 160x19 [r=0 c=3 rs=2 cs=1]
                  RenderInline {LABEL} at (0,0) size 119x11
                    RenderText {#text} at (0,0) size 0x0
                    RenderBlock {INPUT} at (14,3) size 13x13
                    RenderText {#text} at (30,7) size 99x11
                      text run at (30,7) width 99: " Remember this location"
                  RenderText {#text} at (0,0) size 0x0
        RenderBlock (anonymous) at (0,41) size 784x18
          RenderBR {BR} at (392,0) size 0x17
layer at (199,13) size 280x15
  RenderBlock {DIV} at (2,3) size 280x15
caret: position 1 of child 0 {#text} of child 1 {TD} of child 0 {TR} of child 1 {TBODY} of child 1 {TABLE} of child 1 {FORM} of child 1 {CENTER} of body
