layer at (0,0) size 800x600
  RenderView at (0,0) size 800x600
layer at (0,0) size 800x600
  RenderBlock {HTML} at (0,0) size 800x600
    RenderBody {BODY} at (8,8) size 784x576
      RenderBlock {SECTION} at (0,0) size 784x95.91
        RenderBlock {H1} at (0,0) size 784x32
          RenderText {#text} at (0,0) size 271x32
            text run at (0,0) width 271: "Webfont Synthetic Bold"
        RenderBlock {P} at (0,51.91) size 784x44
          RenderText {#text} at (0,0) size 32x22
            text run at (0,0) width 32: "The "
          RenderInline {B} at (0,0) size 156x21
            RenderText {#text} at (32,0) size 156x21
              text run at (32,0) width 156: "bold part of this text"
          RenderText {#text} at (188,0) size 755x44
            text run at (188,0) width 272: " as well as the header above should "
            text run at (460,0) width 295: "not be rendered nice and crisp without"
            text run at (0,22) width 146: "being overly blurry."
