layer at (0,0) size 800x600
  RenderView at (0,0) size 800x600
layer at (0,0) size 800x600
  RenderBlock {HTML} at (0,0) size 800x600
    RenderBody {BODY} at (8,8) size 784x584
      RenderBlock (anonymous) at (0,0) size 784x18
        RenderText {#text} at (0,0) size 191x17
          text run at (0,0) width 191: "outer width=400 align=center"
      RenderTable {TABLE} at (192,18) size 400x45 [border: (1px outset #808080)]
        RenderTableSection {TBODY} at (1,1) size 398x43
          RenderTableRow {TR} at (0,2) size 398x39
            RenderTableCell {TD} at (2,2) size 394x39 [border: (1px inset #808080)] [r=0 c=0 rs=1 cs=1]
              RenderBlock {FORM} at (2,2) size 390x19
                RenderMenuList {SELECT} at (0,0) size 51x19 [bgcolor=#FFFFFF] [border: (1px solid #A9A9A9)]
                  RenderBlock (anonymous) at (1,1) size 49x17
                    RenderText at (4,1) size 26x15
                      text run at (4,1) width 26: "Test"
                RenderText {#text} at (0,0) size 0x0
      RenderBlock (anonymous) at (0,63) size 784x18
        RenderText {#text} at (0,0) size 301x17
          text run at (0,0) width 301: "outer width=400 inner width=200 align=center"
      RenderTable {TABLE} at (0,81) size 400x40 [border: (2px outset #808080)]
        RenderTableSection {TBODY} at (2,2) size 396x36
          RenderTableRow {TR} at (0,2) size 396x32
            RenderTableCell {TD} at (2,2) size 392x32 [border: (1px inset #808080)] [r=0 c=0 rs=1 cs=1]
              RenderTable {TABLE} at (96,2) size 200x28 [border: (1px outset #808080)]
                RenderTableSection {TBODY} at (1,1) size 198x26
                  RenderTableRow {TR} at (0,2) size 198x22
                    RenderTableCell {TD} at (2,2) size 194x22 [border: (1px inset #808080)] [r=0 c=0 rs=1 cs=1]
                      RenderText {#text} at (2,2) size 22x17
                        text run at (2,2) width 22: "foo"
      RenderBlock (anonymous) at (0,121) size 784x18
        RenderText {#text} at (0,0) size 186x17
          text run at (0,0) width 186: "outer auto inner align=center"
      RenderTable {TABLE} at (0,139) size 44x40 [border: (2px outset #808080)]
        RenderTableSection {TBODY} at (2,2) size 40x36
          RenderTableRow {TR} at (0,2) size 40x32
            RenderTableCell {TD} at (2,2) size 36x32 [border: (1px inset #808080)] [r=0 c=0 rs=1 cs=1]
              RenderTable {TABLE} at (2,2) size 32x28 [border: (1px outset #808080)]
                RenderTableSection {TBODY} at (1,1) size 30x26
                  RenderTableRow {TR} at (0,2) size 30x22
                    RenderTableCell {TD} at (2,2) size 26x22 [border: (1px inset #808080)] [r=0 c=0 rs=1 cs=1]
                      RenderText {#text} at (2,2) size 22x17
                        text run at (2,2) width 22: "foo"
      RenderBlock (anonymous) at (0,179) size 784x18
        RenderText {#text} at (0,0) size 220x17
          text run at (0,0) width 220: "outer width=50 inner align=center"
      RenderTable {TABLE} at (0,197) size 44x40 [border: (2px outset #808080)]
        RenderTableSection {TBODY} at (2,2) size 40x36
          RenderTableRow {TR} at (0,2) size 40x32
            RenderTableCell {TD} at (2,2) size 36x32 [border: (1px inset #808080)] [r=0 c=0 rs=1 cs=1]
              RenderTable {TABLE} at (2,2) size 32x28 [border: (1px outset #808080)]
                RenderTableSection {TBODY} at (1,1) size 30x26
                  RenderTableRow {TR} at (0,2) size 30x22
                    RenderTableCell {TD} at (2,2) size 26x22 [border: (1px inset #808080)] [r=0 c=0 rs=1 cs=1]
                      RenderText {#text} at (2,2) size 22x17
                        text run at (2,2) width 22: "foo"
      RenderBlock (anonymous) at (0,237) size 784x18
        RenderText {#text} at (0,0) size 232x17
          text run at (0,0) width 232: "outer width=50 inner margin-left:50"
      RenderTable {TABLE} at (0,255) size 94x40 [border: (2px outset #808080)]
        RenderTableSection {TBODY} at (2,2) size 90x36
          RenderTableRow {TR} at (0,2) size 90x32
            RenderTableCell {TD} at (2,2) size 86x32 [border: (1px inset #808080)] [r=0 c=0 rs=1 cs=1]
              RenderTable {TABLE} at (52,2) size 32x28 [border: (1px outset #808080)]
                RenderTableSection {TBODY} at (1,1) size 30x26
                  RenderTableRow {TR} at (0,2) size 30x22
                    RenderTableCell {TD} at (2,2) size 26x22 [border: (1px inset #808080)] [r=0 c=0 rs=1 cs=1]
                      RenderText {#text} at (2,2) size 22x17
                        text run at (2,2) width 22: "foo"
      RenderBlock (anonymous) at (0,295) size 784x18
        RenderText {#text} at (0,0) size 228x17
          text run at (0,0) width 228: "outer width=400 inner align=center"
      RenderTable {TABLE} at (0,313) size 400x40 [border: (2px outset #808080)]
        RenderTableSection {TBODY} at (2,2) size 396x36
          RenderTableRow {TR} at (0,2) size 396x32
            RenderTableCell {TD} at (2,2) size 117x32 [border: (1px inset #808080)] [r=0 c=0 rs=1 cs=1]
              RenderTable {TABLE} at (42.50,2) size 32x28 [border: (1px outset #808080)]
                RenderTableSection {TBODY} at (1,1) size 30x26
                  RenderTableRow {TR} at (0,2) size 30x22
                    RenderTableCell {TD} at (2,2) size 26x22 [border: (1px inset #808080)] [r=0 c=0 rs=1 cs=1]
                      RenderText {#text} at (2,2) size 22x17
                        text run at (2,2) width 22: "foo"
            RenderTableCell {TD} at (121,7) size 273x22 [border: (1px inset #808080)] [r=0 c=1 rs=1 cs=1]
              RenderText {#text} at (2,2) size 80x17
                text run at (2,2) width 80: "x x x x x x x"
      RenderBlock (anonymous) at (0,353) size 784x18
        RenderText {#text} at (0,0) size 228x17
          text run at (0,0) width 228: "outer width=400 inner align=center"
      RenderTable {TABLE} at (0,371) size 400x40 [border: (2px outset #808080)]
        RenderTableSection {TBODY} at (2,2) size 396x36
          RenderTableRow {TR} at (0,2) size 396x32
            RenderTableCell {TD} at (2,2) size 168x32 [border: (1px inset #808080)] [r=0 c=0 rs=1 cs=1]
              RenderTable {TABLE} at (54,2) size 60x28 [border: (1px outset #808080)]
                RenderTableSection {TBODY} at (1,1) size 58x26
                  RenderTableRow {TR} at (0,2) size 58x22
                    RenderTableCell {TD} at (2,2) size 54x22 [border: (1px inset #808080)] [r=0 c=0 rs=1 cs=1]
                      RenderText {#text} at (2,2) size 16x17
                        text run at (2,2) width 16: "50"
            RenderTableCell {TD} at (172,7) size 222x22 [border: (1px inset #808080)] [r=0 c=1 rs=1 cs=1]
              RenderText {#text} at (2,2) size 80x17
                text run at (2,2) width 80: "x x x x x x x"
      RenderBlock (anonymous) at (0,411) size 784x18
        RenderText {#text} at (0,0) size 20x17
          text run at (0,0) width 20: "-->"
