layer at (0,0) size 3954x600
  RenderView at (0,0) size 800x600
layer at (-3154,0) size 3954x600 backgroundClip at (0,0) size 3954x600 clip at (0,0) size 3954x600 outlineClip at (0,0) size 3954x600
  RenderBlock {HTML} at (0,0) size 3954.34x600
    RenderBody {BODY} at (60,48) size 3834.34x504
      RenderBlock {H1} at (0,0) size 48x504
        RenderText {#text} at (6,0) size 36x64
          text run at (6,0) width 64: "\x{8349}\x{6795}"
      RenderBlock {H2} at (69.44,0) size 36x504
        RenderText {#text} at (5,0) size 26x96
          text run at (5,0) width 96: "\x{590F}\x{76EE}\x{6F31}\x{77F3}"
      RenderBlock {DIV} at (125.34,0) size 3709x504
        RenderBlock (anonymous) at (0,0) size 2088x504
          RenderBR {BR} at (0,0) size 17x0
          RenderBR {BR} at (18,0) size 17x0
          RenderBR {BR} at (36,0) size 17x0
          RenderText {#text} at (54,0) size 17x144
            text run at (54,0) width 144: "\x{3000}\x{3000}\x{3000}\x{3000}\x{3000}\x{3000}\x{3000}\x{3000}\x{4E00}"
          RenderBR {BR} at (54,144) size 17x0
          RenderBR {BR} at (72,0) size 17x0
          RenderText {#text} at (99,0) size 17x16
            text run at (99,0) width 16: "\x{3000}"
          RenderRuby (inline) {RUBY} at (0,0) size 17x34
            RenderRubyRun (anonymous) at (99,15) size 18x34.25
              RenderRubyText {RT} at (-10,0) size 10x34.25
                RenderText {#text} at (0,0) size 10x35
                  text run at (0,0) width 35: "\x{3084}\x{307E}\x{307F}\x{3061}"
              RenderRubyBase (anonymous) at (0,0) size 18x34.25
                RenderInline {RB} at (0,0) size 17x33
                  RenderText {#text} at (0,1) size 17x33
                    text run at (0,1) width 32: "\x{5C71}\x{8DEF}"
          RenderText {#text} at (99,49) size 17x205
            text run at (99,49) width 204: "\x{3092}\x{767B}\x{308A}\x{306A}\x{304C}\x{3089}\x{3001}\x{3053}\x{3046}\x{8003}\x{3048}\x{305F}\x{3002}"
          RenderBR {BR} at (99,253) size 17x1
          RenderText {#text} at (126,0) size 17x16
            text run at (126,0) width 16: "\x{3000}"
          RenderRuby (inline) {RUBY} at (0,0) size 17x16
            RenderRubyRun (anonymous) at (126,16) size 18x16
              RenderRubyText {RT} at (-10,0) size 10x16
                RenderText {#text} at (0,4) size 10x9
                  text run at (0,4) width 9: "\x{3061}"
              RenderRubyBase (anonymous) at (0,0) size 18x16
                RenderInline {RB} at (0,0) size 17x16
                  RenderText {#text} at (0,0) size 17x16
                    text run at (0,0) width 16: "\x{667A}"
          RenderText {#text} at (126,32) size 17x61
            text run at (126,32) width 61: "\x{306B}\x{50CD}\x{3051}\x{3070}"
          RenderRuby (inline) {RUBY} at (0,0) size 17x18
            RenderRubyRun (anonymous) at (126,92.50) size 18x17.02
              RenderRubyText {RT} at (-10,0) size 10x17.02
                RenderText {#text} at (0,0) size 10x18
                  text run at (0,0) width 18: "\x{304B}\x{3069}"
              RenderRubyBase (anonymous) at (0,0) size 18x17.02
                RenderInline {RB} at (0,0) size 17x17
                  RenderText {#text} at (0,0) size 17x17
                    text run at (0,0) width 16: "\x{89D2}"
          RenderText {#text} at (126,109) size 17x61
            text run at (126,109) width 60: "\x{304C}\x{7ACB}\x{3064}\x{3002}"
          RenderRuby (inline) {RUBY} at (0,0) size 17x18
            RenderRubyRun (anonymous) at (126,165.27) size 18x24.44
              RenderRubyText {RT} at (-10,0) size 10x24.44
                RenderText {#text} at (0,0) size 10x25
                  text run at (0,0) width 25: "\x{3058}\x{3087}\x{3046}"
              RenderRubyBase (anonymous) at (0,0) size 18x24.44
                RenderInline {RB} at (0,0) size 17x17
                  RenderText {#text} at (0,4) size 17x17
                    text run at (0,4) width 16: "\x{60C5}"
          RenderText {#text} at (126,186) size 17x15
            text run at (126,186) width 15: "\x{306B}"
          RenderRuby (inline) {RUBY} at (0,0) size 17x19
            RenderRubyRun (anonymous) at (126,200.83) size 18x17.83
              RenderRubyText {RT} at (-10,0) size 10x17.83
                RenderText {#text} at (0,0) size 10x19
                  text run at (0,0) width 18: "\x{3055}\x{304A}"
              RenderRubyBase (anonymous) at (0,0) size 18x17.83
                RenderInline {RB} at (0,0) size 17x17
                  RenderText {#text} at (0,0) size 17x17
                    text run at (0,0) width 16: "\x{68F9}"
          RenderText {#text} at (126,218) size 17x176
            text run at (126,218) width 175: "\x{3055}\x{305B}\x{3070}\x{6D41}\x{3055}\x{308C}\x{308B}\x{3002}\x{610F}\x{5730}\x{3092}"
          RenderRuby (inline) {RUBY} at (0,0) size 17x18
            RenderRubyRun (anonymous) at (126,393.53) size 18x17.23
              RenderRubyText {RT} at (-10,0) size 10x17.23
                RenderText {#text} at (0,0) size 10x18
                  text run at (0,0) width 18: "\x{3068}\x{304A}"
              RenderRubyBase (anonymous) at (0,0) size 18x17.23
                RenderInline {RB} at (0,0) size 17x17
                  RenderText {#text} at (0,0) size 17x17
                    text run at (0,0) width 16: "\x{901A}"
          RenderText {#text} at (126,410) size 17x32
            text run at (126,410) width 31: "\x{305B}\x{3070}"
          RenderRuby (inline) {RUBY} at (0,0) size 17x38
            RenderRubyRun (anonymous) at (126,437.64) size 18x41.25
              RenderRubyText {RT} at (-10,0) size 10x41.25
                RenderText {#text} at (0,0) size 10x42
                  text run at (0,0) width 42: "\x{304D}\x{3085}\x{3046}\x{304F}\x{3064}"
              RenderRubyBase (anonymous) at (0,0) size 18x41.25
                RenderInline {RB} at (0,0) size 17x33
                  RenderText {#text} at (0,4) size 17x33
                    text run at (0,4) width 32: "\x{7AAE}\x{5C48}"
          RenderText {#text} at (144,0) size 17x243
            text run at (144,0) width 243: "\x{3060}\x{3002}\x{3068}\x{304B}\x{304F}\x{306B}\x{4EBA}\x{306E}\x{4E16}\x{306F}\x{4F4F}\x{307F}\x{306B}\x{304F}\x{3044}\x{3002}"
          RenderBR {BR} at (144,242) size 17x1
          RenderText {#text} at (171,0) size 17x108
            text run at (171,0) width 108: "\x{3000}\x{4F4F}\x{307F}\x{306B}\x{304F}\x{3055}\x{304C}"
          RenderRuby (inline) {RUBY} at (0,0) size 17x18
            RenderRubyRun (anonymous) at (171,107.50) size 18x16.81
              RenderRubyText {RT} at (-10,0) size 10x16.81
                RenderText {#text} at (0,0) size 10x18
                  text run at (0,0) width 17: "\x{3053}\x{3046}"
              RenderRubyBase (anonymous) at (0,0) size 18x16.81
                RenderInline {RB} at (0,0) size 17x17
                  RenderText {#text} at (0,0) size 17x17
                    text run at (0,0) width 16: "\x{9AD8}"
          RenderText {#text} at (171,124) size 44x500
            text run at (171,124) width 376: "\x{3058}\x{308B}\x{3068}\x{3001}\x{5B89}\x{3044}\x{6240}\x{3078}\x{5F15}\x{304D}\x{8D8A}\x{3057}\x{305F}\x{304F}\x{306A}\x{308B}\x{3002}\x{3069}\x{3053}\x{3078}\x{8D8A}\x{3057}\x{3066}\x{3082}\x{4F4F}"
            text run at (198,0) width 73: "\x{307F}\x{306B}\x{304F}\x{3044}\x{3068}"
          RenderRuby (inline) {RUBY} at (0,0) size 17x18
            RenderRubyRun (anonymous) at (198,72.38) size 18x17.41
              RenderRubyText {RT} at (-10,0) size 10x17.41
                RenderText {#text} at (0,0) size 10x18
                  text run at (0,0) width 18: "\x{3055}\x{3068}"
              RenderRubyBase (anonymous) at (0,0) size 18x17.41
                RenderInline {RB} at (0,0) size 17x17
                  RenderText {#text} at (0,0) size 17x17
                    text run at (0,0) width 16: "\x{609F}"
          RenderText {#text} at (198,89) size 17x153
            text run at (198,89) width 153: "\x{3063}\x{305F}\x{6642}\x{3001}\x{8A69}\x{304C}\x{751F}\x{308C}\x{3066}\x{3001}"
          RenderRuby (inline) {RUBY} at (0,0) size 17x17
            RenderRubyRun (anonymous) at (198,241.97) size 18x16
              RenderRubyText {RT} at (-10,0) size 10x16
                RenderText {#text} at (0,4) size 10x9
                  text run at (0,4) width 9: "\x{3048}"
              RenderRubyBase (anonymous) at (0,0) size 18x16
                RenderInline {RB} at (0,0) size 17x16
                  RenderText {#text} at (0,0) size 17x16
                    text run at (0,0) width 16: "\x{753B}"
          RenderText {#text} at (198,257) size 17x81
            text run at (198,257) width 80: "\x{304C}\x{51FA}\x{6765}\x{308B}\x{3002}"
          RenderBR {BR} at (198,337) size 17x1
          RenderText {#text} at (216,0) size 17x16
            text run at (216,0) width 16: "\x{3000}"
          RenderInline {STRONG} at (0,0) size 17x47
            RenderText {#text} at (216,16) size 17x47
              text run at (216,16) width 47: "\x{4EBA}\x{306E}\x{4E16}"
          RenderText {#text} at (216,62) size 17x416
            text run at (216,62) width 415: "\x{3092}\x{4F5C}\x{3063}\x{305F}\x{3082}\x{306E}\x{306F}\x{795E}\x{3067}\x{3082}\x{306A}\x{3051}\x{308C}\x{3070}\x{9B3C}\x{3067}\x{3082}\x{306A}\x{3044}\x{3002}\x{3084}\x{306F}\x{308A}\x{5411}\x{3046}\x{4E09}\x{8ED2}"
          RenderRuby (inline) {RUBY} at (0,0) size 17x39
            RenderRubyRun (anonymous) at (243,0) size 18x42.61
              RenderRubyText {RT} at (-10,0) size 10x42.61
                RenderText {#text} at (0,0) size 10x43
                  text run at (0,0) width 43: "\x{308A}\x{3087}\x{3046}\x{3069}\x{306A}"
              RenderRubyBase (anonymous) at (0,0) size 18x42.61
                RenderInline {RB} at (0,0) size 17x33
                  RenderText {#text} at (0,5) size 17x33
                    text run at (0,5) width 32: "\x{4E21}\x{96A3}"
          RenderText {#text} at (243,38) size 17x371
            text run at (243,38) width 370: "\x{308A}\x{306B}\x{3061}\x{3089}\x{3061}\x{3089}\x{3059}\x{308B}\x{305F}\x{3060}\x{306E}\x{4EBA}\x{3067}\x{3042}\x{308B}\x{3002}\x{305F}\x{3060}\x{306E}\x{4EBA}\x{304C}\x{4F5C}\x{3063}\x{305F}"
          RenderInline {STRONG} at (0,0) size 17x47
            RenderText {#text} at (243,408) size 17x47
              text run at (243,408) width 47: "\x{4EBA}\x{306E}\x{4E16}"
          RenderText {#text} at (243,454) size 35x501
            text run at (243,454) width 46: "\x{304C}\x{4F4F}\x{307F}"
            text run at (261,0) width 307: "\x{306B}\x{304F}\x{3044}\x{304B}\x{3089}\x{3068}\x{3066}\x{3001}\x{8D8A}\x{3059}\x{56FD}\x{306F}\x{3042}\x{308B}\x{307E}\x{3044}\x{3002}\x{3042}\x{308C}\x{3070}"
          RenderInline {STRONG} at (0,0) size 17x62
            RenderText {#text} at (261,306) size 17x62
              text run at (261,306) width 62: "\x{4EBA}\x{3067}\x{306A}\x{3057}"
          RenderText {#text} at (261,367) size 35x486
            text run at (261,367) width 119: "\x{306E}\x{56FD}\x{3078}\x{884C}\x{304F}\x{3070}\x{304B}\x{308A}"
            text run at (279,0) width 32: "\x{3060}\x{3002}"
          RenderInline {STRONG} at (0,0) size 17x62
            RenderText {#text} at (279,31) size 17x62
              text run at (279,31) width 62: "\x{4EBA}\x{3067}\x{306A}\x{3057}"
          RenderText {#text} at (279,92) size 17x47
            text run at (279,92) width 46: "\x{306E}\x{56FD}\x{306F}"
          RenderInline {STRONG} at (0,0) size 17x47
            RenderText {#text} at (279,138) size 17x47
              text run at (279,138) width 47: "\x{4EBA}\x{306E}\x{4E16}"
          RenderText {#text} at (279,184) size 17x203
            text run at (279,184) width 202: "\x{3088}\x{308A}\x{3082}\x{306A}\x{304A}\x{4F4F}\x{307F}\x{306B}\x{304F}\x{304B}\x{308D}\x{3046}\x{3002}"
          RenderBR {BR} at (279,386) size 17x1
          RenderText {#text} at (297,0) size 17x477
            text run at (297,0) width 477: "\x{3000}\x{8D8A}\x{3059}\x{4E8B}\x{306E}\x{306A}\x{3089}\x{306C}\x{4E16}\x{304C}\x{4F4F}\x{307F}\x{306B}\x{304F}\x{3051}\x{308C}\x{3070}\x{3001}\x{4F4F}\x{307F}\x{306B}\x{304F}\x{3044}\x{6240}\x{3092}\x{3069}\x{308C}\x{307B}\x{3069}\x{304B}\x{3001}"
          RenderRuby (inline) {RUBY} at (0,0) size 17x34
            RenderRubyRun (anonymous) at (324,0) size 18x33.30
              RenderRubyText {RT} at (-10,0) size 10x33.30
                RenderText {#text} at (0,0) size 10x34
                  text run at (0,0) width 34: "\x{304F}\x{3064}\x{308D}\x{3052}"
              RenderRubyBase (anonymous) at (0,0) size 18x33.30
                RenderInline {RB} at (0,0) size 17x33
                  RenderText {#text} at (0,0) size 17x33
                    text run at (0,0) width 32: "\x{5BDB}\x{5BB9}"
          RenderText {#text} at (324,33) size 17x31
            text run at (324,33) width 30: "\x{3066}\x{3001}"
          RenderRuby (inline) {RUBY} at (0,0) size 17x17
            RenderRubyRun (anonymous) at (324,63.11) size 18x16
              RenderRubyText {RT} at (-10,0) size 10x16
                RenderText {#text} at (0,0) size 10x16
                  text run at (0,0) width 16: "\x{3064}\x{304B}"
              RenderRubyBase (anonymous) at (0,0) size 18x16
                RenderInline {RB} at (0,0) size 17x16
                  RenderText {#text} at (0,0) size 17x16
                    text run at (0,0) width 16: "\x{675F}"
          RenderText {#text} at (324,79) size 17x15
            text run at (324,79) width 15: "\x{306E}"
          RenderRuby (inline) {RUBY} at (0,0) size 17x17
            RenderRubyRun (anonymous) at (324,93.55) size 18x16
              RenderRubyText {RT} at (-10,0) size 10x16
                RenderText {#text} at (0,4) size 10x9
                  text run at (0,4) width 9: "\x{307E}"
              RenderRubyBase (anonymous) at (0,0) size 18x16
                RenderInline {RB} at (0,0) size 17x16
                  RenderText {#text} at (0,0) size 17x16
                    text run at (0,0) width 16: "\x{9593}"
          RenderText {#text} at (324,109) size 44x494
            text run at (324,109) width 385: "\x{306E}\x{547D}\x{3092}\x{3001}\x{675F}\x{306E}\x{9593}\x{3067}\x{3082}\x{4F4F}\x{307F}\x{3088}\x{304F}\x{305B}\x{306D}\x{3070}\x{306A}\x{3089}\x{306C}\x{3002}\x{3053}\x{3053}\x{306B}\x{8A69}\x{4EBA}"
            text run at (351,0) width 319: "\x{3068}\x{3044}\x{3046}\x{5929}\x{8077}\x{304C}\x{51FA}\x{6765}\x{3066}\x{3001}\x{3053}\x{3053}\x{306B}\x{753B}\x{5BB6}\x{3068}\x{3044}\x{3046}\x{4F7F}\x{547D}\x{304C}"
          RenderRuby (inline) {RUBY} at (0,0) size 17x18
            RenderRubyRun (anonymous) at (351,318.19) size 18x17.52
              RenderRubyText {RT} at (-10,0) size 10x17.52
                RenderText {#text} at (0,0) size 10x18
                  text run at (0,0) width 18: "\x{304F}\x{3060}"
              RenderRubyBase (anonymous) at (0,0) size 18x17.52
                RenderInline {RB} at (0,0) size 17x17
                  RenderText {#text} at (0,0) size 17x17
                    text run at (0,0) width 16: "\x{964D}"
          RenderText {#text} at (351,335) size 44x495
            text run at (351,335) width 159: "\x{308B}\x{3002}\x{3042}\x{3089}\x{3086}\x{308B}\x{82B8}\x{8853}\x{306E}\x{58EB}"
            text run at (378,0) width 78: "\x{306F}\x{4EBA}\x{306E}\x{4E16}\x{3092}"
          RenderRuby (inline) {RUBY} at (0,0) size 17x33
            RenderRubyRun (anonymous) at (378,77.63) size 18x32
              RenderRubyText {RT} at (-10,0) size 10x32
                RenderText {#text} at (0,3) size 10x26
                  text run at (0,3) width 26: "\x{306E}\x{3069}\x{304B}"
              RenderRubyBase (anonymous) at (0,0) size 18x32
                RenderInline {RB} at (0,0) size 17x32
                  RenderText {#text} at (0,0) size 17x32
                    text run at (0,0) width 32: "\x{9577}\x{9591}"
          RenderText {#text} at (378,109) size 17x201
            text run at (378,109) width 200: "\x{306B}\x{3057}\x{3001}\x{4EBA}\x{306E}\x{5FC3}\x{3092}\x{8C4A}\x{304B}\x{306B}\x{3059}\x{308B}\x{304C}"
          RenderRuby (inline) {RUBY} at (0,0) size 17x18
            RenderRubyRun (anonymous) at (378,309.13) size 18x17.66
              RenderRubyText {RT} at (-10,0) size 10x17.66
                RenderText {#text} at (0,0) size 10x18
                  text run at (0,0) width 18: "\x{3086}\x{3048}"
              RenderRubyBase (anonymous) at (0,0) size 18x17.66
                RenderInline {RB} at (0,0) size 17x17
                  RenderText {#text} at (0,0) size 17x17
                    text run at (0,0) width 16: "\x{6545}"
          RenderText {#text} at (378,326) size 17x15
            text run at (378,326) width 15: "\x{306B}"
          RenderRuby (inline) {RUBY} at (0,0) size 17x17
            RenderRubyRun (anonymous) at (378,340.91) size 18x16
              RenderRubyText {RT} at (-10,0) size 10x16
                RenderText {#text} at (0,0) size 10x16
                  text run at (0,0) width 16: "\x{305F}\x{3063}"
              RenderRubyBase (anonymous) at (0,0) size 18x16
                RenderInline {RB} at (0,0) size 17x16
                  RenderText {#text} at (0,0) size 17x16
                    text run at (0,0) width 16: "\x{5C0A}"
          RenderText {#text} at (378,356) size 17x45
            text run at (378,356) width 45: "\x{3068}\x{3044}\x{3002}"
          RenderBR {BR} at (378,400) size 17x1
          RenderText {#text} at (405,0) size 17x232
            text run at (405,0) width 232: "\x{3000}\x{4F4F}\x{307F}\x{306B}\x{304F}\x{304D}\x{4E16}\x{304B}\x{3089}\x{3001}\x{4F4F}\x{307F}\x{306B}\x{304F}\x{304D}"
          RenderRuby (inline) {RUBY} at (0,0) size 17x20
            RenderRubyRun (anonymous) at (405,227.50) size 18x27
              RenderRubyText {RT} at (-10,0) size 10x27
                RenderText {#text} at (0,0) size 10x27
                  text run at (0,0) width 27: "\x{308F}\x{305A}\x{3089}"
              RenderRubyBase (anonymous) at (0,0) size 18x27
                RenderInline {RB} at (0,0) size 17x17
                  RenderText {#text} at (0,5) size 17x17
                    text run at (0,5) width 16: "\x{7169}"
          RenderText {#text} at (405,250) size 44x495
            text run at (405,250) width 244: "\x{3044}\x{3092}\x{5F15}\x{304D}\x{629C}\x{3044}\x{3066}\x{3001}\x{3042}\x{308A}\x{304C}\x{305F}\x{3044}\x{4E16}\x{754C}\x{3092}"
            text run at (432,0) width 232: "\x{307E}\x{306E}\x{3042}\x{305F}\x{308A}\x{306B}\x{5199}\x{3059}\x{306E}\x{304C}\x{8A69}\x{3067}\x{3042}\x{308B}\x{3001}"
          RenderRuby (inline) {RUBY} at (0,0) size 17x17
            RenderRubyRun (anonymous) at (432,231.69) size 18x16
              RenderRubyText {RT} at (-10,0) size 10x16
                RenderText {#text} at (0,4) size 10x9
                  text run at (0,4) width 9: "\x{3048}"
              RenderRubyBase (anonymous) at (0,0) size 18x16
                RenderInline {RB} at (0,0) size 17x16
                  RenderText {#text} at (0,0) size 17x16
                    text run at (0,0) width 16: "\x{753B}"
          RenderText {#text} at (432,247) size 44x499
            text run at (432,247) width 251: "\x{3067}\x{3042}\x{308B}\x{3002}\x{3042}\x{308B}\x{306F}\x{97F3}\x{697D}\x{3068}\x{5F6B}\x{523B}\x{3067}\x{3042}\x{308B}\x{3002}"
            text run at (459,0) width 59: "\x{3053}\x{307E}\x{304B}\x{306B}"
          RenderRuby (inline) {RUBY} at (0,0) size 17x17
            RenderRubyRun (anonymous) at (459,58.56) size 18x16
              RenderRubyText {RT} at (-10,0) size 10x16
                RenderText {#text} at (0,4) size 10x8
                  text run at (0,4) width 8: "\x{3044}"
              RenderRubyBase (anonymous) at (0,0) size 18x16
                RenderInline {RB} at (0,0) size 17x16
                  RenderText {#text} at (0,0) size 17x16
                    text run at (0,0) width 16: "\x{4E91}"
          RenderText {#text} at (459,74) size 44x504
            text run at (459,74) width 430: "\x{3048}\x{3070}\x{5199}\x{3055}\x{306A}\x{3044}\x{3067}\x{3082}\x{3088}\x{3044}\x{3002}\x{305F}\x{3060}\x{307E}\x{306E}\x{3042}\x{305F}\x{308A}\x{306B}\x{898B}\x{308C}\x{3070}\x{3001}\x{305D}\x{3053}\x{306B}\x{8A69}\x{3082}"
            text run at (486,0) width 80: "\x{751F}\x{304D}\x{3001}\x{6B4C}\x{3082}"
          RenderRuby (inline) {RUBY} at (0,0) size 17x16
            RenderRubyRun (anonymous) at (486,80) size 18x16
              RenderRubyText {RT} at (-10,0) size 10x16
                RenderText {#text} at (0,3) size 10x10
                  text run at (0,3) width 9: "\x{308F}"
              RenderRubyBase (anonymous) at (0,0) size 18x16
                RenderInline {RB} at (0,0) size 17x16
                  RenderText {#text} at (0,0) size 17x16
                    text run at (0,0) width 16: "\x{6E67}"
          RenderText {#text} at (486,96) size 17x188
            text run at (486,96) width 188: "\x{304F}\x{3002}\x{7740}\x{60F3}\x{3092}\x{7D19}\x{306B}\x{843D}\x{3055}\x{306C}\x{3068}\x{3082}"
          RenderRuby (inline) {RUBY} at (0,0) size 17x36
            RenderRubyRun (anonymous) at (486,279.56) size 18x42.97
              RenderRubyText {RT} at (-10,0) size 10x42.97
                RenderText {#text} at (0,0) size 10x44
                  text run at (0,0) width 43: "\x{304D}\x{3085}\x{3046}\x{305D}\x{3046}"
              RenderRubyBase (anonymous) at (0,0) size 18x42.97
                RenderInline {RB} at (0,0) size 17x33
                  RenderText {#text} at (0,5) size 17x17
                    text run at (0,5) width 16: "\x{7486}"
                  RenderText {#text} at (0,21) size 17x17
                    text run at (0,21) width 16: "\x{93D8}"
          RenderText {#text} at (486,318) size 17x15
            text run at (486,318) width 15: "\x{306E}"
          RenderRuby (inline) {RUBY} at (0,0) size 17x19
            RenderRubyRun (anonymous) at (486,332.97) size 18x17.30
              RenderRubyText {RT} at (-10,0) size 10x17.30
                RenderText {#text} at (0,0) size 10x18
                  text run at (0,0) width 18: "\x{304A}\x{3093}"
              RenderRubyBase (anonymous) at (0,0) size 18x17.30
                RenderInline {RB} at (0,0) size 17x17
                  RenderText {#text} at (0,0) size 17x17
                    text run at (0,0) width 16: "\x{97F3}"
          RenderText {#text} at (486,350) size 17x16
            text run at (486,350) width 16: "\x{306F}"
          RenderRuby (inline) {RUBY} at (0,0) size 17x35
            RenderRubyRun (anonymous) at (486,365.45) size 18x33.97
              RenderRubyText {RT} at (-10,0) size 10x33.97
                RenderText {#text} at (0,0) size 10x35
                  text run at (0,0) width 34: "\x{304D}\x{3087}\x{3046}\x{308A}"
              RenderRubyBase (anonymous) at (0,0) size 18x33.97
                RenderInline {RB} at (0,0) size 17x33
                  RenderText {#text} at (0,0) size 17x33
                    text run at (0,0) width 32: "\x{80F8}\x{88CF}"
          RenderText {#text} at (486,399) size 17x15
            text run at (486,399) width 15: "\x{306B}"
          RenderRuby (inline) {RUBY} at (0,0) size 17x18
            RenderRubyRun (anonymous) at (486,413.55) size 18x16.64
              RenderRubyText {RT} at (-10,0) size 10x16.64
                RenderText {#text} at (0,0) size 10x17
                  text run at (0,0) width 17: "\x{304A}\x{3053}"
              RenderRubyBase (anonymous) at (0,0) size 18x16.64
                RenderInline {RB} at (0,0) size 17x17
                  RenderText {#text} at (0,0) size 17x17
                    text run at (0,0) width 16: "\x{8D77}"
          RenderText {#text} at (486,430) size 17x33
            text run at (486,430) width 32: "\x{308B}\x{3002}"
          RenderRuby (inline) {RUBY} at (0,0) size 17x34
            RenderRubyRun (anonymous) at (486,462.19) size 18x33.16
              RenderRubyText {RT} at (-10,0) size 10x33.16
                RenderText {#text} at (0,0) size 10x34
                  text run at (0,0) width 34: "\x{305F}\x{3093}\x{305B}\x{3044}"
              RenderRubyBase (anonymous) at (0,0) size 18x33.16
                RenderInline {RB} at (0,0) size 17x33
                  RenderText {#text} at (0,0) size 17x33
                    text run at (0,0) width 32: "\x{4E39}\x{9752}"
          RenderText {#text} at (513,0) size 17x16
            text run at (513,0) width 16: "\x{306F}"
          RenderRuby (inline) {RUBY} at (0,0) size 17x33
            RenderRubyRun (anonymous) at (513,15.19) size 18x32
              RenderRubyText {RT} at (-10,0) size 10x32
                RenderText {#text} at (0,8) size 10x17
                  text run at (0,8) width 17: "\x{304C}\x{304B}"
              RenderRubyBase (anonymous) at (0,0) size 18x32
                RenderInline {RB} at (0,0) size 17x32
                  RenderText {#text} at (0,0) size 17x32
                    text run at (0,0) width 32: "\x{753B}\x{67B6}"
          RenderText {#text} at (513,47) size 17x56
            text run at (513,47) width 56: "\x{306B}\x{5411}\x{3063}\x{3066}"
          RenderRuby (inline) {RUBY} at (0,0) size 17x33
            RenderRubyRun (anonymous) at (513,102.63) size 18x32
              RenderRubyText {RT} at (-10,0) size 10x32
                RenderText {#text} at (0,4) size 10x25
                  text run at (0,4) width 25: "\x{3068}\x{307E}\x{3064}"
              RenderRubyBase (anonymous) at (0,0) size 18x32
                RenderInline {RB} at (0,0) size 17x32
                  RenderText {#text} at (0,0) size 17x32
                    text run at (0,0) width 32: "\x{5857}\x{62B9}"
          RenderText {#text} at (513,134) size 17x62
            text run at (513,134) width 61: "\x{305B}\x{3093}\x{3067}\x{3082}"
          RenderRuby (inline) {RUBY} at (0,0) size 17x33
            RenderRubyRun (anonymous) at (513,195.19) size 18x32
              RenderRubyText {RT} at (-10,0) size 10x32
                RenderText {#text} at (0,3) size 10x26
                  text run at (0,3) width 26: "\x{3054}\x{3055}\x{3044}"
              RenderRubyBase (anonymous) at (0,0) size 18x32
                RenderInline {RB} at (0,0) size 17x32
                  RenderText {#text} at (0,0) size 17x32
                    text run at (0,0) width 32: "\x{4E94}\x{5F69}"
          RenderText {#text} at (513,227) size 17x15
            text run at (513,227) width 15: "\x{306E}"
          RenderRuby (inline) {RUBY} at (0,0) size 17x34
            RenderRubyRun (anonymous) at (513,240.63) size 18x34.14
              RenderRubyText {RT} at (-10,0) size 10x34.14
                RenderText {#text} at (0,0) size 10x35
                  text run at (0,0) width 35: "\x{3051}\x{3093}\x{3089}\x{3093}"
              RenderRubyBase (anonymous) at (0,0) size 18x34.14
                RenderInline {RB} at (0,0) size 17x33
                  RenderText {#text} at (0,1) size 17x33
                    text run at (0,1) width 32: "\x{7D62}\x{721B}"
          RenderText {#text} at (513,274) size 17x16
            text run at (513,274) width 16: "\x{306F}"
          RenderRuby (inline) {RUBY} at (0,0) size 17x19
            RenderRubyRun (anonymous) at (513,285.95) size 18x25.95
              RenderRubyText {RT} at (-10,0) size 10x25.95
                RenderText {#text} at (0,0) size 10x27
                  text run at (0,0) width 26: "\x{304A}\x{306E}\x{305A}"
              RenderRubyBase (anonymous) at (0,0) size 18x25.95
                RenderInline {RB} at (0,0) size 17x17
                  RenderText {#text} at (0,4) size 17x17
                    text run at (0,4) width 16: "\x{81EA}"
          RenderText {#text} at (513,307) size 17x32
            text run at (513,307) width 31: "\x{304B}\x{3089}"
          RenderRuby (inline) {RUBY} at (0,0) size 17x35
            RenderRubyRun (anonymous) at (513,338.78) size 18x33.80
              RenderRubyText {RT} at (-10,0) size 10x33.80
                RenderText {#text} at (0,0) size 10x35
                  text run at (0,0) width 34: "\x{3057}\x{3093}\x{304C}\x{3093}"
              RenderRubyBase (anonymous) at (0,0) size 18x33.80
                RenderInline {RB} at (0,0) size 17x33
                  RenderText {#text} at (0,0) size 17x33
                    text run at (0,0) width 32: "\x{5FC3}\x{773C}"
          RenderText {#text} at (513,372) size 44x497
            text run at (513,372) width 124: "\x{306B}\x{6620}\x{308B}\x{3002}\x{305F}\x{3060}\x{304A}\x{306E}"
            text run at (540,0) width 126: "\x{304C}\x{4F4F}\x{3080}\x{4E16}\x{3092}\x{3001}\x{304B}\x{304F}"
          RenderRuby (inline) {RUBY} at (0,0) size 17x18
            RenderRubyRun (anonymous) at (540,125.19) size 18x16.84
              RenderRubyText {RT} at (-10,0) size 10x16.84
                RenderText {#text} at (0,0) size 10x18
                  text run at (0,0) width 17: "\x{304B}\x{3093}"
              RenderRubyBase (anonymous) at (0,0) size 18x16.84
                RenderInline {RB} at (0,0) size 17x17
                  RenderText {#text} at (0,0) size 17x17
                    text run at (0,0) width 16: "\x{89B3}"
          RenderText {#text} at (540,142) size 17x61
            text run at (540,142) width 61: "\x{3058}\x{5F97}\x{3066}\x{3001}"
          RenderRuby (inline) {RUBY} at (0,0) size 17x66
            RenderRubyRun (anonymous) at (540,201.59) size 18x67.19
              RenderRubyText {RT} at (-10,0) size 10x67.19
                RenderText {#text} at (0,0) size 10x68
                  text run at (0,0) width 68: "\x{308C}\x{3044}\x{3060}\x{3044}\x{307B}\x{3046}\x{3059}\x{3093}"
              RenderRubyBase (anonymous) at (0,0) size 18x67.19
                RenderInline {RB} at (0,0) size 17x65
                  RenderText {#text} at (0,1) size 17x65
                    text run at (0,1) width 64: "\x{970A}\x{53F0}\x{65B9}\x{5BF8}"
          RenderText {#text} at (540,267) size 17x74
            text run at (540,267) width 73: "\x{306E}\x{30AB}\x{30E1}\x{30E9}\x{306B}"
          RenderRuby (inline) {RUBY} at (0,0) size 17x67
            RenderRubyRun (anonymous) at (540,339.47) size 18x67.92
              RenderRubyText {RT} at (-10,0) size 10x67.92
                RenderText {#text} at (0,0) size 10x69
                  text run at (0,0) width 68: "\x{304E}\x{3087}\x{3046}\x{304D}\x{3053}\x{3093}\x{3060}\x{304F}"
              RenderRubyBase (anonymous) at (0,0) size 18x67.92
                RenderInline {RB} at (0,0) size 17x65
                  RenderText {#text} at (0,1) size 17x65
                    text run at (0,1) width 64: "\x{6F86}\x{5B63}\x{6EB7}\x{6FC1}"
          RenderText {#text} at (540,406) size 44x501
            text run at (540,406) width 94: "\x{306E}\x{4FD7}\x{754C}\x{3092}\x{6E05}\x{304F}"
            text run at (567,0) width 109: "\x{3046}\x{3089}\x{3089}\x{304B}\x{306B}\x{53CE}\x{3081}"
          RenderRuby (inline) {RUBY} at (0,0) size 17x17
            RenderRubyRun (anonymous) at (567,108.06) size 18x16
              RenderRubyText {RT} at (-10,0) size 10x16
                RenderText {#text} at (0,3) size 10x10
                  text run at (0,3) width 9: "\x{3046}"
              RenderRubyBase (anonymous) at (0,0) size 18x16
                RenderInline {RB} at (0,0) size 17x16
                  RenderText {#text} at (0,0) size 17x16
                    text run at (0,0) width 16: "\x{5F97}"
          RenderText {#text} at (567,124) size 17x32
            text run at (567,124) width 32: "\x{308C}\x{3070}"
          RenderRuby (inline) {RUBY} at (0,0) size 17x17
            RenderRubyRun (anonymous) at (567,155.88) size 18x16
              RenderRubyText {RT} at (-10,0) size 10x16
                RenderText {#text} at (0,4) size 10x9
                  text run at (0,4) width 9: "\x{305F}"
              RenderRubyBase (anonymous) at (0,0) size 18x16
                RenderInline {RB} at (0,0) size 17x16
                  RenderText {#text} at (0,0) size 17x16
                    text run at (0,0) width 16: "\x{8DB3}"
          RenderText {#text} at (567,171) size 17x92
            text run at (567,171) width 91: "\x{308B}\x{3002}\x{3053}\x{306E}\x{6545}\x{306B}"
          RenderRuby (inline) {RUBY} at (0,0) size 17x33
            RenderRubyRun (anonymous) at (567,262.31) size 18x32
              RenderRubyText {RT} at (-10,0) size 10x32
                RenderText {#text} at (0,4) size 10x25
                  text run at (0,4) width 25: "\x{3080}\x{305B}\x{3044}"
              RenderRubyBase (anonymous) at (0,0) size 18x32
                RenderInline {RB} at (0,0) size 17x32
                  RenderText {#text} at (0,0) size 17x32
                    text run at (0,0) width 32: "\x{7121}\x{58F0}"
          RenderText {#text} at (567,294) size 17x156
            text run at (567,294) width 156: "\x{306E}\x{8A69}\x{4EBA}\x{306B}\x{306F}\x{4E00}\x{53E5}\x{306A}\x{304F}\x{3001}"
          RenderRuby (inline) {RUBY} at (0,0) size 17x34
            RenderRubyRun (anonymous) at (567,449.50) size 18x32.95
              RenderRubyText {RT} at (-10,0) size 10x32.95
                RenderText {#text} at (0,0) size 10x34
                  text run at (0,0) width 33: "\x{3080}\x{3057}\x{3087}\x{304F}"
              RenderRubyBase (anonymous) at (0,0) size 18x32.95
                RenderInline {RB} at (0,0) size 17x33
                  RenderText {#text} at (0,0) size 17x33
                    text run at (0,0) width 32: "\x{7121}\x{8272}"
          RenderText {#text} at (567,482) size 44x497
            text run at (567,482) width 15: "\x{306E}"
            text run at (594,0) width 62: "\x{753B}\x{5BB6}\x{306B}\x{306F}"
          RenderRuby (inline) {RUBY} at (0,0) size 17x33
            RenderRubyRun (anonymous) at (594,61.31) size 18x32
              RenderRubyText {RT} at (-10,0) size 10x32
                RenderText {#text} at (0,0) size 10x33
                  text run at (0,0) width 32: "\x{305B}\x{3063}\x{3051}\x{3093}"
              RenderRubyBase (anonymous) at (0,0) size 18x32
                RenderInline {RB} at (0,0) size 17x32
                  RenderText {#text} at (0,0) size 17x32
                    text run at (0,0) width 32: "\x{5C3A}\x{7E11}"
          RenderText {#text} at (594,93) size 17x95
            text run at (594,93) width 95: "\x{306A}\x{304D}\x{3082}\x{3001}\x{304B}\x{304F}"
          RenderRuby (inline) {RUBY} at (0,0) size 17x34
            RenderRubyRun (anonymous) at (594,187.63) size 18x32.63
              RenderRubyText {RT} at (-10,0) size 10x32.63
                RenderText {#text} at (0,0) size 10x33
                  text run at (0,0) width 33: "\x{3058}\x{3093}\x{305B}\x{3044}"
              RenderRubyBase (anonymous) at (0,0) size 18x32.63
                RenderInline {RB} at (0,0) size 17x33
                  RenderText {#text} at (0,0) size 17x33
                    text run at (0,0) width 32: "\x{4EBA}\x{4E16}"
          RenderText {#text} at (594,220) size 17x213
            text run at (594,220) width 213: "\x{3092}\x{89B3}\x{3058}\x{5F97}\x{308B}\x{306E}\x{70B9}\x{306B}\x{304A}\x{3044}\x{3066}\x{3001}\x{304B}\x{304F}"
          RenderRuby (inline) {RUBY} at (0,0) size 17x34
            RenderRubyRun (anonymous) at (594,431.50) size 18x34.25
              RenderRubyText {RT} at (-10,0) size 10x34.25
                RenderText {#text} at (0,0) size 10x35
                  text run at (0,0) width 35: "\x{307C}\x{3093}\x{306E}\x{3046}"
              RenderRubyBase (anonymous) at (0,0) size 18x34.25
                RenderInline {RB} at (0,0) size 17x33
                  RenderText {#text} at (0,1) size 17x33
                    text run at (0,1) width 32: "\x{7169}\x{60A9}"
          RenderText {#text} at (594,465) size 17x17
            text run at (594,465) width 16: "\x{3092}"
          RenderRuby (inline) {RUBY} at (0,0) size 17x32
            RenderRubyRun (anonymous) at (621,0) size 18x32
              RenderRubyText {RT} at (-10,0) size 10x32
                RenderText {#text} at (0,4) size 10x25
                  text run at (0,4) width 25: "\x{3052}\x{3060}\x{3064}"
              RenderRubyBase (anonymous) at (0,0) size 18x32
                RenderInline {RB} at (0,0) size 17x32
                  RenderText {#text} at (0,0) size 17x32
                    text run at (0,0) width 32: "\x{89E3}\x{8131}"
          RenderText {#text} at (621,32) size 17x166
            text run at (621,32) width 166: "\x{3059}\x{308B}\x{306E}\x{70B9}\x{306B}\x{304A}\x{3044}\x{3066}\x{3001}\x{304B}\x{304F}"
          RenderRuby (inline) {RUBY} at (0,0) size 17x58
            RenderRubyRun (anonymous) at (621,193.50) size 18x64.63
              RenderRubyText {RT} at (-10,0) size 10x64.63
                RenderText {#text} at (0,0) size 10x65
                  text run at (0,0) width 65: "\x{3057}\x{3087}\x{3046}\x{3058}\x{3087}\x{3046}\x{304B}\x{3044}"
              RenderRubyBase (anonymous) at (0,0) size 18x64.63
                RenderInline {RB} at (0,0) size 17x49
                  RenderText {#text} at (0,8) size 17x49
                    text run at (0,8) width 48: "\x{6E05}\x{6D44}\x{754C}"
          RenderText {#text} at (621,254) size 17x15
            text run at (621,254) width 15: "\x{306B}"
          RenderRuby (inline) {RUBY} at (0,0) size 17x40
            RenderRubyRun (anonymous) at (621,264.25) size 18x47.30
              RenderRubyText {RT} at (-10,0) size 10x47.30
                RenderText {#text} at (0,0) size 10x48
                  text run at (0,0) width 48: "\x{3057}\x{3085}\x{3064}\x{306B}\x{3085}\x{3046}"
              RenderRubyBase (anonymous) at (0,0) size 18x47.30
                RenderInline {RB} at (0,0) size 17x33
                  RenderText {#text} at (0,7) size 17x33
                    text run at (0,7) width 32: "\x{51FA}\x{5165}"
          RenderText {#text} at (621,307) size 44x503
            text run at (621,307) width 196: "\x{3057}\x{5F97}\x{308B}\x{306E}\x{70B9}\x{306B}\x{304A}\x{3044}\x{3066}\x{3001}\x{307E}\x{305F}\x{3053}"
            text run at (648,0) width 15: "\x{306E}"
          RenderRuby (inline) {RUBY} at (0,0) size 17x65
            RenderRubyRun (anonymous) at (648,14.44) size 18x64
              RenderRubyText {RT} at (-10,0) size 10x64
                RenderText {#text} at (0,10) size 10x44
                  text run at (0,10) width 44: "\x{3075}\x{3069}\x{3046}\x{3075}\x{3058}"
              RenderRubyBase (anonymous) at (0,0) size 18x64
                RenderInline {RB} at (0,0) size 17x64
                  RenderText {#text} at (0,0) size 17x64
                    text run at (0,0) width 64: "\x{4E0D}\x{540C}\x{4E0D}\x{4E8C}"
          RenderText {#text} at (648,78) size 17x15
            text run at (648,78) width 15: "\x{306E}"
          RenderRuby (inline) {RUBY} at (0,0) size 17x34
            RenderRubyRun (anonymous) at (648,92.88) size 18x32.95
              RenderRubyText {RT} at (-10,0) size 10x32.95
                RenderText {#text} at (0,0) size 10x34
                  text run at (0,0) width 33: "\x{3051}\x{3093}\x{3053}\x{3093}"
              RenderRubyBase (anonymous) at (0,0) size 18x32.95
                RenderInline {RB} at (0,0) size 17x33
                  RenderText {#text} at (0,0) size 17x33
                    text run at (0,0) width 32: "\x{4E7E}\x{5764}"
          RenderText {#text} at (648,125) size 17x17
            text run at (648,125) width 16: "\x{3092}"
          RenderRuby (inline) {RUBY} at (0,0) size 17x35
            RenderRubyRun (anonymous) at (648,137.83) size 18x41.59
              RenderRubyText {RT} at (-10,0) size 10x41.59
                RenderText {#text} at (0,0) size 10x42
                  text run at (0,0) width 42: "\x{3053}\x{3093}\x{308A}\x{3085}\x{3046}"
              RenderRubyBase (anonymous) at (0,0) size 18x41.59
                RenderInline {RB} at (0,0) size 17x33
                  RenderText {#text} at (0,4) size 17x33
                    text run at (0,4) width 32: "\x{5EFA}\x{7ACB}"
          RenderText {#text} at (648,175) size 17x151
            text run at (648,175) width 150: "\x{3057}\x{5F97}\x{308B}\x{306E}\x{70B9}\x{306B}\x{304A}\x{3044}\x{3066}\x{3001}"
          RenderRuby (inline) {RUBY} at (0,0) size 17x65
            RenderRubyRun (anonymous) at (648,325.36) size 18x64
              RenderRubyText {RT} at (-10,0) size 10x64
                RenderText {#text} at (0,10) size 10x44
                  text run at (0,10) width 43: "\x{304C}\x{308A}\x{3057}\x{3088}\x{304F}"
              RenderRubyBase (anonymous) at (0,0) size 18x64
                RenderInline {RB} at (0,0) size 17x64
                  RenderText {#text} at (0,0) size 17x64
                    text run at (0,0) width 64: "\x{6211}\x{5229}\x{79C1}\x{617E}"
          RenderText {#text} at (648,389) size 17x15
            text run at (648,389) width 15: "\x{306E}"
          RenderRuby (inline) {RUBY} at (0,0) size 17x33
            RenderRubyRun (anonymous) at (648,403.80) size 18x32
              RenderRubyText {RT} at (-10,0) size 10x32
                RenderText {#text} at (0,3) size 10x27
                  text run at (0,3) width 27: "\x{304D}\x{306F}\x{3093}"
              RenderRubyBase (anonymous) at (0,0) size 18x32
                RenderInline {RB} at (0,0) size 17x32
                  RenderText {#text} at (0,0) size 17x32
                    text run at (0,0) width 32: "\x{898A}\x{7D46}"
          RenderText {#text} at (648,435) size 17x17
            text run at (648,435) width 16: "\x{3092}"
          RenderRuby (inline) {RUBY} at (0,0) size 17x35
            RenderRubyRun (anonymous) at (648,450.80) size 18x34.88
              RenderRubyText {RT} at (-10,0) size 10x34.88
                RenderText {#text} at (0,0) size 10x36
                  text run at (0,0) width 35: "\x{305D}\x{3046}\x{3068}\x{3046}"
              RenderRubyBase (anonymous) at (0,0) size 18x34.88
                RenderInline {RB} at (0,0) size 17x33
                  RenderText {#text} at (0,1) size 17x33
                    text run at (0,1) width 32: "\x{6383}\x{8569}"
          RenderText {#text} at (648,485) size 44x502
            text run at (648,485) width 16: "\x{3059}"
            text run at (675,0) width 152: "\x{308B}\x{306E}\x{70B9}\x{306B}\x{304A}\x{3044}\x{3066}\x{3001}\x{2015}\x{2015}"
          RenderRuby (inline) {RUBY} at (0,0) size 17x34
            RenderRubyRun (anonymous) at (675,150.19) size 18x34.42
              RenderRubyText {RT} at (-10,0) size 10x34.42
                RenderText {#text} at (0,0) size 10x35
                  text run at (0,0) width 35: "\x{305B}\x{3093}\x{304D}\x{3093}"
              RenderRubyBase (anonymous) at (0,0) size 18x34.42
                RenderInline {RB} at (0,0) size 17x33
                  RenderText {#text} at (0,1) size 17x33
                    text run at (0,1) width 32: "\x{5343}\x{91D1}"
          RenderText {#text} at (675,184) size 17x95
            text run at (675,184) width 94: "\x{306E}\x{5B50}\x{3088}\x{308A}\x{3082}\x{3001}"
          RenderRuby (inline) {RUBY} at (0,0) size 17x34
            RenderRubyRun (anonymous) at (675,274.11) size 18x41.81
              RenderRubyText {RT} at (-10,0) size 10x41.81
                RenderText {#text} at (0,0) size 10x43
                  text run at (0,0) width 42: "\x{3070}\x{3093}\x{3058}\x{3087}\x{3046}"
              RenderRubyBase (anonymous) at (0,0) size 18x41.81
                RenderInline {RB} at (0,0) size 17x33
                  RenderText {#text} at (0,4) size 17x33
                    text run at (0,4) width 32: "\x{4E07}\x{4E57}"
          RenderText {#text} at (675,311) size 44x502
            text run at (675,311) width 190: "\x{306E}\x{541B}\x{3088}\x{308A}\x{3082}\x{3001}\x{3042}\x{3089}\x{3086}\x{308B}\x{4FD7}\x{754C}"
            text run at (702,0) width 15: "\x{306E}"
          RenderRuby (inline) {RUBY} at (0,0) size 17x34
            RenderRubyRun (anonymous) at (702,14.44) size 18x33.27
              RenderRubyText {RT} at (-10,0) size 10x33.27
                RenderText {#text} at (0,0) size 10x34
                  text run at (0,0) width 34: "\x{3061}\x{3087}\x{3046}\x{3058}"
              RenderRubyBase (anonymous) at (0,0) size 18x33.27
                RenderInline {RB} at (0,0) size 17x33
                  RenderText {#text} at (0,0) size 17x33
                    text run at (0,0) width 32: "\x{5BF5}\x{5150}"
          RenderText {#text} at (702,47) size 17x143
            text run at (702,47) width 142: "\x{3088}\x{308A}\x{3082}\x{5E78}\x{798F}\x{3067}\x{3042}\x{308B}\x{3002}"
          RenderBR {BR} at (702,189) size 17x1
          RenderText {#text} at (729,0) size 17x260
            text run at (729,0) width 260: "\x{3000}\x{4E16}\x{306B}\x{4F4F}\x{3080}\x{3053}\x{3068}\x{4E8C}\x{5341}\x{5E74}\x{306B}\x{3057}\x{3066}\x{3001}\x{4F4F}\x{3080}\x{306B}"
          RenderRuby (inline) {RUBY} at (0,0) size 17x33
            RenderRubyRun (anonymous) at (729,259.13) size 18x32
              RenderRubyText {RT} at (-10,0) size 10x32
                RenderText {#text} at (0,8) size 10x17
                  text run at (0,8) width 16: "\x{304B}\x{3044}"
              RenderRubyBase (anonymous) at (0,0) size 18x32
                RenderInline {RB} at (0,0) size 17x32
                  RenderText {#text} at (0,0) size 17x32
                    text run at (0,0) width 32: "\x{7532}\x{6590}"
          RenderText {#text} at (729,291) size 44x492
            text run at (729,291) width 201: "\x{3042}\x{308B}\x{4E16}\x{3068}\x{77E5}\x{3063}\x{305F}\x{3002}\x{4E8C}\x{5341}\x{4E94}\x{5E74}\x{306B}"
            text run at (756,0) width 76: "\x{3057}\x{3066}\x{660E}\x{6697}\x{306F}"
          RenderRuby (inline) {RUBY} at (0,0) size 17x34
            RenderRubyRun (anonymous) at (756,75.75) size 18x33.09
              RenderRubyText {RT} at (-10,0) size 10x33.09
                RenderText {#text} at (0,0) size 10x34
                  text run at (0,0) width 34: "\x{3072}\x{3087}\x{3046}\x{308A}"
              RenderRubyBase (anonymous) at (0,0) size 18x33.09
                RenderInline {RB} at (0,0) size 17x33
                  RenderText {#text} at (0,0) size 17x33
                    text run at (0,0) width 32: "\x{8868}\x{88CF}"
          RenderText {#text} at (756,108) size 44x489
            text run at (756,108) width 380: "\x{306E}\x{3054}\x{3068}\x{304F}\x{3001}\x{65E5}\x{306E}\x{3042}\x{305F}\x{308B}\x{6240}\x{306B}\x{306F}\x{304D}\x{3063}\x{3068}\x{5F71}\x{304C}\x{3055}\x{3059}\x{3068}\x{609F}\x{3063}\x{305F}\x{3002}"
            text run at (783,0) width 47: "\x{4E09}\x{5341}\x{306E}"
          RenderRuby (inline) {RUBY} at (0,0) size 17x34
            RenderRubyRun (anonymous) at (783,46.44) size 18x33.05
              RenderRubyText {RT} at (-10,0) size 10x33.05
                RenderText {#text} at (0,0) size 10x34
                  text run at (0,0) width 34: "\x{3053}\x{3093}\x{306B}\x{3061}"
              RenderRubyBase (anonymous) at (0,0) size 18x33.05
                RenderInline {RB} at (0,0) size 17x33
                  RenderText {#text} at (0,0) size 17x33
                    text run at (0,0) width 32: "\x{4ECA}\x{65E5}"
          RenderText {#text} at (783,79) size 17x278
            text run at (783,79) width 278: "\x{306F}\x{3053}\x{3046}\x{601D}\x{3046}\x{3066}\x{3044}\x{308B}\x{3002}\x{2015}\x{2015}\x{559C}\x{3073}\x{306E}\x{6DF1}\x{304D}\x{3068}\x{304D}"
          RenderRuby (inline) {RUBY} at (0,0) size 17x19
            RenderRubyRun (anonymous) at (783,352.86) size 18x25.39
              RenderRubyText {RT} at (-10,0) size 10x25.39
                RenderText {#text} at (0,0) size 10x26
                  text run at (0,0) width 26: "\x{3046}\x{308C}\x{3044}"
              RenderRubyBase (anonymous) at (0,0) size 18x25.39
                RenderInline {RB} at (0,0) size 17x17
                  RenderText {#text} at (0,4) size 17x17
                    text run at (0,4) width 16: "\x{6182}"
          RenderText {#text} at (783,374) size 17x105
            text run at (783,374) width 105: "\x{3044}\x{3088}\x{3044}\x{3088}\x{6DF1}\x{304F}\x{3001}"
          RenderRuby (inline) {RUBY} at (0,0) size 17x22
            RenderRubyRun (anonymous) at (783,474.69) size 18x25.25
              RenderRubyText {RT} at (-10,0) size 10x25.25
                RenderText {#text} at (0,0) size 10x26
                  text run at (0,0) width 26: "\x{305F}\x{306E}\x{3057}"
              RenderRubyBase (anonymous) at (0,0) size 18x25.25
                RenderInline {RB} at (0,0) size 17x17
                  RenderText {#text} at (0,4) size 17x17
                    text run at (0,4) width 16: "\x{697D}"
          RenderText {#text} at (801,0) size 44x491
            text run at (801,0) width 491: "\x{307F}\x{306E}\x{5927}\x{3044}\x{306A}\x{308B}\x{307B}\x{3069}\x{82E6}\x{3057}\x{307F}\x{3082}\x{5927}\x{304D}\x{3044}\x{3002}\x{3053}\x{308C}\x{3092}\x{5207}\x{308A}\x{653E}\x{305D}\x{3046}\x{3068}\x{3059}\x{308B}\x{3068}\x{8EAB}\x{304C}\x{6301}\x{3066}"
            text run at (828,0) width 32: "\x{306C}\x{3002}"
          RenderRuby (inline) {RUBY} at (0,0) size 17x18
            RenderRubyRun (anonymous) at (828,31.06) size 18x17.20
              RenderRubyText {RT} at (-10,0) size 10x17.20
                RenderText {#text} at (0,0) size 10x18
                  text run at (0,0) width 18: "\x{304B}\x{305F}"
              RenderRubyBase (anonymous) at (0,0) size 18x17.20
                RenderInline {RB} at (0,0) size 17x17
                  RenderText {#text} at (0,0) size 17x17
                    text run at (0,0) width 16: "\x{7247}"
          RenderText {#text} at (828,48) size 17x407
            text run at (828,48) width 406: "\x{3065}\x{3051}\x{3088}\x{3046}\x{3068}\x{3059}\x{308C}\x{3070}\x{4E16}\x{304C}\x{7ACB}\x{305F}\x{306C}\x{3002}\x{91D1}\x{306F}\x{5927}\x{4E8B}\x{3060}\x{3001}\x{5927}\x{4E8B}\x{306A}\x{3082}\x{306E}\x{304C}"
          RenderRuby (inline) {RUBY} at (0,0) size 17x17
            RenderRubyRun (anonymous) at (828,454.14) size 18x16
              RenderRubyText {RT} at (-10,0) size 10x16
                RenderText {#text} at (0,4) size 10x9
                  text run at (0,4) width 9: "\x{3075}"
              RenderRubyBase (anonymous) at (0,0) size 18x16
                RenderInline {RB} at (0,0) size 17x16
                  RenderText {#text} at (0,0) size 17x16
                    text run at (0,0) width 16: "\x{6B96}"
          RenderText {#text} at (828,470) size 44x502
            text run at (828,470) width 32: "\x{3048}\x{308C}"
            text run at (855,0) width 16: "\x{3070}"
          RenderRuby (inline) {RUBY} at (0,0) size 17x17
            RenderRubyRun (anonymous) at (855,15.81) size 18x16
              RenderRubyText {RT} at (-10,0) size 10x16
                RenderText {#text} at (0,4) size 10x9
                  text run at (0,4) width 9: "\x{306D}"
              RenderRubyBase (anonymous) at (0,0) size 18x16
                RenderInline {RB} at (0,0) size 17x16
                  RenderText {#text} at (0,0) size 17x16
                    text run at (0,0) width 16: "\x{5BDD}"
          RenderText {#text} at (855,31) size 17x17
            text run at (855,31) width 16: "\x{308B}"
          RenderRuby (inline) {RUBY} at (0,0) size 17x17
            RenderRubyRun (anonymous) at (855,47.81) size 18x16
              RenderRubyText {RT} at (-10,0) size 10x16
                RenderText {#text} at (0,4) size 10x9
                  text run at (0,4) width 9: "\x{307E}"
              RenderRubyBase (anonymous) at (0,0) size 18x16
                RenderInline {RB} at (0,0) size 17x16
                  RenderText {#text} at (0,0) size 17x16
                    text run at (0,0) width 16: "\x{9593}"
          RenderText {#text} at (855,63) size 44x499
            text run at (855,63) width 436: "\x{3082}\x{5FC3}\x{914D}\x{3060}\x{308D}\x{3046}\x{3002}\x{604B}\x{306F}\x{3046}\x{308C}\x{3057}\x{3044}\x{3001}\x{5B09}\x{3057}\x{3044}\x{604B}\x{304C}\x{7A4D}\x{3082}\x{308C}\x{3070}\x{3001}\x{604B}\x{3092}\x{305B}\x{306C}"
            text run at (882,0) width 352: "\x{6614}\x{304C}\x{304B}\x{3048}\x{3063}\x{3066}\x{604B}\x{3057}\x{304B}\x{308D}\x{3002}\x{95A3}\x{50DA}\x{306E}\x{80A9}\x{306F}\x{6570}\x{767E}\x{4E07}\x{4EBA}\x{306E}\x{8DB3}\x{3092}"
          RenderRuby (inline) {RUBY} at (0,0) size 17x17
            RenderRubyRun (anonymous) at (882,350.81) size 18x18
              RenderRubyText {RT} at (-10,0) size 10x18
                RenderText {#text} at (0,0) size 10x18
                  text run at (0,0) width 18: "\x{3055}\x{3055}"
              RenderRubyBase (anonymous) at (0,0) size 18x18
                RenderInline {RB} at (0,0) size 17x16
                  RenderText {#text} at (0,1) size 17x16
                    text run at (0,1) width 16: "\x{652F}"
          RenderText {#text} at (882,367) size 17x76
            text run at (882,367) width 75: "\x{3048}\x{3066}\x{3044}\x{308B}\x{3002}"
          RenderRuby (inline) {RUBY} at (0,0) size 17x33
            RenderRubyRun (anonymous) at (882,442.13) size 18x32
              RenderRubyText {RT} at (-10,0) size 10x32
                RenderText {#text} at (0,3) size 10x27
                  text run at (0,3) width 26: "\x{305B}\x{306A}\x{304B}"
              RenderRubyBase (anonymous) at (0,0) size 18x32
                RenderInline {RB} at (0,0) size 17x32
                  RenderText {#text} at (0,0) size 17x32
                    text run at (0,0) width 32: "\x{80CC}\x{4E2D}"
          RenderText {#text} at (882,474) size 44x504
            text run at (882,474) width 30: "\x{306B}\x{306F}"
            text run at (909,0) width 472: "\x{91CD}\x{3044}\x{5929}\x{4E0B}\x{304C}\x{304A}\x{3076}\x{3055}\x{3063}\x{3066}\x{3044}\x{308B}\x{3002}\x{3046}\x{307E}\x{3044}\x{7269}\x{3082}\x{98DF}\x{308F}\x{306D}\x{3070}\x{60DC}\x{3057}\x{3044}\x{3002}\x{5C11}\x{3057}\x{98DF}\x{3048}\x{3070}"
          RenderRuby (inline) {RUBY} at (0,0) size 17x17
            RenderRubyRun (anonymous) at (909,471.06) size 18x16
              RenderRubyText {RT} at (-10,0) size 10x16
                RenderText {#text} at (0,3) size 10x10
                  text run at (0,3) width 9: "\x{3042}"
              RenderRubyBase (anonymous) at (0,0) size 18x16
                RenderInline {RB} at (0,0) size 17x16
                  RenderText {#text} at (0,0) size 17x16
                    text run at (0,0) width 16: "\x{98FD}"
          RenderText {#text} at (909,487) size 17x17
            text run at (909,487) width 16: "\x{304D}"
          RenderRuby (inline) {RUBY} at (0,0) size 17x16
            RenderRubyRun (anonymous) at (936,0) size 18x16
              RenderRubyText {RT} at (-10,0) size 10x16
                RenderText {#text} at (0,4) size 10x9
                  text run at (0,4) width 9: "\x{305F}"
              RenderRubyBase (anonymous) at (0,0) size 18x16
                RenderInline {RB} at (0,0) size 17x16
                  RenderText {#text} at (0,0) size 17x16
                    text run at (0,0) width 16: "\x{8DB3}"
          RenderText {#text} at (936,16) size 17x285
            text run at (936,16) width 285: "\x{3089}\x{306C}\x{3002}\x{5B58}\x{5206}\x{98DF}\x{3048}\x{3070}\x{3042}\x{3068}\x{304C}\x{4E0D}\x{6109}\x{5FEB}\x{3060}\x{3002}\x{2026}\x{2026}"
          RenderBR {BR} at (936,300) size 17x1
          RenderText {#text} at (963,0) size 17x16
            text run at (963,0) width 16: "\x{3000}"
          RenderRuby (inline) {RUBY} at (0,0) size 17x16
            RenderRubyRun (anonymous) at (963,16) size 18x16
              RenderRubyText {RT} at (-10,0) size 10x16
                RenderText {#text} at (0,4) size 10x9
                  text run at (0,4) width 9: "\x{3088}"
              RenderRubyBase (anonymous) at (0,0) size 18x16
                RenderInline {RB} at (0,0) size 17x16
                  RenderText {#text} at (0,0) size 17x16
                    text run at (0,0) width 16: "\x{4F59}"
          RenderText {#text} at (963,32) size 17x15
            text run at (963,32) width 15: "\x{306E}"
          RenderRuby (inline) {RUBY} at (0,0) size 17x27
            RenderRubyRun (anonymous) at (963,42.44) size 18x34.03
              RenderRubyText {RT} at (-10,0) size 10x34.03
                RenderText {#text} at (0,0) size 10x35
                  text run at (0,0) width 35: "\x{304B}\x{3093}\x{304C}\x{3048}"
              RenderRubyBase (anonymous) at (0,0) size 18x34.03
                RenderInline {RB} at (0,0) size 17x17
                  RenderText {#text} at (0,9) size 17x17
                    text run at (0,9) width 16: "\x{8003}"
          RenderText {#text} at (963,72) size 17x243
            text run at (963,72) width 242: "\x{304C}\x{3053}\x{3053}\x{307E}\x{3067}\x{6F02}\x{6D41}\x{3057}\x{3066}\x{6765}\x{305F}\x{6642}\x{306B}\x{3001}\x{4F59}\x{306E}"
          RenderRuby (inline) {RUBY} at (0,0) size 17x33
            RenderRubyRun (anonymous) at (963,314.34) size 18x32
              RenderRubyText {RT} at (-10,0) size 10x32
                RenderText {#text} at (0,3) size 10x27
                  text run at (0,3) width 27: "\x{3046}\x{305D}\x{304F}"
              RenderRubyBase (anonymous) at (0,0) size 18x32
                RenderInline {RB} at (0,0) size 17x32
                  RenderText {#text} at (0,0) size 17x32
                    text run at (0,0) width 32: "\x{53F3}\x{8DB3}"
          RenderText {#text} at (963,346) size 17x48
            text run at (963,346) width 48: "\x{306F}\x{7A81}\x{7136}"
          RenderRuby (inline) {RUBY} at (0,0) size 17x17
            RenderRubyRun (anonymous) at (963,392.53) size 18x18
              RenderRubyText {RT} at (-10,0) size 10x18
                RenderText {#text} at (0,0) size 10x18
                  text run at (0,0) width 18: "\x{3059}\x{308F}"
              RenderRubyBase (anonymous) at (0,0) size 18x18
                RenderInline {RB} at (0,0) size 17x16
                  RenderText {#text} at (0,1) size 17x16
                    text run at (0,1) width 16: "\x{5750}"
          RenderText {#text} at (963,409) size 17x76
            text run at (963,409) width 76: "\x{308A}\x{306E}\x{308F}\x{308B}\x{3044}"
          RenderRuby (inline) {RUBY} at (0,0) size 17x33
            RenderRubyRun (anonymous) at (990,0) size 18x32.73
              RenderRubyText {RT} at (-10,0) size 10x32.73
                RenderText {#text} at (0,0) size 10x34
                  text run at (0,0) width 33: "\x{304B}\x{304F}\x{3044}\x{3057}"
              RenderRubyBase (anonymous) at (0,0) size 18x32.73
                RenderInline {RB} at (0,0) size 17x33
                  RenderText {#text} at (0,0) size 17x33
                    text run at (0,0) width 32: "\x{89D2}\x{77F3}"
          RenderText {#text} at (990,32) size 17x16
            text run at (990,32) width 15: "\x{306E}"
          RenderRuby (inline) {RUBY} at (0,0) size 17x18
            RenderRubyRun (anonymous) at (990,47.17) size 18x16.84
              RenderRubyText {RT} at (-10,0) size 10x16.84
                RenderText {#text} at (0,0) size 10x18
                  text run at (0,0) width 17: "\x{306F}\x{3057}"
              RenderRubyBase (anonymous) at (0,0) size 18x16.84
                RenderInline {RB} at (0,0) size 17x17
                  RenderText {#text} at (0,0) size 17x17
                    text run at (0,0) width 16: "\x{7AEF}"
          RenderText {#text} at (990,64) size 17x47
            text run at (990,64) width 47: "\x{3092}\x{8E0F}\x{307F}"
          RenderRuby (inline) {RUBY} at (0,0) size 17x17
            RenderRubyRun (anonymous) at (990,110.77) size 18x16
              RenderRubyText {RT} at (-10,0) size 10x16
                RenderText {#text} at (0,4) size 10x9
                  text run at (0,4) width 9: "\x{305D}"
              RenderRubyBase (anonymous) at (0,0) size 18x16
                RenderInline {RB} at (0,0) size 17x16
                  RenderText {#text} at (0,0) size 17x16
                    text run at (0,0) width 16: "\x{640D}"
          RenderText {#text} at (990,126) size 17x76
            text run at (990,126) width 75: "\x{304F}\x{306A}\x{3063}\x{305F}\x{3002}"
          RenderRuby (inline) {RUBY} at (0,0) size 17x33
            RenderRubyRun (anonymous) at (990,201.39) size 18x32
              RenderRubyText {RT} at (-10,0) size 10x32
                RenderText {#text} at (0,1) size 10x31
                  text run at (0,1) width 31: "\x{3078}\x{3044}\x{3053}\x{3046}"
              RenderRubyBase (anonymous) at (0,0) size 18x32
                RenderInline {RB} at (0,0) size 17x32
                  RenderText {#text} at (0,0) size 17x32
                    text run at (0,0) width 32: "\x{5E73}\x{8861}"
          RenderText {#text} at (990,233) size 44x494
            text run at (990,233) width 260: "\x{3092}\x{4FDD}\x{3064}\x{305F}\x{3081}\x{306B}\x{3001}\x{3059}\x{308F}\x{3084}\x{3068}\x{524D}\x{306B}\x{98DB}\x{3073}\x{51FA}\x{3057}"
            text run at (1017,0) width 16: "\x{305F}"
          RenderRuby (inline) {RUBY} at (0,0) size 17x33
            RenderRubyRun (anonymous) at (1017,15.69) size 18x32
              RenderRubyText {RT} at (-10,0) size 10x32
                RenderText {#text} at (0,3) size 10x27
                  text run at (0,3) width 27: "\x{3055}\x{305D}\x{304F}"
              RenderRubyBase (anonymous) at (0,0) size 18x32
                RenderInline {RB} at (0,0) size 17x32
                  RenderText {#text} at (0,0) size 17x32
                    text run at (0,0) width 32: "\x{5DE6}\x{8DB3}"
          RenderText {#text} at (1017,47) size 17x32
            text run at (1017,47) width 32: "\x{304C}\x{3001}"
          RenderRuby (inline) {RUBY} at (0,0) size 17x33
            RenderRubyRun (anonymous) at (1017,78.88) size 18x32
              RenderRubyText {RT} at (-10,0) size 10x32
                RenderText {#text} at (0,3) size 10x26
                  text run at (0,3) width 26: "\x{3057}\x{305D}\x{3093}"
              RenderRubyBase (anonymous) at (0,0) size 18x32
                RenderInline {RB} at (0,0) size 17x32
                  RenderText {#text} at (0,0) size 17x32
                    text run at (0,0) width 32: "\x{4ED5}\x{640D}"
          RenderText {#text} at (1017,110) size 17x31
            text run at (1017,110) width 30: "\x{3058}\x{306E}"
          RenderRuby (inline) {RUBY} at (0,0) size 17x17
            RenderRubyRun (anonymous) at (1017,140.06) size 18x16
              RenderRubyText {RT} at (-10,0) size 10x16
                RenderText {#text} at (0,3) size 10x10
                  text run at (0,3) width 9: "\x{3046}"
              RenderRubyBase (anonymous) at (0,0) size 18x16
                RenderInline {RB} at (0,0) size 17x16
                  RenderText {#text} at (0,0) size 17x16
                    text run at (0,0) width 16: "\x{57CB}"
          RenderText {#text} at (1017,156) size 17x16
            text run at (1017,156) width 16: "\x{3081}"
          RenderRuby (inline) {RUBY} at (0,0) size 17x17
            RenderRubyRun (anonymous) at (1017,170.13) size 18x18
              RenderRubyText {RT} at (-10,0) size 10x18
                RenderText {#text} at (0,0) size 10x18
                  text run at (0,0) width 18: "\x{3042}\x{308F}"
              RenderRubyBase (anonymous) at (0,0) size 18x18
                RenderInline {RB} at (0,0) size 17x16
                  RenderText {#text} at (0,1) size 17x16
                    text run at (0,1) width 16: "\x{5408}"
          RenderText {#text} at (1017,187) size 17x249
            text run at (1017,187) width 249: "\x{305B}\x{3092}\x{3059}\x{308B}\x{3068}\x{5171}\x{306B}\x{3001}\x{4F59}\x{306E}\x{8170}\x{306F}\x{5177}\x{5408}\x{3088}\x{304F}"
          RenderRuby (inline) {RUBY} at (0,0) size 17x18
            RenderRubyRun (anonymous) at (1017,435.69) size 18x17.13
              RenderRubyText {RT} at (-10,0) size 10x17.13
                RenderText {#text} at (0,0) size 10x18
                  text run at (0,0) width 18: "\x{307B}\x{3046}"
              RenderRubyBase (anonymous) at (0,0) size 18x17.13
                RenderInline {RB} at (0,0) size 17x17
                  RenderText {#text} at (0,0) size 17x17
                    text run at (0,0) width 16: "\x{65B9}"
          RenderText {#text} at (1017,452) size 44x500
            text run at (1017,452) width 47: "\x{4E09}\x{5C3A}\x{307B}"
            text run at (1044,0) width 92: "\x{3069}\x{306A}\x{5CA9}\x{306E}\x{4E0A}\x{306B}"
          RenderRuby (inline) {RUBY} at (0,0) size 17x17
            RenderRubyRun (anonymous) at (1044,91.94) size 18x16
              RenderRubyText {RT} at (-10,0) size 10x16
                RenderText {#text} at (0,4) size 10x9
                  text run at (0,4) width 9: "\x{304A}"
              RenderRubyBase (anonymous) at (0,0) size 18x16
                RenderInline {RB} at (0,0) size 17x16
                  RenderText {#text} at (0,0) size 17x16
                    text run at (0,0) width 16: "\x{5378}"
          RenderText {#text} at (1044,107) size 17x202
            text run at (1044,107) width 201: "\x{308A}\x{305F}\x{3002}\x{80A9}\x{306B}\x{304B}\x{3051}\x{305F}\x{7D75}\x{306E}\x{5177}\x{7BB1}\x{304C}"
          RenderRuby (inline) {RUBY} at (0,0) size 17x17
            RenderRubyRun (anonymous) at (1044,307.19) size 18x18
              RenderRubyText {RT} at (-10,0) size 10x18
                RenderText {#text} at (0,0) size 10x18
                  text run at (0,0) width 18: "\x{308F}\x{304D}"
              RenderRubyBase (anonymous) at (0,0) size 18x18
                RenderInline {RB} at (0,0) size 17x16
                  RenderText {#text} at (0,1) size 17x16
                    text run at (0,1) width 16: "\x{814B}"
          RenderText {#text} at (1044,324) size 17x62
            text run at (1044,324) width 62: "\x{306E}\x{4E0B}\x{304B}\x{3089}"
          RenderRuby (inline) {RUBY} at (0,0) size 17x18
            RenderRubyRun (anonymous) at (1044,385.50) size 18x17.48
              RenderRubyText {RT} at (-10,0) size 10x17.48
                RenderText {#text} at (0,0) size 10x18
                  text run at (0,0) width 18: "\x{304A}\x{3069}"
              RenderRubyBase (anonymous) at (0,0) size 18x17.48
                RenderInline {RB} at (0,0) size 17x17
                  RenderText {#text} at (0,0) size 17x17
                    text run at (0,0) width 16: "\x{8E8D}"
          RenderText {#text} at (1044,402) size 44x496
            text run at (1044,402) width 93: "\x{308A}\x{51FA}\x{3057}\x{305F}\x{3060}\x{3051}"
            text run at (1071,0) width 75: "\x{3067}\x{3001}\x{5E78}\x{3044}\x{3068}"
          RenderRuby (inline) {RUBY} at (0,0) size 17x18
            RenderRubyRun (anonymous) at (1071,74.50) size 18x17.48
              RenderRubyText {RT} at (-10,0) size 10x17.48
                RenderText {#text} at (0,0) size 10x18
                  text run at (0,0) width 18: "\x{306A}\x{3093}"
              RenderRubyBase (anonymous) at (0,0) size 18x17.48
                RenderInline {RB} at (0,0) size 17x17
                  RenderText {#text} at (0,0) size 17x17
                    text run at (0,0) width 16: "\x{4F55}"
          RenderText {#text} at (1071,91) size 17x122
            text run at (1071,91) width 121: "\x{306E}\x{4E8B}\x{3082}\x{306A}\x{304B}\x{3063}\x{305F}\x{3002}"
          RenderBR {BR} at (1071,212) size 17x1
          RenderText {#text} at (1098,0) size 17x236
            text run at (1098,0) width 236: "\x{3000}\x{7ACB}\x{3061}\x{4E0A}\x{304C}\x{308B}\x{6642}\x{306B}\x{5411}\x{3046}\x{3092}\x{898B}\x{308B}\x{3068}\x{3001}"
          RenderRuby (inline) {RUBY} at (0,0) size 17x19
            RenderRubyRun (anonymous) at (1098,235.94) size 18x17.13
              RenderRubyText {RT} at (-10,0) size 10x17.13
                RenderText {#text} at (0,0) size 10x18
                  text run at (0,0) width 18: "\x{307F}\x{3061}"
              RenderRubyBase (anonymous) at (0,0) size 18x17.13
                RenderInline {RB} at (0,0) size 17x17
                  RenderText {#text} at (0,0) size 17x17
                    text run at (0,0) width 16: "\x{8DEF}"
          RenderText {#text} at (1098,253) size 44x498
            text run at (1098,253) width 245: "\x{304B}\x{3089}\x{5DE6}\x{306E}\x{65B9}\x{306B}\x{30D0}\x{30B1}\x{30C4}\x{3092}\x{4F0F}\x{305B}\x{305F}\x{3088}\x{3046}\x{306A}"
            text run at (1125,0) width 32: "\x{5CF0}\x{304C}"
          RenderRuby (inline) {RUBY} at (0,0) size 17x18
            RenderRubyRun (anonymous) at (1125,31.19) size 18x17.48
              RenderRubyText {RT} at (-10,0) size 10x17.48
                RenderText {#text} at (0,0) size 10x18
                  text run at (0,0) width 18: "\x{305D}\x{3073}"
              RenderRubyBase (anonymous) at (0,0) size 18x17.48
                RenderInline {RB} at (0,0) size 17x17
                  RenderText {#text} at (0,0) size 17x17
                    text run at (0,0) width 16: "\x{8073}"
          RenderText {#text} at (1125,48) size 17x106
            text run at (1125,48) width 106: "\x{3048}\x{3066}\x{3044}\x{308B}\x{3002}\x{6749}\x{304B}"
          RenderRuby (inline) {RUBY} at (0,0) size 17x19
            RenderRubyRun (anonymous) at (1125,149.86) size 18x25.25
              RenderRubyText {RT} at (-10,0) size 10x25.25
                RenderText {#text} at (0,0) size 10x26
                  text run at (0,0) width 26: "\x{3072}\x{306E}\x{304D}"
              RenderRubyBase (anonymous) at (0,0) size 18x25.25
                RenderInline {RB} at (0,0) size 17x17
                  RenderText {#text} at (0,4) size 17x17
                    text run at (0,4) width 16: "\x{6A9C}"
          RenderText {#text} at (1125,171) size 17x107
            text run at (1125,171) width 107: "\x{304B}\x{5206}\x{304B}\x{3089}\x{306A}\x{3044}\x{304C}"
          RenderRuby (inline) {RUBY} at (0,0) size 17x33
            RenderRubyRun (anonymous) at (1125,277.17) size 18x32
              RenderRubyText {RT} at (-10,0) size 10x32
                RenderText {#text} at (0,3) size 10x27
                  text run at (0,3) width 27: "\x{306D}\x{3082}\x{3068}"
              RenderRubyBase (anonymous) at (0,0) size 18x32
                RenderInline {RB} at (0,0) size 17x32
                  RenderText {#text} at (0,0) size 17x32
                    text run at (0,0) width 32: "\x{6839}\x{5143}"
          RenderText {#text} at (1125,309) size 17x32
            text run at (1125,309) width 31: "\x{304B}\x{3089}"
          RenderRuby (inline) {RUBY} at (0,0) size 17x18
            RenderRubyRun (anonymous) at (1125,336.05) size 18x25.03
              RenderRubyText {RT} at (-10,0) size 10x25.03
                RenderText {#text} at (0,0) size 10x26
                  text run at (0,0) width 26: "\x{3044}\x{305F}\x{3060}"
              RenderRubyBase (anonymous) at (0,0) size 18x25.03
                RenderInline {RB} at (0,0) size 17x17
                  RenderText {#text} at (0,4) size 17x17
                    text run at (0,4) width 16: "\x{9802}"
          RenderText {#text} at (1125,357) size 17x121
            text run at (1125,357) width 121: "\x{304D}\x{307E}\x{3067}\x{3053}\x{3068}\x{3054}\x{3068}\x{304F}"
          RenderRuby (inline) {RUBY} at (0,0) size 17x35
            RenderRubyRun (anonymous) at (1152,0) size 18x35.02
              RenderRubyText {RT} at (-10,0) size 10x35.02
                RenderText {#text} at (0,0) size 10x36
                  text run at (0,0) width 36: "\x{3042}\x{304A}\x{3050}\x{308D}"
              RenderRubyBase (anonymous) at (0,0) size 18x35.02
                RenderInline {RB} at (0,0) size 17x33
                  RenderText {#text} at (0,1) size 17x33
                    text run at (0,1) width 32: "\x{84BC}\x{9ED2}"
          RenderText {#text} at (1152,34) size 17x231
            text run at (1152,34) width 231: "\x{3044}\x{4E2D}\x{306B}\x{3001}\x{5C71}\x{685C}\x{304C}\x{8584}\x{8D64}\x{304F}\x{3060}\x{3093}\x{3060}\x{3089}\x{306B}"
          RenderRuby (inline) {RUBY} at (0,0) size 17x33
            RenderRubyRun (anonymous) at (1152,264.45) size 18x32
              RenderRubyText {RT} at (-10,0) size 10x32
                RenderText {#text} at (0,3) size 10x27
                  text run at (0,3) width 27: "\x{305F}\x{306A}\x{3073}"
              RenderRubyBase (anonymous) at (0,0) size 18x32
                RenderInline {RB} at (0,0) size 17x32
                  RenderText {#text} at (0,0) size 17x32
                    text run at (0,0) width 32: "\x{68DA}\x{5F15}"
          RenderText {#text} at (1152,296) size 17x44
            text run at (1152,296) width 43: "\x{3044}\x{3066}\x{3001}"
          RenderRuby (inline) {RUBY} at (0,0) size 17x17
            RenderRubyRun (anonymous) at (1152,339.39) size 18x16
              RenderRubyText {RT} at (-10,0) size 10x16
                RenderText {#text} at (0,4) size 10x8
                  text run at (0,4) width 8: "\x{3064}"
              RenderRubyBase (anonymous) at (0,0) size 18x16
                RenderInline {RB} at (0,0) size 17x16
                  RenderText {#text} at (0,0) size 17x16
                    text run at (0,0) width 16: "\x{7D9A}"
          RenderText {#text} at (1152,355) size 17x17
            text run at (1152,355) width 16: "\x{304E}"
          RenderRuby (inline) {RUBY} at (0,0) size 17x17
            RenderRubyRun (anonymous) at (1152,371.39) size 18x16
              RenderRubyText {RT} at (-10,0) size 10x16
                RenderText {#text} at (0,4) size 10x9
                  text run at (0,4) width 9: "\x{3081}"
              RenderRubyBase (anonymous) at (0,0) size 18x16
                RenderInline {RB} at (0,0) size 17x16
                  RenderText {#text} at (0,0) size 17x16
                    text run at (0,0) width 16: "\x{76EE}"
          RenderText {#text} at (1152,387) size 17x16
            text run at (1152,387) width 16: "\x{304C}"
          RenderRuby (inline) {RUBY} at (0,0) size 17x18
            RenderRubyRun (anonymous) at (1152,402.58) size 18x16.67
              RenderRubyText {RT} at (-10,0) size 10x16.67
                RenderText {#text} at (0,0) size 10x17
                  text run at (0,0) width 17: "\x{3057}\x{304B}"
              RenderRubyBase (anonymous) at (0,0) size 18x16.67
                RenderInline {RB} at (0,0) size 17x17
                  RenderText {#text} at (0,0) size 17x17
                    text run at (0,0) width 16: "\x{78BA}"
          RenderText {#text} at (1152,419) size 44x497
            text run at (1152,419) width 77: "\x{3068}\x{898B}\x{3048}\x{306C}\x{304F}"
            text run at (1179,0) width 30: "\x{3089}\x{3044}"
          RenderRuby (inline) {RUBY} at (0,0) size 17x18
            RenderRubyRun (anonymous) at (1179,29.13) size 18x17.30
              RenderRubyText {RT} at (-10,0) size 10x17.30
                RenderText {#text} at (0,0) size 10x18
                  text run at (0,0) width 18: "\x{3082}\x{3084}"
              RenderRubyBase (anonymous) at (0,0) size 18x17.30
                RenderInline {RB} at (0,0) size 17x17
                  RenderText {#text} at (0,0) size 17x17
                    text run at (0,0) width 16: "\x{9744}"
          RenderText {#text} at (1179,46) size 17x138
            text run at (1179,46) width 138: "\x{304C}\x{6FC3}\x{3044}\x{3002}\x{5C11}\x{3057}\x{624B}\x{524D}\x{306B}"
          RenderRuby (inline) {RUBY} at (0,0) size 17x35
            RenderRubyRun (anonymous) at (1179,182.61) size 18x34.56
              RenderRubyText {RT} at (-10,0) size 10x34.56
                RenderText {#text} at (0,0) size 10x35
                  text run at (0,0) width 35: "\x{306F}\x{3052}\x{3084}\x{307E}"
              RenderRubyBase (anonymous) at (0,0) size 18x34.56
                RenderInline {RB} at (0,0) size 17x33
                  RenderText {#text} at (0,1) size 17x33
                    text run at (0,1) width 32: "\x{79BF}\x{5C71}"
          RenderText {#text} at (1179,217) size 17x60
            text run at (1179,217) width 60: "\x{304C}\x{4E00}\x{3064}\x{3001}"
          RenderRuby (inline) {RUBY} at (0,0) size 17x18
            RenderRubyRun (anonymous) at (1179,276.92) size 18x17.02
              RenderRubyText {RT} at (-10,0) size 10x17.02
                RenderText {#text} at (0,0) size 10x18
                  text run at (0,0) width 18: "\x{3050}\x{3093}"
              RenderRubyBase (anonymous) at (0,0) size 18x17.02
                RenderInline {RB} at (0,0) size 17x17
                  RenderText {#text} at (0,0) size 17x17
                    text run at (0,0) width 16: "\x{7FA4}"
          RenderText {#text} at (1179,293) size 17x92
            text run at (1179,293) width 91: "\x{3092}\x{306C}\x{304D}\x{3093}\x{3067}\x{3066}"
          RenderRuby (inline) {RUBY} at (0,0) size 17x19
            RenderRubyRun (anonymous) at (1179,384.31) size 18x17.83
              RenderRubyText {RT} at (-10,0) size 10x17.83
                RenderText {#text} at (0,0) size 10x19
                  text run at (0,0) width 18: "\x{307E}\x{3086}"
              RenderRubyBase (anonymous) at (0,0) size 18x17.83
                RenderInline {RB} at (0,0) size 17x17
                  RenderText {#text} at (0,0) size 17x17
                    text run at (0,0) width 16: "\x{7709}"
          RenderText {#text} at (1179,402) size 17x15
            text run at (1179,402) width 15: "\x{306B}"
          RenderRuby (inline) {RUBY} at (0,0) size 17x18
            RenderRubyRun (anonymous) at (1179,416.27) size 18x17.30
              RenderRubyText {RT} at (-10,0) size 10x17.30
                RenderText {#text} at (0,0) size 10x18
                  text run at (0,0) width 18: "\x{305B}\x{307E}"
              RenderRubyBase (anonymous) at (0,0) size 18x17.30
                RenderInline {RB} at (0,0) size 17x17
                  RenderText {#text} at (0,0) size 17x17
                    text run at (0,0) width 16: "\x{903C}"
          RenderText {#text} at (1179,433) size 17x33
            text run at (1179,433) width 32: "\x{308B}\x{3002}"
          RenderRuby (inline) {RUBY} at (0,0) size 17x17
            RenderRubyRun (anonymous) at (1179,465.56) size 18x16
              RenderRubyText {RT} at (-10,0) size 10x16
                RenderText {#text} at (0,4) size 10x9
                  text run at (0,4) width 9: "\x{306F}"
              RenderRubyBase (anonymous) at (0,0) size 18x16
                RenderInline {RB} at (0,0) size 17x16
                  RenderText {#text} at (0,0) size 17x16
                    text run at (0,0) width 16: "\x{79BF}"
          RenderText {#text} at (1179,481) size 44x498
            text run at (1179,481) width 16: "\x{3052}"
            text run at (1206,0) width 110: "\x{305F}\x{5074}\x{9762}\x{306F}\x{5DE8}\x{4EBA}\x{306E}"
          RenderRuby (inline) {RUBY} at (0,0) size 17x18
            RenderRubyRun (anonymous) at (1206,109.31) size 18x16.95
              RenderRubyText {RT} at (-10,0) size 10x16.95
                RenderText {#text} at (0,0) size 10x18
                  text run at (0,0) width 17: "\x{304A}\x{306E}"
              RenderRubyBase (anonymous) at (0,0) size 18x16.95
                RenderInline {RB} at (0,0) size 17x17
                  RenderText {#text} at (0,0) size 17x17
                    text run at (0,0) width 16: "\x{65A7}"
          RenderText {#text} at (1206,126) size 17x15
            text run at (1206,126) width 15: "\x{3067}"
          RenderRuby (inline) {RUBY} at (0,0) size 17x18
            RenderRubyRun (anonymous) at (1206,140.70) size 18x17.20
              RenderRubyText {RT} at (-10,0) size 10x17.20
                RenderText {#text} at (0,0) size 10x18
                  text run at (0,0) width 18: "\x{3051}\x{305A}"
              RenderRubyBase (anonymous) at (0,0) size 18x17.20
                RenderInline {RB} at (0,0) size 17x17
                  RenderText {#text} at (0,0) size 17x17
                    text run at (0,0) width 16: "\x{524A}"
          RenderText {#text} at (1206,157) size 17x291
            text run at (1206,157) width 290: "\x{308A}\x{53BB}\x{3063}\x{305F}\x{304B}\x{3001}\x{92ED}\x{3069}\x{304D}\x{5E73}\x{9762}\x{3092}\x{3084}\x{3051}\x{306B}\x{8C37}\x{306E}\x{5E95}\x{306B}"
          RenderRuby (inline) {RUBY} at (0,0) size 17x17
            RenderRubyRun (anonymous) at (1206,446.03) size 18x18
              RenderRubyText {RT} at (-10,0) size 10x18
                RenderText {#text} at (0,0) size 10x18
                  text run at (0,0) width 18: "\x{3046}\x{305A}"
              RenderRubyBase (anonymous) at (0,0) size 18x18
                RenderInline {RB} at (0,0) size 17x16
                  RenderText {#text} at (0,1) size 17x16
                    text run at (0,1) width 16: "\x{57CB}"
          RenderText {#text} at (1206,463) size 44x492
            text run at (1206,463) width 29: "\x{3081}\x{3066}"
            text run at (1233,0) width 46: "\x{3044}\x{308B}\x{3002}"
          RenderRuby (inline) {RUBY} at (0,0) size 17x33
            RenderRubyRun (anonymous) at (1233,45.13) size 18x32
              RenderRubyText {RT} at (-10,0) size 10x32
                RenderText {#text} at (0,1) size 10x31
                  text run at (0,1) width 30: "\x{3066}\x{3063}\x{307A}\x{3093}"
              RenderRubyBase (anonymous) at (0,0) size 18x32
                RenderInline {RB} at (0,0) size 17x32
                  RenderText {#text} at (0,0) size 17x32
                    text run at (0,0) width 32: "\x{5929}\x{8FBA}"
          RenderText {#text} at (1233,77) size 17x327
            text run at (1233,77) width 327: "\x{306B}\x{4E00}\x{672C}\x{898B}\x{3048}\x{308B}\x{306E}\x{306F}\x{8D64}\x{677E}\x{3060}\x{308D}\x{3046}\x{3002}\x{679D}\x{306E}\x{9593}\x{306E}\x{7A7A}\x{3055}\x{3048}"
          RenderRuby (inline) {RUBY} at (0,0) size 17x34
            RenderRubyRun (anonymous) at (1233,403.56) size 18x32.84
              RenderRubyText {RT} at (-10,0) size 10x32.84
                RenderText {#text} at (0,0) size 10x34
                  text run at (0,0) width 33: "\x{306F}\x{3063}\x{304D}\x{308A}"
              RenderRubyBase (anonymous) at (0,0) size 18x32.84
                RenderInline {RB} at (0,0) size 17x33
                  RenderText {#text} at (0,0) size 17x33
                    text run at (0,0) width 32: "\x{5224}\x{7136}"
          RenderText {#text} at (1233,436) size 44x479
            text run at (1233,436) width 42: "\x{3057}\x{3066}\x{3044}"
            text run at (1260,0) width 383: "\x{308B}\x{3002}\x{884C}\x{304F}\x{624B}\x{306F}\x{4E8C}\x{4E01}\x{307B}\x{3069}\x{3067}\x{5207}\x{308C}\x{3066}\x{3044}\x{308B}\x{304C}\x{3001}\x{9AD8}\x{3044}\x{6240}\x{304B}\x{3089}\x{8D64}\x{3044}"
          RenderRuby (inline) {RUBY} at (0,0) size 17x33
            RenderRubyRun (anonymous) at (1260,382.13) size 18x32
              RenderRubyText {RT} at (-10,0) size 10x32
                RenderText {#text} at (0,4) size 10x24
                  text run at (0,4) width 24: "\x{3051}\x{3063}\x{3068}"
              RenderRubyBase (anonymous) at (0,0) size 18x32
                RenderInline {RB} at (0,0) size 17x32
                  RenderText {#text} at (0,0) size 17x32
                    text run at (0,0) width 32: "\x{6BDB}\x{5E03}"
          RenderText {#text} at (1260,414) size 44x489
            text run at (1260,414) width 75: "\x{304C}\x{52D5}\x{3044}\x{3066}\x{6765}"
            text run at (1287,0) width 415: "\x{308B}\x{306E}\x{3092}\x{898B}\x{308B}\x{3068}\x{3001}\x{767B}\x{308C}\x{3070}\x{3042}\x{3059}\x{3053}\x{3078}\x{51FA}\x{308B}\x{306E}\x{3060}\x{308D}\x{3046}\x{3002}\x{8DEF}\x{306F}\x{3059}\x{3053}\x{3076}\x{308B}"
          RenderRuby (inline) {RUBY} at (0,0) size 17x33
            RenderRubyRun (anonymous) at (1287,414.75) size 18x32
              RenderRubyText {RT} at (-10,0) size 10x32
                RenderText {#text} at (0,3) size 10x27
                  text run at (0,3) width 27: "\x{306A}\x{3093}\x{304E}"
              RenderRubyBase (anonymous) at (0,0) size 18x32
                RenderInline {RB} at (0,0) size 17x32
                  RenderText {#text} at (0,0) size 17x32
                    text run at (0,0) width 32: "\x{96E3}\x{7FA9}"
          RenderText {#text} at (1287,446) size 17x33
            text run at (1287,446) width 32: "\x{3060}\x{3002}"
          RenderBR {BR} at (1287,478) size 17x1
          RenderText {#text} at (1314,0) size 17x205
            text run at (1314,0) width 205: "\x{3000}\x{571F}\x{3092}\x{306A}\x{3089}\x{3059}\x{3060}\x{3051}\x{306A}\x{3089}\x{3055}\x{307B}\x{3069}"
          RenderRuby (inline) {RUBY} at (0,0) size 17x33
            RenderRubyRun (anonymous) at (1314,204.06) size 18x32
              RenderRubyText {RT} at (-10,0) size 10x32
                RenderText {#text} at (0,8) size 10x17
                  text run at (0,8) width 17: "\x{3066}\x{307E}"
              RenderRubyBase (anonymous) at (0,0) size 18x32
                RenderInline {RB} at (0,0) size 17x32
                  RenderText {#text} at (0,0) size 17x32
                    text run at (0,0) width 32: "\x{624B}\x{9593}"
          RenderText {#text} at (1314,236) size 17x17
            text run at (1314,236) width 16: "\x{3082}"
          RenderRuby (inline) {RUBY} at (0,0) size 17x17
            RenderRubyRun (anonymous) at (1314,252.06) size 18x16
              RenderRubyText {RT} at (-10,0) size 10x16
                RenderText {#text} at (0,4) size 10x8
                  text run at (0,4) width 8: "\x{3044}"
              RenderRubyBase (anonymous) at (0,0) size 18x16
                RenderInline {RB} at (0,0) size 17x16
                  RenderText {#text} at (0,0) size 17x16
                    text run at (0,0) width 16: "\x{5165}"
          RenderText {#text} at (1314,268) size 44x499
            text run at (1314,268) width 231: "\x{308B}\x{307E}\x{3044}\x{304C}\x{3001}\x{571F}\x{306E}\x{4E2D}\x{306B}\x{306F}\x{5927}\x{304D}\x{306A}\x{77F3}\x{304C}"
            text run at (1341,0) width 80: "\x{3042}\x{308B}\x{3002}\x{571F}\x{306F}"
          RenderRuby (inline) {RUBY} at (0,0) size 17x17
            RenderRubyRun (anonymous) at (1341,79.19) size 18x16.22
              RenderRubyText {RT} at (-10,0) size 10x16.22
                RenderText {#text} at (0,0) size 10x17
                  text run at (0,0) width 17: "\x{305F}\x{3044}"
              RenderRubyBase (anonymous) at (0,0) size 18x16.22
                RenderInline {RB} at (0,0) size 17x17
                  RenderText {#text} at (0,0) size 17x17
                    text run at (0,0) width 16: "\x{5E73}"
          RenderText {#text} at (1341,95) size 44x496
            text run at (1341,95) width 401: "\x{3089}\x{306B}\x{3057}\x{3066}\x{3082}\x{77F3}\x{306F}\x{5E73}\x{3089}\x{306B}\x{306A}\x{3089}\x{306C}\x{3002}\x{77F3}\x{306F}\x{5207}\x{308A}\x{7815}\x{3044}\x{3066}\x{3082}\x{3001}\x{5CA9}\x{306F}\x{59CB}"
            text run at (1368,0) width 90: "\x{672B}\x{304C}\x{3064}\x{304B}\x{306C}\x{3002}"
          RenderRuby (inline) {RUBY} at (0,0) size 17x35
            RenderRubyRun (anonymous) at (1368,88.69) size 18x34.64
              RenderRubyText {RT} at (-10,0) size 10x34.64
                RenderText {#text} at (0,0) size 10x35
                  text run at (0,0) width 35: "\x{307B}\x{308A}\x{304F}\x{305A}"
              RenderRubyBase (anonymous) at (0,0) size 18x34.64
                RenderInline {RB} at (0,0) size 17x33
                  RenderText {#text} at (0,1) size 17x33
                    text run at (0,1) width 32: "\x{6398}\x{5D29}"
          RenderText {#text} at (1368,123) size 17x92
            text run at (1368,123) width 91: "\x{3057}\x{305F}\x{571F}\x{306E}\x{4E0A}\x{306B}"
          RenderRuby (inline) {RUBY} at (0,0) size 17x34
            RenderRubyRun (anonymous) at (1368,213.33) size 18x35.48
              RenderRubyText {RT} at (-10,0) size 10x35.48
                RenderText {#text} at (0,0) size 10x36
                  text run at (0,0) width 36: "\x{3086}\x{3046}\x{305C}\x{3093}"
              RenderRubyBase (anonymous) at (0,0) size 18x35.48
                RenderInline {RB} at (0,0) size 17x33
                  RenderText {#text} at (0,1) size 17x33
                    text run at (0,1) width 32: "\x{60A0}\x{7136}"
          RenderText {#text} at (1368,247) size 17x16
            text run at (1368,247) width 15: "\x{3068}"
          RenderRuby (inline) {RUBY} at (0,0) size 17x19
            RenderRubyRun (anonymous) at (1368,258.75) size 18x26.20
              RenderRubyText {RT} at (-10,0) size 10x26.20
                RenderText {#text} at (0,0) size 10x27
                  text run at (0,0) width 27: "\x{305D}\x{3070}\x{3060}"
              RenderRubyBase (anonymous) at (0,0) size 18x26.20
                RenderInline {RB} at (0,0) size 17x17
                  RenderText {#text} at (0,5) size 17x17
                    text run at (0,5) width 16: "\x{5CD9}"
          RenderText {#text} at (1368,280) size 17x198
            text run at (1368,280) width 197: "\x{3063}\x{3066}\x{3001}\x{543E}\x{3089}\x{306E}\x{305F}\x{3081}\x{306B}\x{9053}\x{3092}\x{8B72}\x{308B}"
          RenderRuby (inline) {RUBY} at (0,0) size 17x32
            RenderRubyRun (anonymous) at (1395,0) size 18x32
              RenderRubyText {RT} at (-10,0) size 10x32
                RenderText {#text} at (0,3) size 10x26
                  text run at (0,3) width 26: "\x{3051}\x{3057}\x{304D}"
              RenderRubyBase (anonymous) at (0,0) size 18x32
                RenderInline {RB} at (0,0) size 17x32
                  RenderText {#text} at (0,0) size 17x32
                    text run at (0,0) width 32: "\x{666F}\x{8272}"
          RenderText {#text} at (1395,32) size 17x436
            text run at (1395,32) width 436: "\x{306F}\x{306A}\x{3044}\x{3002}\x{5411}\x{3046}\x{3067}\x{805E}\x{304B}\x{306C}\x{4E0A}\x{306F}\x{4E57}\x{308A}\x{8D8A}\x{3059}\x{304B}\x{3001}\x{5EFB}\x{3089}\x{306A}\x{3051}\x{308C}\x{3070}\x{306A}\x{3089}\x{3093}\x{3002}"
          RenderRuby (inline) {RUBY} at (0,0) size 17x18
            RenderRubyRun (anonymous) at (1395,467.88) size 18x16.39
              RenderRubyText {RT} at (-10,0) size 10x16.39
                RenderText {#text} at (0,0) size 10x17
                  text run at (0,0) width 17: "\x{3044}\x{308F}"
              RenderRubyBase (anonymous) at (0,0) size 18x16.39
                RenderInline {RB} at (0,0) size 17x17
                  RenderText {#text} at (0,0) size 17x17
                    text run at (0,0) width 16: "\x{5DCC}"
          RenderText {#text} at (1395,484) size 44x499
            text run at (1395,484) width 15: "\x{306E}"
            text run at (1422,0) width 91: "\x{306A}\x{3044}\x{6240}\x{3067}\x{3055}\x{3048}"
          RenderRuby (inline) {RUBY} at (0,0) size 17x17
            RenderRubyRun (anonymous) at (1422,90.94) size 18x16
              RenderRubyText {RT} at (-10,0) size 10x16
                RenderText {#text} at (0,3) size 10x10
                  text run at (0,3) width 9: "\x{3042}"
              RenderRubyBase (anonymous) at (0,0) size 18x16
                RenderInline {RB} at (0,0) size 17x16
                  RenderText {#text} at (0,0) size 17x16
                    text run at (0,0) width 16: "\x{6B69}"
          RenderText {#text} at (1422,106) size 17x292
            text run at (1422,106) width 291: "\x{308B}\x{304D}\x{3088}\x{304F}\x{306F}\x{306A}\x{3044}\x{3002}\x{5DE6}\x{53F3}\x{304C}\x{9AD8}\x{304F}\x{3063}\x{3066}\x{3001}\x{4E2D}\x{5FC3}\x{304C}"
          RenderRuby (inline) {RUBY} at (0,0) size 17x18
            RenderRubyRun (anonymous) at (1422,397.19) size 18x17.34
              RenderRubyText {RT} at (-10,0) size 10x17.34
                RenderText {#text} at (0,0) size 10x18
                  text run at (0,0) width 18: "\x{304F}\x{307C}"
              RenderRubyBase (anonymous) at (0,0) size 18x17.34
                RenderInline {RB} at (0,0) size 17x17
                  RenderText {#text} at (0,0) size 17x17
                    text run at (0,0) width 16: "\x{7AAA}"
          RenderText {#text} at (1422,414) size 44x492
            text run at (1422,414) width 78: "\x{3093}\x{3067}\x{3001}\x{307E}\x{308B}"
            text run at (1449,0) width 47: "\x{3067}\x{4E00}\x{9593}"
          RenderRuby (inline) {RUBY} at (0,0) size 17x18
            RenderRubyRun (anonymous) at (1449,46.44) size 18x17.44
              RenderRubyText {RT} at (-10,0) size 10x17.44
                RenderText {#text} at (0,0) size 10x18
                  text run at (0,0) width 18: "\x{306F}\x{3070}"
              RenderRubyBase (anonymous) at (0,0) size 18x17.44
                RenderInline {RB} at (0,0) size 17x17
                  RenderText {#text} at (0,0) size 17x17
                    text run at (0,0) width 16: "\x{5E45}"
          RenderText {#text} at (1449,63) size 17x63
            text run at (1449,63) width 63: "\x{3092}\x{4E09}\x{89D2}\x{306B}"
          RenderRuby (inline) {RUBY} at (0,0) size 17x16
            RenderRubyRun (anonymous) at (1449,126) size 18x16
              RenderRubyText {RT} at (-10,0) size 10x16
                RenderText {#text} at (0,4) size 10x9
                  text run at (0,4) width 9: "\x{304F}"
              RenderRubyBase (anonymous) at (0,0) size 18x16
                RenderInline {RB} at (0,0) size 17x16
                  RenderText {#text} at (0,0) size 17x16
                    text run at (0,0) width 16: "\x{7A7F}"
          RenderText {#text} at (1449,142) size 17x118
            text run at (1449,142) width 118: "\x{3063}\x{3066}\x{3001}\x{305D}\x{306E}\x{9802}\x{70B9}\x{304C}"
          RenderRuby (inline) {RUBY} at (0,0) size 17x34
            RenderRubyRun (anonymous) at (1449,259) size 18x34.67
              RenderRubyText {RT} at (-10,0) size 10x34.67
                RenderText {#text} at (0,0) size 10x35
                  text run at (0,0) width 35: "\x{307E}\x{3093}\x{306A}\x{304B}"
              RenderRubyBase (anonymous) at (0,0) size 18x34.67
                RenderInline {RB} at (0,0) size 17x33
                  RenderText {#text} at (0,1) size 17x33
                    text run at (0,1) width 32: "\x{771F}\x{4E2D}"
          RenderText {#text} at (1449,293) size 17x17
            text run at (1449,293) width 16: "\x{3092}"
          RenderRuby (inline) {RUBY} at (0,0) size 17x19
            RenderRubyRun (anonymous) at (1449,305.67) size 18x24.55
              RenderRubyText {RT} at (-10,0) size 10x24.55
                RenderText {#text} at (0,0) size 10x25
                  text run at (0,0) width 25: "\x{3064}\x{3089}\x{306C}"
              RenderRubyBase (anonymous) at (0,0) size 18x24.55
                RenderInline {RB} at (0,0) size 17x17
                  RenderText {#text} at (0,4) size 17x17
                    text run at (0,4) width 16: "\x{8CAB}"
          RenderText {#text} at (1449,327) size 44x504
            text run at (1449,327) width 177: "\x{3044}\x{3066}\x{3044}\x{308B}\x{3068}\x{8A55}\x{3057}\x{3066}\x{3082}\x{3088}\x{3044}\x{3002}"
            text run at (1476,0) width 205: "\x{8DEF}\x{3092}\x{884C}\x{304F}\x{3068}\x{4E91}\x{308F}\x{3093}\x{3088}\x{308A}\x{5DDD}\x{5E95}\x{3092}"
          RenderRuby (inline) {RUBY} at (0,0) size 17x19
            RenderRubyRun (anonymous) at (1476,204.50) size 18x17.83
              RenderRubyText {RT} at (-10,0) size 10x17.83
                RenderText {#text} at (0,0) size 10x19
                  text run at (0,0) width 18: "\x{308F}\x{305F}"
              RenderRubyBase (anonymous) at (0,0) size 18x17.83
                RenderInline {RB} at (0,0) size 17x17
                  RenderText {#text} at (0,0) size 17x17
                    text run at (0,0) width 16: "\x{6E09}"
          RenderText {#text} at (1476,222) size 17x159
            text run at (1476,222) width 158: "\x{308B}\x{3068}\x{4E91}\x{3046}\x{65B9}\x{304C}\x{9069}\x{5F53}\x{3060}\x{3002}"
          RenderRuby (inline) {RUBY} at (0,0) size 17x18
            RenderRubyRun (anonymous) at (1476,380.14) size 18x17.41
              RenderRubyText {RT} at (-10,0) size 10x17.41
                RenderText {#text} at (0,0) size 10x18
                  text run at (0,0) width 18: "\x{3082}\x{3068}"
              RenderRubyBase (anonymous) at (0,0) size 18x17.41
                RenderInline {RB} at (0,0) size 17x17
                  RenderText {#text} at (0,0) size 17x17
                    text run at (0,0) width 16: "\x{56FA}"
          RenderText {#text} at (1476,397) size 44x491
            text run at (1476,397) width 93: "\x{3088}\x{308A}\x{6025}\x{3050}\x{65C5}\x{3067}"
            text run at (1503,0) width 153: "\x{306A}\x{3044}\x{304B}\x{3089}\x{3001}\x{3076}\x{3089}\x{3076}\x{3089}\x{3068}"
          RenderRuby (inline) {RUBY} at (0,0) size 17x34
            RenderRubyRun (anonymous) at (1503,151.44) size 18x35.38
              RenderRubyText {RT} at (-10,0) size 10x35.38
                RenderText {#text} at (0,0) size 10x36
                  text run at (0,0) width 36: "\x{306A}\x{306A}\x{307E}\x{304C}"
              RenderRubyBase (anonymous) at (0,0) size 18x35.38
                RenderInline {RB} at (0,0) size 17x33
                  RenderText {#text} at (0,1) size 17x33
                    text run at (0,1) width 32: "\x{4E03}\x{66F2}"
          RenderText {#text} at (1503,185) size 17x89
            text run at (1503,185) width 88: "\x{308A}\x{3078}\x{304B}\x{304B}\x{308B}\x{3002}"
          RenderBR {BR} at (1503,273) size 17x1
          RenderText {#text} at (1530,0) size 17x140
            text run at (1530,0) width 140: "\x{3000}\x{305F}\x{3061}\x{307E}\x{3061}\x{8DB3}\x{306E}\x{4E0B}\x{3067}"
          RenderRuby (inline) {RUBY} at (0,0) size 17x33
            RenderRubyRun (anonymous) at (1530,139.63) size 18x32
              RenderRubyText {RT} at (-10,0) size 10x32
                RenderText {#text} at (0,3) size 10x27
                  text run at (0,3) width 26: "\x{3072}\x{3070}\x{308A}"
              RenderRubyBase (anonymous) at (0,0) size 18x32
                RenderInline {RB} at (0,0) size 17x32
                  RenderText {#text} at (0,0) size 17x32
                    text run at (0,0) width 32: "\x{96F2}\x{96C0}"
          RenderText {#text} at (1530,171) size 17x156
            text run at (1530,171) width 155: "\x{306E}\x{58F0}\x{304C}\x{3057}\x{51FA}\x{3057}\x{305F}\x{3002}\x{8C37}\x{3092}"
          RenderRuby (inline) {RUBY} at (0,0) size 17x33
            RenderRubyRun (anonymous) at (1530,326.44) size 18x32
              RenderRubyText {RT} at (-10,0) size 10x32
                RenderText {#text} at (0,3) size 10x27
                  text run at (0,3) width 26: "\x{307F}\x{304A}\x{308D}"
              RenderRubyBase (anonymous) at (0,0) size 18x32
                RenderInline {RB} at (0,0) size 17x32
                  RenderText {#text} at (0,0) size 17x32
                    text run at (0,0) width 32: "\x{898B}\x{4E0B}"
          RenderText {#text} at (1530,358) size 44x493
            text run at (1530,358) width 135: "\x{3057}\x{305F}\x{304C}\x{3001}\x{3069}\x{3053}\x{3067}\x{9CF4}\x{3044}"
            text run at (1557,0) width 445: "\x{3066}\x{308B}\x{304B}\x{5F71}\x{3082}\x{5F62}\x{3082}\x{898B}\x{3048}\x{306C}\x{3002}\x{305F}\x{3060}\x{58F0}\x{3060}\x{3051}\x{304C}\x{660E}\x{3089}\x{304B}\x{306B}\x{805E}\x{3048}\x{308B}\x{3002}\x{305B}\x{3063}\x{305B}\x{3068}"
          RenderRuby (inline) {RUBY} at (0,0) size 17x19
            RenderRubyRun (anonymous) at (1557,444.88) size 18x17.48
              RenderRubyText {RT} at (-10,0) size 10x17.48
                RenderText {#text} at (0,0) size 10x18
                  text run at (0,0) width 18: "\x{305B}\x{308F}"
              RenderRubyBase (anonymous) at (0,0) size 18x17.48
                RenderInline {RB} at (0,0) size 17x17
                  RenderText {#text} at (0,0) size 17x17
                    text run at (0,0) width 16: "\x{5FD9}"
          RenderText {#text} at (1557,462) size 44x478
            text run at (1557,462) width 15: "\x{3057}"
            text run at (1584,0) width 32: "\x{304F}\x{3001}"
          RenderRuby (inline) {RUBY} at (0,0) size 17x33
            RenderRubyRun (anonymous) at (1584,31.44) size 18x32
              RenderRubyText {RT} at (-10,0) size 10x32
                RenderText {#text} at (0,3) size 10x27
                  text run at (0,3) width 27: "\x{305F}\x{3048}\x{307E}"
              RenderRubyBase (anonymous) at (0,0) size 18x32
                RenderInline {RB} at (0,0) size 17x32
                  RenderText {#text} at (0,0) size 17x32
                    text run at (0,0) width 32: "\x{7D76}\x{9593}"
          RenderText {#text} at (1584,63) size 17x120
            text run at (1584,63) width 120: "\x{306A}\x{304F}\x{9CF4}\x{3044}\x{3066}\x{3044}\x{308B}\x{3002}"
          RenderRuby (inline) {RUBY} at (0,0) size 17x49
            RenderRubyRun (anonymous) at (1584,182.94) size 18x48
              RenderRubyText {RT} at (-10,0) size 10x48
                RenderText {#text} at (0,3) size 10x43
                  text run at (0,3) width 43: "\x{307B}\x{3046}\x{3044}\x{304F}\x{308A}"
              RenderRubyBase (anonymous) at (0,0) size 18x48
                RenderInline {RB} at (0,0) size 17x48
                  RenderText {#text} at (0,0) size 17x48
                    text run at (0,0) width 48: "\x{65B9}\x{5E7E}\x{91CC}"
          RenderText {#text} at (1584,230) size 17x109
            text run at (1584,230) width 108: "\x{306E}\x{7A7A}\x{6C17}\x{304C}\x{4E00}\x{9762}\x{306B}"
          RenderRuby (inline) {RUBY} at (0,0) size 17x18
            RenderRubyRun (anonymous) at (1584,338.69) size 18x16.42
              RenderRubyText {RT} at (-10,0) size 10x16.42
                RenderText {#text} at (0,0) size 10x17
                  text run at (0,0) width 17: "\x{306E}\x{307F}"
              RenderRubyBase (anonymous) at (0,0) size 18x16.42
                RenderInline {RB} at (0,0) size 17x17
                  RenderText {#text} at (0,0) size 17x17
                    text run at (0,0) width 16: "\x{86A4}"
          RenderText {#text} at (1584,355) size 44x492
            text run at (1584,355) width 137: "\x{306B}\x{523A}\x{3055}\x{308C}\x{3066}\x{3044}\x{305F}\x{305F}\x{307E}"
            text run at (1611,0) width 264: "\x{308C}\x{306A}\x{3044}\x{3088}\x{3046}\x{306A}\x{6C17}\x{304C}\x{3059}\x{308B}\x{3002}\x{3042}\x{306E}\x{9CE5}\x{306E}\x{9CF4}\x{304F}"
          RenderRuby (inline) {RUBY} at (0,0) size 17x16
            RenderRubyRun (anonymous) at (1611,264) size 18x16
              RenderRubyText {RT} at (-10,0) size 10x16
                RenderText {#text} at (0,4) size 10x9
                  text run at (0,4) width 9: "\x{306D}"
              RenderRubyBase (anonymous) at (0,0) size 18x16
                RenderInline {RB} at (0,0) size 17x16
                  RenderText {#text} at (0,0) size 17x16
                    text run at (0,0) width 16: "\x{97F3}"
          RenderText {#text} at (1611,280) size 80x503
            text run at (1611,280) width 214: "\x{306B}\x{306F}\x{77AC}\x{6642}\x{306E}\x{4F59}\x{88D5}\x{3082}\x{306A}\x{3044}\x{3002}\x{306E}\x{3069}\x{304B}"
            text run at (1629,0) width 503: "\x{306A}\x{6625}\x{306E}\x{65E5}\x{3092}\x{9CF4}\x{304D}\x{5C3D}\x{304F}\x{3057}\x{3001}\x{9CF4}\x{304D}\x{3042}\x{304B}\x{3057}\x{3001}\x{307E}\x{305F}\x{9CF4}\x{304D}\x{66AE}\x{3089}\x{3055}\x{306A}\x{3051}\x{308C}\x{3070}\x{6C17}\x{304C}\x{6E08}\x{307E}"
            text run at (1647,0) width 496: "\x{3093}\x{3068}\x{898B}\x{3048}\x{308B}\x{3002}\x{305D}\x{306E}\x{4E0A}\x{3069}\x{3053}\x{307E}\x{3067}\x{3082}\x{767B}\x{3063}\x{3066}\x{884C}\x{304F}\x{3001}\x{3044}\x{3064}\x{307E}\x{3067}\x{3082}\x{767B}\x{3063}\x{3066}\x{884C}\x{304F}\x{3002}\x{96F2}\x{96C0}"
            text run at (1674,0) width 320: "\x{306F}\x{304D}\x{3063}\x{3068}\x{96F2}\x{306E}\x{4E2D}\x{3067}\x{6B7B}\x{306C}\x{306B}\x{76F8}\x{9055}\x{306A}\x{3044}\x{3002}\x{767B}\x{308A}\x{8A70}\x{3081}\x{305F}"
          RenderRuby (inline) {RUBY} at (0,0) size 17x33
            RenderRubyRun (anonymous) at (1674,319.25) size 18x32
              RenderRubyText {RT} at (-10,0) size 10x32
                RenderText {#text} at (0,3) size 10x27
                  text run at (0,3) width 27: "\x{3042}\x{3052}\x{304F}"
              RenderRubyBase (anonymous) at (0,0) size 18x32
                RenderInline {RB} at (0,0) size 17x32
                  RenderText {#text} at (0,0) size 17x32
                    text run at (0,0) width 32: "\x{63DA}\x{53E5}"
          RenderText {#text} at (1674,351) size 17x108
            text run at (1674,351) width 108: "\x{306F}\x{3001}\x{6D41}\x{308C}\x{3066}\x{96F2}\x{306B}"
          RenderRuby (inline) {RUBY} at (0,0) size 17x17
            RenderRubyRun (anonymous) at (1674,458.38) size 18x16
              RenderRubyText {RT} at (-10,0) size 10x16
                RenderText {#text} at (0,4) size 10x8
                  text run at (0,4) width 8: "\x{3044}"
              RenderRubyBase (anonymous) at (0,0) size 18x16
                RenderInline {RB} at (0,0) size 17x16
                  RenderText {#text} at (0,0) size 17x16
                    text run at (0,0) width 16: "\x{5165}"
          RenderText {#text} at (1674,474) size 44x486
            text run at (1674,474) width 12: "\x{3063}"
            text run at (1701,0) width 30: "\x{3066}\x{3001}"
          RenderRuby (inline) {RUBY} at (0,0) size 17x20
            RenderRubyRun (anonymous) at (1701,25.81) size 18x26.30
              RenderRubyText {RT} at (-10,0) size 10x26.30
                RenderText {#text} at (0,0) size 10x27
                  text run at (0,0) width 27: "\x{305F}\x{3060}\x{3088}"
              RenderRubyBase (anonymous) at (0,0) size 18x26.30
                RenderInline {RB} at (0,0) size 17x17
                  RenderText {#text} at (0,5) size 17x17
                    text run at (0,5) width 16: "\x{6F02}"
          RenderText {#text} at (1701,48) size 17x394
            text run at (1701,48) width 394: "\x{3046}\x{3066}\x{3044}\x{308B}\x{3046}\x{3061}\x{306B}\x{5F62}\x{306F}\x{6D88}\x{3048}\x{3066}\x{306A}\x{304F}\x{306A}\x{3063}\x{3066}\x{3001}\x{305F}\x{3060}\x{58F0}\x{3060}\x{3051}\x{304C}\x{7A7A}\x{306E}"
          RenderRuby (inline) {RUBY} at (0,0) size 17x19
            RenderRubyRun (anonymous) at (1701,441.23) size 18x17.83
              RenderRubyText {RT} at (-10,0) size 10x17.83
                RenderText {#text} at (0,0) size 10x19
                  text run at (0,0) width 18: "\x{3046}\x{3061}"
              RenderRubyBase (anonymous) at (0,0) size 18x17.83
                RenderInline {RB} at (0,0) size 17x17
                  RenderText {#text} at (0,0) size 17x17
                    text run at (0,0) width 16: "\x{88E1}"
          RenderText {#text} at (1701,459) size 35x490
            text run at (1701,459) width 31: "\x{306B}\x{6B8B}"
            text run at (1719,0) width 139: "\x{308B}\x{306E}\x{304B}\x{3082}\x{77E5}\x{308C}\x{306A}\x{3044}\x{3002}"
          RenderBR {BR} at (1719,138) size 17x1
          RenderText {#text} at (1746,0) size 17x16
            text run at (1746,0) width 16: "\x{3000}"
          RenderRuby (inline) {RUBY} at (0,0) size 17x34
            RenderRubyRun (anonymous) at (1746,16) size 18x33.41
              RenderRubyText {RT} at (-10,0) size 10x33.41
                RenderText {#text} at (0,0) size 10x34
                  text run at (0,0) width 34: "\x{3044}\x{308F}\x{304B}\x{3069}"
              RenderRubyBase (anonymous) at (0,0) size 18x33.41
                RenderInline {RB} at (0,0) size 17x33
                  RenderText {#text} at (0,0) size 17x33
                    text run at (0,0) width 32: "\x{5DCC}\x{89D2}"
          RenderText {#text} at (1746,49) size 17x121
            text run at (1746,49) width 121: "\x{3092}\x{92ED}\x{3069}\x{304F}\x{5EFB}\x{3063}\x{3066}\x{3001}"
          RenderRuby (inline) {RUBY} at (0,0) size 17x33
            RenderRubyRun (anonymous) at (1746,169.53) size 18x32
              RenderRubyText {RT} at (-10,0) size 10x32
                RenderText {#text} at (0,3) size 10x27
                  text run at (0,3) width 27: "\x{3042}\x{3093}\x{307E}"
              RenderRubyBase (anonymous) at (0,0) size 18x32
                RenderInline {RB} at (0,0) size 17x32
                  RenderText {#text} at (0,0) size 17x32
                    text run at (0,0) width 32: "\x{6309}\x{6469}"
          RenderText {#text} at (1746,201) size 17x33
            text run at (1746,201) width 32: "\x{306A}\x{3089}"
          RenderRuby (inline) {RUBY} at (0,0) size 17x51
            RenderRubyRun (anonymous) at (1746,232.53) size 18x50.48
              RenderRubyText {RT} at (-10,0) size 10x50.48
                RenderText {#text} at (0,0) size 10x51
                  text run at (0,0) width 51: "\x{307E}\x{3063}\x{3055}\x{304B}\x{3055}\x{307E}"
              RenderRubyBase (anonymous) at (0,0) size 18x50.48
                RenderInline {RB} at (0,0) size 17x49
                  RenderText {#text} at (0,1) size 17x49
                    text run at (0,1) width 48: "\x{771F}\x{9006}\x{69D8}"
          RenderText {#text} at (1746,283) size 17x135
            text run at (1746,283) width 135: "\x{306B}\x{843D}\x{3064}\x{308B}\x{3068}\x{3053}\x{308D}\x{3092}\x{3001}"
          RenderRuby (inline) {RUBY} at (0,0) size 17x17
            RenderRubyRun (anonymous) at (1746,416.89) size 18x18
              RenderRubyText {RT} at (-10,0) size 10x18
                RenderText {#text} at (0,0) size 10x18
                  text run at (0,0) width 18: "\x{304D}\x{308F}"
              RenderRubyBase (anonymous) at (0,0) size 18x18
                RenderInline {RB} at (0,0) size 17x16
                  RenderText {#text} at (0,1) size 17x16
                    text run at (0,1) width 16: "\x{969B}"
          RenderText {#text} at (1746,433) size 44x492
            text run at (1746,433) width 58: "\x{3069}\x{304F}\x{53F3}\x{3078}"
            text run at (1773,0) width 92: "\x{5207}\x{308C}\x{3066}\x{3001}\x{6A2A}\x{306B}"
          RenderRuby (inline) {RUBY} at (0,0) size 17x33
            RenderRubyRun (anonymous) at (1773,91.94) size 18x32
              RenderRubyText {RT} at (-10,0) size 10x32
                RenderText {#text} at (0,3) size 10x27
                  text run at (0,3) width 26: "\x{307F}\x{304A}\x{308D}"
              RenderRubyBase (anonymous) at (0,0) size 18x32
                RenderInline {RB} at (0,0) size 17x32
                  RenderText {#text} at (0,0) size 17x32
                    text run at (0,0) width 32: "\x{898B}\x{4E0B}"
          RenderText {#text} at (1773,123) size 17x48
            text run at (1773,123) width 47: "\x{3059}\x{3068}\x{3001}"
          RenderRuby (inline) {RUBY} at (0,0) size 17x17
            RenderRubyRun (anonymous) at (1773,170.88) size 18x16
              RenderRubyText {RT} at (-10,0) size 10x16
                RenderText {#text} at (0,3) size 10x10
                  text run at (0,3) width 9: "\x{306A}"
              RenderRubyBase (anonymous) at (0,0) size 18x16
                RenderInline {RB} at (0,0) size 17x16
                  RenderText {#text} at (0,0) size 17x16
                    text run at (0,0) width 16: "\x{83DC}"
          RenderText {#text} at (1773,186) size 44x494
            text run at (1773,186) width 307: "\x{306E}\x{82B1}\x{304C}\x{4E00}\x{9762}\x{306B}\x{898B}\x{3048}\x{308B}\x{3002}\x{96F2}\x{96C0}\x{306F}\x{3042}\x{3059}\x{3053}\x{3078}\x{843D}\x{3061}\x{308B}"
            text run at (1800,0) width 191: "\x{306E}\x{304B}\x{3068}\x{601D}\x{3063}\x{305F}\x{3002}\x{3044}\x{3044}\x{3084}\x{3001}\x{3042}\x{306E}"
          RenderRuby (inline) {RUBY} at (0,0) size 17x33
            RenderRubyRun (anonymous) at (1800,190.88) size 18x32
              RenderRubyText {RT} at (-10,0) size 10x32
                RenderText {#text} at (0,3) size 10x26
                  text run at (0,3) width 26: "\x{3053}\x{304C}\x{306D}"
              RenderRubyBase (anonymous) at (0,0) size 18x32
                RenderInline {RB} at (0,0) size 17x32
                  RenderText {#text} at (0,0) size 17x32
                    text run at (0,0) width 32: "\x{9EC4}\x{91D1}"
          RenderText {#text} at (1800,222) size 44x476
            text run at (1800,222) width 253: "\x{306E}\x{539F}\x{304B}\x{3089}\x{98DB}\x{3073}\x{4E0A}\x{304C}\x{3063}\x{3066}\x{304F}\x{308B}\x{306E}\x{304B}\x{3068}\x{601D}\x{3063}"
            text run at (1827,0) width 188: "\x{305F}\x{3002}\x{6B21}\x{306B}\x{306F}\x{843D}\x{3061}\x{308B}\x{96F2}\x{96C0}\x{3068}\x{3001}"
          RenderRuby (inline) {RUBY} at (0,0) size 17x19
            RenderRubyRun (anonymous) at (1827,187.63) size 18x17.55
              RenderRubyText {RT} at (-10,0) size 10x17.55
                RenderText {#text} at (0,0) size 10x18
                  text run at (0,0) width 18: "\x{3042}\x{304C}"
              RenderRubyBase (anonymous) at (0,0) size 18x17.55
                RenderInline {RB} at (0,0) size 17x17
                  RenderText {#text} at (0,0) size 17x17
                    text run at (0,0) width 16: "\x{4E0A}"
          RenderText {#text} at (1827,205) size 17x17
            text run at (1827,205) width 16: "\x{308B}"
          RenderRuby (inline) {RUBY} at (0,0) size 17x33
            RenderRubyRun (anonymous) at (1827,221.17) size 18x32
              RenderRubyText {RT} at (-10,0) size 10x32
                RenderText {#text} at (0,3) size 10x27
                  text run at (0,3) width 26: "\x{3072}\x{3070}\x{308A}"
              RenderRubyBase (anonymous) at (0,0) size 18x32
                RenderInline {RB} at (0,0) size 17x32
                  RenderText {#text} at (0,0) size 17x32
                    text run at (0,0) width 32: "\x{96F2}\x{96C0}"
          RenderText {#text} at (1827,253) size 44x498
            text run at (1827,253) width 245: "\x{304C}\x{5341}\x{6587}\x{5B57}\x{306B}\x{3059}\x{308C}\x{9055}\x{3046}\x{306E}\x{304B}\x{3068}\x{601D}\x{3063}\x{305F}\x{3002}"
            text run at (1854,0) width 332: "\x{6700}\x{5F8C}\x{306B}\x{3001}\x{843D}\x{3061}\x{308B}\x{6642}\x{3082}\x{3001}\x{4E0A}\x{308B}\x{6642}\x{3082}\x{3001}\x{307E}\x{305F}\x{5341}\x{6587}\x{5B57}\x{306B}"
          RenderRuby (inline) {RUBY} at (0,0) size 17x17
            RenderRubyRun (anonymous) at (1854,331.31) size 18x16
              RenderRubyText {RT} at (-10,0) size 10x16
                RenderText {#text} at (0,3) size 10x10
                  text run at (0,3) width 9: "\x{3059}"
              RenderRubyBase (anonymous) at (0,0) size 18x16
                RenderInline {RB} at (0,0) size 17x16
                  RenderText {#text} at (0,0) size 17x16
                    text run at (0,0) width 16: "\x{64E6}"
          RenderText {#text} at (1854,347) size 35x504
            text run at (1854,347) width 157: "\x{308C}\x{9055}\x{3046}\x{3068}\x{304D}\x{306B}\x{3082}\x{5143}\x{6C17}\x{3088}"
            text run at (1872,0) width 227: "\x{304F}\x{9CF4}\x{304D}\x{3064}\x{3065}\x{3051}\x{308B}\x{3060}\x{308D}\x{3046}\x{3068}\x{601D}\x{3063}\x{305F}\x{3002}"
          RenderBR {BR} at (1872,226) size 17x1
          RenderText {#text} at (1899,0) size 17x190
            text run at (1899,0) width 190: "\x{3000}\x{6625}\x{306F}\x{7720}\x{304F}\x{306A}\x{308B}\x{3002}\x{732B}\x{306F}\x{9F20}\x{3092}"
          RenderRuby (inline) {RUBY} at (0,0) size 17x17
            RenderRubyRun (anonymous) at (1899,189.81) size 18x16
              RenderRubyText {RT} at (-10,0) size 10x16
                RenderText {#text} at (0,4) size 10x9
                  text run at (0,4) width 9: "\x{3068}"
              RenderRubyBase (anonymous) at (0,0) size 18x16
                RenderInline {RB} at (0,0) size 17x16
                  RenderText {#text} at (0,0) size 17x16
                    text run at (0,0) width 16: "\x{6355}"
          RenderText {#text} at (1899,205) size 44x492
            text run at (1899,205) width 286: "\x{308B}\x{4E8B}\x{3092}\x{5FD8}\x{308C}\x{3001}\x{4EBA}\x{9593}\x{306F}\x{501F}\x{91D1}\x{306E}\x{3042}\x{308B}\x{4E8B}\x{3092}\x{5FD8}\x{308C}"
            text run at (1926,0) width 124: "\x{308B}\x{3002}\x{6642}\x{306B}\x{306F}\x{81EA}\x{5206}\x{306E}"
          RenderRuby (inline) {RUBY} at (0,0) size 17x27
            RenderRubyRun (anonymous) at (1926,119.75) size 18x33.33
              RenderRubyText {RT} at (-10,0) size 10x33.33
                RenderText {#text} at (0,0) size 10x34
                  text run at (0,0) width 34: "\x{305F}\x{307E}\x{3057}\x{3044}"
              RenderRubyBase (anonymous) at (0,0) size 18x33.33
                RenderInline {RB} at (0,0) size 17x17
                  RenderText {#text} at (0,8) size 17x17
                    text run at (0,8) width 16: "\x{9B42}"
          RenderText {#text} at (1926,149) size 17x15
            text run at (1926,149) width 15: "\x{306E}"
          RenderRuby (inline) {RUBY} at (0,0) size 17x33
            RenderRubyRun (anonymous) at (1926,163.52) size 18x32.48
              RenderRubyText {RT} at (-10,0) size 10x32.48
                RenderText {#text} at (0,0) size 10x33
                  text run at (0,0) width 33: "\x{3044}\x{3069}\x{3053}\x{308D}"
              RenderRubyBase (anonymous) at (0,0) size 18x32.48
                RenderInline {RB} at (0,0) size 17x33
                  RenderText {#text} at (0,0) size 17x33
                    text run at (0,0) width 32: "\x{5C45}\x{6240}"
          RenderText {#text} at (1926,196) size 44x495
            text run at (1926,196) width 299: "\x{3055}\x{3048}\x{5FD8}\x{308C}\x{3066}\x{6B63}\x{4F53}\x{306A}\x{304F}\x{306A}\x{308B}\x{3002}\x{305F}\x{3060}\x{83DC}\x{306E}\x{82B1}\x{3092}\x{9060}"
            text run at (1953,0) width 139: "\x{304F}\x{671B}\x{3093}\x{3060}\x{3068}\x{304D}\x{306B}\x{773C}\x{304C}"
          RenderRuby (inline) {RUBY} at (0,0) size 17x17
            RenderRubyRun (anonymous) at (1953,138.44) size 18x16
              RenderRubyText {RT} at (-10,0) size 10x16
                RenderText {#text} at (0,3) size 10x10
                  text run at (0,3) width 9: "\x{3055}"
              RenderRubyBase (anonymous) at (0,0) size 18x16
                RenderInline {RB} at (0,0) size 17x16
                  RenderText {#text} at (0,0) size 17x16
                    text run at (0,0) width 16: "\x{9192}"
          RenderText {#text} at (1953,154) size 17x308
            text run at (1953,154) width 308: "\x{3081}\x{308B}\x{3002}\x{96F2}\x{96C0}\x{306E}\x{58F0}\x{3092}\x{805E}\x{3044}\x{305F}\x{3068}\x{304D}\x{306B}\x{9B42}\x{306E}\x{3042}\x{308A}\x{304B}\x{304C}"
          RenderRuby (inline) {RUBY} at (0,0) size 17x34
            RenderRubyRun (anonymous) at (1953,461) size 18x34.50
              RenderRubyText {RT} at (-10,0) size 10x34.50
                RenderText {#text} at (0,0) size 10x35
                  text run at (0,0) width 35: "\x{306F}\x{3093}\x{305C}\x{3093}"
              RenderRubyBase (anonymous) at (0,0) size 18x34.50
                RenderInline {RB} at (0,0) size 17x33
                  RenderText {#text} at (0,1) size 17x33
                    text run at (0,1) width 32: "\x{5224}\x{7136}"
          RenderText {#text} at (1971,0) size 53x495
            text run at (1971,0) width 494: "\x{3059}\x{308B}\x{3002}\x{96F2}\x{96C0}\x{306E}\x{9CF4}\x{304F}\x{306E}\x{306F}\x{53E3}\x{3067}\x{9CF4}\x{304F}\x{306E}\x{3067}\x{306F}\x{306A}\x{3044}\x{3001}\x{9B42}\x{5168}\x{4F53}\x{304C}\x{9CF4}\x{304F}\x{306E}\x{3060}\x{3002}\x{9B42}\x{306E}\x{6D3B}"
            text run at (1989,0) width 495: "\x{52D5}\x{304C}\x{58F0}\x{306B}\x{3042}\x{3089}\x{308F}\x{308C}\x{305F}\x{3082}\x{306E}\x{306E}\x{3046}\x{3061}\x{3067}\x{3001}\x{3042}\x{308C}\x{307B}\x{3069}\x{5143}\x{6C17}\x{306E}\x{3042}\x{308B}\x{3082}\x{306E}\x{306F}\x{306A}\x{3044}\x{3002}\x{3042}"
            text run at (2007,0) width 383: "\x{3042}\x{6109}\x{5FEB}\x{3060}\x{3002}\x{3053}\x{3046}\x{601D}\x{3063}\x{3066}\x{3001}\x{3053}\x{3046}\x{6109}\x{5FEB}\x{306B}\x{306A}\x{308B}\x{306E}\x{304C}\x{8A69}\x{3067}\x{3042}\x{308B}\x{3002}"
          RenderBR {BR} at (2007,382) size 17x1
          RenderText {#text} at (2025,0) size 44x500
            text run at (2025,0) width 500: "\x{3000}\x{305F}\x{3061}\x{307E}\x{3061}\x{30B7}\x{30A7}\x{30EC}\x{30FC}\x{306E}\x{96F2}\x{96C0}\x{306E}\x{8A69}\x{3092}\x{601D}\x{3044}\x{51FA}\x{3057}\x{3066}\x{3001}\x{53E3}\x{306E}\x{3046}\x{3061}\x{3067}\x{899A}\x{3048}\x{305F}\x{3068}\x{3053}\x{308D}\x{3060}"
            text run at (2052,0) width 15: "\x{3051}"
          RenderRuby (inline) {RUBY} at (0,0) size 17x35
            RenderRubyRun (anonymous) at (2052,10.56) size 18x41.91
              RenderRubyText {RT} at (-10,0) size 10x41.91
                RenderText {#text} at (0,0) size 10x43
                  text run at (0,0) width 42: "\x{3042}\x{3093}\x{3057}\x{3087}\x{3046}"
              RenderRubyBase (anonymous) at (0,0) size 18x41.91
                RenderInline {RB} at (0,0) size 17x33
                  RenderText {#text} at (0,4) size 17x33
                    text run at (0,4) width 32: "\x{6697}\x{8AA6}"
          RenderText {#text} at (2052,48) size 35x503
            text run at (2052,48) width 455: "\x{3057}\x{3066}\x{898B}\x{305F}\x{304C}\x{3001}\x{899A}\x{3048}\x{3066}\x{3044}\x{308B}\x{3068}\x{3053}\x{308D}\x{306F}\x{4E8C}\x{4E09}\x{53E5}\x{3057}\x{304B}\x{306A}\x{304B}\x{3063}\x{305F}\x{3002}\x{305D}\x{306E}\x{4E8C}\x{4E09}\x{53E5}"
            text run at (2070,0) width 182: "\x{306E}\x{306A}\x{304B}\x{306B}\x{3053}\x{3093}\x{306A}\x{306E}\x{304C}\x{3042}\x{308B}\x{3002}"
          RenderBR {BR} at (2070,182) size 17x0
        RenderBlock {DIV} at (2088,32) size 90x472
          RenderText {#text} at (0,0) size 17x192
            text run at (0,0) width 192: "\x{3000}\x{3000}We look before and after"
          RenderBR {BR} at (0,191) size 17x1
          RenderText {#text} at (18,0) size 17x225
            text run at (18,0) width 225: "\x{3000}\x{3000}\x{3000}\x{3000}And pine for what is not:"
          RenderBR {BR} at (18,224) size 17x1
          RenderText {#text} at (36,0) size 17x174
            text run at (36,0) width 174: "\x{3000}\x{3000}Our sincerest laughter"
          RenderBR {BR} at (36,173) size 17x1
          RenderText {#text} at (54,0) size 17x235
            text run at (54,0) width 235: "\x{3000}\x{3000}\x{3000}\x{3000}With some pain is fraught;"
          RenderBR {BR} at (54,234) size 17x1
          RenderText {#text} at (72,0) size 17x363
            text run at (72,0) width 363: "Our sweetest songs are those that tell of saddest thought."
          RenderBR {BR} at (72,362) size 17x1
        RenderBlock (anonymous) at (2178,0) size 1531x504
          RenderText {#text} at (10,0) size 17x108
            text run at (10,0) width 108: "\x{300C}\x{524D}\x{3092}\x{307F}\x{3066}\x{306F}\x{3001}"
          RenderRuby (inline) {RUBY} at (0,0) size 17x18
            RenderRubyRun (anonymous) at (10,107.75) size 18x17.13
              RenderRubyText {RT} at (-10,0) size 10x17.13
                RenderText {#text} at (0,0) size 10x18
                  text run at (0,0) width 18: "\x{3057}\x{308A}"
              RenderRubyBase (anonymous) at (0,0) size 18x17.13
                RenderInline {RB} at (0,0) size 17x17
                  RenderText {#text} at (0,0) size 17x17
                    text run at (0,0) width 16: "\x{5F8C}"
          RenderText {#text} at (10,124) size 17x94
            text run at (10,124) width 93: "\x{3048}\x{3092}\x{898B}\x{3066}\x{306F}\x{3001}"
          RenderRuby (inline) {RUBY} at (0,0) size 17x33
            RenderRubyRun (anonymous) at (10,217.25) size 18x32
              RenderRubyText {RT} at (-10,0) size 10x32
                RenderText {#text} at (0,3) size 10x26
                  text run at (0,3) width 26: "\x{3082}\x{306E}\x{307B}"
              RenderRubyBase (anonymous) at (0,0) size 18x32
                RenderInline {RB} at (0,0) size 17x32
                  RenderText {#text} at (0,0) size 17x32
                    text run at (0,0) width 32: "\x{7269}\x{6B32}"
          RenderText {#text} at (10,249) size 44x498
            text run at (10,249) width 249: "\x{3057}\x{3068}\x{3001}\x{3042}\x{3053}\x{304C}\x{308B}\x{308B}\x{304B}\x{306A}\x{308F}\x{308C}\x{3002}\x{8179}\x{304B}\x{3089}"
            text run at (37,0) width 407: "\x{306E}\x{3001}\x{7B11}\x{3068}\x{3044}\x{3048}\x{3069}\x{3001}\x{82E6}\x{3057}\x{307F}\x{306E}\x{3001}\x{305D}\x{3053}\x{306B}\x{3042}\x{308B}\x{3079}\x{3057}\x{3002}\x{3046}\x{3064}\x{304F}\x{3057}\x{304D}\x{3001}"
          RenderRuby (inline) {RUBY} at (0,0) size 17x17
            RenderRubyRun (anonymous) at (37,405.31) size 18x18
              RenderRubyText {RT} at (-10,0) size 10x18
                RenderText {#text} at (0,0) size 10x18
                  text run at (0,0) width 18: "\x{304D}\x{308F}"
              RenderRubyBase (anonymous) at (0,0) size 18x18
                RenderInline {RB} at (0,0) size 17x16
                  RenderText {#text} at (0,1) size 17x16
                    text run at (0,1) width 16: "\x{6975}"
          RenderText {#text} at (37,422) size 44x498
            text run at (37,422) width 76: "\x{307F}\x{306E}\x{6B4C}\x{306B}\x{3001}"
            text run at (64,0) width 123: "\x{60B2}\x{3057}\x{3055}\x{306E}\x{3001}\x{6975}\x{307F}\x{306E}"
          RenderRuby (inline) {RUBY} at (0,0) size 17x18
            RenderRubyRun (anonymous) at (64,118.38) size 18x25.22
              RenderRubyText {RT} at (-10,0) size 10x25.22
                RenderText {#text} at (0,0) size 10x26
                  text run at (0,0) width 26: "\x{304A}\x{3082}\x{3044}"
              RenderRubyBase (anonymous) at (0,0) size 18x25.22
                RenderInline {RB} at (0,0) size 17x17
                  RenderText {#text} at (0,4) size 17x17
                    text run at (0,4) width 16: "\x{60F3}"
          RenderText {#text} at (64,139) size 17x17
            text run at (64,139) width 16: "\x{3001}"
          RenderRuby (inline) {RUBY} at (0,0) size 17x18
            RenderRubyRun (anonymous) at (64,155.59) size 18x16.81
              RenderRubyText {RT} at (-10,0) size 10x16.81
                RenderText {#text} at (0,0) size 10x18
                  text run at (0,0) width 17: "\x{3053}\x{3082}"
              RenderRubyBase (anonymous) at (0,0) size 18x16.81
                RenderInline {RB} at (0,0) size 17x17
                  RenderText {#text} at (0,0) size 17x17
                    text run at (0,0) width 16: "\x{7C60}"
          RenderText {#text} at (64,172) size 17x96
            text run at (64,172) width 95: "\x{308B}\x{3068}\x{305E}\x{77E5}\x{308C}\x{300D}"
          RenderBR {BR} at (64,267) size 17x1
          RenderText {#text} at (82,0) size 44x489
            text run at (82,0) width 489: "\x{3000}\x{306A}\x{308B}\x{307B}\x{3069}\x{3044}\x{304F}\x{3089}\x{8A69}\x{4EBA}\x{304C}\x{5E78}\x{798F}\x{3067}\x{3082}\x{3001}\x{3042}\x{306E}\x{96F2}\x{96C0}\x{306E}\x{3088}\x{3046}\x{306B}\x{601D}\x{3044}\x{5207}\x{3063}\x{3066}\x{3001}\x{4E00}\x{5FC3}"
            text run at (109,0) width 298: "\x{4E0D}\x{4E71}\x{306B}\x{3001}\x{524D}\x{5F8C}\x{3092}\x{5FD8}\x{5374}\x{3057}\x{3066}\x{3001}\x{308F}\x{304C}\x{559C}\x{3073}\x{3092}\x{6B4C}\x{3046}"
          RenderRuby (inline) {RUBY} at (0,0) size 17x19
            RenderRubyRun (anonymous) at (109,297.88) size 18x17.20
              RenderRubyText {RT} at (-10,0) size 10x17.20
                RenderText {#text} at (0,0) size 10x18
                  text run at (0,0) width 18: "\x{308F}\x{3051}"
              RenderRubyBase (anonymous) at (0,0) size 18x17.20
                RenderInline {RB} at (0,0) size 17x17
                  RenderText {#text} at (0,0) size 17x17
                    text run at (0,0) width 16: "\x{8A33}"
          RenderText {#text} at (109,315) size 44x499
            text run at (109,315) width 184: "\x{306B}\x{306F}\x{884C}\x{304F}\x{307E}\x{3044}\x{3002}\x{897F}\x{6D0B}\x{306E}\x{8A69}\x{306F}"
            text run at (136,0) width 218: "\x{7121}\x{8AD6}\x{306E}\x{4E8B}\x{3001}\x{652F}\x{90A3}\x{306E}\x{8A69}\x{306B}\x{3082}\x{3001}\x{3088}\x{304F}"
          RenderRuby (inline) {RUBY} at (0,0) size 17x35
            RenderRubyRun (anonymous) at (136,217.81) size 18x33.86
              RenderRubyText {RT} at (-10,0) size 10x33.86
                RenderText {#text} at (0,0) size 10x35
                  text run at (0,0) width 34: "\x{3070}\x{3093}\x{3053}\x{304F}"
              RenderRubyBase (anonymous) at (0,0) size 18x33.86
                RenderInline {RB} at (0,0) size 17x33
                  RenderText {#text} at (0,0) size 17x33
                    text run at (0,0) width 32: "\x{4E07}\x{659B}"
          RenderText {#text} at (136,251) size 17x16
            text run at (136,251) width 15: "\x{306E}"
          RenderRuby (inline) {RUBY} at (0,0) size 17x18
            RenderRubyRun (anonymous) at (136,262.11) size 18x25.39
              RenderRubyText {RT} at (-10,0) size 10x25.39
                RenderText {#text} at (0,0) size 10x26
                  text run at (0,0) width 26: "\x{3046}\x{308C}\x{3044}"
              RenderRubyBase (anonymous) at (0,0) size 18x25.39
                RenderInline {RB} at (0,0) size 17x17
                  RenderText {#text} at (0,4) size 17x17
                    text run at (0,4) width 16: "\x{6101}"
          RenderText {#text} at (136,283) size 44x504
            text run at (136,283) width 221: "\x{306A}\x{3069}\x{3068}\x{4E91}\x{3046}\x{5B57}\x{304C}\x{3042}\x{308B}\x{3002}\x{8A69}\x{4EBA}\x{3060}\x{304B}"
            text run at (163,0) width 63: "\x{3089}\x{4E07}\x{659B}\x{3067}"
          RenderRuby (inline) {RUBY} at (0,0) size 17x34
            RenderRubyRun (anonymous) at (163,61.44) size 18x34.36
              RenderRubyText {RT} at (-10,0) size 10x34.36
                RenderText {#text} at (0,0) size 10x35
                  text run at (0,0) width 35: "\x{3057}\x{308D}\x{3046}\x{3068}"
              RenderRubyBase (anonymous) at (0,0) size 18x34.36
                RenderInline {RB} at (0,0) size 17x33
                  RenderText {#text} at (0,1) size 17x33
                    text run at (0,1) width 32: "\x{7D20}\x{4EBA}"
          RenderText {#text} at (163,95) size 17x49
            text run at (163,95) width 48: "\x{306A}\x{3089}\x{4E00}"
          RenderRuby (inline) {RUBY} at (0,0) size 17x19
            RenderRubyRun (anonymous) at (163,143.80) size 18x17.66
              RenderRubyText {RT} at (-10,0) size 10x17.66
                RenderText {#text} at (0,0) size 10x18
                  text run at (0,0) width 18: "\x{3054}\x{3046}"
              RenderRubyBase (anonymous) at (0,0) size 18x17.66
                RenderInline {RB} at (0,0) size 17x17
                  RenderText {#text} at (0,0) size 17x17
                    text run at (0,0) width 16: "\x{5408}"
          RenderText {#text} at (163,161) size 44x502
            text run at (163,161) width 341: "\x{3067}\x{6E08}\x{3080}\x{304B}\x{3082}\x{77E5}\x{308C}\x{306C}\x{3002}\x{3057}\x{3066}\x{898B}\x{308B}\x{3068}\x{8A69}\x{4EBA}\x{306F}\x{5E38}\x{306E}\x{4EBA}\x{3088}\x{308A}"
            text run at (190,0) width 95: "\x{3082}\x{82E6}\x{52B4}\x{6027}\x{3067}\x{3001}"
          RenderRuby (inline) {RUBY} at (0,0) size 17x33
            RenderRubyRun (anonymous) at (190,94.44) size 18x32
              RenderRubyText {RT} at (-10,0) size 10x32
                RenderText {#text} at (0,0) size 10x32
                  text run at (0,0) width 32: "\x{307C}\x{3093}\x{3053}\x{3064}"
              RenderRubyBase (anonymous) at (0,0) size 18x32
                RenderInline {RB} at (0,0) size 17x32
                  RenderText {#text} at (0,0) size 17x32
                    text run at (0,0) width 32: "\x{51E1}\x{9AA8}"
          RenderText {#text} at (190,126) size 44x501
            text run at (190,126) width 375: "\x{306E}\x{500D}\x{4EE5}\x{4E0A}\x{306B}\x{795E}\x{7D4C}\x{304C}\x{92ED}\x{654F}\x{306A}\x{306E}\x{304B}\x{3082}\x{77E5}\x{308C}\x{3093}\x{3002}\x{8D85}\x{4FD7}\x{306E}\x{559C}\x{3073}\x{3082}"
            text run at (217,0) width 125: "\x{3042}\x{308D}\x{3046}\x{304C}\x{3001}\x{7121}\x{91CF}\x{306E}"
          RenderRuby (inline) {RUBY} at (0,0) size 17x26
            RenderRubyRun (anonymous) at (217,121) size 18x33.97
              RenderRubyText {RT} at (-10,0) size 10x33.97
                RenderText {#text} at (0,0) size 10x35
                  text run at (0,0) width 34: "\x{304B}\x{306A}\x{3057}\x{307F}"
              RenderRubyBase (anonymous) at (0,0) size 18x33.97
                RenderInline {RB} at (0,0) size 17x17
                  RenderText {#text} at (0,8) size 17x17
                    text run at (0,8) width 16: "\x{60B2}"
          RenderText {#text} at (217,150) size 35x480
            text run at (217,150) width 329: "\x{3082}\x{591A}\x{304B}\x{308D}\x{3046}\x{3002}\x{305D}\x{3093}\x{306A}\x{3089}\x{3070}\x{8A69}\x{4EBA}\x{306B}\x{306A}\x{308B}\x{306E}\x{3082}\x{8003}\x{3048}\x{7269}"
            text run at (235,0) width 32: "\x{3060}\x{3002}"
          RenderBR {BR} at (235,31) size 17x1
          RenderText {#text} at (262,0) size 17x125
            text run at (262,0) width 125: "\x{3000}\x{3057}\x{3070}\x{3089}\x{304F}\x{306F}\x{8DEF}\x{304C}"
          RenderRuby (inline) {RUBY} at (0,0) size 17x18
            RenderRubyRun (anonymous) at (262,120.38) size 18x25.22
              RenderRubyText {RT} at (-10,0) size 10x25.22
                RenderText {#text} at (0,0) size 10x26
                  text run at (0,0) width 26: "\x{305F}\x{3044}\x{3089}"
              RenderRubyBase (anonymous) at (0,0) size 18x25.22
                RenderInline {RB} at (0,0) size 17x17
                  RenderText {#text} at (0,4) size 17x17
                    text run at (0,4) width 16: "\x{5E73}"
          RenderText {#text} at (262,141) size 17x63
            text run at (262,141) width 62: "\x{3067}\x{3001}\x{53F3}\x{306F}"
          RenderRuby (inline) {RUBY} at (0,0) size 17x49
            RenderRubyRun (anonymous) at (262,203.22) size 18x48
              RenderRubyText {RT} at (-10,0) size 10x48
                RenderText {#text} at (0,2) size 10x45
                  text run at (0,2) width 45: "\x{305E}\x{3046}\x{304D}\x{3084}\x{307E}"
              RenderRubyBase (anonymous) at (0,0) size 18x48
                RenderInline {RB} at (0,0) size 17x48
                  RenderText {#text} at (0,0) size 17x48
                    text run at (0,0) width 48: "\x{96D1}\x{6728}\x{5C71}"
          RenderText {#text} at (262,251) size 44x496
            text run at (262,251) width 245: "\x{3001}\x{5DE6}\x{306F}\x{83DC}\x{306E}\x{82B1}\x{306E}\x{898B}\x{3064}\x{3065}\x{3051}\x{3067}\x{3042}\x{308B}\x{3002}\x{8DB3}"
            text run at (289,0) width 77: "\x{306E}\x{4E0B}\x{306B}\x{6642}\x{3005}"
          RenderRuby (inline) {RUBY} at (0,0) size 17x49
            RenderRubyRun (anonymous) at (289,76.56) size 18x48
              RenderRubyText {RT} at (-10,0) size 10x48
                RenderText {#text} at (0,7) size 10x35
                  text run at (0,7) width 35: "\x{305F}\x{3093}\x{307D}\x{307D}"
              RenderRubyBase (anonymous) at (0,0) size 18x48
                RenderInline {RB} at (0,0) size 17x48
                  RenderText {#text} at (0,0) size 17x48
                    text run at (0,0) width 48: "\x{84B2}\x{516C}\x{82F1}"
          RenderText {#text} at (289,124) size 17x107
            text run at (289,124) width 106: "\x{3092}\x{8E0F}\x{307F}\x{3064}\x{3051}\x{308B}\x{3002}"
          RenderRuby (inline) {RUBY} at (0,0) size 17x27
            RenderRubyRun (anonymous) at (289,226.44) size 18x33.75
              RenderRubyText {RT} at (-10,0) size 10x33.75
                RenderText {#text} at (0,0) size 10x35
                  text run at (0,0) width 34: "\x{306E}\x{3053}\x{304E}\x{308A}"
              RenderRubyBase (anonymous) at (0,0) size 18x33.75
                RenderInline {RB} at (0,0) size 17x17
                  RenderText {#text} at (0,8) size 17x17
                    text run at (0,8) width 16: "\x{92F8}"
          RenderText {#text} at (289,256) size 44x498
            text run at (289,256) width 242: "\x{306E}\x{3088}\x{3046}\x{306A}\x{8449}\x{304C}\x{9060}\x{616E}\x{306A}\x{304F}\x{56DB}\x{65B9}\x{3078}\x{306E}\x{3057}\x{3066}"
            text run at (316,0) width 95: "\x{771F}\x{4E2D}\x{306B}\x{9EC4}\x{8272}\x{306A}"
          RenderRuby (inline) {RUBY} at (0,0) size 17x18
            RenderRubyRun (anonymous) at (316,94.13) size 18x17.66
              RenderRubyText {RT} at (-10,0) size 10x17.66
                RenderText {#text} at (0,0) size 10x18
                  text run at (0,0) width 18: "\x{305F}\x{307E}"
              RenderRubyBase (anonymous) at (0,0) size 18x17.66
                RenderInline {RB} at (0,0) size 17x17
                  RenderText {#text} at (0,0) size 17x17
                    text run at (0,0) width 16: "\x{73E0}"
          RenderText {#text} at (316,111) size 62x494
            text run at (316,111) width 381: "\x{3092}\x{64C1}\x{8B77}\x{3057}\x{3066}\x{3044}\x{308B}\x{3002}\x{83DC}\x{306E}\x{82B1}\x{306B}\x{6C17}\x{3092}\x{3068}\x{3089}\x{308C}\x{3066}\x{3001}\x{8E0F}\x{307F}\x{3064}\x{3051}\x{305F}\x{3042}"
            text run at (334,0) width 494: "\x{3068}\x{3067}\x{3001}\x{6C17}\x{306E}\x{6BD2}\x{306A}\x{4E8B}\x{3092}\x{3057}\x{305F}\x{3068}\x{3001}\x{632F}\x{308A}\x{5411}\x{3044}\x{3066}\x{898B}\x{308B}\x{3068}\x{3001}\x{9EC4}\x{8272}\x{306A}\x{73E0}\x{306F}\x{4F9D}\x{7136}\x{3068}\x{3057}\x{3066}"
            text run at (361,0) width 76: "\x{92F8}\x{306E}\x{306A}\x{304B}\x{306B}"
          RenderRuby (inline) {RUBY} at (0,0) size 17x33
            RenderRubyRun (anonymous) at (361,75.44) size 18x32
              RenderRubyText {RT} at (-10,0) size 10x32
                RenderText {#text} at (0,3) size 10x27
                  text run at (0,3) width 27: "\x{3061}\x{3093}\x{3056}"
              RenderRubyBase (anonymous) at (0,0) size 18x32
                RenderInline {RB} at (0,0) size 17x32
                  RenderText {#text} at (0,0) size 17x32
                    text run at (0,0) width 32: "\x{93AE}\x{5EA7}"
          RenderText {#text} at (361,107) size 17x75
            text run at (361,107) width 74: "\x{3057}\x{3066}\x{3044}\x{308B}\x{3002}"
          RenderRuby (inline) {RUBY} at (0,0) size 17x33
            RenderRubyRun (anonymous) at (361,181.13) size 18x32
              RenderRubyText {RT} at (-10,0) size 10x32
                RenderText {#text} at (0,3) size 10x27
                  text run at (0,3) width 26: "\x{306E}\x{3093}\x{304D}"
              RenderRubyBase (anonymous) at (0,0) size 18x32
                RenderInline {RB} at (0,0) size 17x32
                  RenderText {#text} at (0,0) size 17x32
                    text run at (0,0) width 32: "\x{5451}\x{6C17}"
          RenderText {#text} at (361,213) size 17x231
            text run at (361,213) width 231: "\x{306A}\x{3082}\x{306E}\x{3060}\x{3002}\x{307E}\x{305F}\x{8003}\x{3048}\x{3092}\x{3064}\x{3065}\x{3051}\x{308B}\x{3002}"
          RenderBR {BR} at (361,443) size 17x1
          RenderText {#text} at (388,0) size 17x63
            text run at (388,0) width 63: "\x{3000}\x{8A69}\x{4EBA}\x{306B}"
          RenderRuby (inline) {RUBY} at (0,0) size 17x18
            RenderRubyRun (anonymous) at (388,58.13) size 18x25.39
              RenderRubyText {RT} at (-10,0) size 10x25.39
                RenderText {#text} at (0,0) size 10x26
                  text run at (0,0) width 26: "\x{3046}\x{308C}\x{3044}"
              RenderRubyBase (anonymous) at (0,0) size 18x25.39
                RenderInline {RB} at (0,0) size 17x17
                  RenderText {#text} at (0,4) size 17x17
                    text run at (0,4) width 16: "\x{6182}"
          RenderText {#text} at (388,79) size 17x229
            text run at (388,79) width 228: "\x{306F}\x{3064}\x{304D}\x{3082}\x{306E}\x{304B}\x{3082}\x{77E5}\x{308C}\x{306A}\x{3044}\x{304C}\x{3001}\x{3042}\x{306E}"
          RenderRuby (inline) {RUBY} at (0,0) size 17x33
            RenderRubyRun (anonymous) at (388,307.33) size 18x32
              RenderRubyText {RT} at (-10,0) size 10x32
                RenderText {#text} at (0,3) size 10x27
                  text run at (0,3) width 26: "\x{3072}\x{3070}\x{308A}"
              RenderRubyBase (anonymous) at (0,0) size 18x32
                RenderInline {RB} at (0,0) size 17x32
                  RenderText {#text} at (0,0) size 17x32
                    text run at (0,0) width 32: "\x{96F2}\x{96C0}"
          RenderText {#text} at (388,339) size 17x142
            text run at (388,339) width 142: "\x{3092}\x{805E}\x{304F}\x{5FC3}\x{6301}\x{306B}\x{306A}\x{308C}\x{3070}"
          RenderRuby (inline) {RUBY} at (0,0) size 17x32
            RenderRubyRun (anonymous) at (415,0) size 18x32
              RenderRubyText {RT} at (-10,0) size 10x32
                RenderText {#text} at (0,3) size 10x26
                  text run at (0,3) width 26: "\x{307F}\x{3058}\x{3093}"
              RenderRubyBase (anonymous) at (0,0) size 18x32
                RenderInline {RB} at (0,0) size 17x32
                  RenderText {#text} at (0,0) size 17x32
                    text run at (0,0) width 32: "\x{5FAE}\x{5875}"
          RenderText {#text} at (415,32) size 17x15
            text run at (415,32) width 15: "\x{306E}"
          RenderRuby (inline) {RUBY} at (0,0) size 17x17
            RenderRubyRun (anonymous) at (415,46.44) size 18x16
              RenderRubyText {RT} at (-10,0) size 10x16
                RenderText {#text} at (0,4) size 10x9
                  text run at (0,4) width 9: "\x{304F}"
              RenderRubyBase (anonymous) at (0,0) size 18x16
                RenderInline {RB} at (0,0) size 17x16
                  RenderText {#text} at (0,0) size 17x16
                    text run at (0,0) width 16: "\x{82E6}"
          RenderText {#text} at (415,62) size 17x325
            text run at (415,62) width 324: "\x{3082}\x{306A}\x{3044}\x{3002}\x{83DC}\x{306E}\x{82B1}\x{3092}\x{898B}\x{3066}\x{3082}\x{3001}\x{305F}\x{3060}\x{3046}\x{308C}\x{3057}\x{304F}\x{3066}\x{80F8}\x{304C}"
          RenderRuby (inline) {RUBY} at (0,0) size 17x18
            RenderRubyRun (anonymous) at (415,386.38) size 18x17.48
              RenderRubyText {RT} at (-10,0) size 10x17.48
                RenderText {#text} at (0,0) size 10x18
                  text run at (0,0) width 18: "\x{304A}\x{3069}"
              RenderRubyBase (anonymous) at (0,0) size 18x17.48
                RenderInline {RB} at (0,0) size 17x17
                  RenderText {#text} at (0,0) size 17x17
                    text run at (0,0) width 16: "\x{8E8D}"
          RenderText {#text} at (415,403) size 62x502
            text run at (415,403) width 95: "\x{308B}\x{3070}\x{304B}\x{308A}\x{3060}\x{3002}"
            text run at (433,0) width 502: "\x{84B2}\x{516C}\x{82F1}\x{3082}\x{305D}\x{306E}\x{901A}\x{308A}\x{3001}\x{685C}\x{3082}\x{2015}\x{2015}\x{685C}\x{306F}\x{3044}\x{3064}\x{304B}\x{898B}\x{3048}\x{306A}\x{304F}\x{306A}\x{3063}\x{305F}\x{3002}\x{3053}\x{3046}\x{5C71}\x{306E}\x{4E2D}\x{3078}\x{6765}"
            text run at (460,0) width 61: "\x{3066}\x{81EA}\x{7136}\x{306E}"
          RenderRuby (inline) {RUBY} at (0,0) size 17x33
            RenderRubyRun (anonymous) at (460,60.25) size 18x32
              RenderRubyText {RT} at (-10,0) size 10x32
                RenderText {#text} at (0,1) size 10x31
                  text run at (0,1) width 31: "\x{3051}\x{3044}\x{3076}\x{3064}"
              RenderRubyBase (anonymous) at (0,0) size 18x32
                RenderInline {RB} at (0,0) size 17x32
                  RenderText {#text} at (0,0) size 17x32
                    text run at (0,0) width 32: "\x{666F}\x{7269}"
          RenderText {#text} at (460,92) size 44x494
            text run at (460,92) width 402: "\x{306B}\x{63A5}\x{3059}\x{308C}\x{3070}\x{3001}\x{898B}\x{308B}\x{3082}\x{306E}\x{3082}\x{805E}\x{304F}\x{3082}\x{306E}\x{3082}\x{9762}\x{767D}\x{3044}\x{3002}\x{9762}\x{767D}\x{3044}\x{3060}\x{3051}\x{3067}"
            text run at (487,0) width 297: "\x{5225}\x{6BB5}\x{306E}\x{82E6}\x{3057}\x{307F}\x{3082}\x{8D77}\x{3089}\x{306C}\x{3002}\x{8D77}\x{308B}\x{3068}\x{3059}\x{308C}\x{3070}\x{8DB3}\x{304C}"
          RenderRuby (inline) {RUBY} at (0,0) size 17x33
            RenderRubyRun (anonymous) at (487,296.94) size 18x32
              RenderRubyText {RT} at (-10,0) size 10x32
                RenderText {#text} at (0,3) size 10x27
                  text run at (0,3) width 27: "\x{304F}\x{305F}\x{3073}"
              RenderRubyBase (anonymous) at (0,0) size 18x32
                RenderInline {RB} at (0,0) size 17x32
                  RenderText {#text} at (0,0) size 17x32
                    text run at (0,0) width 32: "\x{8349}\x{81E5}"
          RenderText {#text} at (487,328) size 17x47
            text run at (487,328) width 46: "\x{308C}\x{3066}\x{3001}"
          RenderRuby (inline) {RUBY} at (0,0) size 17x19
            RenderRubyRun (anonymous) at (487,374.75) size 18x17.83
              RenderRubyText {RT} at (-10,0) size 10x17.83
                RenderText {#text} at (0,0) size 10x19
                  text run at (0,0) width 18: "\x{3046}\x{307E}"
              RenderRubyBase (anonymous) at (0,0) size 18x17.83
                RenderInline {RB} at (0,0) size 17x17
                  RenderText {#text} at (0,0) size 17x17
                    text run at (0,0) width 16: "\x{65E8}"
          RenderText {#text} at (487,392) size 35x496
            text run at (487,392) width 104: "\x{3044}\x{3082}\x{306E}\x{304C}\x{98DF}\x{3079}\x{3089}"
            text run at (505,0) width 170: "\x{308C}\x{306C}\x{304F}\x{3089}\x{3044}\x{306E}\x{4E8B}\x{3060}\x{308D}\x{3046}\x{3002}"
          RenderBR {BR} at (505,169) size 17x1
          RenderText {#text} at (532,0) size 17x398
            text run at (532,0) width 398: "\x{3000}\x{3057}\x{304B}\x{3057}\x{82E6}\x{3057}\x{307F}\x{306E}\x{306A}\x{3044}\x{306E}\x{306F}\x{306A}\x{305C}\x{3060}\x{308D}\x{3046}\x{3002}\x{305F}\x{3060}\x{3053}\x{306E}\x{666F}\x{8272}\x{3092}\x{4E00}"
          RenderRuby (inline) {RUBY} at (0,0) size 17x19
            RenderRubyRun (anonymous) at (532,397.81) size 18x17.34
              RenderRubyText {RT} at (-10,0) size 10x17.34
                RenderText {#text} at (0,0) size 10x18
                  text run at (0,0) width 18: "\x{3077}\x{304F}"
              RenderRubyBase (anonymous) at (0,0) size 18x17.34
                RenderInline {RB} at (0,0) size 17x17
                  RenderText {#text} at (0,0) size 17x17
                    text run at (0,0) width 16: "\x{5E45}"
          RenderText {#text} at (532,415) size 17x15
            text run at (532,415) width 15: "\x{306E}"
          RenderRuby (inline) {RUBY} at (0,0) size 17x17
            RenderRubyRun (anonymous) at (532,429.59) size 18x16
              RenderRubyText {RT} at (-10,0) size 10x16
                RenderText {#text} at (0,4) size 10x9
                  text run at (0,4) width 9: "\x{3048}"
              RenderRubyBase (anonymous) at (0,0) size 18x16
                RenderInline {RB} at (0,0) size 17x16
                  RenderText {#text} at (0,0) size 17x16
                    text run at (0,0) width 16: "\x{753B}"
          RenderText {#text} at (532,445) size 17x45
            text run at (532,445) width 44: "\x{3068}\x{3057}\x{3066}"
          RenderRuby (inline) {RUBY} at (0,0) size 17x16
            RenderRubyRun (anonymous) at (559,0) size 18x16
              RenderRubyText {RT} at (-10,0) size 10x16
                RenderText {#text} at (0,4) size 10x9
                  text run at (0,4) width 9: "\x{307F}"
              RenderRubyBase (anonymous) at (0,0) size 18x16
                RenderInline {RB} at (0,0) size 17x16
                  RenderText {#text} at (0,0) size 17x16
                    text run at (0,0) width 16: "\x{89B3}"
          RenderText {#text} at (559,16) size 17x32
            text run at (559,16) width 32: "\x{3001}\x{4E00}"
          RenderRuby (inline) {RUBY} at (0,0) size 17x17
            RenderRubyRun (anonymous) at (559,48) size 18x16.84
              RenderRubyText {RT} at (-10,0) size 10x16.84
                RenderText {#text} at (0,0) size 10x18
                  text run at (0,0) width 17: "\x{304B}\x{3093}"
              RenderRubyBase (anonymous) at (0,0) size 18x16.84
                RenderInline {RB} at (0,0) size 17x17
                  RenderText {#text} at (0,0) size 17x17
                    text run at (0,0) width 16: "\x{5DFB}"
          RenderText {#text} at (559,64) size 17x200
            text run at (559,64) width 199: "\x{306E}\x{8A69}\x{3068}\x{3057}\x{3066}\x{8AAD}\x{3080}\x{304B}\x{3089}\x{3067}\x{3042}\x{308B}\x{3002}"
          RenderRuby (inline) {RUBY} at (0,0) size 17x17
            RenderRubyRun (anonymous) at (559,263.78) size 18x16
              RenderRubyText {RT} at (-10,0) size 10x16
                RenderText {#text} at (0,4) size 10x9
                  text run at (0,4) width 9: "\x{304C}"
              RenderRubyBase (anonymous) at (0,0) size 18x16
                RenderInline {RB} at (0,0) size 17x16
                  RenderText {#text} at (0,0) size 17x16
                    text run at (0,0) width 16: "\x{753B}"
          RenderText {#text} at (559,279) size 17x157
            text run at (559,279) width 156: "\x{3067}\x{3042}\x{308A}\x{8A69}\x{3067}\x{3042}\x{308B}\x{4EE5}\x{4E0A}\x{306F}"
          RenderRuby (inline) {RUBY} at (0,0) size 17x33
            RenderRubyRun (anonymous) at (559,435.53) size 18x32
              RenderRubyText {RT} at (-10,0) size 10x32
                RenderText {#text} at (0,3) size 10x26
                  text run at (0,3) width 26: "\x{3058}\x{3081}\x{3093}"
              RenderRubyBase (anonymous) at (0,0) size 18x32
                RenderInline {RB} at (0,0) size 17x32
                  RenderText {#text} at (0,0) size 17x32
                    text run at (0,0) width 32: "\x{5730}\x{9762}"
          RenderText {#text} at (559,467) size 44x500
            text run at (559,467) width 32: "\x{3092}\x{8CB0}"
            text run at (586,0) width 322: "\x{3063}\x{3066}\x{3001}\x{958B}\x{62D3}\x{3059}\x{308B}\x{6C17}\x{306B}\x{3082}\x{306A}\x{3089}\x{306D}\x{3070}\x{3001}\x{9244}\x{9053}\x{3092}\x{304B}\x{3051}\x{3066}"
          RenderRuby (inline) {RUBY} at (0,0) size 17x35
            RenderRubyRun (anonymous) at (586,320.94) size 18x34.53
              RenderRubyText {RT} at (-10,0) size 10x34.53
                RenderText {#text} at (0,0) size 10x35
                  text run at (0,0) width 35: "\x{3072}\x{3068}\x{3082}\x{3046}"
              RenderRubyBase (anonymous) at (0,0) size 18x34.53
                RenderInline {RB} at (0,0) size 17x33
                  RenderText {#text} at (0,1) size 17x33
                    text run at (0,1) width 32: "\x{4E00}\x{5132}"
          RenderText {#text} at (586,355) size 17x48
            text run at (586,355) width 47: "\x{3051}\x{3059}\x{308B}"
          RenderRuby (inline) {RUBY} at (0,0) size 17x34
            RenderRubyRun (anonymous) at (586,398.03) size 18x41.63
              RenderRubyText {RT} at (-10,0) size 10x41.63
                RenderText {#text} at (0,0) size 10x42
                  text run at (0,0) width 42: "\x{308A}\x{3087}\x{3046}\x{3051}\x{3093}"
              RenderRubyBase (anonymous) at (0,0) size 18x41.63
                RenderInline {RB} at (0,0) size 17x33
                  RenderText {#text} at (0,4) size 17x33
                    text run at (0,4) width 32: "\x{4E86}\x{898B}"
          RenderText {#text} at (586,435) size 44x484
            text run at (586,435) width 48: "\x{3082}\x{8D77}\x{3089}"
            text run at (613,0) width 201: "\x{306C}\x{3002}\x{305F}\x{3060}\x{3053}\x{306E}\x{666F}\x{8272}\x{304C}\x{2015}\x{2015}\x{8179}\x{306E}"
          RenderRuby (inline) {RUBY} at (0,0) size 17x17
            RenderRubyRun (anonymous) at (613,200.38) size 18x16
              RenderRubyText {RT} at (-10,0) size 10x16
                RenderText {#text} at (0,4) size 10x9
                  text run at (0,4) width 9: "\x{305F}"
              RenderRubyBase (anonymous) at (0,0) size 18x16
                RenderInline {RB} at (0,0) size 17x16
                  RenderText {#text} at (0,0) size 17x16
                    text run at (0,0) width 16: "\x{8DB3}"
          RenderText {#text} at (613,216) size 44x491
            text run at (613,216) width 275: "\x{3057}\x{306B}\x{3082}\x{306A}\x{3089}\x{306C}\x{3001}\x{6708}\x{7D66}\x{306E}\x{88DC}\x{3044}\x{306B}\x{3082}\x{306A}\x{3089}\x{306C}\x{3053}"
            text run at (640,0) width 477: "\x{306E}\x{666F}\x{8272}\x{304C}\x{666F}\x{8272}\x{3068}\x{3057}\x{3066}\x{306E}\x{307F}\x{3001}\x{4F59}\x{304C}\x{5FC3}\x{3092}\x{697D}\x{307E}\x{305B}\x{3064}\x{3064}\x{3042}\x{308B}\x{304B}\x{3089}\x{82E6}\x{52B4}\x{3082}\x{5FC3}\x{914D}\x{3082}"
          RenderRuby (inline) {RUBY} at (0,0) size 17x23
            RenderRubyRun (anonymous) at (640,472.25) size 18x26.41
              RenderRubyText {RT} at (-10,0) size 10x26.41
                RenderText {#text} at (0,0) size 10x27
                  text run at (0,0) width 27: "\x{3068}\x{3082}\x{306A}"
              RenderRubyBase (anonymous) at (0,0) size 18x26.41
                RenderInline {RB} at (0,0) size 17x17
                  RenderText {#text} at (0,5) size 17x17
                    text run at (0,5) width 16: "\x{4F34}"
          RenderText {#text} at (667,0) size 17x271
            text run at (667,0) width 271: "\x{308F}\x{306C}\x{306E}\x{3060}\x{308D}\x{3046}\x{3002}\x{81EA}\x{7136}\x{306E}\x{529B}\x{306F}\x{3053}\x{3053}\x{306B}\x{304A}\x{3044}\x{3066}"
          RenderRuby (inline) {RUBY} at (0,0) size 17x17
            RenderRubyRun (anonymous) at (667,270.69) size 18x16
              RenderRubyText {RT} at (-10,0) size 10x16
                RenderText {#text} at (0,0) size 10x16
                  text run at (0,0) width 16: "\x{305F}\x{3063}"
              RenderRubyBase (anonymous) at (0,0) size 18x16
                RenderInline {RB} at (0,0) size 17x16
                  RenderText {#text} at (0,0) size 17x16
                    text run at (0,0) width 16: "\x{5C0A}"
          RenderText {#text} at (667,286) size 17x186
            text run at (667,286) width 185: "\x{3068}\x{3044}\x{3002}\x{543E}\x{4EBA}\x{306E}\x{6027}\x{60C5}\x{3092}\x{77AC}\x{523B}\x{306B}"
          RenderRuby (inline) {RUBY} at (0,0) size 17x33
            RenderRubyRun (anonymous) at (667,471.31) size 18x32
              RenderRubyText {RT} at (-10,0) size 10x32
                RenderText {#text} at (0,3) size 10x27
                  text run at (0,3) width 26: "\x{3068}\x{3046}\x{3084}"
              RenderRubyBase (anonymous) at (0,0) size 18x32
                RenderInline {RB} at (0,0) size 17x32
                  RenderText {#text} at (0,0) size 17x32
                    text run at (0,0) width 32: "\x{9676}\x{51B6}"
          RenderText {#text} at (694,0) size 17x29
            text run at (694,0) width 29: "\x{3057}\x{3066}"
          RenderRuby (inline) {RUBY} at (0,0) size 17x33
            RenderRubyRun (anonymous) at (694,28.56) size 18x32.06
              RenderRubyText {RT} at (-10,0) size 10x32.06
                RenderText {#text} at (0,0) size 10x33
                  text run at (0,0) width 33: "\x{3058}\x{3085}\x{3093}\x{3053}"
              RenderRubyBase (anonymous) at (0,0) size 18x32.06
                RenderInline {RB} at (0,0) size 17x33
                  RenderText {#text} at (0,0) size 17x33
                    text run at (0,0) width 32: "\x{9187}\x{4E4E}"
          RenderText {#text} at (694,60) size 17x341
            text run at (694,60) width 341: "\x{3068}\x{3057}\x{3066}\x{9187}\x{306A}\x{308B}\x{8A69}\x{5883}\x{306B}\x{5165}\x{3089}\x{3057}\x{3080}\x{308B}\x{306E}\x{306F}\x{81EA}\x{7136}\x{3067}\x{3042}\x{308B}\x{3002}"
          RenderBR {BR} at (694,400) size 17x1
          RenderText {#text} at (712,0) size 44x494
            text run at (712,0) width 494: "\x{3000}\x{604B}\x{306F}\x{3046}\x{3064}\x{304F}\x{3057}\x{304B}\x{308D}\x{3001}\x{5B5D}\x{3082}\x{3046}\x{3064}\x{304F}\x{3057}\x{304B}\x{308D}\x{3001}\x{5FE0}\x{541B}\x{611B}\x{56FD}\x{3082}\x{7D50}\x{69CB}\x{3060}\x{308D}\x{3046}\x{3002}\x{3057}\x{304B}"
            text run at (739,0) width 92: "\x{3057}\x{81EA}\x{8EAB}\x{304C}\x{305D}\x{306E}"
          RenderRuby (inline) {RUBY} at (0,0) size 17x19
            RenderRubyRun (anonymous) at (739,87.44) size 18x24.83
              RenderRubyText {RT} at (-10,0) size 10x24.83
                RenderText {#text} at (0,0) size 10x26
                  text run at (0,0) width 25: "\x{304D}\x{3087}\x{304F}"
              RenderRubyBase (anonymous) at (0,0) size 18x24.83
                RenderInline {RB} at (0,0) size 17x17
                  RenderText {#text} at (0,4) size 17x17
                    text run at (0,4) width 16: "\x{5C40}"
          RenderText {#text} at (739,109) size 17x109
            text run at (739,109) width 109: "\x{306B}\x{5F53}\x{308C}\x{3070}\x{5229}\x{5BB3}\x{306E}"
          RenderRuby (inline) {RUBY} at (0,0) size 17x33
            RenderRubyRun (anonymous) at (739,217.64) size 18x32
              RenderRubyText {RT} at (-10,0) size 10x32
                RenderText {#text} at (0,4) size 10x25
                  text run at (0,4) width 25: "\x{3064}\x{3080}\x{3058}"
              RenderRubyBase (anonymous) at (0,0) size 18x32
                RenderInline {RB} at (0,0) size 17x32
                  RenderText {#text} at (0,0) size 17x32
                    text run at (0,0) width 32: "\x{65CB}\x{98A8}"
          RenderText {#text} at (739,249) size 17x15
            text run at (739,249) width 15: "\x{306B}"
          RenderRuby (inline) {RUBY} at (0,0) size 17x17
            RenderRubyRun (anonymous) at (739,263.77) size 18x16
              RenderRubyText {RT} at (-10,0) size 10x16
                RenderText {#text} at (0,4) size 10x9
                  text run at (0,4) width 9: "\x{307E}"
              RenderRubyBase (anonymous) at (0,0) size 18x16
                RenderInline {RB} at (0,0) size 17x16
                  RenderText {#text} at (0,0) size 17x16
                    text run at (0,0) width 16: "\x{6372}"
          RenderText {#text} at (739,279) size 44x479
            text run at (739,279) width 199: "\x{304D}\x{8FBC}\x{307E}\x{308C}\x{3066}\x{3001}\x{3046}\x{3064}\x{304F}\x{3057}\x{304D}\x{4E8B}\x{306B}"
            text run at (766,0) width 174: "\x{3082}\x{3001}\x{7D50}\x{69CB}\x{306A}\x{4E8B}\x{306B}\x{3082}\x{3001}\x{76EE}\x{306F}"
          RenderRuby (inline) {RUBY} at (0,0) size 17x18
            RenderRubyRun (anonymous) at (766,173.31) size 18x17.69
              RenderRubyText {RT} at (-10,0) size 10x17.69
                RenderText {#text} at (0,0) size 10x19
                  text run at (0,0) width 18: "\x{304F}\x{3089}"
              RenderRubyBase (anonymous) at (0,0) size 18x17.69
                RenderInline {RB} at (0,0) size 17x17
                  RenderText {#text} at (0,0) size 17x17
                    text run at (0,0) width 16: "\x{7729}"
          RenderText {#text} at (766,191) size 44x492
            text run at (766,191) width 301: "\x{3093}\x{3067}\x{3057}\x{307E}\x{3046}\x{3002}\x{3057}\x{305F}\x{304C}\x{3063}\x{3066}\x{3069}\x{3053}\x{306B}\x{8A69}\x{304C}\x{3042}\x{308B}\x{304B}\x{81EA}"
            text run at (793,0) width 46: "\x{8EAB}\x{306B}\x{306F}"
          RenderRuby (inline) {RUBY} at (0,0) size 17x17
            RenderRubyRun (anonymous) at (793,45.31) size 18x16
              RenderRubyText {RT} at (-10,0) size 10x16
                RenderText {#text} at (0,4) size 10x9
                  text run at (0,4) width 9: "\x{3052}"
              RenderRubyBase (anonymous) at (0,0) size 18x16
                RenderInline {RB} at (0,0) size 17x16
                  RenderText {#text} at (0,0) size 17x16
                    text run at (0,0) width 16: "\x{89E3}"
          RenderText {#text} at (793,61) size 17x78
            text run at (793,61) width 78: "\x{3057}\x{304B}\x{306D}\x{308B}\x{3002}"
          RenderBR {BR} at (793,138) size 17x1
          RenderText {#text} at (811,0) size 44x495
            text run at (811,0) width 495: "\x{3000}\x{3053}\x{308C}\x{304C}\x{308F}\x{304B}\x{308B}\x{305F}\x{3081}\x{306B}\x{306F}\x{3001}\x{308F}\x{304B}\x{308B}\x{3060}\x{3051}\x{306E}\x{4F59}\x{88D5}\x{306E}\x{3042}\x{308B}\x{7B2C}\x{4E09}\x{8005}\x{306E}\x{5730}\x{4F4D}\x{306B}\x{7ACB}\x{305F}"
            text run at (838,0) width 309: "\x{306D}\x{3070}\x{306A}\x{3089}\x{306C}\x{3002}\x{4E09}\x{8005}\x{306E}\x{5730}\x{4F4D}\x{306B}\x{7ACB}\x{3066}\x{3070}\x{3053}\x{305D}\x{829D}\x{5C45}\x{306F}"
          RenderRuby (inline) {RUBY} at (0,0) size 17x17
            RenderRubyRun (anonymous) at (838,308.63) size 18x16
              RenderRubyText {RT} at (-10,0) size 10x16
                RenderText {#text} at (0,4) size 10x9
                  text run at (0,4) width 9: "\x{307F}"
              RenderRubyBase (anonymous) at (0,0) size 18x16
                RenderInline {RB} at (0,0) size 17x16
                  RenderText {#text} at (0,0) size 17x16
                    text run at (0,0) width 16: "\x{89B3}"
          RenderText {#text} at (838,324) size 35x497
            text run at (838,324) width 169: "\x{3066}\x{9762}\x{767D}\x{3044}\x{3002}\x{5C0F}\x{8AAC}\x{3082}\x{898B}\x{3066}\x{9762}"
            text run at (856,0) width 497: "\x{767D}\x{3044}\x{3002}\x{829D}\x{5C45}\x{3092}\x{898B}\x{3066}\x{9762}\x{767D}\x{3044}\x{4EBA}\x{3082}\x{3001}\x{5C0F}\x{8AAC}\x{3092}\x{8AAD}\x{3093}\x{3067}\x{9762}\x{767D}\x{3044}\x{4EBA}\x{3082}\x{3001}\x{81EA}\x{5DF1}\x{306E}\x{5229}\x{5BB3}\x{306F}"
          RenderRuby (inline) {RUBY} at (0,0) size 17x18
            RenderRubyRun (anonymous) at (883,0) size 18x17.83
              RenderRubyText {RT} at (-10,0) size 10x17.83
                RenderText {#text} at (0,0) size 10x19
                  text run at (0,0) width 18: "\x{305F}\x{306A}"
              RenderRubyBase (anonymous) at (0,0) size 18x17.83
                RenderInline {RB} at (0,0) size 17x17
                  RenderText {#text} at (0,0) size 17x17
                    text run at (0,0) width 16: "\x{68DA}"
          RenderText {#text} at (883,17) size 17x400
            text run at (883,17) width 399: "\x{3078}\x{4E0A}\x{3052}\x{3066}\x{3044}\x{308B}\x{3002}\x{898B}\x{305F}\x{308A}\x{8AAD}\x{3093}\x{3060}\x{308A}\x{3059}\x{308B}\x{9593}\x{3060}\x{3051}\x{306F}\x{8A69}\x{4EBA}\x{3067}\x{3042}\x{308B}\x{3002}"
          RenderBR {BR} at (883,416) size 17x1
          RenderText {#text} at (910,0) size 17x298
            text run at (910,0) width 298: "\x{3000}\x{305D}\x{308C}\x{3059}\x{3089}\x{3001}\x{666E}\x{901A}\x{306E}\x{829D}\x{5C45}\x{3084}\x{5C0F}\x{8AAC}\x{3067}\x{306F}\x{4EBA}\x{60C5}\x{3092}"
          RenderRuby (inline) {RUBY} at (0,0) size 17x19
            RenderRubyRun (anonymous) at (910,297.88) size 18x17.30
              RenderRubyText {RT} at (-10,0) size 10x17.30
                RenderText {#text} at (0,0) size 10x18
                  text run at (0,0) width 18: "\x{307E}\x{306C}"
              RenderRubyBase (anonymous) at (0,0) size 18x17.30
                RenderInline {RB} at (0,0) size 17x17
                  RenderText {#text} at (0,0) size 17x17
                    text run at (0,0) width 16: "\x{514D}"
          RenderText {#text} at (910,315) size 62x503
            text run at (910,315) width 183: "\x{304B}\x{308C}\x{306C}\x{3002}\x{82E6}\x{3057}\x{3093}\x{3060}\x{308A}\x{3001}\x{6012}\x{3063}"
            text run at (928,0) width 503: "\x{305F}\x{308A}\x{3001}\x{9A12}\x{3044}\x{3060}\x{308A}\x{3001}\x{6CE3}\x{3044}\x{305F}\x{308A}\x{3059}\x{308B}\x{3002}\x{898B}\x{308B}\x{3082}\x{306E}\x{3082}\x{3044}\x{3064}\x{304B}\x{305D}\x{306E}\x{4E2D}\x{306B}\x{540C}\x{5316}\x{3057}\x{3066}\x{82E6}\x{3057}"
            text run at (955,0) width 323: "\x{3093}\x{3060}\x{308A}\x{3001}\x{6012}\x{3063}\x{305F}\x{308A}\x{3001}\x{9A12}\x{3044}\x{3060}\x{308A}\x{3001}\x{6CE3}\x{3044}\x{305F}\x{308A}\x{3059}\x{308B}\x{3002}"
          RenderRuby (inline) {RUBY} at (0,0) size 17x33
            RenderRubyRun (anonymous) at (955,322.31) size 18x32
              RenderRubyText {RT} at (-10,0) size 10x32
                RenderText {#text} at (0,3) size 10x27
                  text run at (0,3) width 26: "\x{3068}\x{308A}\x{3048}"
              RenderRubyBase (anonymous) at (0,0) size 18x32
                RenderInline {RB} at (0,0) size 17x32
                  RenderText {#text} at (0,0) size 17x32
                    text run at (0,0) width 32: "\x{53D6}\x{67C4}"
          RenderText {#text} at (955,354) size 17x63
            text run at (955,354) width 63: "\x{306F}\x{5229}\x{617E}\x{304C}"
          RenderRuby (inline) {RUBY} at (0,0) size 17x18
            RenderRubyRun (anonymous) at (955,416.69) size 18x17.13
              RenderRubyText {RT} at (-10,0) size 10x17.13
                RenderText {#text} at (0,0) size 10x18
                  text run at (0,0) width 18: "\x{307E}\x{3058}"
              RenderRubyBase (anonymous) at (0,0) size 18x17.13
                RenderInline {RB} at (0,0) size 17x17
                  RenderText {#text} at (0,0) size 17x17
                    text run at (0,0) width 16: "\x{4EA4}"
          RenderText {#text} at (955,433) size 44x496
            text run at (955,433) width 62: "\x{3089}\x{306C}\x{3068}\x{4E91}"
            text run at (982,0) width 47: "\x{3046}\x{70B9}\x{306B}"
          RenderRuby (inline) {RUBY} at (0,0) size 17x18
            RenderRubyRun (anonymous) at (982,46.13) size 18x16.95
              RenderRubyText {RT} at (-10,0) size 10x16.95
                RenderText {#text} at (0,0) size 10x18
                  text run at (0,0) width 17: "\x{305D}\x{3093}"
              RenderRubyBase (anonymous) at (0,0) size 18x16.95
                RenderInline {RB} at (0,0) size 17x17
                  RenderText {#text} at (0,0) size 17x17
                    text run at (0,0) width 16: "\x{5B58}"
          RenderText {#text} at (982,63) size 17x293
            text run at (982,63) width 293: "\x{3059}\x{308B}\x{304B}\x{3082}\x{77E5}\x{308C}\x{306C}\x{304C}\x{3001}\x{4EA4}\x{3089}\x{306C}\x{3060}\x{3051}\x{306B}\x{305D}\x{306E}\x{4ED6}\x{306E}"
          RenderRuby (inline) {RUBY} at (0,0) size 17x35
            RenderRubyRun (anonymous) at (982,352.58) size 18x39.88
              RenderRubyText {RT} at (-10,0) size 10x39.88
                RenderText {#text} at (0,0) size 10x41
                  text run at (0,0) width 40: "\x{3058}\x{3087}\x{3046}\x{3057}\x{3087}"
              RenderRubyBase (anonymous) at (0,0) size 18x39.88
                RenderInline {RB} at (0,0) size 17x33
                  RenderText {#text} at (0,3) size 17x33
                    text run at (0,3) width 32: "\x{60C5}\x{7DD2}"
          RenderText {#text} at (982,389) size 44x499
            text run at (982,389) width 110: "\x{306F}\x{5E38}\x{3088}\x{308A}\x{306F}\x{4F59}\x{8A08}"
            text run at (1009,0) width 188: "\x{306B}\x{6D3B}\x{52D5}\x{3059}\x{308B}\x{3060}\x{308D}\x{3046}\x{3002}\x{305D}\x{308C}\x{304C}"
          RenderRuby (inline) {RUBY} at (0,0) size 17x17
            RenderRubyRun (anonymous) at (1009,187.44) size 18x16
              RenderRubyText {RT} at (-10,0) size 10x16
                RenderText {#text} at (0,0) size 10x17
                  text run at (0,0) width 16: "\x{3044}\x{3084}"
              RenderRubyBase (anonymous) at (0,0) size 18x16
                RenderInline {RB} at (0,0) size 17x16
                  RenderText {#text} at (0,0) size 17x16
                    text run at (0,0) width 16: "\x{5ACC}"
          RenderText {#text} at (1009,203) size 17x33
            text run at (1009,203) width 32: "\x{3060}\x{3002}"
          RenderBR {BR} at (1009,235) size 17x1
          RenderText {#text} at (1027,0) size 44x504
            text run at (1027,0) width 504: "\x{3000}\x{82E6}\x{3057}\x{3093}\x{3060}\x{308A}\x{3001}\x{6012}\x{3063}\x{305F}\x{308A}\x{3001}\x{9A12}\x{3044}\x{3060}\x{308A}\x{3001}\x{6CE3}\x{3044}\x{305F}\x{308A}\x{306F}\x{4EBA}\x{306E}\x{4E16}\x{306B}\x{3064}\x{304D}\x{3082}\x{306E}\x{3060}\x{3002}\x{4F59}"
            text run at (1054,0) width 142: "\x{3082}\x{4E09}\x{5341}\x{5E74}\x{306E}\x{9593}\x{305D}\x{308C}\x{3092}"
          RenderRuby (inline) {RUBY} at (0,0) size 17x33
            RenderRubyRun (anonymous) at (1054,141.50) size 18x32
              RenderRubyText {RT} at (-10,0) size 10x32
                RenderText {#text} at (0,3) size 10x27
                  text run at (0,3) width 26: "\x{3057}\x{3068}\x{304A}"
              RenderRubyBase (anonymous) at (0,0) size 18x32
                RenderInline {RB} at (0,0) size 17x32
                  RenderText {#text} at (0,0) size 17x32
                    text run at (0,0) width 32: "\x{4ED5}\x{901A}"
          RenderText {#text} at (1054,173) size 17x46
            text run at (1054,173) width 45: "\x{3057}\x{3066}\x{3001}"
          RenderRuby (inline) {RUBY} at (0,0) size 17x33
            RenderRubyRun (anonymous) at (1054,216.06) size 18x36
              RenderRubyText {RT} at (-10,0) size 10x36
                RenderText {#text} at (0,0) size 10x36
                  text run at (0,0) width 36: "\x{3042}\x{304D}\x{3042}\x{304D}"
              RenderRubyBase (anonymous) at (0,0) size 18x36
                RenderInline {RB} at (0,0) size 17x32
                  RenderText {#text} at (0,2) size 17x32
                    text run at (0,2) width 32: "\x{98FD}\x{3005}"
          RenderText {#text} at (1054,250) size 17x47
            text run at (1054,250) width 47: "\x{3057}\x{305F}\x{3002}"
          RenderRuby (inline) {RUBY} at (0,0) size 17x17
            RenderRubyRun (anonymous) at (1054,296.50) size 18x16
              RenderRubyText {RT} at (-10,0) size 10x16
                RenderText {#text} at (0,3) size 10x10
                  text run at (0,3) width 9: "\x{3042}"
              RenderRubyBase (anonymous) at (0,0) size 18x16
                RenderInline {RB} at (0,0) size 17x16
                  RenderText {#text} at (0,0) size 17x16
                    text run at (0,0) width 16: "\x{98FD}"
          RenderText {#text} at (1054,312) size 62x500
            text run at (1054,312) width 188: "\x{304D}\x{98FD}\x{304D}\x{3057}\x{305F}\x{4E0A}\x{306B}\x{829D}\x{5C45}\x{3084}\x{5C0F}\x{8AAC}"
            text run at (1072,0) width 500: "\x{3067}\x{540C}\x{3058}\x{523A}\x{6FC0}\x{3092}\x{7E70}\x{308A}\x{8FD4}\x{3057}\x{3066}\x{306F}\x{5927}\x{5909}\x{3060}\x{3002}\x{4F59}\x{304C}\x{6B32}\x{3059}\x{308B}\x{8A69}\x{306F}\x{305D}\x{3093}\x{306A}\x{4E16}\x{9593}\x{7684}\x{306E}\x{4EBA}\x{60C5}"
            text run at (1099,0) width 16: "\x{3092}"
          RenderRuby (inline) {RUBY} at (0,0) size 17x32
            RenderRubyRun (anonymous) at (1099,16) size 18x32
              RenderRubyText {RT} at (-10,0) size 10x32
                RenderText {#text} at (0,8) size 10x17
                  text run at (0,8) width 17: "\x{3053}\x{3076}"
              RenderRubyBase (anonymous) at (0,0) size 18x32
                RenderInline {RB} at (0,0) size 17x32
                  RenderText {#text} at (0,0) size 17x32
                    text run at (0,0) width 32: "\x{9F13}\x{821E}"
          RenderText {#text} at (1099,48) size 17x402
            text run at (1099,48) width 402: "\x{3059}\x{308B}\x{3088}\x{3046}\x{306A}\x{3082}\x{306E}\x{3067}\x{306F}\x{306A}\x{3044}\x{3002}\x{4FD7}\x{5FF5}\x{3092}\x{653E}\x{68C4}\x{3057}\x{3066}\x{3001}\x{3057}\x{3070}\x{3089}\x{304F}\x{3067}\x{3082}"
          RenderRuby (inline) {RUBY} at (0,0) size 17x34
            RenderRubyRun (anonymous) at (1099,449.56) size 18x32.53
              RenderRubyText {RT} at (-10,0) size 10x32.53
                RenderText {#text} at (0,0) size 10x33
                  text run at (0,0) width 33: "\x{3058}\x{3093}\x{304B}\x{3044}"
              RenderRubyBase (anonymous) at (0,0) size 18x32.53
                RenderInline {RB} at (0,0) size 17x33
                  RenderText {#text} at (0,0) size 17x33
                    text run at (0,0) width 32: "\x{5875}\x{754C}"
          RenderText {#text} at (1099,482) size 98x502
            text run at (1099,482) width 16: "\x{3092}"
            text run at (1117,0) width 502: "\x{96E2}\x{308C}\x{305F}\x{5FC3}\x{6301}\x{3061}\x{306B}\x{306A}\x{308C}\x{308B}\x{8A69}\x{3067}\x{3042}\x{308B}\x{3002}\x{3044}\x{304F}\x{3089}\x{5091}\x{4F5C}\x{3067}\x{3082}\x{4EBA}\x{60C5}\x{3092}\x{96E2}\x{308C}\x{305F}\x{829D}\x{5C45}\x{306F}\x{306A}"
            text run at (1135,0) width 498: "\x{3044}\x{3001}\x{7406}\x{975E}\x{3092}\x{7D76}\x{3057}\x{305F}\x{5C0F}\x{8AAC}\x{306F}\x{5C11}\x{304B}\x{308D}\x{3046}\x{3002}\x{3069}\x{3053}\x{307E}\x{3067}\x{3082}\x{4E16}\x{9593}\x{3092}\x{51FA}\x{308B}\x{4E8B}\x{304C}\x{51FA}\x{6765}\x{306C}\x{306E}"
            text run at (1153,0) width 495: "\x{304C}\x{5F7C}\x{3089}\x{306E}\x{7279}\x{8272}\x{3067}\x{3042}\x{308B}\x{3002}\x{3053}\x{3068}\x{306B}\x{897F}\x{6D0B}\x{306E}\x{8A69}\x{306B}\x{306A}\x{308B}\x{3068}\x{3001}\x{4EBA}\x{4E8B}\x{304C}\x{6839}\x{672C}\x{306B}\x{306A}\x{308B}\x{304B}\x{3089}"
            text run at (1180,0) width 62: "\x{3044}\x{308F}\x{3086}\x{308B}"
          RenderRuby (inline) {RUBY} at (0,0) size 17x33
            RenderRubyRun (anonymous) at (1180,61.13) size 18x32
              RenderRubyText {RT} at (-10,0) size 10x32
                RenderText {#text} at (0,4) size 10x25
                  text run at (0,4) width 25: "\x{3057}\x{3044}\x{304B}"
              RenderRubyBase (anonymous) at (0,0) size 18x32
                RenderInline {RB} at (0,0) size 17x32
                  RenderText {#text} at (0,0) size 17x32
                    text run at (0,0) width 32: "\x{8A69}\x{6B4C}"
          RenderText {#text} at (1180,93) size 17x154
            text run at (1180,93) width 154: "\x{306E}\x{7D14}\x{7C8B}\x{306A}\x{308B}\x{3082}\x{306E}\x{3082}\x{3053}\x{306E}"
          RenderRuby (inline) {RUBY} at (0,0) size 17x18
            RenderRubyRun (anonymous) at (1180,242.31) size 18x25.14
              RenderRubyText {RT} at (-10,0) size 10x25.14
                RenderText {#text} at (0,0) size 10x26
                  text run at (0,0) width 26: "\x{304D}\x{3087}\x{3046}"
              RenderRubyBase (anonymous) at (0,0) size 18x25.14
                RenderInline {RB} at (0,0) size 17x17
                  RenderText {#text} at (0,4) size 17x17
                    text run at (0,4) width 16: "\x{5883}"
          RenderText {#text} at (1180,263) size 17x17
            text run at (1180,263) width 16: "\x{3092}"
          RenderRuby (inline) {RUBY} at (0,0) size 17x33
            RenderRubyRun (anonymous) at (1180,279.45) size 18x32
              RenderRubyText {RT} at (-10,0) size 10x32
                RenderText {#text} at (0,4) size 10x25
                  text run at (0,4) width 25: "\x{3052}\x{3060}\x{3064}"
              RenderRubyBase (anonymous) at (0,0) size 18x32
                RenderInline {RB} at (0,0) size 17x32
                  RenderText {#text} at (0,0) size 17x32
                    text run at (0,0) width 32: "\x{89E3}\x{8131}"
          RenderText {#text} at (1180,311) size 44x498
            text run at (1180,311) width 187: "\x{3059}\x{308B}\x{4E8B}\x{3092}\x{77E5}\x{3089}\x{306C}\x{3002}\x{3069}\x{3053}\x{307E}\x{3067}"
            text run at (1207,0) width 374: "\x{3082}\x{540C}\x{60C5}\x{3060}\x{3068}\x{304B}\x{3001}\x{611B}\x{3060}\x{3068}\x{304B}\x{3001}\x{6B63}\x{7FA9}\x{3060}\x{3068}\x{304B}\x{3001}\x{81EA}\x{7531}\x{3060}\x{3068}\x{304B}\x{3001}"
          RenderRuby (inline) {RUBY} at (0,0) size 17x32
            RenderRubyRun (anonymous) at (1207,374) size 18x32
              RenderRubyText {RT} at (-10,0) size 10x32
                RenderText {#text} at (0,3) size 10x27
                  text run at (0,3) width 27: "\x{3046}\x{304D}\x{3088}"
              RenderRubyBase (anonymous) at (0,0) size 18x32
                RenderInline {RB} at (0,0) size 17x32
                  RenderText {#text} at (0,0) size 17x32
                    text run at (0,0) width 32: "\x{6D6E}\x{4E16}"
          RenderText {#text} at (1207,406) size 17x15
            text run at (1207,406) width 15: "\x{306E}"
          RenderRuby (inline) {RUBY} at (0,0) size 17x49
            RenderRubyRun (anonymous) at (1207,420.44) size 18x48
              RenderRubyText {RT} at (-10,0) size 10x48
                RenderText {#text} at (0,3) size 10x43
                  text run at (0,3) width 43: "\x{304B}\x{3093}\x{3053}\x{3046}\x{3070}"
              RenderRubyBase (anonymous) at (0,0) size 18x48
                RenderInline {RB} at (0,0) size 17x48
                  RenderText {#text} at (0,0) size 17x48
                    text run at (0,0) width 48: "\x{52E7}\x{5DE5}\x{5834}"
          RenderText {#text} at (1207,468) size 44x499
            text run at (1207,468) width 31: "\x{306B}\x{3042}"
            text run at (1234,0) width 124: "\x{308B}\x{3082}\x{306E}\x{3060}\x{3051}\x{3067}\x{7528}\x{3092}"
          RenderRuby (inline) {RUBY} at (0,0) size 17x17
            RenderRubyRun (anonymous) at (1234,123.13) size 18x16
              RenderRubyText {RT} at (-10,0) size 10x16
                RenderText {#text} at (0,0) size 10x17
                  text run at (0,0) width 16: "\x{3079}\x{3093}"
              RenderRubyBase (anonymous) at (0,0) size 18x16
                RenderInline {RB} at (0,0) size 17x16
                  RenderText {#text} at (0,0) size 17x16
                    text run at (0,0) width 16: "\x{5F01}"
          RenderText {#text} at (1234,139) size 17x301
            text run at (1234,139) width 301: "\x{3058}\x{3066}\x{3044}\x{308B}\x{3002}\x{3044}\x{304F}\x{3089}\x{8A69}\x{7684}\x{306B}\x{306A}\x{3063}\x{3066}\x{3082}\x{5730}\x{9762}\x{306E}\x{4E0A}\x{3092}"
          RenderRuby (inline) {RUBY} at (0,0) size 17x17
            RenderRubyRun (anonymous) at (1234,439.25) size 18x16
              RenderRubyText {RT} at (-10,0) size 10x16
                RenderText {#text} at (0,4) size 10x9
                  text run at (0,4) width 9: "\x{304B}"
              RenderRubyBase (anonymous) at (0,0) size 18x16
                RenderInline {RB} at (0,0) size 17x16
                  RenderText {#text} at (0,0) size 17x16
                    text run at (0,0) width 16: "\x{99B3}"
          RenderText {#text} at (1234,455) size 44x500
            text run at (1234,455) width 45: "\x{3051}\x{3066}\x{3042}"
            text run at (1261,0) width 59: "\x{308B}\x{3044}\x{3066}\x{3001}"
          RenderRuby (inline) {RUBY} at (0,0) size 17x18
            RenderRubyRun (anonymous) at (1261,58.94) size 18x16.95
              RenderRubyText {RT} at (-10,0) size 10x16.95
                RenderText {#text} at (0,0) size 10x18
                  text run at (0,0) width 17: "\x{305C}\x{306B}"
              RenderRubyBase (anonymous) at (0,0) size 18x16.95
                RenderInline {RB} at (0,0) size 17x17
                  RenderText {#text} at (0,0) size 17x17
                    text run at (0,0) width 16: "\x{92AD}"
          RenderText {#text} at (1261,75) size 17x272
            text run at (1261,75) width 271: "\x{306E}\x{52D8}\x{5B9A}\x{3092}\x{5FD8}\x{308C}\x{308B}\x{3072}\x{307E}\x{304C}\x{306A}\x{3044}\x{3002}\x{30B7}\x{30A7}\x{30EC}\x{30FC}\x{304C}"
          RenderRuby (inline) {RUBY} at (0,0) size 17x33
            RenderRubyRun (anonymous) at (1261,346.20) size 18x32
              RenderRubyText {RT} at (-10,0) size 10x32
                RenderText {#text} at (0,3) size 10x27
                  text run at (0,3) width 26: "\x{3072}\x{3070}\x{308A}"
              RenderRubyBase (anonymous) at (0,0) size 18x32
                RenderInline {RB} at (0,0) size 17x32
                  RenderText {#text} at (0,0) size 17x32
                    text run at (0,0) width 32: "\x{96F2}\x{96C0}"
          RenderText {#text} at (1261,378) size 35x500
            text run at (1261,378) width 122: "\x{3092}\x{805E}\x{3044}\x{3066}\x{5606}\x{606F}\x{3057}\x{305F}"
            text run at (1279,0) width 123: "\x{306E}\x{3082}\x{7121}\x{7406}\x{306F}\x{306A}\x{3044}\x{3002}"
          RenderBR {BR} at (1279,122) size 17x1
          RenderText {#text} at (1306,0) size 17x153
            text run at (1306,0) width 153: "\x{3000}\x{3046}\x{308C}\x{3057}\x{3044}\x{4E8B}\x{306B}\x{6771}\x{6D0B}\x{306E}"
          RenderRuby (inline) {RUBY} at (0,0) size 17x33
            RenderRubyRun (anonymous) at (1306,152.44) size 18x32
              RenderRubyText {RT} at (-10,0) size 10x32
                RenderText {#text} at (0,4) size 10x25
                  text run at (0,4) width 25: "\x{3057}\x{3044}\x{304B}"
              RenderRubyBase (anonymous) at (0,0) size 18x32
                RenderInline {RB} at (0,0) size 17x32
                  RenderText {#text} at (0,0) size 17x32
                    text run at (0,0) width 32: "\x{8A69}\x{6B4C}"
          RenderText {#text} at (1306,184) size 17x61
            text run at (1306,184) width 61: "\x{306F}\x{305D}\x{3053}\x{3092}"
          RenderRuby (inline) {RUBY} at (0,0) size 17x33
            RenderRubyRun (anonymous) at (1306,244.56) size 18x32
              RenderRubyText {RT} at (-10,0) size 10x32
                RenderText {#text} at (0,4) size 10x25
                  text run at (0,4) width 25: "\x{3052}\x{3060}\x{3064}"
              RenderRubyBase (anonymous) at (0,0) size 18x32
                RenderInline {RB} at (0,0) size 17x32
                  RenderText {#text} at (0,0) size 17x32
                    text run at (0,0) width 32: "\x{89E3}\x{8131}"
          RenderText {#text} at (1306,276) size 17x109
            text run at (1306,276) width 109: "\x{3057}\x{305F}\x{306E}\x{304C}\x{3042}\x{308B}\x{3002}"
          RenderRuby (inline) {RUBY} at (0,0) size 17x41
            RenderRubyRun (anonymous) at (1306,380.63) size 18x44.09
              RenderRubyText {RT} at (-10,0) size 10x44.09
                RenderText {#text} at (0,0) size 10x45
                  text run at (0,0) width 45: "\x{304D}\x{304F}\x{3092}\x{3068}\x{308B}"
              RenderRubyBase (anonymous) at (0,0) size 18x44.09
                RenderInline {RB} at (0,0) size 17x33
                  RenderText {#text} at (0,6) size 17x33
                    text run at (0,6) width 32: "\x{63A1}\x{83CA}"
          RenderRuby (inline) {RUBY} at (0,0) size 17x52
            RenderRubyRun (anonymous) at (1306,424.72) size 18x51.75
              RenderRubyText {RT} at (-10,0) size 10x51.75
                RenderText {#text} at (0,0) size 10x53
                  text run at (0,0) width 52: "\x{3068}\x{3046}\x{308A}\x{306E}\x{3082}\x{3068}"
              RenderRubyBase (anonymous) at (0,0) size 18x51.75
                RenderInline {RB} at (0,0) size 17x49
                  RenderText {#text} at (0,1) size 17x49
                    text run at (0,1) width 48: "\x{6771}\x{7C6C}\x{4E0B}"
          RenderText {#text} at (1306,475) size 17x17
            text run at (1306,475) width 16: "\x{3001}"
          RenderRuby (inline) {RUBY} at (0,0) size 17x60
            RenderRubyRun (anonymous) at (1333,0) size 18x59.95
              RenderRubyText {RT} at (-10,0) size 10x59.95
                RenderText {#text} at (0,0) size 10x61
                  text run at (0,0) width 60: "\x{3086}\x{3046}\x{305C}\x{3093}\x{3068}\x{3057}\x{3066}"
              RenderRubyBase (anonymous) at (0,0) size 18x59.95
                RenderInline {RB} at (0,0) size 17x33
                  RenderText {#text} at (0,13) size 17x33
                    text run at (0,13) width 32: "\x{60A0}\x{7136}"
          RenderRuby (inline) {RUBY} at (0,0) size 17x59
            RenderRubyRun (anonymous) at (1333,59.95) size 18x61.25
              RenderRubyText {RT} at (-10,0) size 10x61.25
                RenderText {#text} at (0,0) size 10x62
                  text run at (0,0) width 62: "\x{306A}\x{3093}\x{3056}\x{3093}\x{3092}\x{307F}\x{308B}"
              RenderRubyBase (anonymous) at (0,0) size 18x61.25
                RenderInline {RB} at (0,0) size 17x49
                  RenderText {#text} at (0,6) size 17x49
                    text run at (0,6) width 48: "\x{898B}\x{5357}\x{5C71}"
          RenderText {#text} at (1333,117) size 17x125
            text run at (1333,117) width 125: "\x{3002}\x{305F}\x{3060}\x{305D}\x{308C}\x{304E}\x{308A}\x{306E}"
          RenderRuby (inline) {RUBY} at (0,0) size 17x19
            RenderRubyRun (anonymous) at (1333,241.77) size 18x17.83
              RenderRubyText {RT} at (-10,0) size 10x17.83
                RenderText {#text} at (0,0) size 10x19
                  text run at (0,0) width 18: "\x{3046}\x{3061}"
              RenderRubyBase (anonymous) at (0,0) size 18x17.83
                RenderInline {RB} at (0,0) size 17x17
                  RenderText {#text} at (0,0) size 17x17
                    text run at (0,0) width 16: "\x{88CF}"
          RenderText {#text} at (1333,259) size 44x490
            text run at (1333,259) width 231: "\x{306B}\x{6691}\x{82E6}\x{3057}\x{3044}\x{4E16}\x{306E}\x{4E2D}\x{3092}\x{307E}\x{308B}\x{3067}\x{5FD8}\x{308C}\x{305F}"
            text run at (1360,0) width 279: "\x{5149}\x{666F}\x{304C}\x{51FA}\x{3066}\x{304F}\x{308B}\x{3002}\x{57A3}\x{306E}\x{5411}\x{3046}\x{306B}\x{96A3}\x{308A}\x{306E}\x{5A18}\x{304C}"
          RenderRuby (inline) {RUBY} at (0,0) size 17x18
            RenderRubyRun (anonymous) at (1360,278.31) size 18x17.13
              RenderRubyText {RT} at (-10,0) size 10x17.13
                RenderText {#text} at (0,0) size 10x18
                  text run at (0,0) width 18: "\x{306E}\x{305E}"
              RenderRubyBase (anonymous) at (0,0) size 18x17.13
                RenderInline {RB} at (0,0) size 17x17
                  RenderText {#text} at (0,0) size 17x17
                    text run at (0,0) width 16: "\x{8997}"
          RenderText {#text} at (1360,295) size 17x169
            text run at (1360,295) width 168: "\x{3044}\x{3066}\x{308B}\x{8A33}\x{3067}\x{3082}\x{306A}\x{3051}\x{308C}\x{3070}\x{3001}"
          RenderRuby (inline) {RUBY} at (0,0) size 17x35
            RenderRubyRun (anonymous) at (1360,462.19) size 18x34.95
              RenderRubyText {RT} at (-10,0) size 10x34.95
                RenderText {#text} at (0,0) size 10x36
                  text run at (0,0) width 35: "\x{306A}\x{3093}\x{3056}\x{3093}"
              RenderRubyBase (anonymous) at (0,0) size 18x34.95
                RenderInline {RB} at (0,0) size 17x33
                  RenderText {#text} at (0,1) size 17x33
                    text run at (0,1) width 32: "\x{5357}\x{5C71}"
          RenderText {#text} at (1387,0) size 17x306
            text run at (1387,0) width 306: "\x{306B}\x{89AA}\x{53CB}\x{304C}\x{5949}\x{8077}\x{3057}\x{3066}\x{3044}\x{308B}\x{6B21}\x{7B2C}\x{3067}\x{3082}\x{306A}\x{3044}\x{3002}\x{8D85}\x{7136}\x{3068}"
          RenderRuby (inline) {RUBY} at (0,0) size 17x65
            RenderRubyRun (anonymous) at (1387,305.50) size 18x64.17
              RenderRubyText {RT} at (-10,0) size 10x64.17
                RenderText {#text} at (0,0) size 10x65
                  text run at (0,0) width 65: "\x{3057}\x{3085}\x{3063}\x{305B}\x{3051}\x{3093}\x{3066}\x{304D}"
              RenderRubyBase (anonymous) at (0,0) size 18x64.17
                RenderInline {RB} at (0,0) size 17x65
                  RenderText {#text} at (0,0) size 17x65
                    text run at (0,0) width 64: "\x{51FA}\x{4E16}\x{9593}\x{7684}"
          RenderText {#text} at (1387,369) size 44x495
            text run at (1387,369) width 125: "\x{306B}\x{5229}\x{5BB3}\x{640D}\x{5F97}\x{306E}\x{6C57}\x{3092}"
            text run at (1414,0) width 200: "\x{6D41}\x{3057}\x{53BB}\x{3063}\x{305F}\x{5FC3}\x{6301}\x{3061}\x{306B}\x{306A}\x{308C}\x{308B}\x{3002}"
          RenderRuby (inline) {RUBY} at (0,0) size 17x23
            RenderRubyRun (anonymous) at (1414,195.75) size 18x25.36
              RenderRubyText {RT} at (-10,0) size 10x25.36
                RenderText {#text} at (0,0) size 10x26
                  text run at (0,0) width 26: "\x{3072}\x{3068}\x{308A}"
              RenderRubyBase (anonymous) at (0,0) size 18x25.36
                RenderInline {RB} at (0,0) size 17x17
                  RenderText {#text} at (0,4) size 17x17
                    text run at (0,4) width 16: "\x{72EC}"
          RenderRuby (inline) {RUBY} at (0,0) size 17x83
            RenderRubyRun (anonymous) at (1414,221.11) size 18x86
              RenderRubyText {RT} at (-10,0) size 10x86
                RenderText {#text} at (0,0) size 10x86
                  text run at (0,0) width 86: "\x{3086}\x{3046}\x{3053}\x{3046}\x{306E}\x{3046}\x{3061}\x{306B}\x{3056}\x{3057}"
              RenderRubyBase (anonymous) at (0,0) size 18x86
                RenderInline {RB} at (0,0) size 17x64
                  RenderText {#text} at (0,11) size 17x64
                    text run at (0,11) width 64: "\x{5750}\x{5E7D}\x{7BC1}\x{88CF}"
          RenderText {#text} at (1414,303) size 17x17
            text run at (1414,303) width 16: "\x{3001}"
          RenderRuby (inline) {RUBY} at (0,0) size 17x56
            RenderRubyRun (anonymous) at (1414,315.11) size 18x59.84
              RenderRubyText {RT} at (-10,0) size 10x59.84
                RenderText {#text} at (0,0) size 10x61
                  text run at (0,0) width 60: "\x{304D}\x{3093}\x{3092}\x{3060}\x{3093}\x{3058}\x{3066}"
              RenderRubyBase (anonymous) at (0,0) size 18x59.84
                RenderInline {RB} at (0,0) size 17x33
                  RenderText {#text} at (0,13) size 17x33
                    text run at (0,13) width 32: "\x{5F3E}\x{7434}"
          RenderRuby (inline) {RUBY} at (0,0) size 17x73
            RenderRubyRun (anonymous) at (1414,374.95) size 18x76.05
              RenderRubyText {RT} at (-10,0) size 10x76.05
                RenderText {#text} at (0,0) size 10x77
                  text run at (0,0) width 77: "\x{307E}\x{305F}\x{3061}\x{3087}\x{3046}\x{3057}\x{3087}\x{3046}\x{3059}"
              RenderRubyBase (anonymous) at (0,0) size 18x76.05
                RenderInline {RB} at (0,0) size 17x49
                  RenderText {#text} at (0,14) size 17x49
                    text run at (0,14) width 48: "\x{5FA9}\x{9577}\x{562F}"
          RenderText {#text} at (1414,447) size 17x16
            text run at (1414,447) width 16: "\x{3001}"
          RenderRuby (inline) {RUBY} at (0,0) size 17x34
            RenderRubyRun (anonymous) at (1414,462) size 18x34.08
              RenderRubyText {RT} at (-10,0) size 10x34.08
                RenderText {#text} at (0,0) size 10x35
                  text run at (0,0) width 35: "\x{3057}\x{3093}\x{308A}\x{3093}"
              RenderRubyBase (anonymous) at (0,0) size 18x34.08
                RenderInline {RB} at (0,0) size 17x33
                  RenderText {#text} at (0,1) size 17x33
                    text run at (0,1) width 32: "\x{6DF1}\x{6797}"
          RenderRuby (inline) {RUBY} at (0,0) size 17x48
            RenderRubyRun (anonymous) at (1441,0) size 18x48
              RenderRubyText {RT} at (-10,0) size 10x48
                RenderText {#text} at (0,3) size 10x43
                  text run at (0,3) width 43: "\x{3072}\x{3068}\x{3057}\x{3089}\x{305A}"
              RenderRubyBase (anonymous) at (0,0) size 18x48
                RenderInline {RB} at (0,0) size 17x48
                  RenderText {#text} at (0,0) size 17x48
                    text run at (0,0) width 48: "\x{4EBA}\x{4E0D}\x{77E5}"
          RenderText {#text} at (1441,48) size 17x16
            text run at (1441,48) width 16: "\x{3001}"
          RenderRuby (inline) {RUBY} at (0,0) size 17x63
            RenderRubyRun (anonymous) at (1441,60) size 18x66.23
              RenderRubyText {RT} at (-10,0) size 10x66.23
                RenderText {#text} at (0,0) size 10x67
                  text run at (0,0) width 67: "\x{3081}\x{3044}\x{3052}\x{3064}\x{304D}\x{305F}\x{308A}\x{3066}"
              RenderRubyBase (anonymous) at (0,0) size 18x66.23
                RenderInline {RB} at (0,0) size 17x49
                  RenderText {#text} at (0,9) size 17x49
                    text run at (0,9) width 48: "\x{660E}\x{6708}\x{6765}"
          RenderRuby (inline) {RUBY} at (0,0) size 17x39
            RenderRubyRun (anonymous) at (1441,126.23) size 18x42.16
              RenderRubyText {RT} at (-10,0) size 10x42.16
                RenderText {#text} at (0,0) size 10x43
                  text run at (0,0) width 43: "\x{3042}\x{3044}\x{3066}\x{3089}\x{3059}"
              RenderRubyBase (anonymous) at (0,0) size 18x42.16
                RenderInline {RB} at (0,0) size 17x33
                  RenderText {#text} at (0,5) size 17x33
                    text run at (0,5) width 32: "\x{76F8}\x{7167}"
          RenderText {#text} at (1441,164) size 17x157
            text run at (1441,164) width 156: "\x{3002}\x{305F}\x{3060}\x{4E8C}\x{5341}\x{5B57}\x{306E}\x{3046}\x{3061}\x{306B}"
          RenderRuby (inline) {RUBY} at (0,0) size 17x17
            RenderRubyRun (anonymous) at (1441,319.02) size 18x18
              RenderRubyText {RT} at (-10,0) size 10x18
                RenderText {#text} at (0,0) size 10x18
                  text run at (0,0) width 18: "\x{3086}\x{3046}"
              RenderRubyBase (anonymous) at (0,0) size 18x18
                RenderInline {RB} at (0,0) size 17x16
                  RenderText {#text} at (0,1) size 17x16
                    text run at (0,1) width 16: "\x{512A}"
          RenderText {#text} at (1441,336) size 17x15
            text run at (1441,336) width 15: "\x{306B}"
          RenderRuby (inline) {RUBY} at (0,0) size 17x49
            RenderRubyRun (anonymous) at (1441,350.14) size 18x48
              RenderRubyText {RT} at (-10,0) size 10x48
                RenderText {#text} at (0,0) size 10x48
                  text run at (0,0) width 48: "\x{3079}\x{3064}\x{3051}\x{3093}\x{3053}\x{3093}"
              RenderRubyBase (anonymous) at (0,0) size 18x48
                RenderInline {RB} at (0,0) size 17x48
                  RenderText {#text} at (0,0) size 17x48
                    text run at (0,0) width 48: "\x{5225}\x{4E7E}\x{5764}"
          RenderText {#text} at (1441,398) size 17x17
            text run at (1441,398) width 16: "\x{3092}"
          RenderRuby (inline) {RUBY} at (0,0) size 17x34
            RenderRubyRun (anonymous) at (1441,410.14) size 18x41.59
              RenderRubyText {RT} at (-10,0) size 10x41.59
                RenderText {#text} at (0,0) size 10x42
                  text run at (0,0) width 42: "\x{3053}\x{3093}\x{308A}\x{3085}\x{3046}"
              RenderRubyBase (anonymous) at (0,0) size 18x41.59
                RenderInline {RB} at (0,0) size 17x33
                  RenderText {#text} at (0,4) size 17x33
                    text run at (0,4) width 32: "\x{5EFA}\x{7ACB}"
          RenderText {#text} at (1441,447) size 44x490
            text run at (1441,447) width 42: "\x{3057}\x{3066}\x{3044}"
            text run at (1468,0) width 107: "\x{308B}\x{3002}\x{3053}\x{306E}\x{4E7E}\x{5764}\x{306E}"
          RenderRuby (inline) {RUBY} at (0,0) size 17x33
            RenderRubyRun (anonymous) at (1468,106.75) size 18x32
              RenderRubyText {RT} at (-10,0) size 10x32
                RenderText {#text} at (0,3) size 10x27
                  text run at (0,3) width 27: "\x{304F}\x{3069}\x{304F}"
              RenderRubyBase (anonymous) at (0,0) size 18x32
                RenderInline {RB} at (0,0) size 17x32
                  RenderText {#text} at (0,0) size 17x32
                    text run at (0,0) width 32: "\x{529F}\x{5FB3}"
          RenderText {#text} at (1468,138) size 17x32
            text run at (1468,138) width 32: "\x{306F}\x{300C}"
          RenderRuby (inline) {RUBY} at (0,0) size 17x49
            RenderRubyRun (anonymous) at (1468,169.94) size 18x48
              RenderRubyText {RT} at (-10,0) size 10x48
                RenderText {#text} at (0,3) size 10x43
                  text run at (0,3) width 43: "\x{307B}\x{3068}\x{3068}\x{304E}\x{3059}"
              RenderRubyBase (anonymous) at (0,0) size 18x48
                RenderInline {RB} at (0,0) size 17x48
                  RenderText {#text} at (0,0) size 17x48
                    text run at (0,0) width 48: "\x{4E0D}\x{5982}\x{5E30}"
          RenderText {#text} at (1468,217) size 17x48
            text run at (1468,217) width 47: "\x{300D}\x{3084}\x{300C}"
          RenderRuby (inline) {RUBY} at (0,0) size 17x65
            RenderRubyRun (anonymous) at (1468,264.69) size 18x64
              RenderRubyText {RT} at (-10,0) size 10x64
                RenderText {#text} at (0,3) size 10x58
                  text run at (0,3) width 58: "\x{3053}\x{3093}\x{3058}\x{304D}\x{3084}\x{3057}\x{3083}"
              RenderRubyBase (anonymous) at (0,0) size 18x64
                RenderInline {RB} at (0,0) size 17x64
                  RenderText {#text} at (0,0) size 17x64
                    text run at (0,0) width 64: "\x{91D1}\x{8272}\x{591C}\x{53C9}"
          RenderText {#text} at (1468,328) size 44x482
            text run at (1468,328) width 154: "\x{300D}\x{306E}\x{529F}\x{5FB3}\x{3067}\x{306F}\x{306A}\x{3044}\x{3002}\x{6C7D}"
            text run at (1495,0) width 348: "\x{8239}\x{3001}\x{6C7D}\x{8ECA}\x{3001}\x{6A29}\x{5229}\x{3001}\x{7FA9}\x{52D9}\x{3001}\x{9053}\x{5FB3}\x{3001}\x{793C}\x{7FA9}\x{3067}\x{75B2}\x{308C}\x{679C}\x{3066}\x{305F}"
          RenderRuby (inline) {RUBY} at (0,0) size 17x18
            RenderRubyRun (anonymous) at (1495,347.94) size 18x16.95
              RenderRubyText {RT} at (-10,0) size 10x16.95
                RenderText {#text} at (0,0) size 10x18
                  text run at (0,0) width 17: "\x{306E}\x{3061}"
              RenderRubyBase (anonymous) at (0,0) size 18x16.95
                RenderInline {RB} at (0,0) size 17x17
                  RenderText {#text} at (0,0) size 17x17
                    text run at (0,0) width 16: "\x{5F8C}"
          RenderText {#text} at (1495,364) size 35x501
            text run at (1495,364) width 136: "\x{306B}\x{3001}\x{3059}\x{3079}\x{3066}\x{3092}\x{5FD8}\x{5374}\x{3057}"
            text run at (1513,0) width 262: "\x{3066}\x{3050}\x{3063}\x{3059}\x{308A}\x{5BDD}\x{8FBC}\x{3080}\x{3088}\x{3046}\x{306A}\x{529F}\x{5FB3}\x{3067}\x{3042}\x{308B}\x{3002}"
          RenderBR {BR} at (1513,261) size 17x1
