layer at (0,0) size 800x600
  RenderView at (0,0) size 800x600
layer at (0,0) size 800x197
  RenderBlock {HTML} at (0,0) size 800x197
    RenderBody {BODY} at (8,16) size 784x173
      RenderBlock {P} at (0,0) size 784x20
        RenderText {#text} at (0,0) size 560x19
          text run at (0,0) width 560: "The select list box should not display items (options and optgroups) with style \"display: none\"."
      RenderBlock (anonymous) at (0,36) size 784x137
        RenderListBox {SELECT} at (0,17) size 56x120 [bgcolor=#FFFFFF] [border: (1px solid #A9A9A9)]
        RenderText {#text} at (56,115) size 4x19
          text run at (56,115) width 4: " "
        RenderListBox {SELECT} at (60,17) size 65x120 [bgcolor=#FFFFFF] [border: (1px solid #A9A9A9)]
        RenderText {#text} at (125,115) size 4x19
          text run at (125,115) width 4: " "
        RenderListBox {SELECT} at (129,17) size 65x120 [bgcolor=#FFFFFF] [border: (1px solid #A9A9A9)]
        RenderText {#text} at (194,115) size 4x19
          text run at (194,115) width 4: " "
        RenderListBox {SELECT} at (198,0) size 56x137 [bgcolor=#FFFFFF] [border: (1px solid #A9A9A9)]
        RenderText {#text} at (254,115) size 4x19
          text run at (254,115) width 4: " "
        RenderListBox {SELECT} at (258,0) size 56x137 [bgcolor=#FFFFFF] [border: (1px solid #A9A9A9)]
        RenderText {#text} at (314,115) size 4x19
          text run at (314,115) width 4: " "
        RenderListBox {SELECT} at (318,0) size 63x137 [bgcolor=#FFFFFF] [border: (1px solid #A9A9A9)]
        RenderText {#text} at (0,0) size 0x0
        RenderText {#text} at (0,0) size 0x0
