layer at (0,0) size 800x600
  RenderView at (0,0) size 800x600
layer at (0,0) size 800x377
  RenderBlock {HTML} at (0,0) size 800x377
    RenderBody {BODY} at (8,8) size 784x361
      RenderBlock {FORM} at (0,0) size 784x361
        RenderListBox {SELECT} at (0,0) size 80x341 [bgcolor=#FFFFFF] [border: (1px solid #A9A9A9)]
        RenderText {#text} at (80,319) size 4x19
          text run at (80,319) width 4: " "
        RenderBR {BR} at (84,319) size 0x19
        RenderMenuList {SELECT} at (0,341) size 73x20 [bgcolor=#FFFFFF] [border: (1px solid #A9A9A9)]
          RenderBlock (anonymous) at (1,1) size 71x18
            RenderText at (4,1) size 32x16
              text run at (4,1) width 32: "Three"
        RenderText {#text} at (0,0) size 0x0
