layer at (0,0) size 785x856
  RenderView at (0,0) size 785x600
layer at (0,0) size 785x856
  RenderBlock {HTML} at (0,0) size 785x856
    RenderBody {BODY} at (8,8) size 769x840
      RenderBlock {CENTER} at (0,0) size 769x840
        RenderTable {TABLE} at (58,0) size 653x840 [bgcolor=#F6F6EF]
          RenderTableSection {TBODY} at (0,0) size 653x840
            RenderTableRow {TR} at (0,0) size 653x28
              RenderTableCell {TD} at (0,0) size 653x28 [bgcolor=#FF6600] [r=0 c=0 rs=1 cs=1]
                RenderTable {TABLE} at (0,0) size 653x28
                  RenderTableSection {TBODY} at (2,2) size 649x24
                    RenderTableRow {TR} at (0,0) size 649x24
                      RenderTableCell {TD} at (0,4) size 57x16 [r=0 c=0 rs=1 cs=1]
                        RenderText {#text} at (0,0) size 78x24
                          text run at (0,0) width 78: "[image]"
                      RenderTableCell {TD} at (57,4) size 541x16 [r=0 c=1 rs=1 cs=1]
                        RenderInline {SPAN} at (0,0) size 390x16
                          RenderText {#text} at (0,0) size 0x0
                          RenderInline {B} at (0,0) size 135x16
                            RenderText {#text} at (0,0) size 0x0
                            RenderInline {A} at (0,0) size 131x16 [color=#0000EE]
                              RenderText {#text} at (0,0) size 131x16
                                text run at (0,0) width 131: "Script Kiddy News"
                            RenderText {#text} at (131,0) size 4x16
                              text run at (131,0) width 4: " "
                          RenderText {#text} at (135,0) size 255x16
                            text run at (135,0) width 255: "new | comments | ask | jobs | submit"
                        RenderText {#text} at (0,0) size 0x0
                      RenderTableCell {TD} at (598,0) size 51x24 [r=0 c=2 rs=1 cs=1]
                        RenderInline {SPAN} at (0,0) size 32x24
                          RenderText {#text} at (15,0) size 32x24
                            text run at (15,0) width 32: "login"
                        RenderText {#text} at (0,0) size 0x0
            RenderTableRow {TR} at (0,28) size 653x10
            RenderTableRow {TR} at (0,38) size 653x776
              RenderTableCell {TD} at (0,38) size 653x776 [r=2 c=0 rs=1 cs=1]
                RenderTable {TABLE} at (0,0) size 416x114
                  RenderTableSection {TBODY} at (0,0) size 416x114
                    RenderTableRow {TR} at (0,2) size 416x50
                      RenderTableCell {TD} at (2,18) size 55x18 [r=0 c=0 rs=1 cs=1]
                        RenderBlock {CENTER} at (1,1) size 53x16
                          RenderText {#text} at (0,0) size 78x24
                            text run at (0,0) width 78: "[image]"
                      RenderTableCell {TD} at (59,2) size 355x50 [r=0 c=1 rs=1 cs=1]
                        RenderInline {A} at (0,0) size 302x24 [color=#0000EE]
                          RenderText {#text} at (1,1) size 302x24
                            text run at (1,1) width 302: "Chromium is the best browser"
                        RenderText {#text} at (0,0) size 0x0
                        RenderInline {SPAN} at (0,0) size 215x24
                          RenderText {#text} at (1,25) size 215x24
                            text run at (1,25) width 215: "(google.com/chrome)"
                        RenderText {#text} at (0,0) size 0x0
                    RenderTableRow {TR} at (0,54) size 416x42
                      RenderTableCell {TD} at (2,74) size 55x2 [r=1 c=0 rs=1 cs=1]
                      RenderTableCell {TD} at (59,54) size 355x42 [r=1 c=1 rs=1 cs=1]
                        RenderInline {SPAN} at (0,0) size 106x24
                          RenderText {#text} at (1,1) size 106x24
                            text run at (1,1) width 106: "999 points"
                        RenderText {#text} at (107,1) size 38x24
                          text run at (107,1) width 38: " by "
                        RenderInline {A} at (0,0) size 22x24 [color=#0000EE]
                          RenderText {#text} at (145,1) size 22x24
                            text run at (145,1) width 22: "pdr"
                        RenderText {#text} at (167,1) size 342x48
                          text run at (167,1) width 134: " 4 hours ago "
                          text run at (301,1) width 42: "| 74"
                          text run at (1,25) width 103: "comments"
                    RenderTableRow {TR} at (0,98) size 416x10
                    RenderTableRow {TR} at (0,110) size 416x2
                      RenderTableCell {TD} at (2,110) size 55x2 [r=3 c=0 rs=1 cs=1]
                      RenderTableCell {TD} at (59,110) size 355x2 [r=3 c=1 rs=1 cs=1]
                RenderBlock (anonymous) at (0,114) size 653x48
                  RenderBR {BR} at (0,-7) size 0x24
                  RenderBR {BR} at (0,17) size 0x24
                RenderTable {TABLE} at (0,162) size 653x566
                  RenderTableSection {TBODY} at (0,0) size 653x566
                    RenderTableRow {TR} at (0,2) size 653x266
                      RenderTableCell {TD} at (2,2) size 649x266 [r=0 c=0 rs=1 cs=1]
                        RenderTable {TABLE} at (1,1) size 647x264
                          RenderTableSection {TBODY} at (0,0) size 647x264
                            RenderTableRow {TR} at (0,2) size 647x260
                              RenderTableCell {TD} at (2,131) size 2x2 [r=0 c=0 rs=1 cs=1]
                              RenderTableCell {TD} at (6,2) size 55x18 [r=0 c=1 rs=1 cs=1]
                                RenderBlock {CENTER} at (1,1) size 53x16
                                  RenderText {#text} at (0,0) size 78x24
                                    text run at (0,0) width 78: "[image]"
                              RenderTableCell {TD} at (63,2) size 582x260 [r=0 c=2 rs=1 cs=1]
                                RenderBlock {DIV} at (1,3) size 580x24
                                  RenderInline {SPAN} at (0,0) size 320x24
                                    RenderText {#text} at (0,0) size 320x24
                                      text run at (0,0) width 269: "longcomment 3 hours ago "
                                      text run at (269,0) width 51: "| link"
                                  RenderText {#text} at (0,0) size 0x0
                                RenderBlock (anonymous) at (1,17) size 580x192
                                  RenderBR {BR} at (0,-7) size 0x24
                                  RenderInline {SPAN} at (0,0) size 559x168
                                    RenderText {#text} at (0,0) size 0x0
                                    RenderInline {FONT} at (0,0) size 559x168
                                      RenderText {#text} at (0,24) size 559x168
                                        text run at (0,24) width 559: "Contrary to popular belief, blah blah blah blah blah blah"
                                        text run at (0,48) width 532: "blah blah blah blah blah blah blah blah blah blah blah"
                                        text run at (0,72) width 532: "blah blah blah blah blah blah blah blah blah blah blah"
                                        text run at (0,96) width 532: "blah blah blah blah blah blah blah blah blah blah blah"
                                        text run at (0,120) width 532: "blah blah blah blah blah blah blah blah blah blah blah"
                                        text run at (0,144) width 532: "blah blah blah blah blah blah blah blah blah blah blah"
                                        text run at (0,168) width 238: "blah blah blah blah blah"
                                    RenderText {#text} at (0,0) size 0x0
                                  RenderText {#text} at (0,0) size 0x0
                                RenderBlock {P} at (1,222) size 580x24
                                  RenderInline {FONT} at (0,0) size 34x24
                                    RenderText {#text} at (0,0) size 34x24
                                      text run at (0,0) width 34: "reply"
                                  RenderText {#text} at (0,0) size 0x0
                    RenderTableRow {TR} at (0,270) size 653x146
                      RenderTableCell {TD} at (2,270) size 649x146 [r=1 c=0 rs=1 cs=1]
                        RenderTable {TABLE} at (1,1) size 611x144
                          RenderTableSection {TBODY} at (0,0) size 611x144
                            RenderTableRow {TR} at (0,2) size 611x140
                              RenderTableCell {TD} at (2,71) size 322x2 [r=0 c=0 rs=1 cs=1]
                                RenderBlock {DIV} at (1,1) size 320x0
                              RenderTableCell {TD} at (326,2) size 55x18 [r=0 c=1 rs=1 cs=1]
                                RenderBlock {CENTER} at (1,1) size 53x16
                                  RenderText {#text} at (0,0) size 78x24
                                    text run at (0,0) width 78: "[image]"
                              RenderTableCell {TD} at (383,2) size 226x140 [r=0 c=2 rs=1 cs=1]
                                RenderBlock {DIV} at (1,3) size 224x48
                                  RenderInline {SPAN} at (0,0) size 181x48
                                    RenderText {#text} at (0,0) size 181x48
                                      text run at (0,0) width 148: "deepnested 37"
                                      text run at (0,24) width 130: "minutes ago "
                                      text run at (130,24) width 51: "| link"
                                  RenderText {#text} at (0,0) size 0x0
                                RenderBlock (anonymous) at (1,41) size 224x48
                                  RenderBR {BR} at (0,-7) size 0x24
                                  RenderInline {SPAN} at (0,0) size 189x24
                                    RenderText {#text} at (0,0) size 0x0
                                    RenderInline {FONT} at (0,0) size 189x24
                                      RenderText {#text} at (0,24) size 189x24
                                        text run at (0,24) width 189: "Haskell is the best."
                                    RenderText {#text} at (0,0) size 0x0
                                  RenderText {#text} at (0,0) size 0x0
                                RenderBlock {P} at (1,102) size 224x24
                                  RenderInline {FONT} at (0,0) size 34x24
                                    RenderText {#text} at (0,0) size 34x24
                                      text run at (0,0) width 34: "reply"
                                  RenderText {#text} at (0,0) size 0x0
                    RenderTableRow {TR} at (0,418) size 653x146
                      RenderTableCell {TD} at (2,418) size 649x146 [r=2 c=0 rs=1 cs=1]
                        RenderTable {TABLE} at (1,1) size 327x144
                          RenderTableSection {TBODY} at (0,0) size 327x144
                            RenderTableRow {TR} at (0,2) size 327x140
                              RenderTableCell {TD} at (2,71) size 42x2 [r=0 c=0 rs=1 cs=1]
                                RenderBlock {DIV} at (1,1) size 40x0
                              RenderTableCell {TD} at (46,2) size 55x18 [r=0 c=1 rs=1 cs=1]
                                RenderBlock {CENTER} at (1,1) size 53x16
                                  RenderText {#text} at (0,0) size 78x24
                                    text run at (0,0) width 78: "[image]"
                              RenderTableCell {TD} at (103,2) size 222x140 [r=0 c=2 rs=1 cs=1]
                                RenderBlock {DIV} at (1,3) size 220x48
                                  RenderInline {SPAN} at (0,0) size 165x48
                                    RenderText {#text} at (0,0) size 165x48
                                      text run at (0,0) width 165: "shortcomment 4"
                                      text run at (0,24) width 107: "hours ago "
                                      text run at (107,24) width 51: "| link"
                                  RenderText {#text} at (0,0) size 0x0
                                RenderBlock (anonymous) at (1,41) size 220x48
                                  RenderBR {BR} at (0,-7) size 0x24
                                  RenderInline {SPAN} at (0,0) size 206x24
                                    RenderText {#text} at (0,0) size 0x0
                                    RenderInline {FONT} at (0,0) size 206x24
                                      RenderText {#text} at (0,24) size 206x24
                                        text run at (0,24) width 206: "PHP can do that too."
                                    RenderText {#text} at (0,0) size 0x0
                                  RenderText {#text} at (0,0) size 0x0
                                RenderBlock {P} at (1,102) size 220x24
                                  RenderInline {FONT} at (0,0) size 34x24
                                    RenderText {#text} at (0,0) size 34x24
                                      text run at (0,0) width 34: "reply"
                                  RenderText {#text} at (0,0) size 0x0
                RenderBlock (anonymous) at (0,728) size 653x48
                  RenderBR {BR} at (0,-7) size 0x24
                  RenderBR {BR} at (0,17) size 0x24
            RenderTableRow {TR} at (0,814) size 653x26
              RenderTableCell {TD} at (0,814) size 653x26 [r=3 c=0 rs=1 cs=1]
                RenderTable {TABLE} at (0,0) size 653x2
                  RenderTableSection {TBODY} at (0,0) size 653x2
                    RenderTableRow {TR} at (0,0) size 653x2
                      RenderTableCell {TD} at (0,0) size 653x2 [bgcolor=#FF6600] [r=0 c=0 rs=1 cs=1]
                RenderBlock (anonymous) at (0,2) size 653x24
                  RenderBR {BR} at (0,-7) size 0x24
