layer at (0,0) size 785x922
  RenderView at (0,0) size 785x600
layer at (0,0) size 785x600
  RenderBlock {HTML} at (0,0) size 785x600
    RenderBody {BODY} at (8,8) size 761x584
layer at (8,8) size 160x584
  RenderBlock {P} at (0,0) size 160x584 [border: (10px solid #800000)]
    RenderText {#text} at (30,30) size 32x133
      text run at (30,30) width 133: "This is some column"
      text run at (46,30) width 28: "text."
    RenderBR {BR} at (50,57) size 0x1
    RenderText {#text} at (62,30) size 32x133
      text run at (62,30) width 133: "This is some column"
      text run at (78,30) width 28: "text."
    RenderBR {BR} at (82,57) size 0x1
    RenderText {#text} at (94,30) size 32x133
      text run at (94,30) width 133: "This is some column"
      text run at (110,30) width 28: "text."
    RenderBR {BR} at (114,57) size 0x1
    RenderText {#text} at (130,30) size 32x133
      text run at (130,30) width 133: "This is some column"
      text run at (146,30) width 28: "text."
    RenderBR {BR} at (150,57) size 0x1
    RenderText {#text} at (162,30) size 32x133
      text run at (162,30) width 133: "This is some column"
      text run at (178,30) width 28: "text."
    RenderBR {BR} at (182,57) size 0x1
    RenderText {#text} at (194,30) size 32x133
      text run at (194,30) width 133: "This is some column"
      text run at (210,30) width 28: "text."
    RenderBR {BR} at (214,57) size 0x1
    RenderText {#text} at (230,30) size 32x133
      text run at (230,30) width 133: "This is some column"
      text run at (246,30) width 28: "text."
    RenderBR {BR} at (250,57) size 0x1
    RenderText {#text} at (262,30) size 32x133
      text run at (262,30) width 133: "This is some column"
      text run at (278,30) width 28: "text."
    RenderBR {BR} at (282,57) size 0x1
    RenderText {#text} at (294,30) size 32x133
      text run at (294,30) width 133: "This is some column"
      text run at (310,30) width 28: "text."
    RenderBR {BR} at (314,57) size 0x1
    RenderText {#text} at (330,30) size 32x133
      text run at (330,30) width 133: "This is some column"
      text run at (346,30) width 28: "text."
    RenderBR {BR} at (350,57) size 0x1
    RenderText {#text} at (362,30) size 32x133
      text run at (362,30) width 133: "This is some column"
      text run at (378,30) width 28: "text."
    RenderBR {BR} at (382,57) size 0x1
    RenderText {#text} at (394,30) size 32x133
      text run at (394,30) width 133: "This is some column"
      text run at (410,30) width 28: "text."
    RenderBR {BR} at (414,57) size 0x1
    RenderText {#text} at (430,30) size 32x133
      text run at (430,30) width 133: "This is some column"
      text run at (446,30) width 28: "text."
    RenderBR {BR} at (450,57) size 0x1
layer at (184,8) size 160x584
  RenderBlock {P} at (176,0) size 160x584 [border: (10px solid #800000)]
    RenderText {#text} at (30,61) size 32x133
      text run at (30,61) width 133: "This is some column"
      text run at (46,166) width 4 RTL: "."
      text run at (46,170) width 24: "text"
    RenderBR {BR} at (50,166) size 0x1
    RenderText {#text} at (62,61) size 32x133
      text run at (62,61) width 133: "This is some column"
      text run at (78,166) width 4 RTL: "."
      text run at (78,170) width 24: "text"
    RenderBR {BR} at (82,166) size 0x1
    RenderText {#text} at (94,61) size 32x133
      text run at (94,61) width 133: "This is some column"
      text run at (110,166) width 4 RTL: "."
      text run at (110,170) width 24: "text"
    RenderBR {BR} at (114,166) size 0x1
    RenderText {#text} at (130,61) size 32x133
      text run at (130,61) width 133: "This is some column"
      text run at (146,166) width 4 RTL: "."
      text run at (146,170) width 24: "text"
    RenderBR {BR} at (150,166) size 0x1
    RenderText {#text} at (162,61) size 32x133
      text run at (162,61) width 133: "This is some column"
      text run at (178,166) width 4 RTL: "."
      text run at (178,170) width 24: "text"
    RenderBR {BR} at (182,166) size 0x1
    RenderText {#text} at (194,61) size 32x133
      text run at (194,61) width 133: "This is some column"
      text run at (210,166) width 4 RTL: "."
      text run at (210,170) width 24: "text"
    RenderBR {BR} at (214,166) size 0x1
    RenderText {#text} at (230,61) size 32x133
      text run at (230,61) width 133: "This is some column"
      text run at (246,166) width 4 RTL: "."
      text run at (246,170) width 24: "text"
    RenderBR {BR} at (250,166) size 0x1
    RenderText {#text} at (262,61) size 32x133
      text run at (262,61) width 133: "This is some column"
      text run at (278,166) width 4 RTL: "."
      text run at (278,170) width 24: "text"
    RenderBR {BR} at (282,166) size 0x1
    RenderText {#text} at (294,61) size 32x133
      text run at (294,61) width 133: "This is some column"
      text run at (310,166) width 4 RTL: "."
      text run at (310,170) width 24: "text"
    RenderBR {BR} at (314,166) size 0x1
    RenderText {#text} at (330,61) size 32x133
      text run at (330,61) width 133: "This is some column"
      text run at (346,166) width 4 RTL: "."
      text run at (346,170) width 24: "text"
    RenderBR {BR} at (350,166) size 0x1
    RenderText {#text} at (362,61) size 32x133
      text run at (362,61) width 133: "This is some column"
      text run at (378,166) width 4 RTL: "."
      text run at (378,170) width 24: "text"
    RenderBR {BR} at (382,166) size 0x1
    RenderText {#text} at (394,61) size 32x133
      text run at (394,61) width 133: "This is some column"
      text run at (410,166) width 4 RTL: "."
      text run at (410,170) width 24: "text"
    RenderBR {BR} at (414,166) size 0x1
    RenderText {#text} at (430,61) size 32x133
      text run at (430,61) width 133: "This is some column"
      text run at (446,166) width 4 RTL: "."
      text run at (446,170) width 24: "text"
    RenderBR {BR} at (450,166) size 0x1
