layer at (0,0) size 800x600
  RenderView at (0,0) size 800x600
layer at (0,0) size 800x600
  RenderBlock {HTML} at (0,0) size 800x600
    RenderBody {BODY} at (8,8) size 784x584
layer at (8,8) size 682x584
  RenderBlock {DIV} at (0,0) size 682x584 [border: (5px solid #000000)]
    RenderText {#text} at (5,15) size 2016x174
      text run at (5,15) width 143: "Lorem ipsum dolor sit"
      text run at (21,15) width 120: "amet, consectetuer"
      text run at (37,15) width 134: "adipiscing elit. Nulla"
      text run at (53,15) width 119: "varius enim ac mi."
      text run at (69,15) width 169: "Curabitur sollicitudin felis"
      text run at (85,15) width 130: "quis lectus. Quisque"
      text run at (101,15) width 155: "adipiscing rhoncus sem."
      text run at (117,15) width 115: "Proin nulla purus,"
      text run at (133,15) width 151: "vulputate vel, varius ut,"
      text run at (149,15) width 168: "euismod et, nisi. Sed vitae"
      text run at (165,15) width 130: "felis vel orci sagittis"
      text run at (181,15) width 151: "aliquam. Cras convallis"
      text run at (197,15) width 135: "adipiscing sem. Nam"
      text run at (213,15) width 157: "nonummy enim. Nullam"
      text run at (229,15) width 164: "bibendum lobortis neque."
      text run at (245,15) width 140: "Vestibulum velit orci,"
      text run at (261,15) width 163: "tempus euismod, pretium"
      text run at (277,15) width 172: "quis, interdum vitae, nulla."
      text run at (293,15) width 138: "Phasellus eget ante et"
      text run at (309,15) width 128: "tortor condimentum"
      text run at (325,15) width 158: "vestibulum. Suspendisse"
      text run at (341,15) width 160: "hendrerit quam nec felis."
      text run at (357,15) width 143: "Sed varius turpis vitae"
      text run at (373,15) width 162: "pede. Lorem ipsum dolor"
      text run at (389,15) width 139: "sit amet, consectetuer"
      text run at (405,15) width 133: "adipiscing elit. Proin"
      text run at (421,15) width 158: "bibendum justo ac enim."
      text run at (437,15) width 174: "Class aptent taciti sociosqu"
      text run at (453,15) width 135: "ad litora torquent per"
      text run at (469,15) width 123: "conubia nostra, per"
      text run at (485,15) width 162: "inceptos hymenaeos. Sed"
      text run at (501,15) width 131: "leo nulla, rutrum eu,"
      text run at (517,15) width 147: "dictum ut, posuere vel,"
      text run at (533,15) width 156: "arcu. Nam libero. Morbi"
      text run at (549,15) width 97: "orci. Maecenas"
      text run at (565,15) width 150: "pellentesque. Curabitur"
      text run at (581,15) width 157: "erat erat, ullamcorper at,"
      text run at (597,15) width 172: "gravida vitae, iaculis vitae,"
      text run at (613,15) width 120: "elit. Nullam quam."
      text run at (629,15) width 128: "Quisque orci lectus,"
      text run at (645,15) width 166: "ullamcorper eu, imperdiet"
      text run at (661,15) width 157: "sed, accumsan et, ligula."
      text run at (677,15) width 162: "Duis diam nisl, sagittis a,"
      text run at (693,15) width 167: "blandit volutpat, interdum"
      text run at (709,15) width 141: "sed, velit. Vestibulum"
      text run at (725,15) width 134: "quam. Nulla a purus."
      text run at (741,15) width 161: "Phasellus semper semper"
      text run at (757,15) width 142: "lectus. Nulla porttitor,"
      text run at (773,15) width 158: "dolor dictum scelerisque"
      text run at (789,15) width 171: "luctus, velit ipsum lobortis"
      text run at (805,15) width 156: "mauris, ac pretium enim"
      text run at (821,15) width 132: "nunc vel risus. Proin"
      text run at (837,15) width 160: "gravida mi ut sem cursus"
      text run at (853,15) width 164: "mattis. Fusce laoreet, nisi"
      text run at (869,15) width 161: "quis luctus volutpat, arcu"
      text run at (885,15) width 158: "pede tincidunt enim, nec"
      text run at (901,15) width 147: "malesuada urna nisl eu"
      text run at (917,15) width 141: "enim. Vivamus varius"
      text run at (933,15) width 100: "augue ac purus."
      text run at (949,15) width 154: "Vestibulum vestibulum."
      text run at (965,15) width 164: "Phasellus et est vitae ante"
      text run at (981,15) width 166: "accumsan rhoncus. Morbi"
      text run at (997,15) width 171: "convallis, arcu at hendrerit"
      text run at (1013,15) width 118: "gravida, sem diam"
      text run at (1029,15) width 174: "dignissim risus, sed aliquet"
      text run at (1045,15) width 170: "erat mi ut mi. Nunc cursus"
      text run at (1061,15) width 141: "lacinia elit. Nunc nisi."
      text run at (1077,15) width 101: "Quisque at erat."
      text run at (1093,15) width 163: "Vestibulum dictum quam"
      text run at (1109,15) width 172: "vitae nibh. Nunc vitae ante"
      text run at (1125,15) width 171: "non odio interdum blandit."
      text run at (1141,15) width 129: "Curabitur leo quam,"
      text run at (1157,15) width 169: "fermentum sed, feugiat in,"
      text run at (1173,15) width 135: "ullamcorper id, nibh."
      text run at (1189,15) width 159: "Suspendisse ac turpis. In"
      text run at (1205,15) width 147: "iaculis sollicitudin dui."
      text run at (1221,15) width 161: "Aenean vitae lectus vitae"
      text run at (1237,15) width 116: "nulla pellentesque"
      text run at (1253,15) width 167: "sollicitudin. Nunc gravida"
      text run at (1269,15) width 140: "pharetra lectus. Etiam"
      text run at (1285,15) width 153: "lacus ligula, placerat ut,"
      text run at (1301,15) width 162: "dictum vitae, tempus vel,"
      text run at (1317,15) width 127: "risus. Cras rhoncus."
      text run at (1333,15) width 153: "Praesent varius ultricies"
      text run at (1349,15) width 164: "orci. Donec mattis, neque"
      text run at (1365,15) width 148: "ut ornare fringilla, ante"
      text run at (1381,15) width 142: "urna placerat eros, vel"
      text run at (1397,15) width 148: "commodo nisi tortor ut"
      text run at (1413,15) width 167: "mauris. Morbi magna dui,"
      text run at (1429,15) width 165: "sagittis sit amet, tincidunt"
      text run at (1445,15) width 169: "et, elementum eget, quam."
      text run at (1461,15) width 158: "Fusce molestie nisl vitae"
      text run at (1477,15) width 166: "nisi. Vestibulum a sapien."
      text run at (1493,15) width 132: "Phasellus ante lacus,"
      text run at (1509,15) width 147: "vehicula non, cursus a,"
      text run at (1525,15) width 117: "tempor ut, magna."
      text run at (1541,15) width 172: "Suspendisse potenti. Fusce"
      text run at (1557,15) width 130: "aliquet, odio viverra"
      text run at (1573,15) width 148: "vulputate dictum, enim"
      text run at (1589,15) width 131: "odio luctus purus, ut"
      text run at (1605,15) width 147: "scelerisque quam nulla"
      text run at (1621,15) width 168: "non est. Donec eros lacus,"
      text run at (1637,15) width 167: "egestas vitae, lacinia quis,"
      text run at (1653,15) width 163: "tempor quis, pede. Morbi"
      text run at (1669,15) width 168: "orci erat, iaculis id, ornare"
      text run at (1685,15) width 147: "ac, elementum at, sem."
      text run at (1701,15) width 162: "Nunc ornare sodales nisi."
      text run at (1717,15) width 170: "Morbi interdum commodo"
      text run at (1733,15) width 158: "nisl. Fusce eget eros non"
      text run at (1749,15) width 154: "nisi ornare facilisis. Sed"
      text run at (1765,15) width 159: "placerat, est non posuere"
      text run at (1781,15) width 124: "posuere, purus sem"
      text run at (1797,15) width 168: "dignissim libero, a viverra"
      text run at (1813,15) width 142: "tellus dolor vel lorem."
      text run at (1829,15) width 174: "Cras augue. Etiam ultricies"
      text run at (1845,15) width 168: "consequat odio. Mauris ac"
      text run at (1861,15) width 142: "libero. Etiam posuere,"
      text run at (1877,15) width 131: "libero vitae euismod"
      text run at (1893,15) width 109: "gravida, urna elit"
      text run at (1909,15) width 136: "imperdiet magna, vel"
      text run at (1925,15) width 125: "cursus elit felis non"
      text run at (1941,15) width 155: "mauris. Donec orci erat,"
      text run at (1957,15) width 140: "porta id, dignissim ut,"
      text run at (1973,15) width 130: "posuere dictum, leo."
      text run at (1989,15) width 154: "Suspendisse scelerisque"
      text run at (2005,15) width 87: "egestas nulla."
