layer at (0,0) size 1680x1208
  RenderView at (0,0) size 785x585
layer at (0,0) size 1680x585
  RenderBlock {HTML} at (0,0) size 1680x585
    RenderBody {BODY} at (8,8) size 1664x1200
layer at (8,8) size 404x1200
  RenderBlock {DIV} at (0,0) size 404x1200 [border: (2px solid #000000)]
    RenderBlock (anonymous) at (2,2) size 252x388
      RenderText {#text} at (0,0) size 18x110
        text run at (0,0) width 110: "This is some text."
      RenderBR {BR} at (4,110) size 0x0
      RenderText {#text} at (18,0) size 18x110
        text run at (18,0) width 110: "This is some text."
      RenderBR {BR} at (22,110) size 0x0
      RenderText {#text} at (36,0) size 18x110
        text run at (36,0) width 110: "This is some text."
      RenderBR {BR} at (40,110) size 0x0
      RenderText {#text} at (54,0) size 18x110
        text run at (54,0) width 110: "This is some text."
      RenderBR {BR} at (58,110) size 0x0
      RenderText {#text} at (72,0) size 18x110
        text run at (72,0) width 110: "This is some text."
      RenderBR {BR} at (76,110) size 0x0
      RenderText {#text} at (90,0) size 18x110
        text run at (90,0) width 110: "This is some text."
      RenderBR {BR} at (94,110) size 0x0
      RenderText {#text} at (108,0) size 18x110
        text run at (108,0) width 110: "This is some text."
      RenderBR {BR} at (112,110) size 0x0
      RenderText {#text} at (126,0) size 18x110
        text run at (126,0) width 110: "This is some text."
      RenderBR {BR} at (130,110) size 0x0
      RenderText {#text} at (144,0) size 18x110
        text run at (144,0) width 110: "This is some text."
      RenderBR {BR} at (148,110) size 0x0
      RenderText {#text} at (162,0) size 18x110
        text run at (162,0) width 110: "This is some text."
      RenderBR {BR} at (166,110) size 0x0
      RenderText {#text} at (180,0) size 18x110
        text run at (180,0) width 110: "This is some text."
      RenderBR {BR} at (184,110) size 0x0
      RenderText {#text} at (198,0) size 18x110
        text run at (198,0) width 110: "This is some text."
      RenderBR {BR} at (202,110) size 0x0
      RenderText {#text} at (216,0) size 18x110
        text run at (216,0) width 110: "This is some text."
      RenderBR {BR} at (220,110) size 0x0
      RenderText {#text} at (234,0) size 18x110
        text run at (234,0) width 110: "This is some text."
      RenderBR {BR} at (238,110) size 0x0
    RenderBlock {P} at (270,2) size 604x388
      RenderBlock (floating) {SPAN} at (132,0) size 147x78
        RenderText {#text} at (0,0) size 147x78
          text run at (0,0) width 78: "T"
      RenderText {#text} at (132,0) size 18x100
        text run at (132,0) width 100: "his is some text."
      RenderBR {BR} at (136,100) size 0x0
      RenderText {#text} at (150,0) size 18x110
        text run at (150,0) width 110: "This is some text."
      RenderBR {BR} at (154,110) size 0x0
      RenderText {#text} at (168,0) size 18x110
        text run at (168,0) width 110: "This is some text."
      RenderBR {BR} at (172,110) size 0x0
      RenderText {#text} at (186,0) size 18x110
        text run at (186,0) width 110: "This is some text."
      RenderBR {BR} at (190,110) size 0x0
      RenderText {#text} at (204,0) size 18x110
        text run at (204,0) width 110: "This is some text."
      RenderBR {BR} at (208,110) size 0x0
      RenderText {#text} at (222,0) size 18x110
        text run at (222,0) width 110: "This is some text."
      RenderBR {BR} at (226,110) size 0x0
      RenderText {#text} at (240,0) size 18x110
        text run at (240,0) width 110: "This is some text."
      RenderBR {BR} at (244,110) size 0x0
      RenderText {#text} at (258,0) size 18x110
        text run at (258,0) width 110: "This is some text."
      RenderBR {BR} at (262,110) size 0x0
      RenderText {#text} at (276,0) size 18x110
        text run at (276,0) width 110: "This is some text."
      RenderBR {BR} at (280,110) size 0x0
      RenderText {#text} at (294,0) size 18x110
        text run at (294,0) width 110: "This is some text."
      RenderBR {BR} at (298,110) size 0x0
      RenderText {#text} at (312,0) size 18x110
        text run at (312,0) width 110: "This is some text."
      RenderBR {BR} at (316,110) size 0x0
      RenderText {#text} at (330,0) size 18x110
        text run at (330,0) width 110: "This is some text."
      RenderBR {BR} at (334,110) size 0x0
      RenderText {#text} at (348,0) size 18x110
        text run at (348,0) width 110: "This is some text."
      RenderBR {BR} at (352,110) size 0x0
      RenderText {#text} at (366,0) size 18x110
        text run at (366,0) width 110: "This is some text."
      RenderBR {BR} at (370,110) size 0x0
      RenderText {#text} at (384,0) size 18x110
        text run at (384,0) width 110: "This is some text."
      RenderBR {BR} at (388,110) size 0x0
      RenderText {#text} at (402,0) size 18x110
        text run at (402,0) width 110: "This is some text."
      RenderBR {BR} at (406,110) size 0x0
      RenderText {#text} at (420,0) size 18x110
        text run at (420,0) width 110: "This is some text."
      RenderBR {BR} at (424,110) size 0x0
      RenderText {#text} at (438,0) size 18x110
        text run at (438,0) width 110: "This is some text."
      RenderBR {BR} at (442,110) size 0x0
      RenderText {#text} at (456,0) size 18x110
        text run at (456,0) width 110: "This is some text."
      RenderBR {BR} at (460,110) size 0x0
      RenderText {#text} at (474,0) size 18x110
        text run at (474,0) width 110: "This is some text."
      RenderBR {BR} at (478,110) size 0x0
      RenderText {#text} at (492,0) size 18x110
        text run at (492,0) width 110: "This is some text."
      RenderBR {BR} at (496,110) size 0x0
      RenderText {#text} at (510,0) size 18x110
        text run at (510,0) width 110: "This is some text."
      RenderBR {BR} at (514,110) size 0x0
      RenderText {#text} at (532,0) size 18x110
        text run at (532,0) width 110: "This is some text."
      RenderBR {BR} at (536,110) size 0x0
      RenderText {#text} at (550,0) size 18x110
        text run at (550,0) width 110: "This is some text."
      RenderBR {BR} at (554,110) size 0x0
      RenderText {#text} at (568,0) size 18x110
        text run at (568,0) width 110: "This is some text."
      RenderBR {BR} at (572,110) size 0x0
      RenderText {#text} at (586,0) size 18x110
        text run at (586,0) width 110: "This is some text."
      RenderBR {BR} at (590,110) size 0x0
layer at (428,8) size 404x1200
  RenderBlock {DIV} at (420,0) size 404x1200 [border: (2px solid #000000)]
    RenderBlock (anonymous) at (2,2) size 252x388
      RenderText {#text} at (0,0) size 18x110
        text run at (0,0) width 110: "This is some text."
      RenderBR {BR} at (4,110) size 0x0
      RenderText {#text} at (18,0) size 18x110
        text run at (18,0) width 110: "This is some text."
      RenderBR {BR} at (22,110) size 0x0
      RenderText {#text} at (36,0) size 18x110
        text run at (36,0) width 110: "This is some text."
      RenderBR {BR} at (40,110) size 0x0
      RenderText {#text} at (54,0) size 18x110
        text run at (54,0) width 110: "This is some text."
      RenderBR {BR} at (58,110) size 0x0
      RenderText {#text} at (72,0) size 18x110
        text run at (72,0) width 110: "This is some text."
      RenderBR {BR} at (76,110) size 0x0
      RenderText {#text} at (90,0) size 18x110
        text run at (90,0) width 110: "This is some text."
      RenderBR {BR} at (94,110) size 0x0
      RenderText {#text} at (108,0) size 18x110
        text run at (108,0) width 110: "This is some text."
      RenderBR {BR} at (112,110) size 0x0
      RenderText {#text} at (126,0) size 18x110
        text run at (126,0) width 110: "This is some text."
      RenderBR {BR} at (130,110) size 0x0
      RenderText {#text} at (144,0) size 18x110
        text run at (144,0) width 110: "This is some text."
      RenderBR {BR} at (148,110) size 0x0
      RenderText {#text} at (162,0) size 18x110
        text run at (162,0) width 110: "This is some text."
      RenderBR {BR} at (166,110) size 0x0
      RenderText {#text} at (180,0) size 18x110
        text run at (180,0) width 110: "This is some text."
      RenderBR {BR} at (184,110) size 0x0
      RenderText {#text} at (198,0) size 18x110
        text run at (198,0) width 110: "This is some text."
      RenderBR {BR} at (202,110) size 0x0
      RenderText {#text} at (216,0) size 18x110
        text run at (216,0) width 110: "This is some text."
      RenderBR {BR} at (220,110) size 0x0
      RenderText {#text} at (234,0) size 18x110
        text run at (234,0) width 110: "This is some text."
      RenderBR {BR} at (238,110) size 0x0
    RenderBlock {P} at (270,2) size 604x388
      RenderImage {IMG} at (132,0) size 100x100 [bgcolor=#008000]
      RenderImage {IMG} at (132,288) size 200x100 [bgcolor=#008000]
      RenderText {#text} at (132,0) size 18x106
        text run at (132,0) width 106: "This is some text"
      RenderBR {BR} at (136,106) size 0x0
      RenderText {#text} at (150,0) size 18x110
        text run at (150,0) width 110: "This is some text."
      RenderBR {BR} at (154,110) size 0x0
      RenderText {#text} at (168,0) size 18x110
        text run at (168,0) width 110: "This is some text."
      RenderBR {BR} at (172,110) size 0x0
      RenderText {#text} at (186,0) size 18x110
        text run at (186,0) width 110: "This is some text."
      RenderBR {BR} at (190,110) size 0x0
      RenderText {#text} at (204,0) size 18x110
        text run at (204,0) width 110: "This is some text."
      RenderBR {BR} at (208,110) size 0x0
      RenderText {#text} at (222,0) size 18x110
        text run at (222,0) width 110: "This is some text."
      RenderBR {BR} at (226,110) size 0x0
      RenderText {#text} at (240,0) size 18x110
        text run at (240,0) width 110: "This is some text."
      RenderBR {BR} at (244,110) size 0x0
      RenderText {#text} at (258,0) size 18x110
        text run at (258,0) width 110: "This is some text."
      RenderBR {BR} at (262,110) size 0x0
      RenderText {#text} at (276,0) size 18x110
        text run at (276,0) width 110: "This is some text."
      RenderBR {BR} at (280,110) size 0x0
      RenderText {#text} at (294,0) size 18x110
        text run at (294,0) width 110: "This is some text."
      RenderBR {BR} at (298,110) size 0x0
      RenderText {#text} at (312,0) size 18x110
        text run at (312,0) width 110: "This is some text."
      RenderBR {BR} at (316,110) size 0x0
      RenderText {#text} at (330,0) size 18x110
        text run at (330,0) width 110: "This is some text."
      RenderBR {BR} at (334,110) size 0x0
      RenderText {#text} at (348,0) size 18x110
        text run at (348,0) width 110: "This is some text."
      RenderBR {BR} at (352,110) size 0x0
      RenderText {#text} at (366,0) size 18x110
        text run at (366,0) width 110: "This is some text."
      RenderBR {BR} at (370,110) size 0x0
      RenderText {#text} at (384,0) size 18x110
        text run at (384,0) width 110: "This is some text."
      RenderBR {BR} at (388,110) size 0x0
      RenderText {#text} at (402,0) size 18x110
        text run at (402,0) width 110: "This is some text."
      RenderBR {BR} at (406,110) size 0x0
      RenderText {#text} at (420,0) size 18x110
        text run at (420,0) width 110: "This is some text."
      RenderBR {BR} at (424,110) size 0x0
      RenderText {#text} at (438,0) size 18x110
        text run at (438,0) width 110: "This is some text."
      RenderBR {BR} at (442,110) size 0x0
      RenderText {#text} at (456,0) size 18x110
        text run at (456,0) width 110: "This is some text."
      RenderBR {BR} at (460,110) size 0x0
      RenderText {#text} at (474,0) size 18x110
        text run at (474,0) width 110: "This is some text."
      RenderBR {BR} at (478,110) size 0x0
      RenderText {#text} at (492,0) size 18x110
        text run at (492,0) width 110: "This is some text."
      RenderBR {BR} at (496,110) size 0x0
      RenderText {#text} at (510,0) size 18x110
        text run at (510,0) width 110: "This is some text."
      RenderBR {BR} at (514,110) size 0x0
      RenderText {#text} at (532,0) size 18x110
        text run at (532,0) width 110: "This is some text."
      RenderBR {BR} at (536,110) size 0x0
      RenderText {#text} at (550,0) size 18x110
        text run at (550,0) width 110: "This is some text."
      RenderBR {BR} at (554,110) size 0x0
      RenderText {#text} at (568,0) size 18x110
        text run at (568,0) width 110: "This is some text."
      RenderBR {BR} at (572,110) size 0x0
      RenderText {#text} at (586,0) size 18x110
        text run at (586,0) width 110: "This is some text."
      RenderBR {BR} at (590,110) size 0x0
layer at (848,8) size 404x1200
  RenderBlock {DIV} at (840,0) size 404x1200 [border: (2px solid #000000)]
    RenderImage {IMG} at (2,2) size 390x300 [bgcolor=#008000]
    RenderText {#text} at (2,2) size 90x360
      text run at (2,2) width 360: "Longer text designed to test float and wrapping behavior."
      text run at (20,2) width 360: "Longer text designed to test float and wrapping behavior."
      text run at (38,2) width 360: "Longer text designed to test float and wrapping behavior."
      text run at (56,2) width 360: "Longer text designed to test float and wrapping behavior."
      text run at (74,2) width 360: "Longer text designed to test float and wrapping behavior."
layer at (1268,8) size 404x1200
  RenderBlock {DIV} at (1260,0) size 404x1200 [border: (2px solid #000000)]
    RenderImage {IMG} at (2,2) size 380x388 [bgcolor=#0000FF]
    RenderInline {SPAN} at (0,0) size 224x383
      RenderImage {IMG} at (2,2) size 20x100 [bgcolor=#008000]
      RenderText {#text} at (2,2) size 28x211
        text run at (2,2) width 211: "Longer text designed "
      RenderImage {IMG} at (2,290) size 20x100 [bgcolor=#008000]
      RenderText {#text} at (2,213) size 224x383
        text run at (2,213) width 151: "to test float and"
        text run at (30,2) width 307: "wrapping behavior. Longer text"
        text run at (58,2) width 340: "designed to test float and wrapping"
        text run at (86,2) width 367: "behavior. Longer text designed to test"
        text run at (114,2) width 356: "float and wrapping behavior. Longer"
        text run at (142,2) width 383: "text designed to test float and wrapping"
        text run at (170,2) width 367: "behavior. Longer text designed to test"
        text run at (198,2) width 280: "float and wrapping behavior."
    RenderText {#text} at (0,0) size 0x0
