layer at (0,0) size 785x1508
  RenderView at (0,0) size 785x600
layer at (0,0) size 246x600
  RenderBlock {HTML} at (0,0) size 246x600
layer at (8,8) size 230x1500
  RenderBody {BODY} at (8,8) size 230x1500
    RenderBlock {DIV} at (19.91,0) size 28x478.66 [bgcolor=#00FFFF]
      RenderBlock (floating) {DIV} at (4.80,4.80) size 162x239.33 [bgcolor=#FFFF00]
        RenderImage {IMG} at (0,0) size 133x70
        RenderText {#text} at (0,0) size 108x238
          text run at (0,0) width 229: "You've already downloaded a build."
          text run at (18,0) width 219: "All you have to do is use it as your"
          text run at (36,0) width 208: "everyday browser and mail/news"
          text run at (54,0) width 214: "reader. If you downloaded a build"
          text run at (72,0) width 238: "with Talkback, please turn it on when"
          text run at (90,0) width 47: "it asks. "
        RenderBlock (floating) {DIV} at (90,157.33) size 379.30x82 [bgcolor=#FF0000]
          RenderBlock {P} at (16,0) size 18x82
            RenderText {#text} at (0,0) size 18x74
              text run at (0,0) width 74: "Hola hola 1"
          RenderBlock {P} at (50,0) size 18x82
            RenderText {#text} at (0,0) size 18x74
              text run at (0,0) width 74: "Hola hola 2"
          RenderBlock {P} at (84,0) size 18x82
            RenderText {#text} at (0,0) size 18x74
              text run at (0,0) width 74: "Hola hola 3"
          RenderBlock {P} at (115.30,0) size 18x82
            RenderText {#text} at (0,0) size 18x74
              text run at (0,0) width 74: "Hola hola 4"
          RenderBlock {P} at (149.30,0) size 18x82
            RenderText {#text} at (0,0) size 18x74
              text run at (0,0) width 74: "Hola hola 5"
          RenderBlock {P} at (183.30,0) size 18x82
            RenderText {#text} at (0,0) size 18x74
              text run at (0,0) width 74: "Hola hola 6"
          RenderBlock {P} at (217.30,0) size 18x82
            RenderText {#text} at (0,0) size 18x74
              text run at (0,0) width 74: "Hola hola 7"
          RenderBlock {P} at (251.30,0) size 18x82
            RenderText {#text} at (0,0) size 18x74
              text run at (0,0) width 74: "Hola hola 8"
          RenderBlock {P} at (285.30,0) size 18x82
            RenderText {#text} at (0,0) size 18x74
              text run at (0,0) width 74: "Hola hola 9"
          RenderBlock {P} at (319.30,0) size 18x82
            RenderText {#text} at (0,0) size 18x82
              text run at (0,0) width 82: "Hola hola 10"
          RenderBlock {P} at (345.30,0) size 18x82
            RenderText {#text} at (0,0) size 18x82
              text run at (0,0) width 82: "Hola hola 11"
        RenderText {#text} at (90,47) size 72x235
          text run at (90,47) width 155: "Talkback reports give us"
          text run at (108,0) width 235: "really valuable data on which crashes"
          text run at (126,0) width 223: "are the most serious, and how often"
          text run at (144,0) width 190: "people are encountering them."
      RenderBlock (floating) {DIV} at (0,395.66) size 312.09x83 [bgcolor=#FF00FF]
        RenderBlock {P} at (16,0) size 18x83
          RenderText {#text} at (0,0) size 18x83
            text run at (0,0) width 83: "Hello Kitty 1"
        RenderBlock {P} at (50,0) size 18x83
          RenderText {#text} at (0,0) size 18x83
            text run at (0,0) width 83: "Hello Kitty 2"
        RenderBlock {P} at (84,0) size 18x83
          RenderText {#text} at (0,0) size 18x83
            text run at (0,0) width 83: "Hello Kitty 3"
        RenderBlock {P} at (118,0) size 18x83
          RenderText {#text} at (0,0) size 18x83
            text run at (0,0) width 83: "Hello Kitty 4"
        RenderBlock {P} at (152,0) size 18x83
          RenderText {#text} at (0,0) size 18x83
            text run at (0,0) width 83: "Hello Kitty 5"
        RenderBlock {P} at (186,0) size 18x83
          RenderText {#text} at (0,0) size 18x83
            text run at (0,0) width 83: "Hello Kitty 6"
        RenderBlock {P} at (210.09,0) size 18x83
          RenderText {#text} at (0,0) size 18x83
            text run at (0,0) width 83: "Hello Kitty 7"
        RenderBlock {P} at (244.09,0) size 18x83
          RenderText {#text} at (0,0) size 18x83
            text run at (0,0) width 83: "Hello Kitty 8"
        RenderBlock {P} at (278.09,0) size 18x83
          RenderText {#text} at (0,0) size 18x83
            text run at (0,0) width 83: "Hello Kitty 9"
      RenderBlock {H2} at (0,0) size 28x478.66
        RenderText {#text} at (0,0) size 28x262
          text run at (0,0) width 262: "What Needs To Be Done?"
    RenderBlock (floating) {DIV} at (67.81,0) size 400.19x82 [bgcolor=#808080]
      RenderBlock {P} at (16,0) size 18x82
        RenderText {#text} at (0,0) size 18x74
          text run at (0,0) width 74: "Hola hola 1"
      RenderBlock {P} at (50,0) size 18x82
        RenderText {#text} at (0,0) size 18x74
          text run at (0,0) width 74: "Hola hola 2"
      RenderBlock {P} at (84,0) size 18x82
        RenderText {#text} at (0,0) size 18x74
          text run at (0,0) width 74: "Hola hola 3"
      RenderBlock {P} at (118,0) size 18x82
        RenderText {#text} at (0,0) size 18x74
          text run at (0,0) width 74: "Hola hola 4"
      RenderBlock {P} at (162.19,0) size 18x82
        RenderText {#text} at (0,0) size 18x74
          text run at (0,0) width 74: "Hola hola 5"
      RenderBlock {P} at (196.19,0) size 18x82
        RenderText {#text} at (0,0) size 18x74
          text run at (0,0) width 74: "Hola hola 6"
      RenderBlock {P} at (230.19,0) size 18x82
        RenderText {#text} at (0,0) size 18x74
          text run at (0,0) width 74: "Hola hola 7"
      RenderBlock {P} at (264.19,0) size 18x82
        RenderText {#text} at (0,0) size 18x74
          text run at (0,0) width 74: "Hola hola 8"
      RenderBlock {P} at (298.19,0) size 18x82
        RenderText {#text} at (0,0) size 18x74
          text run at (0,0) width 74: "Hola hola 9"
      RenderBlock {P} at (332.19,0) size 18x82
        RenderText {#text} at (0,0) size 18x82
          text run at (0,0) width 82: "Hola hola 10"
      RenderBlock {P} at (366.19,0) size 18x82
        RenderText {#text} at (0,0) size 18x82
          text run at (0,0) width 82: "Hola hola 11"
    RenderBlock {DL} at (67.81,0) size 338.19x478.66
      RenderBlock {DT} at (0,0) size 18x478.66
        RenderText {#text} at (0,0) size 18x80
          text run at (0,0) width 80: "Report Bugs"
      RenderBlock {DD} at (34,40) size 146.19x438.66
        RenderBlock {P} at (0,0) size 146.19x438.66
          RenderText {#text} at (0,0) size 54x423
            text run at (0,0) width 406: "You've already downloaded a build. All you have to do is use it "
            text run at (0,406) width 13: "as"
            text run at (18,0) width 423: "your everyday browser and mail/news reader. If you downloaded a"
            text run at (36,0) width 68: "build with "
            text run at (36,68) width 67: "Talkback, "
          RenderInline {EM} at (0,0) size 18x102
            RenderText {#text} at (36,135) size 18x102
              text run at (36,135) width 44: "please "
              text run at (36,179) width 58: "turn it on"
          RenderText {#text} at (36,237) size 90x434
            text run at (36,237) width 196: " when it asks. Talkback reports"
            text run at (54,0) width 31: "give "
            text run at (54,31) width 144: "us really valuable data "
            text run at (54,175) width 241: "on which crashes are the most serious,"
            text run at (72,0) width 59: "and how "
            text run at (72,59) width 191: "often people are encountering "
            text run at (72,250) width 184: "them. And all you have to do"
            text run at (90,0) width 94: "is click \"OK\". "
            text run at (90,94) width 338: "If you find something you think is a bug, check to see"
            text run at (108,0) width 108: "if it's not already "
          RenderInline {A} at (0,0) size 18x83 [color=#0000EE]
            RenderText {#text} at (108,108) size 18x83
              text run at (108,108) width 83: "known about"
          RenderText {#text} at (108,191) size 18x177
            text run at (108,191) width 109: ", and then please "
            text run at (108,300) width 68: "follow the "
          RenderInline {A} at (0,0) size 38x392 [color=#0000EE]
            RenderText {#text} at (108,368) size 39x392
              text run at (108,368) width 24: "bug"
              text run at (128,0) width 138: "submission procedure"
          RenderText {#text} at (128,137) size 19x4
            text run at (128,137) width 5: "."
      RenderBlock (floating) {DIV} at (196.19,0) size 400x82 [bgcolor=#008000]
        RenderBlock {P} at (16,0) size 18x82
          RenderText {#text} at (0,0) size 18x74
            text run at (0,0) width 74: "Hola hola 1"
        RenderBlock {P} at (50,0) size 18x82
          RenderText {#text} at (0,0) size 18x74
            text run at (0,0) width 74: "Hola hola 2"
        RenderBlock {P} at (84,0) size 18x82
          RenderText {#text} at (0,0) size 18x74
            text run at (0,0) width 74: "Hola hola 3"
        RenderBlock {P} at (118,0) size 18x82
          RenderText {#text} at (0,0) size 18x74
            text run at (0,0) width 74: "Hola hola 4"
        RenderBlock {P} at (152,0) size 18x82
          RenderText {#text} at (0,0) size 18x74
            text run at (0,0) width 74: "Hola hola 5"
        RenderBlock {P} at (196,0) size 18x82
          RenderText {#text} at (0,0) size 18x74
            text run at (0,0) width 74: "Hola hola 6"
        RenderBlock {P} at (230,0) size 18x82
          RenderText {#text} at (0,0) size 18x74
            text run at (0,0) width 74: "Hola hola 7"
        RenderBlock {P} at (264,0) size 18x82
          RenderText {#text} at (0,0) size 18x74
            text run at (0,0) width 74: "Hola hola 8"
        RenderBlock {P} at (298,0) size 18x82
          RenderText {#text} at (0,0) size 18x74
            text run at (0,0) width 74: "Hola hola 9"
        RenderBlock {P} at (332,0) size 18x82
          RenderText {#text} at (0,0) size 18x82
            text run at (0,0) width 82: "Hola hola 10"
        RenderBlock {P} at (366,0) size 18x82
          RenderText {#text} at (0,0) size 18x82
            text run at (0,0) width 82: "Hola hola 11"
      RenderBlock {DT} at (196.19,0) size 18x478.66
        RenderText {#text} at (0,0) size 18x117
          text run at (0,0) width 117: "Quality Assurance"
      RenderBlock {DD} at (230.19,40) size 108x438.66
        RenderBlock {P} at (0,0) size 108x438.66
          RenderInline {A} at (0,0) size 18x76 [color=#0000EE]
            RenderText {#text} at (0,0) size 18x76
              text run at (0,0) width 76: "Mozilla QA"
          RenderText {#text} at (0,76) size 18x40
            text run at (0,76) width 4: " "
            text run at (0,80) width 36: "has a "
          RenderInline {A} at (0,0) size 18x30 [color=#0000EE]
            RenderText {#text} at (0,116) size 18x30
              text run at (0,116) width 30: "page"
          RenderText {#text} at (0,146) size 90x437
            text run at (0,146) width 4: " "
            text run at (0,150) width 243: "dedicated to ways to get involved with"
            text run at (18,0) width 186: "helping. This doesn't involve "
            text run at (18,186) width 243: "knowing how to code, although a little"
            text run at (36,0) width 249: "knowledge of HTML is helpful. Being "
            text run at (36,249) width 133: "involved with QA is "
            text run at (36,382) width 54: "good for"
            text run at (54,0) width 260: "people wanting to get more familiar with "
            text run at (54,260) width 177: "Mozilla, and there's a strong"
            text run at (72,0) width 335: "community. A particularly good way to get involved "
            text run at (72,335) width 77: "is to join the"
          RenderInline {A} at (0,0) size 18x73 [color=#0000EE]
            RenderText {#text} at (90,0) size 18x73
              text run at (90,0) width 73: "BugAThon"
          RenderText {#text} at (90,73) size 18x4
            text run at (90,73) width 4: "."
