layer at (0,0) size 800x600
  RenderView at (0,0) size 800x600
layer at (0,0) size 800x600
  RenderBlock {HTML} at (0,0) size 800x600
    RenderBody {BODY} at (8,8) size 784x584
      RenderBlock {P} at (0,0) size 784x52
        RenderBlock (anonymous) at (0,0) size 784x0
          RenderInline {SPAN} at (0,0) size 0x0
        RenderBlock (anonymous) at (0,0) size 784x52
          RenderBlock {P} at (0,0) size 784x18
            RenderText {#text} at (0,0) size 775x18
              text run at (0,0) width 775: "There was a bug that HTMLTextFormControlElement::setSelectionRange crashed. This test requires ASAN or something."
          RenderBlock {P} at (0,34) size 784x18
            RenderText {#text} at (0,0) size 233x18
              text run at (0,0) width 233: "On success, you will see a series of \""
            RenderInline {SPAN} at (0,0) size 40x18 [color=#008000]
              RenderText {#text} at (233,0) size 40x18
                text run at (233,0) width 40: "PASS"
            RenderText {#text} at (273,0) size 165x18
              text run at (273,0) width 165: "\" messages, followed by \""
            RenderInline {SPAN} at (0,0) size 139x18 [color=#008000]
              RenderText {#text} at (438,0) size 139x18
                text run at (438,0) width 139: "TEST COMPLETE"
            RenderText {#text} at (577,0) size 11x18
              text run at (577,0) width 11: "\"."
        RenderBlock (anonymous) at (0,68) size 784x0
          RenderInline {SPAN} at (0,0) size 0x0
      RenderBlock {DIV} at (0,68) size 784x15
        RenderInline {SPAN} at (0,0) size 144x15
          RenderInline {SPAN} at (0,0) size 144x15
            RenderInline {SPAN} at (0,0) size 32x15 [color=#008000]
              RenderText {#text} at (0,0) size 32x15
                text run at (0,0) width 32: "PASS"
            RenderText {#text} at (32,0) size 112x15
              text run at (32,0) width 112: " if not crash."
          RenderBR {BR} at (144,12) size 0x0
      RenderBlock (anonymous) at (0,83) size 784x157
        RenderInline {APPLET} at (0,0) size 327x18
          RenderTextControl {INPUT} at (2,136) size 123x19 [bgcolor=#FFFFFF] [border: (2px inset #000000)]
          RenderEmbeddedObject {EMBED} at (127,0) size 200x150
        RenderText {#text} at (0,0) size 0x0
        RenderText {#text} at (0,0) size 0x0
        RenderText {#text} at (0,0) size 0x0
layer at (13,230) size 117x13
  RenderBlock {DIV} at (3,3) size 117x13
caret: position 0 of child 0 {DIV} of {#document-fragment} of child 0 {INPUT} of child 5 {APPLET} of body
