layer at (0,0) size 800x600
  RenderView at (0,0) size 800x600
layer at (0,0) size 800x53
  RenderBlock {html} at (0,0) size 800x53
    RenderBody {body} at (8,16) size 784x21
      RenderBlock {p} at (0,0) size 784x21
        RenderButton {button} at (0,0) size 531.02x21 [bgcolor=#C0C0C0] [border: (2px outset #C0C0C0)]
          RenderBlock (anonymous) at (8,3) size 515.02x15
            RenderText {#text} at (0,0) size 516x15
              text run at (0,0) width 516: "Activating (e.g. holding the mouse button down on) this button should make it go green."
