layer at (0,0) size 785x771
  RenderView at (0,0) size 785x600
layer at (0,0) size 785x600
  RenderBlock {html} at (0,0) size 785x600
    RenderBody {body} at (8,16) size 769x600
      RenderBlock {parsererror} at (16,0) size 737x134.88 [bgcolor=#FFDDDD] [border: (2px solid #CC7777)]
        RenderBlock {h3} at (18,20.72) size 701x21
          RenderText {#text} at (0,0) size 318x20
            text run at (0,0) width 318: "This page contains the following errors:"
        RenderBlock {div} at (18,60.44) size 701x14
          RenderText {#text} at (0,0) size 577x14
            text run at (0,0) width 577: "error on line 6 at column 7: Opening and ending tag mismatch: use line 0 and svg"
            text run at (576,0) width 1: " "
        RenderBlock {h3} at (18,93.16) size 701x21
          RenderText {#text} at (0,0) size 421x20
            text run at (0,0) width 421: "Below is a rendering of the page up to the first error."
      RenderBlock (anonymous) at (0,150.88) size 769x604
        RenderSVGRoot {svg} at (8,182) size 44x18
          RenderSVGText {text} at (0,16) size 44x17 contains 1 chunk(s)
            RenderSVGInlineText {#text} at (0,0) size 44x17
              chunk 1 text run 1 at (0.00,30.00) startOffset 0 endOffset 6 width 43.55: "Passed"
          RenderSVGContainer {use} at (8,166) size 0x1
