EDITING DELEGATE: webViewDidChangeSelection:WebViewDidChangeSelectionNotification
EDITING DELEGATE: webViewDidChangeSelection:WebViewDidChangeSelectionNotification
EDITING DELEGATE: webViewDidChange:WebViewDidChangeNotification
EDITING DELEGATE: webViewDidChangeSelection:WebViewDidChangeSelectionNotification
EDITING DELEGATE: webViewDidChange:WebViewDidChangeNotification
EDITING DELEGATE: webViewDidChangeSelection:WebViewDidChangeSelectionNotification
EDITING DELEGATE: webViewDidChange:WebViewDidChangeNotification
layer at (0,0) size 800x600
  RenderView at (0,0) size 800x600
layer at (0,0) size 800x600
  RenderBlock {HTML} at (0,0) size 800x600
    RenderBody {BODY} at (8,8) size 784x584
      RenderInline {SPAN} at (0,0) size 32x18
        RenderText {#text} at (0,0) size 32x18
          text run at (0,0) width 32: "\x{9}"
      RenderText {#text} at (32,0) size 473x18
        text run at (32,0) width 473: "This tests to see where the selection is set when an html element is focused."
      RenderBR {BR} at (505,14) size 0x0
      RenderText {#text} at (0,18) size 777x36
        text run at (0,18) width 520: "We set it inside the body because we don't want to allow editing outside the body. "
        text run at (520,18) width 253: "This test also does some editing to make"
        text run at (773,18) width 4: " "
        text run at (0,36) width 173: "sure it happens in the body."
caret: position 153 of child 3 {#text} of body
