layer at (0,0) size 800x600
  RenderView at (0,0) size 800x600
layer at (0,0) size 800x600
  RenderBlock {HTML} at (0,0) size 800x600
    RenderBody {BODY} at (8,8) size 784x584 [bgcolor=#FFFFFF]
      RenderTable {TABLE} at (0,0) size 49x134
        RenderTableSection {TBODY} at (0,0) size 49x134
          RenderTableRow {TR} at (0,2) size 49x20
            RenderTableCell {TD} at (2,2) size 45x20 [r=0 c=0 rs=1 cs=1]
              RenderText {#text} at (1,1) size 43x17
                text run at (1,1) width 43: "Row 0"
          RenderTableRow {TR} at (0,24) size 49x20
            RenderTableCell {TD} at (2,24) size 45x20 [r=1 c=0 rs=1 cs=1]
              RenderText {#text} at (1,1) size 43x17
                text run at (1,1) width 43: "Row 1"
          RenderTableRow {TR} at (0,46) size 49x20
            RenderTableCell {TD} at (2,46) size 45x20 [r=2 c=0 rs=1 cs=1]
              RenderText {#text} at (1,1) size 43x17
                text run at (1,1) width 43: "Row 2"
          RenderTableRow {TR} at (0,68) size 49x20
            RenderTableCell {TD} at (2,68) size 45x20 [r=3 c=0 rs=1 cs=1]
              RenderText {#text} at (1,1) size 43x17
                text run at (1,1) width 43: "Row 3"
          RenderTableRow {TR} at (0,90) size 49x20
            RenderTableCell {TD} at (2,90) size 45x20 [r=4 c=0 rs=1 cs=1]
              RenderText {#text} at (1,1) size 43x17
                text run at (1,1) width 43: "Row 4"
          RenderTableRow {TR} at (0,112) size 49x20
            RenderTableCell {TD} at (2,112) size 45x20 [r=5 c=0 rs=1 cs=1]
              RenderText {#text} at (1,1) size 43x17
                text run at (1,1) width 43: "Row 5"
      RenderBlock (anonymous) at (0,134) size 784x21
        RenderTextControl {INPUT} at (0,0) size 11x21 [bgcolor=#FFFFFF] [border: (2px inset #EEEEEE)]
        RenderText {#text} at (11,1) size 4x17
          text run at (11,1) width 4: " "
        RenderTextControl {INPUT} at (15,0) size 11x21 [bgcolor=#FFFFFF] [border: (2px inset #EEEEEE)]
        RenderText {#text} at (26,1) size 4x17
          text run at (26,1) width 4: " "
        RenderButton {INPUT} at (30,0) size 30.83x21 [bgcolor=#C0C0C0] [border: (2px outset #C0C0C0)]
          RenderBlock (anonymous) at (8,3) size 14.83x15
            RenderText {#text} at (0,0) size 15x15
              text run at (0,0) width 15: "go"
        RenderText {#text} at (0,0) size 0x0
layer at (10,145) size 7x15 scrollWidth 8
  RenderBlock {DIV} at (2,3) size 7x15
    RenderText {#text} at (0,0) size 8x15
      text run at (0,0) width 8: "2"
layer at (25,145) size 7x15 scrollWidth 8
  RenderBlock {DIV} at (2,3) size 7x15
    RenderText {#text} at (0,0) size 8x15
      text run at (0,0) width 8: "4"
