layer at (0,0) size 800x600
  RenderView at (0,0) size 800x600
layer at (0,0) size 800x92
  RenderBlock {HTML} at (0,0) size 800x92
    RenderBody {BODY} at (8,8) size 784x72
      RenderMathMLMath {math} at (0,0) size 784x72 [padding: 0 1 0 1]
        RenderMathMLRow {mrow} at (217,0) size 350x72
          RenderMathMLSubSup {msub} at (0,36) size 10x11
            RenderMathMLBlock (anonymous, flex) at (0,0) size 5x11 [padding: 0 0 2 0]
              RenderBlock {mi} at (0,0) size 5x9
                RenderText {#text} at (0,-6) size 5x15
                  text run at (0,-6) width 5: "\x{3B3}"
            RenderMathMLBlock (anonymous, flex) at (5,3) size 5x8
              RenderBlock {mn} at (0,0) size 5x8
                RenderText {#text} at (0,-3) size 5x12
                  text run at (0,-3) width 5: "1"
          RenderMathMLOperator {mo} at (12,36) size 11x7
            RenderMathMLBlock (flex) {mo} at (0,0) size 10x7
              RenderBlock (anonymous) at (0,0) size 10x7
                RenderText {mo} at (0,-5) size 10x14
                  text run at (0,-5) width 10: "\x{2261}"
          RenderMathMLSubSup {msub} at (24,36) size 11x11
            RenderMathMLBlock (anonymous, flex) at (0,0) size 5x11 [padding: 0 0 2 0]
              RenderBlock {mi} at (0,0) size 5x9
                RenderText {#text} at (0,-6) size 5x15
                  text run at (0,-6) width 5: "\x{3B3}"
            RenderMathMLBlock (anonymous, flex) at (5,3) size 5x8
              RenderBlock {mn} at (0,0) size 5x8
                RenderText {#text} at (0,-3) size 5x12
                  text run at (0,-3) width 5: "2"
          RenderMathMLOperator {mo} at (37,35) size 18x8
            RenderMathMLBlock (flex) {mo} at (0,0) size 17x8
              RenderBlock (anonymous) at (0,0) size 17x8
                RenderText {mo} at (0,-4) size 17x14
                  text run at (0,-4) width 17: "\x{27FA}"
          RenderMathMLFenced {mfenced} at (56,0) size 293x72
            RenderMathMLOperator {mfenced} at (1,0) size 10x72
            RenderMathMLTable {mtable} at (11,9) size 273x60
              RenderTableSection (anonymous) at (0,0) size 272x60
                RenderTableRow {mtr} at (0,0) size 272x21
                  RenderTableCell {mtd} at (0,0) size 272x21 [r=0 c=0 rs=1 cs=1]
                    RenderMathMLSubSup {msub} at (3,7) size 10x11
                      RenderMathMLBlock (anonymous, flex) at (0,0) size 5x11 [padding: 0 0 2 0]
                        RenderBlock {mi} at (0,0) size 5x9
                          RenderText {#text} at (0,-6) size 5x15
                            text run at (0,-6) width 5: "\x{3B3}"
                      RenderMathMLBlock (anonymous, flex) at (5,3) size 5x8
                        RenderBlock {mn} at (0,0) size 5x8
                          RenderText {#text} at (0,-3) size 5x12
                            text run at (0,-3) width 5: "1"
                    RenderText {#text} at (13,1) size 3x15
                      text run at (13,1) width 3: " "
                    RenderMathMLOperator {mo} at (18,13) size 1x1
                      RenderMathMLBlock (flex) {mo} at (0,0) size 0x1
                        RenderBlock (anonymous) at (0,0) size 0x1
                          RenderText {mo} at (0,-11) size 0x14
                            text run at (0,-11) width 0: "\x{2061}"
                    RenderText {#text} at (20,1) size 4x15
                      text run at (20,1) width 4: " "
                    RenderMathMLFenced {mfenced} at (23,3) size 24x11
                      RenderMathMLOperator {mfenced} at (1,0) size 7x11
                        RenderMathMLBlock (flex) {mfenced} at (0,0) size 6x11
                          RenderBlock (anonymous) at (0,0) size 6x11
                            RenderText {mfenced} at (0,-1) size 5x14
                              text run at (0,-1) width 5: "("
                      RenderBlock {mn} at (8,1) size 7x10
                        RenderText {#text} at (0,-3) size 6x15
                          text run at (0,-3) width 6: "0"
                      RenderMathMLOperator {mfenced} at (15,0) size 7x11
                        RenderMathMLBlock (flex) {mfenced} at (0,0) size 6x11
                          RenderBlock (anonymous) at (0,0) size 6x11
                            RenderText {mfenced} at (0,-1) size 5x14
                              text run at (0,-1) width 5: ")"
                    RenderText {#text} at (46,1) size 4x15
                      text run at (46,1) width 4: " "
                    RenderMathMLOperator {mo} at (51,8) size 11x6
                      RenderMathMLBlock (flex) {mo} at (0,0) size 10x6
                        RenderBlock (anonymous) at (0,0) size 10x6
                          RenderText {mo} at (0,-6) size 10x14
                            text run at (0,-6) width 10: "="
                    RenderText {#text} at (64,1) size 4x15
                      text run at (64,1) width 4: " "
                    RenderMathMLSubSup {msub} at (67,7) size 11x11
                      RenderMathMLBlock (anonymous, flex) at (0,0) size 5x11 [padding: 0 0 2 0]
                        RenderBlock {mi} at (0,0) size 5x9
                          RenderText {#text} at (0,-6) size 5x15
                            text run at (0,-6) width 5: "\x{3B3}"
                      RenderMathMLBlock (anonymous, flex) at (5,3) size 5x8
                        RenderBlock {mn} at (0,0) size 5x8
                          RenderText {#text} at (0,-3) size 5x12
                            text run at (0,-3) width 5: "2"
                    RenderText {#text} at (77,1) size 4x15
                      text run at (77,1) width 4: " "
                    RenderMathMLOperator {mo} at (82,13) size 1x1
                      RenderMathMLBlock (flex) {mo} at (0,0) size 0x1
                        RenderBlock (anonymous) at (0,0) size 0x1
                          RenderText {mo} at (0,-11) size 0x14
                            text run at (0,-11) width 0: "\x{2061}"
                    RenderText {#text} at (85,1) size 4x15
                      text run at (85,1) width 4: " "
                    RenderMathMLFenced {mfenced} at (88,3) size 23x11
                      RenderMathMLOperator {mfenced} at (1,0) size 7x11
                        RenderMathMLBlock (flex) {mfenced} at (0,0) size 6x11
                          RenderBlock (anonymous) at (0,0) size 6x11
                            RenderText {mfenced} at (0,-1) size 5x14
                              text run at (0,-1) width 5: "("
                      RenderBlock {mn} at (8,1) size 7x10
                        RenderText {#text} at (0,-3) size 6x15
                          text run at (0,-3) width 6: "0"
                      RenderMathMLOperator {mfenced} at (15,0) size 7x11
                        RenderMathMLBlock (flex) {mfenced} at (0,0) size 6x11
                          RenderBlock (anonymous) at (0,0) size 6x11
                            RenderText {mfenced} at (0,-1) size 5x14
                              text run at (0,-1) width 5: ")"
                    RenderText {#text} at (110,1) size 4x15
                      text run at (110,1) width 4: " "
                    RenderMathMLOperator {mo} at (116,8) size 11x6
                      RenderMathMLBlock (flex) {mo} at (0,0) size 10x6
                        RenderBlock (anonymous) at (0,0) size 10x6
                          RenderText {mo} at (0,-6) size 10x14
                            text run at (0,-6) width 10: "="
                    RenderText {#text} at (128,1) size 4x15
                      text run at (128,1) width 4: " "
                    RenderInline {mi} at (0,0) size 8x15
                      RenderText {#text} at (131,1) size 7x15
                        text run at (131,1) width 7: "p"
                    RenderText {#text} at (138,1) size 4x15
                      text run at (138,1) width 4: " "
                    RenderInline {mtext} at (0,0) size 24x15
                      RenderText {#text} at (141,1) size 24x15
                        text run at (141,1) width 24: ", and"
                    RenderText {#text} at (0,0) size 0x0
                RenderTableRow {mtr} at (0,21) size 272x39
                  RenderTableCell {mtd} at (0,21) size 272x39 [r=1 c=0 rs=1 cs=1]
                    RenderMathMLSubSup {msub} at (3,3) size 123x33
                      RenderMathMLBlock (anonymous, flex) at (0,0) size 102x33
                        RenderMathMLFenced {mfenced} at (0,0) size 102x33
                          RenderMathMLOperator {mfenced} at (1,0) size 7x33
                          RenderMathMLRow {mrow} at (8,2) size 83x28
                            RenderMathMLFraction {mfrac} at (1,0) size 16x28
                              RenderMathMLBlock (anonymous, flex) at (0,0) size 16x14
                                RenderMathMLOperator {mo} at (3,0) size 10x11
                                  RenderMathMLBlock (flex) {mo} at (0,0) size 9x11
                                    RenderBlock (anonymous) at (0,0) size 9x11
                                      RenderText {mo} at (0,-1) size 9x14
                                        text run at (0,-1) width 9: "\x{2146}"
                              RenderMathMLBlock (anonymous, flex) at (0,13) size 16x15 [padding: 1 0 0 0]
                                RenderMathMLRow {mrow} at (0,3) size 16x12
                                  RenderMathMLOperator {mo} at (1,0) size 10x11
                                    RenderMathMLBlock (flex) {mo} at (0,0) size 9x11
                                      RenderBlock (anonymous) at (0,0) size 9x11
                                        RenderText {mo} at (0,-1) size 9x14
                                          text run at (0,-1) width 9: "\x{2146}"
                                  RenderBlock {mi} at (11,2) size 5x9
                                    RenderText {#text} at (0,-4) size 3x15
                                      text run at (0,-4) width 3: "t"
                            RenderMathMLOperator {mo} at (19,17) size 1x1
                              RenderMathMLBlock (flex) {mo} at (0,0) size 0x1
                                RenderBlock (anonymous) at (0,0) size 0x1
                                  RenderText {mo} at (0,-11) size 0x14
                                    text run at (0,-11) width 0: "\x{2061}"
                            RenderBlock {mi} at (22,7) size 10x13
                              RenderText {#text} at (0,-2) size 8x15
                                text run at (0,-2) width 8: "\x{3D5}"
                            RenderMathMLOperator {mo} at (34,11) size 10x7
                              RenderMathMLBlock (flex) {mo} at (0,0) size 9x7
                                RenderBlock (anonymous) at (0,0) size 9x7
                                  RenderText {mo} at (0,-7) size 9x17
                                    text run at (0,-7) width 9: "\x{2218}"
                            RenderMathMLSubSup {msub} at (46,11) size 11x11
                              RenderMathMLBlock (anonymous, flex) at (0,0) size 5x11 [padding: 0 0 2 0]
                                RenderBlock {mi} at (0,0) size 5x9
                                  RenderText {#text} at (0,-6) size 5x15
                                    text run at (0,-6) width 5: "\x{3B3}"
                              RenderMathMLBlock (anonymous, flex) at (5,3) size 5x8
                                RenderBlock {mn} at (0,0) size 5x8
                                  RenderText {#text} at (0,-3) size 5x12
                                    text run at (0,-3) width 5: "1"
                            RenderMathMLOperator {mo} at (58,17) size 1x1
                              RenderMathMLBlock (flex) {mo} at (0,0) size 0x1
                                RenderBlock (anonymous) at (0,0) size 0x1
                                  RenderText {mo} at (0,-11) size 0x14
                                    text run at (0,-11) width 0: "\x{2061}"
                            RenderMathMLFenced {mfenced} at (61,7) size 21x11
                              RenderMathMLOperator {mfenced} at (1,0) size 7x11
                                RenderMathMLBlock (flex) {mfenced} at (0,0) size 6x11
                                  RenderBlock (anonymous) at (0,0) size 6x11
                                    RenderText {mfenced} at (0,-1) size 5x14
                                      text run at (0,-1) width 5: "("
                              RenderBlock {mi} at (8,2) size 5x9
                                RenderText {#text} at (0,-4) size 3x15
                                  text run at (0,-4) width 3: "t"
                              RenderMathMLOperator {mfenced} at (13,0) size 7x11
                                RenderMathMLBlock (flex) {mfenced} at (0,0) size 6x11
                                  RenderBlock (anonymous) at (0,0) size 6x11
                                    RenderText {mfenced} at (0,-1) size 5x14
                                      text run at (0,-1) width 5: ")"
                            RenderBlock {mspace} at (82,17) size 0x0
                          RenderMathMLOperator {mfenced} at (91,0) size 10x33
                      RenderMathMLBlock (anonymous, flex) at (101,25) size 22x8
                        RenderMathMLRow {mrow} at (0,0) size 21x8
                          RenderBlock {mspace} at (0,7) size 0x0
                          RenderBlock {mi} at (0,1) size 4x7
                            RenderText {#text} at (0,-2) size 3x10
                              text run at (0,-2) width 3: "t"
                          RenderMathMLOperator {mo} at (5,3) size 9x5
                            RenderMathMLBlock (flex) {mo} at (0,0) size 8x5
                              RenderBlock (anonymous) at (0,0) size 8x5
                                RenderText {mo} at (0,-4) size 8x10
                                  text run at (0,-4) width 8: "="
                          RenderBlock {mn} at (15,0) size 6x8
                            RenderText {#text} at (0,-3) size 5x12
                              text run at (0,-3) width 5: "0"
                    RenderText {#text} at (125,10) size 4x15
                      text run at (125,10) width 4: " "
                    RenderMathMLOperator {mo} at (130,17) size 11x6
                      RenderMathMLBlock (flex) {mo} at (0,0) size 10x6
                        RenderBlock (anonymous) at (0,0) size 10x6
                          RenderText {mo} at (0,-6) size 10x14
                            text run at (0,-6) width 10: "="
                    RenderText {#text} at (143,10) size 4x15
                      text run at (143,10) width 4: " "
                    RenderMathMLSubSup {msub} at (146,3) size 123x33
                      RenderMathMLBlock (anonymous, flex) at (0,0) size 102x33
                        RenderMathMLFenced {mfenced} at (0,0) size 102x33
                          RenderMathMLOperator {mfenced} at (1,0) size 7x33
                          RenderMathMLRow {mrow} at (8,2) size 83x28
                            RenderMathMLFraction {mfrac} at (1,0) size 16x28
                              RenderMathMLBlock (anonymous, flex) at (0,0) size 16x14
                                RenderMathMLOperator {mo} at (3,0) size 10x11
                                  RenderMathMLBlock (flex) {mo} at (0,0) size 9x11
                                    RenderBlock (anonymous) at (0,0) size 9x11
                                      RenderText {mo} at (0,-1) size 9x14
                                        text run at (0,-1) width 9: "\x{2146}"
                              RenderMathMLBlock (anonymous, flex) at (0,13) size 16x15 [padding: 1 0 0 0]
                                RenderMathMLRow {mrow} at (0,3) size 16x12
                                  RenderMathMLOperator {mo} at (1,0) size 10x11
                                    RenderMathMLBlock (flex) {mo} at (0,0) size 9x11
                                      RenderBlock (anonymous) at (0,0) size 9x11
                                        RenderText {mo} at (0,-1) size 9x14
                                          text run at (0,-1) width 9: "\x{2146}"
                                  RenderBlock {mi} at (11,2) size 5x9
                                    RenderText {#text} at (0,-4) size 3x15
                                      text run at (0,-4) width 3: "t"
                            RenderMathMLOperator {mo} at (19,17) size 1x1
                              RenderMathMLBlock (flex) {mo} at (0,0) size 0x1
                                RenderBlock (anonymous) at (0,0) size 0x1
                                  RenderText {mo} at (0,-11) size 0x14
                                    text run at (0,-11) width 0: "\x{2061}"
                            RenderBlock {mi} at (22,7) size 10x13
                              RenderText {#text} at (0,-2) size 8x15
                                text run at (0,-2) width 8: "\x{3D5}"
                            RenderMathMLOperator {mo} at (34,11) size 10x7
                              RenderMathMLBlock (flex) {mo} at (0,0) size 9x7
                                RenderBlock (anonymous) at (0,0) size 9x7
                                  RenderText {mo} at (0,-7) size 9x17
                                    text run at (0,-7) width 9: "\x{2218}"
                            RenderMathMLSubSup {msub} at (46,11) size 11x11
                              RenderMathMLBlock (anonymous, flex) at (0,0) size 5x11 [padding: 0 0 2 0]
                                RenderBlock {mi} at (0,0) size 5x9
                                  RenderText {#text} at (0,-6) size 5x15
                                    text run at (0,-6) width 5: "\x{3B3}"
                              RenderMathMLBlock (anonymous, flex) at (5,3) size 5x8
                                RenderBlock {mn} at (0,0) size 5x8
                                  RenderText {#text} at (0,-3) size 5x12
                                    text run at (0,-3) width 5: "2"
                            RenderMathMLOperator {mo} at (58,17) size 1x1
                              RenderMathMLBlock (flex) {mo} at (0,0) size 0x1
                                RenderBlock (anonymous) at (0,0) size 0x1
                                  RenderText {mo} at (0,-11) size 0x14
                                    text run at (0,-11) width 0: "\x{2061}"
                            RenderMathMLFenced {mfenced} at (61,7) size 21x11
                              RenderMathMLOperator {mfenced} at (1,0) size 7x11
                                RenderMathMLBlock (flex) {mfenced} at (0,0) size 6x11
                                  RenderBlock (anonymous) at (0,0) size 6x11
                                    RenderText {mfenced} at (0,-1) size 5x14
                                      text run at (0,-1) width 5: "("
                              RenderBlock {mi} at (8,2) size 5x9
                                RenderText {#text} at (0,-4) size 3x15
                                  text run at (0,-4) width 3: "t"
                              RenderMathMLOperator {mfenced} at (13,0) size 7x11
                                RenderMathMLBlock (flex) {mfenced} at (0,0) size 6x11
                                  RenderBlock (anonymous) at (0,0) size 6x11
                                    RenderText {mfenced} at (0,-1) size 5x14
                                      text run at (0,-1) width 5: ")"
                            RenderBlock {mspace} at (82,17) size 0x0
                          RenderMathMLOperator {mfenced} at (91,0) size 10x33
                      RenderMathMLBlock (anonymous, flex) at (101,25) size 22x8
                        RenderMathMLRow {mrow} at (0,0) size 21x8
                          RenderBlock {mspace} at (0,7) size 0x0
                          RenderBlock {mi} at (0,1) size 4x7
                            RenderText {#text} at (0,-2) size 3x10
                              text run at (0,-2) width 3: "t"
                          RenderMathMLOperator {mo} at (5,3) size 9x5
                            RenderMathMLBlock (flex) {mo} at (0,0) size 8x5
                              RenderBlock (anonymous) at (0,0) size 8x5
                                RenderText {mo} at (0,-4) size 8x10
                                  text run at (0,-4) width 8: "="
                          RenderBlock {mn} at (15,0) size 6x8
                            RenderText {#text} at (0,-3) size 5x12
                              text run at (0,-3) width 5: "0"
                    RenderText {#text} at (0,0) size 0x0
            RenderMathMLOperator {mfenced} at (284,0) size 7x72
layer at (284,8) size 9x14
  RenderMathMLBlock (flex) {mfenced} at (0,0) size 9x14
    RenderBlock (anonymous) at (0,0) size 9x14
      RenderText {mfenced} at (0,-1) size 9x14
        text run at (0,-1) width 9: "\x{23A7}"
layer at (284,22) size 9x13 scrollHeight 14
  RenderMathMLBlock (flex) {mfenced} at (0,14) size 9x13
    RenderBlock (anonymous) at (0,0) size 9x13
layer at (284,35) size 9x3 scrollHeight 14
  RenderMathMLBlock (flex) {mfenced} at (0,27) size 9x3
    RenderBlock (anonymous) at (0,0) size 9x3
layer at (284,38) size 9x13 scrollHeight 14
  RenderMathMLBlock (flex) {mfenced} at (0,30) size 9x13
    RenderBlock (anonymous) at (0,0) size 9x13
layer at (284,51) size 9x13 scrollHeight 14
  RenderMathMLBlock (flex) {mfenced} at (0,43) size 9x13
    RenderBlock (anonymous) at (0,0) size 9x13
layer at (284,64) size 9x3 scrollHeight 14
  RenderMathMLBlock (flex) {mfenced} at (0,56) size 9x3
    RenderBlock (anonymous) at (0,0) size 9x3
layer at (284,67) size 9x13
  RenderMathMLBlock (flex) {mfenced} at (0,59) size 9x13
    RenderBlock (anonymous) at (0,0) size 9x13
layer at (298,41) size 6x14
  RenderMathMLBlock (flex) {mfenced} at (0,0) size 6x14
    RenderBlock (anonymous) at (0,0) size 6x14
      RenderText {mfenced} at (0,-1) size 6x14
        text run at (0,-1) width 6: "\x{239B}"
layer at (298,55) size 6x6 scrollHeight 14
  RenderMathMLBlock (flex) {mfenced} at (0,14) size 6x6
    RenderBlock (anonymous) at (0,0) size 6x6
layer at (298,61) size 6x13
  RenderMathMLBlock (flex) {mfenced} at (0,20) size 6x13
    RenderBlock (anonymous) at (0,0) size 6x13
layer at (388,41) size 9x14
  RenderMathMLBlock (flex) {mfenced} at (0,0) size 9x14
    RenderBlock (anonymous) at (0,0) size 9x14
      RenderText {mfenced} at (0,-1) size 9x14
        text run at (0,-1) width 9: "\x{23AA}"
layer at (388,55) size 9x5 scrollHeight 14
  RenderMathMLBlock (flex) {mfenced} at (0,14) size 9x5
    RenderBlock (anonymous) at (0,0) size 9x5
layer at (388,60) size 9x14
  RenderMathMLBlock (flex) {mfenced} at (0,19) size 9x14
    RenderBlock (anonymous) at (0,0) size 9x14
layer at (441,41) size 6x14
  RenderMathMLBlock (flex) {mfenced} at (0,0) size 6x14
    RenderBlock (anonymous) at (0,0) size 6x14
      RenderText {mfenced} at (0,-1) size 6x14
        text run at (0,-1) width 6: "\x{239B}"
layer at (441,55) size 6x6 scrollHeight 14
  RenderMathMLBlock (flex) {mfenced} at (0,14) size 6x6
    RenderBlock (anonymous) at (0,0) size 6x6
layer at (441,61) size 6x13
  RenderMathMLBlock (flex) {mfenced} at (0,20) size 6x13
    RenderBlock (anonymous) at (0,0) size 6x13
layer at (531,41) size 9x14
  RenderMathMLBlock (flex) {mfenced} at (0,0) size 9x14
    RenderBlock (anonymous) at (0,0) size 9x14
      RenderText {mfenced} at (0,-1) size 9x14
        text run at (0,-1) width 9: "\x{23AA}"
layer at (531,55) size 9x5 scrollHeight 14
  RenderMathMLBlock (flex) {mfenced} at (0,14) size 9x5
    RenderBlock (anonymous) at (0,0) size 9x5
layer at (531,60) size 9x14
  RenderMathMLBlock (flex) {mfenced} at (0,19) size 9x14
    RenderBlock (anonymous) at (0,0) size 9x14
layer at (567,8) size 6x14
  RenderMathMLBlock (flex) {mfenced} at (0,0) size 6x14
    RenderBlock (anonymous) at (0,0) size 6x14
      RenderText {mfenced} at (0,-1) size 6x14
        text run at (0,-1) width 6: "\x{239E}"
layer at (567,22) size 6x13 scrollHeight 14
  RenderMathMLBlock (flex) {mfenced} at (0,14) size 6x13
    RenderBlock (anonymous) at (0,0) size 6x13
layer at (567,35) size 6x13 scrollHeight 14
  RenderMathMLBlock (flex) {mfenced} at (0,27) size 6x13
    RenderBlock (anonymous) at (0,0) size 6x13
layer at (567,48) size 6x13 scrollHeight 14
  RenderMathMLBlock (flex) {mfenced} at (0,40) size 6x13
    RenderBlock (anonymous) at (0,0) size 6x13
layer at (567,61) size 6x6 scrollHeight 14
  RenderMathMLBlock (flex) {mfenced} at (0,53) size 6x6
    RenderBlock (anonymous) at (0,0) size 6x6
layer at (567,67) size 6x13
  RenderMathMLBlock (flex) {mfenced} at (0,59) size 6x13
    RenderBlock (anonymous) at (0,0) size 6x13
layer at (284,21) size 9x14 backgroundClip at (284,22) size 9x13 clip at (284,22) size 9x13 outlineClip at (284,22) size 9x13
  RenderBlock (generated) at (0,0) size 9x14
    RenderText {mfenced} at (0,-1) size 9x14
      text run at (0,-1) width 9: "\x{23AA}"
layer at (284,34) size 9x14 backgroundClip at (284,35) size 9x3 clip at (284,35) size 9x3 outlineClip at (284,35) size 9x3
  RenderBlock (generated) at (0,0) size 9x14
    RenderText {mfenced} at (0,-1) size 9x14
      text run at (0,-1) width 9: "\x{23AA}"
layer at (284,37) size 9x14 backgroundClip at (284,38) size 9x13 clip at (284,38) size 9x13 outlineClip at (284,38) size 9x13
  RenderBlock (generated) at (0,0) size 9x14
    RenderText {mfenced} at (0,-1) size 9x14
      text run at (0,-1) width 9: "\x{23A8}"
layer at (284,50) size 9x14 backgroundClip at (284,51) size 9x13 clip at (284,51) size 9x13 outlineClip at (284,51) size 9x13
  RenderBlock (generated) at (0,0) size 9x14
    RenderText {mfenced} at (0,-1) size 9x14
      text run at (0,-1) width 9: "\x{23AA}"
layer at (284,63) size 9x14 backgroundClip at (284,64) size 9x3 clip at (284,64) size 9x3 outlineClip at (284,64) size 9x3
  RenderBlock (generated) at (0,0) size 9x14
    RenderText {mfenced} at (0,-1) size 9x14
      text run at (0,-1) width 9: "\x{23AA}"
layer at (284,66) size 9x13 backgroundClip at (284,67) size 9x13 clip at (284,67) size 9x13 outlineClip at (284,67) size 9x13
  RenderBlock (generated) at (0,0) size 9x13
    RenderText {mfenced} at (0,-1) size 9x14
      text run at (0,-1) width 9: "\x{23A9}"
layer at (298,54) size 6x14 backgroundClip at (298,55) size 6x6 clip at (298,55) size 6x6 outlineClip at (298,55) size 6x6
  RenderBlock (generated) at (0,0) size 6x14
    RenderText {mfenced} at (0,-1) size 6x14
      text run at (0,-1) width 6: "\x{239C}"
layer at (298,60) size 6x13 backgroundClip at (298,61) size 6x13 clip at (298,61) size 6x13 outlineClip at (298,61) size 6x13
  RenderBlock (generated) at (0,0) size 6x13
    RenderText {mfenced} at (0,-1) size 6x14
      text run at (0,-1) width 6: "\x{239D}"
layer at (388,54) size 9x14 backgroundClip at (388,55) size 9x5 clip at (388,55) size 9x5 outlineClip at (388,55) size 9x5
  RenderBlock (generated) at (0,0) size 9x14
    RenderText {mfenced} at (0,-1) size 9x14
      text run at (0,-1) width 9: "\x{23AA}"
layer at (388,59) size 9x14 backgroundClip at (388,60) size 9x14 clip at (388,60) size 9x14 outlineClip at (388,60) size 9x14
  RenderBlock (generated) at (0,0) size 9x14
    RenderText {mfenced} at (0,-1) size 9x14
      text run at (0,-1) width 9: "\x{23AA}"
layer at (441,54) size 6x14 backgroundClip at (441,55) size 6x6 clip at (441,55) size 6x6 outlineClip at (441,55) size 6x6
  RenderBlock (generated) at (0,0) size 6x14
    RenderText {mfenced} at (0,-1) size 6x14
      text run at (0,-1) width 6: "\x{239C}"
layer at (441,60) size 6x13 backgroundClip at (441,61) size 6x13 clip at (441,61) size 6x13 outlineClip at (441,61) size 6x13
  RenderBlock (generated) at (0,0) size 6x13
    RenderText {mfenced} at (0,-1) size 6x14
      text run at (0,-1) width 6: "\x{239D}"
layer at (531,54) size 9x14 backgroundClip at (531,55) size 9x5 clip at (531,55) size 9x5 outlineClip at (531,55) size 9x5
  RenderBlock (generated) at (0,0) size 9x14
    RenderText {mfenced} at (0,-1) size 9x14
      text run at (0,-1) width 9: "\x{23AA}"
layer at (531,59) size 9x14 backgroundClip at (531,60) size 9x14 clip at (531,60) size 9x14 outlineClip at (531,60) size 9x14
  RenderBlock (generated) at (0,0) size 9x14
    RenderText {mfenced} at (0,-1) size 9x14
      text run at (0,-1) width 9: "\x{23AA}"
layer at (567,21) size 6x14 backgroundClip at (567,22) size 6x13 clip at (567,22) size 6x13 outlineClip at (567,22) size 6x13
  RenderBlock (generated) at (0,0) size 6x14
    RenderText {mfenced} at (0,-1) size 6x14
      text run at (0,-1) width 6: "\x{239F}"
layer at (567,34) size 6x14 backgroundClip at (567,35) size 6x13 clip at (567,35) size 6x13 outlineClip at (567,35) size 6x13
  RenderBlock (generated) at (0,0) size 6x14
    RenderText {mfenced} at (0,-1) size 6x14
      text run at (0,-1) width 6: "\x{239F}"
layer at (567,47) size 6x14 backgroundClip at (567,48) size 6x13 clip at (567,48) size 6x13 outlineClip at (567,48) size 6x13
  RenderBlock (generated) at (0,0) size 6x14
    RenderText {mfenced} at (0,-1) size 6x14
      text run at (0,-1) width 6: "\x{239F}"
layer at (567,60) size 6x14 backgroundClip at (567,61) size 6x6 clip at (567,61) size 6x6 outlineClip at (567,61) size 6x6
  RenderBlock (generated) at (0,0) size 6x14
    RenderText {mfenced} at (0,-1) size 6x14
      text run at (0,-1) width 6: "\x{239F}"
layer at (567,66) size 6x13 backgroundClip at (567,67) size 6x13 clip at (567,67) size 6x13 outlineClip at (567,67) size 6x13
  RenderBlock (generated) at (0,0) size 6x13
    RenderText {mfenced} at (0,-1) size 6x14
      text run at (0,-1) width 6: "\x{23A0}"
