layer at (0,0) size 800x600
  RenderView at (0,0) size 800x600
layer at (0,0) size 800x60
  RenderBlock {HTML} at (0,0) size 800x60
    RenderBody {BODY} at (8,8) size 784x44
      RenderBR {BR} at (154,1) size 0x19
      RenderTextControl {INPUT} at (0,22) size 154x22 [bgcolor=#FFFFFF] [border: (2px inset #EEEEEE)]
        RenderFlexibleBox {DIV} at (2,3) size 150x16
          RenderBlock {DIV} at (0,0) size 135x16
      RenderText {#text} at (0,0) size 0x0
layer at (10,33) size 135x16
  RenderBlock {DIV} at (0,0) size 135x16
    RenderText {#text} at (0,0) size 14x16
      text run at (0,0) width 14: "10"
layer at (8,8) size 154x22 transparent
  RenderTextControl {INPUT} at (0,0) size 154x22 [bgcolor=#FFFFFF] [border: (2px inset #EEEEEE)]
    RenderFlexibleBox {DIV} at (2,3) size 150x16
      RenderBlock {DIV} at (0,0) size 135x16
layer at (10,11) size 135x16
  RenderBlock {DIV} at (0,0) size 135x16
    RenderText {#text} at (0,0) size 14x16
      text run at (0,0) width 14: "10"
layer at (145,11) size 15x16 transparent
  RenderBlock {DIV} at (135,0) size 15x16
layer at (145,33) size 15x16 transparent
  RenderBlock {DIV} at (135,0) size 15x16
