layer at (0,0) size 800x600
  RenderView at (0,0) size 800x600
layer at (0,0) size 800x600
  RenderBlock {HTML} at (0,0) size 800x600
    RenderBody {BODY} at (8,8) size 784x584
      RenderInline {SPAN} at (0,0) size 628x17
        RenderText {#text} at (0,0) size 628x17
          text run at (0,0) width 628: "Success! The width of the fixed table is 1994px, which is based on the width of its containing div."
      RenderText {#text} at (0,0) size 0x0
      RenderText {#text} at (0,0) size 0x0
layer at (-9000,8) size 2000x30 backgroundClip at (0,0) size 800x600 clip at (0,0) size 800x600 outlineClip at (0,0) size 800x600
  RenderBlock (positioned) {DIV} at (-9000,8) size 2000x30
    RenderTable {TABLE} at (0,0) size 2000x30 [bgcolor=#0000FF]
      RenderTableSection {TBODY} at (0,0) size 2000x30
        RenderTableRow {TR} at (0,2) size 2000x26
          RenderTableCell {TD} at (2,2) size 1996x26 [r=0 c=0 rs=1 cs=1]
            RenderTable {TABLE} at (1,1) size 1994x24 [bgcolor=#008000]
              RenderTableSection {TBODY} at (0,0) size 1994x24
                RenderTableRow {TR} at (0,2) size 1994x20
                  RenderTableCell {TD} at (2,2) size 1990x20 [r=0 c=0 rs=1 cs=1]
                    RenderText {#text} at (1,1) size 51x17
                      text run at (1,1) width 51: "Content"
