layer at (0,0) size 804x1299
  RenderView at (0,0) size 785x585
layer at (0,0) size 785x1299
  RenderBlock {HTML} at (0,0) size 785x1299
    RenderBody {BODY} at (8,8) size 769x1283
      RenderBlock {SECTION} at (0,0) size 795.56x1267
        RenderBlock {H1} at (0,0) size 795.56x27
          RenderText {#text} at (0,0) size 285x26
            text run at (0,0) width 285: "Font Size Scaling Pixel Test"
        RenderBlock {P} at (0,31) size 795.56x18
          RenderText {#text} at (0,0) size 754x17
            text run at (0,0) width 245: "Size of the text should scale smoothly. "
            text run at (245,0) width 509: "Reported width should be within 0.01px of that of the highlighted reference row."
        RenderBlock {DIV} at (0,53) size 795.56x1214
          RenderBlock {DIV} at (0,0) size 795.56x12 [border: none (1px solid #000000) none]
            RenderBlock {DIV} at (0,0) size 67.39x11
              RenderText {#text} at (18,0) size 44x11
                text run at (18,0) width 44: "Font Size"
            RenderBlock {DIV} at (67.39,0) size 67.39x11
              RenderText {#text} at (36,0) size 26x11
                text run at (36,0) width 26: "Width"
            RenderBlock {DIV} at (134.78,0) size 67.39x11
              RenderText {#text} at (11,0) size 51x11
                text run at (11,0) width 51: "Normalized"
            RenderBlock {DIV} at (202.17,0) size 67.39x11
              RenderText {#text} at (47,0) size 15x11
                text run at (47,0) width 15: "Diff"
            RenderInline {SPAN} at (0,0) size 38x11
              RenderText {#text} at (269,0) size 38x11
                text run at (269,0) width 38: "Content"
          RenderBlock {DIV} at (0,12) size 795.56x11
            RenderBlock {DIV} at (0,0) size 67.39x11
              RenderText {#text} at (35,0) size 27x11
                text run at (35,0) width 27: "10.00"
            RenderBlock {DIV} at (67.39,0) size 67.39x11
              RenderText {#text} at (29,0) size 33x11
                text run at (29,0) width 33: "221.00"
            RenderBlock {DIV} at (134.78,0) size 67.39x11
              RenderText {#text} at (29,0) size 33x11
                text run at (29,0) width 33: "265.20"
            RenderBlock {DIV} at (202.17,0) size 67.39x11 [color=#FF0000]
              RenderText {#text} at (41,0) size 21x11
                text run at (41,0) width 21: "4.20"
            RenderInline {SPAN} at (0,0) size 222x11
              RenderText {#text} at (269,0) size 222x11
                text run at (269,0) width 222: "Amazingly few discotheques provide jukeboxes."
          RenderBlock {DIV} at (0,23) size 795.56x11
            RenderBlock {DIV} at (0,0) size 67.39x11
              RenderText {#text} at (35,0) size 27x11
                text run at (35,0) width 27: "10.25"
            RenderBlock {DIV} at (67.39,0) size 67.39x11
              RenderText {#text} at (29,0) size 33x11
                text run at (29,0) width 33: "222.00"
            RenderBlock {DIV} at (134.78,0) size 67.39x11
              RenderText {#text} at (29,0) size 33x11
                text run at (29,0) width 33: "259.90"
            RenderBlock {DIV} at (202.17,0) size 67.39x11 [color=#FF0000]
              RenderText {#text} at (38,0) size 24x11
                text run at (38,0) width 24: "-1.10"
            RenderInline {SPAN} at (0,0) size 223x11
              RenderText {#text} at (269,0) size 223x11
                text run at (269,0) width 223: "Amazingly few discotheques provide jukeboxes."
          RenderBlock {DIV} at (0,34) size 795.56x12
            RenderBlock {DIV} at (0,1) size 67.39x11
              RenderText {#text} at (35,0) size 27x11
                text run at (35,0) width 27: "10.50"
            RenderBlock {DIV} at (67.39,1) size 67.39x11
              RenderText {#text} at (29,0) size 33x11
                text run at (29,0) width 33: "223.00"
            RenderBlock {DIV} at (134.78,1) size 67.39x11
              RenderText {#text} at (29,0) size 33x11
                text run at (29,0) width 33: "254.86"
            RenderBlock {DIV} at (202.17,1) size 67.39x11 [color=#FF0000]
              RenderText {#text} at (38,0) size 24x11
                text run at (38,0) width 24: "-6.14"
            RenderInline {SPAN} at (0,0) size 224x12
              RenderText {#text} at (269,0) size 224x12
                text run at (269,0) width 224: "Amazingly few discotheques provide jukeboxes."
          RenderBlock {DIV} at (0,46) size 795.56x12
            RenderBlock {DIV} at (0,1) size 67.39x11
              RenderText {#text} at (35,0) size 27x11
                text run at (35,0) width 27: "10.75"
            RenderBlock {DIV} at (67.39,1) size 67.39x11
              RenderText {#text} at (29,0) size 33x11
                text run at (29,0) width 33: "224.00"
            RenderBlock {DIV} at (134.78,1) size 67.39x11
              RenderText {#text} at (29,0) size 33x11
                text run at (29,0) width 33: "250.05"
            RenderBlock {DIV} at (202.17,1) size 67.39x11 [color=#FF0000]
              RenderText {#text} at (32,0) size 30x11
                text run at (32,0) width 30: "-10.95"
            RenderInline {SPAN} at (0,0) size 225x12
              RenderText {#text} at (269,0) size 225x12
                text run at (269,0) width 225: "Amazingly few discotheques provide jukeboxes."
          RenderBlock {DIV} at (0,58) size 795.56x12
            RenderBlock {DIV} at (0,1) size 67.39x11
              RenderText {#text} at (35,0) size 27x11
                text run at (35,0) width 27: "11.00"
            RenderBlock {DIV} at (67.39,1) size 67.39x11
              RenderText {#text} at (29,0) size 33x11
                text run at (29,0) width 33: "233.00"
            RenderBlock {DIV} at (134.78,1) size 67.39x11
              RenderText {#text} at (29,0) size 33x11
                text run at (29,0) width 33: "254.18"
            RenderBlock {DIV} at (202.17,1) size 67.39x11 [color=#FF0000]
              RenderText {#text} at (38,0) size 24x11
                text run at (38,0) width 24: "-6.82"
            RenderInline {SPAN} at (0,0) size 234x12
              RenderText {#text} at (269,0) size 234x12
                text run at (269,0) width 234: "Amazingly few discotheques provide jukeboxes."
          RenderBlock {DIV} at (0,70) size 795.56x12
            RenderBlock {DIV} at (0,1) size 67.39x11
              RenderText {#text} at (35,0) size 27x11
                text run at (35,0) width 27: "11.25"
            RenderBlock {DIV} at (67.39,1) size 67.39x11
              RenderText {#text} at (29,0) size 33x11
                text run at (29,0) width 33: "234.00"
            RenderBlock {DIV} at (134.78,1) size 67.39x11
              RenderText {#text} at (29,0) size 33x11
                text run at (29,0) width 33: "249.60"
            RenderBlock {DIV} at (202.17,1) size 67.39x11 [color=#FF0000]
              RenderText {#text} at (32,0) size 30x11
                text run at (32,0) width 30: "-11.40"
            RenderInline {SPAN} at (0,0) size 235x12
              RenderText {#text} at (269,0) size 235x12
                text run at (269,0) width 235: "Amazingly few discotheques provide jukeboxes."
          RenderBlock {DIV} at (0,82) size 795.56x12
            RenderBlock {DIV} at (0,1) size 67.39x11
              RenderText {#text} at (35,0) size 27x11
                text run at (35,0) width 27: "11.50"
            RenderBlock {DIV} at (67.39,1) size 67.39x11
              RenderText {#text} at (29,0) size 33x11
                text run at (29,0) width 33: "240.00"
            RenderBlock {DIV} at (134.78,1) size 67.39x11
              RenderText {#text} at (29,0) size 33x11
                text run at (29,0) width 33: "250.43"
            RenderBlock {DIV} at (202.17,1) size 67.39x11 [color=#FF0000]
              RenderText {#text} at (32,0) size 30x11
                text run at (32,0) width 30: "-10.57"
            RenderInline {SPAN} at (0,0) size 241x12
              RenderText {#text} at (269,0) size 241x12
                text run at (269,0) width 241: "Amazingly few discotheques provide jukeboxes."
          RenderBlock {DIV} at (0,94) size 795.56x13
            RenderBlock {DIV} at (0,2) size 67.39x11
              RenderText {#text} at (35,0) size 27x11
                text run at (35,0) width 27: "11.75"
            RenderBlock {DIV} at (67.39,2) size 67.39x11
              RenderText {#text} at (29,0) size 33x11
                text run at (29,0) width 33: "260.00"
            RenderBlock {DIV} at (134.78,2) size 67.39x11
              RenderText {#text} at (29,0) size 33x11
                text run at (29,0) width 33: "265.53"
            RenderBlock {DIV} at (202.17,2) size 67.39x11 [color=#FF0000]
              RenderText {#text} at (41,0) size 21x11
                text run at (41,0) width 21: "4.53"
            RenderInline {SPAN} at (0,0) size 261x13
              RenderText {#text} at (269,0) size 261x13
                text run at (269,0) width 261: "Amazingly few discotheques provide jukeboxes."
          RenderBlock {DIV} at (0,107) size 795.56x14 [bgcolor=#FBFCC5]
            RenderBlock {DIV} at (0,2) size 67.39x11
              RenderText {#text} at (35,0) size 27x11
                text run at (35,0) width 27: "12.00"
            RenderBlock {DIV} at (67.39,2) size 67.39x11
              RenderText {#text} at (29,0) size 33x11
                text run at (29,0) width 33: "261.00"
            RenderBlock {DIV} at (134.78,2) size 67.39x11
              RenderText {#text} at (29,0) size 33x11
                text run at (29,0) width 33: "261.00"
            RenderBlock {DIV} at (202.17,2) size 67.39x11
              RenderText {#text} at (41,0) size 21x11
                text run at (41,0) width 21: "0.00"
            RenderInline {SPAN} at (0,0) size 262x14
              RenderText {#text} at (269,0) size 262x14
                text run at (269,0) width 262: "Amazingly few discotheques provide jukeboxes."
          RenderBlock {DIV} at (0,121) size 795.56x14
            RenderBlock {DIV} at (0,2) size 67.39x11
              RenderText {#text} at (35,0) size 27x11
                text run at (35,0) width 27: "12.25"
            RenderBlock {DIV} at (67.39,2) size 67.39x11
              RenderText {#text} at (29,0) size 33x11
                text run at (29,0) width 33: "261.00"
            RenderBlock {DIV} at (134.78,2) size 67.39x11
              RenderText {#text} at (29,0) size 33x11
                text run at (29,0) width 33: "255.67"
            RenderBlock {DIV} at (202.17,2) size 67.39x11 [color=#FF0000]
              RenderText {#text} at (38,0) size 24x11
                text run at (38,0) width 24: "-5.33"
            RenderInline {SPAN} at (0,0) size 262x14
              RenderText {#text} at (269,0) size 262x14
                text run at (269,0) width 262: "Amazingly few discotheques provide jukeboxes."
          RenderBlock {DIV} at (0,135) size 795.56x14
            RenderBlock {DIV} at (0,2) size 67.39x11
              RenderText {#text} at (35,0) size 27x11
                text run at (35,0) width 27: "12.50"
            RenderBlock {DIV} at (67.39,2) size 67.39x11
              RenderText {#text} at (29,0) size 33x11
                text run at (29,0) width 33: "261.00"
            RenderBlock {DIV} at (134.78,2) size 67.39x11
              RenderText {#text} at (29,0) size 33x11
                text run at (29,0) width 33: "250.56"
            RenderBlock {DIV} at (202.17,2) size 67.39x11 [color=#FF0000]
              RenderText {#text} at (32,0) size 30x11
                text run at (32,0) width 30: "-10.44"
            RenderInline {SPAN} at (0,0) size 262x14
              RenderText {#text} at (269,0) size 262x14
                text run at (269,0) width 262: "Amazingly few discotheques provide jukeboxes."
          RenderBlock {DIV} at (0,149) size 795.56x15
            RenderBlock {DIV} at (0,3) size 67.39x11
              RenderText {#text} at (35,0) size 27x11
                text run at (35,0) width 27: "12.75"
            RenderBlock {DIV} at (67.39,3) size 67.39x11
              RenderText {#text} at (29,0) size 33x11
                text run at (29,0) width 33: "270.00"
            RenderBlock {DIV} at (134.78,3) size 67.39x11
              RenderText {#text} at (29,0) size 33x11
                text run at (29,0) width 33: "254.12"
            RenderBlock {DIV} at (202.17,3) size 67.39x11 [color=#FF0000]
              RenderText {#text} at (38,0) size 24x11
                text run at (38,0) width 24: "-6.88"
            RenderInline {SPAN} at (0,0) size 271x15
              RenderText {#text} at (269,0) size 271x15
                text run at (269,0) width 271: "Amazingly few discotheques provide jukeboxes."
          RenderBlock {DIV} at (0,164) size 795.56x15
            RenderBlock {DIV} at (0,3) size 67.39x11
              RenderText {#text} at (35,0) size 27x11
                text run at (35,0) width 27: "13.00"
            RenderBlock {DIV} at (67.39,3) size 67.39x11
              RenderText {#text} at (29,0) size 33x11
                text run at (29,0) width 33: "279.00"
            RenderBlock {DIV} at (134.78,3) size 67.39x11
              RenderText {#text} at (29,0) size 33x11
                text run at (29,0) width 33: "257.54"
            RenderBlock {DIV} at (202.17,3) size 67.39x11 [color=#FF0000]
              RenderText {#text} at (38,0) size 24x11
                text run at (38,0) width 24: "-3.46"
            RenderInline {SPAN} at (0,0) size 280x15
              RenderText {#text} at (269,0) size 280x15
                text run at (269,0) width 280: "Amazingly few discotheques provide jukeboxes."
          RenderBlock {DIV} at (0,179) size 795.56x15
            RenderBlock {DIV} at (0,3) size 67.39x11
              RenderText {#text} at (35,0) size 27x11
                text run at (35,0) width 27: "13.25"
            RenderBlock {DIV} at (67.39,3) size 67.39x11
              RenderText {#text} at (29,0) size 33x11
                text run at (29,0) width 33: "280.00"
            RenderBlock {DIV} at (134.78,3) size 67.39x11
              RenderText {#text} at (29,0) size 33x11
                text run at (29,0) width 33: "253.58"
            RenderBlock {DIV} at (202.17,3) size 67.39x11 [color=#FF0000]
              RenderText {#text} at (38,0) size 24x11
                text run at (38,0) width 24: "-7.42"
            RenderInline {SPAN} at (0,0) size 281x15
              RenderText {#text} at (269,0) size 281x15
                text run at (269,0) width 281: "Amazingly few discotheques provide jukeboxes."
          RenderBlock {DIV} at (0,194) size 795.56x15
            RenderBlock {DIV} at (0,3) size 67.39x11
              RenderText {#text} at (35,0) size 27x11
                text run at (35,0) width 27: "13.50"
            RenderBlock {DIV} at (67.39,3) size 67.39x11
              RenderText {#text} at (29,0) size 33x11
                text run at (29,0) width 33: "300.00"
            RenderBlock {DIV} at (134.78,3) size 67.39x11
              RenderText {#text} at (29,0) size 33x11
                text run at (29,0) width 33: "266.67"
            RenderBlock {DIV} at (202.17,3) size 67.39x11 [color=#FF0000]
              RenderText {#text} at (41,0) size 21x11
                text run at (41,0) width 21: "5.67"
            RenderInline {SPAN} at (0,0) size 301x15
              RenderText {#text} at (269,0) size 301x15
                text run at (269,0) width 301: "Amazingly few discotheques provide jukeboxes."
          RenderBlock {DIV} at (0,209) size 795.56x15
            RenderBlock {DIV} at (0,3) size 67.39x11
              RenderText {#text} at (35,0) size 27x11
                text run at (35,0) width 27: "13.75"
            RenderBlock {DIV} at (67.39,3) size 67.39x11
              RenderText {#text} at (29,0) size 33x11
                text run at (29,0) width 33: "301.00"
            RenderBlock {DIV} at (134.78,3) size 67.39x11
              RenderText {#text} at (29,0) size 33x11
                text run at (29,0) width 33: "262.69"
            RenderBlock {DIV} at (202.17,3) size 67.39x11 [color=#FF0000]
              RenderText {#text} at (41,0) size 21x11
                text run at (41,0) width 21: "1.69"
            RenderInline {SPAN} at (0,0) size 302x15
              RenderText {#text} at (269,0) size 302x15
                text run at (269,0) width 302: "Amazingly few discotheques provide jukeboxes."
          RenderBlock {DIV} at (0,224) size 795.56x16
            RenderBlock {DIV} at (0,4) size 67.39x11
              RenderText {#text} at (35,0) size 27x11
                text run at (35,0) width 27: "14.00"
            RenderBlock {DIV} at (67.39,4) size 67.39x11
              RenderText {#text} at (29,0) size 33x11
                text run at (29,0) width 33: "302.00"
            RenderBlock {DIV} at (134.78,4) size 67.39x11
              RenderText {#text} at (29,0) size 33x11
                text run at (29,0) width 33: "258.86"
            RenderBlock {DIV} at (202.17,4) size 67.39x11 [color=#FF0000]
              RenderText {#text} at (38,0) size 24x11
                text run at (38,0) width 24: "-2.14"
            RenderInline {SPAN} at (0,0) size 303x16
              RenderText {#text} at (269,0) size 303x16
                text run at (269,0) width 303: "Amazingly few discotheques provide jukeboxes."
          RenderBlock {DIV} at (0,240) size 795.56x16
            RenderBlock {DIV} at (0,4) size 67.39x11
              RenderText {#text} at (35,0) size 27x11
                text run at (35,0) width 27: "14.25"
            RenderBlock {DIV} at (67.39,4) size 67.39x11
              RenderText {#text} at (29,0) size 33x11
                text run at (29,0) width 33: "303.00"
            RenderBlock {DIV} at (134.78,4) size 67.39x11
              RenderText {#text} at (29,0) size 33x11
                text run at (29,0) width 33: "255.16"
            RenderBlock {DIV} at (202.17,4) size 67.39x11 [color=#FF0000]
              RenderText {#text} at (38,0) size 24x11
                text run at (38,0) width 24: "-5.84"
            RenderInline {SPAN} at (0,0) size 304x16
              RenderText {#text} at (269,0) size 304x16
                text run at (269,0) width 304: "Amazingly few discotheques provide jukeboxes."
          RenderBlock {DIV} at (0,256) size 795.56x16
            RenderBlock {DIV} at (0,4) size 67.39x11
              RenderText {#text} at (35,0) size 27x11
                text run at (35,0) width 27: "14.50"
            RenderBlock {DIV} at (67.39,4) size 67.39x11
              RenderText {#text} at (29,0) size 33x11
                text run at (29,0) width 33: "303.00"
            RenderBlock {DIV} at (134.78,4) size 67.39x11
              RenderText {#text} at (29,0) size 33x11
                text run at (29,0) width 33: "250.76"
            RenderBlock {DIV} at (202.17,4) size 67.39x11 [color=#FF0000]
              RenderText {#text} at (32,0) size 30x11
                text run at (32,0) width 30: "-10.24"
            RenderInline {SPAN} at (0,0) size 304x16
              RenderText {#text} at (269,0) size 304x16
                text run at (269,0) width 304: "Amazingly few discotheques provide jukeboxes."
          RenderBlock {DIV} at (0,272) size 795.56x16
            RenderBlock {DIV} at (0,4) size 67.39x11
              RenderText {#text} at (35,0) size 27x11
                text run at (35,0) width 27: "14.75"
            RenderBlock {DIV} at (67.39,4) size 67.39x11
              RenderText {#text} at (29,0) size 33x11
                text run at (29,0) width 33: "304.00"
            RenderBlock {DIV} at (134.78,4) size 67.39x11
              RenderText {#text} at (29,0) size 33x11
                text run at (29,0) width 33: "247.32"
            RenderBlock {DIV} at (202.17,4) size 67.39x11 [color=#FF0000]
              RenderText {#text} at (32,0) size 30x11
                text run at (32,0) width 30: "-13.68"
            RenderInline {SPAN} at (0,0) size 305x16
              RenderText {#text} at (269,0) size 305x16
                text run at (269,0) width 305: "Amazingly few discotheques provide jukeboxes."
          RenderBlock {DIV} at (0,288) size 795.56x17
            RenderBlock {DIV} at (0,5) size 67.39x11
              RenderText {#text} at (35,0) size 27x11
                text run at (35,0) width 27: "15.00"
            RenderBlock {DIV} at (67.39,5) size 67.39x11
              RenderText {#text} at (29,0) size 33x11
                text run at (29,0) width 33: "313.00"
            RenderBlock {DIV} at (134.78,5) size 67.39x11
              RenderText {#text} at (29,0) size 33x11
                text run at (29,0) width 33: "250.40"
            RenderBlock {DIV} at (202.17,5) size 67.39x11 [color=#FF0000]
              RenderText {#text} at (32,0) size 30x11
                text run at (32,0) width 30: "-10.60"
            RenderInline {SPAN} at (0,0) size 314x17
              RenderText {#text} at (269,0) size 314x17
                text run at (269,0) width 314: "Amazingly few discotheques provide jukeboxes."
          RenderBlock {DIV} at (0,305) size 795.56x17
            RenderBlock {DIV} at (0,5) size 67.39x11
              RenderText {#text} at (35,0) size 27x11
                text run at (35,0) width 27: "15.25"
            RenderBlock {DIV} at (67.39,5) size 67.39x11
              RenderText {#text} at (29,0) size 33x11
                text run at (29,0) width 33: "314.00"
            RenderBlock {DIV} at (134.78,5) size 67.39x11
              RenderText {#text} at (29,0) size 33x11
                text run at (29,0) width 33: "247.08"
            RenderBlock {DIV} at (202.17,5) size 67.39x11 [color=#FF0000]
              RenderText {#text} at (32,0) size 30x11
                text run at (32,0) width 30: "-13.92"
            RenderInline {SPAN} at (0,0) size 315x17
              RenderText {#text} at (269,0) size 315x17
                text run at (269,0) width 315: "Amazingly few discotheques provide jukeboxes."
          RenderBlock {DIV} at (0,322) size 795.56x18
            RenderBlock {DIV} at (0,5) size 67.39x11
              RenderText {#text} at (35,0) size 27x11
                text run at (35,0) width 27: "15.50"
            RenderBlock {DIV} at (67.39,5) size 67.39x11
              RenderText {#text} at (29,0) size 33x11
                text run at (29,0) width 33: "334.00"
            RenderBlock {DIV} at (134.78,5) size 67.39x11
              RenderText {#text} at (29,0) size 33x11
                text run at (29,0) width 33: "258.58"
            RenderBlock {DIV} at (202.17,5) size 67.39x11 [color=#FF0000]
              RenderText {#text} at (38,0) size 24x11
                text run at (38,0) width 24: "-2.42"
            RenderInline {SPAN} at (0,0) size 335x17
              RenderText {#text} at (269,0) size 335x17
                text run at (269,0) width 335: "Amazingly few discotheques provide jukeboxes."
          RenderBlock {DIV} at (0,340) size 795.56x18
            RenderBlock {DIV} at (0,5) size 67.39x11
              RenderText {#text} at (35,0) size 27x11
                text run at (35,0) width 27: "15.75"
            RenderBlock {DIV} at (67.39,5) size 67.39x11
              RenderText {#text} at (29,0) size 33x11
                text run at (29,0) width 33: "335.00"
            RenderBlock {DIV} at (134.78,5) size 67.39x11
              RenderText {#text} at (29,0) size 33x11
                text run at (29,0) width 33: "255.24"
            RenderBlock {DIV} at (202.17,5) size 67.39x11 [color=#FF0000]
              RenderText {#text} at (38,0) size 24x11
                text run at (38,0) width 24: "-5.76"
            RenderInline {SPAN} at (0,0) size 336x17
              RenderText {#text} at (269,0) size 336x17
                text run at (269,0) width 336: "Amazingly few discotheques provide jukeboxes."
          RenderBlock {DIV} at (0,358) size 795.56x18
            RenderBlock {DIV} at (0,5) size 67.39x11
              RenderText {#text} at (35,0) size 27x11
                text run at (35,0) width 27: "16.00"
            RenderBlock {DIV} at (67.39,5) size 67.39x11
              RenderText {#text} at (29,0) size 33x11
                text run at (29,0) width 33: "341.00"
            RenderBlock {DIV} at (134.78,5) size 67.39x11
              RenderText {#text} at (29,0) size 33x11
                text run at (29,0) width 33: "255.75"
            RenderBlock {DIV} at (202.17,5) size 67.39x11 [color=#FF0000]
              RenderText {#text} at (38,0) size 24x11
                text run at (38,0) width 24: "-5.25"
            RenderInline {SPAN} at (0,0) size 342x17
              RenderText {#text} at (269,0) size 342x17
                text run at (269,0) width 342: "Amazingly few discotheques provide jukeboxes."
          RenderBlock {DIV} at (0,376) size 795.56x19
            RenderBlock {DIV} at (0,6) size 67.39x11
              RenderText {#text} at (35,0) size 27x11
                text run at (35,0) width 27: "16.25"
            RenderBlock {DIV} at (67.39,6) size 67.39x11
              RenderText {#text} at (29,0) size 33x11
                text run at (29,0) width 33: "349.00"
            RenderBlock {DIV} at (134.78,6) size 67.39x11
              RenderText {#text} at (29,0) size 33x11
                text run at (29,0) width 33: "257.72"
            RenderBlock {DIV} at (202.17,6) size 67.39x11 [color=#FF0000]
              RenderText {#text} at (38,0) size 24x11
                text run at (38,0) width 24: "-3.28"
            RenderInline {SPAN} at (0,0) size 350x18
              RenderText {#text} at (269,0) size 350x18
                text run at (269,0) width 350: "Amazingly few discotheques provide jukeboxes."
          RenderBlock {DIV} at (0,395) size 795.56x19
            RenderBlock {DIV} at (0,6) size 67.39x11
              RenderText {#text} at (35,0) size 27x11
                text run at (35,0) width 27: "16.50"
            RenderBlock {DIV} at (67.39,6) size 67.39x11
              RenderText {#text} at (29,0) size 33x11
                text run at (29,0) width 33: "349.00"
            RenderBlock {DIV} at (134.78,6) size 67.39x11
              RenderText {#text} at (29,0) size 33x11
                text run at (29,0) width 33: "253.82"
            RenderBlock {DIV} at (202.17,6) size 67.39x11 [color=#FF0000]
              RenderText {#text} at (38,0) size 24x11
                text run at (38,0) width 24: "-7.18"
            RenderInline {SPAN} at (0,0) size 350x18
              RenderText {#text} at (269,0) size 350x18
                text run at (269,0) width 350: "Amazingly few discotheques provide jukeboxes."
          RenderBlock {DIV} at (0,414) size 795.56x20
            RenderBlock {DIV} at (0,6) size 67.39x11
              RenderText {#text} at (35,0) size 27x11
                text run at (35,0) width 27: "16.75"
            RenderBlock {DIV} at (67.39,6) size 67.39x11
              RenderText {#text} at (29,0) size 33x11
                text run at (29,0) width 33: "350.00"
            RenderBlock {DIV} at (134.78,6) size 67.39x11
              RenderText {#text} at (29,0) size 33x11
                text run at (29,0) width 33: "250.75"
            RenderBlock {DIV} at (202.17,6) size 67.39x11 [color=#FF0000]
              RenderText {#text} at (32,0) size 30x11
                text run at (32,0) width 30: "-10.25"
            RenderInline {SPAN} at (0,0) size 351x19
              RenderText {#text} at (269,0) size 351x19
                text run at (269,0) width 351: "Amazingly few discotheques provide jukeboxes."
          RenderBlock {DIV} at (0,434) size 795.56x20
            RenderBlock {DIV} at (0,6) size 67.39x11
              RenderText {#text} at (35,0) size 27x11
                text run at (35,0) width 27: "17.00"
            RenderBlock {DIV} at (67.39,6) size 67.39x11
              RenderText {#text} at (29,0) size 33x11
                text run at (29,0) width 33: "359.00"
            RenderBlock {DIV} at (134.78,6) size 67.39x11
              RenderText {#text} at (29,0) size 33x11
                text run at (29,0) width 33: "253.41"
            RenderBlock {DIV} at (202.17,6) size 67.39x11 [color=#FF0000]
              RenderText {#text} at (38,0) size 24x11
                text run at (38,0) width 24: "-7.59"
            RenderInline {SPAN} at (0,0) size 360x19
              RenderText {#text} at (269,0) size 360x19
                text run at (269,0) width 360: "Amazingly few discotheques provide jukeboxes."
          RenderBlock {DIV} at (0,454) size 795.56x21
            RenderBlock {DIV} at (0,7) size 67.39x11
              RenderText {#text} at (35,0) size 27x11
                text run at (35,0) width 27: "17.25"
            RenderBlock {DIV} at (67.39,7) size 67.39x11
              RenderText {#text} at (29,0) size 33x11
                text run at (29,0) width 33: "380.00"
            RenderBlock {DIV} at (134.78,7) size 67.39x11
              RenderText {#text} at (29,0) size 33x11
                text run at (29,0) width 33: "264.35"
            RenderBlock {DIV} at (202.17,7) size 67.39x11 [color=#FF0000]
              RenderText {#text} at (41,0) size 21x11
                text run at (41,0) width 21: "3.35"
            RenderInline {SPAN} at (0,0) size 381x20
              RenderText {#text} at (269,0) size 381x20
                text run at (269,0) width 381: "Amazingly few discotheques provide jukeboxes."
          RenderBlock {DIV} at (0,475) size 795.56x21
            RenderBlock {DIV} at (0,7) size 67.39x11
              RenderText {#text} at (35,0) size 27x11
                text run at (35,0) width 27: "17.50"
            RenderBlock {DIV} at (67.39,7) size 67.39x11
              RenderText {#text} at (29,0) size 33x11
                text run at (29,0) width 33: "382.00"
            RenderBlock {DIV} at (134.78,7) size 67.39x11
              RenderText {#text} at (29,0) size 33x11
                text run at (29,0) width 33: "261.94"
            RenderBlock {DIV} at (202.17,7) size 67.39x11 [color=#FF0000]
              RenderText {#text} at (41,0) size 21x11
                text run at (41,0) width 21: "0.94"
            RenderInline {SPAN} at (0,0) size 383x20
              RenderText {#text} at (269,0) size 383x20
                text run at (269,0) width 383: "Amazingly few discotheques provide jukeboxes."
          RenderBlock {DIV} at (0,496) size 795.56x21
            RenderBlock {DIV} at (0,7) size 67.39x11
              RenderText {#text} at (35,0) size 27x11
                text run at (35,0) width 27: "17.75"
            RenderBlock {DIV} at (67.39,7) size 67.39x11
              RenderText {#text} at (29,0) size 33x11
                text run at (29,0) width 33: "382.00"
            RenderBlock {DIV} at (134.78,7) size 67.39x11
              RenderText {#text} at (29,0) size 33x11
                text run at (29,0) width 33: "258.25"
            RenderBlock {DIV} at (202.17,7) size 67.39x11 [color=#FF0000]
              RenderText {#text} at (38,0) size 24x11
                text run at (38,0) width 24: "-2.75"
            RenderInline {SPAN} at (0,0) size 383x20
              RenderText {#text} at (269,0) size 383x20
                text run at (269,0) width 383: "Amazingly few discotheques provide jukeboxes."
          RenderBlock {DIV} at (0,517) size 795.56x21
            RenderBlock {DIV} at (0,7) size 67.39x11
              RenderText {#text} at (35,0) size 27x11
                text run at (35,0) width 27: "18.00"
            RenderBlock {DIV} at (67.39,7) size 67.39x11
              RenderText {#text} at (29,0) size 33x11
                text run at (29,0) width 33: "382.00"
            RenderBlock {DIV} at (134.78,7) size 67.39x11
              RenderText {#text} at (29,0) size 33x11
                text run at (29,0) width 33: "254.67"
            RenderBlock {DIV} at (202.17,7) size 67.39x11 [color=#FF0000]
              RenderText {#text} at (38,0) size 24x11
                text run at (38,0) width 24: "-6.33"
            RenderInline {SPAN} at (0,0) size 383x20
              RenderText {#text} at (269,0) size 383x20
                text run at (269,0) width 383: "Amazingly few discotheques provide jukeboxes."
          RenderBlock {DIV} at (0,538) size 795.56x22
            RenderBlock {DIV} at (0,8) size 67.39x11
              RenderText {#text} at (35,0) size 27x11
                text run at (35,0) width 27: "18.25"
            RenderBlock {DIV} at (67.39,8) size 67.39x11
              RenderText {#text} at (29,0) size 33x11
                text run at (29,0) width 33: "382.00"
            RenderBlock {DIV} at (134.78,8) size 67.39x11
              RenderText {#text} at (29,0) size 33x11
                text run at (29,0) width 33: "251.18"
            RenderBlock {DIV} at (202.17,8) size 67.39x11 [color=#FF0000]
              RenderText {#text} at (38,0) size 24x11
                text run at (38,0) width 24: "-9.82"
            RenderInline {SPAN} at (0,0) size 383x21
              RenderText {#text} at (269,0) size 383x21
                text run at (269,0) width 383: "Amazingly few discotheques provide jukeboxes."
          RenderBlock {DIV} at (0,560) size 795.56x22
            RenderBlock {DIV} at (0,8) size 67.39x11
              RenderText {#text} at (35,0) size 27x11
                text run at (35,0) width 27: "18.50"
            RenderBlock {DIV} at (67.39,8) size 67.39x11
              RenderText {#text} at (29,0) size 33x11
                text run at (29,0) width 33: "382.00"
            RenderBlock {DIV} at (134.78,8) size 67.39x11
              RenderText {#text} at (29,0) size 33x11
                text run at (29,0) width 33: "247.78"
            RenderBlock {DIV} at (202.17,8) size 67.39x11 [color=#FF0000]
              RenderText {#text} at (32,0) size 30x11
                text run at (32,0) width 30: "-13.22"
            RenderInline {SPAN} at (0,0) size 383x21
              RenderText {#text} at (269,0) size 383x21
                text run at (269,0) width 383: "Amazingly few discotheques provide jukeboxes."
          RenderBlock {DIV} at (0,582) size 795.56x22
            RenderBlock {DIV} at (0,8) size 67.39x11
              RenderText {#text} at (35,0) size 27x11
                text run at (35,0) width 27: "18.75"
            RenderBlock {DIV} at (67.39,8) size 67.39x11
              RenderText {#text} at (29,0) size 33x11
                text run at (29,0) width 33: "385.00"
            RenderBlock {DIV} at (134.78,8) size 67.39x11
              RenderText {#text} at (29,0) size 33x11
                text run at (29,0) width 33: "246.40"
            RenderBlock {DIV} at (202.17,8) size 67.39x11 [color=#FF0000]
              RenderText {#text} at (32,0) size 30x11
                text run at (32,0) width 30: "-14.60"
            RenderInline {SPAN} at (0,0) size 386x21
              RenderText {#text} at (269,0) size 386x21
                text run at (269,0) width 386: "Amazingly few discotheques provide jukeboxes."
          RenderBlock {DIV} at (0,604) size 795.56x22
            RenderBlock {DIV} at (0,8) size 67.39x11
              RenderText {#text} at (35,0) size 27x11
                text run at (35,0) width 27: "19.00"
            RenderBlock {DIV} at (67.39,8) size 67.39x11
              RenderText {#text} at (29,0) size 33x11
                text run at (29,0) width 33: "414.00"
            RenderBlock {DIV} at (134.78,8) size 67.39x11
              RenderText {#text} at (29,0) size 33x11
                text run at (29,0) width 33: "261.47"
            RenderBlock {DIV} at (202.17,8) size 67.39x11 [color=#FF0000]
              RenderText {#text} at (41,0) size 21x11
                text run at (41,0) width 21: "0.47"
            RenderInline {SPAN} at (0,0) size 415x21
              RenderText {#text} at (269,0) size 415x21
                text run at (269,0) width 415: "Amazingly few discotheques provide jukeboxes."
          RenderBlock {DIV} at (0,626) size 795.56x22
            RenderBlock {DIV} at (0,8) size 67.39x11
              RenderText {#text} at (35,0) size 27x11
                text run at (35,0) width 27: "19.25"
            RenderBlock {DIV} at (67.39,8) size 67.39x11
              RenderText {#text} at (29,0) size 33x11
                text run at (29,0) width 33: "414.00"
            RenderBlock {DIV} at (134.78,8) size 67.39x11
              RenderText {#text} at (29,0) size 33x11
                text run at (29,0) width 33: "258.08"
            RenderBlock {DIV} at (202.17,8) size 67.39x11 [color=#FF0000]
              RenderText {#text} at (38,0) size 24x11
                text run at (38,0) width 24: "-2.92"
            RenderInline {SPAN} at (0,0) size 415x21
              RenderText {#text} at (269,0) size 415x21
                text run at (269,0) width 415: "Amazingly few discotheques provide jukeboxes."
          RenderBlock {DIV} at (0,648) size 795.56x23
            RenderBlock {DIV} at (0,9) size 67.39x11
              RenderText {#text} at (35,0) size 27x11
                text run at (35,0) width 27: "19.50"
            RenderBlock {DIV} at (67.39,9) size 67.39x11
              RenderText {#text} at (29,0) size 33x11
                text run at (29,0) width 33: "414.00"
            RenderBlock {DIV} at (134.78,9) size 67.39x11
              RenderText {#text} at (29,0) size 33x11
                text run at (29,0) width 33: "254.77"
            RenderBlock {DIV} at (202.17,9) size 67.39x11 [color=#FF0000]
              RenderText {#text} at (38,0) size 24x11
                text run at (38,0) width 24: "-6.23"
            RenderInline {SPAN} at (0,0) size 415x22
              RenderText {#text} at (269,0) size 415x22
                text run at (269,0) width 415: "Amazingly few discotheques provide jukeboxes."
          RenderBlock {DIV} at (0,671) size 795.56x23
            RenderBlock {DIV} at (0,9) size 67.39x11
              RenderText {#text} at (35,0) size 27x11
                text run at (35,0) width 27: "19.75"
            RenderBlock {DIV} at (67.39,9) size 67.39x11
              RenderText {#text} at (29,0) size 33x11
                text run at (29,0) width 33: "415.00"
            RenderBlock {DIV} at (134.78,9) size 67.39x11
              RenderText {#text} at (29,0) size 33x11
                text run at (29,0) width 33: "252.15"
            RenderBlock {DIV} at (202.17,9) size 67.39x11 [color=#FF0000]
              RenderText {#text} at (38,0) size 24x11
                text run at (38,0) width 24: "-8.85"
            RenderInline {SPAN} at (0,0) size 416x22
              RenderText {#text} at (269,0) size 416x22
                text run at (269,0) width 416: "Amazingly few discotheques provide jukeboxes."
          RenderBlock {DIV} at (0,694) size 795.56x23
            RenderBlock {DIV} at (0,9) size 67.39x11
              RenderText {#text} at (35,0) size 27x11
                text run at (35,0) width 27: "20.00"
            RenderBlock {DIV} at (67.39,9) size 67.39x11
              RenderText {#text} at (29,0) size 33x11
                text run at (29,0) width 33: "423.00"
            RenderBlock {DIV} at (134.78,9) size 67.39x11
              RenderText {#text} at (29,0) size 33x11
                text run at (29,0) width 33: "253.80"
            RenderBlock {DIV} at (202.17,9) size 67.39x11 [color=#FF0000]
              RenderText {#text} at (38,0) size 24x11
                text run at (38,0) width 24: "-7.20"
            RenderInline {SPAN} at (0,0) size 424x22
              RenderText {#text} at (269,0) size 424x22
                text run at (269,0) width 424: "Amazingly few discotheques provide jukeboxes."
          RenderBlock {DIV} at (0,717) size 795.56x23
            RenderBlock {DIV} at (0,9) size 67.39x11
              RenderText {#text} at (35,0) size 27x11
                text run at (35,0) width 27: "20.25"
            RenderBlock {DIV} at (67.39,9) size 67.39x11
              RenderText {#text} at (29,0) size 33x11
                text run at (29,0) width 33: "425.00"
            RenderBlock {DIV} at (134.78,9) size 67.39x11
              RenderText {#text} at (29,0) size 33x11
                text run at (29,0) width 33: "251.85"
            RenderBlock {DIV} at (202.17,9) size 67.39x11 [color=#FF0000]
              RenderText {#text} at (38,0) size 24x11
                text run at (38,0) width 24: "-9.15"
            RenderInline {SPAN} at (0,0) size 426x22
              RenderText {#text} at (269,0) size 426x22
                text run at (269,0) width 426: "Amazingly few discotheques provide jukeboxes."
          RenderBlock {DIV} at (0,740) size 795.56x24
            RenderBlock {DIV} at (0,10) size 67.39x11
              RenderText {#text} at (35,0) size 27x11
                text run at (35,0) width 27: "20.50"
            RenderBlock {DIV} at (67.39,10) size 67.39x11
              RenderText {#text} at (29,0) size 33x11
                text run at (29,0) width 33: "430.00"
            RenderBlock {DIV} at (134.78,10) size 67.39x11
              RenderText {#text} at (29,0) size 33x11
                text run at (29,0) width 33: "251.71"
            RenderBlock {DIV} at (202.17,10) size 67.39x11 [color=#FF0000]
              RenderText {#text} at (38,0) size 24x11
                text run at (38,0) width 24: "-9.29"
            RenderInline {SPAN} at (0,0) size 431x23
              RenderText {#text} at (269,0) size 431x23
                text run at (269,0) width 431: "Amazingly few discotheques provide jukeboxes."
          RenderBlock {DIV} at (0,764) size 795.56x24
            RenderBlock {DIV} at (0,10) size 67.39x11
              RenderText {#text} at (35,0) size 27x11
                text run at (35,0) width 27: "20.75"
            RenderBlock {DIV} at (67.39,10) size 67.39x11
              RenderText {#text} at (29,0) size 33x11
                text run at (29,0) width 33: "450.00"
            RenderBlock {DIV} at (134.78,10) size 67.39x11
              RenderText {#text} at (29,0) size 33x11
                text run at (29,0) width 33: "260.24"
            RenderBlock {DIV} at (202.17,10) size 67.39x11 [color=#FF0000]
              RenderText {#text} at (38,0) size 24x11
                text run at (38,0) width 24: "-0.76"
            RenderInline {SPAN} at (0,0) size 451x23
              RenderText {#text} at (269,0) size 451x23
                text run at (269,0) width 451: "Amazingly few discotheques provide jukeboxes."
          RenderBlock {DIV} at (0,788) size 795.56x24
            RenderBlock {DIV} at (0,10) size 67.39x11
              RenderText {#text} at (35,0) size 27x11
                text run at (35,0) width 27: "21.00"
            RenderBlock {DIV} at (67.39,10) size 67.39x11
              RenderText {#text} at (29,0) size 33x11
                text run at (29,0) width 33: "459.00"
            RenderBlock {DIV} at (134.78,10) size 67.39x11
              RenderText {#text} at (29,0) size 33x11
                text run at (29,0) width 33: "262.29"
            RenderBlock {DIV} at (202.17,10) size 67.39x11 [color=#FF0000]
              RenderText {#text} at (41,0) size 21x11
                text run at (41,0) width 21: "1.29"
            RenderInline {SPAN} at (0,0) size 460x23
              RenderText {#text} at (269,0) size 460x23
                text run at (269,0) width 460: "Amazingly few discotheques provide jukeboxes."
          RenderBlock {DIV} at (0,812) size 795.56x25
            RenderBlock {DIV} at (0,10) size 67.39x11
              RenderText {#text} at (35,0) size 27x11
                text run at (35,0) width 27: "21.25"
            RenderBlock {DIV} at (67.39,10) size 67.39x11
              RenderText {#text} at (29,0) size 33x11
                text run at (29,0) width 33: "460.00"
            RenderBlock {DIV} at (134.78,10) size 67.39x11
              RenderText {#text} at (29,0) size 33x11
                text run at (29,0) width 33: "259.76"
            RenderBlock {DIV} at (202.17,10) size 67.39x11 [color=#FF0000]
              RenderText {#text} at (38,0) size 24x11
                text run at (38,0) width 24: "-1.24"
            RenderInline {SPAN} at (0,0) size 461x24
              RenderText {#text} at (269,0) size 461x24
                text run at (269,0) width 461: "Amazingly few discotheques provide jukeboxes."
          RenderBlock {DIV} at (0,837) size 795.56x25
            RenderBlock {DIV} at (0,10) size 67.39x11
              RenderText {#text} at (35,0) size 27x11
                text run at (35,0) width 27: "21.50"
            RenderBlock {DIV} at (67.39,10) size 67.39x11
              RenderText {#text} at (29,0) size 33x11
                text run at (29,0) width 33: "461.00"
            RenderBlock {DIV} at (134.78,10) size 67.39x11
              RenderText {#text} at (29,0) size 33x11
                text run at (29,0) width 33: "257.30"
            RenderBlock {DIV} at (202.17,10) size 67.39x11 [color=#FF0000]
              RenderText {#text} at (38,0) size 24x11
                text run at (38,0) width 24: "-3.70"
            RenderInline {SPAN} at (0,0) size 462x24
              RenderText {#text} at (269,0) size 462x24
                text run at (269,0) width 462: "Amazingly few discotheques provide jukeboxes."
          RenderBlock {DIV} at (0,862) size 795.56x26
            RenderBlock {DIV} at (0,11) size 67.39x11
              RenderText {#text} at (35,0) size 27x11
                text run at (35,0) width 27: "21.75"
            RenderBlock {DIV} at (67.39,11) size 67.39x11
              RenderText {#text} at (29,0) size 33x11
                text run at (29,0) width 33: "462.00"
            RenderBlock {DIV} at (134.78,11) size 67.39x11
              RenderText {#text} at (29,0) size 33x11
                text run at (29,0) width 33: "254.90"
            RenderBlock {DIV} at (202.17,11) size 67.39x11 [color=#FF0000]
              RenderText {#text} at (38,0) size 24x11
                text run at (38,0) width 24: "-6.10"
            RenderInline {SPAN} at (0,0) size 463x25
              RenderText {#text} at (269,0) size 463x25
                text run at (269,0) width 463: "Amazingly few discotheques provide jukeboxes."
          RenderBlock {DIV} at (0,888) size 795.56x26
            RenderBlock {DIV} at (0,11) size 67.39x11
              RenderText {#text} at (35,0) size 27x11
                text run at (35,0) width 27: "22.00"
            RenderBlock {DIV} at (67.39,11) size 67.39x11
              RenderText {#text} at (29,0) size 33x11
                text run at (29,0) width 33: "462.00"
            RenderBlock {DIV} at (134.78,11) size 67.39x11
              RenderText {#text} at (29,0) size 33x11
                text run at (29,0) width 33: "252.00"
            RenderBlock {DIV} at (202.17,11) size 67.39x11 [color=#FF0000]
              RenderText {#text} at (38,0) size 24x11
                text run at (38,0) width 24: "-9.00"
            RenderInline {SPAN} at (0,0) size 463x25
              RenderText {#text} at (269,0) size 463x25
                text run at (269,0) width 463: "Amazingly few discotheques provide jukeboxes."
          RenderBlock {DIV} at (0,914) size 795.56x26
            RenderBlock {DIV} at (0,11) size 67.39x11
              RenderText {#text} at (35,0) size 27x11
                text run at (35,0) width 27: "22.25"
            RenderBlock {DIV} at (67.39,11) size 67.39x11
              RenderText {#text} at (29,0) size 33x11
                text run at (29,0) width 33: "463.00"
            RenderBlock {DIV} at (134.78,11) size 67.39x11
              RenderText {#text} at (29,0) size 33x11
                text run at (29,0) width 33: "249.71"
            RenderBlock {DIV} at (202.17,11) size 67.39x11 [color=#FF0000]
              RenderText {#text} at (32,0) size 30x11
                text run at (32,0) width 30: "-11.29"
            RenderInline {SPAN} at (0,0) size 464x25
              RenderText {#text} at (269,0) size 464x25
                text run at (269,0) width 464: "Amazingly few discotheques provide jukeboxes."
          RenderBlock {DIV} at (0,940) size 795.56x26
            RenderBlock {DIV} at (0,11) size 67.39x11
              RenderText {#text} at (35,0) size 27x11
                text run at (35,0) width 27: "22.50"
            RenderBlock {DIV} at (67.39,11) size 67.39x11
              RenderText {#text} at (29,0) size 33x11
                text run at (29,0) width 33: "483.00"
            RenderBlock {DIV} at (134.78,11) size 67.39x11
              RenderText {#text} at (29,0) size 33x11
                text run at (29,0) width 33: "257.60"
            RenderBlock {DIV} at (202.17,11) size 67.39x11 [color=#FF0000]
              RenderText {#text} at (38,0) size 24x11
                text run at (38,0) width 24: "-3.40"
            RenderInline {SPAN} at (0,0) size 484x25
              RenderText {#text} at (269,0) size 484x25
                text run at (269,0) width 484: "Amazingly few discotheques provide jukeboxes."
          RenderBlock {DIV} at (0,966) size 795.56x27
            RenderBlock {DIV} at (0,12) size 67.39x11
              RenderText {#text} at (35,0) size 27x11
                text run at (35,0) width 27: "22.75"
            RenderBlock {DIV} at (67.39,12) size 67.39x11
              RenderText {#text} at (29,0) size 33x11
                text run at (29,0) width 33: "484.00"
            RenderBlock {DIV} at (134.78,12) size 67.39x11
              RenderText {#text} at (29,0) size 33x11
                text run at (29,0) width 33: "255.30"
            RenderBlock {DIV} at (202.17,12) size 67.39x11 [color=#FF0000]
              RenderText {#text} at (38,0) size 24x11
                text run at (38,0) width 24: "-5.70"
            RenderInline {SPAN} at (0,0) size 485x26
              RenderText {#text} at (269,0) size 485x26
                text run at (269,0) width 485: "Amazingly few discotheques provide jukeboxes."
          RenderBlock {DIV} at (0,993) size 795.56x27
            RenderBlock {DIV} at (0,12) size 67.39x11
              RenderText {#text} at (35,0) size 27x11
                text run at (35,0) width 27: "23.00"
            RenderBlock {DIV} at (67.39,12) size 67.39x11
              RenderText {#text} at (29,0) size 33x11
                text run at (29,0) width 33: "494.00"
            RenderBlock {DIV} at (134.78,12) size 67.39x11
              RenderText {#text} at (29,0) size 33x11
                text run at (29,0) width 33: "257.74"
            RenderBlock {DIV} at (202.17,12) size 67.39x11 [color=#FF0000]
              RenderText {#text} at (38,0) size 24x11
                text run at (38,0) width 24: "-3.26"
            RenderInline {SPAN} at (0,0) size 495x26
              RenderText {#text} at (269,0) size 495x26
                text run at (269,0) width 495: "Amazingly few discotheques provide jukeboxes."
          RenderBlock {DIV} at (0,1020) size 795.56x27
            RenderBlock {DIV} at (0,12) size 67.39x11
              RenderText {#text} at (35,0) size 27x11
                text run at (35,0) width 27: "23.25"
            RenderBlock {DIV} at (67.39,12) size 67.39x11
              RenderText {#text} at (29,0) size 33x11
                text run at (29,0) width 33: "495.00"
            RenderBlock {DIV} at (134.78,12) size 67.39x11
              RenderText {#text} at (29,0) size 33x11
                text run at (29,0) width 33: "255.48"
            RenderBlock {DIV} at (202.17,12) size 67.39x11 [color=#FF0000]
              RenderText {#text} at (38,0) size 24x11
                text run at (38,0) width 24: "-5.52"
            RenderInline {SPAN} at (0,0) size 496x26
              RenderText {#text} at (269,0) size 496x26
                text run at (269,0) width 496: "Amazingly few discotheques provide jukeboxes."
          RenderBlock {DIV} at (0,1047) size 795.56x27
            RenderBlock {DIV} at (0,12) size 67.39x11
              RenderText {#text} at (35,0) size 27x11
                text run at (35,0) width 27: "23.50"
            RenderBlock {DIV} at (67.39,12) size 67.39x11
              RenderText {#text} at (29,0) size 33x11
                text run at (29,0) width 33: "503.00"
            RenderBlock {DIV} at (134.78,12) size 67.39x11
              RenderText {#text} at (29,0) size 33x11
                text run at (29,0) width 33: "256.85"
            RenderBlock {DIV} at (202.17,12) size 67.39x11 [color=#FF0000]
              RenderText {#text} at (38,0) size 24x11
                text run at (38,0) width 24: "-4.15"
            RenderInline {SPAN} at (0,0) size 504x26
              RenderText {#text} at (269,0) size 504x26
                text run at (269,0) width 504: "Amazingly few discotheques provide jukeboxes."
          RenderBlock {DIV} at (0,1074) size 795.56x28
            RenderBlock {DIV} at (0,13) size 67.39x11
              RenderText {#text} at (35,0) size 27x11
                text run at (35,0) width 27: "23.75"
            RenderBlock {DIV} at (67.39,13) size 67.39x11
              RenderText {#text} at (29,0) size 33x11
                text run at (29,0) width 33: "503.00"
            RenderBlock {DIV} at (134.78,13) size 67.39x11
              RenderText {#text} at (29,0) size 33x11
                text run at (29,0) width 33: "254.15"
            RenderBlock {DIV} at (202.17,13) size 67.39x11 [color=#FF0000]
              RenderText {#text} at (38,0) size 24x11
                text run at (38,0) width 24: "-6.85"
            RenderInline {SPAN} at (0,0) size 504x27
              RenderText {#text} at (269,0) size 504x27
                text run at (269,0) width 504: "Amazingly few discotheques provide jukeboxes."
          RenderBlock {DIV} at (0,1102) size 795.56x28
            RenderBlock {DIV} at (0,13) size 67.39x11
              RenderText {#text} at (35,0) size 27x11
                text run at (35,0) width 27: "24.00"
            RenderBlock {DIV} at (67.39,13) size 67.39x11
              RenderText {#text} at (29,0) size 33x11
                text run at (29,0) width 33: "503.00"
            RenderBlock {DIV} at (134.78,13) size 67.39x11
              RenderText {#text} at (29,0) size 33x11
                text run at (29,0) width 33: "251.50"
            RenderBlock {DIV} at (202.17,13) size 67.39x11 [color=#FF0000]
              RenderText {#text} at (38,0) size 24x11
                text run at (38,0) width 24: "-9.50"
            RenderInline {SPAN} at (0,0) size 504x27
              RenderText {#text} at (269,0) size 504x27
                text run at (269,0) width 504: "Amazingly few discotheques provide jukeboxes."
          RenderBlock {DIV} at (0,1130) size 795.56x28
            RenderBlock {DIV} at (0,13) size 67.39x11
              RenderText {#text} at (35,0) size 27x11
                text run at (35,0) width 27: "24.25"
            RenderBlock {DIV} at (67.39,13) size 67.39x11
              RenderText {#text} at (29,0) size 33x11
                text run at (29,0) width 33: "504.00"
            RenderBlock {DIV} at (134.78,13) size 67.39x11
              RenderText {#text} at (29,0) size 33x11
                text run at (29,0) width 33: "249.40"
            RenderBlock {DIV} at (202.17,13) size 67.39x11 [color=#FF0000]
              RenderText {#text} at (32,0) size 30x11
                text run at (32,0) width 30: "-11.60"
            RenderInline {SPAN} at (0,0) size 505x27
              RenderText {#text} at (269,0) size 505x27
                text run at (269,0) width 505: "Amazingly few discotheques provide jukeboxes."
          RenderBlock {DIV} at (0,1158) size 795.56x28
            RenderBlock {DIV} at (0,13) size 67.39x11
              RenderText {#text} at (35,0) size 27x11
                text run at (35,0) width 27: "24.50"
            RenderBlock {DIV} at (67.39,13) size 67.39x11
              RenderText {#text} at (29,0) size 33x11
                text run at (29,0) width 33: "524.00"
            RenderBlock {DIV} at (134.78,13) size 67.39x11
              RenderText {#text} at (29,0) size 33x11
                text run at (29,0) width 33: "256.65"
            RenderBlock {DIV} at (202.17,13) size 67.39x11 [color=#FF0000]
              RenderText {#text} at (38,0) size 24x11
                text run at (38,0) width 24: "-4.35"
            RenderInline {SPAN} at (0,0) size 525x27
              RenderText {#text} at (269,0) size 525x27
                text run at (269,0) width 525: "Amazingly few discotheques provide jukeboxes."
          RenderBlock {DIV} at (0,1186) size 795.56x28
            RenderBlock {DIV} at (0,13) size 67.39x11
              RenderText {#text} at (35,0) size 27x11
                text run at (35,0) width 27: "24.75"
            RenderBlock {DIV} at (67.39,13) size 67.39x11
              RenderText {#text} at (29,0) size 33x11
                text run at (29,0) width 33: "526.00"
            RenderBlock {DIV} at (134.78,13) size 67.39x11
              RenderText {#text} at (29,0) size 33x11
                text run at (29,0) width 33: "255.03"
            RenderBlock {DIV} at (202.17,13) size 67.39x11 [color=#FF0000]
              RenderText {#text} at (38,0) size 24x11
                text run at (38,0) width 24: "-5.97"
            RenderInline {SPAN} at (0,0) size 527x27
              RenderText {#text} at (269,0) size 527x27
                text run at (269,0) width 527: "Amazingly few discotheques provide jukeboxes."
      RenderText {#text} at (0,0) size 0x0
      RenderText {#text} at (0,0) size 0x0
