layer at (0,0) size 800x600
  RenderView at (0,0) size 800x600
layer at (0,0) size 800x57
  RenderBlock {HTML} at (0,0) size 800x57
    RenderBody {BODY} at (8,16) size 784x25
      RenderBlock {P} at (0,0) size 784x25
        RenderButton {BUTTON} at (2,2) size 531.02x21 [bgcolor=#C0C0C0] [border: (2px outset #C0C0C0)]
          RenderBlock (anonymous) at (8,3) size 515.02x15
            RenderText {#text} at (0,0) size 516x15
              text run at (0,0) width 516: "Activating (e.g. holding the mouse button down on) this button should make it go green."
