layer at (0,0) size 800x600
  RenderView at (0,0) size 800x600
layer at (0,0) size 800x582
  RenderBlock {HTML} at (0,0) size 800x581.63
    RenderBody {BODY} at (8,19.91) size 784x553.72
      RenderBlock {DIV} at (0,0) size 784x553.72
        RenderBlock {SECTION} at (0,0) size 784x101.91
          RenderBlock {H2} at (0,0) size 784x28
            RenderText {#text} at (0,0) size 110x27
              text run at (0,0) width 110: "Summary"
          RenderBlock {P} at (0,47.91) size 784x18
            RenderText {#text} at (0,0) size 50x17
              text run at (0,0) width 50: "Found "
            RenderText {#text} at (49,0) size 10x17
              text run at (49,0) width 10: "7"
            RenderText {#text} at (58,0) size 39x17
              text run at (58,0) width 39: " tests"
          RenderBlock {DIV} at (0,81.91) size 784x20
            RenderBlock {DIV} at (0,0) size 784x20
              RenderInline {LABEL} at (0,0) size 69x17
                RenderBlock {INPUT} at (4,3) size 13x13
                RenderText {#text} at (20,2) size 49x17
                  text run at (20,2) width 49: "7 Pass"
        RenderBlock {SECTION} at (0,121.81) size 784x431.91
          RenderBlock {H2} at (0,0) size 784x28
            RenderText {#text} at (0,0) size 79x27
              text run at (0,0) width 79: "Details"
          RenderTable {TABLE} at (0,47.91) size 784x384 [border: none]
            RenderTableSection {THEAD} at (0,0) size 784x27
              RenderTableRow {TR} at (0,0) size 784x27
                RenderTableCell {TH} at (0,0) size 64x27 [border: none (1px solid #000000) none] [r=0 c=0 rs=1 cs=1]
                  RenderText {#text} at (7,0) size 50x17
                    text run at (7,0) width 50: "Result"
                RenderTableCell {TH} at (64,0) size 328x27 [border: none (1px solid #000000) none] [r=0 c=1 rs=1 cs=1]
                  RenderText {#text} at (123,0) size 82x17
                    text run at (123,0) width 82: "Test Name"
                RenderTableCell {TH} at (392,0) size 392x27 [border: none (1px solid #000000) none] [r=0 c=2 rs=1 cs=1]
                  RenderText {#text} at (162,0) size 68x17
                    text run at (162,0) width 68: "Message"
            RenderTableSection {TBODY} at (0,27) size 784x356
              RenderTableRow {TR} at (0,0) size 784x44
                RenderTableCell {TD} at (0,0) size 64x44 [color=#008000] [border: (2px none #008000) none none] [r=0 c=0 rs=1 cs=1]
                  RenderText {#text} at (16,18) size 33x17
                    text run at (16,18) width 33: "Pass"
                RenderTableCell {TD} at (64,0) size 328x44 [border: (2px none #000000) none none] [r=0 c=1 rs=1 cs=1]
                  RenderText {#text} at (16,18) size 192x17
                    text run at (16,18) width 192: "DOMMatrix.translate(tx, ty)"
                RenderTableCell {TD} at (392,9) size 392x26 [border: (2px none #000000) none none] [r=0 c=2 rs=1 cs=1]
              RenderTableRow {TR} at (0,44) size 784x61
                RenderTableCell {TD} at (0,53) size 64x43 [color=#008000] [border: (1px none #008000) none none] [r=1 c=0 rs=1 cs=1]
                  RenderText {#text} at (16,17) size 33x17
                    text run at (16,17) width 33: "Pass"
                RenderTableCell {TD} at (64,44) size 328x61 [border: (1px none #000000) none none] [r=1 c=1 rs=1 cs=1]
                  RenderText {#text} at (16,17) size 261x35
                    text run at (16,17) width 261: "DOMMatrix.translate(tx, ty) with non-"
                    text run at (16,35) width 51: "identity"
                RenderTableCell {TD} at (392,62) size 392x25 [border: (1px none #000000) none none] [r=1 c=2 rs=1 cs=1]
              RenderTableRow {TR} at (0,105) size 784x43
                RenderTableCell {TD} at (0,105) size 64x43 [color=#008000] [border: (1px none #008000) none none] [r=2 c=0 rs=1 cs=1]
                  RenderText {#text} at (16,17) size 33x17
                    text run at (16,17) width 33: "Pass"
                RenderTableCell {TD} at (64,105) size 328x43 [border: (1px none #000000) none none] [r=2 c=1 rs=1 cs=1]
                  RenderText {#text} at (16,17) size 219x17
                    text run at (16,17) width 219: "DOMMatrix.translateSelf(tx, ty)"
                RenderTableCell {TD} at (392,114) size 392x25 [border: (1px none #000000) none none] [r=2 c=2 rs=1 cs=1]
              RenderTableRow {TR} at (0,148) size 784x43
                RenderTableCell {TD} at (0,148) size 64x43 [color=#008000] [border: (1px none #008000) none none] [r=3 c=0 rs=1 cs=1]
                  RenderText {#text} at (16,17) size 33x17
                    text run at (16,17) width 33: "Pass"
                RenderTableCell {TD} at (64,148) size 328x43 [border: (1px none #000000) none none] [r=3 c=1 rs=1 cs=1]
                  RenderText {#text} at (16,17) size 213x17
                    text run at (16,17) width 213: "DOMMatrix.translate(tx, ty, tz)"
                RenderTableCell {TD} at (392,157) size 392x25 [border: (1px none #000000) none none] [r=3 c=2 rs=1 cs=1]
              RenderTableRow {TR} at (0,191) size 784x61
                RenderTableCell {TD} at (0,200) size 64x43 [color=#008000] [border: (1px none #008000) none none] [r=4 c=0 rs=1 cs=1]
                  RenderText {#text} at (16,17) size 33x17
                    text run at (16,17) width 33: "Pass"
                RenderTableCell {TD} at (64,191) size 328x61 [border: (1px none #000000) none none] [r=4 c=1 rs=1 cs=1]
                  RenderText {#text} at (16,17) size 282x35
                    text run at (16,17) width 282: "DOMMatrix.translate(tx, ty, tz) with non-"
                    text run at (16,35) width 51: "identity"
                RenderTableCell {TD} at (392,209) size 392x25 [border: (1px none #000000) none none] [r=4 c=2 rs=1 cs=1]
              RenderTableRow {TR} at (0,252) size 784x43
                RenderTableCell {TD} at (0,252) size 64x43 [color=#008000] [border: (1px none #008000) none none] [r=5 c=0 rs=1 cs=1]
                  RenderText {#text} at (16,17) size 33x17
                    text run at (16,17) width 33: "Pass"
                RenderTableCell {TD} at (64,252) size 328x43 [border: (1px none #000000) none none] [r=5 c=1 rs=1 cs=1]
                  RenderText {#text} at (16,17) size 241x17
                    text run at (16,17) width 241: "DOMMatrix.translateSelf(tx, ty, tz)"
                RenderTableCell {TD} at (392,261) size 392x25 [border: (1px none #000000) none none] [r=5 c=2 rs=1 cs=1]
              RenderTableRow {TR} at (0,295) size 784x61
                RenderTableCell {TD} at (0,304) size 64x43 [color=#008000] [border: (1px none #008000) none none] [r=6 c=0 rs=1 cs=1]
                  RenderText {#text} at (16,17) size 33x17
                    text run at (16,17) width 33: "Pass"
                RenderTableCell {TD} at (64,295) size 328x61 [border: (1px none #000000) none none] [r=6 c=1 rs=1 cs=1]
                  RenderText {#text} at (16,17) size 241x35
                    text run at (16,17) width 241: "DOMMatrix.translateSelf(tx, ty, tz)"
                    text run at (16,35) width 195: "Homogeneous Coordinates"
                RenderTableCell {TD} at (392,313) size 392x25 [border: (1px none #000000) none none] [r=6 c=2 rs=1 cs=1]
