layer at (0,0) size 785x772
  RenderView at (0,0) size 785x600
layer at (0,0) size 785x772
  RenderBlock {HTML} at (0,0) size 785x771.63
    RenderBody {BODY} at (8,19.91) size 769x743.72
      RenderBlock {DIV} at (0,0) size 769x743.72
        RenderBlock {SECTION} at (0,0) size 769x101.91
          RenderBlock {H2} at (0,0) size 769x28
            RenderText {#text} at (0,0) size 110x27
              text run at (0,0) width 110: "Summary"
          RenderBlock {P} at (0,47.91) size 769x18
            RenderText {#text} at (0,0) size 50x17
              text run at (0,0) width 50: "Found "
            RenderText {#text} at (49,0) size 19x17
              text run at (49,0) width 19: "11"
            RenderText {#text} at (67,0) size 39x17
              text run at (67,0) width 39: " tests"
          RenderBlock {DIV} at (0,81.91) size 769x20
            RenderBlock {DIV} at (0,0) size 769x20
              RenderInline {LABEL} at (0,0) size 78x17
                RenderBlock {INPUT} at (4,3) size 13x13
                RenderText {#text} at (20,2) size 58x17
                  text run at (20,2) width 58: "11 Pass"
        RenderBlock {SECTION} at (0,121.81) size 769x621.91
          RenderBlock {H2} at (0,0) size 769x28
            RenderText {#text} at (0,0) size 79x27
              text run at (0,0) width 79: "Details"
          RenderTable {TABLE} at (0,47.91) size 769x574 [border: none]
            RenderTableSection {THEAD} at (0,0) size 769x27
              RenderTableRow {TR} at (0,0) size 769x27
                RenderTableCell {TH} at (0,0) size 64x27 [border: none (1px solid #000000) none] [r=0 c=0 rs=1 cs=1]
                  RenderText {#text} at (7,0) size 50x17
                    text run at (7,0) width 50: "Result"
                RenderTableCell {TH} at (64,0) size 321x27 [border: none (1px solid #000000) none] [r=0 c=1 rs=1 cs=1]
                  RenderText {#text} at (120,0) size 81x17
                    text run at (120,0) width 81: "Test Name"
                RenderTableCell {TH} at (385,0) size 384x27 [border: none (1px solid #000000) none] [r=0 c=2 rs=1 cs=1]
                  RenderText {#text} at (158,0) size 68x17
                    text run at (158,0) width 68: "Message"
            RenderTableSection {TBODY} at (0,27) size 769x546
              RenderTableRow {TR} at (0,0) size 769x44
                RenderTableCell {TD} at (0,0) size 64x44 [color=#008000] [border: (2px none #008000) none none] [r=0 c=0 rs=1 cs=1]
                  RenderText {#text} at (16,18) size 33x17
                    text run at (16,18) width 33: "Pass"
                RenderTableCell {TD} at (64,0) size 321x44 [border: (2px none #000000) none none] [r=0 c=1 rs=1 cs=1]
                  RenderText {#text} at (16,18) size 171x17
                    text run at (16,18) width 171: "DOMMatrix.scale(scale)"
                RenderTableCell {TD} at (385,9) size 384x26 [border: (2px none #000000) none none] [r=0 c=2 rs=1 cs=1]
              RenderTableRow {TR} at (0,44) size 769x43
                RenderTableCell {TD} at (0,44) size 64x43 [color=#008000] [border: (1px none #008000) none none] [r=1 c=0 rs=1 cs=1]
                  RenderText {#text} at (16,17) size 33x17
                    text run at (16,17) width 33: "Pass"
                RenderTableCell {TD} at (64,44) size 321x43 [border: (1px none #000000) none none] [r=1 c=1 rs=1 cs=1]
                  RenderText {#text} at (16,17) size 223x17
                    text run at (16,17) width 223: "DOMMatrix.scale(scale, ox, oy)"
                RenderTableCell {TD} at (385,53) size 384x25 [border: (1px none #000000) none none] [r=1 c=2 rs=1 cs=1]
              RenderTableRow {TR} at (0,87) size 769x43
                RenderTableCell {TD} at (0,87) size 64x43 [color=#008000] [border: (1px none #008000) none none] [r=2 c=0 rs=1 cs=1]
                  RenderText {#text} at (16,17) size 33x17
                    text run at (16,17) width 33: "Pass"
                RenderTableCell {TD} at (64,87) size 321x43 [border: (1px none #000000) none none] [r=2 c=1 rs=1 cs=1]
                  RenderText {#text} at (16,17) size 189x17
                    text run at (16,17) width 189: "DOMMatrix.scale3d(scale)"
                RenderTableCell {TD} at (385,96) size 384x25 [border: (1px none #000000) none none] [r=2 c=2 rs=1 cs=1]
              RenderTableRow {TR} at (0,130) size 769x43
                RenderTableCell {TD} at (0,130) size 64x43 [color=#008000] [border: (1px none #008000) none none] [r=3 c=0 rs=1 cs=1]
                  RenderText {#text} at (16,17) size 33x17
                    text run at (16,17) width 33: "Pass"
                RenderTableCell {TD} at (64,130) size 321x43 [border: (1px none #000000) none none] [r=3 c=1 rs=1 cs=1]
                  RenderText {#text} at (16,17) size 266x17
                    text run at (16,17) width 266: "DOMMatrix.scale3d(scale, ox, oy, oz)"
                RenderTableCell {TD} at (385,139) size 384x25 [border: (1px none #000000) none none] [r=3 c=2 rs=1 cs=1]
              RenderTableRow {TR} at (0,173) size 769x61
                RenderTableCell {TD} at (0,182) size 64x43 [color=#008000] [border: (1px none #008000) none none] [r=4 c=0 rs=1 cs=1]
                  RenderText {#text} at (16,17) size 33x17
                    text run at (16,17) width 33: "Pass"
                RenderTableCell {TD} at (64,173) size 321x61 [border: (1px none #000000) none none] [r=4 c=1 rs=1 cs=1]
                  RenderText {#text} at (16,17) size 284x35
                    text run at (16,17) width 284: "DOMMatrix.scaleNonUniform(sx, sy, sz,"
                    text run at (16,35) width 74: "ox, oy, oz)"
                RenderTableCell {TD} at (385,191) size 384x25 [border: (1px none #000000) none none] [r=4 c=2 rs=1 cs=1]
              RenderTableRow {TR} at (0,234) size 769x43
                RenderTableCell {TD} at (0,234) size 64x43 [color=#008000] [border: (1px none #008000) none none] [r=5 c=0 rs=1 cs=1]
                  RenderText {#text} at (16,17) size 33x17
                    text run at (16,17) width 33: "Pass"
                RenderTableCell {TD} at (64,234) size 321x43 [border: (1px none #000000) none none] [r=5 c=1 rs=1 cs=1]
                  RenderText {#text} at (16,17) size 199x17
                    text run at (16,17) width 199: "DOMMatrix.scaleSelf(scale)"
                RenderTableCell {TD} at (385,243) size 384x25 [border: (1px none #000000) none none] [r=5 c=2 rs=1 cs=1]
              RenderTableRow {TR} at (0,277) size 769x43
                RenderTableCell {TD} at (0,277) size 64x43 [color=#008000] [border: (1px none #008000) none none] [r=6 c=0 rs=1 cs=1]
                  RenderText {#text} at (16,17) size 33x17
                    text run at (16,17) width 33: "Pass"
                RenderTableCell {TD} at (64,277) size 321x43 [border: (1px none #000000) none none] [r=6 c=1 rs=1 cs=1]
                  RenderText {#text} at (16,17) size 199x17
                    text run at (16,17) width 199: "DOMMatrix.scaleSelf(scale)"
                RenderTableCell {TD} at (385,286) size 384x25 [border: (1px none #000000) none none] [r=6 c=2 rs=1 cs=1]
              RenderTableRow {TR} at (0,320) size 769x43
                RenderTableCell {TD} at (0,320) size 64x43 [color=#008000] [border: (1px none #008000) none none] [r=7 c=0 rs=1 cs=1]
                  RenderText {#text} at (16,17) size 33x17
                    text run at (16,17) width 33: "Pass"
                RenderTableCell {TD} at (64,320) size 321x43 [border: (1px none #000000) none none] [r=7 c=1 rs=1 cs=1]
                  RenderText {#text} at (16,17) size 217x17
                    text run at (16,17) width 217: "DOMMatrix.scale3dSelf(scale)"
                RenderTableCell {TD} at (385,329) size 384x25 [border: (1px none #000000) none none] [r=7 c=2 rs=1 cs=1]
              RenderTableRow {TR} at (0,363) size 769x61
                RenderTableCell {TD} at (0,372) size 64x43 [color=#008000] [border: (1px none #008000) none none] [r=8 c=0 rs=1 cs=1]
                  RenderText {#text} at (16,17) size 33x17
                    text run at (16,17) width 33: "Pass"
                RenderTableCell {TD} at (64,363) size 321x61 [border: (1px none #000000) none none] [r=8 c=1 rs=1 cs=1]
                  RenderText {#text} at (16,17) size 267x35
                    text run at (16,17) width 267: "DOMMatrix.scale3dSelf(scale, ox, oy,"
                    text run at (16,35) width 23: "oz)"
                RenderTableCell {TD} at (385,381) size 384x25 [border: (1px none #000000) none none] [r=8 c=2 rs=1 cs=1]
              RenderTableRow {TR} at (0,424) size 769x61
                RenderTableCell {TD} at (0,433) size 64x43 [color=#008000] [border: (1px none #008000) none none] [r=9 c=0 rs=1 cs=1]
                  RenderText {#text} at (16,17) size 33x17
                    text run at (16,17) width 33: "Pass"
                RenderTableCell {TD} at (64,424) size 321x61 [border: (1px none #000000) none none] [r=9 c=1 rs=1 cs=1]
                  RenderText {#text} at (16,17) size 287x35
                    text run at (16,17) width 287: "DOMMatrix.scaleNonUniformSelf(sx, sy,"
                    text run at (16,35) width 99: "sz, ox, oy, oz)"
                RenderTableCell {TD} at (385,442) size 384x25 [border: (1px none #000000) none none] [r=9 c=2 rs=1 cs=1]
              RenderTableRow {TR} at (0,485) size 769x61
                RenderTableCell {TD} at (0,494) size 64x43 [color=#008000] [border: (1px none #008000) none none] [r=10 c=0 rs=1 cs=1]
                  RenderText {#text} at (16,17) size 33x17
                    text run at (16,17) width 33: "Pass"
                RenderTableCell {TD} at (64,485) size 321x61 [border: (1px none #000000) none none] [r=10 c=1 rs=1 cs=1]
                  RenderText {#text} at (16,17) size 273x35
                    text run at (16,17) width 273: "DOMMatrix.scaleNonUniformSelf(1, 1,"
                    text run at (16,35) width 92: "1, ox, oy, oz)"
                RenderTableCell {TD} at (385,503) size 384x25 [border: (1px none #000000) none none] [r=10 c=2 rs=1 cs=1]
