layer at (0,0) size 800x600
  RenderView at (0,0) size 800x600
layer at (0,0) size 800x600
  RenderBlock {HTML} at (0,0) size 800x600
    RenderBody {BODY} at (8,8) size 784x584
      RenderTextControl {INPUT} at (2,2) size 366x81 [bgcolor=#FFFFFF] [border: (2px inset #EEEEEE)]
        RenderFlexibleBox {DIV} at (3,3) size 360x46
          RenderBlock {DIV} at (0,17.50) size 1x11
          RenderBlock {DIV} at (1,0) size 334x46
          RenderBlock {DIV} at (336,12.50) size 21x21
      RenderBR {BR} at (370,41) size 0x0
      RenderTextControl {INPUT} at (2,87) size 364x81 [bgcolor=#FFFFFF] [border: (2px inset #EEEEEE)]
      RenderBR {BR} at (368,126) size 0x0
      RenderTextControl {INPUT} at (2,170) size 192x25 [bgcolor=#FFFFFF] [border: (2px inset #EEEEEE)]
        RenderFlexibleBox {DIV} at (6,0.50) size 180x24
          RenderBlock {DIV} at (0,6.50) size 1x11
          RenderBlock {DIV} at (1,0) size 161x24
          RenderBlock {DIV} at (163,5) size 14x14
layer at (14,13) size 334x46 scrollWidth 358
  RenderBlock {DIV} at (0,0) size 334x46
    RenderText {#text} at (0,0) size 357x45
      text run at (0,0) width 357: "value jgq not clipped"
layer at (12,98) size 360x46
  RenderBlock {DIV} at (2,3) size 360x46
    RenderText {#text} at (0,0) size 357x45
      text run at (0,0) width 357: "value jgq not clipped"
layer at (17,179) size 161x24
  RenderBlock {DIV} at (0,0) size 161x24
    RenderText {#text} at (0,0) size 115x23
      text run at (0,0) width 115: "Sample Input"
