layer at (0,0) size 800x600
  RenderView at (0,0) size 800x600
layer at (0,0) size 800x600
  RenderBlock {HTML} at (0,0) size 800x600
    RenderBody {BODY} at (8,8) size 784x584
      RenderBlock {P} at (0,0) size 784x36
        RenderText {#text} at (0,0) size 740x35
          text run at (0,0) width 420: "This tests smart paste of a fragment that ends in a select element. "
          text run at (419,0) width 321: "There should be spaces added before and after the"
          text run at (0,18) width 106: "inserted content."
      RenderBlock {DIV} at (0,52) size 784x19
        RenderMenuList {SELECT} at (0,0) size 33x19 [bgcolor=#FFFFFF] [border: (1px solid #A9A9A9)]
          RenderBlock (anonymous) at (1,1) size 31x17
            RenderText at (4,1) size 8x15
              text run at (4,1) width 8: "1"
      RenderBlock {DIV} at (0,71) size 784x19
        RenderText {#text} at (0,0) size 30x17
          text run at (0,0) width 30: "xfoo"
        RenderMenuList {SELECT} at (29.33,0) size 33x19 [bgcolor=#FFFFFF] [border: (1px solid #A9A9A9)]
          RenderBlock (anonymous) at (1,1) size 31x17
            RenderText at (4,1) size 8x15
              text run at (4,1) width 8: "1"
        RenderText {#text} at (62,0) size 9x17
          text run at (62,0) width 9: "x"
caret: position 3 of child 1 {SELECT} of child 4 {DIV} of body
