EDITING DELEGATE: webViewDidChangeSelection:WebViewDidChangeSelectionNotification
EDITING DELEGATE: webViewDidChangeSelection:WebViewDidChangeSelectionNotification
EDITING DELEGATE: webViewDidChangeSelection:WebViewDidChangeSelectionNotification
EDITING DELEGATE: webViewDidChangeSelection:WebViewDidChangeSelectionNotification
EDITING DELEGATE: webViewDidChange:WebViewDidChangeNotification
layer at (0,0) size 800x600
  RenderView at (0,0) size 800x600
layer at (0,0) size 800x600
  RenderBlock {HTML} at (0,0) size 800x600
    RenderBody {BODY} at (8,8) size 784x576
      RenderBlock {P} at (0,0) size 784x18
        RenderText {#text} at (0,0) size 241x17
          text run at (0,0) width 241: "This tests Copy/Paste of a input field."
      RenderBlock {DIV} at (0,34) size 784x25
        RenderTextControl {INPUT} at (2,2) size 144x21 [bgcolor=#FFFFFF] [border: (2px inset #EEEEEE)]
        RenderTextControl {INPUT} at (150,2) size 144x21 [bgcolor=#FFFFFF] [border: (2px inset #EEEEEE)]
      RenderBlock {UL} at (0,75) size 784x18
        RenderListItem {LI} at (40,0) size 744x18
          RenderListMarker at (-17,0) size 7x17: bullet
          RenderText {#text} at (0,0) size 44x17
            text run at (0,0) width 44: "Passed"
layer at (12,47) size 140x15
  RenderBlock {DIV} at (2,3) size 140x15
layer at (160,47) size 140x15
  RenderBlock {DIV} at (2,3) size 140x15
caret: position 1 of child 1 {INPUT} of child 2 {DIV} of body
