layer at (0,0) size 800x600
  RenderView at (0,0) size 800x600
layer at (0,0) size 800x600
  RenderBlock {HTML} at (0,0) size 800x600
    RenderBody {BODY} at (8,8) size 784x576
      RenderBlock {FORM} at (0,0) size 784x37
        RenderText {#text} at (161,18) size 4x18
          text run at (161,18) width 4: " "
        RenderText {#text} at (326,18) size 4x18
          text run at (326,18) width 4: " "
        RenderButton {INPUT} at (330,19) size 44.94x18 [bgcolor=#C0C0C0]
          RenderBlock (anonymous) at (8,2.50) size 28.94x13
            RenderText {#text} at (0,0) size 29x13
              text run at (0,0) width 29: "Reset"
        RenderText {#text} at (0,0) size 0x0
      RenderBlock {P} at (0,53) size 784x72
        RenderText {#text} at (0,0) size 358x18
          text run at (0,0) width 358: "This test verifies that textarea controls are properly reset. "
        RenderBR {BR} at (358,14) size 0x0
        RenderText {#text} at (0,18) size 475x18
          text run at (0,18) width 475: "You should see two element IDs below, and the word \"SUCCESS\" twice: "
        RenderBR {BR} at (475,32) size 0x0
        RenderText {#text} at (0,36) size 175x18
          text run at (0,36) width 175: "noDefaultText: SUCCESS "
        RenderBR {BR} at (175,50) size 0x0
        RenderText {#text} at (0,54) size 176x18
          text run at (0,54) width 176: "hasDefaultText: SUCCESS"
layer at (8,8) size 161x32 clip at (9,9) size 159x30
  RenderTextControl {TEXTAREA} at (0,0) size 161x32 [bgcolor=#FFFFFF] [border: (1px solid #000000)]
    RenderBlock {DIV} at (3,3) size 155x13
layer at (173,8) size 161x32 clip at (174,9) size 159x30
  RenderTextControl {TEXTAREA} at (165,0) size 161x32 [bgcolor=#FFFFFF] [border: (1px solid #000000)]
    RenderBlock {DIV} at (3,3) size 155x13
      RenderText {#text} at (0,0) size 67x13
        text run at (0,0) width 67: "Default Text"
