layer at (0,0) size 785x4860
  RenderView at (0,0) size 785x600
layer at (0,0) size 785x4860
  RenderBlock {HTML} at (0,0) size 785x4860
    RenderBody {BODY} at (8,8) size 769x4844 [bgcolor=#CCCCCC]
      RenderBlock {P} at (0,0) size 769x18
        RenderText {#text} at (0,0) size 355x18
          text run at (0,0) width 355: "The style declarations which apply to the text below are:"
      RenderBlock {PRE} at (0,34) size 769x135
        RenderText {#text} at (0,0) size 480x135
          text run at (0,0) width 272: "HR.minor {clear: both; width: 5%;}"
          text run at (272,0) width 0: " "
          text run at (0,15) width 400: "HR.major {clear: both; width: 75%; margin: 1.5em;}"
          text run at (400,15) width 0: " "
          text run at (0,30) width 480: "DIV {border: 5px solid purple; padding: 0; margin: 0.125em;}"
          text run at (480,30) width 0: " "
          text run at (0,45) width 432: "P.left, P.right {width: 10em; padding: 1em; margin: 0;"
          text run at (432,45) width 0: " "
          text run at (0,60) width 424: "   border: 1px solid lime; background-color: silver;}"
          text run at (424,60) width 0: " "
          text run at (0,75) width 456: "IMG.left, IMG.right {margin: 0; border: 3px solid black;}"
          text run at (456,75) width 0: " "
          text run at (0,90) width 160: ".left {float: left;}"
          text run at (160,90) width 0: " "
          text run at (0,105) width 176: ".right {float: right;}"
          text run at (176,105) width 0: " "
          text run at (0,120) width 0: " "
      RenderBlock {HR} at (0,182) size 769x2 [border: (1px inset #EEEEEE)]
      RenderBlock {P} at (0,200) size 769x36
        RenderText {#text} at (0,0) size 751x36
          text run at (0,0) width 681: "On this test page, each test is performed once with floating paragraphs, and then again with floating images. "
          text run at (681,0) width 67: "Other than"
          text run at (0,18) width 751: "the substitution of images for pargraphs, the structure of the test is exactly the same, including the direction of the floats."
      RenderBlock {HR} at (24,260) size 578.75x2 [border: (1px inset #EEEEEE)]
      RenderBlock {DIV} at (2,286) size 765x46 [border: (5px solid #800080)]
        RenderBlock (floating) {P} at (5,5) size 194x88 [bgcolor=#C0C0C0] [border: (1px solid #00FF00)]
          RenderText {#text} at (17,17) size 130x54
            text run at (17,17) width 130: "This is a left-floating"
            text run at (17,35) width 112: "paragraph (first in"
            text run at (17,53) width 50: "source)."
        RenderBlock (floating) {P} at (566,5) size 194x88 [bgcolor=#C0C0C0] [border: (1px solid #00FF00)]
          RenderText {#text} at (17,17) size 139x54
            text run at (17,17) width 139: "This is a right-floating"
            text run at (17,35) width 132: "paragraph (second in"
            text run at (17,53) width 50: "source)."
        RenderText {#text} at (5,5) size 741x36
          text run at (5,5) width 177: "This is text within the DIV. "
          text run at (182,5) width 564: "The floating elements within this DIV should not go beyond the left or right inner edge of"
          text run at (5,23) width 740: "this DIV, which means that the borders of the floating elements should not overlap the top or side borders of the DIV."
      RenderBlock {HR} at (364.28,340) size 40.44x2 [border: (1px inset #EEEEEE)]
      RenderBlock {DIV} at (2,350) size 765x46 [border: (5px solid #800080)]
        RenderImage {IMG} at (5,5) size 15x36 [border: (3px solid #000000)]
        RenderImage {IMG} at (745,5) size 15x36 [border: (3px solid #000000)]
        RenderText {#text} at (5,5) size 730x36
          text run at (5,5) width 177: "This is text within the DIV. "
          text run at (182,5) width 553: "The floating images within this DIV should not go beyond the left or right inner edge of"
          text run at (5,23) width 729: "this DIV, which means that the borders of the floating images should not overlap the top or side borders of the DIV."
      RenderBlock {HR} at (24,420) size 578.75x2 [border: (1px inset #EEEEEE)]
      RenderBlock {DIV} at (2,446) size 442x118 [border: (5px solid #800080)]
        RenderBlock (floating) {P} at (5,5) size 194x70 [bgcolor=#C0C0C0] [border: (1px solid #00FF00)]
          RenderText {#text} at (17,17) size 122x36
            text run at (17,17) width 122: "This is the first left-"
            text run at (17,35) width 119: "floating paragraph."
        RenderBlock (floating) {P} at (5,5) size 194x70 [bgcolor=#C0C0C0] [border: (1px solid #00FF00)]
          RenderText {#text} at (17,17) size 142x36
            text run at (17,17) width 142: "This is the second left-"
            text run at (17,35) width 119: "floating paragraph."
        RenderBlock (floating) {P} at (5,5) size 194x70 [bgcolor=#C0C0C0] [border: (1px solid #00FF00)]
          RenderText {#text} at (17,17) size 127x36
            text run at (17,17) width 127: "This is the third left-"
            text run at (17,35) width 119: "floating paragraph."
        RenderText {#text} at (5,5) size 427x108
          text run at (5,5) width 177: "This is text within the DIV. "
          text run at (182,5) width 239: "The floating elements within this DIV"
          text run at (5,23) width 427: "should not go beyond the left or right inner edge of this DIV, which"
          text run at (5,41) width 413: "means that the borders of the floating elements should not overlap"
          text run at (5,59) width 295: "the top or side borders of the DIV in any way. "
          text run at (300,59) width 103: "In addition, they"
          text run at (5,77) width 194: "should not overlap each other. "
          text run at (199,77) width 228: "The first two should be side by side,"
          text run at (5,95) width 292: "whereas the third should be on the next \"line.\""
      RenderBlock {HR} at (364.28,572) size 40.44x2 [border: (1px inset #EEEEEE)]
      RenderBlock {DIV} at (2,582) size 360x154 [border: (5px solid #800080)]
        RenderImage {IMG} at (5,5) size 156x36 [border: (3px solid #000000)]
        RenderImage {IMG} at (5,5) size 156x36 [border: (3px solid #000000)]
        RenderImage {IMG} at (5,5) size 156x36 [border: (3px solid #000000)]
        RenderText {#text} at (5,5) size 346x144
          text run at (5,5) width 177: "This is text within the DIV. "
          text run at (182,5) width 169: "The floating images within"
          text run at (5,23) width 329: "this DIV should not go beyond the left or right inner"
          text run at (5,41) width 338: "edge of this DIV, which means that the borders of the"
          text run at (5,59) width 310: "floating images should not overlap the top or side"
          text run at (5,77) width 202: "borders of the DIV in any way. "
          text run at (207,77) width 103: "In addition, they"
          text run at (5,95) width 194: "should not overlap each other. "
          text run at (199,95) width 146: "The first two should be"
          text run at (5,113) width 329: "side by side, whereas the third should be on the next"
          text run at (5,131) width 41: "\"line.\""
      RenderBlock {HR} at (24,760) size 578.75x2 [border: (1px inset #EEEEEE)]
      RenderBlock {DIV} at (2,786) size 314x226 [border: (5px solid #800080)]
        RenderBlock (floating) {P} at (5,5) size 194x88 [bgcolor=#C0C0C0] [border: (1px solid #00FF00)]
          RenderText {#text} at (17,17) size 130x54
            text run at (17,17) width 130: "This is a left-floating"
            text run at (17,35) width 112: "paragraph (first in"
            text run at (17,53) width 50: "source)."
        RenderBlock (floating) {P} at (115,5) size 194x88 [bgcolor=#C0C0C0] [border: (1px solid #00FF00)]
          RenderText {#text} at (17,17) size 139x54
            text run at (17,17) width 139: "This is a right-floating"
            text run at (17,35) width 132: "paragraph (second in"
            text run at (17,53) width 50: "source)."
        RenderText {#text} at (5,5) size 304x216
          text run at (5,5) width 177: "This is text within the DIV. "
          text run at (182,5) width 77: "The floating"
          text run at (5,23) width 299: "elements within this DIV should not go beyond"
          text run at (5,41) width 286: "the left or right inner edge of this DIV, which"
          text run at (5,59) width 292: "means that the borders of the floating elements"
          text run at (5,77) width 301: "should not overlap the top or side borders of the"
          text run at (5,95) width 111: "DIV in any way. "
          text run at (116,95) width 173: "In addition, they should not"
          text run at (5,113) width 288: "overlap each other in any way, nor should the"
          text run at (5,131) width 304: "floated elements be overwritten by the DIV text."
          text run at (5,149) width 290: "In addition, the floated elements should not be"
          text run at (5,167) width 268: "side-by-side, but instead the first should be"
          text run at (5,185) width 288: "floated left, and the second floated to the right"
          text run at (5,203) width 94: "below the first."
      RenderBlock {HR} at (364.28,1020) size 40.44x2 [border: (1px inset #EEEEEE)]
      RenderBlock {DIV} at (2,1030) size 410x172 [border: (5px solid #800080)]
        RenderImage {IMG} at (5,5) size 256x36 [border: (3px solid #000000)]
        RenderImage {IMG} at (149,5) size 256x36 [border: (3px solid #000000)]
        RenderText {#text} at (5,5) size 398x162
          text run at (5,5) width 177: "This is text within the DIV. "
          text run at (182,5) width 195: "The floating images within this"
          text run at (5,23) width 380: "DIV should not go beyond the left or right inner edge of this"
          text run at (5,41) width 361: "DIV, which means that the borders of the floating images"
          text run at (5,59) width 377: "should not overlap the top or side borders of the DIV in any"
          text run at (5,77) width 35: "way. "
          text run at (40,77) width 336: "In addition, they should not overlap each other in any"
          text run at (5,95) width 369: "way, nor should the floated elements be overwritten by the"
          text run at (5,113) width 64: "DIV text. "
          text run at (69,113) width 334: "In addition, the floated images should not be side-by-"
          text run at (5,131) width 390: "side, but instead the first should be floated left, and the second"
          text run at (5,149) width 213: "floated to the right below the first."
      RenderBlock {HR} at (24,1226) size 578.75x2 [border: (1px inset #EEEEEE)]
      RenderBlock {DIV} at (2,1252) size 765x64 [border: (5px solid #800080)]
        RenderBlock (floating) {P} at (566,5) size 194x88 [bgcolor=#C0C0C0] [border: (1px solid #00FF00)]
          RenderText {#text} at (17,17) size 139x54
            text run at (17,17) width 139: "This is a right-floating"
            text run at (17,35) width 112: "paragraph (first in"
            text run at (17,53) width 50: "source)."
        RenderBlock (floating) {P} at (5,5) size 194x88 [bgcolor=#C0C0C0] [border: (1px solid #00FF00)]
          RenderText {#text} at (17,17) size 132x54
            text run at (17,17) width 130: "This is a left-floating"
            text run at (17,35) width 132: "paragraph (second in"
            text run at (17,53) width 50: "source)."
        RenderText {#text} at (5,5) size 751x54
          text run at (5,5) width 177: "This is text within the DIV. "
          text run at (182,5) width 536: "The floating elements within this DIV should not go beyond the top side of this DIV,"
          text run at (5,23) width 751: "which means that the borders of the floating elements should not overlap the top or side borders of the DIV in any way."
          text run at (5,41) width 633: "In addition, the top of the left-floating box should not be higher than the top of the right-floating box."
      RenderBlock {HR} at (364.28,1324) size 40.44x2 [border: (1px inset #EEEEEE)]
      RenderBlock {DIV} at (2,1334) size 765x64 [border: (5px solid #800080)]
        RenderImage {IMG} at (5,5) size 15x36 [border: (3px solid #000000)]
        RenderImage {IMG} at (745,5) size 15x36 [border: (3px solid #000000)]
        RenderText {#text} at (5,5) size 745x54
          text run at (5,5) width 177: "This is text within the DIV. "
          text run at (182,5) width 568: "The floating images within this DIV should not go beyond the top side of this DIV, which"
          text run at (5,23) width 701: "means that the borders of the floating images should not overlap the top or side borders of the DIV in any way. "
          text run at (706,23) width 13: "In"
          text run at (5,41) width 644: "addition, the top of the left-floating image should not be higher than the top of the right-floating image."
      RenderBlock {HR} at (24,1422) size 578.75x2 [border: (1px inset #EEEEEE)]
      RenderBlock {DIV} at (2,1448) size 765x82 [border: (5px solid #800080)]
        RenderText {#text} at (5,5) size 185x18
          text run at (5,5) width 177: "This is text within the DIV. "
          text run at (182,5) width 8: "*"
        RenderBlock (floating) {P} at (5,5) size 194x88 [bgcolor=#C0C0C0] [border: (1px solid #00FF00)]
          RenderText {#text} at (17,17) size 130x54
            text run at (17,17) width 130: "This is a left-floating"
            text run at (17,35) width 112: "paragraph (first in"
            text run at (17,53) width 50: "source)."
        RenderText {#text} at (190,5) size 699x36
          text run at (190,5) width 514: " The floating elements within this DIV should not go any higher than the line-box"
          text run at (5,23) width 323: "containing the inline content which precedes them. "
          text run at (328,23) width 12: "* "
        RenderBlock (floating) {P} at (566,23) size 194x88 [bgcolor=#C0C0C0] [border: (1px solid #00FF00)]
          RenderText {#text} at (17,17) size 139x54
            text run at (17,17) width 139: "This is a right-floating"
            text run at (17,35) width 132: "paragraph (second in"
            text run at (17,53) width 50: "source)."
        RenderText {#text} at (340,23) size 754x54
          text run at (340,23) width 408: "This means that the top side of each float can be, at most, as high"
          text run at (5,41) width 704: "as the top edge of the inline element containing the content just before the floating elements occur in the source. "
          text run at (709,41) width 50: "In order"
          text run at (5,59) width 565: "to mark these points clearly, an asterisk has been inserted just before each floated element."
      RenderBlock {HR} at (364.28,1538) size 40.44x2 [border: (1px inset #EEEEEE)]
      RenderBlock {DIV} at (2,1548) size 765x82 [border: (5px solid #800080)]
        RenderText {#text} at (5,5) size 185x18
          text run at (5,5) width 177: "This is text within the DIV. "
          text run at (182,5) width 8: "*"
        RenderImage {IMG} at (5,5) size 15x36 [border: (3px solid #000000)]
        RenderText {#text} at (190,5) size 688x36
          text run at (190,5) width 503: " The floating images within this DIV should not go any higher than the line-box"
          text run at (5,23) width 323: "containing the inline content which precedes them. "
          text run at (328,23) width 12: "* "
        RenderImage {IMG} at (745,23) size 15x36 [border: (3px solid #000000)]
        RenderText {#text} at (340,23) size 743x54
          text run at (340,23) width 408: "This means that the top side of each float can be, at most, as high"
          text run at (5,41) width 693: "as the top edge of the inline element containing the content just before the floating images occur in the source. "
          text run at (698,41) width 50: "In order"
          text run at (5,59) width 554: "to mark these points clearly, an asterisk has been inserted just before each floated image."
      RenderBlock {HR} at (24,1654) size 578.75x2 [border: (1px inset #EEEEEE)]
      RenderBlock {DIV} at (2,1680) size 765x118 [border: (5px solid #800080)]
        RenderText {#text} at (5,5) size 185x18
          text run at (5,5) width 177: "This is text within the DIV. "
          text run at (182,5) width 8: "*"
        RenderBlock (floating) {P} at (5,5) size 194x88 [bgcolor=#C0C0C0] [border: (1px solid #00FF00)]
          RenderText {#text} at (17,17) size 130x54
            text run at (17,17) width 130: "This is a left-floating"
            text run at (17,35) width 112: "paragraph (first in"
            text run at (17,53) width 50: "source)."
        RenderText {#text} at (190,5) size 699x36
          text run at (190,5) width 514: " The floating elements within this DIV should not go any higher than the line-box"
          text run at (5,23) width 323: "containing the inline content which precedes them. "
          text run at (328,23) width 12: "* "
        RenderBlock (floating) {P} at (566,23) size 194x88 [bgcolor=#C0C0C0] [border: (1px solid #00FF00)]
          RenderText {#text} at (17,17) size 139x54
            text run at (17,17) width 139: "This is a right-floating"
            text run at (17,35) width 132: "paragraph (second in"
            text run at (17,53) width 50: "source)."
        RenderText {#text} at (340,23) size 314x18
          text run at (340,23) width 314: "This means that the top side of each float can be,*"
        RenderBlock (floating) {P} at (5,41) size 194x88 [bgcolor=#C0C0C0] [border: (1px solid #00FF00)]
          RenderText {#text} at (17,17) size 130x54
            text run at (17,17) width 130: "This is a left-floating"
            text run at (17,35) width 117: "paragraph (third in"
            text run at (17,53) width 50: "source)."
        RenderText {#text} at (654,23) size 751x36
          text run at (654,23) width 102: " at most, as high"
          text run at (5,41) width 704: "as the top edge of the inline element containing the content just before the floating elements occur in the source. "
          text run at (709,41) width 8: "*"
        RenderBlock (floating) {P} at (5,59) size 194x88 [bgcolor=#C0C0C0] [border: (1px solid #00FF00)]
          RenderText {#text} at (17,17) size 130x54
            text run at (17,17) width 130: "This is a left-floating"
            text run at (17,35) width 126: "paragraph (fourth in"
            text run at (17,53) width 50: "source)."
        RenderText {#text} at (717,41) size 749x72
          text run at (717,41) width 17: " In"
          text run at (5,59) width 606: "order to mark these points clearly, an asterisk has been inserted just before each floated element. "
          text run at (611,59) width 143: "If a line has room for a"
          text run at (5,77) width 744: "floated element, then the element should float so that its top is aligned with the top of the line-box in which the asterisk"
          text run at (5,95) width 56: "appears. "
          text run at (61,95) width 402: "Otherwise, its top should align with the top of the next line-box."
      RenderBlock {HR} at (364.28,1806) size 40.44x2 [border: (1px inset #EEEEEE)]
      RenderBlock {DIV} at (2,1816) size 765x118 [border: (5px solid #800080)]
        RenderText {#text} at (5,5) size 185x18
          text run at (5,5) width 177: "This is text within the DIV. "
          text run at (182,5) width 8: "*"
        RenderImage {IMG} at (5,5) size 15x36 [border: (3px solid #000000)]
        RenderText {#text} at (190,5) size 688x36
          text run at (190,5) width 503: " The floating images within this DIV should not go any higher than the line-box"
          text run at (5,23) width 323: "containing the inline content which precedes them. "
          text run at (328,23) width 12: "* "
        RenderImage {IMG} at (745,23) size 15x36 [border: (3px solid #000000)]
        RenderText {#text} at (340,23) size 318x18
          text run at (340,23) width 310: "This means that the top side of each float can be, "
          text run at (650,23) width 8: "*"
        RenderImage {IMG} at (5,23) size 15x36 [border: (3px solid #000000)]
        RenderText {#text} at (658,23) size 755x36
          text run at (658,23) width 102: " at most, as high"
          text run at (5,41) width 693: "as the top edge of the inline element containing the content just before the floating images occur in the source. "
          text run at (698,41) width 8: "*"
        RenderImage {IMG} at (5,41) size 15x36 [border: (3px solid #000000)]
        RenderText {#text} at (706,41) size 755x72
          text run at (706,41) width 54: " In order"
          text run at (5,59) width 558: "to mark these points clearly, an asterisk has been inserted just before each floated image. "
          text run at (563,59) width 190: "If a line has room for a floated"
          text run at (5,77) width 731: "image, then the image should float so that its top is aligned with the top of the line-box in which the asterisk appears."
          text run at (5,95) width 402: "Otherwise, its top should align with the top of the next line-box."
      RenderBlock {HR} at (24,1958) size 578.75x2 [border: (1px inset #EEEEEE)]
      RenderBlock {DIV} at (2,1984) size 490x226 [border: (5px solid #800080)]
        RenderText {#text} at (5,5) size 54x18
          text run at (5,5) width 54: "This is *"
        RenderBlock (floating) {P} at (5,5) size 194x88 [bgcolor=#C0C0C0] [border: (1px solid #00FF00)]
          RenderText {#text} at (17,17) size 130x54
            text run at (17,17) width 130: "This is a left-floating"
            text run at (17,35) width 112: "paragraph (first in"
            text run at (17,53) width 50: "source)."
        RenderText {#text} at (59,5) size 12x18
          text run at (59,5) width 12: " *"
        RenderBlock (floating) {P} at (291,5) size 194x88 [bgcolor=#C0C0C0] [border: (1px solid #00FF00)]
          RenderText {#text} at (17,17) size 139x54
            text run at (17,17) width 139: "This is a right-floating"
            text run at (17,35) width 132: "paragraph (second in"
            text run at (17,53) width 50: "source)."
        RenderText {#text} at (71,5) size 469x216
          text run at (71,5) width 135: " text within the DIV. "
          text run at (206,5) width 237: "Under CSS1, the left floating element"
          text run at (5,23) width 469: "should be placed in the upper left corner of the DIV, and the purple border"
          text run at (5,41) width 406: "of the DIV should abut the green border of the floating element. "
          text run at (411,41) width 61: "Similarly,"
          text run at (5,59) width 463: "the right floating element should be placed in the upper right corner of the"
          text run at (5,77) width 469: "DIV, and the purple border of the DIV should abut the green border of the"
          text run at (5,95) width 450: "floating element. The text of the DIV element should flow between and"
          text run at (5,113) width 436: "under the two floating elements. The two asterisk characters mark the"
          text run at (5,131) width 450: "insertion points of the floating elements. It is expected that, under future"
          text run at (5,149) width 464: "specifications, it may be acceptable for the top of floated elements to align"
          text run at (5,167) width 440: "with the top of the line-box following the insertion point of the floated"
          text run at (5,185) width 466: "element to avoid floating elements appearing before text which precedes it"
          text run at (5,203) width 150: "in the source document."
      RenderBlock {HR} at (364.28,2218) size 40.44x2 [border: (1px inset #EEEEEE)]
      RenderBlock {DIV} at (2,2228) size 490x208 [border: (5px solid #800080)]
        RenderText {#text} at (5,5) size 54x18
          text run at (5,5) width 54: "This is *"
        RenderImage {IMG} at (5,5) size 15x36 [border: (3px solid #000000)]
        RenderText {#text} at (59,5) size 12x18
          text run at (59,5) width 12: " *"
        RenderImage {IMG} at (470,5) size 15x36 [border: (3px solid #000000)]
        RenderText {#text} at (71,5) size 478x198
          text run at (71,5) width 135: " text within the DIV. "
          text run at (206,5) width 272: "Under CSS1, the left floating image should"
          text run at (5,23) width 463: "be placed in the upper left corner of the DIV, and the purple border of the"
          text run at (5,41) width 355: "DIV should abut the green border of the floating image. "
          text run at (360,41) width 117: "Similarly, the right"
          text run at (5,59) width 460: "floating image should be placed in the upper right corner of the DIV, and"
          text run at (5,77) width 457: "the purple border of the DIV should abut the green border of the floating"
          text run at (5,95) width 478: "image. The text of the DIV element should flow between and under the two"
          text run at (5,113) width 468: "floating image. The two asterisk characters mark the insertion points of the"
          text run at (5,131) width 98: "floating image. "
          text run at (103,131) width 350: "It is expected that, under future specifications, it may be"
          text run at (5,149) width 460: "acceptable for the top of floated elements to align with the top of the line-"
          text run at (5,167) width 453: "box following the insertion point of the floated element to avoid floating"
          text run at (5,185) width 460: "elements appearing before text which precedes it in the source document."
      RenderBlock {HR} at (24,2460) size 578.75x2 [border: (1px inset #EEEEEE)]
      RenderTable {TABLE} at (0,2486) size 769x2358 [border: (1px outset #808080)]
        RenderTableSection {TBODY} at (1,1) size 767x2356
          RenderTableRow {TR} at (0,0) size 767x26
            RenderTableCell {TD} at (0,0) size 767x26 [bgcolor=#C0C0C0] [border: (1px inset #808080)] [r=0 c=0 rs=1 cs=2]
              RenderInline {STRONG} at (0,0) size 163x18
                RenderText {#text} at (4,4) size 163x18
                  text run at (4,4) width 163: "TABLE Testing Section"
          RenderTableRow {TR} at (0,26) size 767x2330
            RenderTableCell {TD} at (0,1178) size 12x26 [bgcolor=#C0C0C0] [border: (1px inset #808080)] [r=1 c=0 rs=1 cs=1]
              RenderText {#text} at (4,4) size 4x18
                text run at (4,4) width 4: " "
            RenderTableCell {TD} at (12,26) size 755x2330 [border: (1px inset #808080)] [r=1 c=1 rs=1 cs=1]
              RenderBlock {P} at (4,4) size 747x54
                RenderText {#text} at (0,0) size 740x54
                  text run at (0,0) width 681: "On this test page, each test is performed once with floating paragraphs, and then again with floating images. "
                  text run at (681,0) width 36: "Other"
                  text run at (0,18) width 740: "than the substitution of images for pargraphs, the structure of the test is exactly the same, including the direction of the"
                  text run at (0,36) width 38: "floats."
              RenderBlock {HR} at (28,82) size 562.25x2 [border: (1px inset #EEEEEE)]
              RenderBlock {DIV} at (6,108) size 743x64 [border: (5px solid #800080)]
                RenderBlock (floating) {P} at (5,5) size 194x88 [bgcolor=#C0C0C0] [border: (1px solid #00FF00)]
                  RenderText {#text} at (17,17) size 130x54
                    text run at (17,17) width 130: "This is a left-floating"
                    text run at (17,35) width 112: "paragraph (first in"
                    text run at (17,53) width 50: "source)."
                RenderBlock (floating) {P} at (544,5) size 194x88 [bgcolor=#C0C0C0] [border: (1px solid #00FF00)]
                  RenderText {#text} at (17,17) size 139x54
                    text run at (17,17) width 139: "This is a right-floating"
                    text run at (17,35) width 132: "paragraph (second in"
                    text run at (17,53) width 50: "source)."
                RenderText {#text} at (5,5) size 724x54
                  text run at (5,5) width 177: "This is text within the DIV. "
                  text run at (182,5) width 547: "The floating elements within this DIV should not go beyond the left or right inner edge"
                  text run at (5,23) width 720: "of this DIV, which means that the borders of the floating elements should not overlap the top or side borders of the"
                  text run at (5,41) width 33: "DIV."
              RenderBlock {HR} at (357.83,180) size 39.34x2 [border: (1px inset #EEEEEE)]
              RenderBlock {DIV} at (6,190) size 743x46 [border: (5px solid #800080)]
                RenderImage {IMG} at (5,5) size 15x36 [border: (3px solid #000000)]
                RenderImage {IMG} at (723,5) size 15x36 [border: (3px solid #000000)]
                RenderText {#text} at (5,5) size 730x36
                  text run at (5,5) width 177: "This is text within the DIV. "
                  text run at (182,5) width 553: "The floating images within this DIV should not go beyond the left or right inner edge of"
                  text run at (5,23) width 729: "this DIV, which means that the borders of the floating images should not overlap the top or side borders of the DIV."
              RenderBlock {HR} at (28,260) size 562.25x2 [border: (1px inset #EEEEEE)]
              RenderBlock {DIV} at (6,286) size 442x118 [border: (5px solid #800080)]
                RenderBlock (floating) {P} at (5,5) size 194x70 [bgcolor=#C0C0C0] [border: (1px solid #00FF00)]
                  RenderText {#text} at (17,17) size 122x36
                    text run at (17,17) width 122: "This is the first left-"
                    text run at (17,35) width 119: "floating paragraph."
                RenderBlock (floating) {P} at (5,5) size 194x70 [bgcolor=#C0C0C0] [border: (1px solid #00FF00)]
                  RenderText {#text} at (17,17) size 142x36
                    text run at (17,17) width 142: "This is the second left-"
                    text run at (17,35) width 119: "floating paragraph."
                RenderBlock (floating) {P} at (5,5) size 194x70 [bgcolor=#C0C0C0] [border: (1px solid #00FF00)]
                  RenderText {#text} at (17,17) size 127x36
                    text run at (17,17) width 127: "This is the third left-"
                    text run at (17,35) width 119: "floating paragraph."
                RenderText {#text} at (5,5) size 427x108
                  text run at (5,5) width 177: "This is text within the DIV. "
                  text run at (182,5) width 239: "The floating elements within this DIV"
                  text run at (5,23) width 427: "should not go beyond the left or right inner edge of this DIV, which"
                  text run at (5,41) width 413: "means that the borders of the floating elements should not overlap"
                  text run at (5,59) width 295: "the top or side borders of the DIV in any way. "
                  text run at (300,59) width 103: "In addition, they"
                  text run at (5,77) width 194: "should not overlap each other. "
                  text run at (199,77) width 228: "The first two should be side by side,"
                  text run at (5,95) width 292: "whereas the third should be on the next \"line.\""
              RenderBlock {HR} at (357.83,412) size 39.34x2 [border: (1px inset #EEEEEE)]
              RenderBlock {DIV} at (6,422) size 360x154 [border: (5px solid #800080)]
                RenderImage {IMG} at (5,5) size 156x36 [border: (3px solid #000000)]
                RenderImage {IMG} at (5,5) size 156x36 [border: (3px solid #000000)]
                RenderImage {IMG} at (5,5) size 156x36 [border: (3px solid #000000)]
                RenderText {#text} at (5,5) size 346x144
                  text run at (5,5) width 177: "This is text within the DIV. "
                  text run at (182,5) width 169: "The floating images within"
                  text run at (5,23) width 329: "this DIV should not go beyond the left or right inner"
                  text run at (5,41) width 338: "edge of this DIV, which means that the borders of the"
                  text run at (5,59) width 310: "floating images should not overlap the top or side"
                  text run at (5,77) width 202: "borders of the DIV in any way. "
                  text run at (207,77) width 103: "In addition, they"
                  text run at (5,95) width 194: "should not overlap each other. "
                  text run at (199,95) width 146: "The first two should be"
                  text run at (5,113) width 329: "side by side, whereas the third should be on the next"
                  text run at (5,131) width 41: "\"line.\""
              RenderBlock {HR} at (28,600) size 562.25x2 [border: (1px inset #EEEEEE)]
              RenderBlock {DIV} at (6,626) size 314x226 [border: (5px solid #800080)]
                RenderBlock (floating) {P} at (5,5) size 194x88 [bgcolor=#C0C0C0] [border: (1px solid #00FF00)]
                  RenderText {#text} at (17,17) size 130x54
                    text run at (17,17) width 130: "This is a left-floating"
                    text run at (17,35) width 112: "paragraph (first in"
                    text run at (17,53) width 50: "source)."
                RenderBlock (floating) {P} at (115,5) size 194x88 [bgcolor=#C0C0C0] [border: (1px solid #00FF00)]
                  RenderText {#text} at (17,17) size 139x54
                    text run at (17,17) width 139: "This is a right-floating"
                    text run at (17,35) width 132: "paragraph (second in"
                    text run at (17,53) width 50: "source)."
                RenderText {#text} at (5,5) size 304x216
                  text run at (5,5) width 177: "This is text within the DIV. "
                  text run at (182,5) width 77: "The floating"
                  text run at (5,23) width 299: "elements within this DIV should not go beyond"
                  text run at (5,41) width 286: "the left or right inner edge of this DIV, which"
                  text run at (5,59) width 292: "means that the borders of the floating elements"
                  text run at (5,77) width 301: "should not overlap the top or side borders of the"
                  text run at (5,95) width 111: "DIV in any way. "
                  text run at (116,95) width 173: "In addition, they should not"
                  text run at (5,113) width 288: "overlap each other in any way, nor should the"
                  text run at (5,131) width 304: "floated elements be overwritten by the DIV text."
                  text run at (5,149) width 290: "In addition, the floated elements should not be"
                  text run at (5,167) width 268: "side-by-side, but instead the first should be"
                  text run at (5,185) width 288: "floated left, and the second floated to the right"
                  text run at (5,203) width 94: "below the first."
              RenderBlock {HR} at (357.83,860) size 39.34x2 [border: (1px inset #EEEEEE)]
              RenderBlock {DIV} at (6,870) size 410x172 [border: (5px solid #800080)]
                RenderImage {IMG} at (5,5) size 256x36 [border: (3px solid #000000)]
                RenderImage {IMG} at (149,5) size 256x36 [border: (3px solid #000000)]
                RenderText {#text} at (5,5) size 398x162
                  text run at (5,5) width 177: "This is text within the DIV. "
                  text run at (182,5) width 195: "The floating images within this"
                  text run at (5,23) width 380: "DIV should not go beyond the left or right inner edge of this"
                  text run at (5,41) width 361: "DIV, which means that the borders of the floating images"
                  text run at (5,59) width 377: "should not overlap the top or side borders of the DIV in any"
                  text run at (5,77) width 35: "way. "
                  text run at (40,77) width 336: "In addition, they should not overlap each other in any"
                  text run at (5,95) width 369: "way, nor should the floated elements be overwritten by the"
                  text run at (5,113) width 64: "DIV text. "
                  text run at (69,113) width 334: "In addition, the floated images should not be side-by-"
                  text run at (5,131) width 390: "side, but instead the first should be floated left, and the second"
                  text run at (5,149) width 213: "floated to the right below the first."
              RenderBlock {HR} at (28,1066) size 562.25x2 [border: (1px inset #EEEEEE)]
              RenderBlock {DIV} at (6,1092) size 743x64 [border: (5px solid #800080)]
                RenderBlock (floating) {P} at (544,5) size 194x88 [bgcolor=#C0C0C0] [border: (1px solid #00FF00)]
                  RenderText {#text} at (17,17) size 139x54
                    text run at (17,17) width 139: "This is a right-floating"
                    text run at (17,35) width 112: "paragraph (first in"
                    text run at (17,53) width 50: "source)."
                RenderBlock (floating) {P} at (5,5) size 194x88 [bgcolor=#C0C0C0] [border: (1px solid #00FF00)]
                  RenderText {#text} at (17,17) size 132x54
                    text run at (17,17) width 130: "This is a left-floating"
                    text run at (17,35) width 132: "paragraph (second in"
                    text run at (17,53) width 50: "source)."
                RenderText {#text} at (5,5) size 716x54
                  text run at (5,5) width 177: "This is text within the DIV. "
                  text run at (182,5) width 536: "The floating elements within this DIV should not go beyond the top side of this DIV,"
                  text run at (5,23) width 716: "which means that the borders of the floating elements should not overlap the top or side borders of the DIV in any"
                  text run at (5,41) width 35: "way. "
                  text run at (40,41) width 633: "In addition, the top of the left-floating box should not be higher than the top of the right-floating box."
              RenderBlock {HR} at (357.83,1164) size 39.34x2 [border: (1px inset #EEEEEE)]
              RenderBlock {DIV} at (6,1174) size 743x64 [border: (5px solid #800080)]
                RenderImage {IMG} at (5,5) size 15x36 [border: (3px solid #000000)]
                RenderImage {IMG} at (723,5) size 15x36 [border: (3px solid #000000)]
                RenderText {#text} at (5,5) size 705x54
                  text run at (5,5) width 177: "This is text within the DIV. "
                  text run at (182,5) width 525: "The floating images within this DIV should not go beyond the top side of this DIV,"
                  text run at (5,23) width 705: "which means that the borders of the floating images should not overlap the top or side borders of the DIV in any"
                  text run at (5,41) width 35: "way. "
                  text run at (40,41) width 661: "In addition, the top of the left-floating image should not be higher than the top of the right-floating image."
              RenderBlock {HR} at (28,1262) size 562.25x2 [border: (1px inset #EEEEEE)]
              RenderBlock {DIV} at (6,1288) size 743x82 [border: (5px solid #800080)]
                RenderText {#text} at (5,5) size 185x18
                  text run at (5,5) width 177: "This is text within the DIV. "
                  text run at (182,5) width 8: "*"
                RenderBlock (floating) {P} at (5,5) size 194x88 [bgcolor=#C0C0C0] [border: (1px solid #00FF00)]
                  RenderText {#text} at (17,17) size 130x54
                    text run at (17,17) width 130: "This is a left-floating"
                    text run at (17,35) width 112: "paragraph (first in"
                    text run at (17,53) width 50: "source)."
                RenderText {#text} at (190,5) size 699x36
                  text run at (190,5) width 514: " The floating elements within this DIV should not go any higher than the line-box"
                  text run at (5,23) width 323: "containing the inline content which precedes them. "
                  text run at (328,23) width 12: "* "
                RenderBlock (floating) {P} at (544,23) size 194x88 [bgcolor=#C0C0C0] [border: (1px solid #00FF00)]
                  RenderText {#text} at (17,17) size 139x54
                    text run at (17,17) width 139: "This is a right-floating"
                    text run at (17,35) width 132: "paragraph (second in"
                    text run at (17,53) width 50: "source)."
                RenderText {#text} at (340,23) size 732x54
                  text run at (340,23) width 376: "This means that the top side of each float can be, at most, as"
                  text run at (5,41) width 732: "high as the top edge of the inline element containing the content just before the floating elements occur in the source."
                  text run at (5,59) width 619: "In order to mark these points clearly, an asterisk has been inserted just before each floated element."
              RenderBlock {HR} at (357.83,1378) size 39.34x2 [border: (1px inset #EEEEEE)]
              RenderBlock {DIV} at (6,1388) size 743x82 [border: (5px solid #800080)]
                RenderText {#text} at (5,5) size 185x18
                  text run at (5,5) width 177: "This is text within the DIV. "
                  text run at (182,5) width 8: "*"
                RenderImage {IMG} at (5,5) size 15x36 [border: (3px solid #000000)]
                RenderText {#text} at (190,5) size 688x36
                  text run at (190,5) width 503: " The floating images within this DIV should not go any higher than the line-box"
                  text run at (5,23) width 323: "containing the inline content which precedes them. "
                  text run at (328,23) width 12: "* "
                RenderImage {IMG} at (723,23) size 15x36 [border: (3px solid #000000)]
                RenderText {#text} at (340,23) size 721x54
                  text run at (340,23) width 376: "This means that the top side of each float can be, at most, as"
                  text run at (5,41) width 721: "high as the top edge of the inline element containing the content just before the floating images occur in the source."
                  text run at (5,59) width 608: "In order to mark these points clearly, an asterisk has been inserted just before each floated image."
              RenderBlock {HR} at (28,1494) size 562.25x2 [border: (1px inset #EEEEEE)]
              RenderBlock {DIV} at (6,1520) size 743x118 [border: (5px solid #800080)]
                RenderText {#text} at (5,5) size 185x18
                  text run at (5,5) width 177: "This is text within the DIV. "
                  text run at (182,5) width 8: "*"
                RenderBlock (floating) {P} at (5,5) size 194x88 [bgcolor=#C0C0C0] [border: (1px solid #00FF00)]
                  RenderText {#text} at (17,17) size 130x54
                    text run at (17,17) width 130: "This is a left-floating"
                    text run at (17,35) width 112: "paragraph (first in"
                    text run at (17,53) width 50: "source)."
                RenderText {#text} at (190,5) size 699x36
                  text run at (190,5) width 514: " The floating elements within this DIV should not go any higher than the line-box"
                  text run at (5,23) width 323: "containing the inline content which precedes them. "
                  text run at (328,23) width 12: "* "
                RenderBlock (floating) {P} at (544,23) size 194x88 [bgcolor=#C0C0C0] [border: (1px solid #00FF00)]
                  RenderText {#text} at (17,17) size 139x54
                    text run at (17,17) width 139: "This is a right-floating"
                    text run at (17,35) width 132: "paragraph (second in"
                    text run at (17,53) width 50: "source)."
                RenderText {#text} at (340,23) size 314x18
                  text run at (340,23) width 314: "This means that the top side of each float can be,*"
                RenderBlock (floating) {P} at (5,41) size 194x88 [bgcolor=#C0C0C0] [border: (1px solid #00FF00)]
                  RenderText {#text} at (17,17) size 130x54
                    text run at (17,17) width 130: "This is a left-floating"
                    text run at (17,35) width 117: "paragraph (third in"
                    text run at (17,53) width 50: "source)."
                RenderText {#text} at (654,23) size 732x54
                  text run at (654,23) width 70: " at most, as"
                  text run at (5,41) width 732: "high as the top edge of the inline element containing the content just before the floating elements occur in the source."
                  text run at (5,59) width 8: "*"
                RenderBlock (floating) {P} at (5,59) size 194x88 [bgcolor=#C0C0C0] [border: (1px solid #00FF00)]
                  RenderText {#text} at (17,17) size 130x54
                    text run at (17,17) width 130: "This is a left-floating"
                    text run at (17,35) width 126: "paragraph (fourth in"
                    text run at (17,53) width 50: "source)."
                RenderText {#text} at (13,59) size 708x54
                  text run at (13,59) width 627: " In order to mark these points clearly, an asterisk has been inserted just before each floated element. "
                  text run at (640,59) width 73: "If a line has"
                  text run at (5,77) width 697: "room for a floated element, then the element should float so that its top is aligned with the top of the line-box in"
                  text run at (5,95) width 173: "which the asterisk appears. "
                  text run at (178,95) width 402: "Otherwise, its top should align with the top of the next line-box."
              RenderBlock {HR} at (357.83,1646) size 39.34x2 [border: (1px inset #EEEEEE)]
              RenderBlock {DIV} at (6,1656) size 743x118 [border: (5px solid #800080)]
                RenderText {#text} at (5,5) size 185x18
                  text run at (5,5) width 177: "This is text within the DIV. "
                  text run at (182,5) width 8: "*"
                RenderImage {IMG} at (5,5) size 15x36 [border: (3px solid #000000)]
                RenderText {#text} at (190,5) size 688x36
                  text run at (190,5) width 503: " The floating images within this DIV should not go any higher than the line-box"
                  text run at (5,23) width 323: "containing the inline content which precedes them. "
                  text run at (328,23) width 12: "* "
                RenderImage {IMG} at (723,23) size 15x36 [border: (3px solid #000000)]
                RenderText {#text} at (340,23) size 318x18
                  text run at (340,23) width 310: "This means that the top side of each float can be, "
                  text run at (650,23) width 8: "*"
                RenderImage {IMG} at (5,23) size 15x36 [border: (3px solid #000000)]
                RenderText {#text} at (658,23) size 733x36
                  text run at (658,23) width 70: " at most, as"
                  text run at (5,41) width 725: "high as the top edge of the inline element containing the content just before the floating images occur in the source. "
                  text run at (730,41) width 8: "*"
                RenderImage {IMG} at (5,59) size 15x36 [border: (3px solid #000000)]
                RenderText {#text} at (5,59) size 722x54
                  text run at (5,59) width 612: "In order to mark these points clearly, an asterisk has been inserted just before each floated image. "
                  text run at (617,59) width 110: "If a line has room"
                  text run at (5,77) width 704: "for a floated image, then the image should float so that its top is aligned with the top of the line-box in which the"
                  text run at (5,95) width 107: "asterisk appears. "
                  text run at (112,95) width 402: "Otherwise, its top should align with the top of the next line-box."
              RenderBlock {HR} at (28,1798) size 562.25x2 [border: (1px inset #EEEEEE)]
              RenderBlock {DIV} at (6,1824) size 490x226 [border: (5px solid #800080)]
                RenderText {#text} at (5,5) size 54x18
                  text run at (5,5) width 54: "This is *"
                RenderBlock (floating) {P} at (5,5) size 194x88 [bgcolor=#C0C0C0] [border: (1px solid #00FF00)]
                  RenderText {#text} at (17,17) size 130x54
                    text run at (17,17) width 130: "This is a left-floating"
                    text run at (17,35) width 112: "paragraph (first in"
                    text run at (17,53) width 50: "source)."
                RenderText {#text} at (59,5) size 12x18
                  text run at (59,5) width 12: " *"
                RenderBlock (floating) {P} at (291,5) size 194x88 [bgcolor=#C0C0C0] [border: (1px solid #00FF00)]
                  RenderText {#text} at (17,17) size 139x54
                    text run at (17,17) width 139: "This is a right-floating"
                    text run at (17,35) width 132: "paragraph (second in"
                    text run at (17,53) width 50: "source)."
                RenderText {#text} at (71,5) size 469x216
                  text run at (71,5) width 135: " text within the DIV. "
                  text run at (206,5) width 237: "Under CSS1, the left floating element"
                  text run at (5,23) width 469: "should be placed in the upper left corner of the DIV, and the purple border"
                  text run at (5,41) width 406: "of the DIV should abut the green border of the floating element. "
                  text run at (411,41) width 61: "Similarly,"
                  text run at (5,59) width 463: "the right floating element should be placed in the upper right corner of the"
                  text run at (5,77) width 469: "DIV, and the purple border of the DIV should abut the green border of the"
                  text run at (5,95) width 450: "floating element. The text of the DIV element should flow between and"
                  text run at (5,113) width 436: "under the two floating elements. The two asterisk characters mark the"
                  text run at (5,131) width 450: "insertion points of the floating elements. It is expected that, under future"
                  text run at (5,149) width 464: "specifications, it may be acceptable for the top of floated elements to align"
                  text run at (5,167) width 440: "with the top of the line-box following the insertion point of the floated"
                  text run at (5,185) width 466: "element to avoid floating elements appearing before text which precedes it"
                  text run at (5,203) width 150: "in the source document."
              RenderBlock {HR} at (357.83,2058) size 39.34x2 [border: (1px inset #EEEEEE)]
              RenderBlock {DIV} at (6,2068) size 490x208 [border: (5px solid #800080)]
                RenderText {#text} at (5,5) size 54x18
                  text run at (5,5) width 54: "This is *"
                RenderImage {IMG} at (5,5) size 15x36 [border: (3px solid #000000)]
                RenderText {#text} at (59,5) size 12x18
                  text run at (59,5) width 12: " *"
                RenderImage {IMG} at (470,5) size 15x36 [border: (3px solid #000000)]
                RenderText {#text} at (71,5) size 478x198
                  text run at (71,5) width 135: " text within the DIV. "
                  text run at (206,5) width 272: "Under CSS1, the left floating image should"
                  text run at (5,23) width 463: "be placed in the upper left corner of the DIV, and the purple border of the"
                  text run at (5,41) width 355: "DIV should abut the green border of the floating image. "
                  text run at (360,41) width 117: "Similarly, the right"
                  text run at (5,59) width 460: "floating image should be placed in the upper right corner of the DIV, and"
                  text run at (5,77) width 457: "the purple border of the DIV should abut the green border of the floating"
                  text run at (5,95) width 478: "image. The text of the DIV element should flow between and under the two"
                  text run at (5,113) width 468: "floating image. The two asterisk characters mark the insertion points of the"
                  text run at (5,131) width 98: "floating image. "
                  text run at (103,131) width 350: "It is expected that, under future specifications, it may be"
                  text run at (5,149) width 460: "acceptable for the top of floated elements to align with the top of the line-"
                  text run at (5,167) width 453: "box following the insertion point of the floated element to avoid floating"
                  text run at (5,185) width 460: "elements appearing before text which precedes it in the source document."
              RenderBlock {HR} at (28,2300) size 562.25x2 [border: (1px inset #EEEEEE)]
