ALERT: 0.1724137931034483
layer at (0,0) size 800x600
  RenderView at (0,0) size 800x600
layer at (0,0) size 800x600
  RenderBlock {HTML} at (0,0) size 800x600
    RenderBody {BODY} at (8,8) size 784x576
      RenderBlock {P} at (0,0) size 784x18
        RenderText {#text} at (0,0) size 216x18
          text run at (0,0) width 216: "This tests for a drag select crasher."
      RenderBlock {DIV} at (0,34) size 784x19
        RenderInline {SPAN} at (0,0) size 64x18
          RenderText {#text} at (0,0) size 64x18
            text run at (0,0) width 64: "Start here."
        RenderText {#text} at (64,0) size 4x18
          text run at (64,0) width 4: " "
        RenderTextControl {INPUT} at (68,0) size 123x19 [bgcolor=#FFFFFF] [border: (2px inset #EEEEEE)]
      RenderBlock {UL} at (0,69) size 784x0
layer at (79,45) size 117x13
  RenderBlock {DIV} at (3,3) size 117x13
selection start: position 4 of child 0 {#text} of child 0 {SPAN} of child 2 {DIV} of body
selection end:   position 1 of child 1 {#text} of child 2 {DIV} of body
