layer at (0,0) size 800x600
  RenderView at (0,0) size 800x600
layer at (0,0) size 800x132
  RenderBlock {HTML} at (0,0) size 800x132
    RenderBody {BODY} at (8,16) size 784x108
      RenderBlock {P} at (0,0) size 784x18
        RenderText {#text} at (0,0) size 556x18
          text run at (0,0) width 556: "To PASS this test case the text of the button label should not be selected in the selection."
      RenderBlock {DIV} at (0,34) size 784x74
        RenderBlock (anonymous) at (0,0) size 784x37
          RenderText {#text} at (0,0) size 49x18
            text run at (0,0) width 49: "Buttons"
          RenderBR {BR} at (49,0) size 0x18
          RenderText {#text} at (0,18) size 59x18
            text run at (0,18) width 59: "with text "
          RenderButton {INPUT} at (59,19) size 61.02x18 [bgcolor=#C0C0C0]
            RenderBlock (anonymous) at (8,2.50) size 45.02x13
              RenderText {#text} at (0,0) size 46x13
                text run at (0,0) width 46: "too little"
          RenderText {#text} at (120,18) size 56x18
            text run at (120,18) width 56: " too little"
        RenderBlock {DIV} at (0,37) size 784x19
          RenderText {#text} at (0,0) size 54x18
            text run at (0,0) width 54: "and text "
          RenderButton {INPUT} at (54,1) size 66.67x18 [bgcolor=#C0C0C0]
            RenderBlock (anonymous) at (8,2.50) size 50.67x13
              RenderText {#text} at (0,0) size 51x13
                text run at (0,0) width 51: "too much"
          RenderText {#text} at (120,0) size 64x18
            text run at (120,0) width 64: " too much"
        RenderBlock (anonymous) at (0,56) size 784x18
          RenderText {#text} at (0,0) size 244x18
            text run at (0,0) width 244: "Should not be selected in the selection."
selection start: position 0 of child 0 {#text} of child 1 {P} of body
selection end:   position 41 of child 6 {#text} of child 3 {DIV} of body
