layer at (0,0) size 800x600
  RenderView at (0,0) size 800x600
layer at (72,0) size 728x600
  RenderBlock {HTML} at (0,0) size 728x600
    RenderBody {BODY} at (8,8) size 0x584
      RenderBlock (floating) {DIV} at (8,8) size 157x366 [border: (3px solid #000000)]
        RenderText {#text} at (14,3) size 19x270
          text run at (14,3) width 270: "\x{305B}\x{3063}\x{304B}\x{304F}\x{898B}\x{3064}\x{3051}\x{305F}\x{3059}\x{3070}\x{3089}\x{3057}\x{3044}\x{8A18}\x{4E8B}"
        RenderInline {SPAN} at (0,0) size 49x360
          RenderText {#text} at (14,273) size 49x360
            text run at (14,273) width 90: "\x{304C}\x{3069}\x{3053}\x{306B}\x{3042}"
            text run at (44,3) width 144: "\x{3063}\x{305F}\x{304B}\x{5FD8}\x{308C}\x{3066}\x{3057}\x{307E}"
        RenderText {#text} at (44,147) size 19x180
          text run at (44,147) width 180: "\x{3063}\x{305F}\x{7D4C}\x{9A13}\x{306F}\x{3042}\x{308A}\x{307E}\x{3059}\x{304B}"
        RenderInline {SPAN} at (0,0) size 49x360
          RenderText {#text} at (44,327) size 49x360
            text run at (44,327) width 36: "\x{306A}\x{3089}"
            text run at (74,3) width 270: "\x{30BF}\x{30A4}\x{30C8}\x{30EB}\x{3068}\x{30A2}\x{30C9}\x{30EC}\x{30B9}\x{3060}\x{3051}\x{3067}\x{306A}\x{304F}\x{3001}"
        RenderText {#text} at (74,273) size 76x360
          text run at (74,273) width 90: "\x{8A2A}\x{554F}\x{3057}\x{305F}\x{30A6}"
          text run at (104,3) width 360: "\x{30A7}\x{30D6}\x{30DA}\x{30FC}\x{30B8}\x{306E}\x{30B3}\x{30F3}\x{30C6}\x{30F3}\x{30C4}\x{304B}\x{3089}\x{3082}\x{691C}\x{7D22}\x{3059}\x{308B}\x{3053}\x{3068}"
          text run at (131,3) width 108: "\x{304C}\x{3067}\x{304D}\x{307E}\x{3059}\x{3002}"
      RenderBlock (floating) {DIV} at (181,8) size 157x366 [border: (3px solid #000000)]
        RenderText {#text} at (14,3) size 19x54
          text run at (14,3) width 54: "\x{305B}\x{3063}\x{304B}"
        RenderInline {SPAN} at (0,0) size 19x108
          RenderText {#text} at (14,57) size 19x108
            text run at (14,57) width 108: "\x{304F}\x{898B}\x{3064}\x{3051}\x{305F}\x{3059}"
        RenderInline {SPAN} at (0,0) size 19x72
          RenderText {#text} at (14,165) size 19x72
            text run at (14,165) width 72: "\x{3070}\x{3089}\x{3057}\x{3044}"
        RenderInline {SPAN} at (0,0) size 19x72
          RenderText {#text} at (14,237) size 19x72
            text run at (14,237) width 72: "\x{8A18}\x{4E8B}\x{304C}\x{3069}"
        RenderInline {SPAN} at (0,0) size 49x360
          RenderText {#text} at (14,309) size 49x360
            text run at (14,309) width 54: "\x{3053}\x{306B}\x{3042}"
            text run at (44,3) width 18: "\x{3063}"
        RenderInline {SPAN} at (0,0) size 19x108
          RenderText {#text} at (44,21) size 19x108
            text run at (44,21) width 108: "\x{305F}\x{304B}\x{5FD8}\x{308C}\x{3066}\x{3057}"
        RenderInline {SPAN} at (0,0) size 19x90
          RenderText {#text} at (44,129) size 19x90
            text run at (44,129) width 90: "\x{307E}\x{3063}\x{305F}\x{7D4C}\x{9A13}"
        RenderInline {SPAN} at (0,0) size 19x108
          RenderText {#text} at (44,219) size 19x108
            text run at (44,219) width 108: "\x{306F}\x{3042}\x{308A}\x{307E}\x{3059}\x{304B}"
        RenderInline {SPAN} at (0,0) size 49x360
          RenderText {#text} at (44,327) size 49x360
            text run at (44,327) width 36: "\x{306A}\x{3089}"
            text run at (74,3) width 90: "\x{30BF}\x{30A4}\x{30C8}\x{30EB}\x{3068}"
        RenderInline {SPAN} at (0,0) size 19x144
          RenderText {#text} at (74,93) size 19x144
            text run at (74,93) width 144: "\x{30A2}\x{30C9}\x{30EC}\x{30B9}\x{3060}\x{3051}\x{3067}\x{306A}"
        RenderInline {SPAN} at (0,0) size 19x126
          RenderText {#text} at (74,237) size 19x126
            text run at (74,237) width 126: "\x{304F}\x{3001}\x{8A2A}\x{554F}\x{3057}\x{305F}\x{30A6}"
        RenderInline {SPAN} at (0,0) size 19x162
          RenderText {#text} at (104,3) size 19x162
            text run at (104,3) width 162: "\x{30A7}\x{30D6}\x{30DA}\x{30FC}\x{30B8}\x{306E}\x{30B3}\x{30F3}\x{30C6}"
        RenderText {#text} at (104,165) size 46x360
          text run at (104,165) width 198: "\x{30F3}\x{30C4}\x{304B}\x{3089}\x{3082}\x{691C}\x{7D22}\x{3059}\x{308B}\x{3053}\x{3068}"
          text run at (131,3) width 108: "\x{304C}\x{3067}\x{304D}\x{307E}\x{3059}\x{3002}"
      RenderBlock (floating) {DIV} at (354,8) size 153x366 [border: (3px solid #000000)]
        RenderText {#text} at (7,3) size 19x54
          text run at (7,3) width 54: "\x{305B}\x{3063}\x{304B}"
        RenderInline {SPAN} at (0,0) size 19x108
          RenderText {#text} at (7,57) size 19x108
            text run at (7,57) width 108: "\x{304F}\x{898B}\x{3064}\x{3051}\x{305F}\x{3059}"
        RenderInline {SPAN} at (0,0) size 19x72
          RenderText {#text} at (7,165) size 19x72
            text run at (7,165) width 72: "\x{3070}\x{3089}\x{3057}\x{3044}"
        RenderInline {SPAN} at (0,0) size 19x72
          RenderText {#text} at (7,237) size 19x72
            text run at (7,237) width 72: "\x{8A18}\x{4E8B}\x{304C}\x{3069}"
        RenderInline {SPAN} at (0,0) size 49x360
          RenderText {#text} at (7,309) size 49x360
            text run at (7,309) width 54: "\x{3053}\x{306B}\x{3042}"
            text run at (37,3) width 18: "\x{3063}"
        RenderInline {SPAN} at (0,0) size 19x108
          RenderText {#text} at (37,21) size 19x108
            text run at (37,21) width 108: "\x{305F}\x{304B}\x{5FD8}\x{308C}\x{3066}\x{3057}"
        RenderInline {SPAN} at (0,0) size 19x90
          RenderText {#text} at (37,129) size 19x90
            text run at (37,129) width 90: "\x{307E}\x{3063}\x{305F}\x{7D4C}\x{9A13}"
        RenderInline {SPAN} at (0,0) size 19x108
          RenderText {#text} at (37,219) size 19x108
            text run at (37,219) width 108: "\x{306F}\x{3042}\x{308A}\x{307E}\x{3059}\x{304B}"
        RenderInline {SPAN} at (0,0) size 49x360
          RenderText {#text} at (37,327) size 49x360
            text run at (37,327) width 36: "\x{306A}\x{3089}"
            text run at (67,3) width 90: "\x{30BF}\x{30A4}\x{30C8}\x{30EB}\x{3068}"
        RenderInline {SPAN} at (0,0) size 19x144
          RenderText {#text} at (67,93) size 19x144
            text run at (67,93) width 144: "\x{30A2}\x{30C9}\x{30EC}\x{30B9}\x{3060}\x{3051}\x{3067}\x{306A}"
        RenderInline {SPAN} at (0,0) size 19x126
          RenderText {#text} at (67,237) size 19x126
            text run at (67,237) width 126: "\x{304F}\x{3001}\x{8A2A}\x{554F}\x{3057}\x{305F}\x{30A6}"
        RenderInline {SPAN} at (0,0) size 19x162
          RenderText {#text} at (97,3) size 19x162
            text run at (97,3) width 162: "\x{30A7}\x{30D6}\x{30DA}\x{30FC}\x{30B8}\x{306E}\x{30B3}\x{30F3}\x{30C6}"
        RenderText {#text} at (97,165) size 49x360
          text run at (97,165) width 198: "\x{30F3}\x{30C4}\x{304B}\x{3089}\x{3082}\x{691C}\x{7D22}\x{3059}\x{308B}\x{3053}\x{3068}"
          text run at (127,3) width 108: "\x{304C}\x{3067}\x{304D}\x{307E}\x{3059}\x{3002}"
      RenderBlock (floating) {DIV} at (523,8) size 189x366 [border: (3px solid #000000)]
        RenderText {#text} at (14,3) size 19x270
          text run at (14,3) width 270: "\x{305B}\x{3063}\x{304B}\x{304F}\x{898B}\x{3064}\x{3051}\x{305F}\x{3059}\x{3070}\x{3089}\x{3057}\x{3044}\x{8A18}\x{4E8B}"
        RenderInline {SPAN} at (0,0) size 55x360
          RenderText {#text} at (14,273) size 55x360
            text run at (14,273) width 90: "\x{304C}\x{3069}\x{3053}\x{306B}\x{3042}"
            text run at (50,3) width 144: "\x{3063}\x{305F}\x{304B}\x{5FD8}\x{308C}\x{3066}\x{3057}\x{307E}"
        RenderText {#text} at (50,147) size 19x180
          text run at (50,147) width 180: "\x{3063}\x{305F}\x{7D4C}\x{9A13}\x{306F}\x{3042}\x{308A}\x{307E}\x{3059}\x{304B}"
        RenderInline {SPAN} at (0,0) size 55x360
          RenderText {#text} at (50,327) size 55x360
            text run at (50,327) width 36: "\x{306A}\x{3089}"
            text run at (86,3) width 270: "\x{30BF}\x{30A4}\x{30C8}\x{30EB}\x{3068}\x{30A2}\x{30C9}\x{30EC}\x{30B9}\x{3060}\x{3051}\x{3067}\x{306A}\x{304F}\x{3001}"
        RenderText {#text} at (86,273) size 91x360
          text run at (86,273) width 90: "\x{8A2A}\x{554F}\x{3057}\x{305F}\x{30A6}"
          text run at (122,3) width 360: "\x{30A7}\x{30D6}\x{30DA}\x{30FC}\x{30B8}\x{306E}\x{30B3}\x{30F3}\x{30C6}\x{30F3}\x{30C4}\x{304B}\x{3089}\x{3082}\x{691C}\x{7D22}\x{3059}\x{308B}\x{3053}\x{3068}"
          text run at (158,3) width 108: "\x{304C}\x{3067}\x{304D}\x{307E}\x{3059}\x{3002}"
