layer at (0,0) size 800x600
  RenderView at (0,0) size 800x600
layer at (0,0) size 800x411
  RenderBlock {HTML} at (0,0) size 800x411
    RenderBody {BODY} at (8,8) size 784x395
      RenderBlock {H1} at (0,0) size 784x23
        RenderText {#text} at (0,0) size 255x23
          text run at (0,0) width 255: "Tests support for font-stretch"
      RenderBlock {P} at (0,25) size 784x17
        RenderText {#text} at (0,0) size 228x17
          text run at (0,0) width 228: "Tests that CSS font-stretch is supported."
      RenderBlock {SECTION} at (0,50) size 784x173
        RenderBlock {H2} at (0,0) size 784x18
          RenderText {#text} at (0,0) size 61x18
            text run at (0,0) width 61: "Segoe UI"
        RenderBlock {P} at (0,20) size 784x17
          RenderBlock {SPAN} at (0,0) size 188.45x17
            RenderText {#text} at (0,0) size 162x17
              text run at (0,0) width 162: "font-stretch: ultra-condensed"
          RenderText {#text} at (188,0) size 350x17
            text run at (188,0) width 350: " - Just poets wax boldly as kings and queens march over fuzz."
        RenderBlock {P} at (0,37) size 784x17
          RenderBlock {SPAN} at (0,0) size 188.45x17
            RenderText {#text} at (0,0) size 164x17
              text run at (0,0) width 164: "font-stretch: extra-condensed"
          RenderText {#text} at (188,0) size 350x17
            text run at (188,0) width 350: " - Just poets wax boldly as kings and queens march over fuzz."
        RenderBlock {P} at (0,54) size 784x17
          RenderBlock {SPAN} at (0,0) size 188.45x17
            RenderText {#text} at (0,0) size 131x17
              text run at (0,0) width 131: "font-stretch: condensed"
          RenderText {#text} at (188,0) size 350x17
            text run at (188,0) width 350: " - Just poets wax boldly as kings and queens march over fuzz."
        RenderBlock {P} at (0,71) size 784x17
          RenderBlock {SPAN} at (0,0) size 188.45x17
            RenderText {#text} at (0,0) size 162x17
              text run at (0,0) width 162: "font-stretch: semi-condensed"
          RenderText {#text} at (188,0) size 350x17
            text run at (188,0) width 350: " - Just poets wax boldly as kings and queens march over fuzz."
        RenderBlock {P} at (0,88) size 784x17
          RenderBlock {SPAN} at (0,0) size 188.45x17
            RenderText {#text} at (0,0) size 113x17
              text run at (0,0) width 113: "font-stretch: normal"
          RenderText {#text} at (188,0) size 350x17
            text run at (188,0) width 350: " - Just poets wax boldly as kings and queens march over fuzz."
        RenderBlock {P} at (0,105) size 784x17
          RenderBlock {SPAN} at (0,0) size 188.45x17
            RenderText {#text} at (0,0) size 157x17
              text run at (0,0) width 157: "font-stretch: semi-expanded"
          RenderText {#text} at (188,0) size 350x17
            text run at (188,0) width 350: " - Just poets wax boldly as kings and queens march over fuzz."
        RenderBlock {P} at (0,122) size 784x17
          RenderBlock {SPAN} at (0,0) size 188.45x17
            RenderText {#text} at (0,0) size 126x17
              text run at (0,0) width 126: "font-stretch: expanded"
          RenderText {#text} at (188,0) size 350x17
            text run at (188,0) width 350: " - Just poets wax boldly as kings and queens march over fuzz."
        RenderBlock {P} at (0,139) size 784x17
          RenderBlock {SPAN} at (0,0) size 188.45x17
            RenderText {#text} at (0,0) size 159x17
              text run at (0,0) width 159: "font-stretch: extra-expanded"
          RenderText {#text} at (188,0) size 350x17
            text run at (188,0) width 350: " - Just poets wax boldly as kings and queens march over fuzz."
        RenderBlock {P} at (0,156) size 784x17
          RenderBlock {SPAN} at (0,0) size 188.45x17
            RenderText {#text} at (0,0) size 157x17
              text run at (0,0) width 157: "font-stretch: ultra-expanded"
          RenderText {#text} at (188,0) size 350x17
            text run at (188,0) width 350: " - Just poets wax boldly as kings and queens march over fuzz."
      RenderBlock {SECTION} at (0,231) size 784x164
        RenderBlock {H2} at (0,0) size 784x18
          RenderText {#text} at (0,0) size 35x17
            text run at (0,0) width 35: "Arial"
        RenderBlock {P} at (0,20) size 784x16
          RenderBlock {SPAN} at (0,0) size 217.78x16
            RenderText {#text} at (0,0) size 183x16
              text run at (0,0) width 183: "font-stretch: ultra-condensed"
          RenderText {#text} at (217,0) size 394x16
            text run at (217,0) width 394: " - Just poets wax boldly as kings and queens march over fuzz."
        RenderBlock {P} at (0,36) size 784x16
          RenderBlock {SPAN} at (0,0) size 217.78x16
            RenderText {#text} at (0,0) size 187x16
              text run at (0,0) width 187: "font-stretch: extra-condensed"
          RenderText {#text} at (217,0) size 394x16
            text run at (217,0) width 394: " - Just poets wax boldly as kings and queens march over fuzz."
        RenderBlock {P} at (0,52) size 784x16
          RenderBlock {SPAN} at (0,0) size 217.78x16
            RenderText {#text} at (0,0) size 150x16
              text run at (0,0) width 150: "font-stretch: condensed"
          RenderText {#text} at (217,0) size 394x16
            text run at (217,0) width 394: " - Just poets wax boldly as kings and queens march over fuzz."
        RenderBlock {P} at (0,68) size 784x16
          RenderBlock {SPAN} at (0,0) size 217.78x16
            RenderText {#text} at (0,0) size 185x16
              text run at (0,0) width 185: "font-stretch: semi-condensed"
          RenderText {#text} at (217,0) size 394x16
            text run at (217,0) width 394: " - Just poets wax boldly as kings and queens march over fuzz."
        RenderBlock {P} at (0,84) size 784x16
          RenderBlock {SPAN} at (0,0) size 217.78x16
            RenderText {#text} at (0,0) size 124x16
              text run at (0,0) width 124: "font-stretch: normal"
          RenderText {#text} at (217,0) size 394x16
            text run at (217,0) width 394: " - Just poets wax boldly as kings and queens march over fuzz."
        RenderBlock {P} at (0,100) size 784x16
          RenderBlock {SPAN} at (0,0) size 217.78x16
            RenderText {#text} at (0,0) size 178x16
              text run at (0,0) width 178: "font-stretch: semi-expanded"
          RenderText {#text} at (217,0) size 394x16
            text run at (217,0) width 394: " - Just poets wax boldly as kings and queens march over fuzz."
        RenderBlock {P} at (0,116) size 784x16
          RenderBlock {SPAN} at (0,0) size 217.78x16
            RenderText {#text} at (0,0) size 143x16
              text run at (0,0) width 143: "font-stretch: expanded"
          RenderText {#text} at (217,0) size 394x16
            text run at (217,0) width 394: " - Just poets wax boldly as kings and queens march over fuzz."
        RenderBlock {P} at (0,132) size 784x16
          RenderBlock {SPAN} at (0,0) size 217.78x16
            RenderText {#text} at (0,0) size 180x16
              text run at (0,0) width 180: "font-stretch: extra-expanded"
          RenderText {#text} at (217,0) size 394x16
            text run at (217,0) width 394: " - Just poets wax boldly as kings and queens march over fuzz."
        RenderBlock {P} at (0,148) size 784x16
          RenderBlock {SPAN} at (0,0) size 217.78x16
            RenderText {#text} at (0,0) size 176x16
              text run at (0,0) width 176: "font-stretch: ultra-expanded"
          RenderText {#text} at (217,0) size 394x16
            text run at (217,0) width 394: " - Just poets wax boldly as kings and queens march over fuzz."
