layer at (0,0) size 785x1009
  RenderView at (0,0) size 785x600
layer at (0,0) size 785x1009
  RenderBlock {HTML} at (0,0) size 785x1009.06
    RenderBody {BODY} at (8,19.91) size 769x981.16
      RenderBlock {SECTION} at (0,0) size 769x135.91
        RenderBlock {H2} at (0,0) size 769x28
          RenderText {#text} at (0,0) size 247x28
            text run at (0,0) width 247: "font-weight: 200 vs light"
        RenderBlock {DIV} at (0,47.91) size 769x18
          RenderText {#text} at (0,0) size 396x18
            text run at (0,0) width 396: "Back in June we delivered oxygen equipment of the same size."
        RenderBlock {DIV} at (0,65.91) size 769x18
          RenderText {#text} at (0,0) size 396x18
            text run at (0,0) width 396: "Back in June we delivered oxygen equipment of the same size."
        RenderBlock {DIV} at (0,83.91) size 769x18
          RenderText {#text} at (0,0) size 396x18
            text run at (0,0) width 396: "Back in June we delivered oxygen equipment of the same size."
        RenderBlock {P} at (0,117.91) size 769x18
          RenderText {#text} at (0,0) size 325x18
            text run at (0,0) width 325: "The three lines above should have the same weight."
      RenderBlock {SECTION} at (0,155.81) size 769x135.91
        RenderBlock {H2} at (0,0) size 769x28
          RenderText {#text} at (0,0) size 292x28
            text run at (0,0) width 292: "font-weight: 600 vs semibold"
        RenderBlock {DIV} at (0,47.91) size 769x18
          RenderText {#text} at (0,0) size 418x18
            text run at (0,0) width 418: "Back in June we delivered oxygen equipment of the same size."
        RenderBlock {DIV} at (0,65.91) size 769x18
          RenderText {#text} at (0,0) size 396x18
            text run at (0,0) width 396: "Back in June we delivered oxygen equipment of the same size."
        RenderBlock {DIV} at (0,83.91) size 769x18
          RenderText {#text} at (0,0) size 418x18
            text run at (0,0) width 418: "Back in June we delivered oxygen equipment of the same size."
        RenderBlock {P} at (0,117.91) size 769x18
          RenderText {#text} at (0,0) size 325x18
            text run at (0,0) width 325: "The three lines above should have the same weight."
      RenderBlock {SECTION} at (0,311.63) size 769x209.91
        RenderBlock {H2} at (0,0) size 769x28
          RenderText {#text} at (0,0) size 258x28
            text run at (0,0) width 258: "Specific weight, Segoe UI"
        RenderBlock {DIV} at (0,47.91) size 769x18
          RenderText {#text} at (0,0) size 514x18
            text run at (0,0) width 514: "font-weight: 100 - Back in June we delivered oxygen equipment of the same size."
        RenderBlock {DIV} at (0,65.91) size 769x18
          RenderText {#text} at (0,0) size 514x18
            text run at (0,0) width 514: "font-weight: 200 - Back in June we delivered oxygen equipment of the same size."
        RenderBlock {DIV} at (0,83.91) size 769x18
          RenderText {#text} at (0,0) size 514x18
            text run at (0,0) width 514: "font-weight: 300 - Back in June we delivered oxygen equipment of the same size."
        RenderBlock {DIV} at (0,101.91) size 769x18
          RenderText {#text} at (0,0) size 514x18
            text run at (0,0) width 514: "font-weight: 400 - Back in June we delivered oxygen equipment of the same size."
        RenderBlock {DIV} at (0,119.91) size 769x18
          RenderText {#text} at (0,0) size 514x18
            text run at (0,0) width 514: "font-weight: 500 - Back in June we delivered oxygen equipment of the same size."
        RenderBlock {DIV} at (0,137.91) size 769x18
          RenderText {#text} at (0,0) size 541x18
            text run at (0,0) width 541: "font-weight: 600 - Back in June we delivered oxygen equipment of the same size."
        RenderBlock {DIV} at (0,155.91) size 769x18
          RenderText {#text} at (0,0) size 541x18
            text run at (0,0) width 541: "font-weight: 700 - Back in June we delivered oxygen equipment of the same size."
        RenderBlock {DIV} at (0,173.91) size 769x18
          RenderText {#text} at (0,0) size 541x18
            text run at (0,0) width 541: "font-weight: 800 - Back in June we delivered oxygen equipment of the same size."
        RenderBlock {DIV} at (0,191.91) size 769x18
          RenderText {#text} at (0,0) size 541x18
            text run at (0,0) width 541: "font-weight: 900 - Back in June we delivered oxygen equipment of the same size."
      RenderBlock {SECTION} at (0,541.44) size 769x209.91
        RenderBlock {H2} at (0,0) size 769x28
          RenderText {#text} at (0,0) size 320x28
            text run at (0,0) width 320: "Specific weight, Segoe UI Light"
        RenderBlock {DIV} at (0,47.91) size 769x18
          RenderText {#text} at (0,0) size 514x18
            text run at (0,0) width 514: "font-weight: 100 - Back in June we delivered oxygen equipment of the same size."
        RenderBlock {DIV} at (0,65.91) size 769x18
          RenderText {#text} at (0,0) size 514x18
            text run at (0,0) width 514: "font-weight: 200 - Back in June we delivered oxygen equipment of the same size."
        RenderBlock {DIV} at (0,83.91) size 769x18
          RenderText {#text} at (0,0) size 514x18
            text run at (0,0) width 514: "font-weight: 300 - Back in June we delivered oxygen equipment of the same size."
        RenderBlock {DIV} at (0,101.91) size 769x18
          RenderText {#text} at (0,0) size 514x18
            text run at (0,0) width 514: "font-weight: 400 - Back in June we delivered oxygen equipment of the same size."
        RenderBlock {DIV} at (0,119.91) size 769x18
          RenderText {#text} at (0,0) size 514x18
            text run at (0,0) width 514: "font-weight: 500 - Back in June we delivered oxygen equipment of the same size."
        RenderBlock {DIV} at (0,137.91) size 769x18
          RenderText {#text} at (0,0) size 541x18
            text run at (0,0) width 541: "font-weight: 600 - Back in June we delivered oxygen equipment of the same size."
        RenderBlock {DIV} at (0,155.91) size 769x18
          RenderText {#text} at (0,0) size 541x18
            text run at (0,0) width 541: "font-weight: 700 - Back in June we delivered oxygen equipment of the same size."
        RenderBlock {DIV} at (0,173.91) size 769x18
          RenderText {#text} at (0,0) size 541x18
            text run at (0,0) width 541: "font-weight: 800 - Back in June we delivered oxygen equipment of the same size."
        RenderBlock {DIV} at (0,191.91) size 769x18
          RenderText {#text} at (0,0) size 541x18
            text run at (0,0) width 541: "font-weight: 900 - Back in June we delivered oxygen equipment of the same size."
      RenderBlock {SECTION} at (0,771.25) size 769x209.91
        RenderBlock {H2} at (0,0) size 769x28
          RenderText {#text} at (0,0) size 360x28
            text run at (0,0) width 360: "Specific weight, Segoe UI Semibold"
        RenderBlock {DIV} at (0,47.91) size 769x18
          RenderText {#text} at (0,0) size 514x18
            text run at (0,0) width 514: "font-weight: 100 - Back in June we delivered oxygen equipment of the same size."
        RenderBlock {DIV} at (0,65.91) size 769x18
          RenderText {#text} at (0,0) size 514x18
            text run at (0,0) width 514: "font-weight: 200 - Back in June we delivered oxygen equipment of the same size."
        RenderBlock {DIV} at (0,83.91) size 769x18
          RenderText {#text} at (0,0) size 514x18
            text run at (0,0) width 514: "font-weight: 300 - Back in June we delivered oxygen equipment of the same size."
        RenderBlock {DIV} at (0,101.91) size 769x18
          RenderText {#text} at (0,0) size 514x18
            text run at (0,0) width 514: "font-weight: 400 - Back in June we delivered oxygen equipment of the same size."
        RenderBlock {DIV} at (0,119.91) size 769x18
          RenderText {#text} at (0,0) size 514x18
            text run at (0,0) width 514: "font-weight: 500 - Back in June we delivered oxygen equipment of the same size."
        RenderBlock {DIV} at (0,137.91) size 769x18
          RenderText {#text} at (0,0) size 541x18
            text run at (0,0) width 541: "font-weight: 600 - Back in June we delivered oxygen equipment of the same size."
        RenderBlock {DIV} at (0,155.91) size 769x18
          RenderText {#text} at (0,0) size 541x18
            text run at (0,0) width 541: "font-weight: 700 - Back in June we delivered oxygen equipment of the same size."
        RenderBlock {DIV} at (0,173.91) size 769x18
          RenderText {#text} at (0,0) size 541x18
            text run at (0,0) width 541: "font-weight: 800 - Back in June we delivered oxygen equipment of the same size."
        RenderBlock {DIV} at (0,191.91) size 769x18
          RenderText {#text} at (0,0) size 541x18
            text run at (0,0) width 541: "font-weight: 900 - Back in June we delivered oxygen equipment of the same size."
