layer at (0,0) size 785x6470
  RenderView at (0,0) size 785x600
layer at (0,0) size 785x6470
  RenderBlock {HTML} at (0,0) size 785x6470
    RenderBody {BODY} at (8,8) size 769x6446
      RenderBlock {P} at (0,0) size 769x20
        RenderText {#text} at (0,0) size 285x19
          text run at (0,0) width 285: "Tests the resolved level of runs of neutral types."
      RenderBlock {DIV} at (0,36) size 769x3192
        RenderBlock {P} at (0,0) size 769x20
          RenderText {#text} at (0,0) size 43x19
            text run at (0,0) width 43: "ab(^cd"
        RenderBlock {P} at (0,36) size 769x20
          RenderText {#text} at (0,0) size 43x19
            text run at (0,0) width 15 RTL: "\x{5D0}\x{5D1}"
            text run at (15,0) width 28: "(^cd"
        RenderBlock {P} at (0,72) size 769x20
          RenderText {#text} at (0,0) size 42x19
            text run at (0,0) width 14 RTL: "\x{627}\x{628}"
            text run at (14,0) width 28: "(^cd"
        RenderBlock {P} at (0,108) size 769x20
          RenderText {#text} at (0,0) size 59x19
            text run at (0,0) width 59: "ab12(^cd"
        RenderBlock {P} at (0,144) size 769x20
          RenderText {#text} at (0,0) size 59x19
            text run at (0,0) width 16: "12"
            text run at (16,0) width 15 RTL: "\x{5D0}\x{5D1}"
            text run at (31,0) width 28: "(^cd"
        RenderBlock {P} at (0,180) size 769x20
          RenderText {#text} at (0,0) size 58x19
            text run at (0,0) width 16: "12"
            text run at (16,0) width 14 RTL: "\x{627}\x{628}"
            text run at (30,0) width 28: "(^cd"
        RenderBlock {P} at (0,216) size 769x20
          RenderText {#text} at (0,0) size 59x19
            text run at (0,0) width 15: "ab"
            text run at (15,0) width 16: "\x{661}\x{662}"
            text run at (31,0) width 28: "(^cd"
        RenderBlock {P} at (0,252) size 769x20
          RenderText {#text} at (0,0) size 59x19
            text run at (0,0) width 16: "\x{661}\x{662}"
            text run at (16,0) width 15 RTL: "\x{5D0}\x{5D1}"
            text run at (31,0) width 28: "(^cd"
        RenderBlock {P} at (0,288) size 769x20
          RenderText {#text} at (0,0) size 58x19
            text run at (0,0) width 16: "\x{661}\x{662}"
            text run at (16,0) width 14 RTL: "\x{627}\x{628}"
            text run at (30,0) width 28: "(^cd"
        RenderBlock {P} at (0,324) size 769x20
          RenderText {#text} at (0,0) size 35x19
            text run at (0,0) width 7: "\x{202A}?"
            text run at (7,0) width 28: "\x{202C}(^cd"
        RenderBlock {P} at (0,360) size 769x20
          RenderText {#text} at (0,0) size 35x19
            text run at (0,0) width 7 RTL: "\x{202B}?"
            text run at (7,0) width 28: "\x{202C}(^cd"
        RenderBlock {P} at (0,396) size 769x20
          RenderText {#text} at (0,0) size 40x19
            text run at (0,0) width 28: "ab(^"
            text run at (28,0) width 12 RTL: "\x{5D2}\x{5D3}"
        RenderBlock {P} at (0,432) size 769x20
          RenderText {#text} at (0,0) size 40x19
            text run at (0,0) width 40 RTL: "\x{5D0}\x{5D1}(^\x{5D2}\x{5D3}"
        RenderBlock {P} at (0,468) size 769x20
          RenderText {#text} at (0,0) size 39x19
            text run at (0,0) width 39 RTL: "\x{627}\x{628}(^\x{5D2}\x{5D3}"
        RenderBlock {P} at (0,504) size 769x20
          RenderText {#text} at (0,0) size 56x19
            text run at (0,0) width 44: "ab12(^"
            text run at (44,0) width 12 RTL: "\x{5D2}\x{5D3}"
        RenderBlock {P} at (0,540) size 769x20
          RenderText {#text} at (0,0) size 56x19
            text run at (0,0) width 25 RTL: "(^\x{5D2}\x{5D3}"
            text run at (25,0) width 16: "12"
            text run at (41,0) width 15 RTL: "\x{5D0}\x{5D1}"
        RenderBlock {P} at (0,576) size 769x20
          RenderText {#text} at (0,0) size 55x19
            text run at (0,0) width 25 RTL: "(^\x{5D2}\x{5D3}"
            text run at (25,0) width 16: "12"
            text run at (41,0) width 14 RTL: "\x{627}\x{628}"
        RenderBlock {P} at (0,612) size 769x20
          RenderText {#text} at (0,0) size 56x19
            text run at (0,0) width 15: "ab"
            text run at (15,0) width 25 RTL: "(^\x{5D2}\x{5D3}"
            text run at (40,0) width 16: "\x{661}\x{662}"
        RenderBlock {P} at (0,648) size 769x20
          RenderText {#text} at (0,0) size 56x19
            text run at (0,0) width 25 RTL: "(^\x{5D2}\x{5D3}"
            text run at (25,0) width 16: "\x{661}\x{662}"
            text run at (41,0) width 15 RTL: "\x{5D0}\x{5D1}"
        RenderBlock {P} at (0,684) size 769x20
          RenderText {#text} at (0,0) size 55x19
            text run at (0,0) width 25 RTL: "(^\x{5D2}\x{5D3}"
            text run at (25,0) width 16: "\x{661}\x{662}"
            text run at (41,0) width 14 RTL: "\x{627}\x{628}"
        RenderBlock {P} at (0,720) size 769x20
          RenderText {#text} at (0,0) size 32x19
            text run at (0,0) width 7: "\x{202A}?"
            text run at (7,0) width 13: "\x{202C}(^"
            text run at (20,0) width 12 RTL: "\x{5D2}\x{5D3}"
        RenderBlock {P} at (0,756) size 769x20
          RenderText {#text} at (0,0) size 32x19
            text run at (0,0) width 25 RTL: "\x{202C}(^\x{5D2}\x{5D3}"
            text run at (25,0) width 7 RTL: "\x{202B}?"
        RenderBlock {P} at (0,792) size 769x20
          RenderText {#text} at (0,0) size 41x19
            text run at (0,0) width 28: "ab(^"
            text run at (28,0) width 13 RTL: "\x{62C}\x{62F}"
        RenderBlock {P} at (0,828) size 769x20
          RenderText {#text} at (0,0) size 41x19
            text run at (0,0) width 41 RTL: "\x{5D0}\x{5D1}(^\x{62C}\x{62F}"
        RenderBlock {P} at (0,864) size 769x20
          RenderText {#text} at (0,0) size 40x19
            text run at (0,0) width 40 RTL: "\x{627}\x{628}(^\x{62C}\x{62F}"
        RenderBlock {P} at (0,900) size 769x20
          RenderText {#text} at (0,0) size 57x19
            text run at (0,0) width 44: "ab12(^"
            text run at (44,0) width 13 RTL: "\x{62C}\x{62F}"
        RenderBlock {P} at (0,936) size 769x20
          RenderText {#text} at (0,0) size 57x19
            text run at (0,0) width 26 RTL: "(^\x{62C}\x{62F}"
            text run at (26,0) width 16: "12"
            text run at (42,0) width 15 RTL: "\x{5D0}\x{5D1}"
        RenderBlock {P} at (0,972) size 769x20
          RenderText {#text} at (0,0) size 56x19
            text run at (0,0) width 26 RTL: "(^\x{62C}\x{62F}"
            text run at (26,0) width 16: "12"
            text run at (42,0) width 14 RTL: "\x{627}\x{628}"
        RenderBlock {P} at (0,1008) size 769x20
          RenderText {#text} at (0,0) size 57x19
            text run at (0,0) width 15: "ab"
            text run at (15,0) width 26 RTL: "(^\x{62C}\x{62F}"
            text run at (41,0) width 16: "\x{661}\x{662}"
        RenderBlock {P} at (0,1044) size 769x20
          RenderText {#text} at (0,0) size 57x19
            text run at (0,0) width 26 RTL: "(^\x{62C}\x{62F}"
            text run at (26,0) width 16: "\x{661}\x{662}"
            text run at (42,0) width 15 RTL: "\x{5D0}\x{5D1}"
        RenderBlock {P} at (0,1080) size 769x20
          RenderText {#text} at (0,0) size 56x19
            text run at (0,0) width 26 RTL: "(^\x{62C}\x{62F}"
            text run at (26,0) width 16: "\x{661}\x{662}"
            text run at (42,0) width 14 RTL: "\x{627}\x{628}"
        RenderBlock {P} at (0,1116) size 769x20
          RenderText {#text} at (0,0) size 33x19
            text run at (0,0) width 7: "\x{202A}?"
            text run at (7,0) width 13: "\x{202C}(^"
            text run at (20,0) width 13 RTL: "\x{62C}\x{62F}"
        RenderBlock {P} at (0,1152) size 769x30
          RenderText {#text} at (0,6) size 33x19
            text run at (0,6) width 26 RTL: "\x{202C}(^\x{62C}\x{62F}"
            text run at (26,6) width 7 RTL: "\x{202B}?"
        RenderBlock {P} at (0,1198) size 769x20
          RenderText {#text} at (0,0) size 60x19
            text run at (0,0) width 44: "ab(^34"
            text run at (44,0) width 10 RTL: "\x{5E9}"
            text run at (54,0) width 6: "z"
        RenderBlock {P} at (0,1234) size 769x20
          RenderText {#text} at (0,0) size 60x19
            text run at (0,0) width 10 RTL: "\x{5E9}"
            text run at (10,0) width 16: "34"
            text run at (26,0) width 28 RTL: "\x{5D0}\x{5D1}(^"
            text run at (54,0) width 6: "z"
        RenderBlock {P} at (0,1270) size 769x20
          RenderText {#text} at (0,0) size 59x19
            text run at (0,0) width 10 RTL: "\x{5E9}"
            text run at (10,0) width 16: "34"
            text run at (26,0) width 27 RTL: "\x{627}\x{628}(^"
            text run at (53,0) width 6: "z"
        RenderBlock {P} at (0,1306) size 769x20
          RenderText {#text} at (0,0) size 76x19
            text run at (0,0) width 60: "ab12(^34"
            text run at (60,0) width 10 RTL: "\x{5E9}"
            text run at (70,0) width 6: "z"
        RenderBlock {P} at (0,1342) size 769x20
          RenderText {#text} at (0,0) size 76x19
            text run at (0,0) width 10 RTL: "\x{5E9}"
            text run at (10,0) width 16: "34"
            text run at (26,0) width 13 RTL: "(^"
            text run at (39,0) width 16: "12"
            text run at (55,0) width 15 RTL: "\x{5D0}\x{5D1}"
            text run at (70,0) width 6: "z"
        RenderBlock {P} at (0,1378) size 769x20
          RenderText {#text} at (0,0) size 75x19
            text run at (0,0) width 10 RTL: "\x{5E9}"
            text run at (10,0) width 16: "34"
            text run at (26,0) width 13 RTL: "(^"
            text run at (39,0) width 16: "12"
            text run at (55,0) width 14 RTL: "\x{627}\x{628}"
            text run at (69,0) width 6: "z"
        RenderBlock {P} at (0,1414) size 769x20
          RenderText {#text} at (0,0) size 76x19
            text run at (0,0) width 15: "ab"
            text run at (15,0) width 16: "\x{661}\x{662}"
            text run at (31,0) width 29: "(^34"
            text run at (60,0) width 10 RTL: "\x{5E9}"
            text run at (70,0) width 6: "z"
        RenderBlock {P} at (0,1450) size 769x20
          RenderText {#text} at (0,0) size 76x19
            text run at (0,0) width 10 RTL: "\x{5E9}"
            text run at (10,0) width 16: "34"
            text run at (26,0) width 13 RTL: "(^"
            text run at (39,0) width 16: "\x{661}\x{662}"
            text run at (55,0) width 15 RTL: "\x{5D0}\x{5D1}"
            text run at (70,0) width 6: "z"
        RenderBlock {P} at (0,1486) size 769x20
          RenderText {#text} at (0,0) size 75x19
            text run at (0,0) width 10 RTL: "\x{5E9}"
            text run at (10,0) width 16: "34"
            text run at (26,0) width 13 RTL: "(^"
            text run at (39,0) width 16: "\x{661}\x{662}"
            text run at (55,0) width 14 RTL: "\x{627}\x{628}"
            text run at (69,0) width 6: "z"
        RenderBlock {P} at (0,1522) size 769x20
          RenderText {#text} at (0,0) size 52x19
            text run at (0,0) width 7: "\x{202A}?"
            text run at (7,0) width 29: "\x{202C}(^34"
            text run at (36,0) width 10 RTL: "\x{5E9}"
            text run at (46,0) width 6: "z"
        RenderBlock {P} at (0,1558) size 769x20
          RenderText {#text} at (0,0) size 52x19
            text run at (0,0) width 10 RTL: "\x{5E9}"
            text run at (10,0) width 16: "34"
            text run at (26,0) width 13 RTL: "\x{202C}(^"
            text run at (39,0) width 7 RTL: "\x{202B}?"
            text run at (46,0) width 6: "z"
        RenderBlock {P} at (0,1594) size 769x20
          RenderText {#text} at (0,0) size 60x19
            text run at (0,0) width 28: "ab(^"
            text run at (28,0) width 10 RTL: "\x{5E9}"
            text run at (38,0) width 16: "\x{663}\x{664}"
            text run at (54,0) width 6: "z"
        RenderBlock {P} at (0,1630) size 769x20
          RenderText {#text} at (0,0) size 60x19
            text run at (0,0) width 10 RTL: "\x{5E9}"
            text run at (10,0) width 16: "\x{663}\x{664}"
            text run at (26,0) width 28 RTL: "\x{5D0}\x{5D1}(^"
            text run at (54,0) width 6: "z"
        RenderBlock {P} at (0,1666) size 769x20
          RenderText {#text} at (0,0) size 59x19
            text run at (0,0) width 10 RTL: "\x{5E9}"
            text run at (10,0) width 16: "\x{663}\x{664}"
            text run at (26,0) width 27 RTL: "\x{627}\x{628}(^"
            text run at (53,0) width 6: "z"
        RenderBlock {P} at (0,1702) size 769x20
          RenderText {#text} at (0,0) size 76x19
            text run at (0,0) width 44: "ab12(^"
            text run at (44,0) width 10 RTL: "\x{5E9}"
            text run at (54,0) width 16: "\x{663}\x{664}"
            text run at (70,0) width 6: "z"
        RenderBlock {P} at (0,1738) size 769x20
          RenderText {#text} at (0,0) size 76x19
            text run at (0,0) width 10 RTL: "\x{5E9}"
            text run at (10,0) width 16: "\x{663}\x{664}"
            text run at (26,0) width 13 RTL: "(^"
            text run at (39,0) width 16: "12"
            text run at (55,0) width 15 RTL: "\x{5D0}\x{5D1}"
            text run at (70,0) width 6: "z"
        RenderBlock {P} at (0,1774) size 769x20
          RenderText {#text} at (0,0) size 75x19
            text run at (0,0) width 10 RTL: "\x{5E9}"
            text run at (10,0) width 16: "\x{663}\x{664}"
            text run at (26,0) width 13 RTL: "(^"
            text run at (39,0) width 16: "12"
            text run at (55,0) width 14 RTL: "\x{627}\x{628}"
            text run at (69,0) width 6: "z"
        RenderBlock {P} at (0,1810) size 769x20
          RenderText {#text} at (0,0) size 76x19
            text run at (0,0) width 15: "ab"
            text run at (15,0) width 10 RTL: "\x{5E9}"
            text run at (25,0) width 16: "\x{663}\x{664}"
            text run at (41,0) width 13 RTL: "(^"
            text run at (54,0) width 16: "\x{661}\x{662}"
            text run at (70,0) width 6: "z"
        RenderBlock {P} at (0,1846) size 769x20
          RenderText {#text} at (0,0) size 76x19
            text run at (0,0) width 10 RTL: "\x{5E9}"
            text run at (10,0) width 16: "\x{663}\x{664}"
            text run at (26,0) width 13 RTL: "(^"
            text run at (39,0) width 16: "\x{661}\x{662}"
            text run at (55,0) width 15 RTL: "\x{5D0}\x{5D1}"
            text run at (70,0) width 6: "z"
        RenderBlock {P} at (0,1882) size 769x20
          RenderText {#text} at (0,0) size 75x19
            text run at (0,0) width 10 RTL: "\x{5E9}"
            text run at (10,0) width 16: "\x{663}\x{664}"
            text run at (26,0) width 13 RTL: "(^"
            text run at (39,0) width 16: "\x{661}\x{662}"
            text run at (55,0) width 14 RTL: "\x{627}\x{628}"
            text run at (69,0) width 6: "z"
        RenderBlock {P} at (0,1918) size 769x20
          RenderText {#text} at (0,0) size 52x19
            text run at (0,0) width 7: "\x{202A}?"
            text run at (7,0) width 13: "\x{202C}(^"
            text run at (20,0) width 10 RTL: "\x{5E9}"
            text run at (30,0) width 16: "\x{663}\x{664}"
            text run at (46,0) width 6: "z"
        RenderBlock {P} at (0,1954) size 769x20
          RenderText {#text} at (0,0) size 52x19
            text run at (0,0) width 10 RTL: "\x{5E9}"
            text run at (10,0) width 16: "\x{663}\x{664}"
            text run at (26,0) width 13 RTL: "\x{202C}(^"
            text run at (39,0) width 7 RTL: "\x{202B}?"
            text run at (46,0) width 6: "z"
        RenderBlock {P} at (0,1990) size 769x20
          RenderText {#text} at (0,0) size 33x19
            text run at (0,0) width 28: "ab(^"
            text run at (28,0) width 5: "\x{202A}!"
            text run at (33,0) width 0: "\x{202C}"
        RenderBlock {P} at (0,2026) size 769x20
          RenderText {#text} at (0,0) size 33x19
            text run at (0,0) width 15 RTL: "\x{5D0}\x{5D1}"
            text run at (15,0) width 13: "(^"
            text run at (28,0) width 5: "\x{202A}!"
            text run at (33,0) width 0: "\x{202C}"
        RenderBlock {P} at (0,2062) size 769x20
          RenderText {#text} at (0,0) size 32x19
            text run at (0,0) width 14 RTL: "\x{627}\x{628}"
            text run at (14,0) width 13: "(^"
            text run at (27,0) width 5: "\x{202A}!"
            text run at (32,0) width 0: "\x{202C}"
        RenderBlock {P} at (0,2098) size 769x20
          RenderText {#text} at (0,0) size 49x19
            text run at (0,0) width 44: "ab12(^"
            text run at (44,0) width 5: "\x{202A}!"
            text run at (49,0) width 0: "\x{202C}"
        RenderBlock {P} at (0,2134) size 769x20
          RenderText {#text} at (0,0) size 49x19
            text run at (0,0) width 16: "12"
            text run at (16,0) width 15 RTL: "\x{5D0}\x{5D1}"
            text run at (31,0) width 13: "(^"
            text run at (44,0) width 5: "\x{202A}!"
            text run at (49,0) width 0: "\x{202C}"
        RenderBlock {P} at (0,2170) size 769x20
          RenderText {#text} at (0,0) size 48x19
            text run at (0,0) width 16: "12"
            text run at (16,0) width 14 RTL: "\x{627}\x{628}"
            text run at (30,0) width 13: "(^"
            text run at (43,0) width 5: "\x{202A}!"
            text run at (48,0) width 0: "\x{202C}"
        RenderBlock {P} at (0,2206) size 769x20
          RenderText {#text} at (0,0) size 49x19
            text run at (0,0) width 15: "ab"
            text run at (15,0) width 16: "\x{661}\x{662}"
            text run at (31,0) width 13: "(^"
            text run at (44,0) width 5: "\x{202A}!"
            text run at (49,0) width 0: "\x{202C}"
        RenderBlock {P} at (0,2242) size 769x20
          RenderText {#text} at (0,0) size 49x19
            text run at (0,0) width 16: "\x{661}\x{662}"
            text run at (16,0) width 15 RTL: "\x{5D0}\x{5D1}"
            text run at (31,0) width 13: "(^"
            text run at (44,0) width 5: "\x{202A}!"
            text run at (49,0) width 0: "\x{202C}"
        RenderBlock {P} at (0,2278) size 769x20
          RenderText {#text} at (0,0) size 48x19
            text run at (0,0) width 16: "\x{661}\x{662}"
            text run at (16,0) width 14 RTL: "\x{627}\x{628}"
            text run at (30,0) width 13: "(^"
            text run at (43,0) width 5: "\x{202A}!"
            text run at (48,0) width 0: "\x{202C}"
        RenderBlock {P} at (0,2314) size 769x20
          RenderText {#text} at (0,0) size 25x19
            text run at (0,0) width 7: "\x{202A}?"
            text run at (7,0) width 13: "\x{202C}(^"
            text run at (20,0) width 5: "\x{202A}!"
            text run at (25,0) width 0: "\x{202C}"
        RenderBlock {P} at (0,2350) size 769x20
          RenderText {#text} at (0,0) size 25x19
            text run at (0,0) width 7 RTL: "\x{202B}?"
            text run at (7,0) width 13: "\x{202C}(^"
            text run at (20,0) width 5: "\x{202A}!"
            text run at (25,0) width 0: "\x{202C}"
        RenderBlock {P} at (0,2386) size 769x20
          RenderText {#text} at (0,0) size 33x19
            text run at (0,0) width 28: "ab(^"
            text run at (28,0) width 5 RTL: "\x{202B}!"
            text run at (33,0) width 0: "\x{202C}"
        RenderBlock {P} at (0,2422) size 769x20
          RenderText {#text} at (0,0) size 33x19
            text run at (0,0) width 5 RTL: "\x{202B}!"
            text run at (5,0) width 28 RTL: "\x{5D0}\x{5D1}(^"
            text run at (33,0) width 0: "\x{202C}"
        RenderBlock {P} at (0,2458) size 769x20
          RenderText {#text} at (0,0) size 32x19
            text run at (0,0) width 5 RTL: "\x{202B}!"
            text run at (5,0) width 27 RTL: "\x{627}\x{628}(^"
            text run at (32,0) width 0: "\x{202C}"
        RenderBlock {P} at (0,2494) size 769x20
          RenderText {#text} at (0,0) size 49x19
            text run at (0,0) width 44: "ab12(^"
            text run at (44,0) width 5 RTL: "\x{202B}!"
            text run at (49,0) width 0: "\x{202C}"
        RenderBlock {P} at (0,2530) size 769x20
          RenderText {#text} at (0,0) size 49x19
            text run at (0,0) width 5 RTL: "\x{202B}!"
            text run at (5,0) width 13 RTL: "(^"
            text run at (18,0) width 16: "12"
            text run at (34,0) width 15 RTL: "\x{5D0}\x{5D1}"
            text run at (49,0) width 0: "\x{202C}"
        RenderBlock {P} at (0,2566) size 769x20
          RenderText {#text} at (0,0) size 48x19
            text run at (0,0) width 5 RTL: "\x{202B}!"
            text run at (5,0) width 13 RTL: "(^"
            text run at (18,0) width 16: "12"
            text run at (34,0) width 14 RTL: "\x{627}\x{628}"
            text run at (48,0) width 0: "\x{202C}"
        RenderBlock {P} at (0,2602) size 769x20
          RenderText {#text} at (0,0) size 49x19
            text run at (0,0) width 15: "ab"
            text run at (15,0) width 5 RTL: "\x{202B}!"
            text run at (20,0) width 13 RTL: "(^"
            text run at (33,0) width 16: "\x{661}\x{662}"
            text run at (49,0) width 0: "\x{202C}"
        RenderBlock {P} at (0,2638) size 769x20
          RenderText {#text} at (0,0) size 49x19
            text run at (0,0) width 5 RTL: "\x{202B}!"
            text run at (5,0) width 13 RTL: "(^"
            text run at (18,0) width 16: "\x{661}\x{662}"
            text run at (34,0) width 15 RTL: "\x{5D0}\x{5D1}"
            text run at (49,0) width 0: "\x{202C}"
        RenderBlock {P} at (0,2674) size 769x20
          RenderText {#text} at (0,0) size 48x19
            text run at (0,0) width 5 RTL: "\x{202B}!"
            text run at (5,0) width 13 RTL: "(^"
            text run at (18,0) width 16: "\x{661}\x{662}"
            text run at (34,0) width 14 RTL: "\x{627}\x{628}"
            text run at (48,0) width 0: "\x{202C}"
        RenderBlock {P} at (0,2710) size 769x20
          RenderText {#text} at (0,0) size 25x19
            text run at (0,0) width 7: "\x{202A}?"
            text run at (7,0) width 13: "\x{202C}(^"
            text run at (20,0) width 5 RTL: "\x{202B}!"
            text run at (25,0) width 0: "\x{202C}"
        RenderBlock {P} at (0,2746) size 769x20
          RenderText {#text} at (0,0) size 25x19
            text run at (0,0) width 5 RTL: "\x{202B}!"
            text run at (5,0) width 13 RTL: "\x{202C}(^"
            text run at (18,0) width 7 RTL: "\x{202B}?"
            text run at (25,0) width 0: "\x{202C}"
        RenderBlock {P} at (0,2782) size 769x20
          RenderText {#text} at (0,0) size 28x19
            text run at (0,0) width 28: "\x{202A}ab(^"
            text run at (28,0) width 0: "\x{202C}"
        RenderBlock {P} at (0,2818) size 769x20
          RenderText {#text} at (0,0) size 28x19
            text run at (0,0) width 15 RTL: "\x{202A}\x{5D0}\x{5D1}"
            text run at (15,0) width 13: "(^"
            text run at (28,0) width 0: "\x{202C}"
        RenderBlock {P} at (0,2854) size 769x30
          RenderText {#text} at (0,6) size 27x19
            text run at (0,6) width 14 RTL: "\x{202A}\x{627}\x{628}"
            text run at (14,6) width 13: "(^"
            text run at (27,6) width 0: "\x{202C}"
        RenderBlock {P} at (0,2900) size 769x20
          RenderText {#text} at (0,0) size 44x19
            text run at (0,0) width 44: "\x{202A}ab12(^"
            text run at (44,0) width 0: "\x{202C}"
        RenderBlock {P} at (0,2936) size 769x20
          RenderText {#text} at (0,0) size 44x19
            text run at (0,0) width 16: "12"
            text run at (16,0) width 15 RTL: "\x{202A}\x{5D0}\x{5D1}"
            text run at (31,0) width 13: "(^"
            text run at (44,0) width 0: "\x{202C}"
        RenderBlock {P} at (0,2972) size 769x30
          RenderText {#text} at (0,6) size 43x19
            text run at (0,6) width 16: "12"
            text run at (16,6) width 14 RTL: "\x{202A}\x{627}\x{628}"
            text run at (30,6) width 13: "(^"
            text run at (43,6) width 0: "\x{202C}"
        RenderBlock {P} at (0,3018) size 769x20
          RenderText {#text} at (0,0) size 44x19
            text run at (0,0) width 15: "\x{202A}ab"
            text run at (15,0) width 16: "\x{661}\x{662}"
            text run at (31,0) width 13: "(^"
            text run at (44,0) width 0: "\x{202C}"
        RenderBlock {P} at (0,3054) size 769x20
          RenderText {#text} at (0,0) size 44x19
            text run at (0,0) width 16: "\x{661}\x{662}"
            text run at (16,0) width 15 RTL: "\x{202A}\x{5D0}\x{5D1}"
            text run at (31,0) width 13: "(^"
            text run at (44,0) width 0: "\x{202C}"
        RenderBlock {P} at (0,3090) size 769x30
          RenderText {#text} at (0,6) size 43x19
            text run at (0,6) width 16: "\x{661}\x{662}"
            text run at (16,6) width 14 RTL: "\x{202A}\x{627}\x{628}"
            text run at (30,6) width 13: "(^"
            text run at (43,6) width 0: "\x{202C}"
        RenderBlock {P} at (0,3136) size 769x20
          RenderText {#text} at (0,0) size 20x19
            text run at (0,0) width 0: "\x{202A}"
            text run at (0,0) width 7: "\x{202A}?"
            text run at (7,0) width 13: "\x{202C}(^"
            text run at (20,0) width 0: "\x{202C}"
        RenderBlock {P} at (0,3172) size 769x20
          RenderText {#text} at (0,0) size 20x19
            text run at (0,0) width 0: "\x{202A}"
            text run at (0,0) width 7 RTL: "\x{202B}?"
            text run at (7,0) width 13: "\x{202C}(^"
            text run at (20,0) width 0: "\x{202C}"
      RenderBlock {DIV} at (0,3244) size 769x3202
        RenderBlock {P} at (0,0) size 769x20
          RenderText {#text} at (0,0) size 43x19
            text run at (0,0) width 43: "ab(^cd"
        RenderBlock {P} at (0,36) size 769x20
          RenderText {#text} at (0,0) size 43x19
            text run at (0,0) width 15: "cd"
            text run at (15,0) width 28 RTL: "\x{5D0}\x{5D1}(^"
        RenderBlock {P} at (0,72) size 769x20
          RenderText {#text} at (0,0) size 42x19
            text run at (0,0) width 15: "cd"
            text run at (15,0) width 27 RTL: "\x{627}\x{628}(^"
        RenderBlock {P} at (0,108) size 769x20
          RenderText {#text} at (0,0) size 59x19
            text run at (0,0) width 59: "ab12(^cd"
        RenderBlock {P} at (0,144) size 769x20
          RenderText {#text} at (0,0) size 59x19
            text run at (0,0) width 15: "cd"
            text run at (15,0) width 13 RTL: "(^"
            text run at (28,0) width 16: "12"
            text run at (44,0) width 15 RTL: "\x{5D0}\x{5D1}"
        RenderBlock {P} at (0,180) size 769x20
          RenderText {#text} at (0,0) size 58x19
            text run at (0,0) width 15: "cd"
            text run at (15,0) width 13 RTL: "(^"
            text run at (28,0) width 16: "12"
            text run at (44,0) width 14 RTL: "\x{627}\x{628}"
        RenderBlock {P} at (0,216) size 769x20
          RenderText {#text} at (0,0) size 59x19
            text run at (0,0) width 15: "cd"
            text run at (15,0) width 13 RTL: "(^"
            text run at (28,0) width 31: "ab\x{661}\x{662}"
        RenderBlock {P} at (0,252) size 769x20
          RenderText {#text} at (0,0) size 59x19
            text run at (0,0) width 15: "cd"
            text run at (15,0) width 13 RTL: "(^"
            text run at (28,0) width 16: "\x{661}\x{662}"
            text run at (44,0) width 15 RTL: "\x{5D0}\x{5D1}"
        RenderBlock {P} at (0,288) size 769x20
          RenderText {#text} at (0,0) size 58x19
            text run at (0,0) width 15: "cd"
            text run at (15,0) width 13 RTL: "(^"
            text run at (28,0) width 16: "\x{661}\x{662}"
            text run at (44,0) width 14 RTL: "\x{627}\x{628}"
        RenderBlock {P} at (0,324) size 769x20
          RenderText {#text} at (0,0) size 35x19
            text run at (0,0) width 7: "\x{202A}?"
            text run at (7,0) width 28: "\x{202C}(^cd"
        RenderBlock {P} at (0,360) size 769x20
          RenderText {#text} at (0,0) size 35x19
            text run at (0,0) width 15: "cd"
            text run at (15,0) width 13 RTL: "\x{202C}(^"
            text run at (28,0) width 7 RTL: "\x{202B}?"
        RenderBlock {P} at (0,396) size 769x20
          RenderText {#text} at (0,0) size 40x19
            text run at (0,0) width 25 RTL: "(^\x{5D2}\x{5D3}"
            text run at (25,0) width 15: "ab"
        RenderBlock {P} at (0,432) size 769x20
          RenderText {#text} at (0,0) size 40x19
            text run at (0,0) width 40 RTL: "\x{5D0}\x{5D1}(^\x{5D2}\x{5D3}"
        RenderBlock {P} at (0,468) size 769x20
          RenderText {#text} at (0,0) size 39x19
            text run at (0,0) width 39 RTL: "\x{627}\x{628}(^\x{5D2}\x{5D3}"
        RenderBlock {P} at (0,504) size 769x20
          RenderText {#text} at (0,0) size 56x19
            text run at (0,0) width 25 RTL: "(^\x{5D2}\x{5D3}"
            text run at (25,0) width 31: "ab12"
        RenderBlock {P} at (0,540) size 769x20
          RenderText {#text} at (0,0) size 56x19
            text run at (0,0) width 25 RTL: "(^\x{5D2}\x{5D3}"
            text run at (25,0) width 16: "12"
            text run at (41,0) width 15 RTL: "\x{5D0}\x{5D1}"
        RenderBlock {P} at (0,576) size 769x20
          RenderText {#text} at (0,0) size 55x19
            text run at (0,0) width 25 RTL: "(^\x{5D2}\x{5D3}"
            text run at (25,0) width 16: "12"
            text run at (41,0) width 14 RTL: "\x{627}\x{628}"
        RenderBlock {P} at (0,612) size 769x20
          RenderText {#text} at (0,0) size 56x19
            text run at (0,0) width 25 RTL: "(^\x{5D2}\x{5D3}"
            text run at (25,0) width 31: "ab\x{661}\x{662}"
        RenderBlock {P} at (0,648) size 769x20
          RenderText {#text} at (0,0) size 56x19
            text run at (0,0) width 25 RTL: "(^\x{5D2}\x{5D3}"
            text run at (25,0) width 16: "\x{661}\x{662}"
            text run at (41,0) width 15 RTL: "\x{5D0}\x{5D1}"
        RenderBlock {P} at (0,684) size 769x20
          RenderText {#text} at (0,0) size 55x19
            text run at (0,0) width 25 RTL: "(^\x{5D2}\x{5D3}"
            text run at (25,0) width 16: "\x{661}\x{662}"
            text run at (41,0) width 14 RTL: "\x{627}\x{628}"
        RenderBlock {P} at (0,720) size 769x20
          RenderText {#text} at (0,0) size 32x19
            text run at (0,0) width 25 RTL: "\x{202C}(^\x{5D2}\x{5D3}"
            text run at (25,0) width 7: "\x{202A}?"
        RenderBlock {P} at (0,756) size 769x20
          RenderText {#text} at (0,0) size 32x19
            text run at (0,0) width 25 RTL: "\x{202C}(^\x{5D2}\x{5D3}"
            text run at (25,0) width 7 RTL: "\x{202B}?"
        RenderBlock {P} at (0,792) size 769x20
          RenderText {#text} at (0,0) size 41x19
            text run at (0,0) width 26 RTL: "(^\x{62C}\x{62F}"
            text run at (26,0) width 15: "ab"
        RenderBlock {P} at (0,828) size 769x20
          RenderText {#text} at (0,0) size 41x19
            text run at (0,0) width 41 RTL: "\x{5D0}\x{5D1}(^\x{62C}\x{62F}"
        RenderBlock {P} at (0,864) size 769x20
          RenderText {#text} at (0,0) size 40x19
            text run at (0,0) width 40 RTL: "\x{627}\x{628}(^\x{62C}\x{62F}"
        RenderBlock {P} at (0,900) size 769x20
          RenderText {#text} at (0,0) size 57x19
            text run at (0,0) width 26 RTL: "(^\x{62C}\x{62F}"
            text run at (26,0) width 31: "ab12"
        RenderBlock {P} at (0,936) size 769x20
          RenderText {#text} at (0,0) size 57x19
            text run at (0,0) width 26 RTL: "(^\x{62C}\x{62F}"
            text run at (26,0) width 16: "12"
            text run at (42,0) width 15 RTL: "\x{5D0}\x{5D1}"
        RenderBlock {P} at (0,972) size 769x20
          RenderText {#text} at (0,0) size 56x19
            text run at (0,0) width 26 RTL: "(^\x{62C}\x{62F}"
            text run at (26,0) width 16: "12"
            text run at (42,0) width 14 RTL: "\x{627}\x{628}"
        RenderBlock {P} at (0,1008) size 769x20
          RenderText {#text} at (0,0) size 57x19
            text run at (0,0) width 26 RTL: "(^\x{62C}\x{62F}"
            text run at (26,0) width 31: "ab\x{661}\x{662}"
        RenderBlock {P} at (0,1044) size 769x20
          RenderText {#text} at (0,0) size 57x19
            text run at (0,0) width 26 RTL: "(^\x{62C}\x{62F}"
            text run at (26,0) width 16: "\x{661}\x{662}"
            text run at (42,0) width 15 RTL: "\x{5D0}\x{5D1}"
        RenderBlock {P} at (0,1080) size 769x20
          RenderText {#text} at (0,0) size 56x19
            text run at (0,0) width 26 RTL: "(^\x{62C}\x{62F}"
            text run at (26,0) width 16: "\x{661}\x{662}"
            text run at (42,0) width 14 RTL: "\x{627}\x{628}"
        RenderBlock {P} at (0,1116) size 769x30
          RenderText {#text} at (0,6) size 33x19
            text run at (0,6) width 26 RTL: "\x{202C}(^\x{62C}\x{62F}"
            text run at (26,6) width 7: "\x{202A}?"
        RenderBlock {P} at (0,1162) size 769x30
          RenderText {#text} at (0,6) size 33x19
            text run at (0,6) width 26 RTL: "\x{202C}(^\x{62C}\x{62F}"
            text run at (26,6) width 7 RTL: "\x{202B}?"
        RenderBlock {P} at (0,1208) size 769x20
          RenderText {#text} at (0,0) size 60x19
            text run at (0,0) width 6: "z"
            text run at (6,0) width 10 RTL: "\x{5E9}"
            text run at (16,0) width 44: "ab(^34"
        RenderBlock {P} at (0,1244) size 769x20
          RenderText {#text} at (0,0) size 60x19
            text run at (0,0) width 6: "z"
            text run at (6,0) width 10 RTL: "\x{5E9}"
            text run at (16,0) width 16: "34"
            text run at (32,0) width 28 RTL: "\x{5D0}\x{5D1}(^"
        RenderBlock {P} at (0,1280) size 769x20
          RenderText {#text} at (0,0) size 59x19
            text run at (0,0) width 6: "z"
            text run at (6,0) width 10 RTL: "\x{5E9}"
            text run at (16,0) width 16: "34"
            text run at (32,0) width 27 RTL: "\x{627}\x{628}(^"
        RenderBlock {P} at (0,1316) size 769x20
          RenderText {#text} at (0,0) size 76x19
            text run at (0,0) width 6: "z"
            text run at (6,0) width 10 RTL: "\x{5E9}"
            text run at (16,0) width 60: "ab12(^34"
        RenderBlock {P} at (0,1352) size 769x20
          RenderText {#text} at (0,0) size 76x19
            text run at (0,0) width 6: "z"
            text run at (6,0) width 10 RTL: "\x{5E9}"
            text run at (16,0) width 16: "34"
            text run at (32,0) width 13 RTL: "(^"
            text run at (45,0) width 16: "12"
            text run at (61,0) width 15 RTL: "\x{5D0}\x{5D1}"
        RenderBlock {P} at (0,1388) size 769x20
          RenderText {#text} at (0,0) size 75x19
            text run at (0,0) width 6: "z"
            text run at (6,0) width 10 RTL: "\x{5E9}"
            text run at (16,0) width 16: "34"
            text run at (32,0) width 13 RTL: "(^"
            text run at (45,0) width 16: "12"
            text run at (61,0) width 14 RTL: "\x{627}\x{628}"
        RenderBlock {P} at (0,1424) size 769x20
          RenderText {#text} at (0,0) size 76x19
            text run at (0,0) width 6: "z"
            text run at (6,0) width 10 RTL: "\x{5E9}"
            text run at (16,0) width 16: "34"
            text run at (32,0) width 13 RTL: "(^"
            text run at (45,0) width 31: "ab\x{661}\x{662}"
        RenderBlock {P} at (0,1460) size 769x20
          RenderText {#text} at (0,0) size 76x19
            text run at (0,0) width 6: "z"
            text run at (6,0) width 10 RTL: "\x{5E9}"
            text run at (16,0) width 16: "34"
            text run at (32,0) width 13 RTL: "(^"
            text run at (45,0) width 16: "\x{661}\x{662}"
            text run at (61,0) width 15 RTL: "\x{5D0}\x{5D1}"
        RenderBlock {P} at (0,1496) size 769x20
          RenderText {#text} at (0,0) size 75x19
            text run at (0,0) width 6: "z"
            text run at (6,0) width 10 RTL: "\x{5E9}"
            text run at (16,0) width 16: "34"
            text run at (32,0) width 13 RTL: "(^"
            text run at (45,0) width 16: "\x{661}\x{662}"
            text run at (61,0) width 14 RTL: "\x{627}\x{628}"
        RenderBlock {P} at (0,1532) size 769x20
          RenderText {#text} at (0,0) size 52x19
            text run at (0,0) width 6: "z"
            text run at (6,0) width 10 RTL: "\x{5E9}"
            text run at (16,0) width 7: "\x{202A}?"
            text run at (23,0) width 29: "\x{202C}(^34"
        RenderBlock {P} at (0,1568) size 769x20
          RenderText {#text} at (0,0) size 52x19
            text run at (0,0) width 6: "z"
            text run at (6,0) width 10 RTL: "\x{5E9}"
            text run at (16,0) width 16: "34"
            text run at (32,0) width 13 RTL: "\x{202C}(^"
            text run at (45,0) width 7 RTL: "\x{202B}?"
        RenderBlock {P} at (0,1604) size 769x20
          RenderText {#text} at (0,0) size 60x19
            text run at (0,0) width 6: "z"
            text run at (6,0) width 10 RTL: "\x{5E9}"
            text run at (16,0) width 16: "\x{663}\x{664}"
            text run at (32,0) width 13 RTL: "(^"
            text run at (45,0) width 15: "ab"
        RenderBlock {P} at (0,1640) size 769x20
          RenderText {#text} at (0,0) size 60x19
            text run at (0,0) width 6: "z"
            text run at (6,0) width 10 RTL: "\x{5E9}"
            text run at (16,0) width 16: "\x{663}\x{664}"
            text run at (32,0) width 28 RTL: "\x{5D0}\x{5D1}(^"
        RenderBlock {P} at (0,1676) size 769x20
          RenderText {#text} at (0,0) size 59x19
            text run at (0,0) width 6: "z"
            text run at (6,0) width 10 RTL: "\x{5E9}"
            text run at (16,0) width 16: "\x{663}\x{664}"
            text run at (32,0) width 27 RTL: "\x{627}\x{628}(^"
        RenderBlock {P} at (0,1712) size 769x20
          RenderText {#text} at (0,0) size 76x19
            text run at (0,0) width 6: "z"
            text run at (6,0) width 10 RTL: "\x{5E9}"
            text run at (16,0) width 16: "\x{663}\x{664}"
            text run at (32,0) width 13 RTL: "(^"
            text run at (45,0) width 31: "ab12"
        RenderBlock {P} at (0,1748) size 769x20
          RenderText {#text} at (0,0) size 76x19
            text run at (0,0) width 6: "z"
            text run at (6,0) width 10 RTL: "\x{5E9}"
            text run at (16,0) width 16: "\x{663}\x{664}"
            text run at (32,0) width 13 RTL: "(^"
            text run at (45,0) width 16: "12"
            text run at (61,0) width 15 RTL: "\x{5D0}\x{5D1}"
        RenderBlock {P} at (0,1784) size 769x20
          RenderText {#text} at (0,0) size 75x19
            text run at (0,0) width 6: "z"
            text run at (6,0) width 10 RTL: "\x{5E9}"
            text run at (16,0) width 16: "\x{663}\x{664}"
            text run at (32,0) width 13 RTL: "(^"
            text run at (45,0) width 16: "12"
            text run at (61,0) width 14 RTL: "\x{627}\x{628}"
        RenderBlock {P} at (0,1820) size 769x20
          RenderText {#text} at (0,0) size 76x19
            text run at (0,0) width 6: "z"
            text run at (6,0) width 10 RTL: "\x{5E9}"
            text run at (16,0) width 16: "\x{663}\x{664}"
            text run at (32,0) width 13 RTL: "(^"
            text run at (45,0) width 31: "ab\x{661}\x{662}"
        RenderBlock {P} at (0,1856) size 769x20
          RenderText {#text} at (0,0) size 76x19
            text run at (0,0) width 6: "z"
            text run at (6,0) width 10 RTL: "\x{5E9}"
            text run at (16,0) width 16: "\x{663}\x{664}"
            text run at (32,0) width 13 RTL: "(^"
            text run at (45,0) width 16: "\x{661}\x{662}"
            text run at (61,0) width 15 RTL: "\x{5D0}\x{5D1}"
        RenderBlock {P} at (0,1892) size 769x20
          RenderText {#text} at (0,0) size 75x19
            text run at (0,0) width 6: "z"
            text run at (6,0) width 10 RTL: "\x{5E9}"
            text run at (16,0) width 16: "\x{663}\x{664}"
            text run at (32,0) width 13 RTL: "(^"
            text run at (45,0) width 16: "\x{661}\x{662}"
            text run at (61,0) width 14 RTL: "\x{627}\x{628}"
        RenderBlock {P} at (0,1928) size 769x20
          RenderText {#text} at (0,0) size 52x19
            text run at (0,0) width 6: "z"
            text run at (6,0) width 10 RTL: "\x{5E9}"
            text run at (16,0) width 16: "\x{663}\x{664}"
            text run at (32,0) width 13 RTL: "\x{202C}(^"
            text run at (45,0) width 7: "\x{202A}?"
        RenderBlock {P} at (0,1964) size 769x20
          RenderText {#text} at (0,0) size 52x19
            text run at (0,0) width 6: "z"
            text run at (6,0) width 10 RTL: "\x{5E9}"
            text run at (16,0) width 16: "\x{663}\x{664}"
            text run at (32,0) width 13 RTL: "\x{202C}(^"
            text run at (45,0) width 7 RTL: "\x{202B}?"
        RenderBlock {P} at (0,2000) size 769x20
          RenderText {#text} at (0,0) size 33x19
            text run at (0,0) width 0 RTL: "\x{202C}"
            text run at (0,0) width 28: "ab(^"
            text run at (28,0) width 5: "\x{202A}!"
        RenderBlock {P} at (0,2036) size 769x20
          RenderText {#text} at (0,0) size 33x19
            text run at (0,0) width 0 RTL: "\x{202C}"
            text run at (0,0) width 5: "\x{202A}!"
            text run at (5,0) width 28 RTL: "\x{5D0}\x{5D1}(^"
        RenderBlock {P} at (0,2072) size 769x20
          RenderText {#text} at (0,0) size 32x19
            text run at (0,0) width 0 RTL: "\x{202C}"
            text run at (0,0) width 5: "\x{202A}!"
            text run at (5,0) width 27 RTL: "\x{627}\x{628}(^"
        RenderBlock {P} at (0,2108) size 769x20
          RenderText {#text} at (0,0) size 49x19
            text run at (0,0) width 0 RTL: "\x{202C}"
            text run at (0,0) width 44: "ab12(^"
            text run at (44,0) width 5: "\x{202A}!"
        RenderBlock {P} at (0,2144) size 769x20
          RenderText {#text} at (0,0) size 49x19
            text run at (0,0) width 0 RTL: "\x{202C}"
            text run at (0,0) width 5: "\x{202A}!"
            text run at (5,0) width 13 RTL: "(^"
            text run at (18,0) width 16: "12"
            text run at (34,0) width 15 RTL: "\x{5D0}\x{5D1}"
        RenderBlock {P} at (0,2180) size 769x20
          RenderText {#text} at (0,0) size 48x19
            text run at (0,0) width 0 RTL: "\x{202C}"
            text run at (0,0) width 5: "\x{202A}!"
            text run at (5,0) width 13 RTL: "(^"
            text run at (18,0) width 16: "12"
            text run at (34,0) width 14 RTL: "\x{627}\x{628}"
        RenderBlock {P} at (0,2216) size 769x20
          RenderText {#text} at (0,0) size 49x19
            text run at (0,0) width 0 RTL: "\x{202C}"
            text run at (0,0) width 5: "\x{202A}!"
            text run at (5,0) width 13 RTL: "(^"
            text run at (18,0) width 31: "ab\x{661}\x{662}"
        RenderBlock {P} at (0,2252) size 769x20
          RenderText {#text} at (0,0) size 49x19
            text run at (0,0) width 0 RTL: "\x{202C}"
            text run at (0,0) width 5: "\x{202A}!"
            text run at (5,0) width 13 RTL: "(^"
            text run at (18,0) width 16: "\x{661}\x{662}"
            text run at (34,0) width 15 RTL: "\x{5D0}\x{5D1}"
        RenderBlock {P} at (0,2288) size 769x20
          RenderText {#text} at (0,0) size 48x19
            text run at (0,0) width 0 RTL: "\x{202C}"
            text run at (0,0) width 5: "\x{202A}!"
            text run at (5,0) width 13 RTL: "(^"
            text run at (18,0) width 16: "\x{661}\x{662}"
            text run at (34,0) width 14 RTL: "\x{627}\x{628}"
        RenderBlock {P} at (0,2324) size 769x20
          RenderText {#text} at (0,0) size 25x19
            text run at (0,0) width 0 RTL: "\x{202C}"
            text run at (0,0) width 7: "\x{202A}?"
            text run at (7,0) width 13: "\x{202C}(^"
            text run at (20,0) width 5: "\x{202A}!"
        RenderBlock {P} at (0,2360) size 769x20
          RenderText {#text} at (0,0) size 25x19
            text run at (0,0) width 0 RTL: "\x{202C}"
            text run at (0,0) width 5: "\x{202A}!"
            text run at (5,0) width 13 RTL: "\x{202C}(^"
            text run at (18,0) width 7 RTL: "\x{202B}?"
        RenderBlock {P} at (0,2396) size 769x20
          RenderText {#text} at (0,0) size 33x19
            text run at (0,0) width 0 RTL: "\x{202C}"
            text run at (0,0) width 5 RTL: "\x{202B}!"
            text run at (5,0) width 13 RTL: "(^"
            text run at (18,0) width 15: "ab"
        RenderBlock {P} at (0,2432) size 769x20
          RenderText {#text} at (0,0) size 33x19
            text run at (0,0) width 0 RTL: "\x{202C}"
            text run at (0,0) width 5 RTL: "\x{202B}!"
            text run at (5,0) width 28 RTL: "\x{5D0}\x{5D1}(^"
        RenderBlock {P} at (0,2468) size 769x20
          RenderText {#text} at (0,0) size 32x19
            text run at (0,0) width 0 RTL: "\x{202C}"
            text run at (0,0) width 5 RTL: "\x{202B}!"
            text run at (5,0) width 27 RTL: "\x{627}\x{628}(^"
        RenderBlock {P} at (0,2504) size 769x20
          RenderText {#text} at (0,0) size 49x19
            text run at (0,0) width 0 RTL: "\x{202C}"
            text run at (0,0) width 5 RTL: "\x{202B}!"
            text run at (5,0) width 13 RTL: "(^"
            text run at (18,0) width 31: "ab12"
        RenderBlock {P} at (0,2540) size 769x20
          RenderText {#text} at (0,0) size 49x19
            text run at (0,0) width 0 RTL: "\x{202C}"
            text run at (0,0) width 5 RTL: "\x{202B}!"
            text run at (5,0) width 13 RTL: "(^"
            text run at (18,0) width 16: "12"
            text run at (34,0) width 15 RTL: "\x{5D0}\x{5D1}"
        RenderBlock {P} at (0,2576) size 769x20
          RenderText {#text} at (0,0) size 48x19
            text run at (0,0) width 0 RTL: "\x{202C}"
            text run at (0,0) width 5 RTL: "\x{202B}!"
            text run at (5,0) width 13 RTL: "(^"
            text run at (18,0) width 16: "12"
            text run at (34,0) width 14 RTL: "\x{627}\x{628}"
        RenderBlock {P} at (0,2612) size 769x20
          RenderText {#text} at (0,0) size 49x19
            text run at (0,0) width 0 RTL: "\x{202C}"
            text run at (0,0) width 5 RTL: "\x{202B}!"
            text run at (5,0) width 13 RTL: "(^"
            text run at (18,0) width 31: "ab\x{661}\x{662}"
        RenderBlock {P} at (0,2648) size 769x20
          RenderText {#text} at (0,0) size 49x19
            text run at (0,0) width 0 RTL: "\x{202C}"
            text run at (0,0) width 5 RTL: "\x{202B}!"
            text run at (5,0) width 13 RTL: "(^"
            text run at (18,0) width 16: "\x{661}\x{662}"
            text run at (34,0) width 15 RTL: "\x{5D0}\x{5D1}"
        RenderBlock {P} at (0,2684) size 769x20
          RenderText {#text} at (0,0) size 48x19
            text run at (0,0) width 0 RTL: "\x{202C}"
            text run at (0,0) width 5 RTL: "\x{202B}!"
            text run at (5,0) width 13 RTL: "(^"
            text run at (18,0) width 16: "\x{661}\x{662}"
            text run at (34,0) width 14 RTL: "\x{627}\x{628}"
        RenderBlock {P} at (0,2720) size 769x20
          RenderText {#text} at (0,0) size 25x19
            text run at (0,0) width 0 RTL: "\x{202C}"
            text run at (0,0) width 5 RTL: "\x{202B}!"
            text run at (5,0) width 13 RTL: "\x{202C}(^"
            text run at (18,0) width 7: "\x{202A}?"
        RenderBlock {P} at (0,2756) size 769x20
          RenderText {#text} at (0,0) size 25x19
            text run at (0,0) width 0 RTL: "\x{202C}"
            text run at (0,0) width 5 RTL: "\x{202B}!"
            text run at (5,0) width 13 RTL: "\x{202C}(^"
            text run at (18,0) width 7 RTL: "\x{202B}?"
        RenderBlock {P} at (0,2792) size 769x20
          RenderText {#text} at (0,0) size 28x19
            text run at (0,0) width 0 RTL: "\x{202C}"
            text run at (0,0) width 28: "\x{202A}ab(^"
        RenderBlock {P} at (0,2828) size 769x20
          RenderText {#text} at (0,0) size 28x19
            text run at (0,0) width 0 RTL: "\x{202C}"
            text run at (0,0) width 15 RTL: "\x{202A}\x{5D0}\x{5D1}"
            text run at (15,0) width 13: "(^"
        RenderBlock {P} at (0,2864) size 769x30
          RenderText {#text} at (0,6) size 27x19
            text run at (0,6) width 0 RTL: "\x{202C}"
            text run at (0,6) width 14 RTL: "\x{202A}\x{627}\x{628}"
            text run at (14,6) width 13: "(^"
        RenderBlock {P} at (0,2910) size 769x20
          RenderText {#text} at (0,0) size 44x19
            text run at (0,0) width 0 RTL: "\x{202C}"
            text run at (0,0) width 44: "\x{202A}ab12(^"
        RenderBlock {P} at (0,2946) size 769x20
          RenderText {#text} at (0,0) size 44x19
            text run at (0,0) width 0 RTL: "\x{202C}"
            text run at (0,0) width 16: "12"
            text run at (16,0) width 15 RTL: "\x{202A}\x{5D0}\x{5D1}"
            text run at (31,0) width 13: "(^"
        RenderBlock {P} at (0,2982) size 769x30
          RenderText {#text} at (0,6) size 43x19
            text run at (0,6) width 0 RTL: "\x{202C}"
            text run at (0,6) width 16: "12"
            text run at (16,6) width 14 RTL: "\x{202A}\x{627}\x{628}"
            text run at (30,6) width 13: "(^"
        RenderBlock {P} at (0,3028) size 769x20
          RenderText {#text} at (0,0) size 44x19
            text run at (0,0) width 0 RTL: "\x{202C}"
            text run at (0,0) width 15: "\x{202A}ab"
            text run at (15,0) width 16: "\x{661}\x{662}"
            text run at (31,0) width 13: "(^"
        RenderBlock {P} at (0,3064) size 769x20
          RenderText {#text} at (0,0) size 44x19
            text run at (0,0) width 0 RTL: "\x{202C}"
            text run at (0,0) width 16: "\x{661}\x{662}"
            text run at (16,0) width 15 RTL: "\x{202A}\x{5D0}\x{5D1}"
            text run at (31,0) width 13: "(^"
        RenderBlock {P} at (0,3100) size 769x30
          RenderText {#text} at (0,6) size 43x19
            text run at (0,6) width 0 RTL: "\x{202C}"
            text run at (0,6) width 16: "\x{661}\x{662}"
            text run at (16,6) width 14 RTL: "\x{202A}\x{627}\x{628}"
            text run at (30,6) width 13: "(^"
        RenderBlock {P} at (0,3146) size 769x20
          RenderText {#text} at (0,0) size 20x19
            text run at (0,0) width 0 RTL: "\x{202C}"
            text run at (0,0) width 0: "\x{202A}"
            text run at (0,0) width 7: "\x{202A}?"
            text run at (7,0) width 13: "\x{202C}(^"
        RenderBlock {P} at (0,3182) size 769x20
          RenderText {#text} at (0,0) size 20x19
            text run at (0,0) width 0 RTL: "\x{202C}"
            text run at (0,0) width 0: "\x{202A}"
            text run at (0,0) width 7 RTL: "\x{202B}?"
            text run at (7,0) width 13: "\x{202C}(^"
