layer at (0,0) size 800x600
  RenderView at (0,0) size 800x600
layer at (0,0) size 800x68
  RenderBlock {HTML} at (0,0) size 800x68
    RenderBody {BODY} at (8,8) size 784x52
      RenderTextControl {INPUT} at (2,2) size 153x22 [bgcolor=#FFFFFF] [border: (2px inset #EEEEEE)]
        RenderFlexibleBox {DIV} at (2,3) size 149x16
          RenderBlock {DIV} at (0,0) size 131.14x16
          RenderDetailsMarker {DIV} at (131.14,1.33) size 17.86x13.33: down
      RenderText {#text} at (157,3) size 4x19
        text run at (157,3) width 4: " "
      RenderTextControl {INPUT} at (163,2) size 153x22 [bgcolor=#FFFFFF] [border: (2px inset #EEEEEE)]
        RenderFlexibleBox {DIV} at (2,3) size 149x16
          RenderBlock {DIV} at (0,0) size 131.14x16
          RenderDetailsMarker {DIV} at (131.14,1.33) size 17.86x13.33: down
      RenderText {#text} at (318,3) size 4x19
        text run at (318,3) width 4: " "
      RenderBR {BR} at (322,3) size 0x19
      RenderTextControl {INPUT} at (2,28) size 153x22 [color=#545454] [bgcolor=#EBEBE4] [border: (2px inset #EEEEEE)]
        RenderFlexibleBox {DIV} at (2,3) size 149x16
          RenderBlock {DIV} at (0,0) size 131.14x16
      RenderText {#text} at (157,29) size 4x19
        text run at (157,29) width 4: " "
      RenderTextControl {INPUT} at (163,28) size 153x22 [bgcolor=#FFFFFF] [border: (2px inset #EEEEEE)]
        RenderFlexibleBox {DIV} at (2,3) size 149x16
          RenderBlock {DIV} at (0,0) size 131.14x16
      RenderText {#text} at (0,0) size 0x0
      RenderText {#text} at (0,0) size 0x0
layer at (12,13) size 131x16
  RenderBlock {DIV} at (0,0) size 131.14x16
layer at (173,13) size 131x16
  RenderBlock {DIV} at (0,0) size 131.14x16
layer at (12,39) size 131x16
  RenderBlock {DIV} at (0,0) size 131.14x16
layer at (173,39) size 131x16
  RenderBlock {DIV} at (0,0) size 131.14x16
hidden layer at (143,40) size 18x14 transparent
  RenderDetailsMarker {DIV} at (131.14,1.33) size 17.86x13.33: down
hidden layer at (304,40) size 18x14 transparent
  RenderDetailsMarker {DIV} at (131.14,1.33) size 17.86x13.33: down
caret: position 0 of child 0 {DIV} of child 0 {DIV} of child 0 {DIV} of {#document-fragment} of child 3 {INPUT} of body
