layer at (0,0) size 800x600
  RenderView at (0,0) size 800x600
layer at (0,0) size 800x600
  RenderBlock {HTML} at (0,0) size 800x600
    RenderBody {BODY} at (8,8) size 784x584
      RenderBlock (anonymous) at (0,0) size 784x54
        RenderText {#text} at (0,0) size 782x36
          text run at (0,0) width 782: "Test that <ruby> rendered as inline-table (or somesuch) is not affected by ruby rendering. Both <div> below should look the"
          text run at (0,18) width 40: "same. "
        RenderBR {BR} at (40,32) size 0x0
        RenderBR {BR} at (0,36) size 0x18
      RenderBlock {DIV} at (3.19,57.19) size 777.63x46 [bgcolor=#FFFFDD] [border: (1px solid #000000)]
        RenderText {#text} at (9,19) size 224x18
          text run at (9,19) width 224: "This is some XHTML1.1 text with "
        RenderTable {SPAN} at (233,9) size 39x28
          RenderTableSection {SPAN} at (0,10) size 39x18
            RenderTableRow (anonymous) at (0,0) size 39x18
              RenderTableCell (anonymous) at (0,0) size 39x18 [r=0 c=0 rs=1 cs=1]
                RenderText {#text} at (2,0) size 35x18
                  text run at (2,0) width 35: "Ruby"
          RenderTableSection {SPAN} at (0,0) size 39x10
            RenderTableRow (anonymous) at (0,0) size 39x10
              RenderTableCell (anonymous) at (0,0) size 39x10 [r=0 c=0 rs=1 cs=1]
                RenderText {#text} at (0,0) size 39x10
                  text run at (0,0) width 39: "guide text"
        RenderText {#text} at (272,19) size 56x18
          text run at (272,19) width 56: " markup."
      RenderBlock (anonymous) at (0,106.38) size 784x18
        RenderBR {BR} at (0,0) size 0x18
      RenderBlock {DIV} at (3.19,127.56) size 777.63x46 [bgcolor=#FFFFDD] [border: (1px solid #000000)]
        RenderText {#text} at (9,19) size 224x18
          text run at (9,19) width 224: "This is some XHTML1.1 text with "
        RenderTable {RUBY} at (233,9) size 39x28
          RenderTableSection {RB} at (0,10) size 39x18
            RenderTableRow (anonymous) at (0,0) size 39x18
              RenderTableCell (anonymous) at (0,0) size 39x18 [r=0 c=0 rs=1 cs=1]
                RenderText {#text} at (2,0) size 35x18
                  text run at (2,0) width 35: "Ruby"
          RenderTableSection {RT} at (0,0) size 39x10
            RenderTableRow (anonymous) at (0,0) size 39x10
              RenderTableCell (anonymous) at (0,0) size 39x10 [r=0 c=0 rs=1 cs=1]
                RenderText {#text} at (0,0) size 39x10
                  text run at (0,0) width 39: "guide text"
        RenderText {#text} at (272,19) size 56x18
          text run at (272,19) width 56: " markup."
