layer at (0,0) size 800x600
  RenderView at (0,0) size 800x600
layer at (0,0) size 800x600
  RenderBlock {HTML} at (0,0) size 800x600
    RenderBody {BODY} at (8,8) size 784x584
      RenderBlock (anonymous) at (0,0) size 784x18
        RenderText {#text} at (0,0) size 4x18
          text run at (0,0) width 4: " "
      RenderTable {TABLE} at (0,18) size 67x32 [border: (1px outset #808080)]
        RenderTableSection {TBODY} at (1,1) size 65x30
          RenderTableRow {TR} at (0,2) size 65x0
            RenderTableCell {TD} at (2,-8) size 61x22 [border: (1px inset #808080)] [r=0 c=0 rs=2 cs=1]
              RenderText {#text} at (2,2) size 57x18
                text run at (2,2) width 57: "First row"
          RenderTableRow {TR} at (0,4) size 65x0
          RenderTableRow {TR} at (0,6) size 65x22
            RenderTableCell {TD} at (2,6) size 61x22 [border: (1px inset #808080)] [r=2 c=0 rs=1 cs=1]
              RenderText {#text} at (2,2) size 56x18
                text run at (2,2) width 56: "Last row"
      RenderBlock (anonymous) at (0,50) size 784x18
        RenderText {#text} at (0,0) size 8x18
          text run at (0,0) width 8: "  "
      RenderTable {TABLE} at (0,68) size 67x34 [border: (1px outset #808080)]
        RenderTableSection {TBODY} at (1,1) size 65x32
          RenderTableRow {TR} at (0,2) size 65x0
            RenderTableCell {TD} at (2,-7) size 61x22 [border: (1px inset #808080)] [r=0 c=0 rs=3 cs=1]
              RenderText {#text} at (2,2) size 57x18
                text run at (2,2) width 57: "First row"
          RenderTableRow {TR} at (0,4) size 65x0
          RenderTableRow {TR} at (0,6) size 65x0
          RenderTableRow {TR} at (0,8) size 65x22
            RenderTableCell {TD} at (2,8) size 61x22 [border: (1px inset #808080)] [r=3 c=0 rs=1 cs=1]
              RenderText {#text} at (2,2) size 56x18
                text run at (2,2) width 56: "Last row"
      RenderBlock (anonymous) at (0,102) size 784x18
        RenderText {#text} at (0,0) size 12x18
          text run at (0,0) width 12: "   "
      RenderTable {TABLE} at (0,120) size 67x36 [border: (1px outset #808080)]
        RenderTableSection {TBODY} at (1,1) size 65x34
          RenderTableRow {TR} at (0,2) size 65x0
            RenderTableCell {TD} at (2,-6) size 61x22 [border: (1px inset #808080)] [r=0 c=0 rs=4 cs=1]
              RenderText {#text} at (2,2) size 57x18
                text run at (2,2) width 57: "First row"
          RenderTableRow {TR} at (0,4) size 65x0
          RenderTableRow {TR} at (0,6) size 65x0
          RenderTableRow {TR} at (0,8) size 65x0
          RenderTableRow {TR} at (0,10) size 65x22
            RenderTableCell {TD} at (2,10) size 61x22 [border: (1px inset #808080)] [r=4 c=0 rs=1 cs=1]
              RenderText {#text} at (2,2) size 56x18
                text run at (2,2) width 56: "Last row"
      RenderBlock (anonymous) at (0,156) size 784x36
        RenderBR {BR} at (0,0) size 0x18
        RenderText {#text} at (0,18) size 106x18
          text run at (0,18) width 106: "an additional test"
      RenderTable {TABLE} at (0,192) size 32x32 [border: (1px outset #808080)]
        RenderTableSection {TBODY} at (1,1) size 30x30
          RenderTableRow {TR} at (0,2) size 30x0
            RenderTableCell {TD} at (2,-8) size 26x22 [border: (1px inset #808080)] [r=0 c=0 rs=2 cs=1]
              RenderText {#text} at (2,2) size 8x18
                text run at (2,2) width 8: "1"
          RenderTableRow {TR} at (0,4) size 30x0
          RenderTableRow {TR} at (0,6) size 30x22
            RenderTableCell {TD} at (2,6) size 26x22 [border: (1px inset #808080)] [r=2 c=0 rs=1 cs=1]
              RenderText {#text} at (2,2) size 22x18
                text run at (2,2) width 22: "abc"
