layer at (0,0) size 787x1410
  RenderView at (0,0) size 787x600
layer at (0,0) size 787x1410
  RenderBlock {HTML} at (0,0) size 787x1409.91
    RenderBody {BODY} at (8,8) size 771x1388.91
      RenderBlock {H2} at (0,0) size 771x54
        RenderText {#text} at (0,0) size 737x53
          text run at (0,0) width 737: "It's OK if nothing drawn for a scrollbar (for an outermost frame and an"
          text run at (0,27) width 227: "element with overlow)"
      RenderBlock {P} at (0,73.91) size 771x18
        RenderText {#text} at (0,0) size 591x17
          text run at (0,0) width 591: "Note that Safari doesn't allow to customize the outermost scdrollbars and just show Cocoa's."
      RenderBlock {PRE} at (0,220.91) size 771x1168 [bgcolor=#008000]
      RenderBlock {PRE} at (0,1401.91) size 1542x0 [bgcolor=#008000]
layer at (8,116) size 100x100 clip at (8,116) size 87x87 scrollWidth 1396 scrollHeight 105
  RenderBlock {PRE} at (0,107.91) size 100x100 [bgcolor=#008000]
    RenderText {#text} at (0,0) size 1397x105
      text run at (0,0) width 1397: "The quick brown fox jumps over the lazy dog. The quick brown fox jumps over the lazy dog. The quick brown fox jumps over the lazy dog. The quick brown fox jumps over the lazy dog."
      text run at (1396,0) width 1: " "
      text run at (0,15) width 1397: "The quick brown fox jumps over the lazy dog. The quick brown fox jumps over the lazy dog. The quick brown fox jumps over the lazy dog. The quick brown fox jumps over the lazy dog."
      text run at (1396,15) width 1: " "
      text run at (0,30) width 1397: "The quick brown fox jumps over the lazy dog. The quick brown fox jumps over the lazy dog. The quick brown fox jumps over the lazy dog. The quick brown fox jumps over the lazy dog."
      text run at (1396,30) width 1: " "
      text run at (0,45) width 1397: "The quick brown fox jumps over the lazy dog. The quick brown fox jumps over the lazy dog. The quick brown fox jumps over the lazy dog. The quick brown fox jumps over the lazy dog."
      text run at (1396,45) width 1: " "
      text run at (0,60) width 1397: "The quick brown fox jumps over the lazy dog. The quick brown fox jumps over the lazy dog. The quick brown fox jumps over the lazy dog. The quick brown fox jumps over the lazy dog."
      text run at (1396,60) width 1: " "
      text run at (0,75) width 1397: "The quick brown fox jumps over the lazy dog. The quick brown fox jumps over the lazy dog. The quick brown fox jumps over the lazy dog. The quick brown fox jumps over the lazy dog."
      text run at (1396,75) width 1: " "
      text run at (0,90) width 1397: "The quick brown fox jumps over the lazy dog. The quick brown fox jumps over the lazy dog. The quick brown fox jumps over the lazy dog. The quick brown fox jumps over the lazy dog."
      text run at (1396,90) width 1: " "
