layer at (0,0) size 800x600
  RenderView at (0,0) size 800x600
layer at (0,0) size 800x8
  RenderBlock {html} at (0,0) size 800x8
    RenderBody {body} at (8,8) size 784x0
      RenderBlock (floating) {div} at (0,0) size 784x345.14
        RenderBlock {h1} at (0,21.44) size 784x37
          RenderText {#text} at (0,0) size 444x37
            text run at (0,0) width 444: "SVG grid with percentage width"
        RenderBlock {h4} at (0,79.88) size 784x18
          RenderText {#text} at (0,0) size 149x18
            text run at (0,0) width 149: "WICD Core 1.0 #20-3"
        RenderBlock {p} at (0,119.14) size 784x0
          RenderEmbeddedObject {object} at (0,0) size 392x131
            layer at (0,0) size 392x131
              RenderView at (0,0) size 392x131
            layer at (0,0) size 392x131
              RenderSVGRoot {svg} at (0,0) size 392x131
                RenderSVGHiddenContainer {defs} at (0,0) size 0x0
                  RenderSVGResourceLinearGradient {linearGradient} [id="surface"] [gradientUnits=objectBoundingBox] [start=(1,0)] [end=(1,1)]
                    RenderSVGGradientStop {stop} [offset=0.00] [color=#FFFFFF]
                    RenderSVGGradientStop {stop} [offset=1.00] [color=#FFEEAA]
                RenderSVGRect {rect} at (0,0) size 392x131 [stroke={[type=SOLID] [color=#FFCC33] [stroke width=2.00]}] [fill={[type=LINEAR-GRADIENT] [id="surface"]}] [x=1.00] [y=1.00] [width=118.00] [height=38.00]
                RenderSVGText {text} at (52,9) size 16x23 contains 1 chunk(s)
                  RenderSVGInlineText {#text} at (0,0) size 15x23
                    chunk 1 (middle anchor) text run 1 at (52.81,27.00) startOffset 0 endOffset 1 width 14.39: "A"
          RenderEmbeddedObject {object} at (0,0) size 392x131
            layer at (0,0) size 392x131
              RenderView at (0,0) size 392x131
            layer at (0,0) size 392x131
              RenderSVGRoot {svg} at (0,0) size 392x131
                RenderSVGHiddenContainer {defs} at (0,0) size 0x0
                  RenderSVGResourceLinearGradient {linearGradient} [id="surface"] [gradientUnits=objectBoundingBox] [start=(1,0)] [end=(1,1)]
                    RenderSVGGradientStop {stop} [offset=0.00] [color=#FFFFFF]
                    RenderSVGGradientStop {stop} [offset=1.00] [color=#FFEEAA]
                RenderSVGRect {rect} at (0,0) size 392x131 [stroke={[type=SOLID] [color=#FFCC33] [stroke width=2.00]}] [fill={[type=LINEAR-GRADIENT] [id="surface"]}] [x=1.00] [y=1.00] [width=118.00] [height=38.00]
                RenderSVGText {text} at (53,9) size 14x23 contains 1 chunk(s)
                  RenderSVGInlineText {#text} at (0,0) size 13x23
                    chunk 1 (middle anchor) text run 1 at (53.88,27.00) startOffset 0 endOffset 1 width 12.24: "L"
          RenderEmbeddedObject {object} at (0,0) size 261.30x457
            layer at (0,0) size 261x457
              RenderView at (0,0) size 261x457
            layer at (0,0) size 261x457
              RenderSVGRoot {svg} at (0,0) size 261x457
                RenderSVGHiddenContainer {defs} at (0,0) size 0x0
                  RenderSVGResourceLinearGradient {linearGradient} [id="surface"] [gradientUnits=objectBoundingBox] [start=(1,0)] [end=(1,1)]
                    RenderSVGGradientStop {stop} [offset=0.00] [color=#FFFFFF]
                    RenderSVGGradientStop {stop} [offset=1.00] [color=#FFEEAA]
                RenderSVGContainer {a} at (0,0) size 131x131
                  RenderSVGRect {rect} at (0,0) size 131x131 [stroke={[type=SOLID] [color=#FFCC33] [stroke width=2.00]}] [fill={[type=LINEAR-GRADIENT] [id="surface"]}] [x=1.00] [y=1.00] [width=38.00] [height=38.00]
                  RenderSVGText {text} at (13,9) size 14x23 contains 1 chunk(s)
                    RenderSVGInlineText {#text} at (0,0) size 14x23
                      chunk 1 (middle anchor) text run 1 at (13.41,27.00) startOffset 0 endOffset 1 width 13.17: "B"
                RenderSVGContainer {a} at (130,0) size 131x131
                  RenderSVGRect {rect} at (130,0) size 131x131 [stroke={[type=SOLID] [color=#FFCC33] [stroke width=2.00]}] [fill={[type=LINEAR-GRADIENT] [id="surface"]}] [x=41.00] [y=1.00] [width=38.00] [height=38.00]
                RenderSVGContainer {a} at (0,163) size 131x131
                  RenderSVGEllipse {circle} at (0,163) size 131x131 [stroke={[type=SOLID] [color=#FFCC33] [stroke width=2.00]}] [fill={[type=LINEAR-GRADIENT] [id="surface"]}] [cx=20.00] [cy=70.00] [r=19.00]
                  RenderSVGText {text} at (13,59) size 14x23 contains 1 chunk(s)
                    RenderSVGInlineText {#text} at (0,0) size 14x23
                      chunk 1 (middle anchor) text run 1 at (13.41,77.00) startOffset 0 endOffset 1 width 13.17: "C"
                RenderSVGContainer {a} at (130,163) size 131x131
                  RenderSVGEllipse {circle} at (130,163) size 131x131 [stroke={[type=SOLID] [color=#FFCC33] [stroke width=2.00]}] [fill={[type=LINEAR-GRADIENT] [id="surface"]}] [cx=60.00] [cy=70.00] [r=19.00]
                RenderSVGContainer {a} at (0,326) size 131x131
                  RenderSVGEllipse {circle} at (0,326) size 131x131 [stroke={[type=SOLID] [color=#FFCC33] [stroke width=2.00]}] [fill={[type=LINEAR-GRADIENT] [id="surface"]}] [cx=20.00] [cy=120.00] [r=19.00]
                  RenderSVGText {text} at (12,109) size 16x23 contains 1 chunk(s)
                    RenderSVGInlineText {#text} at (0,0) size 15x23
                      chunk 1 (middle anchor) text run 1 at (12.80,127.00) startOffset 0 endOffset 1 width 14.40: "D"
                RenderSVGContainer {a} at (130,326) size 131x131
                  RenderSVGEllipse {circle} at (130,326) size 131x131 [stroke={[type=SOLID] [color=#FFCC33] [stroke width=2.00]}] [fill={[type=LINEAR-GRADIENT] [id="surface"]}] [cx=60.00] [cy=120.00] [r=19.00]
                  RenderSVGText {text} at (53,109) size 14x23 contains 1 chunk(s)
                    RenderSVGInlineText {#text} at (0,0) size 13x23
                      chunk 1 (middle anchor) text run 1 at (53.87,127.00) startOffset 0 endOffset 1 width 12.25: "E"
          RenderBlock (floating) {div} at (0,0) size 261.30x18
            RenderEmbeddedObject {object} at (0,0) size 261.30x261
              layer at (0,0) size 261x261
                RenderView at (0,0) size 261x261
              layer at (0,0) size 261x261
                RenderSVGRoot {svg} at (0,0) size 261x261
                  RenderSVGHiddenContainer {defs} at (0,0) size 0x0
                    RenderSVGResourceLinearGradient {linearGradient} [id="surface"] [gradientUnits=objectBoundingBox] [start=(1,0)] [end=(1,1)]
                      RenderSVGGradientStop {stop} [offset=0.00] [color=#FFFFFF]
                      RenderSVGGradientStop {stop} [offset=1.00] [color=#FFEEAA]
                  RenderSVGRect {rect} at (0,0) size 261x261 [stroke={[type=SOLID] [color=#FFCC33] [stroke width=2.00]}] [fill={[type=LINEAR-GRADIENT] [id="surface"]}] [x=1.00] [y=1.00] [width=78.00] [height=78.00]
                  RenderSVGText {text} at (32,28) size 16x24 contains 1 chunk(s)
                    RenderSVGInlineText {#text} at (0,0) size 15x23
                      chunk 1 (middle anchor) text run 1 at (32.80,47.00) startOffset 0 endOffset 1 width 14.41: "K"
            RenderBR {br} at (0,0) size 0x18
            RenderEmbeddedObject {object} at (0,18) size 261.30x196
              layer at (0,0) size 261x196
                RenderView at (0,0) size 261x196
              layer at (0,0) size 261x196
                RenderSVGRoot {svg} at (0,0) size 261x196
                  RenderSVGHiddenContainer {defs} at (0,0) size 0x0
                    RenderSVGResourceLinearGradient {linearGradient} [id="surface"] [gradientUnits=objectBoundingBox] [start=(1,0)] [end=(1,1)]
                      RenderSVGGradientStop {stop} [offset=0.00] [color=#FFFFFF]
                      RenderSVGGradientStop {stop} [offset=1.00] [color=#FFEEAA]
                  RenderSVGRect {rect} at (0,0) size 261x196 [stroke={[type=SOLID] [color=#FFCC33] [stroke width=2.00]}] [fill={[type=LINEAR-GRADIENT] [id="surface"]}] [x=1.00] [y=1.00] [width=78.00] [height=58.00]
                  RenderSVGText {text} at (36,19) size 8x23 contains 1 chunk(s)
                    RenderSVGInlineText {#text} at (0,0) size 8x23
                      chunk 1 (middle anchor) text run 1 at (36.17,37.00) startOffset 0 endOffset 1 width 7.65: "J"
          RenderBlock (floating) {div} at (0,0) size 261.30x0
            RenderEmbeddedObject {object} at (0,0) size 261.30x261
              layer at (0,0) size 261x261
                RenderView at (0,0) size 261x261
              layer at (0,0) size 261x261
                RenderSVGRoot {svg} at (0,0) size 261x261
                  RenderSVGHiddenContainer {defs} at (0,0) size 0x0
                    RenderSVGResourceLinearGradient {linearGradient} [id="surface"] [gradientUnits=objectBoundingBox] [start=(1,0)] [end=(1,1)]
                      RenderSVGGradientStop {stop} [offset=0.00] [color=#FFFFFF]
                      RenderSVGGradientStop {stop} [offset=1.00] [color=#FFEEAA]
                  RenderSVGContainer {a} at (0,0) size 131x131
                    RenderSVGRect {rect} at (0,0) size 131x131 [stroke={[type=SOLID] [color=#FFCC33] [stroke width=2.00]}] [fill={[type=LINEAR-GRADIENT] [id="surface"]}] [x=1.00] [y=1.00] [width=38.00] [height=38.00]
                    RenderSVGText {text} at (11,8) size 18x24 contains 1 chunk(s)
                      RenderSVGInlineText {#text} at (0,0) size 18x23
                        chunk 1 (middle anchor) text run 1 at (11.11,27.00) startOffset 0 endOffset 1 width 17.78: "M"
                  RenderSVGContainer {a} at (130,0) size 131x131
                    RenderSVGRect {rect} at (130,0) size 131x131 [stroke={[type=SOLID] [color=#FFCC33] [stroke width=2.00]}] [fill={[type=LINEAR-GRADIENT] [id="surface"]}] [x=41.00] [y=1.00] [width=38.00] [height=38.00]
                    RenderSVGText {text} at (52,8) size 16x24 contains 1 chunk(s)
                      RenderSVGInlineText {#text} at (0,0) size 15x23
                        chunk 1 (middle anchor) text run 1 at (52.80,27.00) startOffset 0 endOffset 1 width 14.41: "N"
                  RenderSVGContainer {a} at (0,130) size 131x131
                    RenderSVGRect {rect} at (0,130) size 131x131 [stroke={[type=SOLID] [color=#FFCC33] [stroke width=2.00]}] [fill={[type=LINEAR-GRADIENT] [id="surface"]}] [x=1.00] [y=41.00] [width=38.00] [height=38.00]
                    RenderSVGText {text} at (14,48) size 12x24 contains 1 chunk(s)
                      RenderSVGInlineText {#text} at (0,0) size 12x23
                        chunk 1 (middle anchor) text run 1 at (14.48,67.00) startOffset 0 endOffset 1 width 11.03: "P"
                  RenderSVGContainer {a} at (130,130) size 131x131
                    RenderSVGRect {rect} at (130,130) size 131x131 [stroke={[type=SOLID] [color=#FFCC33] [stroke width=2.00]}] [fill={[type=LINEAR-GRADIENT] [id="surface"]}] [x=41.00] [y=41.00] [width=38.00] [height=38.00]
                    RenderSVGText {text} at (52,48) size 16x24 contains 1 chunk(s)
                      RenderSVGInlineText {#text} at (0,0) size 15x23
                        chunk 1 (middle anchor) text run 1 at (52.80,67.00) startOffset 0 endOffset 1 width 14.41: "O"
            RenderEmbeddedObject {object} at (0,0) size 261.30x196
              layer at (0,0) size 261x196
                RenderView at (0,0) size 261x196
              layer at (0,0) size 261x196
                RenderSVGRoot {svg} at (0,0) size 261x196
                  RenderSVGHiddenContainer {defs} at (0,0) size 0x0
                    RenderSVGResourceLinearGradient {linearGradient} [id="surface"] [gradientUnits=objectBoundingBox] [start=(1,0)] [end=(1,1)]
                      RenderSVGGradientStop {stop} [offset=0.00] [color=#FFFFFF]
                      RenderSVGGradientStop {stop} [offset=1.00] [color=#FFEEAA]
                  RenderSVGEllipse {ellipse} at (0,0) size 261x196 [stroke={[type=SOLID] [color=#FFCC33] [stroke width=2.00]}] [fill={[type=LINEAR-GRADIENT] [id="surface"]}] [cx=40.00] [cy=30.00] [rx=39.00] [ry=29.00]
                  RenderSVGText {text} at (32,19) size 16x23 contains 1 chunk(s)
                    RenderSVGInlineText {#text} at (0,0) size 15x23
                      chunk 1 (middle anchor) text run 1 at (32.81,37.00) startOffset 0 endOffset 1 width 14.39: "Q"
          RenderEmbeddedObject {object} at (0,0) size 392x131
            layer at (0,0) size 392x131
              RenderView at (0,0) size 392x131
            layer at (0,0) size 392x131
              RenderSVGRoot {svg} at (0,0) size 392x131
                RenderSVGHiddenContainer {defs} at (0,0) size 0x0
                  RenderSVGResourceLinearGradient {linearGradient} [id="surface"] [gradientUnits=objectBoundingBox] [start=(1,0)] [end=(1,1)]
                    RenderSVGGradientStop {stop} [offset=0.00] [color=#FFFFFF]
                    RenderSVGGradientStop {stop} [offset=1.00] [color=#FFEEAA]
                RenderSVGRect {rect} at (0,0) size 392x131 [stroke={[type=SOLID] [color=#FFCC33] [stroke width=2.00]}] [fill={[type=LINEAR-GRADIENT] [id="surface"]}] [x=1.00] [y=1.00] [width=118.00] [height=38.00]
                RenderSVGText {text} at (54,9) size 12x23 contains 1 chunk(s)
                  RenderSVGInlineText {#text} at (0,0) size 12x23
                    chunk 1 (middle anchor) text run 1 at (54.49,27.00) startOffset 0 endOffset 1 width 11.02: "F"
          RenderEmbeddedObject {object} at (0,0) size 392x131
            layer at (0,0) size 392x131
              RenderView at (0,0) size 392x131
            layer at (0,0) size 392x131
              RenderSVGRoot {svg} at (0,0) size 392x131
                RenderSVGHiddenContainer {defs} at (0,0) size 0x0
                  RenderSVGResourceLinearGradient {linearGradient} [id="surface"] [gradientUnits=objectBoundingBox] [start=(1,0)] [end=(1,1)]
                    RenderSVGGradientStop {stop} [offset=0.00] [color=#FFFFFF]
                    RenderSVGGradientStop {stop} [offset=1.00] [color=#FFEEAA]
                RenderSVGRect {rect} at (0,0) size 392x131 [stroke={[type=SOLID] [color=#FFCC33] [stroke width=2.00]}] [fill={[type=LINEAR-GRADIENT] [id="surface"]}] [x=1.00] [y=1.00] [width=118.00] [height=38.00]
                RenderSVGText {text} at (56,9) size 8x23 contains 1 chunk(s)
                  RenderSVGInlineText {#text} at (0,0) size 7x23
                    chunk 1 (middle anchor) text run 1 at (56.63,27.00) startOffset 0 endOffset 1 width 6.73: "I"
          RenderBlock (floating) {div} at (0,0) size 392x0
            RenderEmbeddedObject {object} at (0,0) size 98x196
              layer at (0,0) size 98x196
                RenderView at (0,0) size 98x196
              layer at (0,0) size 98x196
                RenderSVGRoot {svg} at (0,0) size 98x196
                  RenderSVGHiddenContainer {defs} at (0,0) size 0x0
                    RenderSVGResourceLinearGradient {linearGradient} [id="surface"] [gradientUnits=objectBoundingBox] [start=(1,0)] [end=(1,1)]
                      RenderSVGGradientStop {stop} [offset=0.00] [color=#FFFFFF]
                      RenderSVGGradientStop {stop} [offset=1.00] [color=#FFEEAA]
                  RenderSVGRect {rect} at (0,0) size 98x196 [stroke={[type=SOLID] [color=#FFCC33] [stroke width=2.00]}] [fill={[type=LINEAR-GRADIENT] [id="surface"]}] [x=1.00] [y=1.00] [width=28.00] [height=58.00]
            RenderEmbeddedObject {object} at (0,0) size 294x196
              layer at (0,0) size 294x196
                RenderView at (0,0) size 294x196
              layer at (0,0) size 294x196
                RenderSVGRoot {svg} at (0,0) size 294x196
                  RenderSVGHiddenContainer {defs} at (0,0) size 0x0
                    RenderSVGResourceLinearGradient {linearGradient} [id="surface"] [gradientUnits=objectBoundingBox] [start=(1,0)] [end=(1,1)]
                      RenderSVGGradientStop {stop} [offset=0.00] [color=#FFFFFF]
                      RenderSVGGradientStop {stop} [offset=1.00] [color=#FFEEAA]
                  RenderSVGRect {rect} at (0,0) size 294x196 [stroke={[type=SOLID] [color=#FFCC33] [stroke width=2.00]}] [fill={[type=LINEAR-GRADIENT] [id="surface"]}] [x=1.00] [y=1.00] [width=88.00] [height=58.00]
                  RenderSVGText {text} at (37,19) size 16x23 contains 1 chunk(s)
                    RenderSVGInlineText {#text} at (0,0) size 15x23
                      chunk 1 (middle anchor) text run 1 at (37.81,37.00) startOffset 0 endOffset 1 width 14.39: "G"
          RenderBlock (floating) {div} at (0,0) size 392x0
            RenderEmbeddedObject {object} at (0,0) size 196x196
              layer at (0,0) size 196x196
                RenderView at (0,0) size 196x196
              layer at (0,0) size 196x196
                RenderSVGRoot {svg} at (0,0) size 196x196
                  RenderSVGHiddenContainer {defs} at (0,0) size 0x0
                    RenderSVGResourceLinearGradient {linearGradient} [id="surface"] [gradientUnits=objectBoundingBox] [start=(1,0)] [end=(1,1)]
                      RenderSVGGradientStop {stop} [offset=0.00] [color=#FFFFFF]
                      RenderSVGGradientStop {stop} [offset=1.00] [color=#FFEEAA]
                  RenderSVGEllipse {ellipse} at (0,0) size 196x196 [stroke={[type=SOLID] [color=#FFCC33] [stroke width=2.00]}] [fill={[type=LINEAR-GRADIENT] [id="surface"]}] [cx=30.00] [cy=30.00] [rx=29.00] [ry=29.00]
                  RenderSVGText {text} at (22,19) size 16x23 contains 1 chunk(s)
                    RenderSVGInlineText {#text} at (0,0) size 15x23
                      chunk 1 (middle anchor) text run 1 at (22.81,37.00) startOffset 0 endOffset 1 width 14.39: "H"
            RenderEmbeddedObject {object} at (0,0) size 196x196
              layer at (0,0) size 196x196
                RenderView at (0,0) size 196x196
              layer at (0,0) size 196x196
                RenderSVGRoot {svg} at (0,0) size 196x196
                  RenderSVGHiddenContainer {defs} at (0,0) size 0x0
                    RenderSVGResourceLinearGradient {linearGradient} [id="surface"] [gradientUnits=objectBoundingBox] [start=(1,0)] [end=(1,1)]
                      RenderSVGGradientStop {stop} [offset=0.00] [color=#FFFFFF]
                      RenderSVGGradientStop {stop} [offset=1.00] [color=#FFEEAA]
                  RenderSVGRect {rect} at (0,0) size 196x196 [stroke={[type=SOLID] [color=#FFCC33] [stroke width=2.00]}] [fill={[type=LINEAR-GRADIENT] [id="surface"]}] [x=1.00] [y=1.00] [width=58.00] [height=58.00]
                  RenderSVGText {text} at (23,19) size 14x23 contains 1 chunk(s)
                    RenderSVGInlineText {#text} at (0,0) size 14x23
                      chunk 1 (middle anchor) text run 1 at (23.42,37.00) startOffset 0 endOffset 1 width 13.16: "R"
          RenderEmbeddedObject {object} at (0,0) size 196x131
            layer at (0,0) size 196x131
              RenderView at (0,0) size 196x131
            layer at (0,0) size 196x131
              RenderSVGRoot {svg} at (0,0) size 196x131
                RenderSVGHiddenContainer {defs} at (0,0) size 0x0
                  RenderSVGResourceLinearGradient {linearGradient} [id="surface"] [gradientUnits=objectBoundingBox] [start=(1,0)] [end=(1,1)]
                    RenderSVGGradientStop {stop} [offset=0.00] [color=#FFFFFF]
                    RenderSVGGradientStop {stop} [offset=1.00] [color=#FFEEAA]
                RenderSVGEllipse {ellipse} at (0,0) size 196x131 [stroke={[type=SOLID] [color=#FFCC33] [stroke width=2.00]}] [fill={[type=LINEAR-GRADIENT] [id="surface"]}] [cx=30.00] [cy=20.00] [rx=29.00] [ry=19.00]
          RenderEmbeddedObject {object} at (0,0) size 196x131
            layer at (0,0) size 196x131
              RenderView at (0,0) size 196x131
            layer at (0,0) size 196x131
              RenderSVGRoot {svg} at (0,0) size 196x131
                RenderSVGHiddenContainer {defs} at (0,0) size 0x0
                  RenderSVGResourceLinearGradient {linearGradient} [id="surface"] [gradientUnits=objectBoundingBox] [start=(1,0)] [end=(1,1)]
                    RenderSVGGradientStop {stop} [offset=0.00] [color=#FFFFFF]
                    RenderSVGGradientStop {stop} [offset=1.00] [color=#FFEEAA]
                RenderSVGEllipse {ellipse} at (0,0) size 196x131 [stroke={[type=SOLID] [color=#FFCC33] [stroke width=2.00]}] [fill={[type=LINEAR-GRADIENT] [id="surface"]}] [cx=30.00] [cy=20.00] [rx=29.00] [ry=19.00]
          RenderBlock (floating) {div} at (0,0) size 392x0
            RenderEmbeddedObject {object} at (0,0) size 294x131
              layer at (0,0) size 294x131
                RenderView at (0,0) size 294x131
              layer at (0,0) size 294x131
                RenderSVGRoot {svg} at (0,0) size 294x131
                  RenderSVGHiddenContainer {defs} at (0,0) size 0x0
                    RenderSVGResourceLinearGradient {linearGradient} [id="surface"] [gradientUnits=objectBoundingBox] [start=(1,0)] [end=(1,1)]
                      RenderSVGGradientStop {stop} [offset=0.00] [color=#FFFFFF]
                      RenderSVGGradientStop {stop} [offset=1.00] [color=#FFEEAA]
                  RenderSVGRect {rect} at (0,0) size 294x131 [stroke={[type=SOLID] [color=#FFCC33] [stroke width=2.00]}] [fill={[type=LINEAR-GRADIENT] [id="surface"]}] [x=1.00] [y=1.00] [width=88.00] [height=38.00]
                  RenderSVGText {text} at (39,9) size 12x23 contains 1 chunk(s)
                    RenderSVGInlineText {#text} at (0,0) size 12x23
                      chunk 1 (middle anchor) text run 1 at (39.49,27.00) startOffset 0 endOffset 1 width 11.02: "S"
            RenderEmbeddedObject {object} at (0,0) size 98x131
              layer at (0,0) size 98x131
                RenderView at (0,0) size 98x131
              layer at (0,0) size 98x131
                RenderSVGRoot {svg} at (0,0) size 98x131
                  RenderSVGHiddenContainer {defs} at (0,0) size 0x0
                    RenderSVGResourceLinearGradient {linearGradient} [id="surface"] [gradientUnits=objectBoundingBox] [start=(1,0)] [end=(1,1)]
                      RenderSVGGradientStop {stop} [offset=0.00] [color=#FFFFFF]
                      RenderSVGGradientStop {stop} [offset=1.00] [color=#FFEEAA]
                  RenderSVGRect {rect} at (0,0) size 98x131 [stroke={[type=SOLID] [color=#FFCC33] [stroke width=2.00]}] [fill={[type=LINEAR-GRADIENT] [id="surface"]}] [x=1.00] [y=1.00] [width=28.00] [height=38.00]
                  RenderSVGText {text} at (8,9) size 14x23 contains 1 chunk(s)
                    RenderSVGInlineText {#text} at (0,0) size 13x23
                      chunk 1 (middle anchor) text run 1 at (8.88,27.00) startOffset 0 endOffset 1 width 12.24: "T"
        RenderBlock {p} at (0,119.14) size 784x36 [color=#FFFFFF]
          RenderBR {br} at (0,0) size 0x18
          RenderText {#text} at (0,18) size 8x18
            text run at (0,18) width 8: ".."
        RenderBlock {p} at (0,171.14) size 784x54
          RenderText {#text} at (0,0) size 772x54
            text run at (0,0) width 633: "Above, you should see a grid of 17 SVG child elements sticked together to build one rectangle grid. "
            text run at (633,0) width 139: "You should be able to"
            text run at (0,18) width 734: "resize your browser window and the grid rendering should adjust to it. The outcome should look like in these sample"
            text run at (0,36) width 80: "screenshots: "
          RenderInline {a} at (0,0) size 33x18 [color=#0000EE]
            RenderText {#text} at (80,36) size 33x18
              text run at (80,36) width 33: "small"
          RenderText {#text} at (113,36) size 8x18
            text run at (113,36) width 8: ", "
          RenderInline {a} at (0,0) size 40x18 [color=#0000EE]
            RenderText {#text} at (121,36) size 40x18
              text run at (121,36) width 40: "bigger"
          RenderText {#text} at (161,36) size 31x18
            text run at (161,36) width 31: " and "
          RenderInline {a} at (0,0) size 20x18 [color=#0000EE]
            RenderText {#text} at (192,36) size 20x18
              text run at (192,36) width 20: "big"
          RenderText {#text} at (212,36) size 4x18
            text run at (212,36) width 4: "."
        RenderBlock {p} at (0,241.14) size 784x36
          RenderText {#text} at (0,0) size 750x36
            text run at (0,0) width 750: "The test is successful, if all SVG elements resize exacly dependend on the width of the browser window, but keep their"
            text run at (0,18) width 622: "aspect ratio and relative position. The complete grid should always show a perfect rectangle object."
        RenderBlock {p} at (0,293.14) size 784x36
          RenderBR {br} at (0,0) size 0x18
          RenderInline {a} at (0,0) size 33x18 [color=#0000EE]
            RenderText {#text} at (0,18) size 33x18
              text run at (0,18) width 33: "Back"
