layer at (0,0) size 800x600
  RenderView at (0,0) size 800x600
layer at (0,0) size 800x600
  RenderBlock {html} at (0,0) size 800x600
    RenderBody {body} at (48,30.72) size 752x155.64
      RenderBlock {h1} at (0,0) size 691.83x29
        RenderText {#text} at (0,0) size 383x28
          text run at (0,0) width 383: "scalable fullscreen background"
      RenderBlock {h4} at (0,29) size 752x16
        RenderText {#text} at (0,0) size 127x16
          text run at (0,0) width 127: "WICD Core 1.0 #12"
      RenderBlock {p} at (0,64.14) size 691.83x32
        RenderText {#text} at (0,0) size 675x32
          text run at (0,0) width 630: "This text is XHTML main layer content, which must overlay a lightblue SVG-background image with "
          text run at (630,0) width 24: "text"
          text run at (0,16) width 675: "('SVG background image'). The SVG background image must cover the complete XHTML-background area."
      RenderBlock {p} at (0,101.89) size 691.83x32
        RenderText {#text} at (0,0) size 685x32
          text run at (0,0) width 685: "This test has failed, if you don't see any graphics on the background. (your user agent does not support SVG as"
          text run at (0,16) width 126: "background image)."
      RenderBlock {p} at (0,139.64) size 691.83x16
        RenderInline {a} at (0,0) size 31x16 [color=#000066]
          RenderText {#text} at (0,0) size 31x16
            text run at (0,0) width 31: "Back"
