layer at (0,0) size 800x600
  RenderView at (0,0) size 800x600
layer at (0,0) size 800x171
  RenderBlock {HTML} at (0,0) size 800x171
    RenderBody {BODY} at (8,16) size 784x147
      RenderBlock {P} at (0,0) size 784x18
        RenderText {#text} at (0,0) size 595x18
          text run at (0,0) width 595: "The select list box should not display items (options and optgroups) with style \"display: none\"."
      RenderBlock (anonymous) at (0,34) size 784x113
        RenderListBox {SELECT} at (0,14) size 48x99 [bgcolor=#FFFFFF] [border: (1px inset #808080)]
        RenderText {#text} at (48,92) size 4x18
          text run at (48,92) width 4: " "
        RenderListBox {SELECT} at (52,14) size 63x99 [bgcolor=#FFFFFF] [border: (1px inset #808080)]
        RenderText {#text} at (115,92) size 4x18
          text run at (115,92) width 4: " "
        RenderListBox {SELECT} at (119,14) size 63x99 [bgcolor=#FFFFFF] [border: (1px inset #808080)]
        RenderText {#text} at (182,92) size 4x18
          text run at (182,92) width 4: " "
        RenderListBox {SELECT} at (186,0) size 48x113 [bgcolor=#FFFFFF] [border: (1px inset #808080)]
        RenderText {#text} at (234,92) size 4x18
          text run at (234,92) width 4: " "
        RenderListBox {SELECT} at (238,0) size 48x113 [bgcolor=#FFFFFF] [border: (1px inset #808080)]
        RenderText {#text} at (286,92) size 4x18
          text run at (286,92) width 4: " "
        RenderListBox {SELECT} at (290,0) size 60x113 [bgcolor=#FFFFFF] [border: (1px inset #808080)]
        RenderText {#text} at (0,0) size 0x0
        RenderText {#text} at (0,0) size 0x0
