layer at (0,0) size 800x600
  RenderView at (0,0) size 800x600
layer at (0,0) size 800x410
  RenderBlock {HTML} at (0,0) size 800x410
    RenderBody {BODY} at (8,8) size 784x394
      RenderMenuList {SELECT} at (4,4) size 49x18 [bgcolor=#F8F8F8]
        RenderBlock (anonymous) at (0,0) size 49x18
          RenderText at (8,2) size 18x13
            text run at (8,2) width 18: "foo"
      RenderText {#text} at (57,3) size 4x18
        text run at (57,3) width 4: " "
      RenderBR {BR} at (61,3) size 0x18
      RenderMenuList {SELECT} at (4,30) size 49x18 [bgcolor=#F8F8F8]
        RenderBlock (anonymous) at (0,0) size 49x18
          RenderText at (8,2) size 18x13
            text run at (8,2) width 18: "foo"
      RenderText {#text} at (57,29) size 4x18
        text run at (57,29) width 4: " "
      RenderMenuList {SELECT} at (65,30) size 49x18 [bgcolor=#F8F8F8]
        RenderBlock (anonymous) at (0,0) size 49x18
          RenderText at (8,2) size 18x13
            text run at (8,2) width 18: "foo"
      RenderText {#text} at (118,29) size 4x18
        text run at (118,29) width 4: " "
      RenderMenuList {SELECT} at (126,30) size 49x18 [bgcolor=#F8F8F8]
        RenderBlock (anonymous) at (0,0) size 49x18
          RenderText at (8,2) size 18x13
            text run at (8,2) width 18: "foo"
      RenderText {#text} at (179,29) size 4x18
        text run at (179,29) width 4: " "
      RenderMenuList {SELECT} at (187,30) size 49x18 [bgcolor=#F8F8F8]
        RenderBlock (anonymous) at (0,0) size 49x18
          RenderText at (8,2) size 18x13
            text run at (8,2) width 18: "foo"
      RenderText {#text} at (240,29) size 4x18
        text run at (240,29) width 4: " "
      RenderBR {BR} at (244,29) size 0x18
      RenderMenuList {SELECT} at (4,56) size 53x22 [bgcolor=#F8F8F8] [border: (3px solid #00FF00)]
        RenderBlock (anonymous) at (3,3) size 47x16
          RenderText at (8,1) size 18x13
            text run at (8,1) width 18: "foo"
      RenderText {#text} at (61,57) size 4x18
        text run at (61,57) width 4: " "
      RenderMenuList {SELECT} at (69,58) size 49x18 [bgcolor=#F8F8F8] [border: (1px solid #A6A6A6)]
        RenderBlock (anonymous) at (1,1) size 47x16
          RenderText at (8,1) size 18x13
            text run at (8,1) width 18: "foo"
      RenderText {#text} at (122,57) size 4x18
        text run at (122,57) width 4: " "
      RenderBR {BR} at (126,57) size 0x18
      RenderMenuList {SELECT} at (4,93) size 49x18 [border: (1px solid #A6A6A6)]
        RenderBlock (anonymous) at (1,1) size 47x16
          RenderText at (8,1) size 18x13
            text run at (8,1) width 18: "foo"
      RenderText {#text} at (57,92) size 4x18
        text run at (57,92) width 4: " "
      RenderBlock {DIV} at (61,82) size 71x40 [bgcolor=#DBB102]
        RenderMenuList {SELECT} at (12,12) size 47x16
          RenderBlock (anonymous) at (0,0) size 47x16
            RenderText at (8,1) size 18x13
              text run at (8,1) width 18: "bar"
      RenderText {#text} at (132,92) size 4x18
        text run at (132,92) width 4: " "
      RenderBR {BR} at (136,92) size 0x18
      RenderMenuList {SELECT} at (4,126) size 49x18 [bgcolor=#F8F8F8] [border: (1px solid #A6A6A6)]
        RenderBlock (anonymous) at (1,1) size 47x16
          RenderText at (8,1) size 18x13
            text run at (8,1) width 18: "foo"
      RenderText {#text} at (57,125) size 4x18
        text run at (57,125) width 4: " "
      RenderBR {BR} at (61,125) size 0x18
      RenderMenuList {SELECT} at (4,152) size 52x21 [bgcolor=#F8F8F8]
        RenderBlock (anonymous) at (0,0) size 52x21
          RenderText at (8,2) size 21x16
            text run at (8,2) width 21: "foo"
      RenderText {#text} at (60,153) size 4x18
        text run at (60,153) width 4: " "
      RenderMenuList {SELECT} at (68,152) size 52x21 [bgcolor=#F8F8F8]
        RenderBlock (anonymous) at (0,0) size 52x21
          RenderText at (8,2) size 21x16
            text run at (8,2) width 21: "foo"
      RenderText {#text} at (124,153) size 4x18
        text run at (124,153) width 4: " "
      RenderMenuList {SELECT} at (132,152) size 52x21 [bgcolor=#F8F8F8]
        RenderBlock (anonymous) at (0,0) size 52x21
          RenderText at (8,2) size 21x16
            text run at (8,2) width 21: "foo"
      RenderText {#text} at (188,153) size 4x18
        text run at (188,153) width 4: " "
      RenderBR {BR} at (192,153) size 0x18
      RenderMenuList {SELECT} at (6,192) size 73x25 [bgcolor=#F8F8F8] [border: (1px solid #A6A6A6)]
        RenderBlock (anonymous) at (1,1) size 71x23
          RenderText at (12,1) size 27x19
            text run at (12,1) width 27: "foo"
      RenderText {#text} at (85,196) size 4x18
        text run at (85,196) width 4: " "
      RenderMenuList {SELECT} at (97,185) size 98x36 [bgcolor=#F8F8F8] [border: (2px solid #A6A6A6)]
        RenderBlock (anonymous) at (2,2) size 94x32
          RenderText at (16,2) size 36x26
            text run at (16,2) width 36: "foo"
      RenderText {#text} at (203,196) size 4x18
        text run at (203,196) width 4: " "
      RenderBR {BR} at (207,196) size 0x18
      RenderText {#text} at (208,244) size 4x18
        text run at (208,244) width 4: " "
      RenderBR {BR} at (212,244) size 0x18
      RenderText {#text} at (208,277) size 4x18
        text run at (208,277) width 4: " "
      RenderBR {BR} at (212,277) size 0x18
      RenderText {#text} at (208,310) size 4x18
        text run at (208,310) width 4: " "
      RenderBR {BR} at (212,310) size 0x18
      RenderText {#text} at (208,343) size 4x18
        text run at (208,343) width 4: " "
      RenderBR {BR} at (212,343) size 0x18
      RenderText {#text} at (0,0) size 0x0
layer at (12,241) size 200x25 clip at (13,242) size 187x23 scrollHeight 42
  RenderListBox {SELECT} at (4,233) size 200x25 [bgcolor=#FFFFFF] [border: (1px solid #999999)]
    RenderBlock {OPTION} at (1,1) size 187x14
      RenderText {#text} at (2,0) size 35x13
        text run at (2,0) width 35: "Item 1"
    RenderBlock {OPTION} at (1,15) size 187x14
      RenderText {#text} at (2,0) size 35x13
        text run at (2,0) width 35: "Item 2"
    RenderBlock {OPTION} at (1,29) size 187x14
      RenderText {#text} at (2,0) size 35x13
        text run at (2,0) width 35: "Item 3"
layer at (12,274) size 200x25 clip at (13,275) size 187x23 scrollY 6 scrollHeight 42
  RenderListBox {SELECT} at (4,266) size 200x25 [bgcolor=#FFFFFF] [border: (1px solid #999999)]
    RenderBlock {OPTION} at (1,1) size 187x14
      RenderText {#text} at (2,0) size 35x13
        text run at (2,0) width 35: "Item 1"
    RenderBlock {OPTION} at (1,15) size 187x14 [bgcolor=#D4D4D4]
      RenderText {#text} at (2,0) size 35x13
        text run at (2,0) width 35: "Item 2"
    RenderBlock {OPTION} at (1,29) size 187x14
      RenderText {#text} at (2,0) size 35x13
        text run at (2,0) width 35: "Item 3"
layer at (12,307) size 200x25 clip at (13,308) size 187x23 scrollY 6 scrollHeight 42
  RenderListBox {SELECT} at (4,299) size 200x25 [bgcolor=#FFFFFF] [border: (1px solid #999999)]
    RenderBlock {OPTION} at (1,1) size 187x14
      RenderText {#text} at (2,0) size 35x13
        text run at (2,0) width 35: "Item 1"
    RenderBlock {OPTION} at (1,15) size 187x14 [bgcolor=#D4D4D4]
      RenderText {#text} at (2,0) size 35x13
        text run at (2,0) width 35: "Item 2"
    RenderBlock {OPTION} at (1,29) size 187x14 [bgcolor=#D4D4D4]
      RenderText {#text} at (2,0) size 35x13
        text run at (2,0) width 35: "Item 3"
layer at (12,340) size 200x25 clip at (13,341) size 187x23 scrollHeight 308
  RenderListBox {SELECT} at (4,332) size 200x25 [bgcolor=#FFFFFF] [border: (1px solid #999999)]
    RenderBlock {OPTION} at (1,1) size 187x14 [bgcolor=#D4D4D4]
      RenderText {#text} at (2,0) size 45x13
        text run at (2,0) width 45: "Item 0.1"
    RenderBlock {OPTGROUP} at (1,15) size 187x56
      RenderBlock {DIV} at (0,0) size 187x14
        RenderText {#text} at (2,0) size 46x13
          text run at (2,0) width 46: "Group 1"
      RenderBlock {OPTION} at (0,14) size 187x14
        RenderText {#text} at (2,0) size 59x13
          text run at (2,0) width 59: "    Item 1.1"
      RenderBlock {OPTION} at (0,28) size 187x14
        RenderText {#text} at (2,0) size 59x13
          text run at (2,0) width 59: "    Item 1.2"
      RenderBlock {OPTION} at (0,42) size 187x14
        RenderText {#text} at (2,0) size 59x13
          text run at (2,0) width 59: "    Item 1.3"
    RenderBlock {OPTGROUP} at (1,71) size 187x56
      RenderBlock {DIV} at (0,0) size 187x14
        RenderText {#text} at (2,0) size 46x13
          text run at (2,0) width 46: "Group 2"
      RenderBlock {OPTION} at (0,14) size 187x14
        RenderText {#text} at (2,0) size 59x13
          text run at (2,0) width 59: "    Item 2.1"
      RenderBlock {OPTION} at (0,28) size 187x14
        RenderText {#text} at (2,0) size 59x13
          text run at (2,0) width 59: "    Item 2.2"
      RenderBlock {OPTION} at (0,42) size 187x14 [bgcolor=#D4D4D4]
        RenderText {#text} at (2,0) size 59x13
          text run at (2,0) width 59: "    Item 2.3"
    RenderBlock {OPTGROUP} at (1,127) size 187x56
      RenderBlock {DIV} at (0,0) size 187x14
        RenderText {#text} at (2,0) size 46x13
          text run at (2,0) width 46: "Group 3"
      RenderBlock {OPTION} at (0,14) size 187x14 [bgcolor=#D4D4D4]
        RenderText {#text} at (2,0) size 59x13
          text run at (2,0) width 59: "    Item 3.1"
      RenderBlock {OPTION} at (0,28) size 187x14
        RenderText {#text} at (2,0) size 59x13
          text run at (2,0) width 59: "    Item 3.2"
      RenderBlock {OPTION} at (0,42) size 187x14 [bgcolor=#D4D4D4]
        RenderText {#text} at (2,0) size 59x13
          text run at (2,0) width 59: "    Item 3.3"
    RenderBlock {OPTGROUP} at (1,183) size 187x56
      RenderBlock {DIV} at (0,0) size 187x14
        RenderText {#text} at (2,0) size 46x13
          text run at (2,0) width 46: "Group 4"
      RenderBlock {OPTION} at (0,14) size 187x14
        RenderText {#text} at (2,0) size 59x13
          text run at (2,0) width 59: "    Item 4.1"
      RenderBlock {OPTION} at (0,28) size 187x14 [bgcolor=#D4D4D4]
        RenderText {#text} at (2,0) size 59x13
          text run at (2,0) width 59: "    Item 4.2"
      RenderBlock {OPTION} at (0,42) size 187x14
        RenderText {#text} at (2,0) size 59x13
          text run at (2,0) width 59: "    Item 4.3"
    RenderBlock {OPTGROUP} at (1,239) size 187x56
      RenderBlock {DIV} at (0,0) size 187x14
        RenderText {#text} at (2,0) size 46x13
          text run at (2,0) width 46: "Group 5"
      RenderBlock {OPTION} at (0,14) size 187x14 [bgcolor=#D4D4D4]
        RenderText {#text} at (2,0) size 59x13
          text run at (2,0) width 59: "    Item 5.1"
      RenderBlock {OPTION} at (0,28) size 187x14
        RenderText {#text} at (2,0) size 59x13
          text run at (2,0) width 59: "    Item 5.2"
      RenderBlock {OPTION} at (0,42) size 187x14
        RenderText {#text} at (2,0) size 59x13
          text run at (2,0) width 59: "    Item 5.3"
    RenderBlock {OPTION} at (1,295) size 187x14 [bgcolor=#D4D4D4]
      RenderText {#text} at (2,0) size 45x13
        text run at (2,0) width 45: "Item 0.2"
layer at (12,373) size 200x25 clip at (13,374) size 187x23 scrollHeight 17276
  RenderListBox {SELECT} at (4,365) size 200x25 [bgcolor=#FFFFFF] [border: (1px solid #999999)]
    RenderBlock {OPTION} at (1,1) size 187x14 [bgcolor=#D4D4D4]
      RenderText {#text} at (2,0) size 35x13
        text run at (2,0) width 35: "Item 1"
    RenderBlock {OPTION} at (1,15) size 187x14 [bgcolor=#D4D4D4]
      RenderText {#text} at (2,0) size 35x13
        text run at (2,0) width 35: "Item 2"
    RenderBlock {OPTION} at (1,29) size 187x14 [bgcolor=#D4D4D4]
      RenderText {#text} at (2,0) size 35x13
        text run at (2,0) width 35: "Item 3"
    RenderBlock {OPTION} at (1,43) size 187x14 [bgcolor=#D4D4D4]
      RenderText {#text} at (2,0) size 35x13
        text run at (2,0) width 35: "Item 4"
    RenderBlock {OPTION} at (1,57) size 187x14 [bgcolor=#D4D4D4]
      RenderText {#text} at (2,0) size 35x13
        text run at (2,0) width 35: "Item 5"
    RenderBlock {OPTION} at (1,71) size 187x14 [bgcolor=#D4D4D4]
      RenderText {#text} at (2,0) size 35x13
        text run at (2,0) width 35: "Item 6"
    RenderBlock {OPTION} at (1,85) size 187x14 [bgcolor=#D4D4D4]
      RenderText {#text} at (2,0) size 35x13
        text run at (2,0) width 35: "Item 7"
    RenderBlock {OPTION} at (1,99) size 187x14 [bgcolor=#D4D4D4]
      RenderText {#text} at (2,0) size 35x13
        text run at (2,0) width 35: "Item 8"
    RenderBlock {OPTION} at (1,113) size 187x14 [bgcolor=#D4D4D4]
      RenderText {#text} at (2,0) size 35x13
        text run at (2,0) width 35: "Item 9"
    RenderBlock {OPTION} at (1,127) size 187x14 [bgcolor=#D4D4D4]
      RenderText {#text} at (2,0) size 42x13
        text run at (2,0) width 42: "Item 10"
    RenderBlock {OPTION} at (1,141) size 187x14 [bgcolor=#D4D4D4]
      RenderText {#text} at (2,0) size 42x13
        text run at (2,0) width 42: "Item 11"
    RenderBlock {OPTION} at (1,155) size 187x14 [bgcolor=#D4D4D4]
      RenderText {#text} at (2,0) size 42x13
        text run at (2,0) width 42: "Item 12"
    RenderBlock {OPTION} at (1,169) size 187x14 [bgcolor=#D4D4D4]
      RenderText {#text} at (2,0) size 42x13
        text run at (2,0) width 42: "Item 13"
    RenderBlock {OPTION} at (1,183) size 187x14 [bgcolor=#D4D4D4]
      RenderText {#text} at (2,0) size 42x13
        text run at (2,0) width 42: "Item 14"
    RenderBlock {OPTION} at (1,197) size 187x14 [bgcolor=#D4D4D4]
      RenderText {#text} at (2,0) size 42x13
        text run at (2,0) width 42: "Item 15"
    RenderBlock {OPTION} at (1,211) size 187x14 [bgcolor=#D4D4D4]
      RenderText {#text} at (2,0) size 42x13
        text run at (2,0) width 42: "Item 16"
    RenderBlock {OPTION} at (1,225) size 187x14 [bgcolor=#D4D4D4]
      RenderText {#text} at (2,0) size 42x13
        text run at (2,0) width 42: "Item 17"
    RenderBlock {OPTION} at (1,239) size 187x14 [bgcolor=#D4D4D4]
      RenderText {#text} at (2,0) size 42x13
        text run at (2,0) width 42: "Item 18"
    RenderBlock {OPTION} at (1,253) size 187x14 [bgcolor=#D4D4D4]
      RenderText {#text} at (2,0) size 42x13
        text run at (2,0) width 42: "Item 19"
    RenderBlock {OPTION} at (1,267) size 187x14 [bgcolor=#D4D4D4]
      RenderText {#text} at (2,0) size 42x13
        text run at (2,0) width 42: "Item 20"
    RenderBlock {OPTION} at (1,281) size 187x14 [bgcolor=#D4D4D4]
      RenderText {#text} at (2,0) size 42x13
        text run at (2,0) width 42: "Item 21"
    RenderBlock {OPTION} at (1,295) size 187x14 [bgcolor=#D4D4D4]
      RenderText {#text} at (2,0) size 42x13
        text run at (2,0) width 42: "Item 22"
    RenderBlock {OPTION} at (1,309) size 187x14 [bgcolor=#D4D4D4]
      RenderText {#text} at (2,0) size 42x13
        text run at (2,0) width 42: "Item 23"
    RenderBlock {OPTION} at (1,323) size 187x14 [bgcolor=#D4D4D4]
      RenderText {#text} at (2,0) size 42x13
        text run at (2,0) width 42: "Item 24"
    RenderBlock {OPTION} at (1,337) size 187x14 [bgcolor=#D4D4D4]
      RenderText {#text} at (2,0) size 42x13
        text run at (2,0) width 42: "Item 25"
    RenderBlock {OPTION} at (1,351) size 187x14 [bgcolor=#D4D4D4]
      RenderText {#text} at (2,0) size 42x13
        text run at (2,0) width 42: "Item 26"
    RenderBlock {OPTION} at (1,365) size 187x14 [bgcolor=#D4D4D4]
      RenderText {#text} at (2,0) size 42x13
        text run at (2,0) width 42: "Item 27"
    RenderBlock {OPTION} at (1,379) size 187x14 [bgcolor=#D4D4D4]
      RenderText {#text} at (2,0) size 42x13
        text run at (2,0) width 42: "Item 28"
    RenderBlock {OPTION} at (1,393) size 187x14 [bgcolor=#D4D4D4]
      RenderText {#text} at (2,0) size 42x13
        text run at (2,0) width 42: "Item 29"
    RenderBlock {OPTION} at (1,407) size 187x14 [bgcolor=#D4D4D4]
      RenderText {#text} at (2,0) size 42x13
        text run at (2,0) width 42: "Item 30"
    RenderBlock {OPTION} at (1,421) size 187x14 [bgcolor=#D4D4D4]
      RenderText {#text} at (2,0) size 42x13
        text run at (2,0) width 42: "Item 31"
    RenderBlock {OPTION} at (1,435) size 187x14 [bgcolor=#D4D4D4]
      RenderText {#text} at (2,0) size 42x13
        text run at (2,0) width 42: "Item 32"
    RenderBlock {OPTION} at (1,449) size 187x14 [bgcolor=#D4D4D4]
      RenderText {#text} at (2,0) size 42x13
        text run at (2,0) width 42: "Item 33"
    RenderBlock {OPTION} at (1,463) size 187x14 [bgcolor=#D4D4D4]
      RenderText {#text} at (2,0) size 42x13
        text run at (2,0) width 42: "Item 34"
    RenderBlock {OPTION} at (1,477) size 187x14 [bgcolor=#D4D4D4]
      RenderText {#text} at (2,0) size 42x13
        text run at (2,0) width 42: "Item 35"
    RenderBlock {OPTION} at (1,491) size 187x14 [bgcolor=#D4D4D4]
      RenderText {#text} at (2,0) size 42x13
        text run at (2,0) width 42: "Item 36"
    RenderBlock {OPTION} at (1,505) size 187x14 [bgcolor=#D4D4D4]
      RenderText {#text} at (2,0) size 42x13
        text run at (2,0) width 42: "Item 37"
    RenderBlock {OPTION} at (1,519) size 187x14 [bgcolor=#D4D4D4]
      RenderText {#text} at (2,0) size 42x13
        text run at (2,0) width 42: "Item 38"
    RenderBlock {OPTION} at (1,533) size 187x14 [bgcolor=#D4D4D4]
      RenderText {#text} at (2,0) size 42x13
        text run at (2,0) width 42: "Item 39"
    RenderBlock {OPTION} at (1,547) size 187x14 [bgcolor=#D4D4D4]
      RenderText {#text} at (2,0) size 42x13
        text run at (2,0) width 42: "Item 40"
    RenderBlock {OPTION} at (1,561) size 187x14 [bgcolor=#D4D4D4]
      RenderText {#text} at (2,0) size 42x13
        text run at (2,0) width 42: "Item 41"
    RenderBlock {OPTION} at (1,575) size 187x14 [bgcolor=#D4D4D4]
      RenderText {#text} at (2,0) size 42x13
        text run at (2,0) width 42: "Item 42"
    RenderBlock {OPTION} at (1,589) size 187x14 [bgcolor=#D4D4D4]
      RenderText {#text} at (2,0) size 42x13
        text run at (2,0) width 42: "Item 43"
    RenderBlock {OPTION} at (1,603) size 187x14 [bgcolor=#D4D4D4]
      RenderText {#text} at (2,0) size 42x13
        text run at (2,0) width 42: "Item 44"
    RenderBlock {OPTION} at (1,617) size 187x14 [bgcolor=#D4D4D4]
      RenderText {#text} at (2,0) size 42x13
        text run at (2,0) width 42: "Item 45"
    RenderBlock {OPTION} at (1,631) size 187x14 [bgcolor=#D4D4D4]
      RenderText {#text} at (2,0) size 42x13
        text run at (2,0) width 42: "Item 46"
    RenderBlock {OPTION} at (1,645) size 187x14 [bgcolor=#D4D4D4]
      RenderText {#text} at (2,0) size 42x13
        text run at (2,0) width 42: "Item 47"
    RenderBlock {OPTION} at (1,659) size 187x14 [bgcolor=#D4D4D4]
      RenderText {#text} at (2,0) size 42x13
        text run at (2,0) width 42: "Item 48"
    RenderBlock {OPTION} at (1,673) size 187x14 [bgcolor=#D4D4D4]
      RenderText {#text} at (2,0) size 42x13
        text run at (2,0) width 42: "Item 49"
    RenderBlock {OPTION} at (1,687) size 187x14 [bgcolor=#D4D4D4]
      RenderText {#text} at (2,0) size 42x13
        text run at (2,0) width 42: "Item 50"
    RenderBlock {OPTION} at (1,701) size 187x14 [bgcolor=#D4D4D4]
      RenderText {#text} at (2,0) size 42x13
        text run at (2,0) width 42: "Item 51"
    RenderBlock {OPTION} at (1,715) size 187x14 [bgcolor=#D4D4D4]
      RenderText {#text} at (2,0) size 42x13
        text run at (2,0) width 42: "Item 52"
    RenderBlock {OPTION} at (1,729) size 187x14 [bgcolor=#D4D4D4]
      RenderText {#text} at (2,0) size 42x13
        text run at (2,0) width 42: "Item 53"
    RenderBlock {OPTION} at (1,743) size 187x14 [bgcolor=#D4D4D4]
      RenderText {#text} at (2,0) size 42x13
        text run at (2,0) width 42: "Item 54"
    RenderBlock {OPTION} at (1,757) size 187x14 [bgcolor=#D4D4D4]
      RenderText {#text} at (2,0) size 42x13
        text run at (2,0) width 42: "Item 55"
    RenderBlock {OPTION} at (1,771) size 187x14 [bgcolor=#D4D4D4]
      RenderText {#text} at (2,0) size 42x13
        text run at (2,0) width 42: "Item 56"
    RenderBlock {OPTION} at (1,785) size 187x14 [bgcolor=#D4D4D4]
      RenderText {#text} at (2,0) size 42x13
        text run at (2,0) width 42: "Item 57"
    RenderBlock {OPTION} at (1,799) size 187x14 [bgcolor=#D4D4D4]
      RenderText {#text} at (2,0) size 42x13
        text run at (2,0) width 42: "Item 58"
    RenderBlock {OPTION} at (1,813) size 187x14 [bgcolor=#D4D4D4]
      RenderText {#text} at (2,0) size 42x13
        text run at (2,0) width 42: "Item 59"
    RenderBlock {OPTION} at (1,827) size 187x14 [bgcolor=#D4D4D4]
      RenderText {#text} at (2,0) size 42x13
        text run at (2,0) width 42: "Item 60"
    RenderBlock {OPTION} at (1,841) size 187x14 [bgcolor=#D4D4D4]
      RenderText {#text} at (2,0) size 42x13
        text run at (2,0) width 42: "Item 61"
    RenderBlock {OPTION} at (1,855) size 187x14 [bgcolor=#D4D4D4]
      RenderText {#text} at (2,0) size 42x13
        text run at (2,0) width 42: "Item 62"
    RenderBlock {OPTION} at (1,869) size 187x14 [bgcolor=#D4D4D4]
      RenderText {#text} at (2,0) size 42x13
        text run at (2,0) width 42: "Item 63"
    RenderBlock {OPTION} at (1,883) size 187x14 [bgcolor=#D4D4D4]
      RenderText {#text} at (2,0) size 42x13
        text run at (2,0) width 42: "Item 64"
    RenderBlock {OPTION} at (1,897) size 187x14 [bgcolor=#D4D4D4]
      RenderText {#text} at (2,0) size 42x13
        text run at (2,0) width 42: "Item 65"
    RenderBlock {OPTION} at (1,911) size 187x14 [bgcolor=#D4D4D4]
      RenderText {#text} at (2,0) size 42x13
        text run at (2,0) width 42: "Item 66"
    RenderBlock {OPTION} at (1,925) size 187x14 [bgcolor=#D4D4D4]
      RenderText {#text} at (2,0) size 42x13
        text run at (2,0) width 42: "Item 67"
    RenderBlock {OPTION} at (1,939) size 187x14 [bgcolor=#D4D4D4]
      RenderText {#text} at (2,0) size 42x13
        text run at (2,0) width 42: "Item 68"
    RenderBlock {OPTION} at (1,953) size 187x14 [bgcolor=#D4D4D4]
      RenderText {#text} at (2,0) size 42x13
        text run at (2,0) width 42: "Item 69"
    RenderBlock {OPTION} at (1,967) size 187x14 [bgcolor=#D4D4D4]
      RenderText {#text} at (2,0) size 42x13
        text run at (2,0) width 42: "Item 70"
    RenderBlock {OPTION} at (1,981) size 187x14 [bgcolor=#D4D4D4]
      RenderText {#text} at (2,0) size 42x13
        text run at (2,0) width 42: "Item 71"
    RenderBlock {OPTION} at (1,995) size 187x14 [bgcolor=#D4D4D4]
      RenderText {#text} at (2,0) size 42x13
        text run at (2,0) width 42: "Item 72"
    RenderBlock {OPTION} at (1,1009) size 187x14 [bgcolor=#D4D4D4]
      RenderText {#text} at (2,0) size 42x13
        text run at (2,0) width 42: "Item 73"
    RenderBlock {OPTION} at (1,1023) size 187x14 [bgcolor=#D4D4D4]
      RenderText {#text} at (2,0) size 42x13
        text run at (2,0) width 42: "Item 74"
    RenderBlock {OPTION} at (1,1037) size 187x14 [bgcolor=#D4D4D4]
      RenderText {#text} at (2,0) size 42x13
        text run at (2,0) width 42: "Item 75"
    RenderBlock {OPTION} at (1,1051) size 187x14 [bgcolor=#D4D4D4]
      RenderText {#text} at (2,0) size 42x13
        text run at (2,0) width 42: "Item 76"
    RenderBlock {OPTION} at (1,1065) size 187x14 [bgcolor=#D4D4D4]
      RenderText {#text} at (2,0) size 42x13
        text run at (2,0) width 42: "Item 77"
    RenderBlock {OPTION} at (1,1079) size 187x14 [bgcolor=#D4D4D4]
      RenderText {#text} at (2,0) size 42x13
        text run at (2,0) width 42: "Item 78"
    RenderBlock {OPTION} at (1,1093) size 187x14 [bgcolor=#D4D4D4]
      RenderText {#text} at (2,0) size 42x13
        text run at (2,0) width 42: "Item 79"
    RenderBlock {OPTION} at (1,1107) size 187x14 [bgcolor=#D4D4D4]
      RenderText {#text} at (2,0) size 42x13
        text run at (2,0) width 42: "Item 80"
    RenderBlock {OPTION} at (1,1121) size 187x14 [bgcolor=#D4D4D4]
      RenderText {#text} at (2,0) size 42x13
        text run at (2,0) width 42: "Item 81"
    RenderBlock {OPTION} at (1,1135) size 187x14 [bgcolor=#D4D4D4]
      RenderText {#text} at (2,0) size 42x13
        text run at (2,0) width 42: "Item 82"
    RenderBlock {OPTION} at (1,1149) size 187x14 [bgcolor=#D4D4D4]
      RenderText {#text} at (2,0) size 42x13
        text run at (2,0) width 42: "Item 83"
    RenderBlock {OPTION} at (1,1163) size 187x14 [bgcolor=#D4D4D4]
      RenderText {#text} at (2,0) size 42x13
        text run at (2,0) width 42: "Item 84"
    RenderBlock {OPTION} at (1,1177) size 187x14 [bgcolor=#D4D4D4]
      RenderText {#text} at (2,0) size 42x13
        text run at (2,0) width 42: "Item 85"
    RenderBlock {OPTION} at (1,1191) size 187x14 [bgcolor=#D4D4D4]
      RenderText {#text} at (2,0) size 42x13
        text run at (2,0) width 42: "Item 86"
    RenderBlock {OPTION} at (1,1205) size 187x14 [bgcolor=#D4D4D4]
      RenderText {#text} at (2,0) size 42x13
        text run at (2,0) width 42: "Item 87"
    RenderBlock {OPTION} at (1,1219) size 187x14 [bgcolor=#D4D4D4]
      RenderText {#text} at (2,0) size 42x13
        text run at (2,0) width 42: "Item 88"
    RenderBlock {OPTION} at (1,1233) size 187x14 [bgcolor=#D4D4D4]
      RenderText {#text} at (2,0) size 42x13
        text run at (2,0) width 42: "Item 89"
    RenderBlock {OPTION} at (1,1247) size 187x14 [bgcolor=#D4D4D4]
      RenderText {#text} at (2,0) size 42x13
        text run at (2,0) width 42: "Item 90"
    RenderBlock {OPTION} at (1,1261) size 187x14 [bgcolor=#D4D4D4]
      RenderText {#text} at (2,0) size 42x13
        text run at (2,0) width 42: "Item 91"
    RenderBlock {OPTION} at (1,1275) size 187x14 [bgcolor=#D4D4D4]
      RenderText {#text} at (2,0) size 42x13
        text run at (2,0) width 42: "Item 92"
    RenderBlock {OPTION} at (1,1289) size 187x14 [bgcolor=#D4D4D4]
      RenderText {#text} at (2,0) size 42x13
        text run at (2,0) width 42: "Item 93"
    RenderBlock {OPTION} at (1,1303) size 187x14 [bgcolor=#D4D4D4]
      RenderText {#text} at (2,0) size 42x13
        text run at (2,0) width 42: "Item 94"
    RenderBlock {OPTION} at (1,1317) size 187x14 [bgcolor=#D4D4D4]
      RenderText {#text} at (2,0) size 42x13
        text run at (2,0) width 42: "Item 95"
    RenderBlock {OPTION} at (1,1331) size 187x14 [bgcolor=#D4D4D4]
      RenderText {#text} at (2,0) size 42x13
        text run at (2,0) width 42: "Item 96"
    RenderBlock {OPTION} at (1,1345) size 187x14 [bgcolor=#D4D4D4]
      RenderText {#text} at (2,0) size 42x13
        text run at (2,0) width 42: "Item 97"
    RenderBlock {OPTION} at (1,1359) size 187x14 [bgcolor=#D4D4D4]
      RenderText {#text} at (2,0) size 42x13
        text run at (2,0) width 42: "Item 98"
    RenderBlock {OPTION} at (1,1373) size 187x14 [bgcolor=#D4D4D4]
      RenderText {#text} at (2,0) size 42x13
        text run at (2,0) width 42: "Item 99"
    RenderBlock {OPTION} at (1,1387) size 187x14 [bgcolor=#D4D4D4]
      RenderText {#text} at (2,0) size 49x13
        text run at (2,0) width 49: "Item 100"
    RenderBlock {OPTION} at (1,1401) size 187x14 [bgcolor=#D4D4D4]
      RenderText {#text} at (2,0) size 49x13
        text run at (2,0) width 49: "Item 101"
    RenderBlock {OPTION} at (1,1415) size 187x14 [bgcolor=#D4D4D4]
      RenderText {#text} at (2,0) size 49x13
        text run at (2,0) width 49: "Item 102"
    RenderBlock {OPTION} at (1,1429) size 187x14 [bgcolor=#D4D4D4]
      RenderText {#text} at (2,0) size 49x13
        text run at (2,0) width 49: "Item 103"
    RenderBlock {OPTION} at (1,1443) size 187x14 [bgcolor=#D4D4D4]
      RenderText {#text} at (2,0) size 49x13
        text run at (2,0) width 49: "Item 104"
    RenderBlock {OPTION} at (1,1457) size 187x14 [bgcolor=#D4D4D4]
      RenderText {#text} at (2,0) size 49x13
        text run at (2,0) width 49: "Item 105"
    RenderBlock {OPTION} at (1,1471) size 187x14 [bgcolor=#D4D4D4]
      RenderText {#text} at (2,0) size 49x13
        text run at (2,0) width 49: "Item 106"
    RenderBlock {OPTION} at (1,1485) size 187x14 [bgcolor=#D4D4D4]
      RenderText {#text} at (2,0) size 49x13
        text run at (2,0) width 49: "Item 107"
    RenderBlock {OPTION} at (1,1499) size 187x14 [bgcolor=#D4D4D4]
      RenderText {#text} at (2,0) size 49x13
        text run at (2,0) width 49: "Item 108"
    RenderBlock {OPTION} at (1,1513) size 187x14 [bgcolor=#D4D4D4]
      RenderText {#text} at (2,0) size 49x13
        text run at (2,0) width 49: "Item 109"
    RenderBlock {OPTION} at (1,1527) size 187x14 [bgcolor=#D4D4D4]
      RenderText {#text} at (2,0) size 49x13
        text run at (2,0) width 49: "Item 110"
    RenderBlock {OPTION} at (1,1541) size 187x14 [bgcolor=#D4D4D4]
      RenderText {#text} at (2,0) size 49x13
        text run at (2,0) width 49: "Item 111"
    RenderBlock {OPTION} at (1,1555) size 187x14 [bgcolor=#D4D4D4]
      RenderText {#text} at (2,0) size 49x13
        text run at (2,0) width 49: "Item 112"
    RenderBlock {OPTION} at (1,1569) size 187x14 [bgcolor=#D4D4D4]
      RenderText {#text} at (2,0) size 49x13
        text run at (2,0) width 49: "Item 113"
    RenderBlock {OPTION} at (1,1583) size 187x14 [bgcolor=#D4D4D4]
      RenderText {#text} at (2,0) size 49x13
        text run at (2,0) width 49: "Item 114"
    RenderBlock {OPTION} at (1,1597) size 187x14 [bgcolor=#D4D4D4]
      RenderText {#text} at (2,0) size 49x13
        text run at (2,0) width 49: "Item 115"
    RenderBlock {OPTION} at (1,1611) size 187x14 [bgcolor=#D4D4D4]
      RenderText {#text} at (2,0) size 49x13
        text run at (2,0) width 49: "Item 116"
    RenderBlock {OPTION} at (1,1625) size 187x14 [bgcolor=#D4D4D4]
      RenderText {#text} at (2,0) size 49x13
        text run at (2,0) width 49: "Item 117"
    RenderBlock {OPTION} at (1,1639) size 187x14 [bgcolor=#D4D4D4]
      RenderText {#text} at (2,0) size 49x13
        text run at (2,0) width 49: "Item 118"
    RenderBlock {OPTION} at (1,1653) size 187x14 [bgcolor=#D4D4D4]
      RenderText {#text} at (2,0) size 49x13
        text run at (2,0) width 49: "Item 119"
    RenderBlock {OPTION} at (1,1667) size 187x14 [bgcolor=#D4D4D4]
      RenderText {#text} at (2,0) size 49x13
        text run at (2,0) width 49: "Item 120"
    RenderBlock {OPTION} at (1,1681) size 187x14 [bgcolor=#D4D4D4]
      RenderText {#text} at (2,0) size 49x13
        text run at (2,0) width 49: "Item 121"
    RenderBlock {OPTION} at (1,1695) size 187x14 [bgcolor=#D4D4D4]
      RenderText {#text} at (2,0) size 49x13
        text run at (2,0) width 49: "Item 122"
    RenderBlock {OPTION} at (1,1709) size 187x14 [bgcolor=#D4D4D4]
      RenderText {#text} at (2,0) size 49x13
        text run at (2,0) width 49: "Item 123"
    RenderBlock {OPTION} at (1,1723) size 187x14 [bgcolor=#D4D4D4]
      RenderText {#text} at (2,0) size 49x13
        text run at (2,0) width 49: "Item 124"
    RenderBlock {OPTION} at (1,1737) size 187x14 [bgcolor=#D4D4D4]
      RenderText {#text} at (2,0) size 49x13
        text run at (2,0) width 49: "Item 125"
    RenderBlock {OPTION} at (1,1751) size 187x14 [bgcolor=#D4D4D4]
      RenderText {#text} at (2,0) size 49x13
        text run at (2,0) width 49: "Item 126"
    RenderBlock {OPTION} at (1,1765) size 187x14 [bgcolor=#D4D4D4]
      RenderText {#text} at (2,0) size 49x13
        text run at (2,0) width 49: "Item 127"
    RenderBlock {OPTION} at (1,1779) size 187x14 [bgcolor=#D4D4D4]
      RenderText {#text} at (2,0) size 49x13
        text run at (2,0) width 49: "Item 128"
    RenderBlock {OPTION} at (1,1793) size 187x14 [bgcolor=#D4D4D4]
      RenderText {#text} at (2,0) size 49x13
        text run at (2,0) width 49: "Item 129"
    RenderBlock {OPTION} at (1,1807) size 187x14 [bgcolor=#D4D4D4]
      RenderText {#text} at (2,0) size 49x13
        text run at (2,0) width 49: "Item 130"
    RenderBlock {OPTION} at (1,1821) size 187x14 [bgcolor=#D4D4D4]
      RenderText {#text} at (2,0) size 49x13
        text run at (2,0) width 49: "Item 131"
    RenderBlock {OPTION} at (1,1835) size 187x14 [bgcolor=#D4D4D4]
      RenderText {#text} at (2,0) size 49x13
        text run at (2,0) width 49: "Item 132"
    RenderBlock {OPTION} at (1,1849) size 187x14 [bgcolor=#D4D4D4]
      RenderText {#text} at (2,0) size 49x13
        text run at (2,0) width 49: "Item 133"
    RenderBlock {OPTION} at (1,1863) size 187x14 [bgcolor=#D4D4D4]
      RenderText {#text} at (2,0) size 49x13
        text run at (2,0) width 49: "Item 134"
    RenderBlock {OPTION} at (1,1877) size 187x14 [bgcolor=#D4D4D4]
      RenderText {#text} at (2,0) size 49x13
        text run at (2,0) width 49: "Item 135"
    RenderBlock {OPTION} at (1,1891) size 187x14 [bgcolor=#D4D4D4]
      RenderText {#text} at (2,0) size 49x13
        text run at (2,0) width 49: "Item 136"
    RenderBlock {OPTION} at (1,1905) size 187x14 [bgcolor=#D4D4D4]
      RenderText {#text} at (2,0) size 49x13
        text run at (2,0) width 49: "Item 137"
    RenderBlock {OPTION} at (1,1919) size 187x14 [bgcolor=#D4D4D4]
      RenderText {#text} at (2,0) size 49x13
        text run at (2,0) width 49: "Item 138"
    RenderBlock {OPTION} at (1,1933) size 187x14 [bgcolor=#D4D4D4]
      RenderText {#text} at (2,0) size 49x13
        text run at (2,0) width 49: "Item 139"
    RenderBlock {OPTION} at (1,1947) size 187x14 [bgcolor=#D4D4D4]
      RenderText {#text} at (2,0) size 49x13
        text run at (2,0) width 49: "Item 140"
    RenderBlock {OPTION} at (1,1961) size 187x14 [bgcolor=#D4D4D4]
      RenderText {#text} at (2,0) size 49x13
        text run at (2,0) width 49: "Item 141"
    RenderBlock {OPTION} at (1,1975) size 187x14 [bgcolor=#D4D4D4]
      RenderText {#text} at (2,0) size 49x13
        text run at (2,0) width 49: "Item 142"
    RenderBlock {OPTION} at (1,1989) size 187x14 [bgcolor=#D4D4D4]
      RenderText {#text} at (2,0) size 49x13
        text run at (2,0) width 49: "Item 143"
    RenderBlock {OPTION} at (1,2003) size 187x14 [bgcolor=#D4D4D4]
      RenderText {#text} at (2,0) size 49x13
        text run at (2,0) width 49: "Item 144"
    RenderBlock {OPTION} at (1,2017) size 187x14 [bgcolor=#D4D4D4]
      RenderText {#text} at (2,0) size 49x13
        text run at (2,0) width 49: "Item 145"
    RenderBlock {OPTION} at (1,2031) size 187x14 [bgcolor=#D4D4D4]
      RenderText {#text} at (2,0) size 49x13
        text run at (2,0) width 49: "Item 146"
    RenderBlock {OPTION} at (1,2045) size 187x14 [bgcolor=#D4D4D4]
      RenderText {#text} at (2,0) size 49x13
        text run at (2,0) width 49: "Item 147"
    RenderBlock {OPTION} at (1,2059) size 187x14 [bgcolor=#D4D4D4]
      RenderText {#text} at (2,0) size 49x13
        text run at (2,0) width 49: "Item 148"
    RenderBlock {OPTION} at (1,2073) size 187x14 [bgcolor=#D4D4D4]
      RenderText {#text} at (2,0) size 49x13
        text run at (2,0) width 49: "Item 149"
    RenderBlock {OPTION} at (1,2087) size 187x14 [bgcolor=#D4D4D4]
      RenderText {#text} at (2,0) size 49x13
        text run at (2,0) width 49: "Item 150"
    RenderBlock {OPTION} at (1,2101) size 187x14 [bgcolor=#D4D4D4]
      RenderText {#text} at (2,0) size 49x13
        text run at (2,0) width 49: "Item 151"
    RenderBlock {OPTION} at (1,2115) size 187x14 [bgcolor=#D4D4D4]
      RenderText {#text} at (2,0) size 49x13
        text run at (2,0) width 49: "Item 152"
    RenderBlock {OPTION} at (1,2129) size 187x14 [bgcolor=#D4D4D4]
      RenderText {#text} at (2,0) size 49x13
        text run at (2,0) width 49: "Item 153"
    RenderBlock {OPTION} at (1,2143) size 187x14 [bgcolor=#D4D4D4]
      RenderText {#text} at (2,0) size 49x13
        text run at (2,0) width 49: "Item 154"
    RenderBlock {OPTION} at (1,2157) size 187x14 [bgcolor=#D4D4D4]
      RenderText {#text} at (2,0) size 49x13
        text run at (2,0) width 49: "Item 155"
    RenderBlock {OPTION} at (1,2171) size 187x14 [bgcolor=#D4D4D4]
      RenderText {#text} at (2,0) size 49x13
        text run at (2,0) width 49: "Item 156"
    RenderBlock {OPTION} at (1,2185) size 187x14 [bgcolor=#D4D4D4]
      RenderText {#text} at (2,0) size 49x13
        text run at (2,0) width 49: "Item 157"
    RenderBlock {OPTION} at (1,2199) size 187x14 [bgcolor=#D4D4D4]
      RenderText {#text} at (2,0) size 49x13
        text run at (2,0) width 49: "Item 158"
    RenderBlock {OPTION} at (1,2213) size 187x14 [bgcolor=#D4D4D4]
      RenderText {#text} at (2,0) size 49x13
        text run at (2,0) width 49: "Item 159"
    RenderBlock {OPTION} at (1,2227) size 187x14 [bgcolor=#D4D4D4]
      RenderText {#text} at (2,0) size 49x13
        text run at (2,0) width 49: "Item 160"
    RenderBlock {OPTION} at (1,2241) size 187x14 [bgcolor=#D4D4D4]
      RenderText {#text} at (2,0) size 49x13
        text run at (2,0) width 49: "Item 161"
    RenderBlock {OPTION} at (1,2255) size 187x14 [bgcolor=#D4D4D4]
      RenderText {#text} at (2,0) size 49x13
        text run at (2,0) width 49: "Item 162"
    RenderBlock {OPTION} at (1,2269) size 187x14 [bgcolor=#D4D4D4]
      RenderText {#text} at (2,0) size 49x13
        text run at (2,0) width 49: "Item 163"
    RenderBlock {OPTION} at (1,2283) size 187x14 [bgcolor=#D4D4D4]
      RenderText {#text} at (2,0) size 49x13
        text run at (2,0) width 49: "Item 164"
    RenderBlock {OPTION} at (1,2297) size 187x14 [bgcolor=#D4D4D4]
      RenderText {#text} at (2,0) size 49x13
        text run at (2,0) width 49: "Item 165"
    RenderBlock {OPTION} at (1,2311) size 187x14 [bgcolor=#D4D4D4]
      RenderText {#text} at (2,0) size 49x13
        text run at (2,0) width 49: "Item 166"
    RenderBlock {OPTION} at (1,2325) size 187x14 [bgcolor=#D4D4D4]
      RenderText {#text} at (2,0) size 49x13
        text run at (2,0) width 49: "Item 167"
    RenderBlock {OPTION} at (1,2339) size 187x14 [bgcolor=#D4D4D4]
      RenderText {#text} at (2,0) size 49x13
        text run at (2,0) width 49: "Item 168"
    RenderBlock {OPTION} at (1,2353) size 187x14 [bgcolor=#D4D4D4]
      RenderText {#text} at (2,0) size 49x13
        text run at (2,0) width 49: "Item 169"
    RenderBlock {OPTION} at (1,2367) size 187x14 [bgcolor=#D4D4D4]
      RenderText {#text} at (2,0) size 49x13
        text run at (2,0) width 49: "Item 170"
    RenderBlock {OPTION} at (1,2381) size 187x14 [bgcolor=#D4D4D4]
      RenderText {#text} at (2,0) size 49x13
        text run at (2,0) width 49: "Item 171"
    RenderBlock {OPTION} at (1,2395) size 187x14 [bgcolor=#D4D4D4]
      RenderText {#text} at (2,0) size 49x13
        text run at (2,0) width 49: "Item 172"
    RenderBlock {OPTION} at (1,2409) size 187x14 [bgcolor=#D4D4D4]
      RenderText {#text} at (2,0) size 49x13
        text run at (2,0) width 49: "Item 173"
    RenderBlock {OPTION} at (1,2423) size 187x14 [bgcolor=#D4D4D4]
      RenderText {#text} at (2,0) size 49x13
        text run at (2,0) width 49: "Item 174"
    RenderBlock {OPTION} at (1,2437) size 187x14 [bgcolor=#D4D4D4]
      RenderText {#text} at (2,0) size 49x13
        text run at (2,0) width 49: "Item 175"
    RenderBlock {OPTION} at (1,2451) size 187x14 [bgcolor=#D4D4D4]
      RenderText {#text} at (2,0) size 49x13
        text run at (2,0) width 49: "Item 176"
    RenderBlock {OPTION} at (1,2465) size 187x14 [bgcolor=#D4D4D4]
      RenderText {#text} at (2,0) size 49x13
        text run at (2,0) width 49: "Item 177"
    RenderBlock {OPTION} at (1,2479) size 187x14 [bgcolor=#D4D4D4]
      RenderText {#text} at (2,0) size 49x13
        text run at (2,0) width 49: "Item 178"
    RenderBlock {OPTION} at (1,2493) size 187x14 [bgcolor=#D4D4D4]
      RenderText {#text} at (2,0) size 49x13
        text run at (2,0) width 49: "Item 179"
    RenderBlock {OPTION} at (1,2507) size 187x14 [bgcolor=#D4D4D4]
      RenderText {#text} at (2,0) size 49x13
        text run at (2,0) width 49: "Item 180"
    RenderBlock {OPTION} at (1,2521) size 187x14 [bgcolor=#D4D4D4]
      RenderText {#text} at (2,0) size 49x13
        text run at (2,0) width 49: "Item 181"
    RenderBlock {OPTION} at (1,2535) size 187x14 [bgcolor=#D4D4D4]
      RenderText {#text} at (2,0) size 49x13
        text run at (2,0) width 49: "Item 182"
    RenderBlock {OPTION} at (1,2549) size 187x14 [bgcolor=#D4D4D4]
      RenderText {#text} at (2,0) size 49x13
        text run at (2,0) width 49: "Item 183"
    RenderBlock {OPTION} at (1,2563) size 187x14 [bgcolor=#D4D4D4]
      RenderText {#text} at (2,0) size 49x13
        text run at (2,0) width 49: "Item 184"
    RenderBlock {OPTION} at (1,2577) size 187x14 [bgcolor=#D4D4D4]
      RenderText {#text} at (2,0) size 49x13
        text run at (2,0) width 49: "Item 185"
    RenderBlock {OPTION} at (1,2591) size 187x14 [bgcolor=#D4D4D4]
      RenderText {#text} at (2,0) size 49x13
        text run at (2,0) width 49: "Item 186"
    RenderBlock {OPTION} at (1,2605) size 187x14 [bgcolor=#D4D4D4]
      RenderText {#text} at (2,0) size 49x13
        text run at (2,0) width 49: "Item 187"
    RenderBlock {OPTION} at (1,2619) size 187x14 [bgcolor=#D4D4D4]
      RenderText {#text} at (2,0) size 49x13
        text run at (2,0) width 49: "Item 188"
    RenderBlock {OPTION} at (1,2633) size 187x14 [bgcolor=#D4D4D4]
      RenderText {#text} at (2,0) size 49x13
        text run at (2,0) width 49: "Item 189"
    RenderBlock {OPTION} at (1,2647) size 187x14 [bgcolor=#D4D4D4]
      RenderText {#text} at (2,0) size 49x13
        text run at (2,0) width 49: "Item 190"
    RenderBlock {OPTION} at (1,2661) size 187x14 [bgcolor=#D4D4D4]
      RenderText {#text} at (2,0) size 49x13
        text run at (2,0) width 49: "Item 191"
    RenderBlock {OPTION} at (1,2675) size 187x14 [bgcolor=#D4D4D4]
      RenderText {#text} at (2,0) size 49x13
        text run at (2,0) width 49: "Item 192"
    RenderBlock {OPTION} at (1,2689) size 187x14 [bgcolor=#D4D4D4]
      RenderText {#text} at (2,0) size 49x13
        text run at (2,0) width 49: "Item 193"
    RenderBlock {OPTION} at (1,2703) size 187x14 [bgcolor=#D4D4D4]
      RenderText {#text} at (2,0) size 49x13
        text run at (2,0) width 49: "Item 194"
    RenderBlock {OPTION} at (1,2717) size 187x14 [bgcolor=#D4D4D4]
      RenderText {#text} at (2,0) size 49x13
        text run at (2,0) width 49: "Item 195"
    RenderBlock {OPTION} at (1,2731) size 187x14 [bgcolor=#D4D4D4]
      RenderText {#text} at (2,0) size 49x13
        text run at (2,0) width 49: "Item 196"
    RenderBlock {OPTION} at (1,2745) size 187x14 [bgcolor=#D4D4D4]
      RenderText {#text} at (2,0) size 49x13
        text run at (2,0) width 49: "Item 197"
    RenderBlock {OPTION} at (1,2759) size 187x14 [bgcolor=#D4D4D4]
      RenderText {#text} at (2,0) size 49x13
        text run at (2,0) width 49: "Item 198"
    RenderBlock {OPTION} at (1,2773) size 187x14 [bgcolor=#D4D4D4]
      RenderText {#text} at (2,0) size 49x13
        text run at (2,0) width 49: "Item 199"
    RenderBlock {OPTION} at (1,2787) size 187x14 [bgcolor=#D4D4D4]
      RenderText {#text} at (2,0) size 49x13
        text run at (2,0) width 49: "Item 200"
    RenderBlock {OPTION} at (1,2801) size 187x14 [bgcolor=#D4D4D4]
      RenderText {#text} at (2,0) size 49x13
        text run at (2,0) width 49: "Item 201"
    RenderBlock {OPTION} at (1,2815) size 187x14 [bgcolor=#D4D4D4]
      RenderText {#text} at (2,0) size 49x13
        text run at (2,0) width 49: "Item 202"
    RenderBlock {OPTION} at (1,2829) size 187x14 [bgcolor=#D4D4D4]
      RenderText {#text} at (2,0) size 49x13
        text run at (2,0) width 49: "Item 203"
    RenderBlock {OPTION} at (1,2843) size 187x14 [bgcolor=#D4D4D4]
      RenderText {#text} at (2,0) size 49x13
        text run at (2,0) width 49: "Item 204"
    RenderBlock {OPTION} at (1,2857) size 187x14 [bgcolor=#D4D4D4]
      RenderText {#text} at (2,0) size 49x13
        text run at (2,0) width 49: "Item 205"
    RenderBlock {OPTION} at (1,2871) size 187x14 [bgcolor=#D4D4D4]
      RenderText {#text} at (2,0) size 49x13
        text run at (2,0) width 49: "Item 206"
    RenderBlock {OPTION} at (1,2885) size 187x14 [bgcolor=#D4D4D4]
      RenderText {#text} at (2,0) size 49x13
        text run at (2,0) width 49: "Item 207"
    RenderBlock {OPTION} at (1,2899) size 187x14 [bgcolor=#D4D4D4]
      RenderText {#text} at (2,0) size 49x13
        text run at (2,0) width 49: "Item 208"
    RenderBlock {OPTION} at (1,2913) size 187x14 [bgcolor=#D4D4D4]
      RenderText {#text} at (2,0) size 49x13
        text run at (2,0) width 49: "Item 209"
    RenderBlock {OPTION} at (1,2927) size 187x14 [bgcolor=#D4D4D4]
      RenderText {#text} at (2,0) size 49x13
        text run at (2,0) width 49: "Item 210"
    RenderBlock {OPTION} at (1,2941) size 187x14 [bgcolor=#D4D4D4]
      RenderText {#text} at (2,0) size 49x13
        text run at (2,0) width 49: "Item 211"
    RenderBlock {OPTION} at (1,2955) size 187x14 [bgcolor=#D4D4D4]
      RenderText {#text} at (2,0) size 49x13
        text run at (2,0) width 49: "Item 212"
    RenderBlock {OPTION} at (1,2969) size 187x14 [bgcolor=#D4D4D4]
      RenderText {#text} at (2,0) size 49x13
        text run at (2,0) width 49: "Item 213"
    RenderBlock {OPTION} at (1,2983) size 187x14 [bgcolor=#D4D4D4]
      RenderText {#text} at (2,0) size 49x13
        text run at (2,0) width 49: "Item 214"
    RenderBlock {OPTION} at (1,2997) size 187x14 [bgcolor=#D4D4D4]
      RenderText {#text} at (2,0) size 49x13
        text run at (2,0) width 49: "Item 215"
    RenderBlock {OPTION} at (1,3011) size 187x14 [bgcolor=#D4D4D4]
      RenderText {#text} at (2,0) size 49x13
        text run at (2,0) width 49: "Item 216"
    RenderBlock {OPTION} at (1,3025) size 187x14 [bgcolor=#D4D4D4]
      RenderText {#text} at (2,0) size 49x13
        text run at (2,0) width 49: "Item 217"
    RenderBlock {OPTION} at (1,3039) size 187x14 [bgcolor=#D4D4D4]
      RenderText {#text} at (2,0) size 49x13
        text run at (2,0) width 49: "Item 218"
    RenderBlock {OPTION} at (1,3053) size 187x14 [bgcolor=#D4D4D4]
      RenderText {#text} at (2,0) size 49x13
        text run at (2,0) width 49: "Item 219"
    RenderBlock {OPTION} at (1,3067) size 187x14 [bgcolor=#D4D4D4]
      RenderText {#text} at (2,0) size 49x13
        text run at (2,0) width 49: "Item 220"
    RenderBlock {OPTION} at (1,3081) size 187x14 [bgcolor=#D4D4D4]
      RenderText {#text} at (2,0) size 49x13
        text run at (2,0) width 49: "Item 221"
    RenderBlock {OPTION} at (1,3095) size 187x14 [bgcolor=#D4D4D4]
      RenderText {#text} at (2,0) size 49x13
        text run at (2,0) width 49: "Item 222"
    RenderBlock {OPTION} at (1,3109) size 187x14 [bgcolor=#D4D4D4]
      RenderText {#text} at (2,0) size 49x13
        text run at (2,0) width 49: "Item 223"
    RenderBlock {OPTION} at (1,3123) size 187x14 [bgcolor=#D4D4D4]
      RenderText {#text} at (2,0) size 49x13
        text run at (2,0) width 49: "Item 224"
    RenderBlock {OPTION} at (1,3137) size 187x14 [bgcolor=#D4D4D4]
      RenderText {#text} at (2,0) size 49x13
        text run at (2,0) width 49: "Item 225"
    RenderBlock {OPTION} at (1,3151) size 187x14 [bgcolor=#D4D4D4]
      RenderText {#text} at (2,0) size 49x13
        text run at (2,0) width 49: "Item 226"
    RenderBlock {OPTION} at (1,3165) size 187x14 [bgcolor=#D4D4D4]
      RenderText {#text} at (2,0) size 49x13
        text run at (2,0) width 49: "Item 227"
    RenderBlock {OPTION} at (1,3179) size 187x14 [bgcolor=#D4D4D4]
      RenderText {#text} at (2,0) size 49x13
        text run at (2,0) width 49: "Item 228"
    RenderBlock {OPTION} at (1,3193) size 187x14 [bgcolor=#D4D4D4]
      RenderText {#text} at (2,0) size 49x13
        text run at (2,0) width 49: "Item 229"
    RenderBlock {OPTION} at (1,3207) size 187x14 [bgcolor=#D4D4D4]
      RenderText {#text} at (2,0) size 49x13
        text run at (2,0) width 49: "Item 230"
    RenderBlock {OPTION} at (1,3221) size 187x14 [bgcolor=#D4D4D4]
      RenderText {#text} at (2,0) size 49x13
        text run at (2,0) width 49: "Item 231"
    RenderBlock {OPTION} at (1,3235) size 187x14 [bgcolor=#D4D4D4]
      RenderText {#text} at (2,0) size 49x13
        text run at (2,0) width 49: "Item 232"
    RenderBlock {OPTION} at (1,3249) size 187x14 [bgcolor=#D4D4D4]
      RenderText {#text} at (2,0) size 49x13
        text run at (2,0) width 49: "Item 233"
    RenderBlock {OPTION} at (1,3263) size 187x14 [bgcolor=#D4D4D4]
      RenderText {#text} at (2,0) size 49x13
        text run at (2,0) width 49: "Item 234"
    RenderBlock {OPTION} at (1,3277) size 187x14 [bgcolor=#D4D4D4]
      RenderText {#text} at (2,0) size 49x13
        text run at (2,0) width 49: "Item 235"
    RenderBlock {OPTION} at (1,3291) size 187x14 [bgcolor=#D4D4D4]
      RenderText {#text} at (2,0) size 49x13
        text run at (2,0) width 49: "Item 236"
    RenderBlock {OPTION} at (1,3305) size 187x14 [bgcolor=#D4D4D4]
      RenderText {#text} at (2,0) size 49x13
        text run at (2,0) width 49: "Item 237"
    RenderBlock {OPTION} at (1,3319) size 187x14 [bgcolor=#D4D4D4]
      RenderText {#text} at (2,0) size 49x13
        text run at (2,0) width 49: "Item 238"
    RenderBlock {OPTION} at (1,3333) size 187x14 [bgcolor=#D4D4D4]
      RenderText {#text} at (2,0) size 49x13
        text run at (2,0) width 49: "Item 239"
    RenderBlock {OPTION} at (1,3347) size 187x14 [bgcolor=#D4D4D4]
      RenderText {#text} at (2,0) size 49x13
        text run at (2,0) width 49: "Item 240"
    RenderBlock {OPTION} at (1,3361) size 187x14 [bgcolor=#D4D4D4]
      RenderText {#text} at (2,0) size 49x13
        text run at (2,0) width 49: "Item 241"
    RenderBlock {OPTION} at (1,3375) size 187x14 [bgcolor=#D4D4D4]
      RenderText {#text} at (2,0) size 49x13
        text run at (2,0) width 49: "Item 242"
    RenderBlock {OPTION} at (1,3389) size 187x14 [bgcolor=#D4D4D4]
      RenderText {#text} at (2,0) size 49x13
        text run at (2,0) width 49: "Item 243"
    RenderBlock {OPTION} at (1,3403) size 187x14 [bgcolor=#D4D4D4]
      RenderText {#text} at (2,0) size 49x13
        text run at (2,0) width 49: "Item 244"
    RenderBlock {OPTION} at (1,3417) size 187x14 [bgcolor=#D4D4D4]
      RenderText {#text} at (2,0) size 49x13
        text run at (2,0) width 49: "Item 245"
    RenderBlock {OPTION} at (1,3431) size 187x14 [bgcolor=#D4D4D4]
      RenderText {#text} at (2,0) size 49x13
        text run at (2,0) width 49: "Item 246"
    RenderBlock {OPTION} at (1,3445) size 187x14 [bgcolor=#D4D4D4]
      RenderText {#text} at (2,0) size 49x13
        text run at (2,0) width 49: "Item 247"
    RenderBlock {OPTION} at (1,3459) size 187x14 [bgcolor=#D4D4D4]
      RenderText {#text} at (2,0) size 49x13
        text run at (2,0) width 49: "Item 248"
    RenderBlock {OPTION} at (1,3473) size 187x14 [bgcolor=#D4D4D4]
      RenderText {#text} at (2,0) size 49x13
        text run at (2,0) width 49: "Item 249"
    RenderBlock {OPTION} at (1,3487) size 187x14 [bgcolor=#D4D4D4]
      RenderText {#text} at (2,0) size 49x13
        text run at (2,0) width 49: "Item 250"
    RenderBlock {OPTION} at (1,3501) size 187x14 [bgcolor=#D4D4D4]
      RenderText {#text} at (2,0) size 49x13
        text run at (2,0) width 49: "Item 251"
    RenderBlock {OPTION} at (1,3515) size 187x14 [bgcolor=#D4D4D4]
      RenderText {#text} at (2,0) size 49x13
        text run at (2,0) width 49: "Item 252"
    RenderBlock {OPTION} at (1,3529) size 187x14 [bgcolor=#D4D4D4]
      RenderText {#text} at (2,0) size 49x13
        text run at (2,0) width 49: "Item 253"
    RenderBlock {OPTION} at (1,3543) size 187x14 [bgcolor=#D4D4D4]
      RenderText {#text} at (2,0) size 49x13
        text run at (2,0) width 49: "Item 254"
    RenderBlock {OPTION} at (1,3557) size 187x14 [bgcolor=#D4D4D4]
      RenderText {#text} at (2,0) size 49x13
        text run at (2,0) width 49: "Item 255"
    RenderBlock {OPTION} at (1,3571) size 187x14 [bgcolor=#D4D4D4]
      RenderText {#text} at (2,0) size 49x13
        text run at (2,0) width 49: "Item 256"
    RenderBlock {OPTION} at (1,3585) size 187x14 [bgcolor=#D4D4D4]
      RenderText {#text} at (2,0) size 49x13
        text run at (2,0) width 49: "Item 257"
    RenderBlock {OPTION} at (1,3599) size 187x14 [bgcolor=#D4D4D4]
      RenderText {#text} at (2,0) size 49x13
        text run at (2,0) width 49: "Item 258"
    RenderBlock {OPTION} at (1,3613) size 187x14 [bgcolor=#D4D4D4]
      RenderText {#text} at (2,0) size 49x13
        text run at (2,0) width 49: "Item 259"
    RenderBlock {OPTION} at (1,3627) size 187x14 [bgcolor=#D4D4D4]
      RenderText {#text} at (2,0) size 49x13
        text run at (2,0) width 49: "Item 260"
    RenderBlock {OPTION} at (1,3641) size 187x14 [bgcolor=#D4D4D4]
      RenderText {#text} at (2,0) size 49x13
        text run at (2,0) width 49: "Item 261"
    RenderBlock {OPTION} at (1,3655) size 187x14 [bgcolor=#D4D4D4]
      RenderText {#text} at (2,0) size 49x13
        text run at (2,0) width 49: "Item 262"
    RenderBlock {OPTION} at (1,3669) size 187x14 [bgcolor=#D4D4D4]
      RenderText {#text} at (2,0) size 49x13
        text run at (2,0) width 49: "Item 263"
    RenderBlock {OPTION} at (1,3683) size 187x14 [bgcolor=#D4D4D4]
      RenderText {#text} at (2,0) size 49x13
        text run at (2,0) width 49: "Item 264"
    RenderBlock {OPTION} at (1,3697) size 187x14 [bgcolor=#D4D4D4]
      RenderText {#text} at (2,0) size 49x13
        text run at (2,0) width 49: "Item 265"
    RenderBlock {OPTION} at (1,3711) size 187x14 [bgcolor=#D4D4D4]
      RenderText {#text} at (2,0) size 49x13
        text run at (2,0) width 49: "Item 266"
    RenderBlock {OPTION} at (1,3725) size 187x14 [bgcolor=#D4D4D4]
      RenderText {#text} at (2,0) size 49x13
        text run at (2,0) width 49: "Item 267"
    RenderBlock {OPTION} at (1,3739) size 187x14 [bgcolor=#D4D4D4]
      RenderText {#text} at (2,0) size 49x13
        text run at (2,0) width 49: "Item 268"
    RenderBlock {OPTION} at (1,3753) size 187x14 [bgcolor=#D4D4D4]
      RenderText {#text} at (2,0) size 49x13
        text run at (2,0) width 49: "Item 269"
    RenderBlock {OPTION} at (1,3767) size 187x14 [bgcolor=#D4D4D4]
      RenderText {#text} at (2,0) size 49x13
        text run at (2,0) width 49: "Item 270"
    RenderBlock {OPTION} at (1,3781) size 187x14 [bgcolor=#D4D4D4]
      RenderText {#text} at (2,0) size 49x13
        text run at (2,0) width 49: "Item 271"
    RenderBlock {OPTION} at (1,3795) size 187x14 [bgcolor=#D4D4D4]
      RenderText {#text} at (2,0) size 49x13
        text run at (2,0) width 49: "Item 272"
    RenderBlock {OPTION} at (1,3809) size 187x14 [bgcolor=#D4D4D4]
      RenderText {#text} at (2,0) size 49x13
        text run at (2,0) width 49: "Item 273"
    RenderBlock {OPTION} at (1,3823) size 187x14 [bgcolor=#D4D4D4]
      RenderText {#text} at (2,0) size 49x13
        text run at (2,0) width 49: "Item 274"
    RenderBlock {OPTION} at (1,3837) size 187x14 [bgcolor=#D4D4D4]
      RenderText {#text} at (2,0) size 49x13
        text run at (2,0) width 49: "Item 275"
    RenderBlock {OPTION} at (1,3851) size 187x14 [bgcolor=#D4D4D4]
      RenderText {#text} at (2,0) size 49x13
        text run at (2,0) width 49: "Item 276"
    RenderBlock {OPTION} at (1,3865) size 187x14 [bgcolor=#D4D4D4]
      RenderText {#text} at (2,0) size 49x13
        text run at (2,0) width 49: "Item 277"
    RenderBlock {OPTION} at (1,3879) size 187x14 [bgcolor=#D4D4D4]
      RenderText {#text} at (2,0) size 49x13
        text run at (2,0) width 49: "Item 278"
    RenderBlock {OPTION} at (1,3893) size 187x14 [bgcolor=#D4D4D4]
      RenderText {#text} at (2,0) size 49x13
        text run at (2,0) width 49: "Item 279"
    RenderBlock {OPTION} at (1,3907) size 187x14 [bgcolor=#D4D4D4]
      RenderText {#text} at (2,0) size 49x13
        text run at (2,0) width 49: "Item 280"
    RenderBlock {OPTION} at (1,3921) size 187x14 [bgcolor=#D4D4D4]
      RenderText {#text} at (2,0) size 49x13
        text run at (2,0) width 49: "Item 281"
    RenderBlock {OPTION} at (1,3935) size 187x14 [bgcolor=#D4D4D4]
      RenderText {#text} at (2,0) size 49x13
        text run at (2,0) width 49: "Item 282"
    RenderBlock {OPTION} at (1,3949) size 187x14 [bgcolor=#D4D4D4]
      RenderText {#text} at (2,0) size 49x13
        text run at (2,0) width 49: "Item 283"
    RenderBlock {OPTION} at (1,3963) size 187x14 [bgcolor=#D4D4D4]
      RenderText {#text} at (2,0) size 49x13
        text run at (2,0) width 49: "Item 284"
    RenderBlock {OPTION} at (1,3977) size 187x14 [bgcolor=#D4D4D4]
      RenderText {#text} at (2,0) size 49x13
        text run at (2,0) width 49: "Item 285"
    RenderBlock {OPTION} at (1,3991) size 187x14 [bgcolor=#D4D4D4]
      RenderText {#text} at (2,0) size 49x13
        text run at (2,0) width 49: "Item 286"
    RenderBlock {OPTION} at (1,4005) size 187x14 [bgcolor=#D4D4D4]
      RenderText {#text} at (2,0) size 49x13
        text run at (2,0) width 49: "Item 287"
    RenderBlock {OPTION} at (1,4019) size 187x14 [bgcolor=#D4D4D4]
      RenderText {#text} at (2,0) size 49x13
        text run at (2,0) width 49: "Item 288"
    RenderBlock {OPTION} at (1,4033) size 187x14 [bgcolor=#D4D4D4]
      RenderText {#text} at (2,0) size 49x13
        text run at (2,0) width 49: "Item 289"
    RenderBlock {OPTION} at (1,4047) size 187x14 [bgcolor=#D4D4D4]
      RenderText {#text} at (2,0) size 49x13
        text run at (2,0) width 49: "Item 290"
    RenderBlock {OPTION} at (1,4061) size 187x14 [bgcolor=#D4D4D4]
      RenderText {#text} at (2,0) size 49x13
        text run at (2,0) width 49: "Item 291"
    RenderBlock {OPTION} at (1,4075) size 187x14 [bgcolor=#D4D4D4]
      RenderText {#text} at (2,0) size 49x13
        text run at (2,0) width 49: "Item 292"
    RenderBlock {OPTION} at (1,4089) size 187x14 [bgcolor=#D4D4D4]
      RenderText {#text} at (2,0) size 49x13
        text run at (2,0) width 49: "Item 293"
    RenderBlock {OPTION} at (1,4103) size 187x14 [bgcolor=#D4D4D4]
      RenderText {#text} at (2,0) size 49x13
        text run at (2,0) width 49: "Item 294"
    RenderBlock {OPTION} at (1,4117) size 187x14 [bgcolor=#D4D4D4]
      RenderText {#text} at (2,0) size 49x13
        text run at (2,0) width 49: "Item 295"
    RenderBlock {OPTION} at (1,4131) size 187x14 [bgcolor=#D4D4D4]
      RenderText {#text} at (2,0) size 49x13
        text run at (2,0) width 49: "Item 296"
    RenderBlock {OPTION} at (1,4145) size 187x14 [bgcolor=#D4D4D4]
      RenderText {#text} at (2,0) size 49x13
        text run at (2,0) width 49: "Item 297"
    RenderBlock {OPTION} at (1,4159) size 187x14 [bgcolor=#D4D4D4]
      RenderText {#text} at (2,0) size 49x13
        text run at (2,0) width 49: "Item 298"
    RenderBlock {OPTION} at (1,4173) size 187x14 [bgcolor=#D4D4D4]
      RenderText {#text} at (2,0) size 49x13
        text run at (2,0) width 49: "Item 299"
    RenderBlock {OPTION} at (1,4187) size 187x14 [bgcolor=#D4D4D4]
      RenderText {#text} at (2,0) size 49x13
        text run at (2,0) width 49: "Item 300"
    RenderBlock {OPTION} at (1,4201) size 187x14 [bgcolor=#D4D4D4]
      RenderText {#text} at (2,0) size 49x13
        text run at (2,0) width 49: "Item 301"
    RenderBlock {OPTION} at (1,4215) size 187x14 [bgcolor=#D4D4D4]
      RenderText {#text} at (2,0) size 49x13
        text run at (2,0) width 49: "Item 302"
    RenderBlock {OPTION} at (1,4229) size 187x14 [bgcolor=#D4D4D4]
      RenderText {#text} at (2,0) size 49x13
        text run at (2,0) width 49: "Item 303"
    RenderBlock {OPTION} at (1,4243) size 187x14 [bgcolor=#D4D4D4]
      RenderText {#text} at (2,0) size 49x13
        text run at (2,0) width 49: "Item 304"
    RenderBlock {OPTION} at (1,4257) size 187x14 [bgcolor=#D4D4D4]
      RenderText {#text} at (2,0) size 49x13
        text run at (2,0) width 49: "Item 305"
    RenderBlock {OPTION} at (1,4271) size 187x14 [bgcolor=#D4D4D4]
      RenderText {#text} at (2,0) size 49x13
        text run at (2,0) width 49: "Item 306"
    RenderBlock {OPTION} at (1,4285) size 187x14 [bgcolor=#D4D4D4]
      RenderText {#text} at (2,0) size 49x13
        text run at (2,0) width 49: "Item 307"
    RenderBlock {OPTION} at (1,4299) size 187x14 [bgcolor=#D4D4D4]
      RenderText {#text} at (2,0) size 49x13
        text run at (2,0) width 49: "Item 308"
    RenderBlock {OPTION} at (1,4313) size 187x14 [bgcolor=#D4D4D4]
      RenderText {#text} at (2,0) size 49x13
        text run at (2,0) width 49: "Item 309"
    RenderBlock {OPTION} at (1,4327) size 187x14 [bgcolor=#D4D4D4]
      RenderText {#text} at (2,0) size 49x13
        text run at (2,0) width 49: "Item 310"
    RenderBlock {OPTION} at (1,4341) size 187x14 [bgcolor=#D4D4D4]
      RenderText {#text} at (2,0) size 49x13
        text run at (2,0) width 49: "Item 311"
    RenderBlock {OPTION} at (1,4355) size 187x14 [bgcolor=#D4D4D4]
      RenderText {#text} at (2,0) size 49x13
        text run at (2,0) width 49: "Item 312"
    RenderBlock {OPTION} at (1,4369) size 187x14 [bgcolor=#D4D4D4]
      RenderText {#text} at (2,0) size 49x13
        text run at (2,0) width 49: "Item 313"
    RenderBlock {OPTION} at (1,4383) size 187x14 [bgcolor=#D4D4D4]
      RenderText {#text} at (2,0) size 49x13
        text run at (2,0) width 49: "Item 314"
    RenderBlock {OPTION} at (1,4397) size 187x14 [bgcolor=#D4D4D4]
      RenderText {#text} at (2,0) size 49x13
        text run at (2,0) width 49: "Item 315"
    RenderBlock {OPTION} at (1,4411) size 187x14 [bgcolor=#D4D4D4]
      RenderText {#text} at (2,0) size 49x13
        text run at (2,0) width 49: "Item 316"
    RenderBlock {OPTION} at (1,4425) size 187x14 [bgcolor=#D4D4D4]
      RenderText {#text} at (2,0) size 49x13
        text run at (2,0) width 49: "Item 317"
    RenderBlock {OPTION} at (1,4439) size 187x14 [bgcolor=#D4D4D4]
      RenderText {#text} at (2,0) size 49x13
        text run at (2,0) width 49: "Item 318"
    RenderBlock {OPTION} at (1,4453) size 187x14 [bgcolor=#D4D4D4]
      RenderText {#text} at (2,0) size 49x13
        text run at (2,0) width 49: "Item 319"
    RenderBlock {OPTION} at (1,4467) size 187x14 [bgcolor=#D4D4D4]
      RenderText {#text} at (2,0) size 49x13
        text run at (2,0) width 49: "Item 320"
    RenderBlock {OPTION} at (1,4481) size 187x14 [bgcolor=#D4D4D4]
      RenderText {#text} at (2,0) size 49x13
        text run at (2,0) width 49: "Item 321"
    RenderBlock {OPTION} at (1,4495) size 187x14 [bgcolor=#D4D4D4]
      RenderText {#text} at (2,0) size 49x13
        text run at (2,0) width 49: "Item 322"
    RenderBlock {OPTION} at (1,4509) size 187x14 [bgcolor=#D4D4D4]
      RenderText {#text} at (2,0) size 49x13
        text run at (2,0) width 49: "Item 323"
    RenderBlock {OPTION} at (1,4523) size 187x14 [bgcolor=#D4D4D4]
      RenderText {#text} at (2,0) size 49x13
        text run at (2,0) width 49: "Item 324"
    RenderBlock {OPTION} at (1,4537) size 187x14 [bgcolor=#D4D4D4]
      RenderText {#text} at (2,0) size 49x13
        text run at (2,0) width 49: "Item 325"
    RenderBlock {OPTION} at (1,4551) size 187x14 [bgcolor=#D4D4D4]
      RenderText {#text} at (2,0) size 49x13
        text run at (2,0) width 49: "Item 326"
    RenderBlock {OPTION} at (1,4565) size 187x14 [bgcolor=#D4D4D4]
      RenderText {#text} at (2,0) size 49x13
        text run at (2,0) width 49: "Item 327"
    RenderBlock {OPTION} at (1,4579) size 187x14 [bgcolor=#D4D4D4]
      RenderText {#text} at (2,0) size 49x13
        text run at (2,0) width 49: "Item 328"
    RenderBlock {OPTION} at (1,4593) size 187x14 [bgcolor=#D4D4D4]
      RenderText {#text} at (2,0) size 49x13
        text run at (2,0) width 49: "Item 329"
    RenderBlock {OPTION} at (1,4607) size 187x14 [bgcolor=#D4D4D4]
      RenderText {#text} at (2,0) size 49x13
        text run at (2,0) width 49: "Item 330"
    RenderBlock {OPTION} at (1,4621) size 187x14 [bgcolor=#D4D4D4]
      RenderText {#text} at (2,0) size 49x13
        text run at (2,0) width 49: "Item 331"
    RenderBlock {OPTION} at (1,4635) size 187x14 [bgcolor=#D4D4D4]
      RenderText {#text} at (2,0) size 49x13
        text run at (2,0) width 49: "Item 332"
    RenderBlock {OPTION} at (1,4649) size 187x14 [bgcolor=#D4D4D4]
      RenderText {#text} at (2,0) size 49x13
        text run at (2,0) width 49: "Item 333"
    RenderBlock {OPTION} at (1,4663) size 187x14 [bgcolor=#D4D4D4]
      RenderText {#text} at (2,0) size 49x13
        text run at (2,0) width 49: "Item 334"
    RenderBlock {OPTION} at (1,4677) size 187x14 [bgcolor=#D4D4D4]
      RenderText {#text} at (2,0) size 49x13
        text run at (2,0) width 49: "Item 335"
    RenderBlock {OPTION} at (1,4691) size 187x14 [bgcolor=#D4D4D4]
      RenderText {#text} at (2,0) size 49x13
        text run at (2,0) width 49: "Item 336"
    RenderBlock {OPTION} at (1,4705) size 187x14 [bgcolor=#D4D4D4]
      RenderText {#text} at (2,0) size 49x13
        text run at (2,0) width 49: "Item 337"
    RenderBlock {OPTION} at (1,4719) size 187x14 [bgcolor=#D4D4D4]
      RenderText {#text} at (2,0) size 49x13
        text run at (2,0) width 49: "Item 338"
    RenderBlock {OPTION} at (1,4733) size 187x14 [bgcolor=#D4D4D4]
      RenderText {#text} at (2,0) size 49x13
        text run at (2,0) width 49: "Item 339"
    RenderBlock {OPTION} at (1,4747) size 187x14 [bgcolor=#D4D4D4]
      RenderText {#text} at (2,0) size 49x13
        text run at (2,0) width 49: "Item 340"
    RenderBlock {OPTION} at (1,4761) size 187x14 [bgcolor=#D4D4D4]
      RenderText {#text} at (2,0) size 49x13
        text run at (2,0) width 49: "Item 341"
    RenderBlock {OPTION} at (1,4775) size 187x14 [bgcolor=#D4D4D4]
      RenderText {#text} at (2,0) size 49x13
        text run at (2,0) width 49: "Item 342"
    RenderBlock {OPTION} at (1,4789) size 187x14 [bgcolor=#D4D4D4]
      RenderText {#text} at (2,0) size 49x13
        text run at (2,0) width 49: "Item 343"
    RenderBlock {OPTION} at (1,4803) size 187x14 [bgcolor=#D4D4D4]
      RenderText {#text} at (2,0) size 49x13
        text run at (2,0) width 49: "Item 344"
    RenderBlock {OPTION} at (1,4817) size 187x14 [bgcolor=#D4D4D4]
      RenderText {#text} at (2,0) size 49x13
        text run at (2,0) width 49: "Item 345"
    RenderBlock {OPTION} at (1,4831) size 187x14 [bgcolor=#D4D4D4]
      RenderText {#text} at (2,0) size 49x13
        text run at (2,0) width 49: "Item 346"
    RenderBlock {OPTION} at (1,4845) size 187x14 [bgcolor=#D4D4D4]
      RenderText {#text} at (2,0) size 49x13
        text run at (2,0) width 49: "Item 347"
    RenderBlock {OPTION} at (1,4859) size 187x14 [bgcolor=#D4D4D4]
      RenderText {#text} at (2,0) size 49x13
        text run at (2,0) width 49: "Item 348"
    RenderBlock {OPTION} at (1,4873) size 187x14 [bgcolor=#D4D4D4]
      RenderText {#text} at (2,0) size 49x13
        text run at (2,0) width 49: "Item 349"
    RenderBlock {OPTION} at (1,4887) size 187x14 [bgcolor=#D4D4D4]
      RenderText {#text} at (2,0) size 49x13
        text run at (2,0) width 49: "Item 350"
    RenderBlock {OPTION} at (1,4901) size 187x14 [bgcolor=#D4D4D4]
      RenderText {#text} at (2,0) size 49x13
        text run at (2,0) width 49: "Item 351"
    RenderBlock {OPTION} at (1,4915) size 187x14 [bgcolor=#D4D4D4]
      RenderText {#text} at (2,0) size 49x13
        text run at (2,0) width 49: "Item 352"
    RenderBlock {OPTION} at (1,4929) size 187x14 [bgcolor=#D4D4D4]
      RenderText {#text} at (2,0) size 49x13
        text run at (2,0) width 49: "Item 353"
    RenderBlock {OPTION} at (1,4943) size 187x14 [bgcolor=#D4D4D4]
      RenderText {#text} at (2,0) size 49x13
        text run at (2,0) width 49: "Item 354"
    RenderBlock {OPTION} at (1,4957) size 187x14 [bgcolor=#D4D4D4]
      RenderText {#text} at (2,0) size 49x13
        text run at (2,0) width 49: "Item 355"
    RenderBlock {OPTION} at (1,4971) size 187x14 [bgcolor=#D4D4D4]
      RenderText {#text} at (2,0) size 49x13
        text run at (2,0) width 49: "Item 356"
    RenderBlock {OPTION} at (1,4985) size 187x14 [bgcolor=#D4D4D4]
      RenderText {#text} at (2,0) size 49x13
        text run at (2,0) width 49: "Item 357"
    RenderBlock {OPTION} at (1,4999) size 187x14 [bgcolor=#D4D4D4]
      RenderText {#text} at (2,0) size 49x13
        text run at (2,0) width 49: "Item 358"
    RenderBlock {OPTION} at (1,5013) size 187x14 [bgcolor=#D4D4D4]
      RenderText {#text} at (2,0) size 49x13
        text run at (2,0) width 49: "Item 359"
    RenderBlock {OPTION} at (1,5027) size 187x14 [bgcolor=#D4D4D4]
      RenderText {#text} at (2,0) size 49x13
        text run at (2,0) width 49: "Item 360"
    RenderBlock {OPTION} at (1,5041) size 187x14 [bgcolor=#D4D4D4]
      RenderText {#text} at (2,0) size 49x13
        text run at (2,0) width 49: "Item 361"
    RenderBlock {OPTION} at (1,5055) size 187x14 [bgcolor=#D4D4D4]
      RenderText {#text} at (2,0) size 49x13
        text run at (2,0) width 49: "Item 362"
    RenderBlock {OPTION} at (1,5069) size 187x14 [bgcolor=#D4D4D4]
      RenderText {#text} at (2,0) size 49x13
        text run at (2,0) width 49: "Item 363"
    RenderBlock {OPTION} at (1,5083) size 187x14 [bgcolor=#D4D4D4]
      RenderText {#text} at (2,0) size 49x13
        text run at (2,0) width 49: "Item 364"
    RenderBlock {OPTION} at (1,5097) size 187x14 [bgcolor=#D4D4D4]
      RenderText {#text} at (2,0) size 49x13
        text run at (2,0) width 49: "Item 365"
    RenderBlock {OPTION} at (1,5111) size 187x14 [bgcolor=#D4D4D4]
      RenderText {#text} at (2,0) size 49x13
        text run at (2,0) width 49: "Item 366"
    RenderBlock {OPTION} at (1,5125) size 187x14 [bgcolor=#D4D4D4]
      RenderText {#text} at (2,0) size 49x13
        text run at (2,0) width 49: "Item 367"
    RenderBlock {OPTION} at (1,5139) size 187x14 [bgcolor=#D4D4D4]
      RenderText {#text} at (2,0) size 49x13
        text run at (2,0) width 49: "Item 368"
    RenderBlock {OPTION} at (1,5153) size 187x14 [bgcolor=#D4D4D4]
      RenderText {#text} at (2,0) size 49x13
        text run at (2,0) width 49: "Item 369"
    RenderBlock {OPTION} at (1,5167) size 187x14 [bgcolor=#D4D4D4]
      RenderText {#text} at (2,0) size 49x13
        text run at (2,0) width 49: "Item 370"
    RenderBlock {OPTION} at (1,5181) size 187x14 [bgcolor=#D4D4D4]
      RenderText {#text} at (2,0) size 49x13
        text run at (2,0) width 49: "Item 371"
    RenderBlock {OPTION} at (1,5195) size 187x14 [bgcolor=#D4D4D4]
      RenderText {#text} at (2,0) size 49x13
        text run at (2,0) width 49: "Item 372"
    RenderBlock {OPTION} at (1,5209) size 187x14 [bgcolor=#D4D4D4]
      RenderText {#text} at (2,0) size 49x13
        text run at (2,0) width 49: "Item 373"
    RenderBlock {OPTION} at (1,5223) size 187x14 [bgcolor=#D4D4D4]
      RenderText {#text} at (2,0) size 49x13
        text run at (2,0) width 49: "Item 374"
    RenderBlock {OPTION} at (1,5237) size 187x14 [bgcolor=#D4D4D4]
      RenderText {#text} at (2,0) size 49x13
        text run at (2,0) width 49: "Item 375"
    RenderBlock {OPTION} at (1,5251) size 187x14 [bgcolor=#D4D4D4]
      RenderText {#text} at (2,0) size 49x13
        text run at (2,0) width 49: "Item 376"
    RenderBlock {OPTION} at (1,5265) size 187x14 [bgcolor=#D4D4D4]
      RenderText {#text} at (2,0) size 49x13
        text run at (2,0) width 49: "Item 377"
    RenderBlock {OPTION} at (1,5279) size 187x14 [bgcolor=#D4D4D4]
      RenderText {#text} at (2,0) size 49x13
        text run at (2,0) width 49: "Item 378"
    RenderBlock {OPTION} at (1,5293) size 187x14 [bgcolor=#D4D4D4]
      RenderText {#text} at (2,0) size 49x13
        text run at (2,0) width 49: "Item 379"
    RenderBlock {OPTION} at (1,5307) size 187x14 [bgcolor=#D4D4D4]
      RenderText {#text} at (2,0) size 49x13
        text run at (2,0) width 49: "Item 380"
    RenderBlock {OPTION} at (1,5321) size 187x14 [bgcolor=#D4D4D4]
      RenderText {#text} at (2,0) size 49x13
        text run at (2,0) width 49: "Item 381"
    RenderBlock {OPTION} at (1,5335) size 187x14 [bgcolor=#D4D4D4]
      RenderText {#text} at (2,0) size 49x13
        text run at (2,0) width 49: "Item 382"
    RenderBlock {OPTION} at (1,5349) size 187x14 [bgcolor=#D4D4D4]
      RenderText {#text} at (2,0) size 49x13
        text run at (2,0) width 49: "Item 383"
    RenderBlock {OPTION} at (1,5363) size 187x14 [bgcolor=#D4D4D4]
      RenderText {#text} at (2,0) size 49x13
        text run at (2,0) width 49: "Item 384"
    RenderBlock {OPTION} at (1,5377) size 187x14 [bgcolor=#D4D4D4]
      RenderText {#text} at (2,0) size 49x13
        text run at (2,0) width 49: "Item 385"
    RenderBlock {OPTION} at (1,5391) size 187x14 [bgcolor=#D4D4D4]
      RenderText {#text} at (2,0) size 49x13
        text run at (2,0) width 49: "Item 386"
    RenderBlock {OPTION} at (1,5405) size 187x14 [bgcolor=#D4D4D4]
      RenderText {#text} at (2,0) size 49x13
        text run at (2,0) width 49: "Item 387"
    RenderBlock {OPTION} at (1,5419) size 187x14 [bgcolor=#D4D4D4]
      RenderText {#text} at (2,0) size 49x13
        text run at (2,0) width 49: "Item 388"
    RenderBlock {OPTION} at (1,5433) size 187x14 [bgcolor=#D4D4D4]
      RenderText {#text} at (2,0) size 49x13
        text run at (2,0) width 49: "Item 389"
    RenderBlock {OPTION} at (1,5447) size 187x14 [bgcolor=#D4D4D4]
      RenderText {#text} at (2,0) size 49x13
        text run at (2,0) width 49: "Item 390"
    RenderBlock {OPTION} at (1,5461) size 187x14 [bgcolor=#D4D4D4]
      RenderText {#text} at (2,0) size 49x13
        text run at (2,0) width 49: "Item 391"
    RenderBlock {OPTION} at (1,5475) size 187x14 [bgcolor=#D4D4D4]
      RenderText {#text} at (2,0) size 49x13
        text run at (2,0) width 49: "Item 392"
    RenderBlock {OPTION} at (1,5489) size 187x14 [bgcolor=#D4D4D4]
      RenderText {#text} at (2,0) size 49x13
        text run at (2,0) width 49: "Item 393"
    RenderBlock {OPTION} at (1,5503) size 187x14 [bgcolor=#D4D4D4]
      RenderText {#text} at (2,0) size 49x13
        text run at (2,0) width 49: "Item 394"
    RenderBlock {OPTION} at (1,5517) size 187x14 [bgcolor=#D4D4D4]
      RenderText {#text} at (2,0) size 49x13
        text run at (2,0) width 49: "Item 395"
    RenderBlock {OPTION} at (1,5531) size 187x14 [bgcolor=#D4D4D4]
      RenderText {#text} at (2,0) size 49x13
        text run at (2,0) width 49: "Item 396"
    RenderBlock {OPTION} at (1,5545) size 187x14 [bgcolor=#D4D4D4]
      RenderText {#text} at (2,0) size 49x13
        text run at (2,0) width 49: "Item 397"
    RenderBlock {OPTION} at (1,5559) size 187x14 [bgcolor=#D4D4D4]
      RenderText {#text} at (2,0) size 49x13
        text run at (2,0) width 49: "Item 398"
    RenderBlock {OPTION} at (1,5573) size 187x14 [bgcolor=#D4D4D4]
      RenderText {#text} at (2,0) size 49x13
        text run at (2,0) width 49: "Item 399"
    RenderBlock {OPTION} at (1,5587) size 187x14 [bgcolor=#D4D4D4]
      RenderText {#text} at (2,0) size 49x13
        text run at (2,0) width 49: "Item 400"
    RenderBlock {OPTION} at (1,5601) size 187x14 [bgcolor=#D4D4D4]
      RenderText {#text} at (2,0) size 49x13
        text run at (2,0) width 49: "Item 401"
    RenderBlock {OPTION} at (1,5615) size 187x14 [bgcolor=#D4D4D4]
      RenderText {#text} at (2,0) size 49x13
        text run at (2,0) width 49: "Item 402"
    RenderBlock {OPTION} at (1,5629) size 187x14 [bgcolor=#D4D4D4]
      RenderText {#text} at (2,0) size 49x13
        text run at (2,0) width 49: "Item 403"
    RenderBlock {OPTION} at (1,5643) size 187x14 [bgcolor=#D4D4D4]
      RenderText {#text} at (2,0) size 49x13
        text run at (2,0) width 49: "Item 404"
    RenderBlock {OPTION} at (1,5657) size 187x14 [bgcolor=#D4D4D4]
      RenderText {#text} at (2,0) size 49x13
        text run at (2,0) width 49: "Item 405"
    RenderBlock {OPTION} at (1,5671) size 187x14 [bgcolor=#D4D4D4]
      RenderText {#text} at (2,0) size 49x13
        text run at (2,0) width 49: "Item 406"
    RenderBlock {OPTION} at (1,5685) size 187x14 [bgcolor=#D4D4D4]
      RenderText {#text} at (2,0) size 49x13
        text run at (2,0) width 49: "Item 407"
    RenderBlock {OPTION} at (1,5699) size 187x14 [bgcolor=#D4D4D4]
      RenderText {#text} at (2,0) size 49x13
        text run at (2,0) width 49: "Item 408"
    RenderBlock {OPTION} at (1,5713) size 187x14 [bgcolor=#D4D4D4]
      RenderText {#text} at (2,0) size 49x13
        text run at (2,0) width 49: "Item 409"
    RenderBlock {OPTION} at (1,5727) size 187x14 [bgcolor=#D4D4D4]
      RenderText {#text} at (2,0) size 49x13
        text run at (2,0) width 49: "Item 410"
    RenderBlock {OPTION} at (1,5741) size 187x14 [bgcolor=#D4D4D4]
      RenderText {#text} at (2,0) size 49x13
        text run at (2,0) width 49: "Item 411"
    RenderBlock {OPTION} at (1,5755) size 187x14 [bgcolor=#D4D4D4]
      RenderText {#text} at (2,0) size 49x13
        text run at (2,0) width 49: "Item 412"
    RenderBlock {OPTION} at (1,5769) size 187x14 [bgcolor=#D4D4D4]
      RenderText {#text} at (2,0) size 49x13
        text run at (2,0) width 49: "Item 413"
    RenderBlock {OPTION} at (1,5783) size 187x14 [bgcolor=#D4D4D4]
      RenderText {#text} at (2,0) size 49x13
        text run at (2,0) width 49: "Item 414"
    RenderBlock {OPTION} at (1,5797) size 187x14 [bgcolor=#D4D4D4]
      RenderText {#text} at (2,0) size 49x13
        text run at (2,0) width 49: "Item 415"
    RenderBlock {OPTION} at (1,5811) size 187x14 [bgcolor=#D4D4D4]
      RenderText {#text} at (2,0) size 49x13
        text run at (2,0) width 49: "Item 416"
    RenderBlock {OPTION} at (1,5825) size 187x14 [bgcolor=#D4D4D4]
      RenderText {#text} at (2,0) size 49x13
        text run at (2,0) width 49: "Item 417"
    RenderBlock {OPTION} at (1,5839) size 187x14 [bgcolor=#D4D4D4]
      RenderText {#text} at (2,0) size 49x13
        text run at (2,0) width 49: "Item 418"
    RenderBlock {OPTION} at (1,5853) size 187x14 [bgcolor=#D4D4D4]
      RenderText {#text} at (2,0) size 49x13
        text run at (2,0) width 49: "Item 419"
    RenderBlock {OPTION} at (1,5867) size 187x14 [bgcolor=#D4D4D4]
      RenderText {#text} at (2,0) size 49x13
        text run at (2,0) width 49: "Item 420"
    RenderBlock {OPTION} at (1,5881) size 187x14 [bgcolor=#D4D4D4]
      RenderText {#text} at (2,0) size 49x13
        text run at (2,0) width 49: "Item 421"
    RenderBlock {OPTION} at (1,5895) size 187x14 [bgcolor=#D4D4D4]
      RenderText {#text} at (2,0) size 49x13
        text run at (2,0) width 49: "Item 422"
    RenderBlock {OPTION} at (1,5909) size 187x14 [bgcolor=#D4D4D4]
      RenderText {#text} at (2,0) size 49x13
        text run at (2,0) width 49: "Item 423"
    RenderBlock {OPTION} at (1,5923) size 187x14 [bgcolor=#D4D4D4]
      RenderText {#text} at (2,0) size 49x13
        text run at (2,0) width 49: "Item 424"
    RenderBlock {OPTION} at (1,5937) size 187x14 [bgcolor=#D4D4D4]
      RenderText {#text} at (2,0) size 49x13
        text run at (2,0) width 49: "Item 425"
    RenderBlock {OPTION} at (1,5951) size 187x14 [bgcolor=#D4D4D4]
      RenderText {#text} at (2,0) size 49x13
        text run at (2,0) width 49: "Item 426"
    RenderBlock {OPTION} at (1,5965) size 187x14 [bgcolor=#D4D4D4]
      RenderText {#text} at (2,0) size 49x13
        text run at (2,0) width 49: "Item 427"
    RenderBlock {OPTION} at (1,5979) size 187x14 [bgcolor=#D4D4D4]
      RenderText {#text} at (2,0) size 49x13
        text run at (2,0) width 49: "Item 428"
    RenderBlock {OPTION} at (1,5993) size 187x14 [bgcolor=#D4D4D4]
      RenderText {#text} at (2,0) size 49x13
        text run at (2,0) width 49: "Item 429"
    RenderBlock {OPTION} at (1,6007) size 187x14 [bgcolor=#D4D4D4]
      RenderText {#text} at (2,0) size 49x13
        text run at (2,0) width 49: "Item 430"
    RenderBlock {OPTION} at (1,6021) size 187x14 [bgcolor=#D4D4D4]
      RenderText {#text} at (2,0) size 49x13
        text run at (2,0) width 49: "Item 431"
    RenderBlock {OPTION} at (1,6035) size 187x14 [bgcolor=#D4D4D4]
      RenderText {#text} at (2,0) size 49x13
        text run at (2,0) width 49: "Item 432"
    RenderBlock {OPTION} at (1,6049) size 187x14 [bgcolor=#D4D4D4]
      RenderText {#text} at (2,0) size 49x13
        text run at (2,0) width 49: "Item 433"
    RenderBlock {OPTION} at (1,6063) size 187x14 [bgcolor=#D4D4D4]
      RenderText {#text} at (2,0) size 49x13
        text run at (2,0) width 49: "Item 434"
    RenderBlock {OPTION} at (1,6077) size 187x14 [bgcolor=#D4D4D4]
      RenderText {#text} at (2,0) size 49x13
        text run at (2,0) width 49: "Item 435"
    RenderBlock {OPTION} at (1,6091) size 187x14 [bgcolor=#D4D4D4]
      RenderText {#text} at (2,0) size 49x13
        text run at (2,0) width 49: "Item 436"
    RenderBlock {OPTION} at (1,6105) size 187x14 [bgcolor=#D4D4D4]
      RenderText {#text} at (2,0) size 49x13
        text run at (2,0) width 49: "Item 437"
    RenderBlock {OPTION} at (1,6119) size 187x14 [bgcolor=#D4D4D4]
      RenderText {#text} at (2,0) size 49x13
        text run at (2,0) width 49: "Item 438"
    RenderBlock {OPTION} at (1,6133) size 187x14 [bgcolor=#D4D4D4]
      RenderText {#text} at (2,0) size 49x13
        text run at (2,0) width 49: "Item 439"
    RenderBlock {OPTION} at (1,6147) size 187x14 [bgcolor=#D4D4D4]
      RenderText {#text} at (2,0) size 49x13
        text run at (2,0) width 49: "Item 440"
    RenderBlock {OPTION} at (1,6161) size 187x14 [bgcolor=#D4D4D4]
      RenderText {#text} at (2,0) size 49x13
        text run at (2,0) width 49: "Item 441"
    RenderBlock {OPTION} at (1,6175) size 187x14 [bgcolor=#D4D4D4]
      RenderText {#text} at (2,0) size 49x13
        text run at (2,0) width 49: "Item 442"
    RenderBlock {OPTION} at (1,6189) size 187x14 [bgcolor=#D4D4D4]
      RenderText {#text} at (2,0) size 49x13
        text run at (2,0) width 49: "Item 443"
    RenderBlock {OPTION} at (1,6203) size 187x14 [bgcolor=#D4D4D4]
      RenderText {#text} at (2,0) size 49x13
        text run at (2,0) width 49: "Item 444"
    RenderBlock {OPTION} at (1,6217) size 187x14 [bgcolor=#D4D4D4]
      RenderText {#text} at (2,0) size 49x13
        text run at (2,0) width 49: "Item 445"
    RenderBlock {OPTION} at (1,6231) size 187x14 [bgcolor=#D4D4D4]
      RenderText {#text} at (2,0) size 49x13
        text run at (2,0) width 49: "Item 446"
    RenderBlock {OPTION} at (1,6245) size 187x14 [bgcolor=#D4D4D4]
      RenderText {#text} at (2,0) size 49x13
        text run at (2,0) width 49: "Item 447"
    RenderBlock {OPTION} at (1,6259) size 187x14 [bgcolor=#D4D4D4]
      RenderText {#text} at (2,0) size 49x13
        text run at (2,0) width 49: "Item 448"
    RenderBlock {OPTION} at (1,6273) size 187x14 [bgcolor=#D4D4D4]
      RenderText {#text} at (2,0) size 49x13
        text run at (2,0) width 49: "Item 449"
    RenderBlock {OPTION} at (1,6287) size 187x14 [bgcolor=#D4D4D4]
      RenderText {#text} at (2,0) size 49x13
        text run at (2,0) width 49: "Item 450"
    RenderBlock {OPTION} at (1,6301) size 187x14 [bgcolor=#D4D4D4]
      RenderText {#text} at (2,0) size 49x13
        text run at (2,0) width 49: "Item 451"
    RenderBlock {OPTION} at (1,6315) size 187x14 [bgcolor=#D4D4D4]
      RenderText {#text} at (2,0) size 49x13
        text run at (2,0) width 49: "Item 452"
    RenderBlock {OPTION} at (1,6329) size 187x14 [bgcolor=#D4D4D4]
      RenderText {#text} at (2,0) size 49x13
        text run at (2,0) width 49: "Item 453"
    RenderBlock {OPTION} at (1,6343) size 187x14 [bgcolor=#D4D4D4]
      RenderText {#text} at (2,0) size 49x13
        text run at (2,0) width 49: "Item 454"
    RenderBlock {OPTION} at (1,6357) size 187x14 [bgcolor=#D4D4D4]
      RenderText {#text} at (2,0) size 49x13
        text run at (2,0) width 49: "Item 455"
    RenderBlock {OPTION} at (1,6371) size 187x14 [bgcolor=#D4D4D4]
      RenderText {#text} at (2,0) size 49x13
        text run at (2,0) width 49: "Item 456"
    RenderBlock {OPTION} at (1,6385) size 187x14 [bgcolor=#D4D4D4]
      RenderText {#text} at (2,0) size 49x13
        text run at (2,0) width 49: "Item 457"
    RenderBlock {OPTION} at (1,6399) size 187x14 [bgcolor=#D4D4D4]
      RenderText {#text} at (2,0) size 49x13
        text run at (2,0) width 49: "Item 458"
    RenderBlock {OPTION} at (1,6413) size 187x14 [bgcolor=#D4D4D4]
      RenderText {#text} at (2,0) size 49x13
        text run at (2,0) width 49: "Item 459"
    RenderBlock {OPTION} at (1,6427) size 187x14 [bgcolor=#D4D4D4]
      RenderText {#text} at (2,0) size 49x13
        text run at (2,0) width 49: "Item 460"
    RenderBlock {OPTION} at (1,6441) size 187x14 [bgcolor=#D4D4D4]
      RenderText {#text} at (2,0) size 49x13
        text run at (2,0) width 49: "Item 461"
    RenderBlock {OPTION} at (1,6455) size 187x14 [bgcolor=#D4D4D4]
      RenderText {#text} at (2,0) size 49x13
        text run at (2,0) width 49: "Item 462"
    RenderBlock {OPTION} at (1,6469) size 187x14 [bgcolor=#D4D4D4]
      RenderText {#text} at (2,0) size 49x13
        text run at (2,0) width 49: "Item 463"
    RenderBlock {OPTION} at (1,6483) size 187x14 [bgcolor=#D4D4D4]
      RenderText {#text} at (2,0) size 49x13
        text run at (2,0) width 49: "Item 464"
    RenderBlock {OPTION} at (1,6497) size 187x14 [bgcolor=#D4D4D4]
      RenderText {#text} at (2,0) size 49x13
        text run at (2,0) width 49: "Item 465"
    RenderBlock {OPTION} at (1,6511) size 187x14 [bgcolor=#D4D4D4]
      RenderText {#text} at (2,0) size 49x13
        text run at (2,0) width 49: "Item 466"
    RenderBlock {OPTION} at (1,6525) size 187x14 [bgcolor=#D4D4D4]
      RenderText {#text} at (2,0) size 49x13
        text run at (2,0) width 49: "Item 467"
    RenderBlock {OPTION} at (1,6539) size 187x14 [bgcolor=#D4D4D4]
      RenderText {#text} at (2,0) size 49x13
        text run at (2,0) width 49: "Item 468"
    RenderBlock {OPTION} at (1,6553) size 187x14 [bgcolor=#D4D4D4]
      RenderText {#text} at (2,0) size 49x13
        text run at (2,0) width 49: "Item 469"
    RenderBlock {OPTION} at (1,6567) size 187x14 [bgcolor=#D4D4D4]
      RenderText {#text} at (2,0) size 49x13
        text run at (2,0) width 49: "Item 470"
    RenderBlock {OPTION} at (1,6581) size 187x14 [bgcolor=#D4D4D4]
      RenderText {#text} at (2,0) size 49x13
        text run at (2,0) width 49: "Item 471"
    RenderBlock {OPTION} at (1,6595) size 187x14 [bgcolor=#D4D4D4]
      RenderText {#text} at (2,0) size 49x13
        text run at (2,0) width 49: "Item 472"
    RenderBlock {OPTION} at (1,6609) size 187x14 [bgcolor=#D4D4D4]
      RenderText {#text} at (2,0) size 49x13
        text run at (2,0) width 49: "Item 473"
    RenderBlock {OPTION} at (1,6623) size 187x14 [bgcolor=#D4D4D4]
      RenderText {#text} at (2,0) size 49x13
        text run at (2,0) width 49: "Item 474"
    RenderBlock {OPTION} at (1,6637) size 187x14 [bgcolor=#D4D4D4]
      RenderText {#text} at (2,0) size 49x13
        text run at (2,0) width 49: "Item 475"
    RenderBlock {OPTION} at (1,6651) size 187x14 [bgcolor=#D4D4D4]
      RenderText {#text} at (2,0) size 49x13
        text run at (2,0) width 49: "Item 476"
    RenderBlock {OPTION} at (1,6665) size 187x14 [bgcolor=#D4D4D4]
      RenderText {#text} at (2,0) size 49x13
        text run at (2,0) width 49: "Item 477"
    RenderBlock {OPTION} at (1,6679) size 187x14 [bgcolor=#D4D4D4]
      RenderText {#text} at (2,0) size 49x13
        text run at (2,0) width 49: "Item 478"
    RenderBlock {OPTION} at (1,6693) size 187x14 [bgcolor=#D4D4D4]
      RenderText {#text} at (2,0) size 49x13
        text run at (2,0) width 49: "Item 479"
    RenderBlock {OPTION} at (1,6707) size 187x14 [bgcolor=#D4D4D4]
      RenderText {#text} at (2,0) size 49x13
        text run at (2,0) width 49: "Item 480"
    RenderBlock {OPTION} at (1,6721) size 187x14 [bgcolor=#D4D4D4]
      RenderText {#text} at (2,0) size 49x13
        text run at (2,0) width 49: "Item 481"
    RenderBlock {OPTION} at (1,6735) size 187x14 [bgcolor=#D4D4D4]
      RenderText {#text} at (2,0) size 49x13
        text run at (2,0) width 49: "Item 482"
    RenderBlock {OPTION} at (1,6749) size 187x14 [bgcolor=#D4D4D4]
      RenderText {#text} at (2,0) size 49x13
        text run at (2,0) width 49: "Item 483"
    RenderBlock {OPTION} at (1,6763) size 187x14 [bgcolor=#D4D4D4]
      RenderText {#text} at (2,0) size 49x13
        text run at (2,0) width 49: "Item 484"
    RenderBlock {OPTION} at (1,6777) size 187x14 [bgcolor=#D4D4D4]
      RenderText {#text} at (2,0) size 49x13
        text run at (2,0) width 49: "Item 485"
    RenderBlock {OPTION} at (1,6791) size 187x14 [bgcolor=#D4D4D4]
      RenderText {#text} at (2,0) size 49x13
        text run at (2,0) width 49: "Item 486"
    RenderBlock {OPTION} at (1,6805) size 187x14 [bgcolor=#D4D4D4]
      RenderText {#text} at (2,0) size 49x13
        text run at (2,0) width 49: "Item 487"
    RenderBlock {OPTION} at (1,6819) size 187x14 [bgcolor=#D4D4D4]
      RenderText {#text} at (2,0) size 49x13
        text run at (2,0) width 49: "Item 488"
    RenderBlock {OPTION} at (1,6833) size 187x14 [bgcolor=#D4D4D4]
      RenderText {#text} at (2,0) size 49x13
        text run at (2,0) width 49: "Item 489"
    RenderBlock {OPTION} at (1,6847) size 187x14 [bgcolor=#D4D4D4]
      RenderText {#text} at (2,0) size 49x13
        text run at (2,0) width 49: "Item 490"
    RenderBlock {OPTION} at (1,6861) size 187x14 [bgcolor=#D4D4D4]
      RenderText {#text} at (2,0) size 49x13
        text run at (2,0) width 49: "Item 491"
    RenderBlock {OPTION} at (1,6875) size 187x14 [bgcolor=#D4D4D4]
      RenderText {#text} at (2,0) size 49x13
        text run at (2,0) width 49: "Item 492"
    RenderBlock {OPTION} at (1,6889) size 187x14 [bgcolor=#D4D4D4]
      RenderText {#text} at (2,0) size 49x13
        text run at (2,0) width 49: "Item 493"
    RenderBlock {OPTION} at (1,6903) size 187x14 [bgcolor=#D4D4D4]
      RenderText {#text} at (2,0) size 49x13
        text run at (2,0) width 49: "Item 494"
    RenderBlock {OPTION} at (1,6917) size 187x14 [bgcolor=#D4D4D4]
      RenderText {#text} at (2,0) size 49x13
        text run at (2,0) width 49: "Item 495"
    RenderBlock {OPTION} at (1,6931) size 187x14 [bgcolor=#D4D4D4]
      RenderText {#text} at (2,0) size 49x13
        text run at (2,0) width 49: "Item 496"
    RenderBlock {OPTION} at (1,6945) size 187x14 [bgcolor=#D4D4D4]
      RenderText {#text} at (2,0) size 49x13
        text run at (2,0) width 49: "Item 497"
    RenderBlock {OPTION} at (1,6959) size 187x14 [bgcolor=#D4D4D4]
      RenderText {#text} at (2,0) size 49x13
        text run at (2,0) width 49: "Item 498"
    RenderBlock {OPTION} at (1,6973) size 187x14 [bgcolor=#D4D4D4]
      RenderText {#text} at (2,0) size 49x13
        text run at (2,0) width 49: "Item 499"
    RenderBlock {OPTION} at (1,6987) size 187x14 [bgcolor=#D4D4D4]
      RenderText {#text} at (2,0) size 49x13
        text run at (2,0) width 49: "Item 500"
    RenderBlock {OPTION} at (1,7001) size 187x14 [bgcolor=#D4D4D4]
      RenderText {#text} at (2,0) size 49x13
        text run at (2,0) width 49: "Item 501"
    RenderBlock {OPTION} at (1,7015) size 187x14 [bgcolor=#D4D4D4]
      RenderText {#text} at (2,0) size 49x13
        text run at (2,0) width 49: "Item 502"
    RenderBlock {OPTION} at (1,7029) size 187x14 [bgcolor=#D4D4D4]
      RenderText {#text} at (2,0) size 49x13
        text run at (2,0) width 49: "Item 503"
    RenderBlock {OPTION} at (1,7043) size 187x14 [bgcolor=#D4D4D4]
      RenderText {#text} at (2,0) size 49x13
        text run at (2,0) width 49: "Item 504"
    RenderBlock {OPTION} at (1,7057) size 187x14 [bgcolor=#D4D4D4]
      RenderText {#text} at (2,0) size 49x13
        text run at (2,0) width 49: "Item 505"
    RenderBlock {OPTION} at (1,7071) size 187x14 [bgcolor=#D4D4D4]
      RenderText {#text} at (2,0) size 49x13
        text run at (2,0) width 49: "Item 506"
    RenderBlock {OPTION} at (1,7085) size 187x14 [bgcolor=#D4D4D4]
      RenderText {#text} at (2,0) size 49x13
        text run at (2,0) width 49: "Item 507"
    RenderBlock {OPTION} at (1,7099) size 187x14 [bgcolor=#D4D4D4]
      RenderText {#text} at (2,0) size 49x13
        text run at (2,0) width 49: "Item 508"
    RenderBlock {OPTION} at (1,7113) size 187x14 [bgcolor=#D4D4D4]
      RenderText {#text} at (2,0) size 49x13
        text run at (2,0) width 49: "Item 509"
    RenderBlock {OPTION} at (1,7127) size 187x14 [bgcolor=#D4D4D4]
      RenderText {#text} at (2,0) size 49x13
        text run at (2,0) width 49: "Item 510"
    RenderBlock {OPTION} at (1,7141) size 187x14 [bgcolor=#D4D4D4]
      RenderText {#text} at (2,0) size 49x13
        text run at (2,0) width 49: "Item 511"
    RenderBlock {OPTION} at (1,7155) size 187x14 [bgcolor=#D4D4D4]
      RenderText {#text} at (2,0) size 49x13
        text run at (2,0) width 49: "Item 512"
    RenderBlock {OPTION} at (1,7169) size 187x14 [bgcolor=#D4D4D4]
      RenderText {#text} at (2,0) size 49x13
        text run at (2,0) width 49: "Item 513"
    RenderBlock {OPTION} at (1,7183) size 187x14 [bgcolor=#D4D4D4]
      RenderText {#text} at (2,0) size 49x13
        text run at (2,0) width 49: "Item 514"
    RenderBlock {OPTION} at (1,7197) size 187x14 [bgcolor=#D4D4D4]
      RenderText {#text} at (2,0) size 49x13
        text run at (2,0) width 49: "Item 515"
    RenderBlock {OPTION} at (1,7211) size 187x14 [bgcolor=#D4D4D4]
      RenderText {#text} at (2,0) size 49x13
        text run at (2,0) width 49: "Item 516"
    RenderBlock {OPTION} at (1,7225) size 187x14 [bgcolor=#D4D4D4]
      RenderText {#text} at (2,0) size 49x13
        text run at (2,0) width 49: "Item 517"
    RenderBlock {OPTION} at (1,7239) size 187x14 [bgcolor=#D4D4D4]
      RenderText {#text} at (2,0) size 49x13
        text run at (2,0) width 49: "Item 518"
    RenderBlock {OPTION} at (1,7253) size 187x14 [bgcolor=#D4D4D4]
      RenderText {#text} at (2,0) size 49x13
        text run at (2,0) width 49: "Item 519"
    RenderBlock {OPTION} at (1,7267) size 187x14 [bgcolor=#D4D4D4]
      RenderText {#text} at (2,0) size 49x13
        text run at (2,0) width 49: "Item 520"
    RenderBlock {OPTION} at (1,7281) size 187x14 [bgcolor=#D4D4D4]
      RenderText {#text} at (2,0) size 49x13
        text run at (2,0) width 49: "Item 521"
    RenderBlock {OPTION} at (1,7295) size 187x14 [bgcolor=#D4D4D4]
      RenderText {#text} at (2,0) size 49x13
        text run at (2,0) width 49: "Item 522"
    RenderBlock {OPTION} at (1,7309) size 187x14 [bgcolor=#D4D4D4]
      RenderText {#text} at (2,0) size 49x13
        text run at (2,0) width 49: "Item 523"
    RenderBlock {OPTION} at (1,7323) size 187x14 [bgcolor=#D4D4D4]
      RenderText {#text} at (2,0) size 49x13
        text run at (2,0) width 49: "Item 524"
    RenderBlock {OPTION} at (1,7337) size 187x14 [bgcolor=#D4D4D4]
      RenderText {#text} at (2,0) size 49x13
        text run at (2,0) width 49: "Item 525"
    RenderBlock {OPTION} at (1,7351) size 187x14 [bgcolor=#D4D4D4]
      RenderText {#text} at (2,0) size 49x13
        text run at (2,0) width 49: "Item 526"
    RenderBlock {OPTION} at (1,7365) size 187x14 [bgcolor=#D4D4D4]
      RenderText {#text} at (2,0) size 49x13
        text run at (2,0) width 49: "Item 527"
    RenderBlock {OPTION} at (1,7379) size 187x14 [bgcolor=#D4D4D4]
      RenderText {#text} at (2,0) size 49x13
        text run at (2,0) width 49: "Item 528"
    RenderBlock {OPTION} at (1,7393) size 187x14 [bgcolor=#D4D4D4]
      RenderText {#text} at (2,0) size 49x13
        text run at (2,0) width 49: "Item 529"
    RenderBlock {OPTION} at (1,7407) size 187x14 [bgcolor=#D4D4D4]
      RenderText {#text} at (2,0) size 49x13
        text run at (2,0) width 49: "Item 530"
    RenderBlock {OPTION} at (1,7421) size 187x14 [bgcolor=#D4D4D4]
      RenderText {#text} at (2,0) size 49x13
        text run at (2,0) width 49: "Item 531"
    RenderBlock {OPTION} at (1,7435) size 187x14 [bgcolor=#D4D4D4]
      RenderText {#text} at (2,0) size 49x13
        text run at (2,0) width 49: "Item 532"
    RenderBlock {OPTION} at (1,7449) size 187x14 [bgcolor=#D4D4D4]
      RenderText {#text} at (2,0) size 49x13
        text run at (2,0) width 49: "Item 533"
    RenderBlock {OPTION} at (1,7463) size 187x14 [bgcolor=#D4D4D4]
      RenderText {#text} at (2,0) size 49x13
        text run at (2,0) width 49: "Item 534"
    RenderBlock {OPTION} at (1,7477) size 187x14 [bgcolor=#D4D4D4]
      RenderText {#text} at (2,0) size 49x13
        text run at (2,0) width 49: "Item 535"
    RenderBlock {OPTION} at (1,7491) size 187x14 [bgcolor=#D4D4D4]
      RenderText {#text} at (2,0) size 49x13
        text run at (2,0) width 49: "Item 536"
    RenderBlock {OPTION} at (1,7505) size 187x14 [bgcolor=#D4D4D4]
      RenderText {#text} at (2,0) size 49x13
        text run at (2,0) width 49: "Item 537"
    RenderBlock {OPTION} at (1,7519) size 187x14 [bgcolor=#D4D4D4]
      RenderText {#text} at (2,0) size 49x13
        text run at (2,0) width 49: "Item 538"
    RenderBlock {OPTION} at (1,7533) size 187x14 [bgcolor=#D4D4D4]
      RenderText {#text} at (2,0) size 49x13
        text run at (2,0) width 49: "Item 539"
    RenderBlock {OPTION} at (1,7547) size 187x14 [bgcolor=#D4D4D4]
      RenderText {#text} at (2,0) size 49x13
        text run at (2,0) width 49: "Item 540"
    RenderBlock {OPTION} at (1,7561) size 187x14 [bgcolor=#D4D4D4]
      RenderText {#text} at (2,0) size 49x13
        text run at (2,0) width 49: "Item 541"
    RenderBlock {OPTION} at (1,7575) size 187x14 [bgcolor=#D4D4D4]
      RenderText {#text} at (2,0) size 49x13
        text run at (2,0) width 49: "Item 542"
    RenderBlock {OPTION} at (1,7589) size 187x14 [bgcolor=#D4D4D4]
      RenderText {#text} at (2,0) size 49x13
        text run at (2,0) width 49: "Item 543"
    RenderBlock {OPTION} at (1,7603) size 187x14 [bgcolor=#D4D4D4]
      RenderText {#text} at (2,0) size 49x13
        text run at (2,0) width 49: "Item 544"
    RenderBlock {OPTION} at (1,7617) size 187x14 [bgcolor=#D4D4D4]
      RenderText {#text} at (2,0) size 49x13
        text run at (2,0) width 49: "Item 545"
    RenderBlock {OPTION} at (1,7631) size 187x14 [bgcolor=#D4D4D4]
      RenderText {#text} at (2,0) size 49x13
        text run at (2,0) width 49: "Item 546"
    RenderBlock {OPTION} at (1,7645) size 187x14 [bgcolor=#D4D4D4]
      RenderText {#text} at (2,0) size 49x13
        text run at (2,0) width 49: "Item 547"
    RenderBlock {OPTION} at (1,7659) size 187x14 [bgcolor=#D4D4D4]
      RenderText {#text} at (2,0) size 49x13
        text run at (2,0) width 49: "Item 548"
    RenderBlock {OPTION} at (1,7673) size 187x14 [bgcolor=#D4D4D4]
      RenderText {#text} at (2,0) size 49x13
        text run at (2,0) width 49: "Item 549"
    RenderBlock {OPTION} at (1,7687) size 187x14 [bgcolor=#D4D4D4]
      RenderText {#text} at (2,0) size 49x13
        text run at (2,0) width 49: "Item 550"
    RenderBlock {OPTION} at (1,7701) size 187x14 [bgcolor=#D4D4D4]
      RenderText {#text} at (2,0) size 49x13
        text run at (2,0) width 49: "Item 551"
    RenderBlock {OPTION} at (1,7715) size 187x14 [bgcolor=#D4D4D4]
      RenderText {#text} at (2,0) size 49x13
        text run at (2,0) width 49: "Item 552"
    RenderBlock {OPTION} at (1,7729) size 187x14 [bgcolor=#D4D4D4]
      RenderText {#text} at (2,0) size 49x13
        text run at (2,0) width 49: "Item 553"
    RenderBlock {OPTION} at (1,7743) size 187x14 [bgcolor=#D4D4D4]
      RenderText {#text} at (2,0) size 49x13
        text run at (2,0) width 49: "Item 554"
    RenderBlock {OPTION} at (1,7757) size 187x14 [bgcolor=#D4D4D4]
      RenderText {#text} at (2,0) size 49x13
        text run at (2,0) width 49: "Item 555"
    RenderBlock {OPTION} at (1,7771) size 187x14 [bgcolor=#D4D4D4]
      RenderText {#text} at (2,0) size 49x13
        text run at (2,0) width 49: "Item 556"
    RenderBlock {OPTION} at (1,7785) size 187x14 [bgcolor=#D4D4D4]
      RenderText {#text} at (2,0) size 49x13
        text run at (2,0) width 49: "Item 557"
    RenderBlock {OPTION} at (1,7799) size 187x14 [bgcolor=#D4D4D4]
      RenderText {#text} at (2,0) size 49x13
        text run at (2,0) width 49: "Item 558"
    RenderBlock {OPTION} at (1,7813) size 187x14 [bgcolor=#D4D4D4]
      RenderText {#text} at (2,0) size 49x13
        text run at (2,0) width 49: "Item 559"
    RenderBlock {OPTION} at (1,7827) size 187x14 [bgcolor=#D4D4D4]
      RenderText {#text} at (2,0) size 49x13
        text run at (2,0) width 49: "Item 560"
    RenderBlock {OPTION} at (1,7841) size 187x14 [bgcolor=#D4D4D4]
      RenderText {#text} at (2,0) size 49x13
        text run at (2,0) width 49: "Item 561"
    RenderBlock {OPTION} at (1,7855) size 187x14 [bgcolor=#D4D4D4]
      RenderText {#text} at (2,0) size 49x13
        text run at (2,0) width 49: "Item 562"
    RenderBlock {OPTION} at (1,7869) size 187x14 [bgcolor=#D4D4D4]
      RenderText {#text} at (2,0) size 49x13
        text run at (2,0) width 49: "Item 563"
    RenderBlock {OPTION} at (1,7883) size 187x14 [bgcolor=#D4D4D4]
      RenderText {#text} at (2,0) size 49x13
        text run at (2,0) width 49: "Item 564"
    RenderBlock {OPTION} at (1,7897) size 187x14 [bgcolor=#D4D4D4]
      RenderText {#text} at (2,0) size 49x13
        text run at (2,0) width 49: "Item 565"
    RenderBlock {OPTION} at (1,7911) size 187x14 [bgcolor=#D4D4D4]
      RenderText {#text} at (2,0) size 49x13
        text run at (2,0) width 49: "Item 566"
    RenderBlock {OPTION} at (1,7925) size 187x14 [bgcolor=#D4D4D4]
      RenderText {#text} at (2,0) size 49x13
        text run at (2,0) width 49: "Item 567"
    RenderBlock {OPTION} at (1,7939) size 187x14 [bgcolor=#D4D4D4]
      RenderText {#text} at (2,0) size 49x13
        text run at (2,0) width 49: "Item 568"
    RenderBlock {OPTION} at (1,7953) size 187x14 [bgcolor=#D4D4D4]
      RenderText {#text} at (2,0) size 49x13
        text run at (2,0) width 49: "Item 569"
    RenderBlock {OPTION} at (1,7967) size 187x14 [bgcolor=#D4D4D4]
      RenderText {#text} at (2,0) size 49x13
        text run at (2,0) width 49: "Item 570"
    RenderBlock {OPTION} at (1,7981) size 187x14 [bgcolor=#D4D4D4]
      RenderText {#text} at (2,0) size 49x13
        text run at (2,0) width 49: "Item 571"
    RenderBlock {OPTION} at (1,7995) size 187x14 [bgcolor=#D4D4D4]
      RenderText {#text} at (2,0) size 49x13
        text run at (2,0) width 49: "Item 572"
    RenderBlock {OPTION} at (1,8009) size 187x14 [bgcolor=#D4D4D4]
      RenderText {#text} at (2,0) size 49x13
        text run at (2,0) width 49: "Item 573"
    RenderBlock {OPTION} at (1,8023) size 187x14 [bgcolor=#D4D4D4]
      RenderText {#text} at (2,0) size 49x13
        text run at (2,0) width 49: "Item 574"
    RenderBlock {OPTION} at (1,8037) size 187x14 [bgcolor=#D4D4D4]
      RenderText {#text} at (2,0) size 49x13
        text run at (2,0) width 49: "Item 575"
    RenderBlock {OPTION} at (1,8051) size 187x14 [bgcolor=#D4D4D4]
      RenderText {#text} at (2,0) size 49x13
        text run at (2,0) width 49: "Item 576"
    RenderBlock {OPTION} at (1,8065) size 187x14 [bgcolor=#D4D4D4]
      RenderText {#text} at (2,0) size 49x13
        text run at (2,0) width 49: "Item 577"
    RenderBlock {OPTION} at (1,8079) size 187x14 [bgcolor=#D4D4D4]
      RenderText {#text} at (2,0) size 49x13
        text run at (2,0) width 49: "Item 578"
    RenderBlock {OPTION} at (1,8093) size 187x14 [bgcolor=#D4D4D4]
      RenderText {#text} at (2,0) size 49x13
        text run at (2,0) width 49: "Item 579"
    RenderBlock {OPTION} at (1,8107) size 187x14 [bgcolor=#D4D4D4]
      RenderText {#text} at (2,0) size 49x13
        text run at (2,0) width 49: "Item 580"
    RenderBlock {OPTION} at (1,8121) size 187x14 [bgcolor=#D4D4D4]
      RenderText {#text} at (2,0) size 49x13
        text run at (2,0) width 49: "Item 581"
    RenderBlock {OPTION} at (1,8135) size 187x14 [bgcolor=#D4D4D4]
      RenderText {#text} at (2,0) size 49x13
        text run at (2,0) width 49: "Item 582"
    RenderBlock {OPTION} at (1,8149) size 187x14 [bgcolor=#D4D4D4]
      RenderText {#text} at (2,0) size 49x13
        text run at (2,0) width 49: "Item 583"
    RenderBlock {OPTION} at (1,8163) size 187x14 [bgcolor=#D4D4D4]
      RenderText {#text} at (2,0) size 49x13
        text run at (2,0) width 49: "Item 584"
    RenderBlock {OPTION} at (1,8177) size 187x14 [bgcolor=#D4D4D4]
      RenderText {#text} at (2,0) size 49x13
        text run at (2,0) width 49: "Item 585"
    RenderBlock {OPTION} at (1,8191) size 187x14 [bgcolor=#D4D4D4]
      RenderText {#text} at (2,0) size 49x13
        text run at (2,0) width 49: "Item 586"
    RenderBlock {OPTION} at (1,8205) size 187x14 [bgcolor=#D4D4D4]
      RenderText {#text} at (2,0) size 49x13
        text run at (2,0) width 49: "Item 587"
    RenderBlock {OPTION} at (1,8219) size 187x14 [bgcolor=#D4D4D4]
      RenderText {#text} at (2,0) size 49x13
        text run at (2,0) width 49: "Item 588"
    RenderBlock {OPTION} at (1,8233) size 187x14 [bgcolor=#D4D4D4]
      RenderText {#text} at (2,0) size 49x13
        text run at (2,0) width 49: "Item 589"
    RenderBlock {OPTION} at (1,8247) size 187x14 [bgcolor=#D4D4D4]
      RenderText {#text} at (2,0) size 49x13
        text run at (2,0) width 49: "Item 590"
    RenderBlock {OPTION} at (1,8261) size 187x14 [bgcolor=#D4D4D4]
      RenderText {#text} at (2,0) size 49x13
        text run at (2,0) width 49: "Item 591"
    RenderBlock {OPTION} at (1,8275) size 187x14 [bgcolor=#D4D4D4]
      RenderText {#text} at (2,0) size 49x13
        text run at (2,0) width 49: "Item 592"
    RenderBlock {OPTION} at (1,8289) size 187x14 [bgcolor=#D4D4D4]
      RenderText {#text} at (2,0) size 49x13
        text run at (2,0) width 49: "Item 593"
    RenderBlock {OPTION} at (1,8303) size 187x14 [bgcolor=#D4D4D4]
      RenderText {#text} at (2,0) size 49x13
        text run at (2,0) width 49: "Item 594"
    RenderBlock {OPTION} at (1,8317) size 187x14 [bgcolor=#D4D4D4]
      RenderText {#text} at (2,0) size 49x13
        text run at (2,0) width 49: "Item 595"
    RenderBlock {OPTION} at (1,8331) size 187x14 [bgcolor=#D4D4D4]
      RenderText {#text} at (2,0) size 49x13
        text run at (2,0) width 49: "Item 596"
    RenderBlock {OPTION} at (1,8345) size 187x14 [bgcolor=#D4D4D4]
      RenderText {#text} at (2,0) size 49x13
        text run at (2,0) width 49: "Item 597"
    RenderBlock {OPTION} at (1,8359) size 187x14 [bgcolor=#D4D4D4]
      RenderText {#text} at (2,0) size 49x13
        text run at (2,0) width 49: "Item 598"
    RenderBlock {OPTION} at (1,8373) size 187x14 [bgcolor=#D4D4D4]
      RenderText {#text} at (2,0) size 49x13
        text run at (2,0) width 49: "Item 599"
    RenderBlock {OPTION} at (1,8387) size 187x14 [bgcolor=#D4D4D4]
      RenderText {#text} at (2,0) size 49x13
        text run at (2,0) width 49: "Item 600"
    RenderBlock {OPTION} at (1,8401) size 187x14 [bgcolor=#D4D4D4]
      RenderText {#text} at (2,0) size 49x13
        text run at (2,0) width 49: "Item 601"
    RenderBlock {OPTION} at (1,8415) size 187x14 [bgcolor=#D4D4D4]
      RenderText {#text} at (2,0) size 49x13
        text run at (2,0) width 49: "Item 602"
    RenderBlock {OPTION} at (1,8429) size 187x14 [bgcolor=#D4D4D4]
      RenderText {#text} at (2,0) size 49x13
        text run at (2,0) width 49: "Item 603"
    RenderBlock {OPTION} at (1,8443) size 187x14 [bgcolor=#D4D4D4]
      RenderText {#text} at (2,0) size 49x13
        text run at (2,0) width 49: "Item 604"
    RenderBlock {OPTION} at (1,8457) size 187x14 [bgcolor=#D4D4D4]
      RenderText {#text} at (2,0) size 49x13
        text run at (2,0) width 49: "Item 605"
    RenderBlock {OPTION} at (1,8471) size 187x14 [bgcolor=#D4D4D4]
      RenderText {#text} at (2,0) size 49x13
        text run at (2,0) width 49: "Item 606"
    RenderBlock {OPTION} at (1,8485) size 187x14 [bgcolor=#D4D4D4]
      RenderText {#text} at (2,0) size 49x13
        text run at (2,0) width 49: "Item 607"
    RenderBlock {OPTION} at (1,8499) size 187x14 [bgcolor=#D4D4D4]
      RenderText {#text} at (2,0) size 49x13
        text run at (2,0) width 49: "Item 608"
    RenderBlock {OPTION} at (1,8513) size 187x14 [bgcolor=#D4D4D4]
      RenderText {#text} at (2,0) size 49x13
        text run at (2,0) width 49: "Item 609"
    RenderBlock {OPTION} at (1,8527) size 187x14 [bgcolor=#D4D4D4]
      RenderText {#text} at (2,0) size 49x13
        text run at (2,0) width 49: "Item 610"
    RenderBlock {OPTION} at (1,8541) size 187x14 [bgcolor=#D4D4D4]
      RenderText {#text} at (2,0) size 49x13
        text run at (2,0) width 49: "Item 611"
    RenderBlock {OPTION} at (1,8555) size 187x14 [bgcolor=#D4D4D4]
      RenderText {#text} at (2,0) size 49x13
        text run at (2,0) width 49: "Item 612"
    RenderBlock {OPTION} at (1,8569) size 187x14 [bgcolor=#D4D4D4]
      RenderText {#text} at (2,0) size 49x13
        text run at (2,0) width 49: "Item 613"
    RenderBlock {OPTION} at (1,8583) size 187x14 [bgcolor=#D4D4D4]
      RenderText {#text} at (2,0) size 49x13
        text run at (2,0) width 49: "Item 614"
    RenderBlock {OPTION} at (1,8597) size 187x14 [bgcolor=#D4D4D4]
      RenderText {#text} at (2,0) size 49x13
        text run at (2,0) width 49: "Item 615"
    RenderBlock {OPTION} at (1,8611) size 187x14 [bgcolor=#D4D4D4]
      RenderText {#text} at (2,0) size 49x13
        text run at (2,0) width 49: "Item 616"
    RenderBlock {OPTION} at (1,8625) size 187x14 [bgcolor=#D4D4D4]
      RenderText {#text} at (2,0) size 49x13
        text run at (2,0) width 49: "Item 617"
    RenderBlock {OPTION} at (1,8639) size 187x14 [bgcolor=#D4D4D4]
      RenderText {#text} at (2,0) size 49x13
        text run at (2,0) width 49: "Item 618"
    RenderBlock {OPTION} at (1,8653) size 187x14 [bgcolor=#D4D4D4]
      RenderText {#text} at (2,0) size 49x13
        text run at (2,0) width 49: "Item 619"
    RenderBlock {OPTION} at (1,8667) size 187x14 [bgcolor=#D4D4D4]
      RenderText {#text} at (2,0) size 49x13
        text run at (2,0) width 49: "Item 620"
    RenderBlock {OPTION} at (1,8681) size 187x14 [bgcolor=#D4D4D4]
      RenderText {#text} at (2,0) size 49x13
        text run at (2,0) width 49: "Item 621"
    RenderBlock {OPTION} at (1,8695) size 187x14 [bgcolor=#D4D4D4]
      RenderText {#text} at (2,0) size 49x13
        text run at (2,0) width 49: "Item 622"
    RenderBlock {OPTION} at (1,8709) size 187x14 [bgcolor=#D4D4D4]
      RenderText {#text} at (2,0) size 49x13
        text run at (2,0) width 49: "Item 623"
    RenderBlock {OPTION} at (1,8723) size 187x14 [bgcolor=#D4D4D4]
      RenderText {#text} at (2,0) size 49x13
        text run at (2,0) width 49: "Item 624"
    RenderBlock {OPTION} at (1,8737) size 187x14 [bgcolor=#D4D4D4]
      RenderText {#text} at (2,0) size 49x13
        text run at (2,0) width 49: "Item 625"
    RenderBlock {OPTION} at (1,8751) size 187x14 [bgcolor=#D4D4D4]
      RenderText {#text} at (2,0) size 49x13
        text run at (2,0) width 49: "Item 626"
    RenderBlock {OPTION} at (1,8765) size 187x14 [bgcolor=#D4D4D4]
      RenderText {#text} at (2,0) size 49x13
        text run at (2,0) width 49: "Item 627"
    RenderBlock {OPTION} at (1,8779) size 187x14 [bgcolor=#D4D4D4]
      RenderText {#text} at (2,0) size 49x13
        text run at (2,0) width 49: "Item 628"
    RenderBlock {OPTION} at (1,8793) size 187x14 [bgcolor=#D4D4D4]
      RenderText {#text} at (2,0) size 49x13
        text run at (2,0) width 49: "Item 629"
    RenderBlock {OPTION} at (1,8807) size 187x14 [bgcolor=#D4D4D4]
      RenderText {#text} at (2,0) size 49x13
        text run at (2,0) width 49: "Item 630"
    RenderBlock {OPTION} at (1,8821) size 187x14 [bgcolor=#D4D4D4]
      RenderText {#text} at (2,0) size 49x13
        text run at (2,0) width 49: "Item 631"
    RenderBlock {OPTION} at (1,8835) size 187x14 [bgcolor=#D4D4D4]
      RenderText {#text} at (2,0) size 49x13
        text run at (2,0) width 49: "Item 632"
    RenderBlock {OPTION} at (1,8849) size 187x14 [bgcolor=#D4D4D4]
      RenderText {#text} at (2,0) size 49x13
        text run at (2,0) width 49: "Item 633"
    RenderBlock {OPTION} at (1,8863) size 187x14 [bgcolor=#D4D4D4]
      RenderText {#text} at (2,0) size 49x13
        text run at (2,0) width 49: "Item 634"
    RenderBlock {OPTION} at (1,8877) size 187x14 [bgcolor=#D4D4D4]
      RenderText {#text} at (2,0) size 49x13
        text run at (2,0) width 49: "Item 635"
    RenderBlock {OPTION} at (1,8891) size 187x14 [bgcolor=#D4D4D4]
      RenderText {#text} at (2,0) size 49x13
        text run at (2,0) width 49: "Item 636"
    RenderBlock {OPTION} at (1,8905) size 187x14 [bgcolor=#D4D4D4]
      RenderText {#text} at (2,0) size 49x13
        text run at (2,0) width 49: "Item 637"
    RenderBlock {OPTION} at (1,8919) size 187x14 [bgcolor=#D4D4D4]
      RenderText {#text} at (2,0) size 49x13
        text run at (2,0) width 49: "Item 638"
    RenderBlock {OPTION} at (1,8933) size 187x14 [bgcolor=#D4D4D4]
      RenderText {#text} at (2,0) size 49x13
        text run at (2,0) width 49: "Item 639"
    RenderBlock {OPTION} at (1,8947) size 187x14 [bgcolor=#D4D4D4]
      RenderText {#text} at (2,0) size 49x13
        text run at (2,0) width 49: "Item 640"
    RenderBlock {OPTION} at (1,8961) size 187x14 [bgcolor=#D4D4D4]
      RenderText {#text} at (2,0) size 49x13
        text run at (2,0) width 49: "Item 641"
    RenderBlock {OPTION} at (1,8975) size 187x14 [bgcolor=#D4D4D4]
      RenderText {#text} at (2,0) size 49x13
        text run at (2,0) width 49: "Item 642"
    RenderBlock {OPTION} at (1,8989) size 187x14 [bgcolor=#D4D4D4]
      RenderText {#text} at (2,0) size 49x13
        text run at (2,0) width 49: "Item 643"
    RenderBlock {OPTION} at (1,9003) size 187x14 [bgcolor=#D4D4D4]
      RenderText {#text} at (2,0) size 49x13
        text run at (2,0) width 49: "Item 644"
    RenderBlock {OPTION} at (1,9017) size 187x14 [bgcolor=#D4D4D4]
      RenderText {#text} at (2,0) size 49x13
        text run at (2,0) width 49: "Item 645"
    RenderBlock {OPTION} at (1,9031) size 187x14 [bgcolor=#D4D4D4]
      RenderText {#text} at (2,0) size 49x13
        text run at (2,0) width 49: "Item 646"
    RenderBlock {OPTION} at (1,9045) size 187x14 [bgcolor=#D4D4D4]
      RenderText {#text} at (2,0) size 49x13
        text run at (2,0) width 49: "Item 647"
    RenderBlock {OPTION} at (1,9059) size 187x14 [bgcolor=#D4D4D4]
      RenderText {#text} at (2,0) size 49x13
        text run at (2,0) width 49: "Item 648"
    RenderBlock {OPTION} at (1,9073) size 187x14 [bgcolor=#D4D4D4]
      RenderText {#text} at (2,0) size 49x13
        text run at (2,0) width 49: "Item 649"
    RenderBlock {OPTION} at (1,9087) size 187x14 [bgcolor=#D4D4D4]
      RenderText {#text} at (2,0) size 49x13
        text run at (2,0) width 49: "Item 650"
    RenderBlock {OPTION} at (1,9101) size 187x14 [bgcolor=#D4D4D4]
      RenderText {#text} at (2,0) size 49x13
        text run at (2,0) width 49: "Item 651"
    RenderBlock {OPTION} at (1,9115) size 187x14 [bgcolor=#D4D4D4]
      RenderText {#text} at (2,0) size 49x13
        text run at (2,0) width 49: "Item 652"
    RenderBlock {OPTION} at (1,9129) size 187x14 [bgcolor=#D4D4D4]
      RenderText {#text} at (2,0) size 49x13
        text run at (2,0) width 49: "Item 653"
    RenderBlock {OPTION} at (1,9143) size 187x14 [bgcolor=#D4D4D4]
      RenderText {#text} at (2,0) size 49x13
        text run at (2,0) width 49: "Item 654"
    RenderBlock {OPTION} at (1,9157) size 187x14 [bgcolor=#D4D4D4]
      RenderText {#text} at (2,0) size 49x13
        text run at (2,0) width 49: "Item 655"
    RenderBlock {OPTION} at (1,9171) size 187x14 [bgcolor=#D4D4D4]
      RenderText {#text} at (2,0) size 49x13
        text run at (2,0) width 49: "Item 656"
    RenderBlock {OPTION} at (1,9185) size 187x14 [bgcolor=#D4D4D4]
      RenderText {#text} at (2,0) size 49x13
        text run at (2,0) width 49: "Item 657"
    RenderBlock {OPTION} at (1,9199) size 187x14 [bgcolor=#D4D4D4]
      RenderText {#text} at (2,0) size 49x13
        text run at (2,0) width 49: "Item 658"
    RenderBlock {OPTION} at (1,9213) size 187x14 [bgcolor=#D4D4D4]
      RenderText {#text} at (2,0) size 49x13
        text run at (2,0) width 49: "Item 659"
    RenderBlock {OPTION} at (1,9227) size 187x14 [bgcolor=#D4D4D4]
      RenderText {#text} at (2,0) size 49x13
        text run at (2,0) width 49: "Item 660"
    RenderBlock {OPTION} at (1,9241) size 187x14 [bgcolor=#D4D4D4]
      RenderText {#text} at (2,0) size 49x13
        text run at (2,0) width 49: "Item 661"
    RenderBlock {OPTION} at (1,9255) size 187x14 [bgcolor=#D4D4D4]
      RenderText {#text} at (2,0) size 49x13
        text run at (2,0) width 49: "Item 662"
    RenderBlock {OPTION} at (1,9269) size 187x14 [bgcolor=#D4D4D4]
      RenderText {#text} at (2,0) size 49x13
        text run at (2,0) width 49: "Item 663"
    RenderBlock {OPTION} at (1,9283) size 187x14 [bgcolor=#D4D4D4]
      RenderText {#text} at (2,0) size 49x13
        text run at (2,0) width 49: "Item 664"
    RenderBlock {OPTION} at (1,9297) size 187x14 [bgcolor=#D4D4D4]
      RenderText {#text} at (2,0) size 49x13
        text run at (2,0) width 49: "Item 665"
    RenderBlock {OPTION} at (1,9311) size 187x14 [bgcolor=#D4D4D4]
      RenderText {#text} at (2,0) size 49x13
        text run at (2,0) width 49: "Item 666"
    RenderBlock {OPTION} at (1,9325) size 187x14 [bgcolor=#D4D4D4]
      RenderText {#text} at (2,0) size 49x13
        text run at (2,0) width 49: "Item 667"
    RenderBlock {OPTION} at (1,9339) size 187x14 [bgcolor=#D4D4D4]
      RenderText {#text} at (2,0) size 49x13
        text run at (2,0) width 49: "Item 668"
    RenderBlock {OPTION} at (1,9353) size 187x14 [bgcolor=#D4D4D4]
      RenderText {#text} at (2,0) size 49x13
        text run at (2,0) width 49: "Item 669"
    RenderBlock {OPTION} at (1,9367) size 187x14 [bgcolor=#D4D4D4]
      RenderText {#text} at (2,0) size 49x13
        text run at (2,0) width 49: "Item 670"
    RenderBlock {OPTION} at (1,9381) size 187x14 [bgcolor=#D4D4D4]
      RenderText {#text} at (2,0) size 49x13
        text run at (2,0) width 49: "Item 671"
    RenderBlock {OPTION} at (1,9395) size 187x14 [bgcolor=#D4D4D4]
      RenderText {#text} at (2,0) size 49x13
        text run at (2,0) width 49: "Item 672"
    RenderBlock {OPTION} at (1,9409) size 187x14 [bgcolor=#D4D4D4]
      RenderText {#text} at (2,0) size 49x13
        text run at (2,0) width 49: "Item 673"
    RenderBlock {OPTION} at (1,9423) size 187x14 [bgcolor=#D4D4D4]
      RenderText {#text} at (2,0) size 49x13
        text run at (2,0) width 49: "Item 674"
    RenderBlock {OPTION} at (1,9437) size 187x14 [bgcolor=#D4D4D4]
      RenderText {#text} at (2,0) size 49x13
        text run at (2,0) width 49: "Item 675"
    RenderBlock {OPTION} at (1,9451) size 187x14 [bgcolor=#D4D4D4]
      RenderText {#text} at (2,0) size 49x13
        text run at (2,0) width 49: "Item 676"
    RenderBlock {OPTION} at (1,9465) size 187x14 [bgcolor=#D4D4D4]
      RenderText {#text} at (2,0) size 49x13
        text run at (2,0) width 49: "Item 677"
    RenderBlock {OPTION} at (1,9479) size 187x14 [bgcolor=#D4D4D4]
      RenderText {#text} at (2,0) size 49x13
        text run at (2,0) width 49: "Item 678"
    RenderBlock {OPTION} at (1,9493) size 187x14 [bgcolor=#D4D4D4]
      RenderText {#text} at (2,0) size 49x13
        text run at (2,0) width 49: "Item 679"
    RenderBlock {OPTION} at (1,9507) size 187x14 [bgcolor=#D4D4D4]
      RenderText {#text} at (2,0) size 49x13
        text run at (2,0) width 49: "Item 680"
    RenderBlock {OPTION} at (1,9521) size 187x14 [bgcolor=#D4D4D4]
      RenderText {#text} at (2,0) size 49x13
        text run at (2,0) width 49: "Item 681"
    RenderBlock {OPTION} at (1,9535) size 187x14 [bgcolor=#D4D4D4]
      RenderText {#text} at (2,0) size 49x13
        text run at (2,0) width 49: "Item 682"
    RenderBlock {OPTION} at (1,9549) size 187x14 [bgcolor=#D4D4D4]
      RenderText {#text} at (2,0) size 49x13
        text run at (2,0) width 49: "Item 683"
    RenderBlock {OPTION} at (1,9563) size 187x14 [bgcolor=#D4D4D4]
      RenderText {#text} at (2,0) size 49x13
        text run at (2,0) width 49: "Item 684"
    RenderBlock {OPTION} at (1,9577) size 187x14 [bgcolor=#D4D4D4]
      RenderText {#text} at (2,0) size 49x13
        text run at (2,0) width 49: "Item 685"
    RenderBlock {OPTION} at (1,9591) size 187x14 [bgcolor=#D4D4D4]
      RenderText {#text} at (2,0) size 49x13
        text run at (2,0) width 49: "Item 686"
    RenderBlock {OPTION} at (1,9605) size 187x14 [bgcolor=#D4D4D4]
      RenderText {#text} at (2,0) size 49x13
        text run at (2,0) width 49: "Item 687"
    RenderBlock {OPTION} at (1,9619) size 187x14 [bgcolor=#D4D4D4]
      RenderText {#text} at (2,0) size 49x13
        text run at (2,0) width 49: "Item 688"
    RenderBlock {OPTION} at (1,9633) size 187x14 [bgcolor=#D4D4D4]
      RenderText {#text} at (2,0) size 49x13
        text run at (2,0) width 49: "Item 689"
    RenderBlock {OPTION} at (1,9647) size 187x14 [bgcolor=#D4D4D4]
      RenderText {#text} at (2,0) size 49x13
        text run at (2,0) width 49: "Item 690"
    RenderBlock {OPTION} at (1,9661) size 187x14 [bgcolor=#D4D4D4]
      RenderText {#text} at (2,0) size 49x13
        text run at (2,0) width 49: "Item 691"
    RenderBlock {OPTION} at (1,9675) size 187x14 [bgcolor=#D4D4D4]
      RenderText {#text} at (2,0) size 49x13
        text run at (2,0) width 49: "Item 692"
    RenderBlock {OPTION} at (1,9689) size 187x14 [bgcolor=#D4D4D4]
      RenderText {#text} at (2,0) size 49x13
        text run at (2,0) width 49: "Item 693"
    RenderBlock {OPTION} at (1,9703) size 187x14 [bgcolor=#D4D4D4]
      RenderText {#text} at (2,0) size 49x13
        text run at (2,0) width 49: "Item 694"
    RenderBlock {OPTION} at (1,9717) size 187x14 [bgcolor=#D4D4D4]
      RenderText {#text} at (2,0) size 49x13
        text run at (2,0) width 49: "Item 695"
    RenderBlock {OPTION} at (1,9731) size 187x14 [bgcolor=#D4D4D4]
      RenderText {#text} at (2,0) size 49x13
        text run at (2,0) width 49: "Item 696"
    RenderBlock {OPTION} at (1,9745) size 187x14 [bgcolor=#D4D4D4]
      RenderText {#text} at (2,0) size 49x13
        text run at (2,0) width 49: "Item 697"
    RenderBlock {OPTION} at (1,9759) size 187x14 [bgcolor=#D4D4D4]
      RenderText {#text} at (2,0) size 49x13
        text run at (2,0) width 49: "Item 698"
    RenderBlock {OPTION} at (1,9773) size 187x14 [bgcolor=#D4D4D4]
      RenderText {#text} at (2,0) size 49x13
        text run at (2,0) width 49: "Item 699"
    RenderBlock {OPTION} at (1,9787) size 187x14 [bgcolor=#D4D4D4]
      RenderText {#text} at (2,0) size 49x13
        text run at (2,0) width 49: "Item 700"
    RenderBlock {OPTION} at (1,9801) size 187x14 [bgcolor=#D4D4D4]
      RenderText {#text} at (2,0) size 49x13
        text run at (2,0) width 49: "Item 701"
    RenderBlock {OPTION} at (1,9815) size 187x14 [bgcolor=#D4D4D4]
      RenderText {#text} at (2,0) size 49x13
        text run at (2,0) width 49: "Item 702"
    RenderBlock {OPTION} at (1,9829) size 187x14 [bgcolor=#D4D4D4]
      RenderText {#text} at (2,0) size 49x13
        text run at (2,0) width 49: "Item 703"
    RenderBlock {OPTION} at (1,9843) size 187x14 [bgcolor=#D4D4D4]
      RenderText {#text} at (2,0) size 49x13
        text run at (2,0) width 49: "Item 704"
    RenderBlock {OPTION} at (1,9857) size 187x14 [bgcolor=#D4D4D4]
      RenderText {#text} at (2,0) size 49x13
        text run at (2,0) width 49: "Item 705"
    RenderBlock {OPTION} at (1,9871) size 187x14 [bgcolor=#D4D4D4]
      RenderText {#text} at (2,0) size 49x13
        text run at (2,0) width 49: "Item 706"
    RenderBlock {OPTION} at (1,9885) size 187x14 [bgcolor=#D4D4D4]
      RenderText {#text} at (2,0) size 49x13
        text run at (2,0) width 49: "Item 707"
    RenderBlock {OPTION} at (1,9899) size 187x14 [bgcolor=#D4D4D4]
      RenderText {#text} at (2,0) size 49x13
        text run at (2,0) width 49: "Item 708"
    RenderBlock {OPTION} at (1,9913) size 187x14 [bgcolor=#D4D4D4]
      RenderText {#text} at (2,0) size 49x13
        text run at (2,0) width 49: "Item 709"
    RenderBlock {OPTION} at (1,9927) size 187x14 [bgcolor=#D4D4D4]
      RenderText {#text} at (2,0) size 49x13
        text run at (2,0) width 49: "Item 710"
    RenderBlock {OPTION} at (1,9941) size 187x14 [bgcolor=#D4D4D4]
      RenderText {#text} at (2,0) size 49x13
        text run at (2,0) width 49: "Item 711"
    RenderBlock {OPTION} at (1,9955) size 187x14 [bgcolor=#D4D4D4]
      RenderText {#text} at (2,0) size 49x13
        text run at (2,0) width 49: "Item 712"
    RenderBlock {OPTION} at (1,9969) size 187x14 [bgcolor=#D4D4D4]
      RenderText {#text} at (2,0) size 49x13
        text run at (2,0) width 49: "Item 713"
    RenderBlock {OPTION} at (1,9983) size 187x14 [bgcolor=#D4D4D4]
      RenderText {#text} at (2,0) size 49x13
        text run at (2,0) width 49: "Item 714"
    RenderBlock {OPTION} at (1,9997) size 187x14 [bgcolor=#D4D4D4]
      RenderText {#text} at (2,0) size 49x13
        text run at (2,0) width 49: "Item 715"
    RenderBlock {OPTION} at (1,10011) size 187x14 [bgcolor=#D4D4D4]
      RenderText {#text} at (2,0) size 49x13
        text run at (2,0) width 49: "Item 716"
    RenderBlock {OPTION} at (1,10025) size 187x14 [bgcolor=#D4D4D4]
      RenderText {#text} at (2,0) size 49x13
        text run at (2,0) width 49: "Item 717"
    RenderBlock {OPTION} at (1,10039) size 187x14 [bgcolor=#D4D4D4]
      RenderText {#text} at (2,0) size 49x13
        text run at (2,0) width 49: "Item 718"
    RenderBlock {OPTION} at (1,10053) size 187x14 [bgcolor=#D4D4D4]
      RenderText {#text} at (2,0) size 49x13
        text run at (2,0) width 49: "Item 719"
    RenderBlock {OPTION} at (1,10067) size 187x14 [bgcolor=#D4D4D4]
      RenderText {#text} at (2,0) size 49x13
        text run at (2,0) width 49: "Item 720"
    RenderBlock {OPTION} at (1,10081) size 187x14 [bgcolor=#D4D4D4]
      RenderText {#text} at (2,0) size 49x13
        text run at (2,0) width 49: "Item 721"
    RenderBlock {OPTION} at (1,10095) size 187x14 [bgcolor=#D4D4D4]
      RenderText {#text} at (2,0) size 49x13
        text run at (2,0) width 49: "Item 722"
    RenderBlock {OPTION} at (1,10109) size 187x14 [bgcolor=#D4D4D4]
      RenderText {#text} at (2,0) size 49x13
        text run at (2,0) width 49: "Item 723"
    RenderBlock {OPTION} at (1,10123) size 187x14 [bgcolor=#D4D4D4]
      RenderText {#text} at (2,0) size 49x13
        text run at (2,0) width 49: "Item 724"
    RenderBlock {OPTION} at (1,10137) size 187x14 [bgcolor=#D4D4D4]
      RenderText {#text} at (2,0) size 49x13
        text run at (2,0) width 49: "Item 725"
    RenderBlock {OPTION} at (1,10151) size 187x14 [bgcolor=#D4D4D4]
      RenderText {#text} at (2,0) size 49x13
        text run at (2,0) width 49: "Item 726"
    RenderBlock {OPTION} at (1,10165) size 187x14 [bgcolor=#D4D4D4]
      RenderText {#text} at (2,0) size 49x13
        text run at (2,0) width 49: "Item 727"
    RenderBlock {OPTION} at (1,10179) size 187x14 [bgcolor=#D4D4D4]
      RenderText {#text} at (2,0) size 49x13
        text run at (2,0) width 49: "Item 728"
    RenderBlock {OPTION} at (1,10193) size 187x14 [bgcolor=#D4D4D4]
      RenderText {#text} at (2,0) size 49x13
        text run at (2,0) width 49: "Item 729"
    RenderBlock {OPTION} at (1,10207) size 187x14 [bgcolor=#D4D4D4]
      RenderText {#text} at (2,0) size 49x13
        text run at (2,0) width 49: "Item 730"
    RenderBlock {OPTION} at (1,10221) size 187x14 [bgcolor=#D4D4D4]
      RenderText {#text} at (2,0) size 49x13
        text run at (2,0) width 49: "Item 731"
    RenderBlock {OPTION} at (1,10235) size 187x14 [bgcolor=#D4D4D4]
      RenderText {#text} at (2,0) size 49x13
        text run at (2,0) width 49: "Item 732"
    RenderBlock {OPTION} at (1,10249) size 187x14 [bgcolor=#D4D4D4]
      RenderText {#text} at (2,0) size 49x13
        text run at (2,0) width 49: "Item 733"
    RenderBlock {OPTION} at (1,10263) size 187x14 [bgcolor=#D4D4D4]
      RenderText {#text} at (2,0) size 49x13
        text run at (2,0) width 49: "Item 734"
    RenderBlock {OPTION} at (1,10277) size 187x14 [bgcolor=#D4D4D4]
      RenderText {#text} at (2,0) size 49x13
        text run at (2,0) width 49: "Item 735"
    RenderBlock {OPTION} at (1,10291) size 187x14 [bgcolor=#D4D4D4]
      RenderText {#text} at (2,0) size 49x13
        text run at (2,0) width 49: "Item 736"
    RenderBlock {OPTION} at (1,10305) size 187x14 [bgcolor=#D4D4D4]
      RenderText {#text} at (2,0) size 49x13
        text run at (2,0) width 49: "Item 737"
    RenderBlock {OPTION} at (1,10319) size 187x14 [bgcolor=#D4D4D4]
      RenderText {#text} at (2,0) size 49x13
        text run at (2,0) width 49: "Item 738"
    RenderBlock {OPTION} at (1,10333) size 187x14 [bgcolor=#D4D4D4]
      RenderText {#text} at (2,0) size 49x13
        text run at (2,0) width 49: "Item 739"
    RenderBlock {OPTION} at (1,10347) size 187x14 [bgcolor=#D4D4D4]
      RenderText {#text} at (2,0) size 49x13
        text run at (2,0) width 49: "Item 740"
    RenderBlock {OPTION} at (1,10361) size 187x14 [bgcolor=#D4D4D4]
      RenderText {#text} at (2,0) size 49x13
        text run at (2,0) width 49: "Item 741"
    RenderBlock {OPTION} at (1,10375) size 187x14 [bgcolor=#D4D4D4]
      RenderText {#text} at (2,0) size 49x13
        text run at (2,0) width 49: "Item 742"
    RenderBlock {OPTION} at (1,10389) size 187x14 [bgcolor=#D4D4D4]
      RenderText {#text} at (2,0) size 49x13
        text run at (2,0) width 49: "Item 743"
    RenderBlock {OPTION} at (1,10403) size 187x14 [bgcolor=#D4D4D4]
      RenderText {#text} at (2,0) size 49x13
        text run at (2,0) width 49: "Item 744"
    RenderBlock {OPTION} at (1,10417) size 187x14 [bgcolor=#D4D4D4]
      RenderText {#text} at (2,0) size 49x13
        text run at (2,0) width 49: "Item 745"
    RenderBlock {OPTION} at (1,10431) size 187x14 [bgcolor=#D4D4D4]
      RenderText {#text} at (2,0) size 49x13
        text run at (2,0) width 49: "Item 746"
    RenderBlock {OPTION} at (1,10445) size 187x14 [bgcolor=#D4D4D4]
      RenderText {#text} at (2,0) size 49x13
        text run at (2,0) width 49: "Item 747"
    RenderBlock {OPTION} at (1,10459) size 187x14 [bgcolor=#D4D4D4]
      RenderText {#text} at (2,0) size 49x13
        text run at (2,0) width 49: "Item 748"
    RenderBlock {OPTION} at (1,10473) size 187x14 [bgcolor=#D4D4D4]
      RenderText {#text} at (2,0) size 49x13
        text run at (2,0) width 49: "Item 749"
    RenderBlock {OPTION} at (1,10487) size 187x14 [bgcolor=#D4D4D4]
      RenderText {#text} at (2,0) size 49x13
        text run at (2,0) width 49: "Item 750"
    RenderBlock {OPTION} at (1,10501) size 187x14 [bgcolor=#D4D4D4]
      RenderText {#text} at (2,0) size 49x13
        text run at (2,0) width 49: "Item 751"
    RenderBlock {OPTION} at (1,10515) size 187x14 [bgcolor=#D4D4D4]
      RenderText {#text} at (2,0) size 49x13
        text run at (2,0) width 49: "Item 752"
    RenderBlock {OPTION} at (1,10529) size 187x14 [bgcolor=#D4D4D4]
      RenderText {#text} at (2,0) size 49x13
        text run at (2,0) width 49: "Item 753"
    RenderBlock {OPTION} at (1,10543) size 187x14 [bgcolor=#D4D4D4]
      RenderText {#text} at (2,0) size 49x13
        text run at (2,0) width 49: "Item 754"
    RenderBlock {OPTION} at (1,10557) size 187x14 [bgcolor=#D4D4D4]
      RenderText {#text} at (2,0) size 49x13
        text run at (2,0) width 49: "Item 755"
    RenderBlock {OPTION} at (1,10571) size 187x14 [bgcolor=#D4D4D4]
      RenderText {#text} at (2,0) size 49x13
        text run at (2,0) width 49: "Item 756"
    RenderBlock {OPTION} at (1,10585) size 187x14 [bgcolor=#D4D4D4]
      RenderText {#text} at (2,0) size 49x13
        text run at (2,0) width 49: "Item 757"
    RenderBlock {OPTION} at (1,10599) size 187x14 [bgcolor=#D4D4D4]
      RenderText {#text} at (2,0) size 49x13
        text run at (2,0) width 49: "Item 758"
    RenderBlock {OPTION} at (1,10613) size 187x14 [bgcolor=#D4D4D4]
      RenderText {#text} at (2,0) size 49x13
        text run at (2,0) width 49: "Item 759"
    RenderBlock {OPTION} at (1,10627) size 187x14 [bgcolor=#D4D4D4]
      RenderText {#text} at (2,0) size 49x13
        text run at (2,0) width 49: "Item 760"
    RenderBlock {OPTION} at (1,10641) size 187x14 [bgcolor=#D4D4D4]
      RenderText {#text} at (2,0) size 49x13
        text run at (2,0) width 49: "Item 761"
    RenderBlock {OPTION} at (1,10655) size 187x14 [bgcolor=#D4D4D4]
      RenderText {#text} at (2,0) size 49x13
        text run at (2,0) width 49: "Item 762"
    RenderBlock {OPTION} at (1,10669) size 187x14 [bgcolor=#D4D4D4]
      RenderText {#text} at (2,0) size 49x13
        text run at (2,0) width 49: "Item 763"
    RenderBlock {OPTION} at (1,10683) size 187x14 [bgcolor=#D4D4D4]
      RenderText {#text} at (2,0) size 49x13
        text run at (2,0) width 49: "Item 764"
    RenderBlock {OPTION} at (1,10697) size 187x14 [bgcolor=#D4D4D4]
      RenderText {#text} at (2,0) size 49x13
        text run at (2,0) width 49: "Item 765"
    RenderBlock {OPTION} at (1,10711) size 187x14 [bgcolor=#D4D4D4]
      RenderText {#text} at (2,0) size 49x13
        text run at (2,0) width 49: "Item 766"
    RenderBlock {OPTION} at (1,10725) size 187x14 [bgcolor=#D4D4D4]
      RenderText {#text} at (2,0) size 49x13
        text run at (2,0) width 49: "Item 767"
    RenderBlock {OPTION} at (1,10739) size 187x14 [bgcolor=#D4D4D4]
      RenderText {#text} at (2,0) size 49x13
        text run at (2,0) width 49: "Item 768"
    RenderBlock {OPTION} at (1,10753) size 187x14 [bgcolor=#D4D4D4]
      RenderText {#text} at (2,0) size 49x13
        text run at (2,0) width 49: "Item 769"
    RenderBlock {OPTION} at (1,10767) size 187x14 [bgcolor=#D4D4D4]
      RenderText {#text} at (2,0) size 49x13
        text run at (2,0) width 49: "Item 770"
    RenderBlock {OPTION} at (1,10781) size 187x14 [bgcolor=#D4D4D4]
      RenderText {#text} at (2,0) size 49x13
        text run at (2,0) width 49: "Item 771"
    RenderBlock {OPTION} at (1,10795) size 187x14 [bgcolor=#D4D4D4]
      RenderText {#text} at (2,0) size 49x13
        text run at (2,0) width 49: "Item 772"
    RenderBlock {OPTION} at (1,10809) size 187x14 [bgcolor=#D4D4D4]
      RenderText {#text} at (2,0) size 49x13
        text run at (2,0) width 49: "Item 773"
    RenderBlock {OPTION} at (1,10823) size 187x14 [bgcolor=#D4D4D4]
      RenderText {#text} at (2,0) size 49x13
        text run at (2,0) width 49: "Item 774"
    RenderBlock {OPTION} at (1,10837) size 187x14 [bgcolor=#D4D4D4]
      RenderText {#text} at (2,0) size 49x13
        text run at (2,0) width 49: "Item 775"
    RenderBlock {OPTION} at (1,10851) size 187x14 [bgcolor=#D4D4D4]
      RenderText {#text} at (2,0) size 49x13
        text run at (2,0) width 49: "Item 776"
    RenderBlock {OPTION} at (1,10865) size 187x14 [bgcolor=#D4D4D4]
      RenderText {#text} at (2,0) size 49x13
        text run at (2,0) width 49: "Item 777"
    RenderBlock {OPTION} at (1,10879) size 187x14 [bgcolor=#D4D4D4]
      RenderText {#text} at (2,0) size 49x13
        text run at (2,0) width 49: "Item 778"
    RenderBlock {OPTION} at (1,10893) size 187x14 [bgcolor=#D4D4D4]
      RenderText {#text} at (2,0) size 49x13
        text run at (2,0) width 49: "Item 779"
    RenderBlock {OPTION} at (1,10907) size 187x14 [bgcolor=#D4D4D4]
      RenderText {#text} at (2,0) size 49x13
        text run at (2,0) width 49: "Item 780"
    RenderBlock {OPTION} at (1,10921) size 187x14 [bgcolor=#D4D4D4]
      RenderText {#text} at (2,0) size 49x13
        text run at (2,0) width 49: "Item 781"
    RenderBlock {OPTION} at (1,10935) size 187x14 [bgcolor=#D4D4D4]
      RenderText {#text} at (2,0) size 49x13
        text run at (2,0) width 49: "Item 782"
    RenderBlock {OPTION} at (1,10949) size 187x14 [bgcolor=#D4D4D4]
      RenderText {#text} at (2,0) size 49x13
        text run at (2,0) width 49: "Item 783"
    RenderBlock {OPTION} at (1,10963) size 187x14 [bgcolor=#D4D4D4]
      RenderText {#text} at (2,0) size 49x13
        text run at (2,0) width 49: "Item 784"
    RenderBlock {OPTION} at (1,10977) size 187x14 [bgcolor=#D4D4D4]
      RenderText {#text} at (2,0) size 49x13
        text run at (2,0) width 49: "Item 785"
    RenderBlock {OPTION} at (1,10991) size 187x14 [bgcolor=#D4D4D4]
      RenderText {#text} at (2,0) size 49x13
        text run at (2,0) width 49: "Item 786"
    RenderBlock {OPTION} at (1,11005) size 187x14 [bgcolor=#D4D4D4]
      RenderText {#text} at (2,0) size 49x13
        text run at (2,0) width 49: "Item 787"
    RenderBlock {OPTION} at (1,11019) size 187x14 [bgcolor=#D4D4D4]
      RenderText {#text} at (2,0) size 49x13
        text run at (2,0) width 49: "Item 788"
    RenderBlock {OPTION} at (1,11033) size 187x14 [bgcolor=#D4D4D4]
      RenderText {#text} at (2,0) size 49x13
        text run at (2,0) width 49: "Item 789"
    RenderBlock {OPTION} at (1,11047) size 187x14 [bgcolor=#D4D4D4]
      RenderText {#text} at (2,0) size 49x13
        text run at (2,0) width 49: "Item 790"
    RenderBlock {OPTION} at (1,11061) size 187x14 [bgcolor=#D4D4D4]
      RenderText {#text} at (2,0) size 49x13
        text run at (2,0) width 49: "Item 791"
    RenderBlock {OPTION} at (1,11075) size 187x14 [bgcolor=#D4D4D4]
      RenderText {#text} at (2,0) size 49x13
        text run at (2,0) width 49: "Item 792"
    RenderBlock {OPTION} at (1,11089) size 187x14 [bgcolor=#D4D4D4]
      RenderText {#text} at (2,0) size 49x13
        text run at (2,0) width 49: "Item 793"
    RenderBlock {OPTION} at (1,11103) size 187x14 [bgcolor=#D4D4D4]
      RenderText {#text} at (2,0) size 49x13
        text run at (2,0) width 49: "Item 794"
    RenderBlock {OPTION} at (1,11117) size 187x14 [bgcolor=#D4D4D4]
      RenderText {#text} at (2,0) size 49x13
        text run at (2,0) width 49: "Item 795"
    RenderBlock {OPTION} at (1,11131) size 187x14 [bgcolor=#D4D4D4]
      RenderText {#text} at (2,0) size 49x13
        text run at (2,0) width 49: "Item 796"
    RenderBlock {OPTION} at (1,11145) size 187x14 [bgcolor=#D4D4D4]
      RenderText {#text} at (2,0) size 49x13
        text run at (2,0) width 49: "Item 797"
    RenderBlock {OPTION} at (1,11159) size 187x14 [bgcolor=#D4D4D4]
      RenderText {#text} at (2,0) size 49x13
        text run at (2,0) width 49: "Item 798"
    RenderBlock {OPTION} at (1,11173) size 187x14 [bgcolor=#D4D4D4]
      RenderText {#text} at (2,0) size 49x13
        text run at (2,0) width 49: "Item 799"
    RenderBlock {OPTION} at (1,11187) size 187x14 [bgcolor=#D4D4D4]
      RenderText {#text} at (2,0) size 49x13
        text run at (2,0) width 49: "Item 800"
    RenderBlock {OPTION} at (1,11201) size 187x14 [bgcolor=#D4D4D4]
      RenderText {#text} at (2,0) size 49x13
        text run at (2,0) width 49: "Item 801"
    RenderBlock {OPTION} at (1,11215) size 187x14 [bgcolor=#D4D4D4]
      RenderText {#text} at (2,0) size 49x13
        text run at (2,0) width 49: "Item 802"
    RenderBlock {OPTION} at (1,11229) size 187x14 [bgcolor=#D4D4D4]
      RenderText {#text} at (2,0) size 49x13
        text run at (2,0) width 49: "Item 803"
    RenderBlock {OPTION} at (1,11243) size 187x14 [bgcolor=#D4D4D4]
      RenderText {#text} at (2,0) size 49x13
        text run at (2,0) width 49: "Item 804"
    RenderBlock {OPTION} at (1,11257) size 187x14 [bgcolor=#D4D4D4]
      RenderText {#text} at (2,0) size 49x13
        text run at (2,0) width 49: "Item 805"
    RenderBlock {OPTION} at (1,11271) size 187x14 [bgcolor=#D4D4D4]
      RenderText {#text} at (2,0) size 49x13
        text run at (2,0) width 49: "Item 806"
    RenderBlock {OPTION} at (1,11285) size 187x14 [bgcolor=#D4D4D4]
      RenderText {#text} at (2,0) size 49x13
        text run at (2,0) width 49: "Item 807"
    RenderBlock {OPTION} at (1,11299) size 187x14 [bgcolor=#D4D4D4]
      RenderText {#text} at (2,0) size 49x13
        text run at (2,0) width 49: "Item 808"
    RenderBlock {OPTION} at (1,11313) size 187x14 [bgcolor=#D4D4D4]
      RenderText {#text} at (2,0) size 49x13
        text run at (2,0) width 49: "Item 809"
    RenderBlock {OPTION} at (1,11327) size 187x14 [bgcolor=#D4D4D4]
      RenderText {#text} at (2,0) size 49x13
        text run at (2,0) width 49: "Item 810"
    RenderBlock {OPTION} at (1,11341) size 187x14 [bgcolor=#D4D4D4]
      RenderText {#text} at (2,0) size 49x13
        text run at (2,0) width 49: "Item 811"
    RenderBlock {OPTION} at (1,11355) size 187x14 [bgcolor=#D4D4D4]
      RenderText {#text} at (2,0) size 49x13
        text run at (2,0) width 49: "Item 812"
    RenderBlock {OPTION} at (1,11369) size 187x14 [bgcolor=#D4D4D4]
      RenderText {#text} at (2,0) size 49x13
        text run at (2,0) width 49: "Item 813"
    RenderBlock {OPTION} at (1,11383) size 187x14 [bgcolor=#D4D4D4]
      RenderText {#text} at (2,0) size 49x13
        text run at (2,0) width 49: "Item 814"
    RenderBlock {OPTION} at (1,11397) size 187x14 [bgcolor=#D4D4D4]
      RenderText {#text} at (2,0) size 49x13
        text run at (2,0) width 49: "Item 815"
    RenderBlock {OPTION} at (1,11411) size 187x14 [bgcolor=#D4D4D4]
      RenderText {#text} at (2,0) size 49x13
        text run at (2,0) width 49: "Item 816"
    RenderBlock {OPTION} at (1,11425) size 187x14 [bgcolor=#D4D4D4]
      RenderText {#text} at (2,0) size 49x13
        text run at (2,0) width 49: "Item 817"
    RenderBlock {OPTION} at (1,11439) size 187x14 [bgcolor=#D4D4D4]
      RenderText {#text} at (2,0) size 49x13
        text run at (2,0) width 49: "Item 818"
    RenderBlock {OPTION} at (1,11453) size 187x14 [bgcolor=#D4D4D4]
      RenderText {#text} at (2,0) size 49x13
        text run at (2,0) width 49: "Item 819"
    RenderBlock {OPTION} at (1,11467) size 187x14 [bgcolor=#D4D4D4]
      RenderText {#text} at (2,0) size 49x13
        text run at (2,0) width 49: "Item 820"
    RenderBlock {OPTION} at (1,11481) size 187x14 [bgcolor=#D4D4D4]
      RenderText {#text} at (2,0) size 49x13
        text run at (2,0) width 49: "Item 821"
    RenderBlock {OPTION} at (1,11495) size 187x14 [bgcolor=#D4D4D4]
      RenderText {#text} at (2,0) size 49x13
        text run at (2,0) width 49: "Item 822"
    RenderBlock {OPTION} at (1,11509) size 187x14 [bgcolor=#D4D4D4]
      RenderText {#text} at (2,0) size 49x13
        text run at (2,0) width 49: "Item 823"
    RenderBlock {OPTION} at (1,11523) size 187x14 [bgcolor=#D4D4D4]
      RenderText {#text} at (2,0) size 49x13
        text run at (2,0) width 49: "Item 824"
    RenderBlock {OPTION} at (1,11537) size 187x14 [bgcolor=#D4D4D4]
      RenderText {#text} at (2,0) size 49x13
        text run at (2,0) width 49: "Item 825"
    RenderBlock {OPTION} at (1,11551) size 187x14 [bgcolor=#D4D4D4]
      RenderText {#text} at (2,0) size 49x13
        text run at (2,0) width 49: "Item 826"
    RenderBlock {OPTION} at (1,11565) size 187x14 [bgcolor=#D4D4D4]
      RenderText {#text} at (2,0) size 49x13
        text run at (2,0) width 49: "Item 827"
    RenderBlock {OPTION} at (1,11579) size 187x14 [bgcolor=#D4D4D4]
      RenderText {#text} at (2,0) size 49x13
        text run at (2,0) width 49: "Item 828"
    RenderBlock {OPTION} at (1,11593) size 187x14 [bgcolor=#D4D4D4]
      RenderText {#text} at (2,0) size 49x13
        text run at (2,0) width 49: "Item 829"
    RenderBlock {OPTION} at (1,11607) size 187x14 [bgcolor=#D4D4D4]
      RenderText {#text} at (2,0) size 49x13
        text run at (2,0) width 49: "Item 830"
    RenderBlock {OPTION} at (1,11621) size 187x14 [bgcolor=#D4D4D4]
      RenderText {#text} at (2,0) size 49x13
        text run at (2,0) width 49: "Item 831"
    RenderBlock {OPTION} at (1,11635) size 187x14 [bgcolor=#D4D4D4]
      RenderText {#text} at (2,0) size 49x13
        text run at (2,0) width 49: "Item 832"
    RenderBlock {OPTION} at (1,11649) size 187x14 [bgcolor=#D4D4D4]
      RenderText {#text} at (2,0) size 49x13
        text run at (2,0) width 49: "Item 833"
    RenderBlock {OPTION} at (1,11663) size 187x14 [bgcolor=#D4D4D4]
      RenderText {#text} at (2,0) size 49x13
        text run at (2,0) width 49: "Item 834"
    RenderBlock {OPTION} at (1,11677) size 187x14 [bgcolor=#D4D4D4]
      RenderText {#text} at (2,0) size 49x13
        text run at (2,0) width 49: "Item 835"
    RenderBlock {OPTION} at (1,11691) size 187x14 [bgcolor=#D4D4D4]
      RenderText {#text} at (2,0) size 49x13
        text run at (2,0) width 49: "Item 836"
    RenderBlock {OPTION} at (1,11705) size 187x14 [bgcolor=#D4D4D4]
      RenderText {#text} at (2,0) size 49x13
        text run at (2,0) width 49: "Item 837"
    RenderBlock {OPTION} at (1,11719) size 187x14 [bgcolor=#D4D4D4]
      RenderText {#text} at (2,0) size 49x13
        text run at (2,0) width 49: "Item 838"
    RenderBlock {OPTION} at (1,11733) size 187x14 [bgcolor=#D4D4D4]
      RenderText {#text} at (2,0) size 49x13
        text run at (2,0) width 49: "Item 839"
    RenderBlock {OPTION} at (1,11747) size 187x14 [bgcolor=#D4D4D4]
      RenderText {#text} at (2,0) size 49x13
        text run at (2,0) width 49: "Item 840"
    RenderBlock {OPTION} at (1,11761) size 187x14 [bgcolor=#D4D4D4]
      RenderText {#text} at (2,0) size 49x13
        text run at (2,0) width 49: "Item 841"
    RenderBlock {OPTION} at (1,11775) size 187x14 [bgcolor=#D4D4D4]
      RenderText {#text} at (2,0) size 49x13
        text run at (2,0) width 49: "Item 842"
    RenderBlock {OPTION} at (1,11789) size 187x14 [bgcolor=#D4D4D4]
      RenderText {#text} at (2,0) size 49x13
        text run at (2,0) width 49: "Item 843"
    RenderBlock {OPTION} at (1,11803) size 187x14 [bgcolor=#D4D4D4]
      RenderText {#text} at (2,0) size 49x13
        text run at (2,0) width 49: "Item 844"
    RenderBlock {OPTION} at (1,11817) size 187x14 [bgcolor=#D4D4D4]
      RenderText {#text} at (2,0) size 49x13
        text run at (2,0) width 49: "Item 845"
    RenderBlock {OPTION} at (1,11831) size 187x14 [bgcolor=#D4D4D4]
      RenderText {#text} at (2,0) size 49x13
        text run at (2,0) width 49: "Item 846"
    RenderBlock {OPTION} at (1,11845) size 187x14 [bgcolor=#D4D4D4]
      RenderText {#text} at (2,0) size 49x13
        text run at (2,0) width 49: "Item 847"
    RenderBlock {OPTION} at (1,11859) size 187x14 [bgcolor=#D4D4D4]
      RenderText {#text} at (2,0) size 49x13
        text run at (2,0) width 49: "Item 848"
    RenderBlock {OPTION} at (1,11873) size 187x14 [bgcolor=#D4D4D4]
      RenderText {#text} at (2,0) size 49x13
        text run at (2,0) width 49: "Item 849"
    RenderBlock {OPTION} at (1,11887) size 187x14 [bgcolor=#D4D4D4]
      RenderText {#text} at (2,0) size 49x13
        text run at (2,0) width 49: "Item 850"
    RenderBlock {OPTION} at (1,11901) size 187x14 [bgcolor=#D4D4D4]
      RenderText {#text} at (2,0) size 49x13
        text run at (2,0) width 49: "Item 851"
    RenderBlock {OPTION} at (1,11915) size 187x14 [bgcolor=#D4D4D4]
      RenderText {#text} at (2,0) size 49x13
        text run at (2,0) width 49: "Item 852"
    RenderBlock {OPTION} at (1,11929) size 187x14 [bgcolor=#D4D4D4]
      RenderText {#text} at (2,0) size 49x13
        text run at (2,0) width 49: "Item 853"
    RenderBlock {OPTION} at (1,11943) size 187x14 [bgcolor=#D4D4D4]
      RenderText {#text} at (2,0) size 49x13
        text run at (2,0) width 49: "Item 854"
    RenderBlock {OPTION} at (1,11957) size 187x14 [bgcolor=#D4D4D4]
      RenderText {#text} at (2,0) size 49x13
        text run at (2,0) width 49: "Item 855"
    RenderBlock {OPTION} at (1,11971) size 187x14 [bgcolor=#D4D4D4]
      RenderText {#text} at (2,0) size 49x13
        text run at (2,0) width 49: "Item 856"
    RenderBlock {OPTION} at (1,11985) size 187x14 [bgcolor=#D4D4D4]
      RenderText {#text} at (2,0) size 49x13
        text run at (2,0) width 49: "Item 857"
    RenderBlock {OPTION} at (1,11999) size 187x14 [bgcolor=#D4D4D4]
      RenderText {#text} at (2,0) size 49x13
        text run at (2,0) width 49: "Item 858"
    RenderBlock {OPTION} at (1,12013) size 187x14 [bgcolor=#D4D4D4]
      RenderText {#text} at (2,0) size 49x13
        text run at (2,0) width 49: "Item 859"
    RenderBlock {OPTION} at (1,12027) size 187x14 [bgcolor=#D4D4D4]
      RenderText {#text} at (2,0) size 49x13
        text run at (2,0) width 49: "Item 860"
    RenderBlock {OPTION} at (1,12041) size 187x14 [bgcolor=#D4D4D4]
      RenderText {#text} at (2,0) size 49x13
        text run at (2,0) width 49: "Item 861"
    RenderBlock {OPTION} at (1,12055) size 187x14 [bgcolor=#D4D4D4]
      RenderText {#text} at (2,0) size 49x13
        text run at (2,0) width 49: "Item 862"
    RenderBlock {OPTION} at (1,12069) size 187x14 [bgcolor=#D4D4D4]
      RenderText {#text} at (2,0) size 49x13
        text run at (2,0) width 49: "Item 863"
    RenderBlock {OPTION} at (1,12083) size 187x14 [bgcolor=#D4D4D4]
      RenderText {#text} at (2,0) size 49x13
        text run at (2,0) width 49: "Item 864"
    RenderBlock {OPTION} at (1,12097) size 187x14 [bgcolor=#D4D4D4]
      RenderText {#text} at (2,0) size 49x13
        text run at (2,0) width 49: "Item 865"
    RenderBlock {OPTION} at (1,12111) size 187x14 [bgcolor=#D4D4D4]
      RenderText {#text} at (2,0) size 49x13
        text run at (2,0) width 49: "Item 866"
    RenderBlock {OPTION} at (1,12125) size 187x14 [bgcolor=#D4D4D4]
      RenderText {#text} at (2,0) size 49x13
        text run at (2,0) width 49: "Item 867"
    RenderBlock {OPTION} at (1,12139) size 187x14 [bgcolor=#D4D4D4]
      RenderText {#text} at (2,0) size 49x13
        text run at (2,0) width 49: "Item 868"
    RenderBlock {OPTION} at (1,12153) size 187x14 [bgcolor=#D4D4D4]
      RenderText {#text} at (2,0) size 49x13
        text run at (2,0) width 49: "Item 869"
    RenderBlock {OPTION} at (1,12167) size 187x14 [bgcolor=#D4D4D4]
      RenderText {#text} at (2,0) size 49x13
        text run at (2,0) width 49: "Item 870"
    RenderBlock {OPTION} at (1,12181) size 187x14 [bgcolor=#D4D4D4]
      RenderText {#text} at (2,0) size 49x13
        text run at (2,0) width 49: "Item 871"
    RenderBlock {OPTION} at (1,12195) size 187x14 [bgcolor=#D4D4D4]
      RenderText {#text} at (2,0) size 49x13
        text run at (2,0) width 49: "Item 872"
    RenderBlock {OPTION} at (1,12209) size 187x14 [bgcolor=#D4D4D4]
      RenderText {#text} at (2,0) size 49x13
        text run at (2,0) width 49: "Item 873"
    RenderBlock {OPTION} at (1,12223) size 187x14 [bgcolor=#D4D4D4]
      RenderText {#text} at (2,0) size 49x13
        text run at (2,0) width 49: "Item 874"
    RenderBlock {OPTION} at (1,12237) size 187x14 [bgcolor=#D4D4D4]
      RenderText {#text} at (2,0) size 49x13
        text run at (2,0) width 49: "Item 875"
    RenderBlock {OPTION} at (1,12251) size 187x14 [bgcolor=#D4D4D4]
      RenderText {#text} at (2,0) size 49x13
        text run at (2,0) width 49: "Item 876"
    RenderBlock {OPTION} at (1,12265) size 187x14 [bgcolor=#D4D4D4]
      RenderText {#text} at (2,0) size 49x13
        text run at (2,0) width 49: "Item 877"
    RenderBlock {OPTION} at (1,12279) size 187x14 [bgcolor=#D4D4D4]
      RenderText {#text} at (2,0) size 49x13
        text run at (2,0) width 49: "Item 878"
    RenderBlock {OPTION} at (1,12293) size 187x14 [bgcolor=#D4D4D4]
      RenderText {#text} at (2,0) size 49x13
        text run at (2,0) width 49: "Item 879"
    RenderBlock {OPTION} at (1,12307) size 187x14 [bgcolor=#D4D4D4]
      RenderText {#text} at (2,0) size 49x13
        text run at (2,0) width 49: "Item 880"
    RenderBlock {OPTION} at (1,12321) size 187x14 [bgcolor=#D4D4D4]
      RenderText {#text} at (2,0) size 49x13
        text run at (2,0) width 49: "Item 881"
    RenderBlock {OPTION} at (1,12335) size 187x14 [bgcolor=#D4D4D4]
      RenderText {#text} at (2,0) size 49x13
        text run at (2,0) width 49: "Item 882"
    RenderBlock {OPTION} at (1,12349) size 187x14 [bgcolor=#D4D4D4]
      RenderText {#text} at (2,0) size 49x13
        text run at (2,0) width 49: "Item 883"
    RenderBlock {OPTION} at (1,12363) size 187x14 [bgcolor=#D4D4D4]
      RenderText {#text} at (2,0) size 49x13
        text run at (2,0) width 49: "Item 884"
    RenderBlock {OPTION} at (1,12377) size 187x14 [bgcolor=#D4D4D4]
      RenderText {#text} at (2,0) size 49x13
        text run at (2,0) width 49: "Item 885"
    RenderBlock {OPTION} at (1,12391) size 187x14 [bgcolor=#D4D4D4]
      RenderText {#text} at (2,0) size 49x13
        text run at (2,0) width 49: "Item 886"
    RenderBlock {OPTION} at (1,12405) size 187x14 [bgcolor=#D4D4D4]
      RenderText {#text} at (2,0) size 49x13
        text run at (2,0) width 49: "Item 887"
    RenderBlock {OPTION} at (1,12419) size 187x14 [bgcolor=#D4D4D4]
      RenderText {#text} at (2,0) size 49x13
        text run at (2,0) width 49: "Item 888"
    RenderBlock {OPTION} at (1,12433) size 187x14 [bgcolor=#D4D4D4]
      RenderText {#text} at (2,0) size 49x13
        text run at (2,0) width 49: "Item 889"
    RenderBlock {OPTION} at (1,12447) size 187x14 [bgcolor=#D4D4D4]
      RenderText {#text} at (2,0) size 49x13
        text run at (2,0) width 49: "Item 890"
    RenderBlock {OPTION} at (1,12461) size 187x14 [bgcolor=#D4D4D4]
      RenderText {#text} at (2,0) size 49x13
        text run at (2,0) width 49: "Item 891"
    RenderBlock {OPTION} at (1,12475) size 187x14 [bgcolor=#D4D4D4]
      RenderText {#text} at (2,0) size 49x13
        text run at (2,0) width 49: "Item 892"
    RenderBlock {OPTION} at (1,12489) size 187x14 [bgcolor=#D4D4D4]
      RenderText {#text} at (2,0) size 49x13
        text run at (2,0) width 49: "Item 893"
    RenderBlock {OPTION} at (1,12503) size 187x14 [bgcolor=#D4D4D4]
      RenderText {#text} at (2,0) size 49x13
        text run at (2,0) width 49: "Item 894"
    RenderBlock {OPTION} at (1,12517) size 187x14 [bgcolor=#D4D4D4]
      RenderText {#text} at (2,0) size 49x13
        text run at (2,0) width 49: "Item 895"
    RenderBlock {OPTION} at (1,12531) size 187x14 [bgcolor=#D4D4D4]
      RenderText {#text} at (2,0) size 49x13
        text run at (2,0) width 49: "Item 896"
    RenderBlock {OPTION} at (1,12545) size 187x14 [bgcolor=#D4D4D4]
      RenderText {#text} at (2,0) size 49x13
        text run at (2,0) width 49: "Item 897"
    RenderBlock {OPTION} at (1,12559) size 187x14 [bgcolor=#D4D4D4]
      RenderText {#text} at (2,0) size 49x13
        text run at (2,0) width 49: "Item 898"
    RenderBlock {OPTION} at (1,12573) size 187x14 [bgcolor=#D4D4D4]
      RenderText {#text} at (2,0) size 49x13
        text run at (2,0) width 49: "Item 899"
    RenderBlock {OPTION} at (1,12587) size 187x14 [bgcolor=#D4D4D4]
      RenderText {#text} at (2,0) size 49x13
        text run at (2,0) width 49: "Item 900"
    RenderBlock {OPTION} at (1,12601) size 187x14 [bgcolor=#D4D4D4]
      RenderText {#text} at (2,0) size 49x13
        text run at (2,0) width 49: "Item 901"
    RenderBlock {OPTION} at (1,12615) size 187x14 [bgcolor=#D4D4D4]
      RenderText {#text} at (2,0) size 49x13
        text run at (2,0) width 49: "Item 902"
    RenderBlock {OPTION} at (1,12629) size 187x14 [bgcolor=#D4D4D4]
      RenderText {#text} at (2,0) size 49x13
        text run at (2,0) width 49: "Item 903"
    RenderBlock {OPTION} at (1,12643) size 187x14 [bgcolor=#D4D4D4]
      RenderText {#text} at (2,0) size 49x13
        text run at (2,0) width 49: "Item 904"
    RenderBlock {OPTION} at (1,12657) size 187x14 [bgcolor=#D4D4D4]
      RenderText {#text} at (2,0) size 49x13
        text run at (2,0) width 49: "Item 905"
    RenderBlock {OPTION} at (1,12671) size 187x14 [bgcolor=#D4D4D4]
      RenderText {#text} at (2,0) size 49x13
        text run at (2,0) width 49: "Item 906"
    RenderBlock {OPTION} at (1,12685) size 187x14 [bgcolor=#D4D4D4]
      RenderText {#text} at (2,0) size 49x13
        text run at (2,0) width 49: "Item 907"
    RenderBlock {OPTION} at (1,12699) size 187x14 [bgcolor=#D4D4D4]
      RenderText {#text} at (2,0) size 49x13
        text run at (2,0) width 49: "Item 908"
    RenderBlock {OPTION} at (1,12713) size 187x14 [bgcolor=#D4D4D4]
      RenderText {#text} at (2,0) size 49x13
        text run at (2,0) width 49: "Item 909"
    RenderBlock {OPTION} at (1,12727) size 187x14 [bgcolor=#D4D4D4]
      RenderText {#text} at (2,0) size 49x13
        text run at (2,0) width 49: "Item 910"
    RenderBlock {OPTION} at (1,12741) size 187x14 [bgcolor=#D4D4D4]
      RenderText {#text} at (2,0) size 49x13
        text run at (2,0) width 49: "Item 911"
    RenderBlock {OPTION} at (1,12755) size 187x14 [bgcolor=#D4D4D4]
      RenderText {#text} at (2,0) size 49x13
        text run at (2,0) width 49: "Item 912"
    RenderBlock {OPTION} at (1,12769) size 187x14 [bgcolor=#D4D4D4]
      RenderText {#text} at (2,0) size 49x13
        text run at (2,0) width 49: "Item 913"
    RenderBlock {OPTION} at (1,12783) size 187x14 [bgcolor=#D4D4D4]
      RenderText {#text} at (2,0) size 49x13
        text run at (2,0) width 49: "Item 914"
    RenderBlock {OPTION} at (1,12797) size 187x14 [bgcolor=#D4D4D4]
      RenderText {#text} at (2,0) size 49x13
        text run at (2,0) width 49: "Item 915"
    RenderBlock {OPTION} at (1,12811) size 187x14 [bgcolor=#D4D4D4]
      RenderText {#text} at (2,0) size 49x13
        text run at (2,0) width 49: "Item 916"
    RenderBlock {OPTION} at (1,12825) size 187x14 [bgcolor=#D4D4D4]
      RenderText {#text} at (2,0) size 49x13
        text run at (2,0) width 49: "Item 917"
    RenderBlock {OPTION} at (1,12839) size 187x14 [bgcolor=#D4D4D4]
      RenderText {#text} at (2,0) size 49x13
        text run at (2,0) width 49: "Item 918"
    RenderBlock {OPTION} at (1,12853) size 187x14 [bgcolor=#D4D4D4]
      RenderText {#text} at (2,0) size 49x13
        text run at (2,0) width 49: "Item 919"
    RenderBlock {OPTION} at (1,12867) size 187x14 [bgcolor=#D4D4D4]
      RenderText {#text} at (2,0) size 49x13
        text run at (2,0) width 49: "Item 920"
    RenderBlock {OPTION} at (1,12881) size 187x14 [bgcolor=#D4D4D4]
      RenderText {#text} at (2,0) size 49x13
        text run at (2,0) width 49: "Item 921"
    RenderBlock {OPTION} at (1,12895) size 187x14 [bgcolor=#D4D4D4]
      RenderText {#text} at (2,0) size 49x13
        text run at (2,0) width 49: "Item 922"
    RenderBlock {OPTION} at (1,12909) size 187x14 [bgcolor=#D4D4D4]
      RenderText {#text} at (2,0) size 49x13
        text run at (2,0) width 49: "Item 923"
    RenderBlock {OPTION} at (1,12923) size 187x14 [bgcolor=#D4D4D4]
      RenderText {#text} at (2,0) size 49x13
        text run at (2,0) width 49: "Item 924"
    RenderBlock {OPTION} at (1,12937) size 187x14 [bgcolor=#D4D4D4]
      RenderText {#text} at (2,0) size 49x13
        text run at (2,0) width 49: "Item 925"
    RenderBlock {OPTION} at (1,12951) size 187x14 [bgcolor=#D4D4D4]
      RenderText {#text} at (2,0) size 49x13
        text run at (2,0) width 49: "Item 926"
    RenderBlock {OPTION} at (1,12965) size 187x14 [bgcolor=#D4D4D4]
      RenderText {#text} at (2,0) size 49x13
        text run at (2,0) width 49: "Item 927"
    RenderBlock {OPTION} at (1,12979) size 187x14 [bgcolor=#D4D4D4]
      RenderText {#text} at (2,0) size 49x13
        text run at (2,0) width 49: "Item 928"
    RenderBlock {OPTION} at (1,12993) size 187x14 [bgcolor=#D4D4D4]
      RenderText {#text} at (2,0) size 49x13
        text run at (2,0) width 49: "Item 929"
    RenderBlock {OPTION} at (1,13007) size 187x14 [bgcolor=#D4D4D4]
      RenderText {#text} at (2,0) size 49x13
        text run at (2,0) width 49: "Item 930"
    RenderBlock {OPTION} at (1,13021) size 187x14 [bgcolor=#D4D4D4]
      RenderText {#text} at (2,0) size 49x13
        text run at (2,0) width 49: "Item 931"
    RenderBlock {OPTION} at (1,13035) size 187x14 [bgcolor=#D4D4D4]
      RenderText {#text} at (2,0) size 49x13
        text run at (2,0) width 49: "Item 932"
    RenderBlock {OPTION} at (1,13049) size 187x14 [bgcolor=#D4D4D4]
      RenderText {#text} at (2,0) size 49x13
        text run at (2,0) width 49: "Item 933"
    RenderBlock {OPTION} at (1,13063) size 187x14 [bgcolor=#D4D4D4]
      RenderText {#text} at (2,0) size 49x13
        text run at (2,0) width 49: "Item 934"
    RenderBlock {OPTION} at (1,13077) size 187x14 [bgcolor=#D4D4D4]
      RenderText {#text} at (2,0) size 49x13
        text run at (2,0) width 49: "Item 935"
    RenderBlock {OPTION} at (1,13091) size 187x14 [bgcolor=#D4D4D4]
      RenderText {#text} at (2,0) size 49x13
        text run at (2,0) width 49: "Item 936"
    RenderBlock {OPTION} at (1,13105) size 187x14 [bgcolor=#D4D4D4]
      RenderText {#text} at (2,0) size 49x13
        text run at (2,0) width 49: "Item 937"
    RenderBlock {OPTION} at (1,13119) size 187x14 [bgcolor=#D4D4D4]
      RenderText {#text} at (2,0) size 49x13
        text run at (2,0) width 49: "Item 938"
    RenderBlock {OPTION} at (1,13133) size 187x14 [bgcolor=#D4D4D4]
      RenderText {#text} at (2,0) size 49x13
        text run at (2,0) width 49: "Item 939"
    RenderBlock {OPTION} at (1,13147) size 187x14 [bgcolor=#D4D4D4]
      RenderText {#text} at (2,0) size 49x13
        text run at (2,0) width 49: "Item 940"
    RenderBlock {OPTION} at (1,13161) size 187x14 [bgcolor=#D4D4D4]
      RenderText {#text} at (2,0) size 49x13
        text run at (2,0) width 49: "Item 941"
    RenderBlock {OPTION} at (1,13175) size 187x14 [bgcolor=#D4D4D4]
      RenderText {#text} at (2,0) size 49x13
        text run at (2,0) width 49: "Item 942"
    RenderBlock {OPTION} at (1,13189) size 187x14 [bgcolor=#D4D4D4]
      RenderText {#text} at (2,0) size 49x13
        text run at (2,0) width 49: "Item 943"
    RenderBlock {OPTION} at (1,13203) size 187x14 [bgcolor=#D4D4D4]
      RenderText {#text} at (2,0) size 49x13
        text run at (2,0) width 49: "Item 944"
    RenderBlock {OPTION} at (1,13217) size 187x14 [bgcolor=#D4D4D4]
      RenderText {#text} at (2,0) size 49x13
        text run at (2,0) width 49: "Item 945"
    RenderBlock {OPTION} at (1,13231) size 187x14 [bgcolor=#D4D4D4]
      RenderText {#text} at (2,0) size 49x13
        text run at (2,0) width 49: "Item 946"
    RenderBlock {OPTION} at (1,13245) size 187x14 [bgcolor=#D4D4D4]
      RenderText {#text} at (2,0) size 49x13
        text run at (2,0) width 49: "Item 947"
    RenderBlock {OPTION} at (1,13259) size 187x14 [bgcolor=#D4D4D4]
      RenderText {#text} at (2,0) size 49x13
        text run at (2,0) width 49: "Item 948"
    RenderBlock {OPTION} at (1,13273) size 187x14 [bgcolor=#D4D4D4]
      RenderText {#text} at (2,0) size 49x13
        text run at (2,0) width 49: "Item 949"
    RenderBlock {OPTION} at (1,13287) size 187x14 [bgcolor=#D4D4D4]
      RenderText {#text} at (2,0) size 49x13
        text run at (2,0) width 49: "Item 950"
    RenderBlock {OPTION} at (1,13301) size 187x14 [bgcolor=#D4D4D4]
      RenderText {#text} at (2,0) size 49x13
        text run at (2,0) width 49: "Item 951"
    RenderBlock {OPTION} at (1,13315) size 187x14 [bgcolor=#D4D4D4]
      RenderText {#text} at (2,0) size 49x13
        text run at (2,0) width 49: "Item 952"
    RenderBlock {OPTION} at (1,13329) size 187x14 [bgcolor=#D4D4D4]
      RenderText {#text} at (2,0) size 49x13
        text run at (2,0) width 49: "Item 953"
    RenderBlock {OPTION} at (1,13343) size 187x14 [bgcolor=#D4D4D4]
      RenderText {#text} at (2,0) size 49x13
        text run at (2,0) width 49: "Item 954"
    RenderBlock {OPTION} at (1,13357) size 187x14 [bgcolor=#D4D4D4]
      RenderText {#text} at (2,0) size 49x13
        text run at (2,0) width 49: "Item 955"
    RenderBlock {OPTION} at (1,13371) size 187x14 [bgcolor=#D4D4D4]
      RenderText {#text} at (2,0) size 49x13
        text run at (2,0) width 49: "Item 956"
    RenderBlock {OPTION} at (1,13385) size 187x14 [bgcolor=#D4D4D4]
      RenderText {#text} at (2,0) size 49x13
        text run at (2,0) width 49: "Item 957"
    RenderBlock {OPTION} at (1,13399) size 187x14 [bgcolor=#D4D4D4]
      RenderText {#text} at (2,0) size 49x13
        text run at (2,0) width 49: "Item 958"
    RenderBlock {OPTION} at (1,13413) size 187x14 [bgcolor=#D4D4D4]
      RenderText {#text} at (2,0) size 49x13
        text run at (2,0) width 49: "Item 959"
    RenderBlock {OPTION} at (1,13427) size 187x14 [bgcolor=#D4D4D4]
      RenderText {#text} at (2,0) size 49x13
        text run at (2,0) width 49: "Item 960"
    RenderBlock {OPTION} at (1,13441) size 187x14 [bgcolor=#D4D4D4]
      RenderText {#text} at (2,0) size 49x13
        text run at (2,0) width 49: "Item 961"
    RenderBlock {OPTION} at (1,13455) size 187x14 [bgcolor=#D4D4D4]
      RenderText {#text} at (2,0) size 49x13
        text run at (2,0) width 49: "Item 962"
    RenderBlock {OPTION} at (1,13469) size 187x14 [bgcolor=#D4D4D4]
      RenderText {#text} at (2,0) size 49x13
        text run at (2,0) width 49: "Item 963"
    RenderBlock {OPTION} at (1,13483) size 187x14 [bgcolor=#D4D4D4]
      RenderText {#text} at (2,0) size 49x13
        text run at (2,0) width 49: "Item 964"
    RenderBlock {OPTION} at (1,13497) size 187x14 [bgcolor=#D4D4D4]
      RenderText {#text} at (2,0) size 49x13
        text run at (2,0) width 49: "Item 965"
    RenderBlock {OPTION} at (1,13511) size 187x14 [bgcolor=#D4D4D4]
      RenderText {#text} at (2,0) size 49x13
        text run at (2,0) width 49: "Item 966"
    RenderBlock {OPTION} at (1,13525) size 187x14 [bgcolor=#D4D4D4]
      RenderText {#text} at (2,0) size 49x13
        text run at (2,0) width 49: "Item 967"
    RenderBlock {OPTION} at (1,13539) size 187x14 [bgcolor=#D4D4D4]
      RenderText {#text} at (2,0) size 49x13
        text run at (2,0) width 49: "Item 968"
    RenderBlock {OPTION} at (1,13553) size 187x14 [bgcolor=#D4D4D4]
      RenderText {#text} at (2,0) size 49x13
        text run at (2,0) width 49: "Item 969"
    RenderBlock {OPTION} at (1,13567) size 187x14 [bgcolor=#D4D4D4]
      RenderText {#text} at (2,0) size 49x13
        text run at (2,0) width 49: "Item 970"
    RenderBlock {OPTION} at (1,13581) size 187x14 [bgcolor=#D4D4D4]
      RenderText {#text} at (2,0) size 49x13
        text run at (2,0) width 49: "Item 971"
    RenderBlock {OPTION} at (1,13595) size 187x14 [bgcolor=#D4D4D4]
      RenderText {#text} at (2,0) size 49x13
        text run at (2,0) width 49: "Item 972"
    RenderBlock {OPTION} at (1,13609) size 187x14 [bgcolor=#D4D4D4]
      RenderText {#text} at (2,0) size 49x13
        text run at (2,0) width 49: "Item 973"
    RenderBlock {OPTION} at (1,13623) size 187x14 [bgcolor=#D4D4D4]
      RenderText {#text} at (2,0) size 49x13
        text run at (2,0) width 49: "Item 974"
    RenderBlock {OPTION} at (1,13637) size 187x14 [bgcolor=#D4D4D4]
      RenderText {#text} at (2,0) size 49x13
        text run at (2,0) width 49: "Item 975"
    RenderBlock {OPTION} at (1,13651) size 187x14 [bgcolor=#D4D4D4]
      RenderText {#text} at (2,0) size 49x13
        text run at (2,0) width 49: "Item 976"
    RenderBlock {OPTION} at (1,13665) size 187x14 [bgcolor=#D4D4D4]
      RenderText {#text} at (2,0) size 49x13
        text run at (2,0) width 49: "Item 977"
    RenderBlock {OPTION} at (1,13679) size 187x14 [bgcolor=#D4D4D4]
      RenderText {#text} at (2,0) size 49x13
        text run at (2,0) width 49: "Item 978"
    RenderBlock {OPTION} at (1,13693) size 187x14 [bgcolor=#D4D4D4]
      RenderText {#text} at (2,0) size 49x13
        text run at (2,0) width 49: "Item 979"
    RenderBlock {OPTION} at (1,13707) size 187x14 [bgcolor=#D4D4D4]
      RenderText {#text} at (2,0) size 49x13
        text run at (2,0) width 49: "Item 980"
    RenderBlock {OPTION} at (1,13721) size 187x14 [bgcolor=#D4D4D4]
      RenderText {#text} at (2,0) size 49x13
        text run at (2,0) width 49: "Item 981"
    RenderBlock {OPTION} at (1,13735) size 187x14 [bgcolor=#D4D4D4]
      RenderText {#text} at (2,0) size 49x13
        text run at (2,0) width 49: "Item 982"
    RenderBlock {OPTION} at (1,13749) size 187x14 [bgcolor=#D4D4D4]
      RenderText {#text} at (2,0) size 49x13
        text run at (2,0) width 49: "Item 983"
    RenderBlock {OPTION} at (1,13763) size 187x14 [bgcolor=#D4D4D4]
      RenderText {#text} at (2,0) size 49x13
        text run at (2,0) width 49: "Item 984"
    RenderBlock {OPTION} at (1,13777) size 187x14 [bgcolor=#D4D4D4]
      RenderText {#text} at (2,0) size 49x13
        text run at (2,0) width 49: "Item 985"
    RenderBlock {OPTION} at (1,13791) size 187x14 [bgcolor=#D4D4D4]
      RenderText {#text} at (2,0) size 49x13
        text run at (2,0) width 49: "Item 986"
    RenderBlock {OPTION} at (1,13805) size 187x14 [bgcolor=#D4D4D4]
      RenderText {#text} at (2,0) size 49x13
        text run at (2,0) width 49: "Item 987"
    RenderBlock {OPTION} at (1,13819) size 187x14 [bgcolor=#D4D4D4]
      RenderText {#text} at (2,0) size 49x13
        text run at (2,0) width 49: "Item 988"
    RenderBlock {OPTION} at (1,13833) size 187x14 [bgcolor=#D4D4D4]
      RenderText {#text} at (2,0) size 49x13
        text run at (2,0) width 49: "Item 989"
    RenderBlock {OPTION} at (1,13847) size 187x14 [bgcolor=#D4D4D4]
      RenderText {#text} at (2,0) size 49x13
        text run at (2,0) width 49: "Item 990"
    RenderBlock {OPTION} at (1,13861) size 187x14 [bgcolor=#D4D4D4]
      RenderText {#text} at (2,0) size 49x13
        text run at (2,0) width 49: "Item 991"
    RenderBlock {OPTION} at (1,13875) size 187x14 [bgcolor=#D4D4D4]
      RenderText {#text} at (2,0) size 49x13
        text run at (2,0) width 49: "Item 992"
    RenderBlock {OPTION} at (1,13889) size 187x14 [bgcolor=#D4D4D4]
      RenderText {#text} at (2,0) size 49x13
        text run at (2,0) width 49: "Item 993"
    RenderBlock {OPTION} at (1,13903) size 187x14 [bgcolor=#D4D4D4]
      RenderText {#text} at (2,0) size 49x13
        text run at (2,0) width 49: "Item 994"
    RenderBlock {OPTION} at (1,13917) size 187x14 [bgcolor=#D4D4D4]
      RenderText {#text} at (2,0) size 49x13
        text run at (2,0) width 49: "Item 995"
    RenderBlock {OPTION} at (1,13931) size 187x14 [bgcolor=#D4D4D4]
      RenderText {#text} at (2,0) size 49x13
        text run at (2,0) width 49: "Item 996"
    RenderBlock {OPTION} at (1,13945) size 187x14 [bgcolor=#D4D4D4]
      RenderText {#text} at (2,0) size 49x13
        text run at (2,0) width 49: "Item 997"
    RenderBlock {OPTION} at (1,13959) size 187x14 [bgcolor=#D4D4D4]
      RenderText {#text} at (2,0) size 49x13
        text run at (2,0) width 49: "Item 998"
    RenderBlock {OPTION} at (1,13973) size 187x14 [bgcolor=#D4D4D4]
      RenderText {#text} at (2,0) size 49x13
        text run at (2,0) width 49: "Item 999"
    RenderBlock {OPTION} at (1,13987) size 187x14 [bgcolor=#D4D4D4]
      RenderText {#text} at (2,0) size 55x13
        text run at (2,0) width 55: "Item 1000"
    RenderBlock {OPTION} at (1,14001) size 187x14 [bgcolor=#D4D4D4]
      RenderText {#text} at (2,0) size 55x13
        text run at (2,0) width 55: "Item 1001"
    RenderBlock {OPTION} at (1,14015) size 187x14 [bgcolor=#D4D4D4]
      RenderText {#text} at (2,0) size 55x13
        text run at (2,0) width 55: "Item 1002"
    RenderBlock {OPTION} at (1,14029) size 187x14 [bgcolor=#D4D4D4]
      RenderText {#text} at (2,0) size 55x13
        text run at (2,0) width 55: "Item 1003"
    RenderBlock {OPTION} at (1,14043) size 187x14 [bgcolor=#D4D4D4]
      RenderText {#text} at (2,0) size 55x13
        text run at (2,0) width 55: "Item 1004"
    RenderBlock {OPTION} at (1,14057) size 187x14 [bgcolor=#D4D4D4]
      RenderText {#text} at (2,0) size 55x13
        text run at (2,0) width 55: "Item 1005"
    RenderBlock {OPTION} at (1,14071) size 187x14 [bgcolor=#D4D4D4]
      RenderText {#text} at (2,0) size 55x13
        text run at (2,0) width 55: "Item 1006"
    RenderBlock {OPTION} at (1,14085) size 187x14 [bgcolor=#D4D4D4]
      RenderText {#text} at (2,0) size 55x13
        text run at (2,0) width 55: "Item 1007"
    RenderBlock {OPTION} at (1,14099) size 187x14 [bgcolor=#D4D4D4]
      RenderText {#text} at (2,0) size 55x13
        text run at (2,0) width 55: "Item 1008"
    RenderBlock {OPTION} at (1,14113) size 187x14 [bgcolor=#D4D4D4]
      RenderText {#text} at (2,0) size 55x13
        text run at (2,0) width 55: "Item 1009"
    RenderBlock {OPTION} at (1,14127) size 187x14 [bgcolor=#D4D4D4]
      RenderText {#text} at (2,0) size 55x13
        text run at (2,0) width 55: "Item 1010"
    RenderBlock {OPTION} at (1,14141) size 187x14 [bgcolor=#D4D4D4]
      RenderText {#text} at (2,0) size 55x13
        text run at (2,0) width 55: "Item 1011"
    RenderBlock {OPTION} at (1,14155) size 187x14 [bgcolor=#D4D4D4]
      RenderText {#text} at (2,0) size 55x13
        text run at (2,0) width 55: "Item 1012"
    RenderBlock {OPTION} at (1,14169) size 187x14 [bgcolor=#D4D4D4]
      RenderText {#text} at (2,0) size 55x13
        text run at (2,0) width 55: "Item 1013"
    RenderBlock {OPTION} at (1,14183) size 187x14 [bgcolor=#D4D4D4]
      RenderText {#text} at (2,0) size 55x13
        text run at (2,0) width 55: "Item 1014"
    RenderBlock {OPTION} at (1,14197) size 187x14 [bgcolor=#D4D4D4]
      RenderText {#text} at (2,0) size 55x13
        text run at (2,0) width 55: "Item 1015"
    RenderBlock {OPTION} at (1,14211) size 187x14 [bgcolor=#D4D4D4]
      RenderText {#text} at (2,0) size 55x13
        text run at (2,0) width 55: "Item 1016"
    RenderBlock {OPTION} at (1,14225) size 187x14 [bgcolor=#D4D4D4]
      RenderText {#text} at (2,0) size 55x13
        text run at (2,0) width 55: "Item 1017"
    RenderBlock {OPTION} at (1,14239) size 187x14 [bgcolor=#D4D4D4]
      RenderText {#text} at (2,0) size 55x13
        text run at (2,0) width 55: "Item 1018"
    RenderBlock {OPTION} at (1,14253) size 187x14 [bgcolor=#D4D4D4]
      RenderText {#text} at (2,0) size 55x13
        text run at (2,0) width 55: "Item 1019"
    RenderBlock {OPTION} at (1,14267) size 187x14 [bgcolor=#D4D4D4]
      RenderText {#text} at (2,0) size 55x13
        text run at (2,0) width 55: "Item 1020"
    RenderBlock {OPTION} at (1,14281) size 187x14 [bgcolor=#D4D4D4]
      RenderText {#text} at (2,0) size 55x13
        text run at (2,0) width 55: "Item 1021"
    RenderBlock {OPTION} at (1,14295) size 187x14 [bgcolor=#D4D4D4]
      RenderText {#text} at (2,0) size 55x13
        text run at (2,0) width 55: "Item 1022"
    RenderBlock {OPTION} at (1,14309) size 187x14 [bgcolor=#D4D4D4]
      RenderText {#text} at (2,0) size 55x13
        text run at (2,0) width 55: "Item 1023"
    RenderBlock {OPTION} at (1,14323) size 187x14 [bgcolor=#D4D4D4]
      RenderText {#text} at (2,0) size 55x13
        text run at (2,0) width 55: "Item 1024"
    RenderBlock {OPTION} at (1,14337) size 187x14 [bgcolor=#D4D4D4]
      RenderText {#text} at (2,0) size 55x13
        text run at (2,0) width 55: "Item 1025"
    RenderBlock {OPTION} at (1,14351) size 187x14 [bgcolor=#D4D4D4]
      RenderText {#text} at (2,0) size 55x13
        text run at (2,0) width 55: "Item 1026"
    RenderBlock {OPTION} at (1,14365) size 187x14 [bgcolor=#D4D4D4]
      RenderText {#text} at (2,0) size 55x13
        text run at (2,0) width 55: "Item 1027"
    RenderBlock {OPTION} at (1,14379) size 187x14 [bgcolor=#D4D4D4]
      RenderText {#text} at (2,0) size 55x13
        text run at (2,0) width 55: "Item 1028"
    RenderBlock {OPTION} at (1,14393) size 187x14 [bgcolor=#D4D4D4]
      RenderText {#text} at (2,0) size 55x13
        text run at (2,0) width 55: "Item 1029"
    RenderBlock {OPTION} at (1,14407) size 187x14 [bgcolor=#D4D4D4]
      RenderText {#text} at (2,0) size 55x13
        text run at (2,0) width 55: "Item 1030"
    RenderBlock {OPTION} at (1,14421) size 187x14 [bgcolor=#D4D4D4]
      RenderText {#text} at (2,0) size 55x13
        text run at (2,0) width 55: "Item 1031"
    RenderBlock {OPTION} at (1,14435) size 187x14 [bgcolor=#D4D4D4]
      RenderText {#text} at (2,0) size 55x13
        text run at (2,0) width 55: "Item 1032"
    RenderBlock {OPTION} at (1,14449) size 187x14 [bgcolor=#D4D4D4]
      RenderText {#text} at (2,0) size 55x13
        text run at (2,0) width 55: "Item 1033"
    RenderBlock {OPTION} at (1,14463) size 187x14 [bgcolor=#D4D4D4]
      RenderText {#text} at (2,0) size 55x13
        text run at (2,0) width 55: "Item 1034"
    RenderBlock {OPTION} at (1,14477) size 187x14 [bgcolor=#D4D4D4]
      RenderText {#text} at (2,0) size 55x13
        text run at (2,0) width 55: "Item 1035"
    RenderBlock {OPTION} at (1,14491) size 187x14 [bgcolor=#D4D4D4]
      RenderText {#text} at (2,0) size 55x13
        text run at (2,0) width 55: "Item 1036"
    RenderBlock {OPTION} at (1,14505) size 187x14 [bgcolor=#D4D4D4]
      RenderText {#text} at (2,0) size 55x13
        text run at (2,0) width 55: "Item 1037"
    RenderBlock {OPTION} at (1,14519) size 187x14 [bgcolor=#D4D4D4]
      RenderText {#text} at (2,0) size 55x13
        text run at (2,0) width 55: "Item 1038"
    RenderBlock {OPTION} at (1,14533) size 187x14 [bgcolor=#D4D4D4]
      RenderText {#text} at (2,0) size 55x13
        text run at (2,0) width 55: "Item 1039"
    RenderBlock {OPTION} at (1,14547) size 187x14 [bgcolor=#D4D4D4]
      RenderText {#text} at (2,0) size 55x13
        text run at (2,0) width 55: "Item 1040"
    RenderBlock {OPTION} at (1,14561) size 187x14 [bgcolor=#D4D4D4]
      RenderText {#text} at (2,0) size 55x13
        text run at (2,0) width 55: "Item 1041"
    RenderBlock {OPTION} at (1,14575) size 187x14 [bgcolor=#D4D4D4]
      RenderText {#text} at (2,0) size 55x13
        text run at (2,0) width 55: "Item 1042"
    RenderBlock {OPTION} at (1,14589) size 187x14 [bgcolor=#D4D4D4]
      RenderText {#text} at (2,0) size 55x13
        text run at (2,0) width 55: "Item 1043"
    RenderBlock {OPTION} at (1,14603) size 187x14 [bgcolor=#D4D4D4]
      RenderText {#text} at (2,0) size 55x13
        text run at (2,0) width 55: "Item 1044"
    RenderBlock {OPTION} at (1,14617) size 187x14 [bgcolor=#D4D4D4]
      RenderText {#text} at (2,0) size 55x13
        text run at (2,0) width 55: "Item 1045"
    RenderBlock {OPTION} at (1,14631) size 187x14 [bgcolor=#D4D4D4]
      RenderText {#text} at (2,0) size 55x13
        text run at (2,0) width 55: "Item 1046"
    RenderBlock {OPTION} at (1,14645) size 187x14 [bgcolor=#D4D4D4]
      RenderText {#text} at (2,0) size 55x13
        text run at (2,0) width 55: "Item 1047"
    RenderBlock {OPTION} at (1,14659) size 187x14 [bgcolor=#D4D4D4]
      RenderText {#text} at (2,0) size 55x13
        text run at (2,0) width 55: "Item 1048"
    RenderBlock {OPTION} at (1,14673) size 187x14 [bgcolor=#D4D4D4]
      RenderText {#text} at (2,0) size 55x13
        text run at (2,0) width 55: "Item 1049"
    RenderBlock {OPTION} at (1,14687) size 187x14 [bgcolor=#D4D4D4]
      RenderText {#text} at (2,0) size 55x13
        text run at (2,0) width 55: "Item 1050"
    RenderBlock {OPTION} at (1,14701) size 187x14 [bgcolor=#D4D4D4]
      RenderText {#text} at (2,0) size 55x13
        text run at (2,0) width 55: "Item 1051"
    RenderBlock {OPTION} at (1,14715) size 187x14 [bgcolor=#D4D4D4]
      RenderText {#text} at (2,0) size 55x13
        text run at (2,0) width 55: "Item 1052"
    RenderBlock {OPTION} at (1,14729) size 187x14 [bgcolor=#D4D4D4]
      RenderText {#text} at (2,0) size 55x13
        text run at (2,0) width 55: "Item 1053"
    RenderBlock {OPTION} at (1,14743) size 187x14 [bgcolor=#D4D4D4]
      RenderText {#text} at (2,0) size 55x13
        text run at (2,0) width 55: "Item 1054"
    RenderBlock {OPTION} at (1,14757) size 187x14 [bgcolor=#D4D4D4]
      RenderText {#text} at (2,0) size 55x13
        text run at (2,0) width 55: "Item 1055"
    RenderBlock {OPTION} at (1,14771) size 187x14 [bgcolor=#D4D4D4]
      RenderText {#text} at (2,0) size 55x13
        text run at (2,0) width 55: "Item 1056"
    RenderBlock {OPTION} at (1,14785) size 187x14 [bgcolor=#D4D4D4]
      RenderText {#text} at (2,0) size 55x13
        text run at (2,0) width 55: "Item 1057"
    RenderBlock {OPTION} at (1,14799) size 187x14 [bgcolor=#D4D4D4]
      RenderText {#text} at (2,0) size 55x13
        text run at (2,0) width 55: "Item 1058"
    RenderBlock {OPTION} at (1,14813) size 187x14 [bgcolor=#D4D4D4]
      RenderText {#text} at (2,0) size 55x13
        text run at (2,0) width 55: "Item 1059"
    RenderBlock {OPTION} at (1,14827) size 187x14 [bgcolor=#D4D4D4]
      RenderText {#text} at (2,0) size 55x13
        text run at (2,0) width 55: "Item 1060"
    RenderBlock {OPTION} at (1,14841) size 187x14 [bgcolor=#D4D4D4]
      RenderText {#text} at (2,0) size 55x13
        text run at (2,0) width 55: "Item 1061"
    RenderBlock {OPTION} at (1,14855) size 187x14 [bgcolor=#D4D4D4]
      RenderText {#text} at (2,0) size 55x13
        text run at (2,0) width 55: "Item 1062"
    RenderBlock {OPTION} at (1,14869) size 187x14 [bgcolor=#D4D4D4]
      RenderText {#text} at (2,0) size 55x13
        text run at (2,0) width 55: "Item 1063"
    RenderBlock {OPTION} at (1,14883) size 187x14 [bgcolor=#D4D4D4]
      RenderText {#text} at (2,0) size 55x13
        text run at (2,0) width 55: "Item 1064"
    RenderBlock {OPTION} at (1,14897) size 187x14 [bgcolor=#D4D4D4]
      RenderText {#text} at (2,0) size 55x13
        text run at (2,0) width 55: "Item 1065"
    RenderBlock {OPTION} at (1,14911) size 187x14 [bgcolor=#D4D4D4]
      RenderText {#text} at (2,0) size 55x13
        text run at (2,0) width 55: "Item 1066"
    RenderBlock {OPTION} at (1,14925) size 187x14 [bgcolor=#D4D4D4]
      RenderText {#text} at (2,0) size 55x13
        text run at (2,0) width 55: "Item 1067"
    RenderBlock {OPTION} at (1,14939) size 187x14 [bgcolor=#D4D4D4]
      RenderText {#text} at (2,0) size 55x13
        text run at (2,0) width 55: "Item 1068"
    RenderBlock {OPTION} at (1,14953) size 187x14 [bgcolor=#D4D4D4]
      RenderText {#text} at (2,0) size 55x13
        text run at (2,0) width 55: "Item 1069"
    RenderBlock {OPTION} at (1,14967) size 187x14 [bgcolor=#D4D4D4]
      RenderText {#text} at (2,0) size 55x13
        text run at (2,0) width 55: "Item 1070"
    RenderBlock {OPTION} at (1,14981) size 187x14 [bgcolor=#D4D4D4]
      RenderText {#text} at (2,0) size 55x13
        text run at (2,0) width 55: "Item 1071"
    RenderBlock {OPTION} at (1,14995) size 187x14 [bgcolor=#D4D4D4]
      RenderText {#text} at (2,0) size 55x13
        text run at (2,0) width 55: "Item 1072"
    RenderBlock {OPTION} at (1,15009) size 187x14 [bgcolor=#D4D4D4]
      RenderText {#text} at (2,0) size 55x13
        text run at (2,0) width 55: "Item 1073"
    RenderBlock {OPTION} at (1,15023) size 187x14 [bgcolor=#D4D4D4]
      RenderText {#text} at (2,0) size 55x13
        text run at (2,0) width 55: "Item 1074"
    RenderBlock {OPTION} at (1,15037) size 187x14 [bgcolor=#D4D4D4]
      RenderText {#text} at (2,0) size 55x13
        text run at (2,0) width 55: "Item 1075"
    RenderBlock {OPTION} at (1,15051) size 187x14 [bgcolor=#D4D4D4]
      RenderText {#text} at (2,0) size 55x13
        text run at (2,0) width 55: "Item 1076"
    RenderBlock {OPTION} at (1,15065) size 187x14 [bgcolor=#D4D4D4]
      RenderText {#text} at (2,0) size 55x13
        text run at (2,0) width 55: "Item 1077"
    RenderBlock {OPTION} at (1,15079) size 187x14 [bgcolor=#D4D4D4]
      RenderText {#text} at (2,0) size 55x13
        text run at (2,0) width 55: "Item 1078"
    RenderBlock {OPTION} at (1,15093) size 187x14 [bgcolor=#D4D4D4]
      RenderText {#text} at (2,0) size 55x13
        text run at (2,0) width 55: "Item 1079"
    RenderBlock {OPTION} at (1,15107) size 187x14 [bgcolor=#D4D4D4]
      RenderText {#text} at (2,0) size 55x13
        text run at (2,0) width 55: "Item 1080"
    RenderBlock {OPTION} at (1,15121) size 187x14 [bgcolor=#D4D4D4]
      RenderText {#text} at (2,0) size 55x13
        text run at (2,0) width 55: "Item 1081"
    RenderBlock {OPTION} at (1,15135) size 187x14 [bgcolor=#D4D4D4]
      RenderText {#text} at (2,0) size 55x13
        text run at (2,0) width 55: "Item 1082"
    RenderBlock {OPTION} at (1,15149) size 187x14 [bgcolor=#D4D4D4]
      RenderText {#text} at (2,0) size 55x13
        text run at (2,0) width 55: "Item 1083"
    RenderBlock {OPTION} at (1,15163) size 187x14 [bgcolor=#D4D4D4]
      RenderText {#text} at (2,0) size 55x13
        text run at (2,0) width 55: "Item 1084"
    RenderBlock {OPTION} at (1,15177) size 187x14 [bgcolor=#D4D4D4]
      RenderText {#text} at (2,0) size 55x13
        text run at (2,0) width 55: "Item 1085"
    RenderBlock {OPTION} at (1,15191) size 187x14 [bgcolor=#D4D4D4]
      RenderText {#text} at (2,0) size 55x13
        text run at (2,0) width 55: "Item 1086"
    RenderBlock {OPTION} at (1,15205) size 187x14 [bgcolor=#D4D4D4]
      RenderText {#text} at (2,0) size 55x13
        text run at (2,0) width 55: "Item 1087"
    RenderBlock {OPTION} at (1,15219) size 187x14 [bgcolor=#D4D4D4]
      RenderText {#text} at (2,0) size 55x13
        text run at (2,0) width 55: "Item 1088"
    RenderBlock {OPTION} at (1,15233) size 187x14 [bgcolor=#D4D4D4]
      RenderText {#text} at (2,0) size 55x13
        text run at (2,0) width 55: "Item 1089"
    RenderBlock {OPTION} at (1,15247) size 187x14 [bgcolor=#D4D4D4]
      RenderText {#text} at (2,0) size 55x13
        text run at (2,0) width 55: "Item 1090"
    RenderBlock {OPTION} at (1,15261) size 187x14 [bgcolor=#D4D4D4]
      RenderText {#text} at (2,0) size 55x13
        text run at (2,0) width 55: "Item 1091"
    RenderBlock {OPTION} at (1,15275) size 187x14 [bgcolor=#D4D4D4]
      RenderText {#text} at (2,0) size 55x13
        text run at (2,0) width 55: "Item 1092"
    RenderBlock {OPTION} at (1,15289) size 187x14 [bgcolor=#D4D4D4]
      RenderText {#text} at (2,0) size 55x13
        text run at (2,0) width 55: "Item 1093"
    RenderBlock {OPTION} at (1,15303) size 187x14 [bgcolor=#D4D4D4]
      RenderText {#text} at (2,0) size 55x13
        text run at (2,0) width 55: "Item 1094"
    RenderBlock {OPTION} at (1,15317) size 187x14 [bgcolor=#D4D4D4]
      RenderText {#text} at (2,0) size 55x13
        text run at (2,0) width 55: "Item 1095"
    RenderBlock {OPTION} at (1,15331) size 187x14 [bgcolor=#D4D4D4]
      RenderText {#text} at (2,0) size 55x13
        text run at (2,0) width 55: "Item 1096"
    RenderBlock {OPTION} at (1,15345) size 187x14 [bgcolor=#D4D4D4]
      RenderText {#text} at (2,0) size 55x13
        text run at (2,0) width 55: "Item 1097"
    RenderBlock {OPTION} at (1,15359) size 187x14 [bgcolor=#D4D4D4]
      RenderText {#text} at (2,0) size 55x13
        text run at (2,0) width 55: "Item 1098"
    RenderBlock {OPTION} at (1,15373) size 187x14 [bgcolor=#D4D4D4]
      RenderText {#text} at (2,0) size 55x13
        text run at (2,0) width 55: "Item 1099"
    RenderBlock {OPTION} at (1,15387) size 187x14 [bgcolor=#D4D4D4]
      RenderText {#text} at (2,0) size 55x13
        text run at (2,0) width 55: "Item 1100"
    RenderBlock {OPTION} at (1,15401) size 187x14 [bgcolor=#D4D4D4]
      RenderText {#text} at (2,0) size 55x13
        text run at (2,0) width 55: "Item 1101"
    RenderBlock {OPTION} at (1,15415) size 187x14 [bgcolor=#D4D4D4]
      RenderText {#text} at (2,0) size 55x13
        text run at (2,0) width 55: "Item 1102"
    RenderBlock {OPTION} at (1,15429) size 187x14 [bgcolor=#D4D4D4]
      RenderText {#text} at (2,0) size 55x13
        text run at (2,0) width 55: "Item 1103"
    RenderBlock {OPTION} at (1,15443) size 187x14 [bgcolor=#D4D4D4]
      RenderText {#text} at (2,0) size 55x13
        text run at (2,0) width 55: "Item 1104"
    RenderBlock {OPTION} at (1,15457) size 187x14 [bgcolor=#D4D4D4]
      RenderText {#text} at (2,0) size 55x13
        text run at (2,0) width 55: "Item 1105"
    RenderBlock {OPTION} at (1,15471) size 187x14 [bgcolor=#D4D4D4]
      RenderText {#text} at (2,0) size 55x13
        text run at (2,0) width 55: "Item 1106"
    RenderBlock {OPTION} at (1,15485) size 187x14 [bgcolor=#D4D4D4]
      RenderText {#text} at (2,0) size 55x13
        text run at (2,0) width 55: "Item 1107"
    RenderBlock {OPTION} at (1,15499) size 187x14 [bgcolor=#D4D4D4]
      RenderText {#text} at (2,0) size 55x13
        text run at (2,0) width 55: "Item 1108"
    RenderBlock {OPTION} at (1,15513) size 187x14 [bgcolor=#D4D4D4]
      RenderText {#text} at (2,0) size 55x13
        text run at (2,0) width 55: "Item 1109"
    RenderBlock {OPTION} at (1,15527) size 187x14 [bgcolor=#D4D4D4]
      RenderText {#text} at (2,0) size 55x13
        text run at (2,0) width 55: "Item 1110"
    RenderBlock {OPTION} at (1,15541) size 187x14 [bgcolor=#D4D4D4]
      RenderText {#text} at (2,0) size 55x13
        text run at (2,0) width 55: "Item 1111"
    RenderBlock {OPTION} at (1,15555) size 187x14 [bgcolor=#D4D4D4]
      RenderText {#text} at (2,0) size 55x13
        text run at (2,0) width 55: "Item 1112"
    RenderBlock {OPTION} at (1,15569) size 187x14 [bgcolor=#D4D4D4]
      RenderText {#text} at (2,0) size 55x13
        text run at (2,0) width 55: "Item 1113"
    RenderBlock {OPTION} at (1,15583) size 187x14 [bgcolor=#D4D4D4]
      RenderText {#text} at (2,0) size 55x13
        text run at (2,0) width 55: "Item 1114"
    RenderBlock {OPTION} at (1,15597) size 187x14 [bgcolor=#D4D4D4]
      RenderText {#text} at (2,0) size 55x13
        text run at (2,0) width 55: "Item 1115"
    RenderBlock {OPTION} at (1,15611) size 187x14 [bgcolor=#D4D4D4]
      RenderText {#text} at (2,0) size 55x13
        text run at (2,0) width 55: "Item 1116"
    RenderBlock {OPTION} at (1,15625) size 187x14 [bgcolor=#D4D4D4]
      RenderText {#text} at (2,0) size 55x13
        text run at (2,0) width 55: "Item 1117"
    RenderBlock {OPTION} at (1,15639) size 187x14 [bgcolor=#D4D4D4]
      RenderText {#text} at (2,0) size 55x13
        text run at (2,0) width 55: "Item 1118"
    RenderBlock {OPTION} at (1,15653) size 187x14 [bgcolor=#D4D4D4]
      RenderText {#text} at (2,0) size 55x13
        text run at (2,0) width 55: "Item 1119"
    RenderBlock {OPTION} at (1,15667) size 187x14 [bgcolor=#D4D4D4]
      RenderText {#text} at (2,0) size 55x13
        text run at (2,0) width 55: "Item 1120"
    RenderBlock {OPTION} at (1,15681) size 187x14 [bgcolor=#D4D4D4]
      RenderText {#text} at (2,0) size 55x13
        text run at (2,0) width 55: "Item 1121"
    RenderBlock {OPTION} at (1,15695) size 187x14 [bgcolor=#D4D4D4]
      RenderText {#text} at (2,0) size 55x13
        text run at (2,0) width 55: "Item 1122"
    RenderBlock {OPTION} at (1,15709) size 187x14 [bgcolor=#D4D4D4]
      RenderText {#text} at (2,0) size 55x13
        text run at (2,0) width 55: "Item 1123"
    RenderBlock {OPTION} at (1,15723) size 187x14 [bgcolor=#D4D4D4]
      RenderText {#text} at (2,0) size 55x13
        text run at (2,0) width 55: "Item 1124"
    RenderBlock {OPTION} at (1,15737) size 187x14 [bgcolor=#D4D4D4]
      RenderText {#text} at (2,0) size 55x13
        text run at (2,0) width 55: "Item 1125"
    RenderBlock {OPTION} at (1,15751) size 187x14 [bgcolor=#D4D4D4]
      RenderText {#text} at (2,0) size 55x13
        text run at (2,0) width 55: "Item 1126"
    RenderBlock {OPTION} at (1,15765) size 187x14 [bgcolor=#D4D4D4]
      RenderText {#text} at (2,0) size 55x13
        text run at (2,0) width 55: "Item 1127"
    RenderBlock {OPTION} at (1,15779) size 187x14 [bgcolor=#D4D4D4]
      RenderText {#text} at (2,0) size 55x13
        text run at (2,0) width 55: "Item 1128"
    RenderBlock {OPTION} at (1,15793) size 187x14 [bgcolor=#D4D4D4]
      RenderText {#text} at (2,0) size 55x13
        text run at (2,0) width 55: "Item 1129"
    RenderBlock {OPTION} at (1,15807) size 187x14 [bgcolor=#D4D4D4]
      RenderText {#text} at (2,0) size 55x13
        text run at (2,0) width 55: "Item 1130"
    RenderBlock {OPTION} at (1,15821) size 187x14 [bgcolor=#D4D4D4]
      RenderText {#text} at (2,0) size 55x13
        text run at (2,0) width 55: "Item 1131"
    RenderBlock {OPTION} at (1,15835) size 187x14 [bgcolor=#D4D4D4]
      RenderText {#text} at (2,0) size 55x13
        text run at (2,0) width 55: "Item 1132"
    RenderBlock {OPTION} at (1,15849) size 187x14 [bgcolor=#D4D4D4]
      RenderText {#text} at (2,0) size 55x13
        text run at (2,0) width 55: "Item 1133"
    RenderBlock {OPTION} at (1,15863) size 187x14 [bgcolor=#D4D4D4]
      RenderText {#text} at (2,0) size 55x13
        text run at (2,0) width 55: "Item 1134"
    RenderBlock {OPTION} at (1,15877) size 187x14 [bgcolor=#D4D4D4]
      RenderText {#text} at (2,0) size 55x13
        text run at (2,0) width 55: "Item 1135"
    RenderBlock {OPTION} at (1,15891) size 187x14 [bgcolor=#D4D4D4]
      RenderText {#text} at (2,0) size 55x13
        text run at (2,0) width 55: "Item 1136"
    RenderBlock {OPTION} at (1,15905) size 187x14 [bgcolor=#D4D4D4]
      RenderText {#text} at (2,0) size 55x13
        text run at (2,0) width 55: "Item 1137"
    RenderBlock {OPTION} at (1,15919) size 187x14 [bgcolor=#D4D4D4]
      RenderText {#text} at (2,0) size 55x13
        text run at (2,0) width 55: "Item 1138"
    RenderBlock {OPTION} at (1,15933) size 187x14 [bgcolor=#D4D4D4]
      RenderText {#text} at (2,0) size 55x13
        text run at (2,0) width 55: "Item 1139"
    RenderBlock {OPTION} at (1,15947) size 187x14 [bgcolor=#D4D4D4]
      RenderText {#text} at (2,0) size 55x13
        text run at (2,0) width 55: "Item 1140"
    RenderBlock {OPTION} at (1,15961) size 187x14 [bgcolor=#D4D4D4]
      RenderText {#text} at (2,0) size 55x13
        text run at (2,0) width 55: "Item 1141"
    RenderBlock {OPTION} at (1,15975) size 187x14 [bgcolor=#D4D4D4]
      RenderText {#text} at (2,0) size 55x13
        text run at (2,0) width 55: "Item 1142"
    RenderBlock {OPTION} at (1,15989) size 187x14 [bgcolor=#D4D4D4]
      RenderText {#text} at (2,0) size 55x13
        text run at (2,0) width 55: "Item 1143"
    RenderBlock {OPTION} at (1,16003) size 187x14 [bgcolor=#D4D4D4]
      RenderText {#text} at (2,0) size 55x13
        text run at (2,0) width 55: "Item 1144"
    RenderBlock {OPTION} at (1,16017) size 187x14 [bgcolor=#D4D4D4]
      RenderText {#text} at (2,0) size 55x13
        text run at (2,0) width 55: "Item 1145"
    RenderBlock {OPTION} at (1,16031) size 187x14 [bgcolor=#D4D4D4]
      RenderText {#text} at (2,0) size 55x13
        text run at (2,0) width 55: "Item 1146"
    RenderBlock {OPTION} at (1,16045) size 187x14 [bgcolor=#D4D4D4]
      RenderText {#text} at (2,0) size 55x13
        text run at (2,0) width 55: "Item 1147"
    RenderBlock {OPTION} at (1,16059) size 187x14 [bgcolor=#D4D4D4]
      RenderText {#text} at (2,0) size 55x13
        text run at (2,0) width 55: "Item 1148"
    RenderBlock {OPTION} at (1,16073) size 187x14 [bgcolor=#D4D4D4]
      RenderText {#text} at (2,0) size 55x13
        text run at (2,0) width 55: "Item 1149"
    RenderBlock {OPTION} at (1,16087) size 187x14 [bgcolor=#D4D4D4]
      RenderText {#text} at (2,0) size 55x13
        text run at (2,0) width 55: "Item 1150"
    RenderBlock {OPTION} at (1,16101) size 187x14 [bgcolor=#D4D4D4]
      RenderText {#text} at (2,0) size 55x13
        text run at (2,0) width 55: "Item 1151"
    RenderBlock {OPTION} at (1,16115) size 187x14 [bgcolor=#D4D4D4]
      RenderText {#text} at (2,0) size 55x13
        text run at (2,0) width 55: "Item 1152"
    RenderBlock {OPTION} at (1,16129) size 187x14 [bgcolor=#D4D4D4]
      RenderText {#text} at (2,0) size 55x13
        text run at (2,0) width 55: "Item 1153"
    RenderBlock {OPTION} at (1,16143) size 187x14 [bgcolor=#D4D4D4]
      RenderText {#text} at (2,0) size 55x13
        text run at (2,0) width 55: "Item 1154"
    RenderBlock {OPTION} at (1,16157) size 187x14 [bgcolor=#D4D4D4]
      RenderText {#text} at (2,0) size 55x13
        text run at (2,0) width 55: "Item 1155"
    RenderBlock {OPTION} at (1,16171) size 187x14 [bgcolor=#D4D4D4]
      RenderText {#text} at (2,0) size 55x13
        text run at (2,0) width 55: "Item 1156"
    RenderBlock {OPTION} at (1,16185) size 187x14 [bgcolor=#D4D4D4]
      RenderText {#text} at (2,0) size 55x13
        text run at (2,0) width 55: "Item 1157"
    RenderBlock {OPTION} at (1,16199) size 187x14 [bgcolor=#D4D4D4]
      RenderText {#text} at (2,0) size 55x13
        text run at (2,0) width 55: "Item 1158"
    RenderBlock {OPTION} at (1,16213) size 187x14 [bgcolor=#D4D4D4]
      RenderText {#text} at (2,0) size 55x13
        text run at (2,0) width 55: "Item 1159"
    RenderBlock {OPTION} at (1,16227) size 187x14 [bgcolor=#D4D4D4]
      RenderText {#text} at (2,0) size 55x13
        text run at (2,0) width 55: "Item 1160"
    RenderBlock {OPTION} at (1,16241) size 187x14 [bgcolor=#D4D4D4]
      RenderText {#text} at (2,0) size 55x13
        text run at (2,0) width 55: "Item 1161"
    RenderBlock {OPTION} at (1,16255) size 187x14 [bgcolor=#D4D4D4]
      RenderText {#text} at (2,0) size 55x13
        text run at (2,0) width 55: "Item 1162"
    RenderBlock {OPTION} at (1,16269) size 187x14 [bgcolor=#D4D4D4]
      RenderText {#text} at (2,0) size 55x13
        text run at (2,0) width 55: "Item 1163"
    RenderBlock {OPTION} at (1,16283) size 187x14 [bgcolor=#D4D4D4]
      RenderText {#text} at (2,0) size 55x13
        text run at (2,0) width 55: "Item 1164"
    RenderBlock {OPTION} at (1,16297) size 187x14 [bgcolor=#D4D4D4]
      RenderText {#text} at (2,0) size 55x13
        text run at (2,0) width 55: "Item 1165"
    RenderBlock {OPTION} at (1,16311) size 187x14 [bgcolor=#D4D4D4]
      RenderText {#text} at (2,0) size 55x13
        text run at (2,0) width 55: "Item 1166"
    RenderBlock {OPTION} at (1,16325) size 187x14 [bgcolor=#D4D4D4]
      RenderText {#text} at (2,0) size 55x13
        text run at (2,0) width 55: "Item 1167"
    RenderBlock {OPTION} at (1,16339) size 187x14 [bgcolor=#D4D4D4]
      RenderText {#text} at (2,0) size 55x13
        text run at (2,0) width 55: "Item 1168"
    RenderBlock {OPTION} at (1,16353) size 187x14 [bgcolor=#D4D4D4]
      RenderText {#text} at (2,0) size 55x13
        text run at (2,0) width 55: "Item 1169"
    RenderBlock {OPTION} at (1,16367) size 187x14 [bgcolor=#D4D4D4]
      RenderText {#text} at (2,0) size 55x13
        text run at (2,0) width 55: "Item 1170"
    RenderBlock {OPTION} at (1,16381) size 187x14 [bgcolor=#D4D4D4]
      RenderText {#text} at (2,0) size 55x13
        text run at (2,0) width 55: "Item 1171"
    RenderBlock {OPTION} at (1,16395) size 187x14 [bgcolor=#D4D4D4]
      RenderText {#text} at (2,0) size 55x13
        text run at (2,0) width 55: "Item 1172"
    RenderBlock {OPTION} at (1,16409) size 187x14 [bgcolor=#D4D4D4]
      RenderText {#text} at (2,0) size 55x13
        text run at (2,0) width 55: "Item 1173"
    RenderBlock {OPTION} at (1,16423) size 187x14 [bgcolor=#D4D4D4]
      RenderText {#text} at (2,0) size 55x13
        text run at (2,0) width 55: "Item 1174"
    RenderBlock {OPTION} at (1,16437) size 187x14 [bgcolor=#D4D4D4]
      RenderText {#text} at (2,0) size 55x13
        text run at (2,0) width 55: "Item 1175"
    RenderBlock {OPTION} at (1,16451) size 187x14 [bgcolor=#D4D4D4]
      RenderText {#text} at (2,0) size 55x13
        text run at (2,0) width 55: "Item 1176"
    RenderBlock {OPTION} at (1,16465) size 187x14 [bgcolor=#D4D4D4]
      RenderText {#text} at (2,0) size 55x13
        text run at (2,0) width 55: "Item 1177"
    RenderBlock {OPTION} at (1,16479) size 187x14 [bgcolor=#D4D4D4]
      RenderText {#text} at (2,0) size 55x13
        text run at (2,0) width 55: "Item 1178"
    RenderBlock {OPTION} at (1,16493) size 187x14 [bgcolor=#D4D4D4]
      RenderText {#text} at (2,0) size 55x13
        text run at (2,0) width 55: "Item 1179"
    RenderBlock {OPTION} at (1,16507) size 187x14 [bgcolor=#D4D4D4]
      RenderText {#text} at (2,0) size 55x13
        text run at (2,0) width 55: "Item 1180"
    RenderBlock {OPTION} at (1,16521) size 187x14 [bgcolor=#D4D4D4]
      RenderText {#text} at (2,0) size 55x13
        text run at (2,0) width 55: "Item 1181"
    RenderBlock {OPTION} at (1,16535) size 187x14 [bgcolor=#D4D4D4]
      RenderText {#text} at (2,0) size 55x13
        text run at (2,0) width 55: "Item 1182"
    RenderBlock {OPTION} at (1,16549) size 187x14 [bgcolor=#D4D4D4]
      RenderText {#text} at (2,0) size 55x13
        text run at (2,0) width 55: "Item 1183"
    RenderBlock {OPTION} at (1,16563) size 187x14 [bgcolor=#D4D4D4]
      RenderText {#text} at (2,0) size 55x13
        text run at (2,0) width 55: "Item 1184"
    RenderBlock {OPTION} at (1,16577) size 187x14 [bgcolor=#D4D4D4]
      RenderText {#text} at (2,0) size 55x13
        text run at (2,0) width 55: "Item 1185"
    RenderBlock {OPTION} at (1,16591) size 187x14 [bgcolor=#D4D4D4]
      RenderText {#text} at (2,0) size 55x13
        text run at (2,0) width 55: "Item 1186"
    RenderBlock {OPTION} at (1,16605) size 187x14 [bgcolor=#D4D4D4]
      RenderText {#text} at (2,0) size 55x13
        text run at (2,0) width 55: "Item 1187"
    RenderBlock {OPTION} at (1,16619) size 187x14 [bgcolor=#D4D4D4]
      RenderText {#text} at (2,0) size 55x13
        text run at (2,0) width 55: "Item 1188"
    RenderBlock {OPTION} at (1,16633) size 187x14 [bgcolor=#D4D4D4]
      RenderText {#text} at (2,0) size 55x13
        text run at (2,0) width 55: "Item 1189"
    RenderBlock {OPTION} at (1,16647) size 187x14 [bgcolor=#D4D4D4]
      RenderText {#text} at (2,0) size 55x13
        text run at (2,0) width 55: "Item 1190"
    RenderBlock {OPTION} at (1,16661) size 187x14 [bgcolor=#D4D4D4]
      RenderText {#text} at (2,0) size 55x13
        text run at (2,0) width 55: "Item 1191"
    RenderBlock {OPTION} at (1,16675) size 187x14 [bgcolor=#D4D4D4]
      RenderText {#text} at (2,0) size 55x13
        text run at (2,0) width 55: "Item 1192"
    RenderBlock {OPTION} at (1,16689) size 187x14 [bgcolor=#D4D4D4]
      RenderText {#text} at (2,0) size 55x13
        text run at (2,0) width 55: "Item 1193"
    RenderBlock {OPTION} at (1,16703) size 187x14 [bgcolor=#D4D4D4]
      RenderText {#text} at (2,0) size 55x13
        text run at (2,0) width 55: "Item 1194"
    RenderBlock {OPTION} at (1,16717) size 187x14 [bgcolor=#D4D4D4]
      RenderText {#text} at (2,0) size 55x13
        text run at (2,0) width 55: "Item 1195"
    RenderBlock {OPTION} at (1,16731) size 187x14 [bgcolor=#D4D4D4]
      RenderText {#text} at (2,0) size 55x13
        text run at (2,0) width 55: "Item 1196"
    RenderBlock {OPTION} at (1,16745) size 187x14 [bgcolor=#D4D4D4]
      RenderText {#text} at (2,0) size 55x13
        text run at (2,0) width 55: "Item 1197"
    RenderBlock {OPTION} at (1,16759) size 187x14 [bgcolor=#D4D4D4]
      RenderText {#text} at (2,0) size 55x13
        text run at (2,0) width 55: "Item 1198"
    RenderBlock {OPTION} at (1,16773) size 187x14 [bgcolor=#D4D4D4]
      RenderText {#text} at (2,0) size 55x13
        text run at (2,0) width 55: "Item 1199"
    RenderBlock {OPTION} at (1,16787) size 187x14 [bgcolor=#D4D4D4]
      RenderText {#text} at (2,0) size 55x13
        text run at (2,0) width 55: "Item 1200"
    RenderBlock {OPTION} at (1,16801) size 187x14 [bgcolor=#D4D4D4]
      RenderText {#text} at (2,0) size 55x13
        text run at (2,0) width 55: "Item 1201"
    RenderBlock {OPTION} at (1,16815) size 187x14 [bgcolor=#D4D4D4]
      RenderText {#text} at (2,0) size 55x13
        text run at (2,0) width 55: "Item 1202"
    RenderBlock {OPTION} at (1,16829) size 187x14 [bgcolor=#D4D4D4]
      RenderText {#text} at (2,0) size 55x13
        text run at (2,0) width 55: "Item 1203"
    RenderBlock {OPTION} at (1,16843) size 187x14 [bgcolor=#D4D4D4]
      RenderText {#text} at (2,0) size 55x13
        text run at (2,0) width 55: "Item 1204"
    RenderBlock {OPTION} at (1,16857) size 187x14 [bgcolor=#D4D4D4]
      RenderText {#text} at (2,0) size 55x13
        text run at (2,0) width 55: "Item 1205"
    RenderBlock {OPTION} at (1,16871) size 187x14 [bgcolor=#D4D4D4]
      RenderText {#text} at (2,0) size 55x13
        text run at (2,0) width 55: "Item 1206"
    RenderBlock {OPTION} at (1,16885) size 187x14 [bgcolor=#D4D4D4]
      RenderText {#text} at (2,0) size 55x13
        text run at (2,0) width 55: "Item 1207"
    RenderBlock {OPTION} at (1,16899) size 187x14 [bgcolor=#D4D4D4]
      RenderText {#text} at (2,0) size 55x13
        text run at (2,0) width 55: "Item 1208"
    RenderBlock {OPTION} at (1,16913) size 187x14 [bgcolor=#D4D4D4]
      RenderText {#text} at (2,0) size 55x13
        text run at (2,0) width 55: "Item 1209"
    RenderBlock {OPTION} at (1,16927) size 187x14 [bgcolor=#D4D4D4]
      RenderText {#text} at (2,0) size 55x13
        text run at (2,0) width 55: "Item 1210"
    RenderBlock {OPTION} at (1,16941) size 187x14 [bgcolor=#D4D4D4]
      RenderText {#text} at (2,0) size 55x13
        text run at (2,0) width 55: "Item 1211"
    RenderBlock {OPTION} at (1,16955) size 187x14 [bgcolor=#D4D4D4]
      RenderText {#text} at (2,0) size 55x13
        text run at (2,0) width 55: "Item 1212"
    RenderBlock {OPTION} at (1,16969) size 187x14 [bgcolor=#D4D4D4]
      RenderText {#text} at (2,0) size 55x13
        text run at (2,0) width 55: "Item 1213"
    RenderBlock {OPTION} at (1,16983) size 187x14 [bgcolor=#D4D4D4]
      RenderText {#text} at (2,0) size 55x13
        text run at (2,0) width 55: "Item 1214"
    RenderBlock {OPTION} at (1,16997) size 187x14 [bgcolor=#D4D4D4]
      RenderText {#text} at (2,0) size 55x13
        text run at (2,0) width 55: "Item 1215"
    RenderBlock {OPTION} at (1,17011) size 187x14 [bgcolor=#D4D4D4]
      RenderText {#text} at (2,0) size 55x13
        text run at (2,0) width 55: "Item 1216"
    RenderBlock {OPTION} at (1,17025) size 187x14 [bgcolor=#D4D4D4]
      RenderText {#text} at (2,0) size 55x13
        text run at (2,0) width 55: "Item 1217"
    RenderBlock {OPTION} at (1,17039) size 187x14 [bgcolor=#D4D4D4]
      RenderText {#text} at (2,0) size 55x13
        text run at (2,0) width 55: "Item 1218"
    RenderBlock {OPTION} at (1,17053) size 187x14 [bgcolor=#D4D4D4]
      RenderText {#text} at (2,0) size 55x13
        text run at (2,0) width 55: "Item 1219"
    RenderBlock {OPTION} at (1,17067) size 187x14 [bgcolor=#D4D4D4]
      RenderText {#text} at (2,0) size 55x13
        text run at (2,0) width 55: "Item 1220"
    RenderBlock {OPTION} at (1,17081) size 187x14 [bgcolor=#D4D4D4]
      RenderText {#text} at (2,0) size 55x13
        text run at (2,0) width 55: "Item 1221"
    RenderBlock {OPTION} at (1,17095) size 187x14 [bgcolor=#D4D4D4]
      RenderText {#text} at (2,0) size 55x13
        text run at (2,0) width 55: "Item 1222"
    RenderBlock {OPTION} at (1,17109) size 187x14 [bgcolor=#D4D4D4]
      RenderText {#text} at (2,0) size 55x13
        text run at (2,0) width 55: "Item 1223"
    RenderBlock {OPTION} at (1,17123) size 187x14 [bgcolor=#D4D4D4]
      RenderText {#text} at (2,0) size 55x13
        text run at (2,0) width 55: "Item 1224"
    RenderBlock {OPTION} at (1,17137) size 187x14 [bgcolor=#D4D4D4]
      RenderText {#text} at (2,0) size 55x13
        text run at (2,0) width 55: "Item 1225"
    RenderBlock {OPTION} at (1,17151) size 187x14 [bgcolor=#D4D4D4]
      RenderText {#text} at (2,0) size 55x13
        text run at (2,0) width 55: "Item 1226"
    RenderBlock {OPTION} at (1,17165) size 187x14 [bgcolor=#D4D4D4]
      RenderText {#text} at (2,0) size 55x13
        text run at (2,0) width 55: "Item 1227"
    RenderBlock {OPTION} at (1,17179) size 187x14 [bgcolor=#D4D4D4]
      RenderText {#text} at (2,0) size 55x13
        text run at (2,0) width 55: "Item 1228"
    RenderBlock {OPTION} at (1,17193) size 187x14 [bgcolor=#D4D4D4]
      RenderText {#text} at (2,0) size 55x13
        text run at (2,0) width 55: "Item 1229"
    RenderBlock {OPTION} at (1,17207) size 187x14 [bgcolor=#D4D4D4]
      RenderText {#text} at (2,0) size 55x13
        text run at (2,0) width 55: "Item 1230"
    RenderBlock {OPTION} at (1,17221) size 187x14 [bgcolor=#D4D4D4]
      RenderText {#text} at (2,0) size 55x13
        text run at (2,0) width 55: "Item 1231"
    RenderBlock {OPTION} at (1,17235) size 187x14 [bgcolor=#D4D4D4]
      RenderText {#text} at (2,0) size 55x13
        text run at (2,0) width 55: "Item 1232"
    RenderBlock {OPTION} at (1,17249) size 187x14 [bgcolor=#D4D4D4]
      RenderText {#text} at (2,0) size 55x13
        text run at (2,0) width 55: "Item 1233"
    RenderBlock {OPTION} at (1,17263) size 187x14 [bgcolor=#D4D4D4]
      RenderText {#text} at (2,0) size 55x13
        text run at (2,0) width 55: "Item 1234"
