layer at (0,0) size 800x600
  RenderView at (0,0) size 800x600
layer at (0,0) size 800x316
  RenderBlock {HTML} at (0,0) size 800x316
    RenderBody {BODY} at (8,8) size 784x300
      RenderBlock {FORM} at (0,0) size 784x300
        RenderListBox {SELECT} at (0,0) size 70x281 [bgcolor=#FFFFFF] [border: (1px inset #808080)]
        RenderText {#text} at (70,260) size 4x18
          text run at (70,260) width 4: " "
        RenderBR {BR} at (74,260) size 0x18
        RenderMenuList {SELECT} at (0,282) size 76x18 [bgcolor=#FFFFFF]
          RenderBlock (anonymous) at (0,0) size 76x18
            RenderText at (8,2) size 31x13
              text run at (8,2) width 31: "Three"
        RenderText {#text} at (0,0) size 0x0
