layer at (0,0) size 800x600
  RenderView at (0,0) size 800x600
layer at (0,0) size 800x124
  RenderBlock {HTML} at (0,0) size 800x124
    RenderBody {BODY} at (8,16) size 784x100
      RenderBlock {P} at (0,0) size 784x18
        RenderText {#text} at (0,0) size 677x18
          text run at (0,0) width 394: "The base of the following three letters should all be connected "
          text run at (394,0) width 283: "and not have a gap between the | and _ parts."
      RenderBlock (anonymous) at (0,34) size 784x66
        RenderInline {SPAN} at (0,0) size 24x55
          RenderText {#text} at (56,3) size 24x55
            text run at (56,3) width 24 RTL: "\x{640}\x{622}"
        RenderText {#text} at (52,32) size 4x18
          text run at (52,32) width 4 RTL: " "
        RenderInline {SPAN} at (0,0) size 24x55
          RenderText {#text} at (28,3) size 24x55
            text run at (28,3) width 24 RTL: "\x{640}\x{623}"
        RenderText {#text} at (24,32) size 4x18
          text run at (24,32) width 4 RTL: " "
        RenderInline {SPAN} at (0,0) size 24x55
          RenderText {#text} at (0,3) size 24x55
            text run at (0,3) width 24 RTL: "\x{640}\x{625}"
        RenderText {#text} at (0,0) size 0x0
