layer at (0,0) size 785x1198
  RenderView at (0,0) size 785x600
layer at (0,0) size 785x1198
  RenderBlock {HTML} at (0,0) size 785x1198
    RenderBody {BODY} at (8,8) size 769x1182
      RenderBlock (anonymous) at (0,0) size 769x90
        RenderText {#text} at (0,0) size 352x18
          text run at (0,0) width 352: "This test was provided by open-source contributors on "
        RenderInline {A} at (0,0) size 56x18 [color=#0000EE]
          RenderText {#text} at (351,0) size 56x18
            text run at (351,0) width 56: "Bugzilla"
        RenderText {#text} at (406,0) size 757x72
          text run at (406,0) width 328: ". Currently, the \"Browser rendering\" results are not"
          text run at (0,18) width 757: "expected to match the \"Correct output sample\" results. In fact, I do not entirely agree with all of the given test cases in"
          text run at (0,36) width 744: "terms of their expected results, nor do I think that the browser should yet be expected to match all of the cases in the"
          text run at (0,54) width 189: "different languages, but I am "
          text run at (188,54) width 294: "(at least temporarily) adding the test anyway. "
        RenderBR {BR} at (481,68) size 1x0
        RenderBR {BR} at (0,72) size 0x18
      RenderTable {TABLE} at (0,90) size 769x364
        RenderBlock {CAPTION} at (0,0) size 769x18
          RenderText {#text} at (344,0) size 81x18
            text run at (344,0) width 81: "Input source"
        RenderTableSection {TBODY} at (0,18) size 769x346
          RenderTableRow {TR} at (0,2) size 769x58
            RenderTableCell {TH} at (2,20) size 59x22 [bgcolor=#F8F8F8] [border: (1px solid #EEEEEE)] [r=0 c=0 rs=1 cs=1]
              RenderText {#text} at (2,2) size 55x18
                text run at (2,2) width 55: "generic"
            RenderTableCell {TD} at (63,2) size 704x58 [border: (1px solid #EEEEEE)] [r=0 c=1 rs=1 cs=1]
              RenderText {#text} at (2,2) size 689x54
                text run at (2,2) width 689: "lip\x{AD}smackin\x{AD}thirst\x{AD}quenchin\x{AD}acetastin\x{AD}motivatin\x{AD}good\x{AD}buzzin\x{AD}cool\x{AD}talkin\x{AD}high\x{AD}walkin\x{AD}fast\x{AD}livin\x{AD}ever\x{AD}givin\x{AD}cool\x{AD}fizzin\x{AD}lip\x{AD}" + hyphen string "-"
                text run at (2,20) width 672: "smackin\x{AD}thirst\x{AD}quenchin\x{AD}acetastin\x{AD}motivatin\x{AD}good\x{AD}buzzin\x{AD}cool\x{AD}talkin\x{AD}high\x{AD}walkin\x{AD}fast\x{AD}livin\x{AD}ever\x{AD}givin\x{AD}cool\x{AD}fizzin\x{AD}lip\x{AD}" + hyphen string "-"
                text run at (2,38) width 650: "smackin\x{AD}thirst\x{AD}quenchin\x{AD}acetastin\x{AD}motivatin\x{AD}good\x{AD}buzzin\x{AD}cool\x{AD}talkin\x{AD}high\x{AD}walkin\x{AD}fast\x{AD}livin\x{AD}ever\x{AD}givin\x{AD}cool\x{AD}fizzin"
          RenderTableRow {TR} at (0,62) size 769x22
            RenderTableCell {TH} at (2,62) size 59x22 [bgcolor=#F8F8F8] [border: (1px solid #EEEEEE)] [r=1 c=0 rs=1 cs=1]
              RenderText {#text} at (20,2) size 19x18
                text run at (20,2) width 19: "cy"
            RenderTableCell {TD} at (63,62) size 704x22 [border: (1px solid #EEEEEE)] [r=1 c=1 rs=1 cs=1]
              RenderText {#text} at (2,2) size 24x18
                text run at (2,2) width 24: "\x{175}yl"
          RenderTableRow {TR} at (0,86) size 769x23
            RenderTableCell {TH} at (2,86) size 59x22 [bgcolor=#F8F8F8] [border: (1px solid #EEEEEE)] [r=2 c=0 rs=1 cs=1]
              RenderText {#text} at (22,2) size 15x18
                text run at (22,2) width 15: "el"
            RenderTableCell {TD} at (63,86) size 704x23 [border: (1px solid #EEEEEE)] [r=2 c=1 rs=1 cs=1]
              RenderText {#text} at (2,3) size 223x18
                text run at (2,3) width 223: "\x{3B3}\x{3B5}\x{3C9}\x{3B3}\x{3C1}\x{3B1}\x{3C6}\x{3B9}\x{3BA}\x{3AC}\x{2010}\x{3C3}\x{3C5}\x{3C3}\x{3C7}\x{3B5}\x{3C4}\x{3B9}\x{3C3}\x{3BC}\x{3AD}\x{3BD}\x{3B5}\x{3C2} \x{3AE}\x{3C4}\x{3B1}"
          RenderTableRow {TR} at (0,111) size 769x60
            RenderTableCell {TH} at (2,130) size 59x22 [bgcolor=#F8F8F8] [border: (1px solid #EEEEEE)] [r=3 c=0 rs=1 cs=1]
              RenderText {#text} at (20,2) size 19x18
                text run at (20,2) width 19: "en"
            RenderTableCell {TD} at (63,111) size 704x60 [border: (1px solid #EEEEEE)] [r=3 c=1 rs=1 cs=1]
              RenderText {#text} at (2,3) size 438x18
                text run at (2,3) width 438: "'cept nut'in safari\x{2019}s \x{2018}sure\x{2019} nai\x{308}ve r\x{E9}sum\x{E9}\x{2014}h\x{E1}c\x{30C}ek full\x{2010}time one-to-one"
              RenderBR {BR} at (439,17) size 1x0
              RenderText {#text} at (2,22) size 317x18
                text run at (2,22) width 317: "\"newcastle\x{2011}upon\x{2011}tyne\" washington\x{2011}on\x{2011}the\x{2011}brazos"
              RenderBR {BR} at (318,36) size 1x0
              RenderInline {SPAN} at (0,0) size 32x18
                RenderText {#text} at (2,40) size 32x18
                  text run at (2,40) width 32: "earth"
              RenderText {#text} at (33,40) size 76x18
                text run at (33,40) width 76: "quake earth"
              RenderInline {SPAN} at (0,0) size 38x18
                RenderText {#text} at (108,40) size 38x18
                  text run at (108,40) width 38: "worm"
              RenderText {#text} at (145,40) size 5x18
                text run at (145,40) width 5: " "
              RenderInline {SPAN} at (0,0) size 44x18
                RenderText {#text} at (149,40) size 44x18
                  text run at (149,40) width 44: "cheese"
              RenderInline {SPAN} at (0,0) size 42x18
                RenderText {#text} at (192,40) size 42x18
                  text run at (192,40) width 42: "burger"
              RenderText {#text} at (233,40) size 120x18
                text run at (233,40) width 120: " [house] ~six -big-"
          RenderTableRow {TR} at (0,173) size 769x22
            RenderTableCell {TH} at (2,173) size 59x22 [bgcolor=#F8F8F8] [border: (1px solid #EEEEEE)] [r=4 c=0 rs=1 cs=1]
              RenderText {#text} at (21,2) size 17x18
                text run at (21,2) width 17: "es"
            RenderTableCell {TD} at (63,173) size 704x22 [border: (1px solid #EEEEEE)] [r=4 c=1 rs=1 cs=1]
              RenderText {#text} at (2,2) size 65x18
                text run at (2,2) width 65: "\x{A1}jalape\x{F1}o!"
          RenderTableRow {TR} at (0,197) size 769x26
            RenderTableCell {TH} at (2,199) size 59x22 [bgcolor=#F8F8F8] [border: (1px solid #EEEEEE)] [r=5 c=0 rs=1 cs=1]
              RenderText {#text} at (23,2) size 13x18
                text run at (23,2) width 13: "fr"
            RenderTableCell {TD} at (63,197) size 704x26 [border: (1px solid #EEEEEE)] [r=5 c=1 rs=1 cs=1]
              RenderText {#text} at (2,6) size 211x18
                text run at (2,6) width 211: "quelqu'un l\x{2019}amour t'appelles\x{2011}tu 3"
              RenderInline {SUP} at (0,0) size 23x15
                RenderText {#text} at (212,2) size 23x15
                  text run at (212,2) width 23: "eme"
          RenderTableRow {TR} at (0,225) size 769x23
            RenderTableCell {TH} at (2,225) size 59x22 [bgcolor=#F8F8F8] [border: (1px solid #EEEEEE)] [r=6 c=0 rs=1 cs=1]
              RenderText {#text} at (20,2) size 19x18
                text run at (20,2) width 19: "hu"
            RenderTableCell {TD} at (63,225) size 704x23 [border: (1px solid #EEEEEE)] [r=6 c=1 rs=1 cs=1]
              RenderText {#text} at (2,3) size 110x18
                text run at (2,3) width 110: "11-ei london\x{2011}ban"
          RenderTableRow {TR} at (0,250) size 769x22
            RenderTableCell {TH} at (2,250) size 59x22 [bgcolor=#F8F8F8] [border: (1px solid #EEEEEE)] [r=7 c=0 rs=1 cs=1]
              RenderText {#text} at (22,2) size 15x18
                text run at (22,2) width 15: "nl"
            RenderTableCell {TD} at (63,250) size 704x22 [border: (1px solid #EEEEEE)] [r=7 c=1 rs=1 cs=1]
              RenderText {#text} at (2,2) size 70x18
                text run at (2,2) width 70: "'s ochtends"
          RenderTableRow {TR} at (0,274) size 769x22
            RenderTableCell {TH} at (2,274) size 59x22 [bgcolor=#F8F8F8] [border: (1px solid #EEEEEE)] [r=8 c=0 rs=1 cs=1]
              RenderText {#text} at (22,2) size 15x18
                text run at (22,2) width 15: "pl"
            RenderTableCell {TD} at (63,274) size 704x22 [border: (1px solid #EEEEEE)] [r=8 c=1 rs=1 cs=1]
              RenderText {#text} at (2,2) size 94x18
                text run at (2,2) width 94: "wzi\x{119}\x{142}a bie\x{17C}\x{105}ce"
          RenderTableRow {TR} at (0,298) size 769x22
            RenderTableCell {TH} at (2,298) size 59x22 [bgcolor=#F8F8F8] [border: (1px solid #EEEEEE)] [r=9 c=0 rs=1 cs=1]
              RenderText {#text} at (21,2) size 17x18
                text run at (21,2) width 17: "ru"
            RenderTableCell {TD} at (63,298) size 704x22 [border: (1px solid #EEEEEE)] [r=9 c=1 rs=1 cs=1]
              RenderText {#text} at (2,2) size 194x18
                text run at (2,2) width 194: "\x{43D}\x{44C}\x{44E}-\x{439}\x{43E}\x{440}\x{43A} 1990-\x{445} 14-vii-1789"
          RenderTableRow {TR} at (0,322) size 769x22
            RenderTableCell {TH} at (2,322) size 59x22 [bgcolor=#F8F8F8] [border: (1px solid #EEEEEE)] [r=10 c=0 rs=1 cs=1]
              RenderText {#text} at (19,2) size 21x18
                text run at (19,2) width 21: "tlh"
            RenderTableCell {TD} at (63,322) size 704x22 [border: (1px solid #EEEEEE)] [r=10 c=1 rs=1 cs=1]
              RenderText {#text} at (2,2) size 189x18
                text run at (2,2) width 189: "tlhIngan Hol wa''uy' loghqam"
      RenderTable {TABLE} at (0,454) size 769x364
        RenderBlock {CAPTION} at (0,0) size 769x18
          RenderText {#text} at (313,0) size 143x18
            text run at (313,0) width 143: "Correct output sample"
        RenderTableSection {TBODY} at (0,18) size 769x346
          RenderTableRow {TR} at (0,2) size 769x58
            RenderTableCell {TH} at (2,20) size 59x22 [bgcolor=#F8F8F8] [border: (1px solid #EEEEEE)] [r=0 c=0 rs=1 cs=1]
              RenderText {#text} at (2,2) size 55x18
                text run at (2,2) width 55: "generic"
            RenderTableCell {TD} at (63,2) size 704x58 [border: (1px solid #EEEEEE)] [r=0 c=1 rs=1 cs=1]
              RenderText {#text} at (2,2) size 695x54
                text run at (2,2) width 695: "Lip\x{AD}smackin\x{AD}thirst\x{AD}quenchin\x{AD}acetastin\x{AD}motivatin\x{AD}good\x{AD}buzzin\x{AD}cool\x{AD}talkin\x{AD}high\x{AD}walkin\x{AD}fast\x{AD}livin\x{AD}ever\x{AD}givin\x{AD}cool\x{AD}fizzin\x{AD}lip\x{AD}" + hyphen string "-"
                text run at (2,20) width 672: "smackin\x{AD}thirst\x{AD}quenchin\x{AD}acetastin\x{AD}motivatin\x{AD}good\x{AD}buzzin\x{AD}cool\x{AD}talkin\x{AD}high\x{AD}walkin\x{AD}fast\x{AD}livin\x{AD}ever\x{AD}givin\x{AD}cool\x{AD}fizzin\x{AD}lip\x{AD}" + hyphen string "-"
                text run at (2,38) width 650: "smackin\x{AD}thirst\x{AD}quenchin\x{AD}acetastin\x{AD}motivatin\x{AD}good\x{AD}buzzin\x{AD}cool\x{AD}talkin\x{AD}high\x{AD}walkin\x{AD}fast\x{AD}livin\x{AD}ever\x{AD}givin\x{AD}cool\x{AD}fizzin"
          RenderTableRow {TR} at (0,62) size 769x22
            RenderTableCell {TH} at (2,62) size 59x22 [bgcolor=#F8F8F8] [border: (1px solid #EEEEEE)] [r=1 c=0 rs=1 cs=1]
              RenderText {#text} at (20,2) size 19x18
                text run at (20,2) width 19: "cy"
            RenderTableCell {TD} at (63,62) size 704x22 [border: (1px solid #EEEEEE)] [r=1 c=1 rs=1 cs=1]
              RenderText {#text} at (2,2) size 28x18
                text run at (2,2) width 28: "\x{174}yl"
          RenderTableRow {TR} at (0,86) size 769x23
            RenderTableCell {TH} at (2,86) size 59x22 [bgcolor=#F8F8F8] [border: (1px solid #EEEEEE)] [r=2 c=0 rs=1 cs=1]
              RenderText {#text} at (22,2) size 15x18
                text run at (22,2) width 15: "el"
            RenderTableCell {TD} at (63,86) size 704x23 [border: (1px solid #EEEEEE)] [r=2 c=1 rs=1 cs=1]
              RenderText {#text} at (2,3) size 234x18
                text run at (2,3) width 234: "\x{393}\x{3B5}\x{3C9}\x{3B3}\x{3C1}\x{3B1}\x{3C6}\x{3B9}\x{3BA}\x{3AC}\x{2010}\x{3A3}\x{3C5}\x{3C3}\x{3C7}\x{3B5}\x{3C4}\x{3B9}\x{3C3}\x{3BC}\x{3AD}\x{3BD}\x{3B5}\x{3C2} \x{389}\x{3C4}\x{3B1}"
          RenderTableRow {TR} at (0,111) size 769x60
            RenderTableCell {TH} at (2,130) size 59x22 [bgcolor=#F8F8F8] [border: (1px solid #EEEEEE)] [r=3 c=0 rs=1 cs=1]
              RenderText {#text} at (20,2) size 19x18
                text run at (20,2) width 19: "en"
            RenderTableCell {TD} at (63,111) size 704x60 [border: (1px solid #EEEEEE)] [r=3 c=1 rs=1 cs=1]
              RenderText {#text} at (2,3) size 473x18
                text run at (2,3) width 473: "'Cept Nut'in Safari\x{2019}s \x{2018}Sure\x{2019} Na\x{EF}ve R\x{E9}sum\x{E9}\x{2014}H\x{E1}\x{10D}ek Full\x{2010}time One-to-One"
              RenderBR {BR} at (474,17) size 1x0
              RenderText {#text} at (2,22) size 333x18
                text run at (2,22) width 333: "\"Newcastle-upon-Tyne\" Washington\x{2011}on\x{2011}the\x{2011}Brazos"
              RenderBR {BR} at (334,36) size 1x0
              RenderText {#text} at (2,40) size 369x18
                text run at (2,40) width 369: "Earthquake Earthworm Cheeseburger [House] ~Six -Big-"
          RenderTableRow {TR} at (0,173) size 769x22
            RenderTableCell {TH} at (2,173) size 59x22 [bgcolor=#F8F8F8] [border: (1px solid #EEEEEE)] [r=4 c=0 rs=1 cs=1]
              RenderText {#text} at (21,2) size 17x18
                text run at (21,2) width 17: "es"
            RenderTableCell {TD} at (63,173) size 704x22 [border: (1px solid #EEEEEE)] [r=4 c=1 rs=1 cs=1]
              RenderText {#text} at (2,2) size 67x18
                text run at (2,2) width 67: "\x{A1}Jalape\x{F1}o!"
          RenderTableRow {TR} at (0,197) size 769x26
            RenderTableCell {TH} at (2,199) size 59x22 [bgcolor=#F8F8F8] [border: (1px solid #EEEEEE)] [r=5 c=0 rs=1 cs=1]
              RenderText {#text} at (23,2) size 13x18
                text run at (23,2) width 13: "fr"
            RenderTableCell {TD} at (63,197) size 704x26 [border: (1px solid #EEEEEE)] [r=5 c=1 rs=1 cs=1]
              RenderText {#text} at (2,6) size 229x18
                text run at (2,6) width 229: "Quelqu'un l\x{2019}Amour t'Appelles\x{2011}Tu 3"
              RenderInline {SUP} at (0,0) size 23x15
                RenderText {#text} at (230,2) size 23x15
                  text run at (230,2) width 23: "eme"
          RenderTableRow {TR} at (0,225) size 769x23
            RenderTableCell {TH} at (2,225) size 59x22 [bgcolor=#F8F8F8] [border: (1px solid #EEEEEE)] [r=6 c=0 rs=1 cs=1]
              RenderText {#text} at (20,2) size 19x18
                text run at (20,2) width 19: "hu"
            RenderTableCell {TD} at (63,225) size 704x23 [border: (1px solid #EEEEEE)] [r=6 c=1 rs=1 cs=1]
              RenderText {#text} at (2,3) size 115x18
                text run at (2,3) width 115: "11-ei London\x{2011}ban"
          RenderTableRow {TR} at (0,250) size 769x22
            RenderTableCell {TH} at (2,250) size 59x22 [bgcolor=#F8F8F8] [border: (1px solid #EEEEEE)] [r=7 c=0 rs=1 cs=1]
              RenderText {#text} at (22,2) size 15x18
                text run at (22,2) width 15: "nl"
            RenderTableCell {TD} at (63,250) size 704x22 [border: (1px solid #EEEEEE)] [r=7 c=1 rs=1 cs=1]
              RenderText {#text} at (2,2) size 74x18
                text run at (2,2) width 74: "'s Ochtends"
          RenderTableRow {TR} at (0,274) size 769x22
            RenderTableCell {TH} at (2,274) size 59x22 [bgcolor=#F8F8F8] [border: (1px solid #EEEEEE)] [r=8 c=0 rs=1 cs=1]
              RenderText {#text} at (22,2) size 15x18
                text run at (22,2) width 15: "pl"
            RenderTableCell {TD} at (63,274) size 704x22 [border: (1px solid #EEEEEE)] [r=8 c=1 rs=1 cs=1]
              RenderText {#text} at (2,2) size 100x18
                text run at (2,2) width 100: "Wzi\x{119}\x{142}a Bie\x{17C}\x{105}ce"
          RenderTableRow {TR} at (0,298) size 769x22
            RenderTableCell {TH} at (2,298) size 59x22 [bgcolor=#F8F8F8] [border: (1px solid #EEEEEE)] [r=9 c=0 rs=1 cs=1]
              RenderText {#text} at (21,2) size 17x18
                text run at (21,2) width 17: "ru"
            RenderTableCell {TD} at (63,298) size 704x22 [border: (1px solid #EEEEEE)] [r=9 c=1 rs=1 cs=1]
              RenderText {#text} at (2,2) size 201x18
                text run at (2,2) width 201: "\x{41D}\x{44C}\x{44E}-\x{419}\x{43E}\x{440}\x{43A} 1990-\x{445} 14-vii-1789"
          RenderTableRow {TR} at (0,322) size 769x22
            RenderTableCell {TH} at (2,322) size 59x22 [bgcolor=#F8F8F8] [border: (1px solid #EEEEEE)] [r=10 c=0 rs=1 cs=1]
              RenderText {#text} at (19,2) size 21x18
                text run at (19,2) width 21: "tlh"
            RenderTableCell {TD} at (63,322) size 704x22 [border: (1px solid #EEEEEE)] [r=10 c=1 rs=1 cs=1]
              RenderText {#text} at (2,2) size 189x18
                text run at (2,2) width 189: "tlhIngan Hol wa''uy' loghqam"
      RenderTable {TABLE} at (0,818) size 769x364
        RenderBlock {CAPTION} at (0,0) size 769x18
          RenderText {#text} at (324,0) size 121x18
            text run at (324,0) width 121: "Browser rendering"
        RenderTableSection {TBODY} at (0,18) size 769x346
          RenderTableRow {TR} at (0,2) size 769x58
            RenderTableCell {TH} at (2,20) size 59x22 [bgcolor=#F8F8F8] [border: (1px solid #EEEEEE)] [r=0 c=0 rs=1 cs=1]
              RenderText {#text} at (2,2) size 55x18
                text run at (2,2) width 55: "generic"
            RenderTableCell {TD} at (63,2) size 704x58 [border: (1px solid #EEEEEE)] [r=0 c=1 rs=1 cs=1]
              RenderText {#text} at (2,2) size 695x54
                text run at (2,2) width 695: "Lip\x{AD}smackin\x{AD}thirst\x{AD}quenchin\x{AD}acetastin\x{AD}motivatin\x{AD}good\x{AD}buzzin\x{AD}cool\x{AD}talkin\x{AD}high\x{AD}walkin\x{AD}fast\x{AD}livin\x{AD}ever\x{AD}givin\x{AD}cool\x{AD}fizzin\x{AD}lip\x{AD}" + hyphen string "-"
                text run at (2,20) width 672: "smackin\x{AD}thirst\x{AD}quenchin\x{AD}acetastin\x{AD}motivatin\x{AD}good\x{AD}buzzin\x{AD}cool\x{AD}talkin\x{AD}high\x{AD}walkin\x{AD}fast\x{AD}livin\x{AD}ever\x{AD}givin\x{AD}cool\x{AD}fizzin\x{AD}lip\x{AD}" + hyphen string "-"
                text run at (2,38) width 650: "smackin\x{AD}thirst\x{AD}quenchin\x{AD}acetastin\x{AD}motivatin\x{AD}good\x{AD}buzzin\x{AD}cool\x{AD}talkin\x{AD}high\x{AD}walkin\x{AD}fast\x{AD}livin\x{AD}ever\x{AD}givin\x{AD}cool\x{AD}fizzin"
          RenderTableRow {TR} at (0,62) size 769x22
            RenderTableCell {TH} at (2,62) size 59x22 [bgcolor=#F8F8F8] [border: (1px solid #EEEEEE)] [r=1 c=0 rs=1 cs=1]
              RenderText {#text} at (20,2) size 19x18
                text run at (20,2) width 19: "cy"
            RenderTableCell {TD} at (63,62) size 704x22 [border: (1px solid #EEEEEE)] [r=1 c=1 rs=1 cs=1]
              RenderText {#text} at (2,2) size 28x18
                text run at (2,2) width 28: "\x{174}yl"
          RenderTableRow {TR} at (0,86) size 769x23
            RenderTableCell {TH} at (2,86) size 59x22 [bgcolor=#F8F8F8] [border: (1px solid #EEEEEE)] [r=2 c=0 rs=1 cs=1]
              RenderText {#text} at (22,2) size 15x18
                text run at (22,2) width 15: "el"
            RenderTableCell {TD} at (63,86) size 704x23 [border: (1px solid #EEEEEE)] [r=2 c=1 rs=1 cs=1]
              RenderText {#text} at (2,3) size 234x18
                text run at (2,3) width 234: "\x{393}\x{3B5}\x{3C9}\x{3B3}\x{3C1}\x{3B1}\x{3C6}\x{3B9}\x{3BA}\x{3AC}\x{2010}\x{3A3}\x{3C5}\x{3C3}\x{3C7}\x{3B5}\x{3C4}\x{3B9}\x{3C3}\x{3BC}\x{3AD}\x{3BD}\x{3B5}\x{3C2} \x{389}\x{3C4}\x{3B1}"
          RenderTableRow {TR} at (0,111) size 769x60
            RenderTableCell {TH} at (2,130) size 59x22 [bgcolor=#F8F8F8] [border: (1px solid #EEEEEE)] [r=3 c=0 rs=1 cs=1]
              RenderText {#text} at (20,2) size 19x18
                text run at (20,2) width 19: "en"
            RenderTableCell {TD} at (63,111) size 704x60 [border: (1px solid #EEEEEE)] [r=3 c=1 rs=1 cs=1]
              RenderText {#text} at (2,3) size 484x18
                text run at (2,3) width 484: "'Cept Nut'in Safari\x{2019}s \x{2018}Sure\x{2019} Nai\x{308}ve R\x{E9}sum\x{E9}\x{2014}H\x{E1}c\x{30C}ek Full\x{2010}Time One-To-One"
              RenderBR {BR} at (485,17) size 1x0
              RenderText {#text} at (2,22) size 345x18
                text run at (2,22) width 345: "\"Newcastle\x{2011}Upon\x{2011}Tyne\" Washington\x{2011}On\x{2011}The\x{2011}Brazos"
              RenderBR {BR} at (346,36) size 1x0
              RenderInline {SPAN} at (0,0) size 35x18
                RenderText {#text} at (2,40) size 35x18
                  text run at (2,40) width 35: "Earth"
              RenderText {#text} at (36,40) size 78x18
                text run at (36,40) width 78: "quake Earth"
              RenderInline {SPAN} at (0,0) size 38x18
                RenderText {#text} at (113,40) size 38x18
                  text run at (113,40) width 38: "worm"
              RenderText {#text} at (150,40) size 5x18
                text run at (150,40) width 5: " "
              RenderInline {SPAN} at (0,0) size 48x18
                RenderText {#text} at (154,40) size 48x18
                  text run at (154,40) width 48: "Cheese"
              RenderInline {SPAN} at (0,0) size 42x18
                RenderText {#text} at (201,40) size 42x18
                  text run at (201,40) width 42: "burger"
              RenderText {#text} at (242,40) size 129x18
                text run at (242,40) width 129: " [House] ~Six -Big-"
          RenderTableRow {TR} at (0,173) size 769x22
            RenderTableCell {TH} at (2,173) size 59x22 [bgcolor=#F8F8F8] [border: (1px solid #EEEEEE)] [r=4 c=0 rs=1 cs=1]
              RenderText {#text} at (21,2) size 17x18
                text run at (21,2) width 17: "es"
            RenderTableCell {TD} at (63,173) size 704x22 [border: (1px solid #EEEEEE)] [r=4 c=1 rs=1 cs=1]
              RenderText {#text} at (2,2) size 67x18
                text run at (2,2) width 67: "\x{A1}Jalape\x{F1}o!"
          RenderTableRow {TR} at (0,197) size 769x26
            RenderTableCell {TH} at (2,199) size 59x22 [bgcolor=#F8F8F8] [border: (1px solid #EEEEEE)] [r=5 c=0 rs=1 cs=1]
              RenderText {#text} at (23,2) size 13x18
                text run at (23,2) width 13: "fr"
            RenderTableCell {TD} at (63,197) size 704x26 [border: (1px solid #EEEEEE)] [r=5 c=1 rs=1 cs=1]
              RenderText {#text} at (2,6) size 231x18
                text run at (2,6) width 231: "Quelqu'un L\x{2019}amour T'appelles\x{2011}Tu 3"
              RenderInline {SUP} at (0,0) size 23x15
                RenderText {#text} at (232,2) size 23x15
                  text run at (232,2) width 23: "eme"
          RenderTableRow {TR} at (0,225) size 769x23
            RenderTableCell {TH} at (2,225) size 59x22 [bgcolor=#F8F8F8] [border: (1px solid #EEEEEE)] [r=6 c=0 rs=1 cs=1]
              RenderText {#text} at (20,2) size 19x18
                text run at (20,2) width 19: "hu"
            RenderTableCell {TD} at (63,225) size 704x23 [border: (1px solid #EEEEEE)] [r=6 c=1 rs=1 cs=1]
              RenderText {#text} at (2,3) size 121x18
                text run at (2,3) width 121: "11-Ei London\x{2011}Ban"
          RenderTableRow {TR} at (0,250) size 769x22
            RenderTableCell {TH} at (2,250) size 59x22 [bgcolor=#F8F8F8] [border: (1px solid #EEEEEE)] [r=7 c=0 rs=1 cs=1]
              RenderText {#text} at (22,2) size 15x18
                text run at (22,2) width 15: "nl"
            RenderTableCell {TD} at (63,250) size 704x22 [border: (1px solid #EEEEEE)] [r=7 c=1 rs=1 cs=1]
              RenderText {#text} at (2,2) size 77x18
                text run at (2,2) width 77: "'S Ochtends"
          RenderTableRow {TR} at (0,274) size 769x22
            RenderTableCell {TH} at (2,274) size 59x22 [bgcolor=#F8F8F8] [border: (1px solid #EEEEEE)] [r=8 c=0 rs=1 cs=1]
              RenderText {#text} at (22,2) size 15x18
                text run at (22,2) width 15: "pl"
            RenderTableCell {TD} at (63,274) size 704x22 [border: (1px solid #EEEEEE)] [r=8 c=1 rs=1 cs=1]
              RenderText {#text} at (2,2) size 100x18
                text run at (2,2) width 100: "Wzi\x{119}\x{142}a Bie\x{17C}\x{105}ce"
          RenderTableRow {TR} at (0,298) size 769x22
            RenderTableCell {TH} at (2,298) size 59x22 [bgcolor=#F8F8F8] [border: (1px solid #EEEEEE)] [r=9 c=0 rs=1 cs=1]
              RenderText {#text} at (21,2) size 17x18
                text run at (21,2) width 17: "ru"
            RenderTableCell {TD} at (63,298) size 704x22 [border: (1px solid #EEEEEE)] [r=9 c=1 rs=1 cs=1]
              RenderText {#text} at (2,2) size 208x18
                text run at (2,2) width 208: "\x{41D}\x{44C}\x{44E}-\x{419}\x{43E}\x{440}\x{43A} 1990-\x{425} 14-Vii-1789"
          RenderTableRow {TR} at (0,322) size 769x22
            RenderTableCell {TH} at (2,322) size 59x22 [bgcolor=#F8F8F8] [border: (1px solid #EEEEEE)] [r=10 c=0 rs=1 cs=1]
              RenderText {#text} at (19,2) size 21x18
                text run at (19,2) width 21: "tlh"
            RenderTableCell {TD} at (63,322) size 704x22 [border: (1px solid #EEEEEE)] [r=10 c=1 rs=1 cs=1]
              RenderText {#text} at (2,2) size 207x18
                text run at (2,2) width 207: "TlhIngan Hol Wa''Uy' Loghqam"
