layer at (0,0) size 800x600
  RenderView at (0,0) size 800x600
layer at (0,0) size 800x600
  RenderBlock {HTML} at (0,0) size 800x600
    RenderBody {BODY} at (8,8) size 784x584
      RenderMenuList {SELECT} at (2,2) size 346x19 [bgcolor=#FFFFFF] [border: (1px solid #A9A9A9)]
        RenderBlock (anonymous) at (1,1) size 344x17
          RenderText at (4,1) size 321x15
            text run at (4,1) width 321: "This is a very long string so it makes the select bigger."
      RenderText {#text} at (0,0) size 0x0
