layer at (0,0) size 800x600
  RenderView at (0,0) size 800x600
layer at (0,0) size 800x321
  RenderBlock {HTML} at (0,0) size 800x321.09
    RenderBody {BODY} at (5.55,5.55) size 788.91x310
      RenderTable {TABLE} at (0,0) size 462x310
        RenderTableSection {TBODY} at (0,0) size 462x310
          RenderTableRow {TR} at (0,1) size 462x12
            RenderTableCell {TH} at (1,1) size 64x12 [bgcolor=#DDDD99] [r=0 c=0 rs=1 cs=1]
              RenderText {#text} at (6,0) size 52x12
                text run at (6,0) width 52: "viewBox?"
            RenderTableCell {TH} at (66,1) size 113x12 [bgcolor=#DDDD99] [r=0 c=1 rs=1 cs=1]
              RenderText {#text} at (0,0) size 113x12
                text run at (0,0) width 113: "preserve\x{AD}Aspect\x{AD}Ratio"
            RenderTableCell {TH} at (180,1) size 140x12 [bgcolor=#DDDD99] [r=0 c=2 rs=1 cs=1]
              RenderText {#text} at (53,0) size 34x12
                text run at (53,0) width 34: "<img>"
            RenderTableCell {TH} at (321,1) size 140x12 [bgcolor=#DDDD99] [r=0 c=3 rs=1 cs=1]
              RenderText {#text} at (47,0) size 46x12
                text run at (47,0) width 46: "<object>"
          RenderTableRow {TR} at (0,14) size 462x36
            RenderTableCell {TH} at (1,81) size 64x12 [bgcolor=#DDDD99] [r=1 c=0 rs=4 cs=1]
              RenderText {#text} at (0,0) size 64x12
                text run at (0,0) width 64: "No viewBox"
            RenderTableCell {TH} at (66,32) size 113x0 [bgcolor=#DDDD99] [r=1 c=1 rs=1 cs=1]
            RenderTableCell {TD} at (180,14) size 140x36 [r=1 c=2 rs=1 cs=1]
              RenderImage {IMG} at (0,0) size 138.88x34.72 [border: (1px dashed #800000)]
              RenderText {#text} at (0,0) size 0x0
            RenderTableCell {TD} at (321,14) size 140x36 [r=1 c=3 rs=1 cs=1]
              RenderText {#text} at (0,0) size 0x0
          RenderTableRow {TR} at (0,51) size 462x36
            RenderTableCell {TH} at (66,63) size 113x12 [bgcolor=#DDDD99] [r=2 c=1 rs=1 cs=1]
              RenderText {#text} at (43,0) size 27x12
                text run at (43,0) width 27: "none"
            RenderTableCell {TD} at (180,51) size 140x36 [r=2 c=2 rs=1 cs=1]
              RenderImage {IMG} at (0,0) size 138.88x34.72 [border: (1px dashed #800000)]
              RenderText {#text} at (0,0) size 0x0
            RenderTableCell {TD} at (321,51) size 140x36 [r=2 c=3 rs=1 cs=1]
              RenderText {#text} at (0,0) size 0x0
          RenderTableRow {TR} at (0,88) size 462x36
            RenderTableCell {TH} at (66,100) size 113x12 [bgcolor=#DDDD99] [r=3 c=1 rs=1 cs=1]
              RenderText {#text} at (43,0) size 27x12
                text run at (43,0) width 27: "meet"
            RenderTableCell {TD} at (180,88) size 140x36 [r=3 c=2 rs=1 cs=1]
              RenderImage {IMG} at (0,0) size 138.88x34.72 [border: (1px dashed #800000)]
              RenderText {#text} at (0,0) size 0x0
            RenderTableCell {TD} at (321,88) size 140x36 [r=3 c=3 rs=1 cs=1]
              RenderText {#text} at (0,0) size 0x0
          RenderTableRow {TR} at (0,125) size 462x36
            RenderTableCell {TH} at (66,137) size 113x12 [bgcolor=#DDDD99] [r=4 c=1 rs=1 cs=1]
              RenderText {#text} at (44,0) size 25x12
                text run at (44,0) width 25: "slice"
            RenderTableCell {TD} at (180,125) size 140x36 [r=4 c=2 rs=1 cs=1]
              RenderImage {IMG} at (0,0) size 138.88x34.72 [border: (1px dashed #800000)]
              RenderText {#text} at (0,0) size 0x0
            RenderTableCell {TD} at (321,125) size 140x36 [r=4 c=3 rs=1 cs=1]
              RenderText {#text} at (0,0) size 0x0
          RenderTableRow {TR} at (0,162) size 462x36
            RenderTableCell {TH} at (1,229) size 64x12 [bgcolor=#DDDD99] [r=5 c=0 rs=4 cs=1]
              RenderText {#text} at (9,0) size 46x12
                text run at (9,0) width 46: "viewBox"
            RenderTableCell {TH} at (66,180) size 113x0 [bgcolor=#DDDD99] [r=5 c=1 rs=1 cs=1]
            RenderTableCell {TD} at (180,162) size 140x36 [r=5 c=2 rs=1 cs=1]
              RenderImage {IMG} at (0,0) size 138.88x34.72 [border: (1px dashed #800000)]
              RenderText {#text} at (0,0) size 0x0
            RenderTableCell {TD} at (321,162) size 140x36 [r=5 c=3 rs=1 cs=1]
              RenderText {#text} at (0,0) size 0x0
          RenderTableRow {TR} at (0,199) size 462x36
            RenderTableCell {TH} at (66,211) size 113x12 [bgcolor=#DDDD99] [r=6 c=1 rs=1 cs=1]
              RenderText {#text} at (43,0) size 27x12
                text run at (43,0) width 27: "none"
            RenderTableCell {TD} at (180,199) size 140x36 [r=6 c=2 rs=1 cs=1]
              RenderImage {IMG} at (0,0) size 138.88x34.72 [border: (1px dashed #800000)]
              RenderText {#text} at (0,0) size 0x0
            RenderTableCell {TD} at (321,199) size 140x36 [r=6 c=3 rs=1 cs=1]
              RenderText {#text} at (0,0) size 0x0
          RenderTableRow {TR} at (0,236) size 462x36
            RenderTableCell {TH} at (66,248) size 113x12 [bgcolor=#DDDD99] [r=7 c=1 rs=1 cs=1]
              RenderText {#text} at (43,0) size 27x12
                text run at (43,0) width 27: "meet"
            RenderTableCell {TD} at (180,236) size 140x36 [r=7 c=2 rs=1 cs=1]
              RenderImage {IMG} at (0,0) size 138.88x34.72 [border: (1px dashed #800000)]
              RenderText {#text} at (0,0) size 0x0
            RenderTableCell {TD} at (321,236) size 140x36 [r=7 c=3 rs=1 cs=1]
              RenderText {#text} at (0,0) size 0x0
          RenderTableRow {TR} at (0,273) size 462x36
            RenderTableCell {TH} at (66,285) size 113x12 [bgcolor=#DDDD99] [r=8 c=1 rs=1 cs=1]
              RenderText {#text} at (44,0) size 25x12
                text run at (44,0) width 25: "slice"
            RenderTableCell {TD} at (180,273) size 140x36 [r=8 c=2 rs=1 cs=1]
              RenderImage {IMG} at (0,0) size 138.88x34.72 [border: (1px dashed #800000)]
              RenderText {#text} at (0,0) size 0x0
            RenderTableCell {TD} at (321,273) size 140x36 [r=8 c=3 rs=1 cs=1]
              RenderText {#text} at (0,0) size 0x0
layer at (327,20) size 139x35
  RenderEmbeddedObject {OBJECT} at (0,0) size 138.88x34.72 [border: (1px dashed #008000)]
    layer at (0,0) size 133x29
      RenderView at (0,0) size 133x29
    layer at (0,0) size 133x29
      RenderSVGRoot {svg} at (0,0) size 133x29
        RenderSVGEllipse {circle} at (0,0) size 133x29 [stroke={[type=SOLID] [color=#000000]}] [fill={[type=SOLID] [color=#D9BB7A] [fill rule=EVEN-ODD]}] [cx=110.00] [cy=110.00] [r=110.00]
layer at (327,57) size 139x35
  RenderEmbeddedObject {OBJECT} at (0,0) size 138.88x34.72 [border: (1px dashed #008000)]
    layer at (0,0) size 133x29
      RenderView at (0,0) size 133x29
    layer at (0,0) size 133x29
      RenderSVGRoot {svg} at (0,0) size 133x29
        RenderSVGHiddenContainer {defs} at (0,0) size 0x0
        RenderSVGContainer {g} at (0,0) size 133x29 [transform={m=((1.00,0.00)(0.00,1.00)) t=(-162.36,-403.29)}]
          RenderSVGPath {path} at (0,0) size 133x29 [stroke={[type=SOLID] [color=#000000]}] [fill={[type=SOLID] [color=#D9BB7A] [fill rule=EVEN-ODD]}] [data="M 525.714 585.219 C 525.714 685.419 444.486 766.648 344.286 766.648 C 244.085 766.648 162.857 685.419 162.857 585.219 C 162.857 485.019 244.085 403.791 344.286 403.791 C 444.486 403.791 525.714 485.019 525.714 585.219 Z"]
layer at (327,94) size 139x35
  RenderEmbeddedObject {OBJECT} at (0,0) size 138.88x34.72 [border: (1px dashed #008000)]
    layer at (0,0) size 133x29
      RenderView at (0,0) size 133x29
    layer at (0,0) size 133x29
      RenderSVGRoot {svg} at (0,0) size 133x29
        RenderSVGHiddenContainer {defs} at (0,0) size 0x0
        RenderSVGContainer {g} at (0,0) size 133x29 [transform={m=((1.00,0.00)(0.00,1.00)) t=(-162.36,-403.29)}]
          RenderSVGPath {path} at (0,0) size 133x29 [stroke={[type=SOLID] [color=#000000]}] [fill={[type=SOLID] [color=#D9BB7A] [fill rule=EVEN-ODD]}] [data="M 525.714 585.219 C 525.714 685.419 444.486 766.648 344.286 766.648 C 244.085 766.648 162.857 685.419 162.857 585.219 C 162.857 485.019 244.085 403.791 344.286 403.791 C 444.486 403.791 525.714 485.019 525.714 585.219 Z"]
layer at (327,131) size 139x35
  RenderEmbeddedObject {OBJECT} at (0,0) size 138.88x34.72 [border: (1px dashed #008000)]
    layer at (0,0) size 133x29
      RenderView at (0,0) size 133x29
    layer at (0,0) size 133x29
      RenderSVGRoot {svg} at (0,0) size 133x29
        RenderSVGHiddenContainer {defs} at (0,0) size 0x0
        RenderSVGContainer {g} at (0,0) size 133x29 [transform={m=((1.00,0.00)(0.00,1.00)) t=(-162.36,-403.29)}]
          RenderSVGPath {path} at (0,0) size 133x29 [stroke={[type=SOLID] [color=#000000]}] [fill={[type=SOLID] [color=#D9BB7A] [fill rule=EVEN-ODD]}] [data="M 525.714 585.219 C 525.714 685.419 444.486 766.648 344.286 766.648 C 244.085 766.648 162.857 685.419 162.857 585.219 C 162.857 485.019 244.085 403.791 344.286 403.791 C 444.486 403.791 525.714 485.019 525.714 585.219 Z"]
layer at (327,168) size 139x35
  RenderEmbeddedObject {OBJECT} at (0,0) size 138.88x34.72 [border: (1px dashed #008000)]
    layer at (0,0) size 133x29
      RenderView at (0,0) size 133x29
    layer at (0,0) size 133x29
      RenderSVGRoot {svg} at (52,0) size 22x22
        RenderSVGHiddenContainer {defs} at (0,0) size 0x0
        RenderSVGContainer {g} at (52,0) size 22x22 [transform={m=((1.00,0.00)(0.00,1.00)) t=(-162.36,-403.29)}]
          RenderSVGPath {path} at (52,0) size 22x22 [stroke={[type=SOLID] [color=#000000]}] [fill={[type=SOLID] [color=#D9BB7A] [fill rule=EVEN-ODD]}] [data="M 525.714 585.219 C 525.714 685.419 444.486 766.648 344.286 766.648 C 244.085 766.648 162.857 685.419 162.857 585.219 C 162.857 485.019 244.085 403.791 344.286 403.791 C 444.486 403.791 525.714 485.019 525.714 585.219 Z"]
layer at (327,205) size 139x35
  RenderEmbeddedObject {OBJECT} at (0,0) size 138.88x34.72 [border: (1px dashed #008000)]
    layer at (0,0) size 133x29
      RenderView at (0,0) size 133x29
    layer at (0,0) size 133x29
      RenderSVGRoot {svg} at (0,0) size 97x22
        RenderSVGHiddenContainer {defs} at (0,0) size 0x0
        RenderSVGContainer {g} at (0,0) size 97x22 [transform={m=((1.00,0.00)(0.00,1.00)) t=(-162.36,-403.29)}]
          RenderSVGPath {path} at (0,0) size 97x22 [stroke={[type=SOLID] [color=#000000]}] [fill={[type=SOLID] [color=#D9BB7A] [fill rule=EVEN-ODD]}] [data="M 525.714 585.219 C 525.714 685.419 444.486 766.648 344.286 766.648 C 244.085 766.648 162.857 685.419 162.857 585.219 C 162.857 485.019 244.085 403.791 344.286 403.791 C 444.486 403.791 525.714 485.019 525.714 585.219 Z"]
layer at (327,242) size 139x35
  RenderEmbeddedObject {OBJECT} at (0,0) size 138.88x34.72 [border: (1px dashed #008000)]
    layer at (0,0) size 133x29
      RenderView at (0,0) size 133x29
    layer at (0,0) size 133x29
      RenderSVGRoot {svg} at (52,0) size 22x22
        RenderSVGHiddenContainer {defs} at (0,0) size 0x0
        RenderSVGContainer {g} at (52,0) size 22x22 [transform={m=((1.00,0.00)(0.00,1.00)) t=(-162.36,-403.29)}]
          RenderSVGPath {path} at (52,0) size 22x22 [stroke={[type=SOLID] [color=#000000]}] [fill={[type=SOLID] [color=#D9BB7A] [fill rule=EVEN-ODD]}] [data="M 525.714 585.219 C 525.714 685.419 444.486 766.648 344.286 766.648 C 244.085 766.648 162.857 685.419 162.857 585.219 C 162.857 485.019 244.085 403.791 344.286 403.791 C 444.486 403.791 525.714 485.019 525.714 585.219 Z"]
layer at (327,279) size 139x35
  RenderEmbeddedObject {OBJECT} at (0,0) size 138.88x34.72 [border: (1px dashed #008000)]
    layer at (0,0) size 133x29
      RenderView at (0,0) size 133x29
    layer at (0,0) size 133x29
      RenderSVGRoot {svg} at (0,0) size 97x29
        RenderSVGHiddenContainer {defs} at (0,0) size 0x0
        RenderSVGContainer {g} at (0,0) size 97x29 [transform={m=((1.00,0.00)(0.00,1.00)) t=(-162.36,-403.29)}]
          RenderSVGPath {path} at (0,0) size 97x29 [stroke={[type=SOLID] [color=#000000]}] [fill={[type=SOLID] [color=#D9BB7A] [fill rule=EVEN-ODD]}] [data="M 525.714 585.219 C 525.714 685.419 444.486 766.648 344.286 766.648 C 244.085 766.648 162.857 685.419 162.857 585.219 C 162.857 485.019 244.085 403.791 344.286 403.791 C 444.486 403.791 525.714 485.019 525.714 585.219 Z"]
