layer at (0,0) size 800x600
  RenderView at (0,0) size 800x600
layer at (0,0) size 800x600
  RenderBlock {HTML} at (0,0) size 800x600
    RenderBody {BODY} at (8,8) size 784x584
      RenderTextControl {INPUT} at (2,2) size 427x82 [bgcolor=#FFFFFF] [border: (2px inset #000000)]
        RenderFlexibleBox {DIV} at (3,3) size 421x47
          RenderBlock {DIV} at (0,17) size 7x13
          RenderBlock {DIV} at (7,0) size 399x47
          RenderBlock {DIV} at (407,16) size 14x15
      RenderBR {BR} at (431,44) size 0x0
      RenderTextControl {INPUT} at (2,88) size 427x82 [bgcolor=#FFFFFF] [border: (2px inset #000000)]
      RenderBR {BR} at (431,130) size 0x0
      RenderTextControl {INPUT} at (2,172) size 222x25 [bgcolor=#FFFFFF] [border: (2px inset #000000)]
        RenderFlexibleBox {DIV} at (6,1) size 210x23
          RenderBlock {DIV} at (0,5) size 7x13
          RenderBlock {DIV} at (7,0) size 188x23
          RenderBlock {DIV} at (196,4) size 14x15
layer at (20,13) size 399x47 scrollWidth 409
  RenderBlock {DIV} at (0,0) size 399x47
    RenderText {#text} at (0,0) size 408x47
      text run at (0,0) width 408: "value jgq not clipped"
layer at (13,99) size 421x47
  RenderBlock {DIV} at (3,3) size 421x47
    RenderText {#text} at (0,0) size 408x47
      text run at (0,0) width 408: "value jgq not clipped"
layer at (23,181) size 188x23
  RenderBlock {DIV} at (0,0) size 188x23
    RenderText {#text} at (0,0) size 127x23
      text run at (0,0) width 127: "Sample Input"
