EDITING DELEGATE: webViewDidChangeSelection:WebViewDidChangeSelectionNotification
EDITING DELEGATE: webViewDidChangeSelection:WebViewDidChangeSelectionNotification
EDITING DELEGATE: webViewDidChangeSelection:WebViewDidChangeSelectionNotification
EDITING DELEGATE: webViewDidChange:WebViewDidChangeNotification
layer at (0,0) size 800x600
  RenderView at (0,0) size 800x600
layer at (0,0) size 800x600
  RenderBlock {HTML} at (0,0) size 800x600
    RenderBody {BODY} at (8,8) size 784x584
      RenderBlock {P} at (0,0) size 784x36
        RenderText {#text} at (0,0) size 719x36
          text run at (0,0) width 719: "This tests non-smartmove drag/drop. The space should be deleted on move, but not reinserted on drop, resulting in"
          text run at (0,18) width 86: "\"worldhello\"."
      RenderBlock {DIV} at (0,52) size 784x18
        RenderText {#text} at (0,0) size 68x18
          text run at (0,0) width 68: "worldhello"
selection start: position 5 of child 0 {#text} of child 3 {DIV} of body
selection end:   position 10 of child 0 {#text} of child 3 {DIV} of body
