layer at (0,0) size 800x600
  RenderView at (0,0) size 800x600
layer at (0,0) size 800x600
  RenderBlock {HTML} at (0,0) size 800x600
    RenderBody {BODY} at (8,8) size 784x584
layer at (0,42) size 800x558 clip at (0,42) size 785x558 scrollY 285 scrollHeight 843
  RenderBlock (positioned) {DIV} at (0,42) size 800x558
layer at (0,-243) size 572x843 backgroundClip at (0,42) size 785x558 clip at (0,42) size 785x558 outlineClip at (0,42) size 785x558
  RenderBlock (positioned) {DIV} at (0,0) size 572.31x843
    RenderBlock (anonymous) at (0,0) size 572.31x18
      RenderText {#text} at (0,0) size 573x17
        text run at (0,0) width 573: "This tests that we can scroll to reveal something in a nested positioned block in overflow."
    RenderBlock {DIV} at (0,18) size 572.31x800
    RenderBlock (anonymous) at (0,818) size 572.31x25
      RenderButton {INPUT} at (2,2) size 224.22x21 [bgcolor=#C0C0C0] [border: (2px outset #C0C0C0)]
        RenderBlock (anonymous) at (8,3) size 208.22x15
          RenderText {#text} at (0,0) size 209x15
            text run at (0,0) width 209: "If you can see this, test has passed"
      RenderText {#text} at (0,0) size 0x0
