layer at (0,0) size 800x600
  RenderView at (0,0) size 800x600
layer at (0,0) size 800x600
  RenderBlock {HTML} at (0,0) size 800x600
    RenderBody {BODY} at (8,8) size 784x584
      RenderBlock {DIV} at (0,0) size 784x18
        RenderInline {<pseudo:first-letter>} at (0,0) size 10x17 [color=#0000FF]
          RenderTextFragment at (0,0) size 10x17
            text run at (0,0) width 10: "L"
        RenderTextFragment {#text} at (9,0) size 169x17
          text run at (9,0) width 169: "orem ipsum dolor sit amet"
