layer at (0,0) size 808x585
  RenderView at (0,0) size 800x585
layer at (0,0) size 800x585
  RenderBlock {html} at (0,0) size 800x585
    RenderBody {body} at (8,16) size 784x521
      RenderBlock {p} at (0,0) size 784x32
        RenderText {#text} at (0,0) size 738x32
          text run at (0,0) width 738: "The left edges of the black boxes below should line up with the left edges of their containing red or green boxes. In"
          text run at (0,16) width 293: "addition, all the assertions below should pass."
      RenderBlock {div} at (0,48) size 800x200
        RenderSVGRoot {svg} at (8,64) size 450x200
          RenderSVGRect {rect} at (8,74) size 70x160 [fill={[type=SOLID] [color=#FF0000]}] [x=0.00] [y=10.00] [width=70.00] [height=160.00]
          RenderSVGRect {rect} at (78,74) size 100x150 [fill={[type=SOLID] [color=#008000]}] [x=70.00] [y=10.00] [width=100.00] [height=150.00]
          RenderSVGRect {rect} at (178,74) size 70x140 [fill={[type=SOLID] [color=#FF0000]}] [x=170.00] [y=10.00] [width=70.00] [height=140.00]
          RenderSVGRect {rect} at (248,74) size 70x130 [fill={[type=SOLID] [color=#008000]}] [x=240.00] [y=10.00] [width=70.00] [height=130.00]
          RenderSVGRect {rect} at (318,74) size 80x120 [fill={[type=SOLID] [color=#FF0000]}] [x=310.00] [y=10.00] [width=80.00] [height=120.00]
          RenderSVGRect {rect} at (398,74) size 60x110 [fill={[type=SOLID] [color=#008000]}] [x=390.00] [y=10.00] [width=60.00] [height=110.00]
          RenderSVGText {text} at (0,-90) size 450x600 contains 1 chunk(s)
            RenderSVGInlineText {#text} at (0,0) size 450x600
              chunk 1 text run 1 at (0.00,10.00) startOffset 0 endOffset 10 width 450.00: "GGDGGBBBDB"
        RenderText {#text} at (0,0) size 0x0
      RenderBlock {pre} at (0,261) size 784x260
        RenderInline {span} at (0,0) size 305x13
          RenderInline {span} at (0,0) size 305x13
            RenderInline {span} at (0,0) size 32x13
              RenderText {#text} at (0,0) size 32x13
                text run at (0,0) width 32: "PASS"
            RenderText {#text} at (31,0) size 274x13
              text run at (31,0) width 274: " t.getStartPositionOfChar(0).x is 0"
          RenderBR {br} at (304,0) size 1x13
        RenderInline {span} at (0,0) size 305x13
          RenderInline {span} at (0,0) size 305x13
            RenderInline {span} at (0,0) size 32x13
              RenderText {#text} at (0,13) size 32x13
                text run at (0,13) width 32: "PASS"
            RenderText {#text} at (31,13) size 274x13
              text run at (31,13) width 274: " t.getStartPositionOfChar(1).x is 0"
          RenderBR {br} at (304,13) size 1x13
        RenderInline {span} at (0,0) size 344x13
          RenderInline {span} at (0,0) size 344x13
            RenderInline {span} at (0,0) size 32x13
              RenderText {#text} at (0,26) size 32x13
                text run at (0,26) width 32: "PASS"
            RenderText {#text} at (31,26) size 313x13
              text run at (31,26) width 313: " t.getStartPositionOfChar(2).x is 0 + 70"
          RenderBR {br} at (343,26) size 1x13
        RenderInline {span} at (0,0) size 391x13
          RenderInline {span} at (0,0) size 391x13
            RenderInline {span} at (0,0) size 32x13
              RenderText {#text} at (0,39) size 32x13
                text run at (0,39) width 32: "PASS"
            RenderText {#text} at (31,39) size 360x13
              text run at (31,39) width 360: " t.getStartPositionOfChar(3).x is 0 + 70 + 100"
          RenderBR {br} at (390,39) size 1x13
        RenderInline {span} at (0,0) size 391x13
          RenderInline {span} at (0,0) size 391x13
            RenderInline {span} at (0,0) size 32x13
              RenderText {#text} at (0,52) size 32x13
                text run at (0,52) width 32: "PASS"
            RenderText {#text} at (31,52) size 360x13
              text run at (31,52) width 360: " t.getStartPositionOfChar(4).x is 0 + 70 + 100"
          RenderBR {br} at (390,52) size 1x13
        RenderInline {span} at (0,0) size 430x13
          RenderInline {span} at (0,0) size 430x13
            RenderInline {span} at (0,0) size 32x13
              RenderText {#text} at (0,65) size 32x13
                text run at (0,65) width 32: "PASS"
            RenderText {#text} at (31,65) size 399x13
              text run at (31,65) width 399: " t.getStartPositionOfChar(5).x is 0 + 70 + 100 + 70"
          RenderBR {br} at (429,65) size 1x13
        RenderInline {span} at (0,0) size 430x13
          RenderInline {span} at (0,0) size 430x13
            RenderInline {span} at (0,0) size 32x13
              RenderText {#text} at (0,78) size 32x13
                text run at (0,78) width 32: "PASS"
            RenderText {#text} at (31,78) size 399x13
              text run at (31,78) width 399: " t.getStartPositionOfChar(6).x is 0 + 70 + 100 + 70"
          RenderBR {br} at (429,78) size 1x13
        RenderInline {span} at (0,0) size 469x13
          RenderInline {span} at (0,0) size 469x13
            RenderInline {span} at (0,0) size 32x13
              RenderText {#text} at (0,91) size 32x13
                text run at (0,91) width 32: "PASS"
            RenderText {#text} at (31,91) size 438x13
              text run at (31,91) width 438: " t.getStartPositionOfChar(7).x is 0 + 70 + 100 + 70 + 70"
          RenderBR {br} at (468,91) size 1x13
        RenderInline {span} at (0,0) size 469x13
          RenderInline {span} at (0,0) size 469x13
            RenderInline {span} at (0,0) size 32x13
              RenderText {#text} at (0,104) size 32x13
                text run at (0,104) width 32: "PASS"
            RenderText {#text} at (31,104) size 438x13
              text run at (31,104) width 438: " t.getStartPositionOfChar(8).x is 0 + 70 + 100 + 70 + 70"
          RenderBR {br} at (468,104) size 1x13
        RenderInline {span} at (0,0) size 508x13
          RenderInline {span} at (0,0) size 508x13
            RenderInline {span} at (0,0) size 32x13
              RenderText {#text} at (0,117) size 32x13
                text run at (0,117) width 32: "PASS"
            RenderText {#text} at (31,117) size 477x13
              text run at (31,117) width 477: " t.getStartPositionOfChar(9).x is 0 + 70 + 100 + 70 + 70 + 80"
          RenderBR {br} at (507,117) size 1x13
        RenderInline {span} at (0,0) size 297x13
          RenderInline {span} at (0,0) size 297x13
            RenderInline {span} at (0,0) size 32x13
              RenderText {#text} at (0,130) size 32x13
                text run at (0,130) width 32: "PASS"
            RenderText {#text} at (31,130) size 266x13
              text run at (31,130) width 266: " t.getEndPositionOfChar(0).x is 70"
          RenderBR {br} at (296,130) size 1x13
        RenderInline {span} at (0,0) size 297x13
          RenderInline {span} at (0,0) size 297x13
            RenderInline {span} at (0,0) size 32x13
              RenderText {#text} at (0,143) size 32x13
                text run at (0,143) width 32: "PASS"
            RenderText {#text} at (31,143) size 266x13
              text run at (31,143) width 266: " t.getEndPositionOfChar(1).x is 70"
          RenderBR {br} at (296,143) size 1x13
        RenderInline {span} at (0,0) size 344x13
          RenderInline {span} at (0,0) size 344x13
            RenderInline {span} at (0,0) size 32x13
              RenderText {#text} at (0,156) size 32x13
                text run at (0,156) width 32: "PASS"
            RenderText {#text} at (31,156) size 313x13
              text run at (31,156) width 313: " t.getEndPositionOfChar(2).x is 70 + 100"
          RenderBR {br} at (343,156) size 1x13
        RenderInline {span} at (0,0) size 383x13
          RenderInline {span} at (0,0) size 383x13
            RenderInline {span} at (0,0) size 32x13
              RenderText {#text} at (0,169) size 32x13
                text run at (0,169) width 32: "PASS"
            RenderText {#text} at (31,169) size 352x13
              text run at (31,169) width 352: " t.getEndPositionOfChar(3).x is 70 + 100 + 70"
          RenderBR {br} at (382,169) size 1x13
        RenderInline {span} at (0,0) size 383x13
          RenderInline {span} at (0,0) size 383x13
            RenderInline {span} at (0,0) size 32x13
              RenderText {#text} at (0,182) size 32x13
                text run at (0,182) width 32: "PASS"
            RenderText {#text} at (31,182) size 352x13
              text run at (31,182) width 352: " t.getEndPositionOfChar(4).x is 70 + 100 + 70"
          RenderBR {br} at (382,182) size 1x13
        RenderInline {span} at (0,0) size 422x13
          RenderInline {span} at (0,0) size 422x13
            RenderInline {span} at (0,0) size 32x13
              RenderText {#text} at (0,195) size 32x13
                text run at (0,195) width 32: "PASS"
            RenderText {#text} at (31,195) size 391x13
              text run at (31,195) width 391: " t.getEndPositionOfChar(5).x is 70 + 100 + 70 + 70"
          RenderBR {br} at (421,195) size 1x13
        RenderInline {span} at (0,0) size 422x13
          RenderInline {span} at (0,0) size 422x13
            RenderInline {span} at (0,0) size 32x13
              RenderText {#text} at (0,208) size 32x13
                text run at (0,208) width 32: "PASS"
            RenderText {#text} at (31,208) size 391x13
              text run at (31,208) width 391: " t.getEndPositionOfChar(6).x is 70 + 100 + 70 + 70"
          RenderBR {br} at (421,208) size 1x13
        RenderInline {span} at (0,0) size 461x13
          RenderInline {span} at (0,0) size 461x13
            RenderInline {span} at (0,0) size 32x13
              RenderText {#text} at (0,221) size 32x13
                text run at (0,221) width 32: "PASS"
            RenderText {#text} at (31,221) size 430x13
              text run at (31,221) width 430: " t.getEndPositionOfChar(7).x is 70 + 100 + 70 + 70 + 80"
          RenderBR {br} at (460,221) size 1x13
        RenderInline {span} at (0,0) size 461x13
          RenderInline {span} at (0,0) size 461x13
            RenderInline {span} at (0,0) size 32x13
              RenderText {#text} at (0,234) size 32x13
                text run at (0,234) width 32: "PASS"
            RenderText {#text} at (31,234) size 430x13
              text run at (31,234) width 430: " t.getEndPositionOfChar(8).x is 70 + 100 + 70 + 70 + 80"
          RenderBR {br} at (460,234) size 1x13
        RenderInline {span} at (0,0) size 500x13
          RenderInline {span} at (0,0) size 500x13
            RenderInline {span} at (0,0) size 32x13
              RenderText {#text} at (0,247) size 32x13
                text run at (0,247) width 32: "PASS"
            RenderText {#text} at (31,247) size 469x13
              text run at (31,247) width 469: " t.getEndPositionOfChar(9).x is 70 + 100 + 70 + 70 + 80 + 60"
          RenderBR {br} at (499,247) size 1x13
