layer at (0,0) size 800x600
  RenderView at (0,0) size 800x600
layer at (0,0) size 800x74
  RenderBlock {test} at (0,0) size 800x74
    RenderBlock {p} at (0,16) size 800x42
      RenderButton {button} at (0,0) size 264.27x21 [bgcolor=#00FF00] [border: (2px outset #C0C0C0)]
        RenderBlock (anonymous) at (8,3) size 248.27x15
          RenderText {#text} at (0,0) size 249x15
            text run at (0,0) width 249: "A button (enabled) with green background"
      RenderText {#text} at (264,1) size 5x17
        text run at (264,1) width 5: " "
      RenderBR {br} at (0,0) size 0x0
      RenderTextControl {input} at (0,21) size 285x21 [bgcolor=#00FF00] [border: (2px inset #EEEEEE)]
      RenderText {#text} at (0,0) size 0x0
layer at (2,40) size 281x15
  RenderBlock {div} at (2,3) size 281x15
    RenderText {#text} at (0,0) size 262x15
      text run at (0,0) width 262: "a text area (enabled) with green background"
