layer at (0,0) size 800x600
  RenderView at (0,0) size 800x600
layer at (0,0) size 800x82
  RenderBlock {test} at (0,0) size 800x82
    RenderBlock {p} at (0,16) size 800x50
      RenderButton {button} at (2,2) size 264.27x21 [bgcolor=#00FF00] [border: (2px outset #C0C0C0)]
        RenderBlock (anonymous) at (8,3) size 248.27x15
          RenderText {#text} at (0,0) size 249x15
            text run at (0,0) width 249: "A button (enabled) with green background"
      RenderText {#text} at (268,3) size 5x17
        text run at (268,3) width 5: " "
      RenderBR {br} at (0,0) size 0x0
      RenderTextControl {input} at (2,27) size 256x21 [bgcolor=#00FF00] [border: (2px inset #EEEEEE)]
      RenderText {#text} at (0,0) size 0x0
layer at (4,46) size 252x15 scrollWidth 263
  RenderBlock {div} at (2,3) size 252x15
    RenderText {#text} at (0,0) size 262x15
      text run at (0,0) width 262: "a text area (enabled) with green background"
