layer at (0,0) size 800x600
  RenderView at (0,0) size 800x600
layer at (0,0) size 800x314
  RenderBlock {HTML} at (0,0) size 800x314
    RenderBody {BODY} at (8,16) size 784x290
      RenderBlock {P} at (0,0) size 784x18
        RenderText {#text} at (0,0) size 391x17
          text run at (0,0) width 391: "Test layers which are fully contained within a single column."
      RenderBlock (anonymous) at (0,34) size 784x18
        RenderText {#text} at (0,0) size 35x17
          text run at (0,0) width 35: "LTR:"
      RenderBlock (anonymous) at (0,162) size 784x18
        RenderText {#text} at (0,0) size 35x17
          text run at (0,0) width 35: "RTL:"
layer at (8,68) size 310x110
  RenderBlock {DIV} at (0,52) size 310x110 [border: (5px solid #800000)]
    RenderText {#text} at (5,6) size 32x17
      text run at (5,6) width 32: "line1"
    RenderBR {BR} at (36,6) size 1x17
    RenderText {#text} at (5,26) size 32x17
      text run at (5,26) width 32: "line2"
    RenderBR {BR} at (36,26) size 1x17
    RenderText {#text} at (5,46) size 32x17
      text run at (5,46) width 32: "line3"
    RenderBR {BR} at (36,46) size 1x17
    RenderText {#text} at (5,66) size 32x17
      text run at (5,66) width 32: "line4"
    RenderBR {BR} at (36,66) size 1x17
    RenderText {#text} at (5,86) size 32x17
      text run at (5,86) width 32: "line5"
    RenderBR {BR} at (36,86) size 1x17
    RenderText {#text} at (5,106) size 32x17
      text run at (5,106) width 32: "line6"
    RenderBR {BR} at (36,106) size 1x17
    RenderBlock {DIV} at (5,130) size 16x10 [bgcolor=#008000]
    RenderText {#text} at (21,126) size 36x17
      text run at (21,126) width 36: " line7"
    RenderBR {BR} at (56,126) size 1x17
    RenderText {#text} at (5,146) size 32x17
      text run at (5,146) width 32: "line8"
    RenderBR {BR} at (36,146) size 1x17
    RenderBR {BR} at (60,166) size 1x17
    RenderText {#text} at (5,186) size 40x17
      text run at (5,186) width 40: "line10"
    RenderBR {BR} at (44,186) size 1x17
    RenderText {#text} at (5,206) size 40x17
      text run at (5,206) width 40: "line11"
    RenderBR {BR} at (44,206) size 1x17
    RenderText {#text} at (5,226) size 40x17
      text run at (5,226) width 40: "line12"
    RenderBR {BR} at (44,226) size 1x17
    RenderBR {BR} at (68,246) size 1x17
    RenderText {#text} at (5,266) size 40x17
      text run at (5,266) width 40: "line14"
layer at (8,196) size 310x110
  RenderBlock {DIV} at (0,180) size 310x110 [border: (5px solid #800000)]
    RenderText {#text} at (73,6) size 32x17
      text run at (73,6) width 32: "line1"
    RenderBR {BR} at (73,6) size 1x17
    RenderText {#text} at (73,26) size 32x17
      text run at (73,26) width 32: "line2"
    RenderBR {BR} at (73,26) size 1x17
    RenderText {#text} at (73,46) size 32x17
      text run at (73,46) width 32: "line3"
    RenderBR {BR} at (73,46) size 1x17
    RenderText {#text} at (73,66) size 32x17
      text run at (73,66) width 32: "line4"
    RenderBR {BR} at (73,66) size 1x17
    RenderText {#text} at (73,86) size 32x17
      text run at (73,86) width 32: "line5"
    RenderBR {BR} at (73,86) size 1x17
    RenderText {#text} at (73,106) size 32x17
      text run at (73,106) width 32: "line6"
    RenderBR {BR} at (73,106) size 1x17
    RenderBlock {DIV} at (89,130) size 16x10 [bgcolor=#008000]
    RenderText {#text} at (53,126) size 36x17
      text run at (53,126) width 32: "line7"
      text run at (85,126) width 4 RTL: " "
    RenderBR {BR} at (53,126) size 1x17
    RenderText {#text} at (73,146) size 32x17
      text run at (73,146) width 32: "line8"
    RenderBR {BR} at (73,146) size 1x17
    RenderBR {BR} at (49,166) size 1x17
    RenderText {#text} at (65,186) size 40x17
      text run at (65,186) width 40: "line10"
    RenderBR {BR} at (65,186) size 1x17
    RenderText {#text} at (65,206) size 40x17
      text run at (65,206) width 40: "line11"
    RenderBR {BR} at (65,206) size 1x17
    RenderText {#text} at (65,226) size 40x17
      text run at (65,226) width 40: "line12"
    RenderBR {BR} at (65,226) size 1x17
    RenderBR {BR} at (41,246) size 1x17
    RenderText {#text} at (65,266) size 40x17
      text run at (65,266) width 40: "line14"
layer at (8,64) size 56x17
  RenderInline (relative positioned) {SPAN} at (0,0) size 56x17 [color=#008000]
    RenderText {#text} at (5,166) size 56x17
      text run at (5,166) width 56: "relative9"
layer at (8,68) size 64x17 transparent
  RenderInline {SPAN} at (0,0) size 64x17 [color=#008000]
    RenderText {#text} at (5,246) size 64x17
      text run at (5,246) width 64: "opacity13"
layer at (8,192) size 56x17
  RenderInline (relative positioned) {SPAN} at (0,0) size 56x17 [color=#008000]
    RenderText {#text} at (49,166) size 56x17
      text run at (49,166) width 56: "relative9"
layer at (8,196) size 64x17 transparent
  RenderInline {SPAN} at (0,0) size 64x17 [color=#008000]
    RenderText {#text} at (41,246) size 64x17
      text run at (41,246) width 64: "opacity13"
