layer at (0,0) size 800x600
  RenderView at (0,0) size 800x600
layer at (0,0) size 800x8
  RenderBlock {HTML} at (0,0) size 800x8
    RenderBody {BODY} at (8,8) size 784x0
layer at (10,10) size 120x178
  RenderBlock (positioned) {DIV} at (10,10) size 120x178
    RenderBlock (anonymous) at (0,0) size 120x18
      RenderText {#text} at (0,0) size 66x17
        text run at (0,0) width 66: "Overflow:"
layer at (10,28) size 120x160
  RenderBlock {DIV} at (0,18) size 120x160 [border: (5px solid #000000)]
    RenderBlock {DIV} at (5,5) size 50x50 [bgcolor=#000000]
    RenderBlock {DIV} at (5,255) size 50x50 [bgcolor=#000000]
layer at (15,83) size 50x200
  RenderBlock {DIV} at (5,55) size 50x200
    RenderBlock {DIV} at (0,0) size 50x50 [bgcolor=#0000F0]
    RenderBlock {DIV} at (0,50) size 50x50 [bgcolor=#0000D0]
    RenderBlock {DIV} at (0,100) size 50x50 [bgcolor=#0000B0]
    RenderBlock {DIV} at (0,150) size 50x50 [bgcolor=#000090]
layer at (150,10) size 120x178
  RenderBlock (positioned) {DIV} at (150,10) size 120x178
    RenderBlock (anonymous) at (0,0) size 120x18
      RenderText {#text} at (0,0) size 79x17
        text run at (0,0) width 79: "Transforms:"
layer at (150,28) size 120x160
  RenderBlock {DIV} at (0,18) size 120x160 [border: (5px solid #000000)]
    RenderBlock {DIV} at (5,5) size 50x50 [bgcolor=#000000]
    RenderBlock {DIV} at (5,255) size 50x50 [bgcolor=#000000]
layer at (55,83) size 50x200
  RenderBlock {DIV} at (-95,55) size 50x200
    RenderBlock {DIV} at (0,0) size 50x50 [bgcolor=#0000F0]
    RenderBlock {DIV} at (0,50) size 50x50 [bgcolor=#0000D0]
    RenderBlock {DIV} at (0,100) size 50x50 [bgcolor=#0000B0]
    RenderBlock {DIV} at (0,150) size 50x50 [bgcolor=#000090]
layer at (10,200) size 120x178
  RenderBlock (positioned) {DIV} at (10,200) size 120x178
    RenderBlock (anonymous) at (0,0) size 120x18
      RenderText {#text} at (0,0) size 89x17
        text run at (0,0) width 89: "Relative Pos.:"
layer at (10,218) size 120x160
  RenderBlock {DIV} at (0,18) size 120x160 [border: (5px solid #000000)]
    RenderBlock {DIV} at (5,5) size 50x50 [bgcolor=#000000]
    RenderBlock {DIV} at (5,255) size 50x50 [bgcolor=#000000]
layer at (15,273) size 50x200
  RenderBlock (relative positioned) {DIV} at (-95,55) size 50x200
    RenderBlock {DIV} at (0,0) size 50x50 [bgcolor=#0000F0]
    RenderBlock {DIV} at (0,50) size 50x50 [bgcolor=#0000D0]
    RenderBlock {DIV} at (0,100) size 50x50 [bgcolor=#0000B0]
    RenderBlock {DIV} at (0,150) size 50x50 [bgcolor=#000090]
layer at (150,200) size 120x178
  RenderBlock (positioned) {DIV} at (150,200) size 120x178
    RenderBlock (anonymous) at (0,0) size 120x18
      RenderText {#text} at (0,0) size 56x17
        text run at (0,0) width 56: "Opacity:"
layer at (150,218) size 120x160
  RenderBlock {DIV} at (0,18) size 120x160 [border: (5px solid #000000)]
    RenderBlock {DIV} at (5,5) size 50x50 [bgcolor=#000000]
    RenderBlock {DIV} at (5,255) size 50x50 [bgcolor=#000000]
layer at (155,273) size 50x200 transparent
  RenderBlock {DIV} at (5,55) size 50x200
    RenderBlock {DIV} at (0,0) size 50x50 [bgcolor=#0000F0]
    RenderBlock {DIV} at (0,50) size 50x50 [bgcolor=#0000D0]
    RenderBlock {DIV} at (0,100) size 50x50 [bgcolor=#0000B0]
    RenderBlock {DIV} at (0,150) size 50x50 [bgcolor=#000090]
