layer at (0,0) size 800x600
  RenderView at (0,0) size 800x600
layer at (0,0) size 800x600
  RenderBlock {HTML} at (0,0) size 800x600
layer at (8,8) size 750x500
  RenderBody {BODY} at (8,8) size 750x500
    RenderBlock {H1} at (0,0) size 367x37
      RenderText {#text} at (0,0) size 167x36
        text run at (0,0) width 167: "Header One"
    RenderBlock (anonymous) at (0,58.44) size 367x198
      RenderText {#text} at (0,0) size 367x197
        text run at (0,0) width 364: "Lorem ipsum dolor sit amet, consectetuer adipiscing elit."
        text run at (0,18) width 362: "Nulla varius enim ac mi. Curabitur sollicitudin felis quis"
        text run at (0,36) width 332: "lectus. Quisque adipiscing rhoncus sem. Proin nulla"
        text run at (0,54) width 367: "purus, vulputate vel, varius ut, euismod et, nisi. Sed vitae"
        text run at (0,72) width 354: "felis vel orci sagittis aliquam. Cras convallis adipiscing"
        text run at (0,90) width 347: "sem. Nam nonummy enim. Nullam bibendum lobortis"
        text run at (0,108) width 353: "neque. Vestibulum velit orci, tempus euismod, pretium"
        text run at (0,126) width 353: "quis, interdum vitae, nulla. Phasellus eget ante et tortor"
        text run at (0,144) width 351: "condimentum vestibulum. Suspendisse hendrerit quam"
        text run at (0,162) width 333: "nec felis. Sed varius turpis vitae pede. Lorem ipsum"
        text run at (0,180) width 275: "dolor sit amet, consectetuer adipiscing elit."
    RenderBlock {H1} at (0,277.88) size 367x37
      RenderText {#text} at (0,0) size 170x36
        text run at (0,0) width 170: "Header Two"
    RenderBlock (anonymous) at (0,336.31) size 367x199.69
      RenderText {#text} at (0,0) size 367x199
        text run at (0,0) width 364: "Lorem ipsum dolor sit amet, consectetuer adipiscing elit."
        text run at (0,18) width 362: "Nulla varius enim ac mi. Curabitur sollicitudin felis quis"
        text run at (0,36) width 332: "lectus. Quisque adipiscing rhoncus sem. Proin nulla"
        text run at (0,54) width 367: "purus, vulputate vel, varius ut, euismod et, nisi. Sed vitae"
        text run at (0,72) width 354: "felis vel orci sagittis aliquam. Cras convallis adipiscing"
        text run at (0,90) width 347: "sem. Nam nonummy enim. Nullam bibendum lobortis"
        text run at (0,108) width 353: "neque. Vestibulum velit orci, tempus euismod, pretium"
        text run at (0,126) width 353: "quis, interdum vitae, nulla. Phasellus eget ante et tortor"
        text run at (0,144) width 351: "condimentum vestibulum. Suspendisse hendrerit quam"
        text run at (0,163) width 333: "nec felis. Sed varius turpis vitae pede. Lorem ipsum"
        text run at (0,182) width 275: "dolor sit amet, consectetuer adipiscing elit."
    RenderBlock {H1} at (0,557.44) size 367x37
      RenderText {#text} at (0,0) size 192x36
        text run at (0,0) width 192: "Header Three"
    RenderBlock {H1} at (0,871.31) size 367x37
      RenderText {#text} at (0,0) size 177x36
        text run at (0,0) width 177: "Header Four"
    RenderBlock (anonymous) at (0,929.75) size 367x36
      RenderText {#text} at (0,0) size 364x35
        text run at (0,0) width 364: "Lorem ipsum dolor sit amet, consectetuer adipiscing elit."
        text run at (0,18) width 158: "Nulla varius enim ac mi."
layer at (8,624) size 367x234 backgroundClip at (0,0) size 800x600 clip at (0,0) size 800x600 outlineClip at (0,0) size 800x600
  RenderBlock {DIV} at (0,615.88) size 367x234
    RenderText {#text} at (0,0) size 172x431
      text run at (0,0) width 143: "Lorem ipsum dolor sit"
      text run at (0,18) width 120: "amet, consectetuer"
      text run at (0,36) width 134: "adipiscing elit. Nulla"
      text run at (0,54) width 119: "varius enim ac mi."
      text run at (0,72) width 169: "Curabitur sollicitudin felis"
      text run at (0,90) width 130: "quis lectus. Quisque"
      text run at (0,108) width 155: "adipiscing rhoncus sem."
      text run at (0,126) width 115: "Proin nulla purus,"
      text run at (0,144) width 151: "vulputate vel, varius ut,"
      text run at (0,162) width 168: "euismod et, nisi. Sed vitae"
      text run at (0,180) width 130: "felis vel orci sagittis"
      text run at (0,198) width 151: "aliquam. Cras convallis"
      text run at (0,216) width 135: "adipiscing sem. Nam"
      text run at (0,234) width 157: "nonummy enim. Nullam"
      text run at (0,252) width 164: "bibendum lobortis neque."
      text run at (0,270) width 140: "Vestibulum velit orci,"
      text run at (0,288) width 163: "tempus euismod, pretium"
      text run at (0,306) width 172: "quis, interdum vitae, nulla."
      text run at (0,324) width 138: "Phasellus eget ante et"
      text run at (0,342) width 128: "tortor condimentum"
      text run at (0,360) width 158: "vestibulum. Suspendisse"
      text run at (0,378) width 160: "hendrerit quam nec felis."
      text run at (0,396) width 143: "Sed varius turpis vitae"
      text run at (0,414) width 39: "pede. "
    RenderText {#text} at (0,0) size 0x0
layer at (8,624) size 162x53 backgroundClip at (0,0) size 800x600 clip at (0,0) size 800x600 outlineClip at (0,0) size 800x600 transparent
  RenderInline (relative positioned) {SPAN} at (0,0) size 162x53
    RenderText {#text} at (38,414) size 162x53
      text run at (38,414) width 124: "Lorem ipsum dolor"
      text run at (0,432) width 139: "sit amet, consectetuer"
      text run at (0,450) width 95: "adipiscing elit."
