layer at (0,0) size 800x600
  RenderView at (0,0) size 800x600
layer at (0,0) size 800x600
  RenderBlock {HTML} at (0,0) size 800x600
    RenderBody {BODY} at (8,8) size 784x584
layer at (8,8) size 506x505
  RenderBlock {DIV} at (0,0) size 506x505 [border: (3px solid #000000)]
    RenderText {#text} at (3,8) size 159x1468
      text run at (3,8) width 159: "Lorem ipsum dolor sit amet,"
      text run at (3,32) width 159: "consectetur adipiscing elit."
      text run at (3,56) width 158: "Nullam ornare, nunc eget"
      text run at (3,80) width 159: "condimentum tempor, augue"
      text run at (3,104) width 159: "ligula accumsan eros, sed"
      text run at (3,128) width 159: "consequat sapien orci id libero."
      text run at (3,152) width 159: "Curabitur tristique, augue in"
      text run at (3,176) width 159: "aliquet accumsan, nibh nisi"
      text run at (3,200) width 158: "lobortis odio, et suscipit est"
      text run at (3,224) width 159: "ligula eu nisi. Nunc aliquet"
      text run at (3,248) width 158: "lobortis porta. Donec venenatis"
      text run at (3,272) width 158: "consectetur eleifend. Etiam sed"
      text run at (3,296) width 159: "tempor quam. Pellentesque"
      text run at (3,320) width 159: "gravida gravida eros venenatis"
      text run at (3,344) width 159: "suscipit. Aenean diam enim,"
      text run at (3,368) width 159: "suscipit id pellentesque vel,"
      text run at (3,392) width 159: "hendrerit et metus. Suspendisse"
      text run at (3,416) width 159: "felis erat, hendrerit a congue in,"
      text run at (3,440) width 159: "euismod ac erat. Donec pulvinar"
      text run at (3,464) width 158: "venenatis tortor, a lobortis erat"
      text run at (3,507) width 159: "scelerisque et. Class aptent taciti"
      text run at (3,531) width 158: "sociosqu ad litora torquent per"
      text run at (3,555) width 159: "conubia nostra, per inceptos"
      text run at (3,579) width 159: "himenaeos. Aliquam in orci id"
      text run at (3,603) width 159: "felis mollis porta ac et orci."
      text run at (3,627) width 159: "Donec viverra, eros ac mattis"
      text run at (3,651) width 159: "dapibus, quam ante porta lectus,"
      text run at (3,675) width 159: "accumsan pellentesque nibh"
      text run at (3,699) width 159: "metus non felis. Vivamus sed"
      text run at (3,723) width 159: "eros quis magna scelerisque"
      text run at (3,747) width 117: "ultrices ac eget velit. "
      text run at (119,747) width 42: "Nunc et"
      text run at (3,771) width 159: "odio ut velit posuere viverra."
      text run at (3,795) width 159: "Integer eu mi quis velit dapibus"
      text run at (3,819) width 159: "tempus at ut purus. Quisque"
      text run at (3,843) width 159: "congue mollis mauris a"
      text run at (3,867) width 159: "hendrerit. Nam viverra est at"
      text run at (3,891) width 158: "orci interdum a ullamcorper mi"
      text run at (3,915) width 158: "dictum. In id sapien augue."
      text run at (3,939) width 158: "Suspendisse potenti. Vestibulum"
      text run at (3,963) width 158: "turpis purus, convallis ut sagittis"
      text run at (3,1006) width 158: "quis, semper vel mauris."
      text run at (3,1030) width 159: "Curabitur vitae felis turpis."
      text run at (3,1054) width 159: "Fusce augue nibh, consectetur"
      text run at (3,1078) width 159: "non vestibulum et, bibendum sit"
      text run at (3,1102) width 159: "amet lectus. Nulla at imperdiet"
      text run at (3,1126) width 159: "metus. Donec non est velit, non"
      text run at (3,1150) width 158: "fringilla ipsum. Fusce"
      text run at (3,1174) width 159: "elementum neque a nibh egestas"
      text run at (3,1198) width 159: "sodales. Mauris ut lorem"
      text run at (3,1222) width 159: "hendrerit metus interdum"
      text run at (3,1246) width 158: "malesuada. Nam tempus sodales"
      text run at (3,1270) width 158: "neque vitae bibendum."
      text run at (3,1294) width 158: "Vestibulum ac est sit amet dolor"
      text run at (3,1318) width 158: "vehicula semper at sed ante."
      text run at (3,1342) width 159: "Nunc at neque urna, in volutpat"
      text run at (3,1366) width 159: "orci. Praesent eu velit neque,"
      text run at (3,1390) width 159: "quis rutrum metus. Nunc eu"
      text run at (3,1414) width 159: "ipsum sit amet ligula mattis"
      text run at (3,1438) width 158: "porttitor sit amet id felis. Integer"
      text run at (3,1462) width 159: "volutpat aliquam odio et feugiat."
