layer at (0,0) size 800x600
  RenderView at (0,0) size 800x600
layer at (0,0) size 800x58
  RenderBlock {HTML} at (0,0) size 800x58
    RenderBody {BODY} at (8,8) size 784x42
      RenderTextControl {INPUT} at (0,0) size 173x21 [bgcolor=#FFFFFF] [border: (2px inset #EEEEEE)]
        RenderFlexibleBox {DIV} at (2,3) size 169x15
          RenderBlock {DIV} at (0,0) size 151.14x15
          RenderDetailsMarker {DIV} at (151.14,0.83) size 17.86x13.33: down
      RenderText {#text} at (173,1) size 4x17
        text run at (173,1) width 4: " "
      RenderTextControl {INPUT} at (177,0) size 173x21 [bgcolor=#FFFFFF] [border: (2px inset #EEEEEE)]
        RenderFlexibleBox {DIV} at (2,3) size 169x15
          RenderBlock {DIV} at (0,0) size 151.14x15
          RenderDetailsMarker {DIV} at (151.14,0.83) size 17.86x13.33: down
      RenderText {#text} at (350,1) size 4x17
        text run at (350,1) width 4: " "
      RenderBR {BR} at (354,1) size 0x17
      RenderTextControl {INPUT} at (0,21) size 173x21 [color=#545454] [bgcolor=#EBEBE4] [border: (2px inset #EEEEEE)]
        RenderFlexibleBox {DIV} at (2,3) size 169x15
          RenderBlock {DIV} at (0,0) size 151.14x15
      RenderText {#text} at (173,22) size 4x17
        text run at (173,22) width 4: " "
      RenderTextControl {INPUT} at (177,21) size 173x21 [bgcolor=#FFFFFF] [border: (2px inset #EEEEEE)]
        RenderFlexibleBox {DIV} at (2,3) size 169x15
          RenderBlock {DIV} at (0,0) size 151.14x15
      RenderText {#text} at (0,0) size 0x0
      RenderText {#text} at (0,0) size 0x0
layer at (10,11) size 151x15
  RenderBlock {DIV} at (0,0) size 151.14x15
layer at (187,11) size 151x15
  RenderBlock {DIV} at (0,0) size 151.14x15
layer at (10,32) size 151x15
  RenderBlock {DIV} at (0,0) size 151.14x15
layer at (187,32) size 151x15
  RenderBlock {DIV} at (0,0) size 151.14x15
hidden layer at (161,33) size 18x13 transparent
  RenderDetailsMarker {DIV} at (151.14,0.83) size 17.86x13.33: down
hidden layer at (338,33) size 18x13 transparent
  RenderDetailsMarker {DIV} at (151.14,0.83) size 17.86x13.33: down
caret: position 0 of child 0 {DIV} of child 0 {DIV} of child 0 {DIV} of {#document-fragment} of child 3 {INPUT} of body
