CONSOLE WARNING: The 'x-webkit-speech' input field attribute is deprecated. Please use the JavaScript API instead.
layer at (0,0) size 800x600
  RenderView at (0,0) size 800x600
layer at (0,0) size 800x600
  RenderBlock {HTML} at (0,0) size 800x600
    RenderBody {BODY} at (8,8) size 784x584
      RenderBlock {P} at (0,0) size 784x18
        RenderText {#text} at (0,0) size 422x18
          text run at (0,0) width 422: "Test appearances of input-speech-button in <input type='number'>."
      RenderBlock {DIV} at (0,34) size 784x0
      RenderBlock {DIV} at (0,34) size 784x310
        RenderTable {TABLE} at (0,0) size 610x310
          RenderTableSection {TBODY} at (0,0) size 610x310
            RenderTableRow {TR} at (0,2) size 610x306
              RenderTableCell {TD} at (2,2) size 154x306 [r=0 c=0 rs=1 cs=1]
                RenderBlock {DIV} at (1,1) size 152x304
                  RenderTextControl {INPUT} at (0,0) size 98x16 [bgcolor=#FFFFFF] [border: (2px inset #EEEEEE)]
                    RenderFlexibleBox {DIV} at (3,3) size 92x10
                      RenderBlock {DIV} at (0,0) size 79x10
                  RenderBR {BR} at (98,11) size 0x0
                  RenderTextControl {INPUT} at (0,16) size 98x16 [bgcolor=#FFFFFF] [border: (2px inset #EEEEEE)]
                    RenderFlexibleBox {DIV} at (3,3) size 92x10
                      RenderBlock {DIV} at (0,0) size 69x10
                      RenderBlock {DIV} at (69,0) size 10x10
                  RenderBR {BR} at (98,27) size 0x0
                  RenderTextControl {INPUT} at (0,32) size 100x17 [bgcolor=#FFFFFF] [border: (2px inset #EEEEEE)]
                    RenderFlexibleBox {DIV} at (3,3) size 94x11
                      RenderBlock {DIV} at (0,0) size 81x11
                  RenderBR {BR} at (100,44) size 0x0
                  RenderTextControl {INPUT} at (0,49) size 100x17 [bgcolor=#FFFFFF] [border: (2px inset #EEEEEE)]
                    RenderFlexibleBox {DIV} at (3,3) size 94x11
                      RenderBlock {DIV} at (0,0) size 70x11
                      RenderBlock {DIV} at (70,0) size 11x11
                  RenderBR {BR} at (100,61) size 0x0
                  RenderTextControl {INPUT} at (0,66) size 102x18 [bgcolor=#FFFFFF] [border: (2px inset #EEEEEE)]
                    RenderFlexibleBox {DIV} at (3,3) size 96x12
                      RenderBlock {DIV} at (0,0) size 83x12
                  RenderBR {BR} at (102,79) size 0x0
                  RenderTextControl {INPUT} at (0,84) size 102x18 [bgcolor=#FFFFFF] [border: (2px inset #EEEEEE)]
                    RenderFlexibleBox {DIV} at (3,3) size 96x12
                      RenderBlock {DIV} at (0,0) size 71x12
                      RenderBlock {DIV} at (71,0) size 12x12
                  RenderBR {BR} at (102,97) size 0x0
                  RenderTextControl {INPUT} at (2,104) size 123x19 [bgcolor=#FFFFFF] [border: (2px inset #EEEEEE)]
                    RenderFlexibleBox {DIV} at (3,3) size 117x13
                      RenderBlock {DIV} at (0,0) size 104x13
                  RenderBR {BR} at (127,118) size 0x0
                  RenderTextControl {INPUT} at (2,127) size 123x19 [bgcolor=#FFFFFF] [border: (2px inset #EEEEEE)]
                    RenderFlexibleBox {DIV} at (3,3) size 117x13
                      RenderBlock {DIV} at (0,0) size 90x13
                      RenderBlock {DIV} at (90,0) size 14x14
                  RenderBR {BR} at (127,141) size 0x0
                  RenderTextControl {INPUT} at (2,150) size 125x21 [bgcolor=#FFFFFF] [border: (2px inset #EEEEEE)]
                    RenderFlexibleBox {DIV} at (3,3) size 119x15
                      RenderBlock {DIV} at (0,0) size 106x15
                  RenderBR {BR} at (129,165) size 0x0
                  RenderTextControl {INPUT} at (2,175) size 125x21 [bgcolor=#FFFFFF] [border: (2px inset #EEEEEE)]
                    RenderFlexibleBox {DIV} at (3,3) size 119x15
                      RenderBlock {DIV} at (0,0) size 91x15
                      RenderBlock {DIV} at (91,0) size 15x15
                  RenderBR {BR} at (129,190) size 0x0
                  RenderTextControl {INPUT} at (2,200) size 146x22 [bgcolor=#FFFFFF] [border: (2px inset #EEEEEE)]
                    RenderFlexibleBox {DIV} at (3,3) size 140x16
                      RenderBlock {DIV} at (0,0) size 127x16
                  RenderBR {BR} at (150,216) size 0x0
                  RenderTextControl {INPUT} at (2,226) size 146x22 [bgcolor=#FFFFFF] [border: (2px inset #EEEEEE)]
                    RenderFlexibleBox {DIV} at (3,3) size 140x16
                      RenderBlock {DIV} at (0,0) size 111x16
                      RenderBlock {DIV} at (111,0) size 16x16
                  RenderBR {BR} at (150,242) size 0x0
                  RenderTextControl {INPUT} at (2,252) size 148x23 [bgcolor=#FFFFFF] [border: (2px inset #EEEEEE)]
                    RenderFlexibleBox {DIV} at (3,3) size 142x17
                      RenderBlock {DIV} at (0,0) size 129x17
                  RenderBR {BR} at (152,269) size 0x0
                  RenderTextControl {INPUT} at (2,279) size 148x23 [bgcolor=#FFFFFF] [border: (2px inset #EEEEEE)]
                    RenderFlexibleBox {DIV} at (3,3) size 142x17
                      RenderBlock {DIV} at (0,0) size 112x17
                      RenderBlock {DIV} at (112,0) size 17x17
                  RenderBR {BR} at (152,296) size 0x0
              RenderTableCell {TD} at (158,5) size 201x300 [r=0 c=1 rs=1 cs=1]
                RenderBlock {DIV} at (1,1) size 199x298
                  RenderTextControl {INPUT} at (2,2) size 168x24 [bgcolor=#FFFFFF] [border: (2px inset #EEEEEE)]
                    RenderFlexibleBox {DIV} at (3,3) size 162x18
                      RenderBlock {DIV} at (0,0) size 149x18
                  RenderBR {BR} at (172,20) size 0x0
                  RenderTextControl {INPUT} at (2,30) size 168x24 [bgcolor=#FFFFFF] [border: (2px inset #EEEEEE)]
                    RenderFlexibleBox {DIV} at (3,3) size 162x18
                      RenderBlock {DIV} at (0,0) size 131x18
                      RenderBlock {DIV} at (131,0) size 18x18
                  RenderBR {BR} at (172,48) size 0x0
                  RenderTextControl {INPUT} at (2,58) size 170x24 [bgcolor=#FFFFFF] [border: (2px inset #EEEEEE)]
                    RenderFlexibleBox {DIV} at (3,3) size 164x18
                      RenderBlock {DIV} at (0,0) size 151x18
                  RenderBR {BR} at (174,76) size 0x0
                  RenderTextControl {INPUT} at (2,86) size 170x24 [bgcolor=#FFFFFF] [border: (2px inset #EEEEEE)]
                    RenderFlexibleBox {DIV} at (3,3) size 164x18
                      RenderBlock {DIV} at (0,0) size 131x18
                      RenderBlock {DIV} at (131,0) size 20x20
                  RenderBR {BR} at (174,104) size 0x0
                  RenderTextControl {INPUT} at (2,114) size 172x26 [bgcolor=#FFFFFF] [border: (2px inset #EEEEEE)]
                    RenderFlexibleBox {DIV} at (3,3) size 166x20
                      RenderBlock {DIV} at (0,0) size 153x20
                  RenderBR {BR} at (176,133) size 0x0
                  RenderTextControl {INPUT} at (2,144) size 172x26 [bgcolor=#FFFFFF] [border: (2px inset #EEEEEE)]
                    RenderFlexibleBox {DIV} at (3,3) size 166x20
                      RenderBlock {DIV} at (0,0) size 132x20
                      RenderBlock {DIV} at (132,0) size 21x21
                  RenderBR {BR} at (176,163) size 0x0
                  RenderTextControl {INPUT} at (2,174) size 193x27 [bgcolor=#FFFFFF] [border: (2px inset #EEEEEE)]
                    RenderFlexibleBox {DIV} at (3,3) size 187x21
                      RenderBlock {DIV} at (0,0) size 174x21
                  RenderBR {BR} at (197,194) size 0x0
                  RenderTextControl {INPUT} at (2,205) size 193x27 [bgcolor=#FFFFFF] [border: (2px inset #EEEEEE)]
                    RenderFlexibleBox {DIV} at (3,3) size 187x21
                      RenderBlock {DIV} at (0,0) size 152x21
                      RenderBlock {DIV} at (152,0) size 22x22
                  RenderBR {BR} at (197,225) size 0x0
                  RenderTextControl {INPUT} at (2,236) size 195x28 [bgcolor=#FFFFFF] [border: (2px inset #EEEEEE)]
                    RenderFlexibleBox {DIV} at (3,3) size 189x22
                      RenderBlock {DIV} at (0,0) size 176x22
                  RenderBR {BR} at (199,257) size 0x0
                  RenderTextControl {INPUT} at (2,268) size 195x28 [bgcolor=#FFFFFF] [border: (2px inset #EEEEEE)]
                    RenderFlexibleBox {DIV} at (3,3) size 189x22
                      RenderBlock {DIV} at (0,0) size 153x22
                      RenderBlock {DIV} at (153,0) size 23x23
                  RenderBR {BR} at (199,289) size 0x0
              RenderTableCell {TD} at (361,14) size 247x282 [r=0 c=2 rs=1 cs=1]
                RenderBlock {DIV} at (1,1) size 245x280
                  RenderTextControl {INPUT} at (2,2) size 216x29 [bgcolor=#FFFFFF] [border: (2px inset #EEEEEE)]
                    RenderFlexibleBox {DIV} at (3,3) size 210x23
                      RenderBlock {DIV} at (0,0) size 197x23
                  RenderBR {BR} at (220,24) size 0x0
                  RenderTextControl {INPUT} at (2,35) size 216x29 [bgcolor=#FFFFFF] [border: (2px inset #EEEEEE)]
                    RenderFlexibleBox {DIV} at (3,3) size 210x23
                      RenderBlock {DIV} at (0,0) size 172x23
                      RenderBlock {DIV} at (172,0) size 25x25
                  RenderBR {BR} at (220,57) size 0x0
                  RenderTextControl {INPUT} at (2,68) size 218x30 [bgcolor=#FFFFFF] [border: (2px inset #EEEEEE)]
                    RenderFlexibleBox {DIV} at (3,3) size 212x24
                      RenderBlock {DIV} at (0,0) size 199x24
                  RenderBR {BR} at (222,91) size 0x0
                  RenderTextControl {INPUT} at (2,102) size 218x30 [bgcolor=#FFFFFF] [border: (2px inset #EEEEEE)]
                    RenderFlexibleBox {DIV} at (3,3) size 212x24
                      RenderBlock {DIV} at (0,0) size 173x24
                      RenderBlock {DIV} at (173,0) size 26x26
                  RenderBR {BR} at (222,125) size 0x0
                  RenderTextControl {INPUT} at (2,136) size 239x32 [bgcolor=#FFFFFF] [border: (2px inset #EEEEEE)]
                    RenderFlexibleBox {DIV} at (3,3) size 233x26
                      RenderBlock {DIV} at (0,0) size 218x26
                  RenderBR {BR} at (243,160) size 0x0
                  RenderTextControl {INPUT} at (2,172) size 239x32 [bgcolor=#FFFFFF] [border: (2px inset #EEEEEE)]
                    RenderFlexibleBox {DIV} at (3,3) size 233x26
                      RenderBlock {DIV} at (0,0) size 191x26
                      RenderBlock {DIV} at (191,0) size 27x27
                  RenderBR {BR} at (243,196) size 0x0
                  RenderTextControl {INPUT} at (2,208) size 241x33 [bgcolor=#FFFFFF] [border: (2px inset #EEEEEE)]
                    RenderFlexibleBox {DIV} at (3,3) size 235x27
                      RenderBlock {DIV} at (0,0) size 220x27
                  RenderBR {BR} at (245,233) size 0x0
                  RenderTextControl {INPUT} at (2,245) size 241x33 [bgcolor=#FFFFFF] [border: (2px inset #EEEEEE)]
                    RenderFlexibleBox {DIV} at (3,3) size 235x27
                      RenderBlock {DIV} at (0,0) size 192x27
                      RenderBlock {DIV} at (192,0) size 28x28
                  RenderBR {BR} at (245,270) size 0x0
layer at (14,48) size 79x10 scrollWidth 153
  RenderBlock {DIV} at (0,0) size 79x10
    RenderText {#text} at (0,0) size 152x10
      text run at (0,0) width 152: "012345678901234567890123456789"
layer at (14,64) size 69x10 scrollWidth 153
  RenderBlock {DIV} at (0,0) size 69x10
    RenderText {#text} at (0,0) size 152x10
      text run at (0,0) width 152: "012345678901234567890123456789"
layer at (14,80) size 81x11 scrollWidth 172
  RenderBlock {DIV} at (0,0) size 81x11
    RenderText {#text} at (0,0) size 171x11
      text run at (0,0) width 171: "012345678901234567890123456789"
layer at (14,97) size 70x11 scrollWidth 172
  RenderBlock {DIV} at (0,0) size 70x11
    RenderText {#text} at (0,0) size 171x11
      text run at (0,0) width 171: "012345678901234567890123456789"
layer at (14,114) size 83x12 scrollWidth 191
  RenderBlock {DIV} at (0,0) size 83x12
    RenderText {#text} at (0,0) size 190x12
      text run at (0,0) width 190: "012345678901234567890123456789"
layer at (14,132) size 71x12 scrollWidth 191
  RenderBlock {DIV} at (0,0) size 71x12
    RenderText {#text} at (0,0) size 190x12
      text run at (0,0) width 190: "012345678901234567890123456789"
layer at (16,152) size 104x13 scrollWidth 210
  RenderBlock {DIV} at (0,0) size 104x13
    RenderText {#text} at (0,0) size 209x13
      text run at (0,0) width 209: "012345678901234567890123456789"
layer at (16,175) size 90x13 scrollWidth 210
  RenderBlock {DIV} at (0,0) size 90x13
    RenderText {#text} at (0,0) size 209x13
      text run at (0,0) width 209: "012345678901234567890123456789"
layer at (16,198) size 106x15 scrollWidth 229
  RenderBlock {DIV} at (0,0) size 106x15
    RenderText {#text} at (0,0) size 228x15
      text run at (0,0) width 228: "012345678901234567890123456789"
layer at (16,223) size 91x15 scrollWidth 229
  RenderBlock {DIV} at (0,0) size 91x15
    RenderText {#text} at (0,0) size 228x15
      text run at (0,0) width 228: "012345678901234567890123456789"
layer at (16,248) size 127x16 scrollWidth 248
  RenderBlock {DIV} at (0,0) size 127x16
    RenderText {#text} at (0,0) size 247x16
      text run at (0,0) width 247: "012345678901234567890123456789"
layer at (16,274) size 111x16 scrollWidth 248
  RenderBlock {DIV} at (0,0) size 111x16
    RenderText {#text} at (0,0) size 247x16
      text run at (0,0) width 247: "012345678901234567890123456789"
layer at (16,300) size 129x17 scrollWidth 267
  RenderBlock {DIV} at (0,0) size 129x17
    RenderText {#text} at (0,0) size 266x17
      text run at (0,0) width 266: "012345678901234567890123456789"
layer at (16,327) size 112x17 scrollWidth 267
  RenderBlock {DIV} at (0,0) size 112x17
    RenderText {#text} at (0,0) size 266x17
      text run at (0,0) width 266: "012345678901234567890123456789"
layer at (172,53) size 149x18 scrollWidth 286
  RenderBlock {DIV} at (0,0) size 149x18
    RenderText {#text} at (0,0) size 285x18
      text run at (0,0) width 285: "012345678901234567890123456789"
layer at (172,81) size 131x18 scrollWidth 286
  RenderBlock {DIV} at (0,0) size 131x18
    RenderText {#text} at (0,0) size 285x18
      text run at (0,0) width 285: "012345678901234567890123456789"
layer at (172,109) size 151x18 scrollWidth 305
  RenderBlock {DIV} at (0,0) size 151x18
    RenderText {#text} at (0,0) size 304x18
      text run at (0,0) width 304: "012345678901234567890123456789"
layer at (172,137) size 131x18 scrollWidth 305
  RenderBlock {DIV} at (0,0) size 131x18
    RenderText {#text} at (0,0) size 304x18
      text run at (0,0) width 304: "012345678901234567890123456789"
layer at (172,165) size 153x20 scrollWidth 323
  RenderBlock {DIV} at (0,0) size 153x20
    RenderText {#text} at (0,0) size 323x20
      text run at (0,0) width 323: "012345678901234567890123456789"
layer at (172,195) size 132x20 scrollWidth 323
  RenderBlock {DIV} at (0,0) size 132x20
    RenderText {#text} at (0,0) size 323x20
      text run at (0,0) width 323: "012345678901234567890123456789"
layer at (172,225) size 174x21 scrollWidth 342
  RenderBlock {DIV} at (0,0) size 174x21
    RenderText {#text} at (0,0) size 342x21
      text run at (0,0) width 342: "012345678901234567890123456789"
layer at (172,256) size 152x21 scrollWidth 342
  RenderBlock {DIV} at (0,0) size 152x21
    RenderText {#text} at (0,0) size 342x21
      text run at (0,0) width 342: "012345678901234567890123456789"
layer at (172,287) size 176x22 scrollWidth 361
  RenderBlock {DIV} at (0,0) size 176x22
    RenderText {#text} at (0,0) size 361x22
      text run at (0,0) width 361: "012345678901234567890123456789"
layer at (172,319) size 153x22 scrollWidth 361
  RenderBlock {DIV} at (0,0) size 153x22
    RenderText {#text} at (0,0) size 361x22
      text run at (0,0) width 361: "012345678901234567890123456789"
layer at (375,62) size 197x23 scrollWidth 380
  RenderBlock {DIV} at (0,0) size 197x23
    RenderText {#text} at (0,0) size 380x23
      text run at (0,0) width 380: "012345678901234567890123456789"
layer at (375,95) size 172x23 scrollWidth 380
  RenderBlock {DIV} at (0,0) size 172x23
    RenderText {#text} at (0,0) size 380x23
      text run at (0,0) width 380: "012345678901234567890123456789"
layer at (375,128) size 199x24 scrollWidth 399
  RenderBlock {DIV} at (0,0) size 199x24
    RenderText {#text} at (0,0) size 399x24
      text run at (0,0) width 399: "012345678901234567890123456789"
layer at (375,162) size 173x24 scrollWidth 399
  RenderBlock {DIV} at (0,0) size 173x24
    RenderText {#text} at (0,0) size 399x24
      text run at (0,0) width 399: "012345678901234567890123456789"
layer at (375,196) size 218x26 scrollWidth 418
  RenderBlock {DIV} at (0,0) size 218x26
    RenderText {#text} at (0,0) size 418x26
      text run at (0,0) width 418: "012345678901234567890123456789"
layer at (375,232) size 191x26 scrollWidth 418
  RenderBlock {DIV} at (0,0) size 191x26
    RenderText {#text} at (0,0) size 418x26
      text run at (0,0) width 418: "012345678901234567890123456789"
layer at (375,268) size 220x27 scrollWidth 437
  RenderBlock {DIV} at (0,0) size 220x27
    RenderText {#text} at (0,0) size 437x27
      text run at (0,0) width 437: "012345678901234567890123456789"
layer at (375,305) size 192x27 scrollWidth 437
  RenderBlock {DIV} at (0,0) size 192x27
    RenderText {#text} at (0,0) size 437x27
      text run at (0,0) width 437: "012345678901234567890123456789"
layer at (93,46) size 13x15 transparent
  RenderBlock {DIV} at (79,-2.50) size 13x15
layer at (93,62) size 13x15 transparent
  RenderBlock {DIV} at (79,-2.50) size 13x15
layer at (95,78) size 13x15 transparent
  RenderBlock {DIV} at (81,-2) size 13x15
layer at (95,95) size 13x15 transparent
  RenderBlock {DIV} at (81,-2) size 13x15
layer at (97,113) size 13x15 transparent
  RenderBlock {DIV} at (83,-1.50) size 13x15
layer at (97,131) size 13x15 transparent
  RenderBlock {DIV} at (83,-1.50) size 13x15
layer at (120,151) size 13x15 transparent
  RenderBlock {DIV} at (104,-1) size 13x15
layer at (120,174) size 13x15 transparent
  RenderBlock {DIV} at (104,-1) size 13x15
layer at (122,198) size 13x15 transparent
  RenderBlock {DIV} at (106,0) size 13x15
layer at (122,223) size 13x15 transparent
  RenderBlock {DIV} at (106,0) size 13x15
layer at (143,249) size 13x15 transparent
  RenderBlock {DIV} at (127,0.50) size 13x15
layer at (143,275) size 13x15 transparent
  RenderBlock {DIV} at (127,0.50) size 13x15
layer at (145,301) size 13x15 transparent
  RenderBlock {DIV} at (129,1) size 13x15
layer at (145,328) size 13x15 transparent
  RenderBlock {DIV} at (129,1) size 13x15
layer at (321,55) size 13x15 transparent
  RenderBlock {DIV} at (149,1.50) size 13x15
layer at (321,83) size 13x15 transparent
  RenderBlock {DIV} at (149,1.50) size 13x15
layer at (323,111) size 13x15 transparent
  RenderBlock {DIV} at (151,1.50) size 13x15
layer at (323,139) size 13x15 transparent
  RenderBlock {DIV} at (151,1.50) size 13x15
layer at (325,168) size 13x15 transparent
  RenderBlock {DIV} at (153,2.50) size 13x15
layer at (325,198) size 13x15 transparent
  RenderBlock {DIV} at (153,2.50) size 13x15
layer at (346,228) size 13x15 transparent
  RenderBlock {DIV} at (174,3) size 13x15
layer at (346,259) size 13x15 transparent
  RenderBlock {DIV} at (174,3) size 13x15
layer at (348,291) size 13x15 transparent
  RenderBlock {DIV} at (176,3.50) size 13x15
layer at (348,323) size 13x15 transparent
  RenderBlock {DIV} at (176,3.50) size 13x15
layer at (572,66) size 13x15 transparent
  RenderBlock {DIV} at (197,4) size 13x15
layer at (572,99) size 13x15 transparent
  RenderBlock {DIV} at (197,4) size 13x15
layer at (574,133) size 13x15 transparent
  RenderBlock {DIV} at (199,4.50) size 13x15
layer at (574,167) size 13x15 transparent
  RenderBlock {DIV} at (199,4.50) size 13x15
layer at (593,198) size 15x22 transparent
  RenderBlock {DIV} at (218,2) size 15x22
layer at (593,234) size 15x22 transparent
  RenderBlock {DIV} at (218,2) size 15x22
layer at (595,271) size 15x22 transparent
  RenderBlock {DIV} at (220,2.50) size 15x22
layer at (595,308) size 15x22 transparent
  RenderBlock {DIV} at (220,2.50) size 15x22
