layer at (0,0) size 800x600
  RenderView at (0,0) size 800x600
layer at (0,0) size 800x600
  RenderBlock {HTML} at (0,0) size 800x600
    RenderBody {BODY} at (8,8) size 784x584
      RenderBlock {P} at (0,0) size 784x18
        RenderText {#text} at (0,0) size 414x18
          text run at (0,0) width 414: "Test appearances of input-speech-button in <input type='search'>."
      RenderBlock {DIV} at (0,34) size 784x0
      RenderBlock {DIV} at (0,34) size 784x417
        RenderTable {TABLE} at (0,0) size 451x417
          RenderTableSection {TBODY} at (0,0) size 451x417
            RenderTableRow {TR} at (0,2) size 451x413
              RenderTableCell {TD} at (2,2) size 131x413 [r=0 c=0 rs=1 cs=1]
                RenderBlock {DIV} at (1,1) size 129x411
                  RenderTextControl {INPUT} at (0,0) size 100x15 [bgcolor=#FFFFFF] [border: (2px inset #EEEEEE)]
                    RenderFlexibleBox {DIV} at (3,2) size 94x11
                      RenderBlock {DIV} at (0,5.50) size 4x0
                      RenderBlock {DIV} at (4,0) size 69x11
                      RenderBlock {DIV} at (83,0) size 11x11
                  RenderBR {BR} at (100,11) size 0x0
                  RenderTextControl {INPUT} at (0,15) size 100x15 [bgcolor=#FFFFFF] [border: (2px inset #EEEEEE)]
                    RenderFlexibleBox {DIV} at (3,2) size 94x11
                      RenderBlock {DIV} at (0,5.50) size 4x0
                      RenderBlock {DIV} at (4,0) size 80x11
                      RenderBlock {DIV} at (85,1) size 9x9
                  RenderBR {BR} at (100,26) size 0x0
                  RenderTextControl {INPUT} at (0,30) size 100x15 [bgcolor=#FFFFFF] [border: (2px inset #EEEEEE)]
                    RenderFlexibleBox {DIV} at (3,2) size 94x11
                      RenderBlock {DIV} at (0,5.50) size 4x0
                      RenderBlock {DIV} at (4,0) size 69x11
                      RenderBlock {DIV} at (74,1) size 9x9
                      RenderBlock {DIV} at (83,0) size 11x11
                  RenderBR {BR} at (100,41) size 0x0
                  RenderTextControl {INPUT} at (0,45) size 100x15 [bgcolor=#FFFFFF] [border: (2px inset #EEEEEE)]
                    RenderFlexibleBox {DIV} at (3,2) size 94x11
                      RenderBlock {DIV} at (0,5.50) size 4x0
                      RenderBlock {DIV} at (4,0) size 69x11
                      RenderBlock {DIV} at (83,0) size 11x11
                  RenderBR {BR} at (100,56) size 0x0
                  RenderTextControl {INPUT} at (0,60) size 100x15 [bgcolor=#FFFFFF] [border: (2px inset #EEEEEE)]
                    RenderFlexibleBox {DIV} at (3,2) size 94x11
                      RenderBlock {DIV} at (0,5.50) size 4x0
                      RenderBlock {DIV} at (4,0) size 80x11
                      RenderBlock {DIV} at (85,1) size 9x9
                  RenderBR {BR} at (100,71) size 0x0
                  RenderTextControl {INPUT} at (0,75) size 100x15 [bgcolor=#FFFFFF] [border: (2px inset #EEEEEE)]
                    RenderFlexibleBox {DIV} at (3,2) size 94x11
                      RenderBlock {DIV} at (0,5.50) size 4x0
                      RenderBlock {DIV} at (4,0) size 69x11
                      RenderBlock {DIV} at (74,1) size 9x9
                      RenderBlock {DIV} at (83,0) size 11x11
                  RenderBR {BR} at (100,86) size 0x0
                  RenderTextControl {INPUT} at (0,90) size 100x15 [bgcolor=#FFFFFF] [border: (2px inset #EEEEEE)]
                    RenderFlexibleBox {DIV} at (3,2) size 94x11
                      RenderBlock {DIV} at (0,5.50) size 4x0
                      RenderBlock {DIV} at (4,0) size 69x11
                      RenderBlock {DIV} at (83,0) size 11x11
                  RenderBR {BR} at (100,101) size 0x0
                  RenderTextControl {INPUT} at (0,105) size 100x15 [bgcolor=#FFFFFF] [border: (2px inset #EEEEEE)]
                    RenderFlexibleBox {DIV} at (3,2) size 94x11
                      RenderBlock {DIV} at (0,5.50) size 4x0
                      RenderBlock {DIV} at (4,0) size 80x11
                      RenderBlock {DIV} at (85,1) size 9x9
                  RenderBR {BR} at (100,116) size 0x0
                  RenderTextControl {INPUT} at (0,120) size 100x15 [bgcolor=#FFFFFF] [border: (2px inset #EEEEEE)]
                    RenderFlexibleBox {DIV} at (3,2) size 94x11
                      RenderBlock {DIV} at (0,5.50) size 4x0
                      RenderBlock {DIV} at (4,0) size 69x11
                      RenderBlock {DIV} at (74,1) size 9x9
                      RenderBlock {DIV} at (83,0) size 11x11
                  RenderBR {BR} at (100,131) size 0x0
                  RenderTextControl {INPUT} at (2,137) size 125x19 [bgcolor=#FFFFFF] [border: (2px inset #EEEEEE)]
                    RenderFlexibleBox {DIV} at (4,2.50) size 117x14
                      RenderBlock {DIV} at (0,7) size 5x0
                      RenderBlock {DIV} at (5,0.50) size 86x13
                      RenderBlock {DIV} at (103,0) size 14x14
                  RenderBR {BR} at (129,150) size 0x0
                  RenderTextControl {INPUT} at (2,160) size 125x19 [bgcolor=#FFFFFF] [border: (2px inset #EEEEEE)]
                    RenderFlexibleBox {DIV} at (4,3) size 117x13
                      RenderBlock {DIV} at (0,6.50) size 5x0
                      RenderBlock {DIV} at (5,0) size 100x13
                      RenderBlock {DIV} at (106,1) size 11x11
                  RenderBR {BR} at (129,174) size 0x0
                  RenderTextControl {INPUT} at (2,183) size 125x19 [bgcolor=#FFFFFF] [border: (2px inset #EEEEEE)]
                    RenderFlexibleBox {DIV} at (4,2.50) size 117x14
                      RenderBlock {DIV} at (0,7) size 5x0
                      RenderBlock {DIV} at (5,0.50) size 86x13
                      RenderBlock {DIV} at (92,1.50) size 11x11
                      RenderBlock {DIV} at (103,0) size 14x14
                  RenderBR {BR} at (129,196) size 0x0
                  RenderTextControl {INPUT} at (2,206) size 125x19 [bgcolor=#FFFFFF] [border: (2px inset #EEEEEE)]
                    RenderFlexibleBox {DIV} at (4,2.50) size 117x14
                      RenderBlock {DIV} at (0,7) size 5x0
                      RenderBlock {DIV} at (5,0.50) size 86x13
                      RenderBlock {DIV} at (103,0) size 14x14
                  RenderBR {BR} at (129,219) size 0x0
                  RenderTextControl {INPUT} at (2,229) size 125x19 [bgcolor=#FFFFFF] [border: (2px inset #EEEEEE)]
                    RenderFlexibleBox {DIV} at (4,3) size 117x13
                      RenderBlock {DIV} at (0,6.50) size 5x0
                      RenderBlock {DIV} at (5,0) size 100x13
                      RenderBlock {DIV} at (106,1) size 11x11
                  RenderBR {BR} at (129,243) size 0x0
                  RenderTextControl {INPUT} at (2,252) size 125x19 [bgcolor=#FFFFFF] [border: (2px inset #EEEEEE)]
                    RenderFlexibleBox {DIV} at (4,2.50) size 117x14
                      RenderBlock {DIV} at (0,7) size 5x0
                      RenderBlock {DIV} at (5,0.50) size 86x13
                      RenderBlock {DIV} at (92,1.50) size 11x11
                      RenderBlock {DIV} at (103,0) size 14x14
                  RenderBR {BR} at (129,265) size 0x0
                  RenderTextControl {INPUT} at (2,275) size 125x19 [bgcolor=#FFFFFF] [border: (2px inset #EEEEEE)]
                    RenderFlexibleBox {DIV} at (4,2.50) size 117x14
                      RenderBlock {DIV} at (0,7) size 5x0
                      RenderBlock {DIV} at (5,0.50) size 86x13
                      RenderBlock {DIV} at (103,0) size 14x14
                  RenderBR {BR} at (129,288) size 0x0
                  RenderTextControl {INPUT} at (2,298) size 125x19 [bgcolor=#FFFFFF] [border: (2px inset #EEEEEE)]
                    RenderFlexibleBox {DIV} at (4,3) size 117x13
                      RenderBlock {DIV} at (0,6.50) size 5x0
                      RenderBlock {DIV} at (5,0) size 100x13
                      RenderBlock {DIV} at (106,1) size 11x11
                  RenderBR {BR} at (129,312) size 0x0
                  RenderTextControl {INPUT} at (2,321) size 125x19 [bgcolor=#FFFFFF] [border: (2px inset #EEEEEE)]
                    RenderFlexibleBox {DIV} at (4,2.50) size 117x14
                      RenderBlock {DIV} at (0,7) size 5x0
                      RenderBlock {DIV} at (5,0.50) size 86x13
                      RenderBlock {DIV} at (92,1.50) size 11x11
                      RenderBlock {DIV} at (103,0) size 14x14
                  RenderBR {BR} at (129,334) size 0x0
                  RenderTextControl {INPUT} at (2,344) size 125x19 [bgcolor=#FFFFFF] [border: (2px inset #EEEEEE)]
                    RenderFlexibleBox {DIV} at (4,2.50) size 117x14
                      RenderBlock {DIV} at (0,7) size 5x0
                      RenderBlock {DIV} at (5,0.50) size 86x13
                      RenderBlock {DIV} at (103,0) size 14x14
                  RenderBR {BR} at (129,357) size 0x0
                  RenderTextControl {INPUT} at (2,367) size 125x19 [bgcolor=#FFFFFF] [border: (2px inset #EEEEEE)]
                    RenderFlexibleBox {DIV} at (4,3) size 117x13
                      RenderBlock {DIV} at (0,6.50) size 5x0
                      RenderBlock {DIV} at (5,0) size 100x13
                      RenderBlock {DIV} at (106,1) size 11x11
                  RenderBR {BR} at (129,381) size 0x0
                  RenderTextControl {INPUT} at (2,390) size 125x19 [bgcolor=#FFFFFF] [border: (2px inset #EEEEEE)]
                    RenderFlexibleBox {DIV} at (4,2.50) size 117x14
                      RenderBlock {DIV} at (0,7) size 5x0
                      RenderBlock {DIV} at (5,0.50) size 86x13
                      RenderBlock {DIV} at (92,1.50) size 11x11
                      RenderBlock {DIV} at (103,0) size 14x14
                  RenderBR {BR} at (129,403) size 0x0
              RenderTableCell {TD} at (135,17) size 156x383 [r=0 c=1 rs=1 cs=1]
                RenderBlock {DIV} at (1,1) size 154x381
                  RenderTextControl {INPUT} at (2,2) size 125x19 [bgcolor=#FFFFFF] [border: (2px inset #EEEEEE)]
                    RenderFlexibleBox {DIV} at (4,2.50) size 117x14
                      RenderBlock {DIV} at (0,7) size 5x0
                      RenderBlock {DIV} at (5,0.50) size 86x13
                      RenderBlock {DIV} at (103,0) size 14x14
                  RenderBR {BR} at (129,15) size 0x0
                  RenderTextControl {INPUT} at (2,25) size 125x19 [bgcolor=#FFFFFF] [border: (2px inset #EEEEEE)]
                    RenderFlexibleBox {DIV} at (4,3) size 117x13
                      RenderBlock {DIV} at (0,6.50) size 5x0
                      RenderBlock {DIV} at (5,0) size 100x13
                      RenderBlock {DIV} at (106,1) size 11x11
                  RenderBR {BR} at (129,39) size 0x0
                  RenderTextControl {INPUT} at (2,48) size 125x19 [bgcolor=#FFFFFF] [border: (2px inset #EEEEEE)]
                    RenderFlexibleBox {DIV} at (4,2.50) size 117x14
                      RenderBlock {DIV} at (0,7) size 5x0
                      RenderBlock {DIV} at (5,0.50) size 86x13
                      RenderBlock {DIV} at (92,1.50) size 11x11
                      RenderBlock {DIV} at (103,0) size 14x14
                  RenderBR {BR} at (129,61) size 0x0
                  RenderTextControl {INPUT} at (2,71) size 150x22 [bgcolor=#FFFFFF] [border: (2px inset #EEEEEE)]
                    RenderFlexibleBox {DIV} at (5,3) size 140x16
                      RenderBlock {DIV} at (0,8) size 6x0
                      RenderBlock {DIV} at (6,0) size 103x16
                      RenderBlock {DIV} at (124,0) size 16x16
                  RenderBR {BR} at (154,87) size 0x0
                  RenderTextControl {INPUT} at (2,97) size 150x22 [bgcolor=#FFFFFF] [border: (2px inset #EEEEEE)]
                    RenderFlexibleBox {DIV} at (5,3) size 140x16
                      RenderBlock {DIV} at (0,8) size 6x0
                      RenderBlock {DIV} at (6,0) size 119x16
                      RenderBlock {DIV} at (126,1) size 14x14
                  RenderBR {BR} at (154,113) size 0x0
                  RenderTextControl {INPUT} at (2,123) size 150x22 [bgcolor=#FFFFFF] [border: (2px inset #EEEEEE)]
                    RenderFlexibleBox {DIV} at (5,3) size 140x16
                      RenderBlock {DIV} at (0,8) size 6x0
                      RenderBlock {DIV} at (6,0) size 103x16
                      RenderBlock {DIV} at (110,1) size 14x14
                      RenderBlock {DIV} at (124,0) size 16x16
                  RenderBR {BR} at (154,139) size 0x0
                  RenderTextControl {INPUT} at (2,149) size 150x22 [bgcolor=#FFFFFF] [border: (2px inset #EEEEEE)]
                    RenderFlexibleBox {DIV} at (5,3) size 140x16
                      RenderBlock {DIV} at (0,8) size 6x0
                      RenderBlock {DIV} at (6,0) size 103x16
                      RenderBlock {DIV} at (124,0) size 16x16
                  RenderBR {BR} at (154,165) size 0x0
                  RenderTextControl {INPUT} at (2,175) size 150x22 [bgcolor=#FFFFFF] [border: (2px inset #EEEEEE)]
                    RenderFlexibleBox {DIV} at (5,3) size 140x16
                      RenderBlock {DIV} at (0,8) size 6x0
                      RenderBlock {DIV} at (6,0) size 119x16
                      RenderBlock {DIV} at (126,1) size 14x14
                  RenderBR {BR} at (154,191) size 0x0
                  RenderTextControl {INPUT} at (2,201) size 150x22 [bgcolor=#FFFFFF] [border: (2px inset #EEEEEE)]
                    RenderFlexibleBox {DIV} at (5,3) size 140x16
                      RenderBlock {DIV} at (0,8) size 6x0
                      RenderBlock {DIV} at (6,0) size 103x16
                      RenderBlock {DIV} at (110,1) size 14x14
                      RenderBlock {DIV} at (124,0) size 16x16
                  RenderBR {BR} at (154,217) size 0x0
                  RenderTextControl {INPUT} at (2,227) size 150x22 [bgcolor=#FFFFFF] [border: (2px inset #EEEEEE)]
                    RenderFlexibleBox {DIV} at (5,3) size 140x16
                      RenderBlock {DIV} at (0,8) size 6x0
                      RenderBlock {DIV} at (6,0) size 103x16
                      RenderBlock {DIV} at (124,0) size 16x16
                  RenderBR {BR} at (154,243) size 0x0
                  RenderTextControl {INPUT} at (2,253) size 150x22 [bgcolor=#FFFFFF] [border: (2px inset #EEEEEE)]
                    RenderFlexibleBox {DIV} at (5,3) size 140x16
                      RenderBlock {DIV} at (0,8) size 6x0
                      RenderBlock {DIV} at (6,0) size 119x16
                      RenderBlock {DIV} at (126,1) size 14x14
                  RenderBR {BR} at (154,269) size 0x0
                  RenderTextControl {INPUT} at (2,279) size 150x22 [bgcolor=#FFFFFF] [border: (2px inset #EEEEEE)]
                    RenderFlexibleBox {DIV} at (5,3) size 140x16
                      RenderBlock {DIV} at (0,8) size 6x0
                      RenderBlock {DIV} at (6,0) size 103x16
                      RenderBlock {DIV} at (110,1) size 14x14
                      RenderBlock {DIV} at (124,0) size 16x16
                  RenderBR {BR} at (154,295) size 0x0
                  RenderTextControl {INPUT} at (2,305) size 150x22 [bgcolor=#FFFFFF] [border: (2px inset #EEEEEE)]
                    RenderFlexibleBox {DIV} at (5,3) size 140x16
                      RenderBlock {DIV} at (0,8) size 6x0
                      RenderBlock {DIV} at (6,0) size 103x16
                      RenderBlock {DIV} at (124,0) size 16x16
                  RenderBR {BR} at (154,321) size 0x0
                  RenderTextControl {INPUT} at (2,331) size 150x22 [bgcolor=#FFFFFF] [border: (2px inset #EEEEEE)]
                    RenderFlexibleBox {DIV} at (5,3) size 140x16
                      RenderBlock {DIV} at (0,8) size 6x0
                      RenderBlock {DIV} at (6,0) size 119x16
                      RenderBlock {DIV} at (126,1) size 14x14
                  RenderBR {BR} at (154,347) size 0x0
                  RenderTextControl {INPUT} at (2,357) size 150x22 [bgcolor=#FFFFFF] [border: (2px inset #EEEEEE)]
                    RenderFlexibleBox {DIV} at (5,3) size 140x16
                      RenderBlock {DIV} at (0,8) size 6x0
                      RenderBlock {DIV} at (6,0) size 103x16
                      RenderBlock {DIV} at (110,1) size 14x14
                      RenderBlock {DIV} at (124,0) size 16x16
                  RenderBR {BR} at (154,373) size 0x0
              RenderTableCell {TD} at (293,51) size 156x314 [r=0 c=2 rs=1 cs=1]
                RenderBlock {DIV} at (1,1) size 154x312
                  RenderTextControl {INPUT} at (2,2) size 150x22 [bgcolor=#FFFFFF] [border: (2px inset #EEEEEE)]
                    RenderFlexibleBox {DIV} at (5,3) size 140x16
                      RenderBlock {DIV} at (0,8) size 6x0
                      RenderBlock {DIV} at (6,0) size 103x16
                      RenderBlock {DIV} at (124,0) size 16x16
                  RenderBR {BR} at (154,18) size 0x0
                  RenderTextControl {INPUT} at (2,28) size 150x22 [bgcolor=#FFFFFF] [border: (2px inset #EEEEEE)]
                    RenderFlexibleBox {DIV} at (5,3) size 140x16
                      RenderBlock {DIV} at (0,8) size 6x0
                      RenderBlock {DIV} at (6,0) size 119x16
                      RenderBlock {DIV} at (126,1) size 14x14
                  RenderBR {BR} at (154,44) size 0x0
                  RenderTextControl {INPUT} at (2,54) size 150x22 [bgcolor=#FFFFFF] [border: (2px inset #EEEEEE)]
                    RenderFlexibleBox {DIV} at (5,3) size 140x16
                      RenderBlock {DIV} at (0,8) size 6x0
                      RenderBlock {DIV} at (6,0) size 103x16
                      RenderBlock {DIV} at (110,1) size 14x14
                      RenderBlock {DIV} at (124,0) size 16x16
                  RenderBR {BR} at (154,70) size 0x0
                  RenderTextControl {INPUT} at (2,80) size 150x22 [bgcolor=#FFFFFF] [border: (2px inset #EEEEEE)]
                    RenderFlexibleBox {DIV} at (5,3) size 140x16
                      RenderBlock {DIV} at (0,8) size 6x0
                      RenderBlock {DIV} at (6,0) size 103x16
                      RenderBlock {DIV} at (124,0) size 16x16
                  RenderBR {BR} at (154,96) size 0x0
                  RenderTextControl {INPUT} at (2,106) size 150x22 [bgcolor=#FFFFFF] [border: (2px inset #EEEEEE)]
                    RenderFlexibleBox {DIV} at (5,3) size 140x16
                      RenderBlock {DIV} at (0,8) size 6x0
                      RenderBlock {DIV} at (6,0) size 119x16
                      RenderBlock {DIV} at (126,1) size 14x14
                  RenderBR {BR} at (154,122) size 0x0
                  RenderTextControl {INPUT} at (2,132) size 150x22 [bgcolor=#FFFFFF] [border: (2px inset #EEEEEE)]
                    RenderFlexibleBox {DIV} at (5,3) size 140x16
                      RenderBlock {DIV} at (0,8) size 6x0
                      RenderBlock {DIV} at (6,0) size 103x16
                      RenderBlock {DIV} at (110,1) size 14x14
                      RenderBlock {DIV} at (124,0) size 16x16
                  RenderBR {BR} at (154,148) size 0x0
                  RenderTextControl {INPUT} at (2,158) size 150x22 [bgcolor=#FFFFFF] [border: (2px inset #EEEEEE)]
                    RenderFlexibleBox {DIV} at (5,3) size 140x16
                      RenderBlock {DIV} at (0,8) size 6x0
                      RenderBlock {DIV} at (6,0) size 103x16
                      RenderBlock {DIV} at (124,0) size 16x16
                  RenderBR {BR} at (154,174) size 0x0
                  RenderTextControl {INPUT} at (2,184) size 150x22 [bgcolor=#FFFFFF] [border: (2px inset #EEEEEE)]
                    RenderFlexibleBox {DIV} at (5,3) size 140x16
                      RenderBlock {DIV} at (0,8) size 6x0
                      RenderBlock {DIV} at (6,0) size 119x16
                      RenderBlock {DIV} at (126,1) size 14x14
                  RenderBR {BR} at (154,200) size 0x0
                  RenderTextControl {INPUT} at (2,210) size 150x22 [bgcolor=#FFFFFF] [border: (2px inset #EEEEEE)]
                    RenderFlexibleBox {DIV} at (5,3) size 140x16
                      RenderBlock {DIV} at (0,8) size 6x0
                      RenderBlock {DIV} at (6,0) size 103x16
                      RenderBlock {DIV} at (110,1) size 14x14
                      RenderBlock {DIV} at (124,0) size 16x16
                  RenderBR {BR} at (154,226) size 0x0
                  RenderTextControl {INPUT} at (2,236) size 150x22 [bgcolor=#FFFFFF] [border: (2px inset #EEEEEE)]
                    RenderFlexibleBox {DIV} at (5,3) size 140x16
                      RenderBlock {DIV} at (0,8) size 6x0
                      RenderBlock {DIV} at (6,0) size 103x16
                      RenderBlock {DIV} at (124,0) size 16x16
                  RenderBR {BR} at (154,252) size 0x0
                  RenderTextControl {INPUT} at (2,262) size 150x22 [bgcolor=#FFFFFF] [border: (2px inset #EEEEEE)]
                    RenderFlexibleBox {DIV} at (5,3) size 140x16
                      RenderBlock {DIV} at (0,8) size 6x0
                      RenderBlock {DIV} at (6,0) size 119x16
                      RenderBlock {DIV} at (126,1) size 14x14
                  RenderBR {BR} at (154,278) size 0x0
                  RenderTextControl {INPUT} at (2,288) size 150x22 [bgcolor=#FFFFFF] [border: (2px inset #EEEEEE)]
                    RenderFlexibleBox {DIV} at (5,3) size 140x16
                      RenderBlock {DIV} at (0,8) size 6x0
                      RenderBlock {DIV} at (6,0) size 103x16
                      RenderBlock {DIV} at (110,1) size 14x14
                      RenderBlock {DIV} at (124,0) size 16x16
                  RenderBR {BR} at (154,304) size 0x0
layer at (18,47) size 69x11
  RenderBlock {DIV} at (0,0) size 69x11
layer at (18,62) size 80x11 scrollWidth 172
  RenderBlock {DIV} at (0,0) size 80x11
    RenderText {#text} at (0,0) size 171x11
      text run at (0,0) width 171: "012345678901234567890123456789"
layer at (18,77) size 69x11 scrollWidth 172
  RenderBlock {DIV} at (0,0) size 69x11
    RenderText {#text} at (0,0) size 171x11
      text run at (0,0) width 171: "012345678901234567890123456789"
layer at (18,92) size 69x11
  RenderBlock {DIV} at (0,0) size 69x11
layer at (18,107) size 80x11 scrollWidth 172
  RenderBlock {DIV} at (0,0) size 80x11
    RenderText {#text} at (0,0) size 171x11
      text run at (0,0) width 171: "012345678901234567890123456789"
layer at (18,122) size 69x11 scrollWidth 172
  RenderBlock {DIV} at (0,0) size 69x11
    RenderText {#text} at (0,0) size 171x11
      text run at (0,0) width 171: "012345678901234567890123456789"
layer at (18,137) size 69x11
  RenderBlock {DIV} at (0,0) size 69x11
layer at (18,152) size 80x11 scrollWidth 172
  RenderBlock {DIV} at (0,0) size 80x11
    RenderText {#text} at (0,0) size 171x11
      text run at (0,0) width 171: "012345678901234567890123456789"
layer at (18,167) size 69x11 scrollWidth 172
  RenderBlock {DIV} at (0,0) size 69x11
    RenderText {#text} at (0,0) size 171x11
      text run at (0,0) width 171: "012345678901234567890123456789"
layer at (22,185) size 86x13
  RenderBlock {DIV} at (0,0) size 86x13
layer at (22,208) size 100x13 scrollWidth 210
  RenderBlock {DIV} at (0,0) size 100x13
    RenderText {#text} at (0,0) size 209x13
      text run at (0,0) width 209: "012345678901234567890123456789"
layer at (22,231) size 86x13 scrollWidth 210
  RenderBlock {DIV} at (0,0) size 86x13
    RenderText {#text} at (0,0) size 209x13
      text run at (0,0) width 209: "012345678901234567890123456789"
layer at (22,254) size 86x13
  RenderBlock {DIV} at (0,0) size 86x13
layer at (22,277) size 100x13 scrollWidth 210
  RenderBlock {DIV} at (0,0) size 100x13
    RenderText {#text} at (0,0) size 209x13
      text run at (0,0) width 209: "012345678901234567890123456789"
layer at (22,300) size 86x13 scrollWidth 210
  RenderBlock {DIV} at (0,0) size 86x13
    RenderText {#text} at (0,0) size 209x13
      text run at (0,0) width 209: "012345678901234567890123456789"
layer at (22,323) size 86x13
  RenderBlock {DIV} at (0,0) size 86x13
layer at (22,346) size 100x13 scrollWidth 210
  RenderBlock {DIV} at (0,0) size 100x13
    RenderText {#text} at (0,0) size 209x13
      text run at (0,0) width 209: "012345678901234567890123456789"
layer at (22,369) size 86x13 scrollWidth 210
  RenderBlock {DIV} at (0,0) size 86x13
    RenderText {#text} at (0,0) size 209x13
      text run at (0,0) width 209: "012345678901234567890123456789"
layer at (22,392) size 86x13
  RenderBlock {DIV} at (0,0) size 86x13
layer at (22,415) size 100x13 scrollWidth 210
  RenderBlock {DIV} at (0,0) size 100x13
    RenderText {#text} at (0,0) size 209x13
      text run at (0,0) width 209: "012345678901234567890123456789"
layer at (22,438) size 86x13 scrollWidth 210
  RenderBlock {DIV} at (0,0) size 86x13
    RenderText {#text} at (0,0) size 209x13
      text run at (0,0) width 209: "012345678901234567890123456789"
layer at (155,65) size 86x13
  RenderBlock {DIV} at (0,0) size 86x13
layer at (155,88) size 100x13 scrollWidth 210
  RenderBlock {DIV} at (0,0) size 100x13
    RenderText {#text} at (0,0) size 209x13
      text run at (0,0) width 209: "012345678901234567890123456789"
layer at (155,111) size 86x13 scrollWidth 210
  RenderBlock {DIV} at (0,0) size 86x13
    RenderText {#text} at (0,0) size 209x13
      text run at (0,0) width 209: "012345678901234567890123456789"
layer at (157,134) size 103x16
  RenderBlock {DIV} at (0,0) size 103x16
layer at (157,160) size 119x16 scrollWidth 248
  RenderBlock {DIV} at (0,0) size 119x16
    RenderText {#text} at (0,0) size 247x16
      text run at (0,0) width 247: "012345678901234567890123456789"
layer at (157,186) size 103x16 scrollWidth 248
  RenderBlock {DIV} at (0,0) size 103x16
    RenderText {#text} at (0,0) size 247x16
      text run at (0,0) width 247: "012345678901234567890123456789"
layer at (157,212) size 103x16
  RenderBlock {DIV} at (0,0) size 103x16
layer at (157,238) size 119x16 scrollWidth 248
  RenderBlock {DIV} at (0,0) size 119x16
    RenderText {#text} at (0,0) size 247x16
      text run at (0,0) width 247: "012345678901234567890123456789"
layer at (157,264) size 103x16 scrollWidth 248
  RenderBlock {DIV} at (0,0) size 103x16
    RenderText {#text} at (0,0) size 247x16
      text run at (0,0) width 247: "012345678901234567890123456789"
layer at (157,290) size 103x16
  RenderBlock {DIV} at (0,0) size 103x16
layer at (157,316) size 119x16 scrollWidth 248
  RenderBlock {DIV} at (0,0) size 119x16
    RenderText {#text} at (0,0) size 247x16
      text run at (0,0) width 247: "012345678901234567890123456789"
layer at (157,342) size 103x16 scrollWidth 248
  RenderBlock {DIV} at (0,0) size 103x16
    RenderText {#text} at (0,0) size 247x16
      text run at (0,0) width 247: "012345678901234567890123456789"
layer at (157,368) size 103x16
  RenderBlock {DIV} at (0,0) size 103x16
layer at (157,394) size 119x16 scrollWidth 248
  RenderBlock {DIV} at (0,0) size 119x16
    RenderText {#text} at (0,0) size 247x16
      text run at (0,0) width 247: "012345678901234567890123456789"
layer at (157,420) size 103x16 scrollWidth 248
  RenderBlock {DIV} at (0,0) size 103x16
    RenderText {#text} at (0,0) size 247x16
      text run at (0,0) width 247: "012345678901234567890123456789"
layer at (315,99) size 103x16
  RenderBlock {DIV} at (0,0) size 103x16
layer at (315,125) size 119x16 scrollWidth 248
  RenderBlock {DIV} at (0,0) size 119x16
    RenderText {#text} at (0,0) size 247x16
      text run at (0,0) width 247: "012345678901234567890123456789"
layer at (315,151) size 103x16 scrollWidth 248
  RenderBlock {DIV} at (0,0) size 103x16
    RenderText {#text} at (0,0) size 247x16
      text run at (0,0) width 247: "012345678901234567890123456789"
layer at (315,177) size 103x16
  RenderBlock {DIV} at (0,0) size 103x16
layer at (315,203) size 119x16 scrollWidth 248
  RenderBlock {DIV} at (0,0) size 119x16
    RenderText {#text} at (0,0) size 247x16
      text run at (0,0) width 247: "012345678901234567890123456789"
layer at (315,229) size 103x16 scrollWidth 248
  RenderBlock {DIV} at (0,0) size 103x16
    RenderText {#text} at (0,0) size 247x16
      text run at (0,0) width 247: "012345678901234567890123456789"
layer at (315,255) size 103x16
  RenderBlock {DIV} at (0,0) size 103x16
layer at (315,281) size 119x16 scrollWidth 248
  RenderBlock {DIV} at (0,0) size 119x16
    RenderText {#text} at (0,0) size 247x16
      text run at (0,0) width 247: "012345678901234567890123456789"
layer at (315,307) size 103x16 scrollWidth 248
  RenderBlock {DIV} at (0,0) size 103x16
    RenderText {#text} at (0,0) size 247x16
      text run at (0,0) width 247: "012345678901234567890123456789"
layer at (315,333) size 103x16
  RenderBlock {DIV} at (0,0) size 103x16
layer at (315,359) size 119x16 scrollWidth 248
  RenderBlock {DIV} at (0,0) size 119x16
    RenderText {#text} at (0,0) size 247x16
      text run at (0,0) width 247: "012345678901234567890123456789"
layer at (315,385) size 103x16 scrollWidth 248
  RenderBlock {DIV} at (0,0) size 103x16
    RenderText {#text} at (0,0) size 247x16
      text run at (0,0) width 247: "012345678901234567890123456789"
layer at (88,48) size 9x9 transparent
  RenderBlock {DIV} at (74,1) size 9x9
layer at (88,93) size 9x9 transparent
  RenderBlock {DIV} at (74,1) size 9x9
layer at (88,138) size 9x9 transparent
  RenderBlock {DIV} at (74,1) size 9x9
layer at (109,186) size 11x11 transparent
  RenderBlock {DIV} at (92,1.50) size 11x11
layer at (109,255) size 11x11 transparent
  RenderBlock {DIV} at (92,1.50) size 11x11
layer at (109,324) size 11x11 transparent
  RenderBlock {DIV} at (92,1.50) size 11x11
layer at (109,393) size 11x11 transparent
  RenderBlock {DIV} at (92,1.50) size 11x11
layer at (242,66) size 11x11 transparent
  RenderBlock {DIV} at (92,1.50) size 11x11
layer at (261,135) size 14x14 transparent
  RenderBlock {DIV} at (110,1) size 14x14
layer at (261,213) size 14x14 transparent
  RenderBlock {DIV} at (110,1) size 14x14
layer at (261,291) size 14x14 transparent
  RenderBlock {DIV} at (110,1) size 14x14
layer at (261,369) size 14x14 transparent
  RenderBlock {DIV} at (110,1) size 14x14
layer at (419,100) size 14x14 transparent
  RenderBlock {DIV} at (110,1) size 14x14
layer at (419,178) size 14x14 transparent
  RenderBlock {DIV} at (110,1) size 14x14
layer at (419,256) size 14x14 transparent
  RenderBlock {DIV} at (110,1) size 14x14
layer at (419,334) size 14x14 transparent
  RenderBlock {DIV} at (110,1) size 14x14
