layer at (0,0) size 800x600
  RenderView at (0,0) size 800x600
layer at (0,0) size 800x268
  RenderBlock {HTML} at (0,0) size 800x268
    RenderBody {BODY} at (8,16) size 784x244
      RenderBlock {P} at (0,0) size 784x20
        RenderText {#text} at (0,0) size 204x19
          text run at (0,0) width 204: "The word 'PASS' should be seen "
        RenderInline {EM} at (0,0) size 34x19
          RenderText {#text} at (204,0) size 34x19
            text run at (204,0) width 34: "twice"
        RenderText {#text} at (238,0) size 45x19
          text run at (238,0) width 45: " below."
layer at (8,52) size 272x208
  RenderBlock {DIV} at (0,36) size 272x208
    RenderMultiColumnSet at (0,0) size 272x208
layer at (8,52) size 80x456
  RenderMultiColumnFlowThread at (0,0) size 80x456
    RenderBlock (anonymous) at (0,0) size 80x368
      RenderBR {BR} at (0,6) size 0x19
      RenderBR {BR} at (0,38) size 0x19
      RenderBR {BR} at (0,70) size 0x19
      RenderBR {BR} at (0,102) size 0x19
      RenderBR {BR} at (0,134) size 0x19
      RenderBR {BR} at (0,166) size 0x19
      RenderBR {BR} at (0,214) size 0x19
      RenderBR {BR} at (0,246) size 0x19
      RenderBR {BR} at (0,278) size 0x19
      RenderBR {BR} at (0,310) size 0x19
      RenderBR {BR} at (0,342) size 0x19
layer at (0,52) size 800x128
  RenderBlock (positioned) {DIV} at (0,52) size 800x128 [bgcolor=#FFFF00]
layer at (16,428) size 64x72 transparent
  RenderBlock {DIV} at (8,376) size 64x72
    RenderText {#text} at (0,6) size 38x19
      text run at (0,6) width 38: "PASS"
    RenderBR {BR} at (38,6) size 0x19
    RenderText {#text} at (0,46) size 38x19
      text run at (0,46) width 38: "PASS"
