layer at (0,0) size 800x765
  RenderView at (0,0) size 800x600
layer at (0,0) size 800x765
  RenderBlock {HTML} at (0,0) size 800x765
    RenderBody {BODY} at (8,8) size 784x749
      RenderBlock {DIV} at (320,0) size 464x729
        RenderInline {B} at (0,0) size 439x241 [color=#0000FF]
          RenderText {#text} at (0,0) size 396x25
            text run at (0,0) width 396: "This test passes if no text is overlapping."
          RenderBR {BR} at (396,0) size 0x25
          RenderText {#text} at (0,27) size 439x214
            text run at (0,27) width 439: "Autosize Autosize Autosize Autosize Autosize"
            text run at (0,54) width 439: "Autosize Autosize Autosize Autosize Autosize"
            text run at (0,81) width 439: "Autosize Autosize Autosize Autosize Autosize"
            text run at (0,108) width 439: "Autosize Autosize Autosize Autosize Autosize"
            text run at (0,135) width 439: "Autosize Autosize Autosize Autosize Autosize"
            text run at (0,162) width 439: "Autosize Autosize Autosize Autosize Autosize"
            text run at (0,189) width 439: "Autosize Autosize Autosize Autosize Autosize"
            text run at (0,216) width 356: "Autosize Autosize Autosize Autosize "
        RenderInline {B} at (0,0) size 439x511
          RenderText {#text} at (356,216) size 439x484
            text run at (356,216) width 83: "Autosize"
            text run at (0,243) width 439: "Autosize Autosize Autosize Autosize Autosize"
            text run at (0,270) width 439: "Autosize Autosize Autosize Autosize Autosize"
            text run at (0,297) width 439: "Autosize Autosize Autosize Autosize Autosize"
            text run at (0,324) width 439: "Autosize Autosize Autosize Autosize Autosize"
            text run at (0,351) width 439: "Autosize Autosize Autosize Autosize Autosize"
            text run at (0,378) width 439: "Autosize Autosize Autosize Autosize Autosize"
            text run at (0,405) width 439: "Autosize Autosize Autosize Autosize Autosize"
            text run at (0,432) width 439: "Autosize Autosize Autosize Autosize Autosize"
            text run at (0,459) width 439: "Autosize Autosize Autosize Autosize Autosize"
            text run at (0,486) width 439: "Autosize Autosize Autosize Autosize Autosize"
            text run at (0,513) width 439: "Autosize Autosize Autosize Autosize Autosize"
            text run at (0,540) width 439: "Autosize Autosize Autosize Autosize Autosize"
            text run at (0,567) width 439: "Autosize Autosize Autosize Autosize Autosize"
            text run at (0,594) width 439: "Autosize Autosize Autosize Autosize Autosize"
            text run at (0,621) width 439: "Autosize Autosize Autosize Autosize Autosize"
            text run at (0,648) width 439: "Autosize Autosize Autosize Autosize Autosize"
            text run at (0,675) width 439: "Autosize Autosize Autosize Autosize Autosize"
          RenderInline {I} at (0,0) size 43x26
            RenderText {#text} at (0,702) size 43x26
              text run at (0,702) width 43: "test2"
          RenderText {#text} at (0,0) size 0x0
        RenderText {#text} at (0,0) size 0x0
      RenderBlock {DIV} at (0,729) size 784x20
        RenderInline {B} at (0,0) size 33x19
          RenderText {#text} at (0,0) size 33x19
            text run at (0,0) width 33: "test1"
