layer at (0,0) size 800x600
  RenderView at (0,0) size 800x600
layer at (0,0) size 800x408
  RenderBlock {HTML} at (0,0) size 800x408
    RenderBody {BODY} at (0,0) size 800x336
      RenderBlock {DIV} at (0,0) size 800x336
        RenderText {#text} at (0,1) size 790x334
          text run at (0,1) width 790: "This test verifies that FastTextAutosizer considers"
          text run at (0,49) width 702: "a list item (LI) to be \"text\" for the purpose of"
          text run at (0,97) width 769: "determining the deepest block containing all text"
          text run at (0,145) width 761: "(DBCAT). If this were not the case, the cluster's"
          text run at (0,193) width 755: "DBCAT would be the DIV inside the LI, which"
          text run at (0,241) width 752: "hasn't entered layout yet when the list marker is"
          text run at (0,289) width 661: "autosized (causing the autosizer to crash)."
      RenderBlock (floating) {UL} at (0,352) size 800x40
        RenderListItem {LI} at (40,0) size 760x40
          RenderBlock {DIV} at (0,0) size 760x40
            RenderListMarker at (-18,0) size 7x19: bullet
            RenderText {#text} at (0,0) size 757x39
              text run at (0,0) width 757: "List item list item list item list item list item list item list item list item list item list item list item list item list item list item list item list"
              text run at (0,20) width 368: "item list item list item list item list item list item list item list item"
