layer at (0,0) size 800x600
  RenderView at (0,0) size 800x600
layer at (0,0) size 800x600
  RenderBlock {HTML} at (0,0) size 800x600
    RenderBody {BODY} at (8,8) size 784x584
      RenderBlock {FORM} at (0,0) size 784x19
        RenderMenuList {SELECT} at (0,1) size 95x18 [bgcolor=#F8F8F8]
          RenderBlock (anonymous) at (0,0) size 95x18
            RenderText at (8,2) size 62x13
              text run at (8,2) width 62: "append cell"
        RenderText {#text} at (95,0) size 52x18
          text run at (95,0) width 52: "   tbody "
        RenderTextControl {INPUT} at (147,0) size 48x19 [bgcolor=#FFFFFF] [border: (2px inset #EEEEEE)]
        RenderText {#text} at (195,0) size 41x18
          text run at (195,0) width 41: "   row "
        RenderTextControl {INPUT} at (236,0) size 48x19 [bgcolor=#FFFFFF] [border: (2px inset #EEEEEE)]
        RenderText {#text} at (284,0) size 35x18
          text run at (284,0) width 35: "   col "
        RenderTextControl {INPUT} at (319,0) size 48x19 [bgcolor=#FFFFFF] [border: (2px inset #EEEEEE)]
        RenderText {#text} at (367,0) size 74x18
          text run at (367,0) width 74: "   row span "
        RenderTextControl {INPUT} at (441,0) size 48x19 [bgcolor=#FFFFFF] [border: (2px inset #EEEEEE)]
        RenderText {#text} at (489,0) size 68x18
          text run at (489,0) width 68: "   col span "
        RenderTextControl {INPUT} at (557,0) size 48x19 [bgcolor=#FFFFFF] [border: (2px inset #EEEEEE)]
        RenderText {#text} at (605,0) size 20x18
          text run at (605,0) width 20: "     "
        RenderButton {INPUT} at (625,1) size 41.77x18 [bgcolor=#C0C0C0]
          RenderBlock (anonymous) at (8,2.50) size 25.77x13
            RenderText {#text} at (0,0) size 26x13
              text run at (0,0) width 26: "Do It"
        RenderText {#text} at (0,0) size 0x0
      RenderBlock (anonymous) at (0,35) size 784x18
        RenderBR {BR} at (0,0) size 0x18
      RenderTable {TABLE} at (0,53) size 62x52 [bgcolor=#FFA500] [border: (1px outset #808080)]
        RenderTableSection {TBODY} at (1,1) size 60x50
          RenderTableRow {TR} at (0,2) size 60x22
            RenderTableCell {TD} at (2,2) size 27x22 [border: (1px inset #808080)] [r=0 c=0 rs=1 cs=1]
              RenderText {#text} at (2,2) size 23x18
                text run at (2,2) width 23: "c11"
          RenderTableRow {TR} at (0,26) size 60x22
            RenderTableCell {TD} at (2,26) size 27x22 [border: (1px inset #808080)] [r=1 c=0 rs=1 cs=1]
              RenderText {#text} at (2,2) size 23x18
                text run at (2,2) width 23: "c21"
            RenderTableCell {TD} at (31,26) size 27x22 [border: (1px inset #808080)] [r=1 c=1 rs=1 cs=1]
              RenderText {#text} at (2,2) size 23x18
                text run at (2,2) width 23: "c22"
      RenderBlock (anonymous) at (0,105) size 784x18
        RenderBR {BR} at (0,0) size 0x18
layer at (158,11) size 42x13
  RenderBlock {DIV} at (3,3) size 42x13
    RenderText {#text} at (0,0) size 7x13
      text run at (0,0) width 7: "0"
layer at (247,11) size 42x13
  RenderBlock {DIV} at (3,3) size 42x13
    RenderText {#text} at (0,0) size 7x13
      text run at (0,0) width 7: "0"
layer at (330,11) size 42x13
  RenderBlock {DIV} at (3,3) size 42x13
    RenderText {#text} at (0,0) size 7x13
      text run at (0,0) width 7: "0"
layer at (452,11) size 42x13
  RenderBlock {DIV} at (3,3) size 42x13
    RenderText {#text} at (0,0) size 7x13
      text run at (0,0) width 7: "1"
layer at (568,11) size 42x13
  RenderBlock {DIV} at (3,3) size 42x13
    RenderText {#text} at (0,0) size 7x13
      text run at (0,0) width 7: "1"
