layer at (0,0) size 800x600
  RenderView at (0,0) size 800x600
layer at (0,0) size 800x600
  RenderBlock {HTML} at (0,0) size 800x600
    RenderBody {BODY} at (8,8) size 784x584
      RenderBlock (anonymous) at (0,0) size 784x18
        RenderText {#text} at (0,0) size 224x18
          text run at (0,0) width 224: "These textfields should not overlap."
      RenderTable {TABLE} at (0,18) size 784x27
        RenderTableSection {TBODY} at (0,0) size 784x27
          RenderTableRow {TR} at (0,1) size 784x25
            RenderTableCell {TD} at (1,1) size 10x25 [r=0 c=0 rs=1 cs=1]
              RenderTextControl {INPUT} at (1,3) size 8x19 [bgcolor=#FFFFFF] [border: (2px inset #EEEEEE)]
                RenderFlexibleBox {DIV} at (4,3) size 0x13
                  RenderBlock {DIV} at (0,6.50) size 5x0
                  RenderBlock {DIV} at (5,0) size 0x13
            RenderTableCell {TD} at (12,1) size 10x25 [r=0 c=1 rs=1 cs=1]
              RenderTextControl {INPUT} at (1,3) size 8x19 [bgcolor=#FFFFFF] [border: (2px inset #EEEEEE)]
                RenderFlexibleBox {DIV} at (4,3) size 0x13
                  RenderBlock {DIV} at (0,6.50) size 5x0
                  RenderBlock {DIV} at (5,0) size 0x13
            RenderTableCell {TD} at (23,1) size 10x25 [r=0 c=2 rs=1 cs=1]
              RenderTextControl {INPUT} at (1,3) size 8x19 [bgcolor=#FFFFFF] [border: (2px inset #EEEEEE)]
                RenderFlexibleBox {DIV} at (4,3) size 0x13
                  RenderBlock {DIV} at (0,6.50) size 5x0
                  RenderBlock {DIV} at (5,0) size 0x13
            RenderTableCell {TD} at (34,3) size 749x20 [r=0 c=3 rs=1 cs=1]
              RenderText {#text} at (1,1) size 4x18
                text run at (1,1) width 4: " "
      RenderBlock (anonymous) at (0,45) size 784x36
        RenderBR {BR} at (0,0) size 0x18
        RenderBR {BR} at (0,18) size 0x18
      RenderTable {TABLE} at (0,81) size 784x27
        RenderTableSection {TBODY} at (0,0) size 784x27
          RenderTableRow {TR} at (0,1) size 784x25
            RenderTableCell {TD} at (1,1) size 10x25 [r=0 c=0 rs=1 cs=1]
              RenderTextControl {INPUT} at (1,3) size 8x19 [bgcolor=#FFFFFF] [border: (2px inset #EEEEEE)]
                RenderFlexibleBox {DIV} at (4,3) size 0x13
                  RenderBlock {DIV} at (0,0) size 16x13
                  RenderBlock {DIV} at (16,0) size 0x13
            RenderTableCell {TD} at (12,1) size 10x25 [r=0 c=1 rs=1 cs=1]
              RenderTextControl {INPUT} at (1,3) size 8x19 [bgcolor=#FFFFFF] [border: (2px inset #EEEEEE)]
                RenderFlexibleBox {DIV} at (4,3) size 0x13
                  RenderBlock {DIV} at (0,0) size 16x13
                  RenderBlock {DIV} at (16,0) size 0x13
            RenderTableCell {TD} at (23,1) size 10x25 [r=0 c=2 rs=1 cs=1]
              RenderTextControl {INPUT} at (1,3) size 8x19 [bgcolor=#FFFFFF] [border: (2px inset #EEEEEE)]
                RenderFlexibleBox {DIV} at (4,3) size 0x13
                  RenderBlock {DIV} at (0,0) size 16x13
                  RenderBlock {DIV} at (16,0) size 0x13
            RenderTableCell {TD} at (34,3) size 749x20 [r=0 c=3 rs=1 cs=1]
              RenderText {#text} at (1,1) size 4x18
                text run at (1,1) width 4: " "
layer at (20,34) size 11x11 transparent
  RenderBlock {DIV} at (6,1) size 11x11
layer at (31,34) size 11x11 transparent
  RenderBlock {DIV} at (6,1) size 11x11
layer at (42,34) size 11x11 transparent
  RenderBlock {DIV} at (6,1) size 11x11
layer at (31,97) size 11x11 transparent
  RenderBlock {DIV} at (17,1) size 11x11
layer at (42,97) size 11x11 transparent
  RenderBlock {DIV} at (17,1) size 11x11
layer at (53,97) size 11x11 transparent
  RenderBlock {DIV} at (17,1) size 11x11
