layer at (0,0) size 800x600
  RenderView at (0,0) size 800x600
layer at (0,0) size 800x600
  RenderBlock {HTML} at (0,0) size 800x600
    RenderBody {BODY} at (8,8) size 784x584
      RenderBlock (anonymous) at (0,0) size 784x16
        RenderText {#text} at (0,0) size 229x16
          text run at (0,0) width 229: "These textfields should not overlap."
      RenderTable {TABLE} at (0,16) size 784x23
        RenderTableSection {TBODY} at (0,0) size 784x23
          RenderTableRow {TR} at (0,1) size 784x21
            RenderTableCell {TD} at (1,1) size 8x21 [r=0 c=0 rs=1 cs=1]
              RenderTextControl {INPUT} at (1,1) size 6x19 [bgcolor=#FFFFFF] [border: (2px inset #EEEEEE)]
            RenderTableCell {TD} at (10,1) size 8x21 [r=0 c=1 rs=1 cs=1]
              RenderTextControl {INPUT} at (1,1) size 6x19 [bgcolor=#FFFFFF] [border: (2px inset #EEEEEE)]
            RenderTableCell {TD} at (19,1) size 8x21 [r=0 c=2 rs=1 cs=1]
              RenderTextControl {INPUT} at (1,1) size 6x19 [bgcolor=#FFFFFF] [border: (2px inset #EEEEEE)]
            RenderTableCell {TD} at (28,2) size 755x18 [r=0 c=3 rs=1 cs=1]
              RenderText {#text} at (1,1) size 4x16
                text run at (1,1) width 4: " "
      RenderBlock (anonymous) at (0,39) size 784x32
        RenderBR {BR} at (0,0) size 0x16
        RenderBR {BR} at (0,16) size 0x16
      RenderTable {TABLE} at (0,71) size 784x23
        RenderTableSection {TBODY} at (0,0) size 784x23
          RenderTableRow {TR} at (0,1) size 784x21
            RenderTableCell {TD} at (1,1) size 8x21 [r=0 c=0 rs=1 cs=1]
              RenderTextControl {INPUT} at (1,1) size 6x19 [bgcolor=#FFFFFF] [border: (2px inset #EEEEEE)]
            RenderTableCell {TD} at (10,1) size 8x21 [r=0 c=1 rs=1 cs=1]
              RenderTextControl {INPUT} at (1,1) size 6x19 [bgcolor=#FFFFFF] [border: (2px inset #EEEEEE)]
            RenderTableCell {TD} at (19,1) size 8x21 [r=0 c=2 rs=1 cs=1]
              RenderTextControl {INPUT} at (1,1) size 6x19 [bgcolor=#FFFFFF] [border: (2px inset #EEEEEE)]
            RenderTableCell {TD} at (28,2) size 755x18 [r=0 c=3 rs=1 cs=1]
              RenderText {#text} at (1,1) size 4x16
                text run at (1,1) width 4: " "
layer at (13,29) size 0x13 scrollWidth 49
  RenderBlock {DIV} at (3,3) size 0x13
    RenderText {#text} at (0,0) size 49x13
      text run at (0,0) width 49: "New Mail"
layer at (22,29) size 0x13 scrollWidth 30
  RenderBlock {DIV} at (3,3) size 0x13
    RenderText {#text} at (0,0) size 29x13
      text run at (0,0) width 29: "Reply"
layer at (31,29) size 0x13 scrollWidth 47
  RenderBlock {DIV} at (3,3) size 0x13
    RenderText {#text} at (0,0) size 47x13
      text run at (0,0) width 47: "Reply All"
layer at (13,84) size 0x13 scrollWidth 49
  RenderBlock {DIV} at (3,3) size 0x13
    RenderText {#text} at (0,0) size 49x13
      text run at (0,0) width 49: "New Mail"
layer at (22,84) size 0x13 scrollWidth 30
  RenderBlock {DIV} at (3,3) size 0x13
    RenderText {#text} at (0,0) size 29x13
      text run at (0,0) width 29: "Reply"
layer at (31,84) size 0x13 scrollWidth 47
  RenderBlock {DIV} at (3,3) size 0x13
    RenderText {#text} at (0,0) size 47x13
      text run at (0,0) width 47: "Reply All"
