layer at (0,0) size 785x1740
  RenderView at (0,0) size 785x600
layer at (0,0) size 785x1740
  RenderBlock {HTML} at (0,0) size 785x1739.95
    RenderBody {BODY} at (8,20) size 769x1699.95 [bgcolor=#A6A972]
      RenderBlock {DIV} at (83.50,0) size 602x1699.95 [bgcolor=#FDFDE9] [border: (1px solid #000000)]
        RenderBlock {DIV} at (1,31) size 600x70
        RenderBlock {DIV} at (1,114.33) size 600x1513.63
          RenderBlock {P} at (20,0) size 560x80 [color=#333333]
            RenderText {#text} at (0,2) size 537x35
              text run at (0,2) width 537: "We are trying to understand how UVic students perform Shakespeare related research for"
              text run at (0,22) width 272: "classes as well as for their own interest. The "
            RenderInline {A} at (0,0) size 179x15
              RenderText {#text} at (271,22) size 179x15
                text run at (271,22) width 179: "Internet Shakespeare Editions"
            RenderText {#text} at (449,22) size 553x55
              text run at (449,22) width 61: " are being"
              text run at (0,42) width 282: "developed for students as well as Shakespeare "
              text run at (281,42) width 272: "scholars world wide to better understand the"
              text run at (0,62) width 249: "man, his plays and our interpretations of "
              text run at (248,62) width 37: "them."
          RenderBlock {P} at (20,93.33) size 560x20 [color=#333333]
            RenderText {#text} at (0,2) size 475x15
              text run at (0,2) width 475: "Please take the time to carefully review and complete the following questions."
          RenderBlock {FORM} at (20,138.33) size 560x1341.97
            RenderBlock {H2} at (0,0) size 560x16 [color=#333333]
              RenderText {#text} at (0,0) size 202x16
                text run at (0,0) width 202: "PERSONAL INFORMATION"
            RenderBlock (floating) {SPAN} at (0,26) size 325x20 [color=#333333]
              RenderText {#text} at (0,2) size 70x15
                text run at (0,2) width 70: "Your Name*"
            RenderTextControl {INPUT} at (325,26) size 184x21 [bgcolor=#FFFFFF] [border: (2px inset #EEEEEE)]
            RenderBlock (floating) {SPAN} at (0,49) size 325x20 [color=#333333]
              RenderText {#text} at (0,2) size 124x15
                text run at (0,2) width 124: "Your e-mail address*"
            RenderTextControl {INPUT} at (325,49) size 184x21 [bgcolor=#FFFFFF] [border: (2px inset #EEEEEE)]
            RenderBlock (floating) {SPAN} at (0,72) size 325x20 [color=#333333]
              RenderText {#text} at (0,2) size 131x15
                text run at (0,2) width 131: "Your degree program*"
            RenderMenuList {SELECT} at (325,72) size 180x19 [bgcolor=#FFFFFF] [border: (1px solid #A9A9A9)]
              RenderBlock (anonymous) at (1,1) size 178x17
                RenderText at (4,1) size 98x15
                  text run at (4,1) width 98: "Program options"
            RenderBlock (floating) {SPAN} at (0,93) size 325x20 [color=#333333]
              RenderText {#text} at (0,2) size 115x15
                text run at (0,2) width 115: "Your year of study*"
            RenderMenuList {SELECT} at (325,93) size 180x19 [bgcolor=#FFFFFF] [border: (1px solid #A9A9A9)]
              RenderBlock (anonymous) at (1,1) size 178x17
                RenderText at (4,1) size 141x15
                  text run at (4,1) width 141: "Years you've been here"
            RenderBlock (floating) {SPAN} at (0,114) size 325x20 [color=#333333]
              RenderText {#text} at (0,2) size 157x15
                text run at (0,2) width 157: "Shakespeare classes taken"
            RenderMenuList {SELECT} at (325,114) size 180x19 [bgcolor=#FFFFFF] [border: (1px solid #A9A9A9)]
              RenderBlock (anonymous) at (1,1) size 178x17
                RenderText at (4,1) size 84x15
                  text run at (4,1) width 84: "Number taken"
            RenderBlock {P} at (0,146.33) size 560x20 [color=#333333]
              RenderText {#text} at (0,2) size 161x15
                text run at (0,2) width 161: "* indicates a required field"
            RenderBlock {H2} at (0,191.33) size 560x16 [color=#333333]
              RenderText {#text} at (0,0) size 298x16
                text run at (0,0) width 298: "SHAKESPEARE RESEARCH QUESTIONS"
            RenderBlock (floating) {SPAN} at (0,217.33) size 325x20 [color=#333333]
              RenderText {#text} at (0,2) size 286x35
                text run at (0,2) width 286: "What percentage of your research time is spent"
                text run at (0,22) width 42: "online?"
            RenderMenuList {SELECT} at (325,217.33) size 180x19 [bgcolor=#FFFFFF] [border: (1px solid #A9A9A9)]
              RenderBlock (anonymous) at (1,1) size 178x17
                RenderText at (4,1) size 119x15
                  text run at (4,1) width 119: "Percentages of time"
            RenderBlock (floating) {SPAN} at (0,238.33) size 325x20 [color=#333333]
              RenderText {#text} at (0,2) size 308x35
                text run at (0,2) width 308: "What is holding you back from doing more research"
                text run at (0,22) width 42: "online?"
            RenderMenuList {SELECT} at (325,238.33) size 180x19 [bgcolor=#FFFFFF] [border: (1px solid #A9A9A9)]
              RenderBlock (anonymous) at (1,1) size 178x17
                RenderText at (4,1) size 53x15
                  text run at (4,1) width 53: "Reasons"
            RenderBlock (floating) {SPAN} at (0,259.33) size 325x20 [color=#333333]
              RenderText {#text} at (0,2) size 228x15
                text run at (0,2) width 228: "Your research is primarily focused on:"
            RenderBlock {SPAN} at (325,259.33) size 180x22 [color=#333333]
              RenderBlock {INPUT} at (5,3) size 13x13 [color=#000000]
              RenderText {#text} at (21,4) size 33x15
                text run at (21,4) width 33: "Texts"
            RenderBlock {SPAN} at (325,281.33) size 180x22 [color=#333333]
              RenderBlock {INPUT} at (5,3) size 13x13 [color=#000000]
              RenderText {#text} at (21,4) size 137x15
                text run at (21,4) width 137: "Performance materials"
            RenderBlock {SPAN} at (325,303.33) size 180x22 [color=#333333]
              RenderBlock {INPUT} at (5,3) size 13x13 [color=#000000]
              RenderText {#text} at (21,4) size 22x15
                text run at (21,4) width 22: "n/a"
            RenderBlock {H2} at (0,350.33) size 560x16 [color=#333333]
              RenderText {#text} at (0,0) size 373x16
                text run at (0,0) width 373: "INTERNET SHAKESPEARE EDITIONS QUESTIONS"
            RenderBlock (floating) {SPAN} at (0,376.33) size 325x20 [color=#333333]
              RenderText {#text} at (0,2) size 312x15
                text run at (0,2) width 312: "Have you used UVic's Internet Shakespeare Editions?"
            RenderBlock {SPAN} at (325,376.33) size 180x22 [color=#333333]
              RenderText {#text} at (0,4) size 21x15
                text run at (0,4) width 21: "Yes"
              RenderBlock {INPUT} at (25.27,3) size 13x13 [color=#000000]
              RenderText {#text} at (41,4) size 20x15
                text run at (41,4) width 5: " "
                text run at (45,4) width 16: "No"
              RenderBlock {INPUT} at (65.94,3) size 13x13 [color=#000000]
              RenderText {#text} at (0,0) size 0x0
            RenderBlock {P} at (0,411.66) size 560x20 [color=#333333]
              RenderText {#text} at (0,2) size 388x15
                text run at (0,2) width 388: "-- If you answered no to this question, skip to the next section --"
            RenderBlock (floating) {SPAN} at (0,444.98) size 325x20 [color=#333333]
              RenderText {#text} at (0,2) size 282x15
                text run at (0,2) width 282: "Which area of the ISE did you find most useful?"
            RenderMenuList {SELECT} at (325,444.98) size 180x19 [bgcolor=#FFFFFF] [border: (1px solid #A9A9A9)]
              RenderBlock (anonymous) at (1,1) size 178x17
                RenderText at (4,1) size 114x15
                  text run at (4,1) width 114: "Sections of the ISE"
            RenderBlock (floating) {SPAN} at (0,465.98) size 325x20 [color=#333333]
              RenderText {#text} at (0,2) size 257x15
                text run at (0,2) width 257: "How did you find the navigation of the ISE?"
            RenderMenuList {SELECT} at (325,465.98) size 180x19 [bgcolor=#FFFFFF] [border: (1px solid #A9A9A9)]
              RenderBlock (anonymous) at (1,1) size 178x17
                RenderText at (4,1) size 99x15
                  text run at (4,1) width 99: "Level of difficulty"
            RenderBlock (floating) {SPAN} at (0,486.98) size 325x20 [color=#333333]
              RenderText {#text} at (0,2) size 213x15
                text run at (0,2) width 213: "Please describe your use of the ISE."
            RenderBlock {H2} at (0,640.98) size 560x16 [color=#333333]
              RenderText {#text} at (0,0) size 290x16
                text run at (0,0) width 290: "TOOLS IN DEVELOPMENT QUESTIONS"
            RenderBlock {P} at (0,670.31) size 560x60 [color=#333333]
              RenderText {#text} at (0,2) size 554x55
                text run at (0,2) width 463: "We are in the process of both making new material available and developing "
                text run at (462,2) width 75: "new tools to"
                text run at (0,22) width 393: "view and extrapolate information from Shakespeare's works. The "
                text run at (392,22) width 162: "following images are visual"
                text run at (0,42) width 353: "representations of some of the ideas being thrown around."
            RenderBlock {P} at (0,743.64) size 560x20 [color=#333333]
              RenderText {#text} at (0,2) size 347x15
                text run at (0,2) width 347: "Please review them carefully and provide feedback below"
            RenderBlock (floating) {SPAN} at (0,776.97) size 325x20 [color=#333333]
              RenderText {#text} at (0,2) size 149x15
                text run at (0,2) width 149: "Your comments on Fig. 1"
            RenderBlock (floating) {SPAN} at (0,907.97) size 325x20 [color=#333333]
              RenderText {#text} at (0,2) size 149x15
                text run at (0,2) width 149: "Your comments on Fig. 2"
            RenderBlock (floating) {SPAN} at (0,1038.97) size 325x20 [color=#333333]
              RenderText {#text} at (0,2) size 149x15
                text run at (0,2) width 149: "Your comments on Fig. 3"
            RenderBlock {H2} at (0,1189.97) size 560x16 [color=#333333]
              RenderText {#text} at (0,0) size 143x16
                text run at (0,0) width 143: "OTHER FEEDBACK"
            RenderBlock (floating) {SPAN} at (0,1215.97) size 325x20 [color=#333333]
              RenderText {#text} at (0,2) size 228x15
                text run at (0,2) width 228: "Please enter any other thoughts here."
          RenderBlock {P} at (20,1493.63) size 560x20 [color=#333333]
            RenderText {#text} at (0,2) size 237x15
              text run at (0,2) width 237: "Thank you for your time filling this out."
        RenderBlock {DIV} at (1,1647.95) size 600x51 [border: (1px dashed #A6A972) none]
          RenderBlock {SPAN} at (0,16) size 600x20 [color=#333333]
            RenderText {#text} at (245,2) size 110x15
              text run at (245,2) width 110: "\x{A9}2003 Kevin Davis"
layer at (440,302) size 180x15
  RenderBlock {DIV} at (2,3) size 180x15
layer at (440,325) size 180x15
  RenderBlock {DIV} at (2,3) size 180x15
layer at (113,783) size 506x106 clip at (114,784) size 504x104
  RenderTextControl {TEXTAREA} at (0,509.98) size 506x106 [bgcolor=#FFFFFF] [border: (1px solid #A9A9A9)]
    RenderBlock {DIV} at (3,3) size 500x15
layer at (113,1070) size 506x106 clip at (114,1071) size 504x104
  RenderTextControl {TEXTAREA} at (0,796.97) size 506x106 [bgcolor=#FFFFFF] [border: (1px solid #A9A9A9)]
    RenderBlock {DIV} at (3,3) size 500x15
layer at (113,1201) size 506x106 clip at (114,1202) size 504x104
  RenderTextControl {TEXTAREA} at (0,927.97) size 506x106 [bgcolor=#FFFFFF] [border: (1px solid #A9A9A9)]
    RenderBlock {DIV} at (3,3) size 500x15
layer at (113,1332) size 506x106 clip at (114,1333) size 504x104
  RenderTextControl {TEXTAREA} at (0,1058.97) size 506x106 [bgcolor=#FFFFFF] [border: (1px solid #A9A9A9)]
    RenderBlock {DIV} at (3,3) size 500x15
layer at (113,1509) size 506x106 clip at (114,1510) size 504x104
  RenderTextControl {TEXTAREA} at (0,1235.97) size 506x106 [bgcolor=#FFFFFF] [border: (1px solid #A9A9A9)]
    RenderBlock {DIV} at (3,3) size 500x15
