layer at (0,0) size 800x600
  RenderView at (0,0) size 800x600
layer at (0,0) size 800x143
  RenderBlock {HTML} at (0,0) size 800x143
    RenderBody {BODY} at (8,8) size 784x127
      RenderBlock (anonymous) at (0,0) size 784x20
        RenderInline {SPAN} at (0,0) size 605x19
          RenderText {#text} at (0,0) size 605x19
            text run at (0,0) width 605: "Test for crbug.com/335285: On OS Mac, Options of a multiple select are shifted right in RTL mode."
        RenderText {#text} at (0,0) size 0x0
      RenderBlock {DIV} at (0,20) size 784x107
        RenderListBox {SELECT} at (584,2) size 200x103 [bgcolor=#FFFFFF] [border: (1px solid #A9A9A9)]
        RenderText {#text} at (0,0) size 0x0
