layer at (0,0) size 800x600
  RenderView at (0,0) size 800x600
layer at (0,0) size 800x600
  RenderBlock {HTML} at (0,0) size 800x600
    RenderBody {BODY} at (8,8) size 784x584
      RenderBlock {DIV} at (10,10) size 121x106 [border: (21px none #000000) (30px none #000000) (21px none #000000)]
      RenderText {#text} at (141,111) size 4x19
        text run at (141,111) width 4: " "
      RenderBlock {DIV} at (155,10) size 121x106 [border: (21px none #000000) (30px none #000000) (21px none #000000)]
      RenderText {#text} at (286,111) size 4x19
        text run at (286,111) width 4: " "
      RenderBlock {DIV} at (300,10) size 121x106 [border: (21px none #000000) (30px none #000000) (21px none #000000)]
      RenderText {#text} at (431,111) size 4x19
        text run at (431,111) width 4: " "
      RenderBR {BR} at (0,0) size 0x0
      RenderBlock {DIV} at (10,139) size 121x106 [border: (21px none #000000) (30px none #000000) (21px none #000000)]
      RenderText {#text} at (141,240) size 4x19
        text run at (141,240) width 4: " "
      RenderBlock {DIV} at (155,139) size 121x106 [border: (21px none #000000) (30px none #000000) (21px none #000000)]
      RenderText {#text} at (286,240) size 4x19
        text run at (286,240) width 4: " "
      RenderBlock {DIV} at (300,139) size 121x106 [border: (21px none #000000) (30px none #000000) (21px none #000000)]
      RenderText {#text} at (431,240) size 4x19
        text run at (431,240) width 4: " "
      RenderBR {BR} at (0,0) size 0x0
      RenderBlock {DIV} at (10,268) size 121x106 [border: (21px none #000000) (30px none #000000) (21px none #000000)]
      RenderText {#text} at (141,369) size 4x19
        text run at (141,369) width 4: " "
      RenderBlock {DIV} at (155,268) size 121x106 [border: (21px none #000000) (30px none #000000) (21px none #000000)]
      RenderText {#text} at (286,369) size 4x19
        text run at (286,369) width 4: " "
      RenderBlock {DIV} at (300,268) size 121x106 [border: (21px none #000000) (30px none #000000) (21px none #000000)]
      RenderText {#text} at (0,0) size 0x0
