layer at (0,0) size 800x600
  RenderView at (0,0) size 800x600
layer at (0,0) size 800x407
  RenderBlock {HTML} at (0,0) size 800x407
    RenderBody {BODY} at (8,16) size 784x375 [color=#0000FF]
      RenderBlock {P} at (0,0) size 784x108
        RenderText {#text} at (0,0) size 29x18
          text run at (0,0) width 29: "The "
        RenderInline {STRONG} at (0,0) size 55x18
          RenderText {#text} at (29,0) size 55x18
            text run at (29,0) width 55: "first line"
        RenderText {#text} at (84,0) size 300x18
          text run at (84,0) width 204: " of this paragraph, and only that "
          text run at (288,0) width 96: "one, should be "
        RenderInline {STRONG} at (0,0) size 38x18
          RenderText {#text} at (384,0) size 38x18
            text run at (384,0) width 38: "green"
        RenderText {#text} at (422,0) size 780x108
          text run at (422,0) width 178: ". If this precise combination "
          text run at (600,0) width 180: "does not occur, then the user"
          text run at (0,18) width 230: "agent has failed this test. Remember "
          text run at (230,18) width 385: "that in order to ensure a complete test, the paragraph must be "
          text run at (615,18) width 147: "displayed on more than"
          text run at (0,36) width 288: "one line. Dummy text. Dummy text. Dummy "
          text run at (288,36) width 462: "text. Dummy text. Dummy text. Dummy text. Dummy text. Dummy text."
          text run at (0,54) width 491: "Dummy text. Dummy text. Dummy text. Dummy text. Dummy text. Dummy "
          text run at (491,54) width 288: "text. Dummy text. Dummy text. Dummy text."
          text run at (0,72) width 174: "Dummy text. Dummy text. "
          text run at (174,72) width 491: "Dummy text. Dummy text. Dummy text. Dummy text. Dummy text. Dummy "
          text run at (665,72) width 114: "text. Dummy text."
          text run at (0,90) width 170: "Dummy text. Dummy text."
      RenderBlock {P} at (0,124) size 784x127
        RenderText {#text} at (0,0) size 58x37
          text run at (0,0) width 58: "The "
        RenderInline {STRONG} at (0,0) size 115x37
          RenderText {#text} at (58,0) size 115x37
            text run at (58,0) width 115: "first line"
        RenderText {#text} at (173,0) size 774x55
          text run at (173,0) width 416: " of this paragraph, and only that "
          text run at (589,0) width 185: "one, should be"
          text run at (0,37) width 11: "a "
        RenderInline {STRONG} at (0,0) size 41x18
          RenderText {#text} at (11,37) size 41x18
            text run at (11,37) width 41: "larger"
        RenderText {#text} at (52,37) size 126x18
          text run at (52,37) width 126: " font size as well as "
        RenderInline {STRONG} at (0,0) size 38x18
          RenderText {#text} at (178,37) size 38x18
            text run at (178,37) width 38: "green"
        RenderText {#text} at (216,37) size 779x90
          text run at (216,37) width 278: ". If this precise combination does not occur, "
          text run at (494,37) width 237: "then the user agent has failed this test."
          text run at (0,55) width 169: "Remember that in order to "
          text run at (169,55) width 409: "ensure a complete test, the paragraph must be displayed on more "
          text run at (578,55) width 172: "than one line. Dummy text."
          text run at (0,73) width 261: "Dummy text. Dummy text. Dummy text. "
          text run at (261,73) width 491: "Dummy text. Dummy text. Dummy text. Dummy text. Dummy text. Dummy "
          text run at (752,73) width 27: "text."
          text run at (0,91) width 435: "Dummy text. Dummy text. Dummy text. Dummy text. Dummy text. "
          text run at (435,91) width 344: "Dummy text. Dummy text. Dummy text. Dummy text."
          text run at (0,109) width 143: "Dummy text. Dummy "
          text run at (143,109) width 466: "text. Dummy text. Dummy text. Dummy text. Dummy text. Dummy text. "
          text run at (609,109) width 170: "Dummy text. Dummy text."
      RenderBlock {P} at (0,267) size 784x108
        RenderText {#text} at (0,0) size 29x18
          text run at (0,0) width 29: "The "
        RenderInline {STRONG} at (0,0) size 66x18
          RenderText {#text} at (28,0) size 66x18
            text run at (28,0) width 66: "first line"
        RenderText {#text} at (93,0) size 406x18
          text run at (93,0) width 225: " of this paragraph, and only that "
          text run at (317,0) width 182: "one, should be displayed in "
        RenderInline {STRONG} at (0,0) size 75x18
          RenderText {#text} at (498,0) size 75x18
            text run at (498,0) width 75: "small-caps"
        RenderText {#text} at (572,0) size 116x18
          text run at (572,0) width 62: " style as "
          text run at (633,0) width 55: "well as "
        RenderInline {STRONG} at (0,0) size 40x18
          RenderText {#text} at (687,0) size 40x18
            text run at (687,0) width 40: "green"
        RenderText {#text} at (726,0) size 779x108
          text run at (726,0) width 46: ". Thus,"
          text run at (0,18) width 145: "if the first line is not in "
          text run at (145,18) width 341: "small-caps style, or if the entire paragraph turns out in "
          text run at (486,18) width 282: "small-caps, then the user agent has failed this"
          text run at (0,36) width 116: "test. Dummy text. "
          text run at (116,36) width 491: "Dummy text. Dummy text. Dummy text. Dummy text. Dummy text. Dummy "
          text run at (607,36) width 170: "text. Dummy text. Dummy"
          text run at (0,54) width 292: "text. Dummy text. Dummy text. Dummy text. "
          text run at (292,54) width 487: "Dummy text. Dummy text. Dummy text. Dummy text. Dummy text. Dummy"
          text run at (0,72) width 466: "text. Dummy text. Dummy text. Dummy text. Dummy text. Dummy text. "
          text run at (466,72) width 313: "Dummy text. Dummy text. Dummy text. Dummy"
          text run at (0,90) width 114: "text. Dummy text."
