layer at (0,0) size 800x600 clip at (0,0) size 800x585 scrollWidth 802
  RenderView at (0,0) size 800x600
layer at (0,0) size 800x28
  RenderBlock {HTML} at (0,0) size 800x28
    RenderBody {BODY} at (8,-2) size 784x32
      RenderBlock {P} at (-10,0) size 804x32 [color=#000080]
        RenderBR {BR} at (0,0) size 0x16
        RenderText {#text} at (0,16) size 300x16
          text run at (0,16) width 300: "  This page should have a horizontal scroll bar."
