layer at (0,0) size 785x614
  RenderView at (0,0) size 785x600
layer at (0,0) size 785x614
  RenderBlock {HTML} at (0,0) size 785x614
    RenderBody {BODY} at (8,32) size 769x550
      RenderBlock {P} at (32,0) size 705x122 [color=#000080]
        RenderText {#text} at (0,7) size 678x115
          text run at (0,7) width 678: "\x{21E9} The following blue box should be exactly half the"
          text run at (0,48) width 81: "width "
          text run at (81,48) width 560: "of the viewport, on the left of the 50% ruler"
          text run at (0,85) width 74: "mark."
      RenderBlock (floating) {DIV} at (0,154) size 384.50x342 [color=#FFFFFF] [bgcolor=#0000FF]
        RenderText {#text} at (0,0) size 384x342
          text run at (0,0) width 384: "ignore this float text ignore this float text ignore this"
          text run at (0,18) width 42: "float "
          text run at (42,18) width 342: "text ignore this float text ignore this float text"
          text run at (0,36) width 78: "ignore this "
          text run at (78,36) width 306: "float text ignore this float text ignore this"
          text run at (0,54) width 125: "float text ignore "
          text run at (125,54) width 259: "this float text ignore this float text"
          text run at (0,72) width 155: "ignore this float text "
          text run at (155,72) width 229: "ignore this float text ignore this"
          text run at (0,90) width 198: "float text ignore this float "
          text run at (198,90) width 186: "text ignore this float text"
          text run at (0,108) width 234: "ignore this float text ignore this "
          text run at (234,108) width 150: "float text ignore this"
          text run at (0,126) width 281: "float text ignore this float text ignore "
          text run at (281,126) width 103: "this float text"
          text run at (0,144) width 311: "ignore this float text ignore this float text "
          text run at (311,144) width 73: "ignore this"
          text run at (0,162) width 355: "float text ignore this float text ignore this float "
          text run at (355,162) width 29: "text"
          text run at (0,180) width 384: "ignore this float text ignore this float text ignore this"
          text run at (0,198) width 384: "float text ignore this float text ignore this float text"
          text run at (0,216) width 47: "ignore "
          text run at (47,216) width 337: "this float text ignore this float text ignore this"
          text run at (0,234) width 77: "float text "
          text run at (77,234) width 307: "ignore this float text ignore this float text"
          text run at (0,252) width 120: "ignore this float "
          text run at (120,252) width 264: "text ignore this float text ignore this"
          text run at (0,270) width 156: "float text ignore this "
          text run at (156,270) width 228: "float text ignore this float text"
          text run at (0,288) width 203: "ignore this float text ignore "
          text run at (203,288) width 181: "this float text ignore this"
          text run at (0,306) width 233: "float text ignore this float text "
          text run at (233,306) width 151: "ignore this float text"
          text run at (0,324) width 259: "ignore this float text ignore this float"
      RenderBlock {DIV} at (0,154) size 769x288 [color=#C0C0C0]
        RenderText {#text} at (0,0) size 769x288
          text run at (0,0) width 453: "this is some dummy text this is some dummy text this is some dummy "
          text run at (453,0) width 316: "text this is some dummy text this is some dummy"
          text run at (0,18) width 111: "text this is some "
          text run at (111,18) width 459: "dummy text this is some dummy text this is some dummy text this is "
          text run at (570,18) width 199: "some dummy text this is some"
          text run at (0,36) width 244: "dummy text this is some dummy text "
          text run at (244,36) width 459: "this is some dummy text this is some dummy text this is some dummy "
          text run at (703,36) width 66: "text this is"
          text run at (0,54) width 352: "some dummy text this is some dummy text this is some "
          text run at (352,54) width 417: "dummy text this is some dummy text this is some dummy text this"
          text run at (0,72) width 14: "is "
          text run at (14,72) width 439: "some dummy text this is some dummy text this is some dummy text "
          text run at (453,72) width 316: "this is some dummy text this is some dummy text"
          text run at (0,90) width 132: "this is some dummy "
          text run at (132,90) width 428: "text this is some dummy text this is some dummy text this is some "
          text run at (560,90) width 209: "dummy text this is some dummy"
          text run at (0,108) width 238: "text this is some dummy text this is "
          text run at (238,108) width 454: "some dummy text this is some dummy text this is some dummy text "
          text run at (692,108) width 77: "this is some"
          text run at (0,126) width 378: "dummy text this is some dummy text this is some dummy "
          text run at (378,126) width 391: "text this is some dummy text this is some dummy text this is"
          text run at (0,144) width 37: "some "
          text run at (37,144) width 435: "dummy text this is some dummy text this is some dummy text this is "
          text run at (472,144) width 297: "some dummy text this is some dummy text this"
          text run at (0,162) width 133: "is some dummy text "
          text run at (133,162) width 452: "this is some dummy text this is some dummy text this is some dummy "
          text run at (585,162) width 184: "text this is some dummy text"
          text run at (0,180) width 239: "this is some dummy text this is some "
          text run at (239,180) width 444: "dummy text this is some dummy text this is some dummy text this is "
          text run at (683,180) width 86: "some dummy"
          text run at (0,198) width 360: "text this is some dummy text this is some dummy text "
          text run at (360,198) width 409: "this is some dummy text this is some dummy text this is some"
          text run at (0,216) width 53: "dummy "
          text run at (53,216) width 434: "text this is some dummy text this is some dummy text this is some "
          text run at (487,216) width 282: "dummy text this is some dummy text this is"
          text run at (0,234) width 157: "some dummy text this is "
          text run at (157,234) width 432: "some dummy text this is some dummy text this is some dummy text "
          text run at (589,234) width 180: "this is some dummy text this"
          text run at (0,252) width 265: "is some dummy text this is some dummy "
          text run at (265,252) width 428: "text this is some dummy text this is some dummy text this is some "
          text run at (693,252) width 76: "dummy text"
          text run at (0,270) width 352: "this is some dummy text this is some dummy text this is "
          text run at (352,270) width 268: "some dummy text this is some dummy text"
      RenderBlock {P} at (32,474) size 705x76 [color=#000080]
        RenderText {#text} at (19,0) size 686x76
          text run at (19,0) width 686: "The above gray text should flow around the blue box."
          text run at (673,39) width 32: "\x{21E7}"
