layer at (0,0) size 800x600
  RenderView at (0,0) size 800x600
layer at (0,0) size 800x119
  RenderBlock {HTML} at (0,0) size 800x119.19
    RenderBody {BODY} at (8,9.59) size 784x100 [color=#000080]
      RenderBlock {P} at (0,0) size 784x100
        RenderText {#text} at (0,7) size 423x10
          text run at (0,7) width 423: "This test should be about 10px, sans-serif, and light. There should be about 15px between each line. "
        RenderInline {SPAN} at (0,0) size 773x85 [color=#C0C0C0]
          RenderText {#text} at (423,7) size 773x85
            text run at (423,7) width 299: "dummy text dummy text dummy text dummy text dummy text dummy "
            text run at (722,7) width 50: "text dummy"
            text run at (0,32) width 265: "text dummy text dummy text dummy text dummy text dummy "
            text run at (265,32) width 318: "text dummy text dummy text dummy text dummy text dummy text dummy "
            text run at (583,32) width 175: "text dummy text dummy text dummy text"
            text run at (0,57) width 140: "dummy text dummy text dummy "
            text run at (140,57) width 318: "text dummy text dummy text dummy text dummy text dummy text dummy "
            text run at (458,57) width 315: "text dummy text dummy text dummy text dummy text dummy text dummy"
            text run at (0,82) width 318: "text dummy text dummy text dummy text dummy text dummy text dummy "
            text run at (318,82) width 281: "text dummy text dummy text dummy text dummy text dummy text"
        RenderText {#text} at (0,0) size 0x0
