layer at (0,0) size 800x600
  RenderView at (0,0) size 800x600
layer at (0,0) size 800x201
  RenderBlock {HTML} at (0,0) size 800x201
    RenderBody {BODY} at (8,16) size 784x177
      RenderBlock {P} at (0,0) size 784x20
        RenderText {#text} at (0,0) size 560x19
          text run at (0,0) width 560: "The select list box should not display items (options and optgroups) with style \"display: none\"."
      RenderBlock (anonymous) at (0,36) size 784x141
        RenderListBox {SELECT} at (2,19) size 56x120 [bgcolor=#FFFFFF] [border: (1px solid #A9A9A9)]
        RenderText {#text} at (60,119) size 4x19
          text run at (60,119) width 4: " "
        RenderListBox {SELECT} at (66,19) size 65x120 [bgcolor=#FFFFFF] [border: (1px solid #A9A9A9)]
        RenderText {#text} at (133,119) size 4x19
          text run at (133,119) width 4: " "
        RenderListBox {SELECT} at (139,19) size 65x120 [bgcolor=#FFFFFF] [border: (1px solid #A9A9A9)]
        RenderText {#text} at (206,119) size 4x19
          text run at (206,119) width 4: " "
        RenderListBox {SELECT} at (212,2) size 56x137 [bgcolor=#FFFFFF] [border: (1px solid #A9A9A9)]
        RenderText {#text} at (270,119) size 4x19
          text run at (270,119) width 4: " "
        RenderListBox {SELECT} at (276,2) size 56x137 [bgcolor=#FFFFFF] [border: (1px solid #A9A9A9)]
        RenderText {#text} at (334,119) size 4x19
          text run at (334,119) width 4: " "
        RenderListBox {SELECT} at (340,2) size 63x137 [bgcolor=#FFFFFF] [border: (1px solid #A9A9A9)]
        RenderText {#text} at (0,0) size 0x0
        RenderText {#text} at (0,0) size 0x0
