layer at (0,0) size 800x600
  RenderView at (0,0) size 800x600
layer at (0,0) size 800x204
  RenderBlock {HTML} at (0,0) size 800x204
    RenderBody {BODY} at (8,16) size 784x180
      RenderBlock {P} at (0,0) size 784x20
        RenderText {#text} at (0,0) size 624x19
          text run at (0,0) width 624: "There should be a yellow box in the second column, and the word 'PASS' should be in the third column."
layer at (8,52) size 272x144
  RenderBlock {DIV} at (0,36) size 272x144
    RenderMultiColumnSet at (0,0) size 272x144
layer at (8,52) size 80x272
  RenderMultiColumnFlowThread at (0,0) size 80x272
    RenderBlock (anonymous) at (0,0) size 80x240
      RenderBR {BR} at (0,6) size 0x19
      RenderBR {BR} at (0,38) size 0x19
      RenderBR {BR} at (0,70) size 0x19
      RenderBR {BR} at (0,102) size 0x19
      RenderBR {BR} at (0,150) size 0x19
      RenderBR {BR} at (0,182) size 0x19
      RenderBR {BR} at (0,214) size 0x19
layer at (0,52) size 800x144
  RenderBlock (positioned) {DIV} at (0,52) size 800x144 [bgcolor=#00FFFF]
layer at (8,292) size 80x32
  RenderBlock (relative positioned) zI: 2 {DIV} at (0,240) size 80x32 [bgcolor=#FFFF00]
    RenderBlock (anonymous) at (0,0) size 80x80
      RenderBR {BR} at (0,6) size 0x19
      RenderBR {BR} at (0,54) size 0x19
layer at (16,380) size 64x32 transparent
  RenderBlock {DIV} at (8,88) size 64x32
    RenderText {#text} at (0,6) size 38x19
      text run at (0,6) width 38: "PASS"
