layer at (0,0) size 800x600
  RenderView at (0,0) size 800x600
layer at (0,0) size 800x320
  RenderBlock {HTML} at (0,0) size 800x320
    RenderBody {BODY} at (8,16) size 784x296
      RenderBlock {P} at (0,0) size 784x20
        RenderText {#text} at (0,0) size 355x19
          text run at (0,0) width 355: "Test layers which are fully contained within a single column."
      RenderBlock (anonymous) at (0,36) size 784x20
        RenderText {#text} at (0,0) size 31x19
          text run at (0,0) width 31: "LTR:"
      RenderBlock (anonymous) at (0,166) size 784x20
        RenderText {#text} at (0,0) size 31x19
          text run at (0,0) width 31: "RTL:"
layer at (8,72) size 310x110
  RenderBlock {DIV} at (0,56) size 310x110 [border: (5px solid #800000)]
    RenderMultiColumnSet at (5,5) size 300x100
layer at (13,77) size 100x280
  RenderMultiColumnFlowThread at (5,5) size 100x280
    RenderText {#text} at (0,0) size 28x19
      text run at (0,0) width 28: "line1"
    RenderBR {BR} at (28,0) size 0x19
    RenderText {#text} at (0,20) size 28x19
      text run at (0,20) width 28: "line2"
    RenderBR {BR} at (28,20) size 0x19
    RenderText {#text} at (0,40) size 28x19
      text run at (0,40) width 28: "line3"
    RenderBR {BR} at (28,40) size 0x19
    RenderText {#text} at (0,60) size 28x19
      text run at (0,60) width 28: "line4"
    RenderBR {BR} at (28,60) size 0x19
    RenderText {#text} at (0,80) size 28x19
      text run at (0,80) width 28: "line5"
    RenderBR {BR} at (28,80) size 0x19
    RenderText {#text} at (0,100) size 28x19
      text run at (0,100) width 28: "line6"
    RenderBR {BR} at (28,100) size 0x19
    RenderBlock {DIV} at (0,125) size 16x10 [bgcolor=#008000]
    RenderText {#text} at (16,120) size 32x19
      text run at (16,120) width 32: " line7"
    RenderBR {BR} at (48,120) size 0x19
    RenderText {#text} at (0,140) size 28x19
      text run at (0,140) width 28: "line8"
    RenderBR {BR} at (28,140) size 0x19
    RenderBR {BR} at (51,160) size 0x19
    RenderText {#text} at (0,180) size 36x19
      text run at (0,180) width 36: "line10"
    RenderBR {BR} at (36,180) size 0x19
    RenderText {#text} at (0,200) size 36x19
      text run at (0,200) width 36: "line11"
    RenderBR {BR} at (36,200) size 0x19
    RenderText {#text} at (0,220) size 36x19
      text run at (0,220) width 36: "line12"
    RenderBR {BR} at (36,220) size 0x19
    RenderBR {BR} at (60,240) size 0x19
    RenderText {#text} at (0,260) size 36x19
      text run at (0,260) width 36: "line14"
layer at (8,202) size 310x110
  RenderBlock {DIV} at (0,186) size 310x110 [border: (5px solid #800000)]
    RenderMultiColumnSet at (5,5) size 300x100
layer at (213,207) size 100x280
  RenderMultiColumnFlowThread at (205,5) size 100x280
    RenderText {#text} at (72,0) size 28x19
      text run at (72,0) width 28: "line1"
    RenderBR {BR} at (72,0) size 0x19
    RenderText {#text} at (72,20) size 28x19
      text run at (72,20) width 28: "line2"
    RenderBR {BR} at (72,20) size 0x19
    RenderText {#text} at (72,40) size 28x19
      text run at (72,40) width 28: "line3"
    RenderBR {BR} at (72,40) size 0x19
    RenderText {#text} at (72,60) size 28x19
      text run at (72,60) width 28: "line4"
    RenderBR {BR} at (72,60) size 0x19
    RenderText {#text} at (72,80) size 28x19
      text run at (72,80) width 28: "line5"
    RenderBR {BR} at (72,80) size 0x19
    RenderText {#text} at (72,100) size 28x19
      text run at (72,100) width 28: "line6"
    RenderBR {BR} at (72,100) size 0x19
    RenderBlock {DIV} at (84,125) size 16x10 [bgcolor=#008000]
    RenderText {#text} at (52,120) size 32x19
      text run at (52,120) width 28: "line7"
      text run at (80,120) width 4 RTL: " "
    RenderBR {BR} at (52,120) size 0x19
    RenderText {#text} at (72,140) size 28x19
      text run at (72,140) width 28: "line8"
    RenderBR {BR} at (72,140) size 0x19
    RenderBR {BR} at (49,160) size 0x19
    RenderText {#text} at (64,180) size 36x19
      text run at (64,180) width 36: "line10"
    RenderBR {BR} at (64,180) size 0x19
    RenderText {#text} at (64,200) size 36x19
      text run at (64,200) width 36: "line11"
    RenderBR {BR} at (64,200) size 0x19
    RenderText {#text} at (64,220) size 36x19
      text run at (64,220) width 36: "line12"
    RenderBR {BR} at (64,220) size 0x19
    RenderBR {BR} at (40,240) size 0x19
    RenderText {#text} at (64,260) size 36x19
      text run at (64,260) width 36: "line14"
layer at (13,73) size 51x19
  RenderInline (relative positioned) {SPAN} at (0,0) size 51x19 [color=#008000]
    RenderText {#text} at (0,160) size 51x19
      text run at (0,160) width 51: "relative9"
layer at (13,77) size 60x19 transparent
  RenderInline {SPAN} at (0,0) size 60x19 [color=#008000]
    RenderText {#text} at (0,240) size 60x19
      text run at (0,240) width 60: "opacity13"
layer at (213,203) size 51x19
  RenderInline (relative positioned) {SPAN} at (0,0) size 51x19 [color=#008000]
    RenderText {#text} at (49,160) size 51x19
      text run at (49,160) width 51: "relative9"
layer at (213,207) size 60x19 transparent
  RenderInline {SPAN} at (0,0) size 60x19 [color=#008000]
    RenderText {#text} at (40,240) size 60x19
      text run at (40,240) width 60: "opacity13"
