layer at (0,0) size 800x600
  RenderView at (0,0) size 800x600
layer at (0,0) size 800x241
  RenderBlock {HTML} at (0,0) size 800x241
    RenderBody {BODY} at (8,8) size 784x225
      RenderTextControl {INPUT} at (4,4) size 124x22 [bgcolor=#FFFFFF] [border: (2px inset #EEEEEE)]
      RenderText {#text} at (132,5) size 4x19
        text run at (132,5) width 4: " "
      RenderBR {BR} at (136,5) size 0x19
      RenderTextControl {INPUT} at (4,34) size 126x24 [bgcolor=#FFFFFF] [border: (3px solid #00FF00)]
      RenderText {#text} at (134,36) size 4x19
        text run at (134,36) width 4: " "
      RenderTextControl {INPUT} at (142,35) size 124x22 [bgcolor=#FFFFFF] [border: (2px inset #EEEEEE)]
      RenderText {#text} at (270,36) size 4x19
        text run at (270,36) width 4: " "
      RenderBR {BR} at (274,36) size 0x19
      RenderTextControl {INPUT} at (4,66) size 124x22 [border: (2px inset #EEEEEE)]
      RenderText {#text} at (132,67) size 4x19
        text run at (132,67) width 4: " "
      RenderBR {BR} at (136,67) size 0x19
      RenderTextControl {INPUT} at (4,96) size 124x22 [bgcolor=#FFFFFF] [border: (2px inset #EEEEEE)]
      RenderText {#text} at (132,97) size 4x19
        text run at (132,97) width 4: " "
      RenderBR {BR} at (136,97) size 0x19
      RenderTextControl {INPUT} at (4,132) size 144x25 [bgcolor=#FFFFFF] [border: (2px inset #EEEEEE)]
      RenderText {#text} at (152,135) size 4x19
        text run at (152,135) width 4: " "
      RenderTextControl {INPUT} at (160,128) size 184x30 [bgcolor=#FFFFFF] [border: (2px inset #EEEEEE)]
      RenderText {#text} at (348,135) size 4x19
        text run at (348,135) width 4: " "
      RenderTextControl {INPUT} at (356,126) size 224x34 [bgcolor=#FFFFFF] [border: (2px inset #EEEEEE)]
      RenderText {#text} at (584,135) size 4x19
        text run at (584,135) width 4: " "
      RenderBR {BR} at (588,135) size 0x19
      RenderTextControl {INPUT} at (6,181) size 186x33 [bgcolor=#FFFFFF] [border: (3px inset #EEEEEE)]
      RenderText {#text} at (198,189) size 4x19
        text run at (198,189) width 4: " "
      RenderTextControl {INPUT} at (210,172) size 248x45 [bgcolor=#FFFFFF] [border: (4px inset #EEEEEE)]
      RenderText {#text} at (466,189) size 4x19
        text run at (466,189) width 4: " "
      RenderBR {BR} at (470,189) size 0x19
layer at (14,15) size 120x16
  RenderBlock {DIV} at (2,3) size 120x16
    RenderText {#text} at (0,0) size 17x16
      text run at (0,0) width 17: "foo"
layer at (15,46) size 120x16
  RenderBlock {DIV} at (3,4) size 120x16
    RenderText {#text} at (0,0) size 17x16
      text run at (0,0) width 17: "foo"
layer at (152,46) size 120x16
  RenderBlock {DIV} at (2,3) size 120x16
    RenderText {#text} at (0,0) size 17x16
      text run at (0,0) width 17: "foo"
layer at (14,77) size 120x16
  RenderBlock {DIV} at (2,3) size 120x16
    RenderText {#text} at (0,0) size 17x16
      text run at (0,0) width 17: "foo"
layer at (14,107) size 120x16
  RenderBlock {DIV} at (2,3) size 120x16
    RenderText {#text} at (0,0) size 17x16
      text run at (0,0) width 17: "foo"
layer at (14,143) size 140x19
  RenderBlock {DIV} at (2,3) size 140x19
    RenderText {#text} at (0,0) size 22x18
      text run at (0,0) width 22: "foo"
layer at (170,139) size 180x24
  RenderBlock {DIV} at (2,3) size 180x24
    RenderText {#text} at (0,0) size 28x23
      text run at (0,0) width 28: "foo"
layer at (366,137) size 220x28
  RenderBlock {DIV} at (2,3) size 220x28
    RenderText {#text} at (0,0) size 33x27
      text run at (0,0) width 33: "foo"
layer at (17,194) size 180x24
  RenderBlock {DIV} at (3,4.50) size 180x24
    RenderText {#text} at (0,0) size 28x23
      text run at (0,0) width 28: "foo"
layer at (222,186) size 240x33
  RenderBlock {DIV} at (4,6) size 240x33
    RenderText {#text} at (0,0) size 37x32
      text run at (0,0) width 37: "foo"
