layer at (0,0) size 800x600
  RenderView at (0,0) size 800x600
layer at (0,0) size 800x312
  RenderBlock {HTML} at (0,0) size 800x312
    RenderBody {BODY} at (8,16) size 784x280
      RenderBlock {P} at (0,0) size 784x21
        RenderTextControl {INPUT} at (611,0) size 173x21 [bgcolor=#FFFFFF] [border: (2px inset #EEEEEE)]
          RenderFlexibleBox {DIV} at (2,3) size 169x15
            RenderBlock {DIV} at (15,0) size 154x15
        RenderText {#text} at (0,0) size 0x0
      RenderBlock {P} at (0,37) size 784x21
        RenderTextControl {INPUT} at (611,0) size 173x21 [bgcolor=#FFFFFF] [border: (2px inset #EEEEEE)]
          RenderFlexibleBox {DIV} at (2,3) size 169x15
            RenderBlock {DIV} at (15,0) size 154x15
        RenderText {#text} at (0,0) size 0x0
      RenderBlock {P} at (0,74) size 784x21
        RenderTextControl {INPUT} at (0,0) size 173x21 [bgcolor=#FFFFFF] [border: (2px inset #EEEEEE)]
          RenderFlexibleBox {DIV} at (2,3) size 169x15
            RenderBlock {DIV} at (15,0) size 154x15
        RenderText {#text} at (0,0) size 0x0
      RenderBlock {P} at (0,111) size 784x21
        RenderTextControl {INPUT} at (0,0) size 173x21 [bgcolor=#FFFFFF] [border: (2px inset #EEEEEE)]
          RenderFlexibleBox {DIV} at (2,3) size 169x15
            RenderBlock {DIV} at (15,0) size 154x15
            RenderBlock {DIV} at (0,0) size 15x15
        RenderText {#text} at (0,0) size 0x0
        RenderText {#text} at (0,0) size 0x0
      RenderBlock {P} at (0,148) size 784x21
        RenderTextControl {INPUT} at (0,0) size 173x21 [bgcolor=#FFFFFF] [border: (2px inset #EEEEEE)]
          RenderFlexibleBox {DIV} at (2,3) size 169x15
            RenderBlock {DIV} at (0,0) size 154x15
        RenderText {#text} at (0,0) size 0x0
      RenderBlock {P} at (0,185) size 784x21
        RenderTextControl {INPUT} at (0,0) size 173x21 [bgcolor=#FFFFFF] [border: (2px inset #EEEEEE)]
          RenderFlexibleBox {DIV} at (2,3) size 169x15
            RenderBlock {DIV} at (0,0) size 154x15
        RenderText {#text} at (0,0) size 0x0
        RenderText {#text} at (0,0) size 0x0
      RenderBlock {P} at (0,222) size 784x21
        RenderTextControl {INPUT} at (0,0) size 173x21 [bgcolor=#FFFFFF] [border: (2px inset #EEEEEE)]
          RenderFlexibleBox {DIV} at (2,3) size 169x15
            RenderBlock {DIV} at (15,0) size 154x15
        RenderText {#text} at (0,0) size 0x0
      RenderBlock {P} at (0,259) size 784x21
        RenderTextControl {INPUT} at (0,0) size 173x21 [bgcolor=#FFFFFF] [border: (2px inset #EEEEEE)]
          RenderFlexibleBox {DIV} at (2,3) size 169x15
            RenderBlock {DIV} at (15,0) size 154x15
        RenderText {#text} at (0,0) size 0x0
        RenderText {#text} at (0,0) size 0x0
layer at (636,19) size 154x15
  RenderBlock {DIV} at (0,0) size 154x15
    RenderText {#text} at (146,0) size 8x15
      text run at (146,0) width 8: "1"
layer at (636,56) size 154x15
  RenderBlock {DIV} at (0,0) size 154x15
    RenderText {#text} at (146,0) size 8x15
      text run at (146,0) width 8: "2"
layer at (25,93) size 154x15
  RenderBlock {DIV} at (0,0) size 154x15
    RenderText {#text} at (146,0) size 8x15
      text run at (146,0) width 8: "3"
layer at (25,130) size 154x15
  RenderBlock {DIV} at (0,0) size 154x15
    RenderText {#text} at (124,0) size 30x15
      text run at (124,0) width 30: "1234"
layer at (10,167) size 154x15
  RenderBlock {DIV} at (0,0) size 154x15
    RenderText {#text} at (0,0) size 8x15
      text run at (0,0) width 8: "5"
layer at (10,204) size 154x15
  RenderBlock {DIV} at (0,0) size 154x15
    RenderText {#text} at (0,0) size 8x15
      text run at (0,0) width 8: "6"
layer at (25,241) size 154x15
  RenderBlock {DIV} at (0,0) size 154x15
    RenderText {#text} at (146,0) size 8x15
      text run at (146,0) width 8: "7"
layer at (25,278) size 154x15
  RenderBlock {DIV} at (0,0) size 154x15
    RenderText {#text} at (146,0) size 8x15
      text run at (146,0) width 8: "8"
layer at (621,19) size 15x15 transparent
  RenderBlock {DIV} at (0,0) size 15x15
layer at (621,56) size 15x15 transparent
  RenderBlock {DIV} at (0,0) size 15x15
layer at (10,93) size 15x15 transparent
  RenderBlock {DIV} at (0,0) size 15x15
layer at (164,167) size 15x15 transparent
  RenderBlock {DIV} at (154,0) size 15x15
layer at (164,204) size 15x15 transparent
  RenderBlock {DIV} at (154,0) size 15x15
layer at (10,241) size 15x15 transparent
  RenderBlock {DIV} at (0,0) size 15x15
layer at (10,278) size 15x15 transparent
  RenderBlock {DIV} at (0,0) size 15x15
caret: position 4 of child 0 {#text} of child 0 {DIV} of child 0 {DIV} of child 0 {DIV} of {#document-fragment} of child 0 {INPUT} of child 6 {P} of body
