layer at (0,0) size 800x600
  RenderView at (0,0) size 800x600
layer at (0,0) size 800x58
  RenderBlock {HTML} at (0,0) size 800x58
    RenderBody {BODY} at (8,8) size 784x42
      RenderBR {BR} at (173,1) size 0x17
      RenderTextControl {INPUT} at (0,21) size 173x21 [bgcolor=#FFFFFF] [border: (2px inset #EEEEEE)]
        RenderFlexibleBox {DIV} at (2,3) size 169x15
          RenderBlock {DIV} at (0,0) size 154x15
      RenderText {#text} at (0,0) size 0x0
layer at (10,32) size 154x15
  RenderBlock {DIV} at (0,0) size 154x15
    RenderText {#text} at (0,0) size 15x15
      text run at (0,0) width 15: "10"
layer at (8,8) size 173x21 transparent
  RenderTextControl {INPUT} at (0,0) size 173x21 [bgcolor=#FFFFFF] [border: (2px inset #EEEEEE)]
    RenderFlexibleBox {DIV} at (2,3) size 169x15
      RenderBlock {DIV} at (0,0) size 154x15
layer at (10,11) size 154x15
  RenderBlock {DIV} at (0,0) size 154x15
    RenderText {#text} at (0,0) size 15x15
      text run at (0,0) width 15: "10"
layer at (164,11) size 15x15 transparent
  RenderBlock {DIV} at (154,0) size 15x15
layer at (164,32) size 15x15 transparent
  RenderBlock {DIV} at (154,0) size 15x15
