layer at (0,0) size 800x600
  RenderView at (0,0) size 800x600
layer at (0,0) size 800x316
  RenderBlock {HTML} at (0,0) size 800x316.03
    RenderBody {BODY} at (8,19.91) size 784x280.13
      RenderBlock {H2} at (0,0) size 784x28
        RenderInline {A} at (0,0) size 59x28 [color=#0000EE]
          RenderText {#text} at (0,0) size 59x28
            text run at (0,0) width 59: "srcset"
        RenderText {#text} at (59,0) size 186x28
          text run at (59,0) width 186: " testcases for SVG"
      RenderBlock {DIV} at (0,47.91) size 784x232.22 [border: (1px solid #808080)]
        RenderBlock {H3} at (17,35.72) size 750x22
          RenderText {#text} at (0,0) size 370x22
            text run at (0,0) width 370: "Canvas SVG without explicit dimensions - 1x"
        RenderBlock (floating) {DIV} at (550.22,76.44) size 216.78x138.78 [bgcolor=#EEEEEE] [border: (1px solid #CCCCCC)]
          RenderText {#text} at (7,7) size 56x18
            text run at (7,7) width 56: "expected"
          RenderBR {BR} at (63,7) size 0x18
          RenderImage {IMG} at (7,25.39) size 202x102 [border: (1px solid #000000)]
          RenderText {#text} at (0,0) size 0x0
        RenderBlock (floating) {DIV} at (317.44,76.44) size 216.78x138.78 [bgcolor=#EEEEEE] [border: (1px solid #CCCCCC)]
          RenderText {#text} at (7,7) size 37x18
            text run at (7,7) width 37: "actual"
          RenderBR {BR} at (44,7) size 0x18
          RenderHTMLCanvas {CANVAS} at (7,25.39) size 202x102 [border: (1px solid #000000)]
          RenderText {#text} at (0,0) size 0x0
        RenderBlock (anonymous) at (17,76.44) size 750x138.78
          RenderText {#text} at (0,0) size 279x54
            text run at (0,0) width 279: "This test should show an SVG image drawn"
            text run at (0,18) width 277: "into a canvas. The canvas and image should"
            text run at (0,36) width 275: "look the same and both should be 200x100."
          RenderBR {BR} at (275,36) size 0x18
          RenderBlock {CODE} at (0,68) size 0x0
          RenderText {#text} at (0,54) size 4x18
            text run at (0,54) width 4: " "
          RenderBR {BR} at (4,54) size 0x18
