layer at (0,0) size 785x1102
  RenderView at (0,0) size 785x600
layer at (0,0) size 785x1102
  RenderBlock {HTML} at (0,0) size 785x1101.69
    RenderBody {BODY} at (8,19.91) size 769x1065.78
      RenderBlock {H2} at (0,0) size 769x28
        RenderInline {A} at (0,0) size 59x28 [color=#0000EE]
          RenderText {#text} at (0,0) size 59x28
            text run at (0,0) width 59: "srcset"
        RenderText {#text} at (59,0) size 186x28
          text run at (59,0) width 186: " testcases for SVG"
      RenderBlock {DIV} at (0,47.91) size 769x276.22 [border: (1px solid #808080)]
        RenderBlock {H3} at (17,35.72) size 735x22
          RenderText {#text} at (0,0) size 304x22
            text run at (0,0) width 304: "PNG without explicit dimensions - 1x"
        RenderBlock (floating) {DIV} at (535.22,76.44) size 216.78x138.78 [bgcolor=#EEEEEE] [border: (1px solid #CCCCCC)]
          RenderText {#text} at (7,7) size 56x18
            text run at (7,7) width 56: "expected"
          RenderBR {BR} at (63,7) size 0x18
          RenderImage {IMG} at (7,25.39) size 202x102 [border: (1px solid #000000)]
          RenderText {#text} at (0,0) size 0x0
        RenderBlock (floating) {DIV} at (302.44,76.44) size 216.78x138.78 [bgcolor=#EEEEEE] [border: (1px solid #CCCCCC)]
          RenderText {#text} at (7,7) size 37x18
            text run at (7,7) width 37: "actual"
          RenderBR {BR} at (44,7) size 0x18
          RenderImage {IMG} at (7,25.39) size 202x102 [border: (1px solid #000000)]
          RenderText {#text} at (0,0) size 0x0
        RenderBlock (anonymous) at (17,76.44) size 735x182.78
          RenderText {#text} at (0,0) size 269x90
            text run at (0,0) width 244: "This test should show a PNG image of"
            text run at (0,18) width 244: "size 200x100, and intrinsic/natural size"
            text run at (0,36) width 269: "200x100. The left half of the image should"
            text run at (0,54) width 269: "be red and there should be a black circle in"
            text run at (0,72) width 65: "the center."
          RenderBR {BR} at (65,72) size 0x18
          RenderBlock {CODE} at (0,151.78) size 440x30
            RenderText {#text} at (0,0) size 384x15
              text run at (0,0) width 384: "image stats: size(200,100), naturalSize(200,100)"
            RenderBR {BR} at (384,0) size 0x15
            RenderText {#text} at (0,15) size 440x15
              text run at (0,15) width 440: "image codes: <img id=\"png1\" src=\"resources/srcset.png\">"
          RenderText {#text} at (440,164) size 4x19
            text run at (440,164) width 4: " "
          RenderText {#text} at (0,0) size 0x0
          RenderBR {BR} at (444,164) size 0x19
      RenderBlock {DIV} at (0,340.13) size 769x226.22 [border: (1px solid #808080)]
        RenderBlock {H3} at (17,35.72) size 735x22
          RenderText {#text} at (0,0) size 277x22
            text run at (0,0) width 277: "PNG with explicit dimensions - 1x"
        RenderBlock (floating) {DIV} at (635.22,76.44) size 116.78x88.78 [bgcolor=#EEEEEE] [border: (1px solid #CCCCCC)]
          RenderText {#text} at (7,7) size 56x18
            text run at (7,7) width 56: "expected"
          RenderBR {BR} at (63,7) size 0x18
          RenderImage {IMG} at (7,25.39) size 102x52 [border: (1px solid #000000)]
          RenderText {#text} at (0,0) size 0x0
        RenderBlock (floating) {DIV} at (502.44,76.44) size 116.78x88.78 [bgcolor=#EEEEEE] [border: (1px solid #CCCCCC)]
          RenderText {#text} at (7,7) size 37x18
            text run at (7,7) width 37: "actual"
          RenderBR {BR} at (44,7) size 0x18
          RenderImage {IMG} at (7,25.39) size 102x52 [border: (1px solid #000000)]
          RenderText {#text} at (0,0) size 0x0
        RenderBlock (anonymous) at (17,76.44) size 735x132.78
          RenderText {#text} at (0,0) size 459x54
            text run at (0,0) width 456: "This test should show a PNG image of size 100x50, and intrinsic/natural"
            text run at (0,18) width 459: "size 100x50. The left half of the image should be red and there should be"
            text run at (0,36) width 168: "a black circle in the center."
          RenderBR {BR} at (168,36) size 0x18
          RenderBlock {CODE} at (0,101.78) size 632x30
            RenderText {#text} at (0,0) size 376x15
              text run at (0,0) width 376: "image stats: size(100,50), naturalSize(200,100)"
            RenderBR {BR} at (376,0) size 0x15
            RenderText {#text} at (0,15) size 632x15
              text run at (0,15) width 632: "image codes: <img id=\"png2\" src=\"resources/srcset.png\" width=\"100\" height=\"50\">"
          RenderText {#text} at (632,114) size 4x19
            text run at (632,114) width 4: " "
          RenderText {#text} at (0,0) size 0x0
          RenderBR {BR} at (636,114) size 0x19
      RenderBlock {DIV} at (0,582.34) size 769x226.22 [border: (1px solid #808080)]
        RenderBlock {H3} at (17,35.72) size 735x22
          RenderText {#text} at (0,0) size 304x22
            text run at (0,0) width 304: "PNG without explicit dimensions - 2x"
        RenderBlock (floating) {DIV} at (635.22,76.44) size 116.78x88.78 [bgcolor=#EEEEEE] [border: (1px solid #CCCCCC)]
          RenderText {#text} at (7,7) size 56x18
            text run at (7,7) width 56: "expected"
          RenderBR {BR} at (63,7) size 0x18
          RenderImage {IMG} at (7,25.39) size 102x52 [border: (1px solid #000000)]
          RenderText {#text} at (0,0) size 0x0
        RenderBlock (floating) {DIV} at (502.44,76.44) size 116.78x88.78 [bgcolor=#EEEEEE] [border: (1px solid #CCCCCC)]
          RenderText {#text} at (7,7) size 37x18
            text run at (7,7) width 37: "actual"
          RenderBR {BR} at (44,7) size 0x18
          RenderImage {IMG} at (7,25.39) size 102x52 [border: (1px solid #000000)]
          RenderText {#text} at (0,0) size 0x0
        RenderBlock (anonymous) at (17,76.44) size 735x132.78
          RenderText {#text} at (0,0) size 459x54
            text run at (0,0) width 456: "This test should show a PNG image of size 100x50, and intrinsic/natural"
            text run at (0,18) width 459: "size 100x50. The left half of the image should be red and there should be"
            text run at (0,36) width 168: "a black circle in the center."
          RenderBR {BR} at (168,36) size 0x18
          RenderBlock {CODE} at (0,101.78) size 544x30
            RenderText {#text} at (0,0) size 376x15
              text run at (0,0) width 376: "image stats: size(100,50), naturalSize(200,100)"
            RenderBR {BR} at (376,0) size 0x15
            RenderText {#text} at (0,15) size 544x15
              text run at (0,15) width 544: "image codes: <img id=\"png3\" src=\"\" srcset=\"resources/srcset.png 2x\">"
          RenderText {#text} at (544,114) size 4x19
            text run at (544,114) width 4: " "
          RenderText {#text} at (0,0) size 0x0
          RenderBR {BR} at (548,114) size 0x19
      RenderBlock {DIV} at (0,824.56) size 769x241.22 [border: (1px solid #808080)]
        RenderBlock {H3} at (17,35.72) size 735x22
          RenderText {#text} at (0,0) size 277x22
            text run at (0,0) width 277: "PNG with explicit dimensions - 4x"
        RenderBlock (floating) {DIV} at (635.22,76.44) size 116.78x88.78 [bgcolor=#EEEEEE] [border: (1px solid #CCCCCC)]
          RenderText {#text} at (7,7) size 56x18
            text run at (7,7) width 56: "expected"
          RenderBR {BR} at (63,7) size 0x18
          RenderImage {IMG} at (7,25.39) size 102x52 [border: (1px solid #000000)]
          RenderText {#text} at (0,0) size 0x0
        RenderBlock (floating) {DIV} at (502.44,76.44) size 116.78x88.78 [bgcolor=#EEEEEE] [border: (1px solid #CCCCCC)]
          RenderText {#text} at (7,7) size 37x18
            text run at (7,7) width 37: "actual"
          RenderBR {BR} at (44,7) size 0x18
          RenderImage {IMG} at (7,25.39) size 102x52 [border: (1px solid #000000)]
          RenderText {#text} at (0,0) size 0x0
        RenderBlock (anonymous) at (17,76.44) size 735x147.78
          RenderText {#text} at (0,0) size 462x54
            text run at (0,0) width 456: "This test should show a PNG image of size 100x50, and intrinsic/natural"
            text run at (0,18) width 462: "size 50x25. The left half of the image should be red and there should be a"
            text run at (0,36) width 157: "black circle in the center."
          RenderBR {BR} at (157,36) size 0x18
          RenderBlock {CODE} at (0,101.78) size 735x45
            RenderText {#text} at (0,0) size 376x15
              text run at (0,0) width 376: "image stats: size(100,50), naturalSize(200,100)"
            RenderBR {BR} at (376,0) size 0x15
            RenderText {#text} at (0,15) size 632x30
              text run at (0,15) width 632: "image codes: <img id=\"png4\" src=\"\" srcset=\"resources/srcset.png 4x\" width=\"100\""
              text run at (0,30) width 96: "height=\"50\">"
          RenderText {#text} at (0,0) size 0x0
          RenderText {#text} at (0,0) size 0x0
          RenderBR {BR} at (0,0) size 0x0
