layer at (0,0) size 800x600
  RenderView at (0,0) size 800x600
layer at (0,0) size 800x87
  RenderBlock {HTML} at (0,0) size 800x87
    RenderBody {BODY} at (8,16) size 784x55
      RenderBlock {UL} at (0,0) size 784x55
        RenderListItem {LI} at (40,0) size 744x55
          RenderBlock {FORM} at (0,0) size 744x21
            RenderBlock {P} at (0,0) size 744x21
              RenderListMarker at (-17,1) size 7x17: bullet
              RenderTextControl {INPUT} at (0,0) size 313x21 [bgcolor=#FFFFFF] [border: (2px inset #EEEEEE)]
              RenderText {#text} at (0,0) size 0x0
          RenderBlock {P} at (0,37) size 744x18
            RenderText {#text} at (0,0) size 340x17
              text run at (0,0) width 340: "There should be an input field above this line of text."
layer at (50,19) size 309x15
  RenderBlock {DIV} at (2,3) size 309x15
    RenderText {#text} at (0,0) size 62x15
      text run at (0,0) width 62: "blah blubb"
