layer at (0,0) size 800x600
  RenderView at (0,0) size 800x600
layer at (0,0) size 800x585
  RenderBlock {HTML} at (0,0) size 800x585
    RenderBody {BODY} at (0,0) size 800x584
      RenderBlock {DIV} at (0,0) size 600x36
        RenderText {#text} at (0,0) size 293x14
          text run at (0,0) width 293: "Table autosizing tests - fixed-table-single-cell-lots-of-text.html"
        RenderBR {BR} at (293,0) size 0x14
        RenderText {#text} at (0,14) size 552x14
          text run at (0,14) width 552: "This test passes if there is a one cell with lots of text that's autosized, and five single-word cells that are not autosized."
      RenderTable {TABLE} at (1,37) size 798x547 [border: none]
        RenderTableSection {TBODY} at (0,0) size 797x546
          RenderTableRow {TR} at (0,0) size 797x39
            RenderTableCell {TD} at (0,11) size 26x17 [bgcolor=#F0FFF0] [border: (1px dotted #006400)] [r=0 c=0 rs=1 cs=1]
              RenderText {#text} at (2,2) size 23x14
                text run at (2,2) width 23: "hello"
            RenderTableCell {TD} at (26,0) size 745x39 [bgcolor=#F0FFF0] [border: (1px dotted #006400)] [r=0 c=1 rs=1 cs=1]
              RenderText {#text} at (2,2) size 59x36
                text run at (2,2) width 59: "hello"
            RenderTableCell {TD} at (771,11) size 26x17 [bgcolor=#F0FFF0] [border: (1px dotted #006400)] [r=0 c=2 rs=1 cs=1]
              RenderText {#text} at (2,2) size 23x14
                text run at (2,2) width 23: "hello"
          RenderTableRow {TR} at (0,39) size 797x507
            RenderTableCell {TD} at (0,284) size 26x17 [bgcolor=#F0FFF0] [border: (1px dotted #006400)] [r=1 c=0 rs=1 cs=1]
              RenderText {#text} at (2,2) size 23x14
                text run at (2,2) width 23: "hello"
            RenderTableCell {TD} at (26,39) size 745x507 [bgcolor=#F0FFF0] [border: (1px dotted #006400)] [r=1 c=1 rs=1 cs=1]
              RenderText {#text} at (2,2) size 729x504
                text run at (2,2) width 729: "hello hello hello hello hello hello hello hello hello hello hello"
                text run at (2,38) width 729: "hello hello hello hello hello hello hello hello hello hello hello"
                text run at (2,74) width 729: "hello hello hello hello hello hello hello hello hello hello hello"
                text run at (2,110) width 729: "hello hello hello hello hello hello hello hello hello hello hello"
                text run at (2,146) width 729: "hello hello hello hello hello hello hello hello hello hello hello"
                text run at (2,182) width 729: "hello hello hello hello hello hello hello hello hello hello hello"
                text run at (2,218) width 729: "hello hello hello hello hello hello hello hello hello hello hello"
                text run at (2,254) width 729: "hello hello hello hello hello hello hello hello hello hello hello"
                text run at (2,290) width 729: "hello hello hello hello hello hello hello hello hello hello hello"
                text run at (2,326) width 729: "hello hello hello hello hello hello hello hello hello hello hello"
                text run at (2,362) width 729: "hello hello hello hello hello hello hello hello hello hello hello"
                text run at (2,398) width 729: "hello hello hello hello hello hello hello hello hello hello hello"
                text run at (2,434) width 729: "hello hello hello hello hello hello hello hello hello hello hello"
                text run at (2,470) width 595: "hello hello hello hello hello hello hello hello hello"
            RenderTableCell {TD} at (771,284) size 26x17 [bgcolor=#F0FFF0] [border: (1px dotted #006400)] [r=1 c=2 rs=1 cs=1]
              RenderText {#text} at (2,2) size 23x14
                text run at (2,2) width 23: "hello"
