layer at (0,0) size 800x600
  RenderView at (0,0) size 800x600
layer at (0,0) size 800x153
  RenderBlock {HTML} at (0,0) size 800x153
    RenderBody {BODY} at (0,0) size 800x152
      RenderBlock {DIV} at (0,0) size 600x36
        RenderText {#text} at (0,0) size 235x14
          text run at (0,0) width 235: "Table autosizing tests - wide-specified-width.html"
        RenderBR {BR} at (235,0) size 0x14
        RenderText {#text} at (0,14) size 458x14
          text run at (0,14) width 458: "This test passes if the cell with lots of text is autosized and none of the other 5 cells are autosized."
      RenderTable {TABLE} at (1,37) size 500x115 [border: none]
        RenderTableSection {TBODY} at (0,0) size 499x114
          RenderTableRow {TR} at (0,0) size 499x21
            RenderTableCell {TD} at (0,2) size 26x17 [bgcolor=#F0FFF0] [border: (1px dotted #006400)] [r=0 c=0 rs=1 cs=1]
              RenderText {#text} at (2,2) size 23x14
                text run at (2,2) width 23: "hello"
            RenderTableCell {TD} at (26,0) size 447x21 [bgcolor=#F0FFF0] [border: (1px dotted #006400)] [r=0 c=1 rs=1 cs=1]
              RenderText {#text} at (2,2) size 36x18
                text run at (2,2) width 36: "hello"
            RenderTableCell {TD} at (473,2) size 26x17 [bgcolor=#F0FFF0] [border: (1px dotted #006400)] [r=0 c=2 rs=1 cs=1]
              RenderText {#text} at (2,2) size 23x14
                text run at (2,2) width 23: "hello"
          RenderTableRow {TR} at (0,21) size 499x93
            RenderTableCell {TD} at (0,59) size 26x17 [bgcolor=#F0FFF0] [border: (1px dotted #006400)] [r=1 c=0 rs=1 cs=1]
              RenderText {#text} at (2,2) size 23x14
                text run at (2,2) width 23: "hello"
            RenderTableCell {TD} at (26,21) size 447x93 [bgcolor=#F0FFF0] [border: (1px dotted #006400)] [r=1 c=1 rs=1 cs=1]
              RenderText {#text} at (2,2) size 440x90
                text run at (2,2) width 440: "hello hello hello hello hello hello hello hello hello hello hello hello"
                text run at (2,20) width 440: "hello hello hello hello hello hello hello hello hello hello hello hello"
                text run at (2,38) width 440: "hello hello hello hello hello hello hello hello hello hello hello hello"
                text run at (2,56) width 440: "hello hello hello hello hello hello hello hello hello hello hello hello"
                text run at (2,74) width 144: "hello hello hello hello"
            RenderTableCell {TD} at (473,59) size 26x17 [bgcolor=#F0FFF0] [border: (1px dotted #006400)] [r=1 c=2 rs=1 cs=1]
              RenderText {#text} at (2,2) size 23x14
                text run at (2,2) width 23: "hello"
